Проверка среды CampaignEnv...
Среда прошла проверку!
[INFO] Comet disabled, running without experiment tracking
Создание 12 параллельных сред (subproc)...
Инициализация MaskablePPO...
Using cpu device

============================================================
Запуск обучения Campaign Agent
Всего шагов: 1,000,000
Параллельных сред: 12
VecEnv: subproc
VecEnv start method: forkserver
Seed: 133
Checkpoint каждые: 500,000 шагов
Evaluation каждые: 83,334 шагов
Eval deterministic эпизодов: 20
Eval stochastic эпизодов: 0
Eval лимит шагов на эпизод: 5000
Campaign map: builder
Campaign objective: build_all
System resources at training start:
  Platform: Linux 6.17.0-1022-azure (x86_64)
  Python: 3.14.7
  PyTorch: 2.13.0+cpu
  Training device: cpu
  CPU model: AMD EPYC 9V74 80-Core Processor
  CPU vendor: AuthenticAMD
  Logical CPUs visible: 4
  Process CPU affinity: 4
  Sockets: 1
  Cores per socket: 2
  Threads per core: 2
  CPU max MHz: unknown
  CPU min MHz: unknown
  L1d cache: 64 KiB (2 instances)
  L1i cache: 64 KiB (2 instances)
  L2 cache: 2 MiB (2 instances)
  L3 cache: 32 MiB (1 instance)
  Virtualization: AMD-V
  Hypervisor: Microsoft
  RAM total: 15.61 GiB
  RAM available at start: 13.94 GiB
  Disk total: 144.26 GiB
  Disk free at start: 77.05 GiB
  Torch intra-op threads: 4
  Torch inter-op threads: 2
  OMP_NUM_THREADS: 4
  MKL_NUM_THREADS: 4
  OPENBLAS_NUM_THREADS: 4
  GitHub runner OS: Linux
  GitHub runner architecture: X64
  GitHub runner environment: github-hosted
PPO n_steps: 2,048
PPO batch_size: 512
PPO n_epochs: 5
PPO learning_rate: 0.0003
PPO clip_range: 0.2
PPO ent_coef: 0.01
PPO gamma: 0.995
PPO gae_lambda: 0.95
PPO target_kl: disabled
PPO gradient batches per rollout: 240
VecCheckNan: disabled
Freeze action layout: enabled
Empire territory: enabled
Torch threads per process: 4
Diagnostics: disabled
Wall-clock training limit: disabled
Run ID: seed133-builder-build_all-33544056279-1
============================================================

Logging to /home/runner/work/Disciples2-RL/Disciples2-RL/github_experiments/133/builder/build_all/seed133-builder-build_all-33544056279-1/tensorboard/MaskablePPO_1
---------------------------------
| rollout/           |          |
|    ep_len_mean     | 1.9e+03  |
|    ep_rew_mean     | 75.7     |
| time/              |          |
|    fps             | 539      |
|    iterations      | 1        |
|    time_elapsed    | 45       |
|    total_timesteps | 24576    |
---------------------------------
-----------------------------------------
| rollout/                |             |
|    ep_len_mean          | 2.01e+03    |
|    ep_rew_mean          | 75.3        |
| time/                   |             |
|    fps                  | 478         |
|    iterations           | 2           |
|    time_elapsed         | 102         |
|    total_timesteps      | 49152       |
| train/                  |             |
|    approx_kl            | 0.007370016 |
|    clip_fraction        | 0.0421      |
|    clip_range           | 0.2         |
|    entropy_loss         | -2.24       |
|    explained_variance   | 0.053       |
|    learning_rate        | 0.0003      |
|    loss                 | 0.0647      |
|    n_updates            | 5           |
|    policy_gradient_loss | -0.00324    |
|    value_loss           | 0.286       |
-----------------------------------------
----------------------------------------
| rollout/                |            |
|    ep_len_mean          | 2.02e+03   |
|    ep_rew_mean          | 75.5       |
| time/                   |            |
|    fps                  | 455        |
|    iterations           | 3          |
|    time_elapsed         | 161        |
|    total_timesteps      | 73728      |
| train/                  |            |
|    approx_kl            | 0.00607389 |
|    clip_fraction        | 0.0295     |
|    clip_range           | 0.2        |
|    entropy_loss         | -2.22      |
|    explained_variance   | 0.378      |
|    learning_rate        | 0.0003     |
|    loss                 | 0.0279     |
|    n_updates            | 10         |
|    policy_gradient_loss | -0.00268   |
|    value_loss           | 0.172      |
----------------------------------------
-----------------------------------------
| rollout/                |             |
|    ep_len_mean          | 1.99e+03    |
|    ep_rew_mean          | 76.2        |
| time/                   |             |
|    fps                  | 459         |
|    iterations           | 4           |
|    time_elapsed         | 213         |
|    total_timesteps      | 98304       |
| train/                  |             |
|    approx_kl            | 0.007272064 |
|    clip_fraction        | 0.0371      |
|    clip_range           | 0.2         |
|    entropy_loss         | -2.2        |
|    explained_variance   | 0.862       |
|    learning_rate        | 0.0003      |
|    loss                 | 0.0579      |
|    n_updates            | 15          |
|    policy_gradient_loss | -0.00234    |
|    value_loss           | 0.0977      |
-----------------------------------------
-----------------------------------------
| rollout/                |             |
|    ep_len_mean          | 1.99e+03    |
|    ep_rew_mean          | 78          |
| time/                   |             |
|    fps                  | 456         |
|    iterations           | 5           |
|    time_elapsed         | 269         |
|    total_timesteps      | 122880      |
| train/                  |             |
|    approx_kl            | 0.008552208 |
|    clip_fraction        | 0.0645      |
|    clip_range           | 0.2         |
|    entropy_loss         | -2.22       |
|    explained_variance   | 0.927       |
|    learning_rate        | 0.0003      |
|    loss                 | -0.00229    |
|    n_updates            | 20          |
|    policy_gradient_loss | -0.00407    |
|    value_loss           | 0.0635      |
-----------------------------------------
----------------------------------------
| rollout/                |            |
|    ep_len_mean          | 1.99e+03   |
|    ep_rew_mean          | 77.8       |
| time/                   |            |
|    fps                  | 453        |
|    iterations           | 6          |
|    time_elapsed         | 325        |
|    total_timesteps      | 147456     |
| train/                  |            |
|    approx_kl            | 0.00924091 |
|    clip_fraction        | 0.0594     |
|    clip_range           | 0.2        |
|    entropy_loss         | -2.22      |
|    explained_variance   | 0.962      |
|    learning_rate        | 0.0003     |
|    loss                 | -0.0146    |
|    n_updates            | 25         |
|    policy_gradient_loss | -0.00295   |
|    value_loss           | 0.0257     |
----------------------------------------
------------------------------------------
| rollout/                |              |
|    ep_len_mean          | 1.98e+03     |
|    ep_rew_mean          | 79.4         |
| time/                   |              |
|    fps                  | 442          |
|    iterations           | 7            |
|    time_elapsed         | 388          |
|    total_timesteps      | 172032       |
| train/                  |              |
|    approx_kl            | 0.0077970154 |
|    clip_fraction        | 0.0494       |
|    clip_range           | 0.2          |
|    entropy_loss         | -2.17        |
|    explained_variance   | 0.968        |
|    learning_rate        | 0.0003       |
|    loss                 | -0.00802     |
|    n_updates            | 30           |
|    policy_gradient_loss | -0.00336     |
|    value_loss           | 0.0408       |
------------------------------------------
-----------------------------------------
| rollout/                |             |
|    ep_len_mean          | 1.98e+03    |
|    ep_rew_mean          | 80          |
| time/                   |             |
|    fps                  | 435         |
|    iterations           | 8           |
|    time_elapsed         | 451         |
|    total_timesteps      | 196608      |
| train/                  |             |
|    approx_kl            | 0.008391653 |
|    clip_fraction        | 0.0569      |
|    clip_range           | 0.2         |
|    entropy_loss         | -2.16       |
|    explained_variance   | 0.977       |
|    learning_rate        | 0.0003      |
|    loss                 | -0.0149     |
|    n_updates            | 35          |
|    policy_gradient_loss | -0.00367    |
|    value_loss           | 0.0236      |
-----------------------------------------
-----------------------------------------
| rollout/                |             |
|    ep_len_mean          | 1.97e+03    |
|    ep_rew_mean          | 81.5        |
| time/                   |             |
|    fps                  | 428         |
|    iterations           | 9           |
|    time_elapsed         | 515         |
|    total_timesteps      | 221184      |
| train/                  |             |
|    approx_kl            | 0.008108196 |
|    clip_fraction        | 0.0571      |
|    clip_range           | 0.2         |
|    entropy_loss         | -2.14       |
|    explained_variance   | 0.982       |
|    learning_rate        | 0.0003      |
|    loss                 | -0.000865   |
|    n_updates            | 40          |
|    policy_gradient_loss | -0.0045     |
|    value_loss           | 0.0284      |
-----------------------------------------
-----------------------------------------
| rollout/                |             |
|    ep_len_mean          | 1.95e+03    |
|    ep_rew_mean          | 83.8        |
| time/                   |             |
|    fps                  | 422         |
|    iterations           | 10          |
|    time_elapsed         | 582         |
|    total_timesteps      | 245760      |
| train/                  |             |
|    approx_kl            | 0.008964275 |
|    clip_fraction        | 0.0693      |
|    clip_range           | 0.2         |
|    entropy_loss         | -2.11       |
|    explained_variance   | 0.987       |
|    learning_rate        | 0.0003      |
|    loss                 | -0.0257     |
|    n_updates            | 45          |
|    policy_gradient_loss | -0.00481    |
|    value_loss           | 0.0176      |
-----------------------------------------
-----------------------------------------
| rollout/                |             |
|    ep_len_mean          | 1.93e+03    |
|    ep_rew_mean          | 86.8        |
| time/                   |             |
|    fps                  | 416         |
|    iterations           | 11          |
|    time_elapsed         | 649         |
|    total_timesteps      | 270336      |
| train/                  |             |
|    approx_kl            | 0.009927487 |
|    clip_fraction        | 0.0681      |
|    clip_range           | 0.2         |
|    entropy_loss         | -2.12       |
|    explained_variance   | 0.99        |
|    learning_rate        | 0.0003      |
|    loss                 | -0.021      |
|    n_updates            | 50          |
|    policy_gradient_loss | -0.00571    |
|    value_loss           | 0.0141      |
-----------------------------------------
-----------------------------------------
| rollout/                |             |
|    ep_len_mean          | 1.92e+03    |
|    ep_rew_mean          | 88.5        |
| time/                   |             |
|    fps                  | 411         |
|    iterations           | 12          |
|    time_elapsed         | 716         |
|    total_timesteps      | 294912      |
| train/                  |             |
|    approx_kl            | 0.008717948 |
|    clip_fraction        | 0.0863      |
|    clip_range           | 0.2         |
|    entropy_loss         | -2.13       |
|    explained_variance   | 0.991       |
|    learning_rate        | 0.0003      |
|    loss                 | -0.0197     |
|    n_updates            | 55          |
|    policy_gradient_loss | -0.00599    |
|    value_loss           | 0.0121      |
-----------------------------------------
-----------------------------------------
| rollout/                |             |
|    ep_len_mean          | 1.91e+03    |
|    ep_rew_mean          | 90.8        |
| time/                   |             |
|    fps                  | 409         |
|    iterations           | 13          |
|    time_elapsed         | 780         |
|    total_timesteps      | 319488      |
| train/                  |             |
|    approx_kl            | 0.009459411 |
|    clip_fraction        | 0.0807      |
|    clip_range           | 0.2         |
|    entropy_loss         | -2.14       |
|    explained_variance   | 0.994       |
|    learning_rate        | 0.0003      |
|    loss                 | -0.0216     |
|    n_updates            | 60          |
|    policy_gradient_loss | -0.00472    |
|    value_loss           | 0.01        |
-----------------------------------------
-----------------------------------------
| rollout/                |             |
|    ep_len_mean          | 1.9e+03     |
|    ep_rew_mean          | 93.8        |
| time/                   |             |
|    fps                  | 405         |
|    iterations           | 14          |
|    time_elapsed         | 849         |
|    total_timesteps      | 344064      |
| train/                  |             |
|    approx_kl            | 0.009698265 |
|    clip_fraction        | 0.0809      |
|    clip_range           | 0.2         |
|    entropy_loss         | -2.16       |
|    explained_variance   | 0.995       |
|    learning_rate        | 0.0003      |
|    loss                 | -0.0206     |
|    n_updates            | 65          |
|    policy_gradient_loss | -0.00502    |
|    value_loss           | 0.00849     |
-----------------------------------------
----------------------------------------
| rollout/                |            |
|    ep_len_mean          | 1.9e+03    |
|    ep_rew_mean          | 95.9       |
| time/                   |            |
|    fps                  | 401        |
|    iterations           | 15         |
|    time_elapsed         | 919        |
|    total_timesteps      | 368640     |
| train/                  |            |
|    approx_kl            | 0.00712174 |
|    clip_fraction        | 0.0377     |
|    clip_range           | 0.2        |
|    entropy_loss         | -2.14      |
|    explained_variance   | 0.992      |
|    learning_rate        | 0.0003     |
|    loss                 | -0.0213    |
|    n_updates            | 70         |
|    policy_gradient_loss | -0.00419   |
|    value_loss           | 0.015      |
----------------------------------------
-----------------------------------------
| rollout/                |             |
|    ep_len_mean          | 1.88e+03    |
|    ep_rew_mean          | 98.6        |
| time/                   |             |
|    fps                  | 398         |
|    iterations           | 16          |
|    time_elapsed         | 987         |
|    total_timesteps      | 393216      |
| train/                  |             |
|    approx_kl            | 0.008235752 |
|    clip_fraction        | 0.0769      |
|    clip_range           | 0.2         |
|    entropy_loss         | -2.12       |
|    explained_variance   | 0.997       |
|    learning_rate        | 0.0003      |
|    loss                 | -0.0205     |
|    n_updates            | 75          |
|    policy_gradient_loss | -0.00508    |
|    value_loss           | 0.00717     |
-----------------------------------------
----------------------------------------
| rollout/                |            |
|    ep_len_mean          | 1.88e+03   |
|    ep_rew_mean          | 99.8       |
| time/                   |            |
|    fps                  | 395        |
|    iterations           | 17         |
|    time_elapsed         | 1057       |
|    total_timesteps      | 417792     |
| train/                  |            |
|    approx_kl            | 0.00794649 |
|    clip_fraction        | 0.0793     |
|    clip_range           | 0.2        |
|    entropy_loss         | -2.1       |
|    explained_variance   | 0.997      |
|    learning_rate        | 0.0003     |
|    loss                 | -0.0356    |
|    n_updates            | 80         |
|    policy_gradient_loss | -0.00579   |
|    value_loss           | 0.00689    |
----------------------------------------
-----------------------------------------
| rollout/                |             |
|    ep_len_mean          | 1.88e+03    |
|    ep_rew_mean          | 101         |
| time/                   |             |
|    fps                  | 391         |
|    iterations           | 18          |
|    time_elapsed         | 1129        |
|    total_timesteps      | 442368      |
| train/                  |             |
|    approx_kl            | 0.009569937 |
|    clip_fraction        | 0.102       |
|    clip_range           | 0.2         |
|    entropy_loss         | -2.08       |
|    explained_variance   | 0.998       |
|    learning_rate        | 0.0003      |
|    loss                 | -0.0217     |
|    n_updates            | 85          |
|    policy_gradient_loss | -0.00638    |
|    value_loss           | 0.00515     |
-----------------------------------------
-----------------------------------------
| rollout/                |             |
|    ep_len_mean          | 1.88e+03    |
|    ep_rew_mean          | 103         |
| time/                   |             |
|    fps                  | 388         |
|    iterations           | 19          |
|    time_elapsed         | 1201        |
|    total_timesteps      | 466944      |
| train/                  |             |
|    approx_kl            | 0.007702496 |
|    clip_fraction        | 0.0711      |
|    clip_range           | 0.2         |
|    entropy_loss         | -2.08       |
|    explained_variance   | 0.998       |
|    learning_rate        | 0.0003      |
|    loss                 | -0.0223     |
|    n_updates            | 90          |
|    policy_gradient_loss | -0.005      |
|    value_loss           | 0.00419     |
-----------------------------------------
-----------------------------------------
| rollout/                |             |
|    ep_len_mean          | 1.87e+03    |
|    ep_rew_mean          | 103         |
| time/                   |             |
|    fps                  | 386         |
|    iterations           | 20          |
|    time_elapsed         | 1272        |
|    total_timesteps      | 491520      |
| train/                  |             |
|    approx_kl            | 0.008733156 |
|    clip_fraction        | 0.0901      |
|    clip_range           | 0.2         |
|    entropy_loss         | -2.06       |
|    explained_variance   | 0.998       |
|    learning_rate        | 0.0003      |
|    loss                 | -0.0276     |
|    n_updates            | 95          |
|    policy_gradient_loss | -0.00677    |
|    value_loss           | 0.00393     |
-----------------------------------------
[Checkpoint] Saved at 500000 steps > /home/runner/work/Disciples2-RL/Disciples2-RL/github_experiments/133/builder/build_all/seed133-builder-build_all-33544056279-1/checkpoints/campaign_ppo_step_500000.zip
-----------------------------------------
| rollout/                |             |
|    ep_len_mean          | 1.87e+03    |
|    ep_rew_mean          | 104         |
| time/                   |             |
|    fps                  | 384         |
|    iterations           | 21          |
|    time_elapsed         | 1342        |
|    total_timesteps      | 516096      |
| train/                  |             |
|    approx_kl            | 0.010575105 |
|    clip_fraction        | 0.116       |
|    clip_range           | 0.2         |
|    entropy_loss         | -2.06       |
|    explained_variance   | 0.998       |
|    learning_rate        | 0.0003      |
|    loss                 | -0.026      |
|    n_updates            | 100         |
|    policy_gradient_loss | -0.00854    |
|    value_loss           | 0.00367     |
-----------------------------------------
-----------------------------------------
| rollout/                |             |
|    ep_len_mean          | 1.87e+03    |
|    ep_rew_mean          | 105         |
| time/                   |             |
|    fps                  | 382         |
|    iterations           | 22          |
|    time_elapsed         | 1411        |
|    total_timesteps      | 540672      |
| train/                  |             |
|    approx_kl            | 0.009267197 |
|    clip_fraction        | 0.0912      |
|    clip_range           | 0.2         |
|    entropy_loss         | -2.07       |
|    explained_variance   | 0.999       |
|    learning_rate        | 0.0003      |
|    loss                 | -0.0291     |
|    n_updates            | 105         |
|    policy_gradient_loss | -0.00601    |
|    value_loss           | 0.00357     |
-----------------------------------------
-----------------------------------------
| rollout/                |             |
|    ep_len_mean          | 1.87e+03    |
|    ep_rew_mean          | 105         |
| time/                   |             |
|    fps                  | 380         |
|    iterations           | 23          |
|    time_elapsed         | 1484        |
|    total_timesteps      | 565248      |
| train/                  |             |
|    approx_kl            | 0.009018627 |
|    clip_fraction        | 0.0856      |
|    clip_range           | 0.2         |
|    entropy_loss         | -2.06       |
|    explained_variance   | 0.998       |
|    learning_rate        | 0.0003      |
|    loss                 | -0.0269     |
|    n_updates            | 110         |
|    policy_gradient_loss | -0.00572    |
|    value_loss           | 0.00436     |
-----------------------------------------
-----------------------------------------
| rollout/                |             |
|    ep_len_mean          | 1.86e+03    |
|    ep_rew_mean          | 106         |
| time/                   |             |
|    fps                  | 379         |
|    iterations           | 24          |
|    time_elapsed         | 1555        |
|    total_timesteps      | 589824      |
| train/                  |             |
|    approx_kl            | 0.008279172 |
|    clip_fraction        | 0.0735      |
|    clip_range           | 0.2         |
|    entropy_loss         | -2.07       |
|    explained_variance   | 0.999       |
|    learning_rate        | 0.0003      |
|    loss                 | -0.0272     |
|    n_updates            | 115         |
|    policy_gradient_loss | -0.00533    |
|    value_loss           | 0.00349     |
-----------------------------------------
-----------------------------------------
| rollout/                |             |
|    ep_len_mean          | 1.86e+03    |
|    ep_rew_mean          | 106         |
| time/                   |             |
|    fps                  | 378         |
|    iterations           | 25          |
|    time_elapsed         | 1623        |
|    total_timesteps      | 614400      |
| train/                  |             |
|    approx_kl            | 0.008273951 |
|    clip_fraction        | 0.073       |
|    clip_range           | 0.2         |
|    entropy_loss         | -2.1        |
|    explained_variance   | 0.999       |
|    learning_rate        | 0.0003      |
|    loss                 | -0.0302     |
|    n_updates            | 120         |
|    policy_gradient_loss | -0.00505    |
|    value_loss           | 0.00312     |
-----------------------------------------
------------------------------------------
| rollout/                |              |
|    ep_len_mean          | 1.86e+03     |
|    ep_rew_mean          | 106          |
| time/                   |              |
|    fps                  | 377          |
|    iterations           | 26           |
|    time_elapsed         | 1692         |
|    total_timesteps      | 638976       |
| train/                  |              |
|    approx_kl            | 0.0071470835 |
|    clip_fraction        | 0.0647       |
|    clip_range           | 0.2          |
|    entropy_loss         | -2.1         |
|    explained_variance   | 0.999        |
|    learning_rate        | 0.0003       |
|    loss                 | -0.0178      |
|    n_updates            | 125          |
|    policy_gradient_loss | -0.00519     |
|    value_loss           | 0.00345      |
------------------------------------------
-----------------------------------------
| rollout/                |             |
|    ep_len_mean          | 1.86e+03    |
|    ep_rew_mean          | 107         |
| time/                   |             |
|    fps                  | 376         |
|    iterations           | 27          |
|    time_elapsed         | 1760        |
|    total_timesteps      | 663552      |
| train/                  |             |
|    approx_kl            | 0.008163529 |
|    clip_fraction        | 0.0734      |
|    clip_range           | 0.2         |
|    entropy_loss         | -2.1        |
|    explained_variance   | 0.999       |
|    learning_rate        | 0.0003      |
|    loss                 | -0.026      |
|    n_updates            | 130         |
|    policy_gradient_loss | -0.00587    |
|    value_loss           | 0.00321     |
-----------------------------------------
-----------------------------------------
| rollout/                |             |
|    ep_len_mean          | 1.86e+03    |
|    ep_rew_mean          | 108         |
| time/                   |             |
|    fps                  | 376         |
|    iterations           | 28          |
|    time_elapsed         | 1827        |
|    total_timesteps      | 688128      |
| train/                  |             |
|    approx_kl            | 0.009763445 |
|    clip_fraction        | 0.0793      |
|    clip_range           | 0.2         |
|    entropy_loss         | -2.1        |
|    explained_variance   | 0.999       |
|    learning_rate        | 0.0003      |
|    loss                 | -0.033      |
|    n_updates            | 135         |
|    policy_gradient_loss | -0.00596    |
|    value_loss           | 0.00297     |
-----------------------------------------
-----------------------------------------
| rollout/                |             |
|    ep_len_mean          | 1.86e+03    |
|    ep_rew_mean          | 108         |
| time/                   |             |
|    fps                  | 375         |
|    iterations           | 29          |
|    time_elapsed         | 1895        |
|    total_timesteps      | 712704      |
| train/                  |             |
|    approx_kl            | 0.009232982 |
|    clip_fraction        | 0.0869      |
|    clip_range           | 0.2         |
|    entropy_loss         | -2.09       |
|    explained_variance   | 0.999       |
|    learning_rate        | 0.0003      |
|    loss                 | -0.0347     |
|    n_updates            | 140         |
|    policy_gradient_loss | -0.00615    |
|    value_loss           | 0.00311     |
-----------------------------------------
-----------------------------------------
| rollout/                |             |
|    ep_len_mean          | 1.86e+03    |
|    ep_rew_mean          | 109         |
| time/                   |             |
|    fps                  | 374         |
|    iterations           | 30          |
|    time_elapsed         | 1966        |
|    total_timesteps      | 737280      |
| train/                  |             |
|    approx_kl            | 0.008261503 |
|    clip_fraction        | 0.0807      |
|    clip_range           | 0.2         |
|    entropy_loss         | -2.1        |
|    explained_variance   | 0.999       |
|    learning_rate        | 0.0003      |
|    loss                 | -0.0262     |
|    n_updates            | 145         |
|    policy_gradient_loss | -0.00525    |
|    value_loss           | 0.00291     |
-----------------------------------------
-----------------------------------------
| rollout/                |             |
|    ep_len_mean          | 1.86e+03    |
|    ep_rew_mean          | 109         |
| time/                   |             |
|    fps                  | 373         |
|    iterations           | 31          |
|    time_elapsed         | 2038        |
|    total_timesteps      | 761856      |
| train/                  |             |
|    approx_kl            | 0.007277194 |
|    clip_fraction        | 0.0773      |
|    clip_range           | 0.2         |
|    entropy_loss         | -2.09       |
|    explained_variance   | 0.999       |
|    learning_rate        | 0.0003      |
|    loss                 | -0.0293     |
|    n_updates            | 150         |
|    policy_gradient_loss | -0.0054     |
|    value_loss           | 0.00281     |
-----------------------------------------
-----------------------------------------
| rollout/                |             |
|    ep_len_mean          | 1.86e+03    |
|    ep_rew_mean          | 109         |
| time/                   |             |
|    fps                  | 373         |
|    iterations           | 32          |
|    time_elapsed         | 2107        |
|    total_timesteps      | 786432      |
| train/                  |             |
|    approx_kl            | 0.007570427 |
|    clip_fraction        | 0.0681      |
|    clip_range           | 0.2         |
|    entropy_loss         | -2.1        |
|    explained_variance   | 0.999       |
|    learning_rate        | 0.0003      |
|    loss                 | -0.0237     |
|    n_updates            | 155         |
|    policy_gradient_loss | -0.00523    |
|    value_loss           | 0.00293     |
-----------------------------------------
-----------------------------------------
| rollout/                |             |
|    ep_len_mean          | 1.86e+03    |
|    ep_rew_mean          | 110         |
| time/                   |             |
|    fps                  | 372         |
|    iterations           | 33          |
|    time_elapsed         | 2178        |
|    total_timesteps      | 811008      |
| train/                  |             |
|    approx_kl            | 0.007786602 |
|    clip_fraction        | 0.0724      |
|    clip_range           | 0.2         |
|    entropy_loss         | -2.09       |
|    explained_variance   | 0.999       |
|    learning_rate        | 0.0003      |
|    loss                 | -0.0177     |
|    n_updates            | 160         |
|    policy_gradient_loss | -0.00459    |
|    value_loss           | 0.00301     |
-----------------------------------------
-----------------------------------------
| rollout/                |             |
|    ep_len_mean          | 1.86e+03    |
|    ep_rew_mean          | 110         |
| time/                   |             |
|    fps                  | 371         |
|    iterations           | 34          |
|    time_elapsed         | 2251        |
|    total_timesteps      | 835584      |
| train/                  |             |
|    approx_kl            | 0.008430093 |
|    clip_fraction        | 0.0657      |
|    clip_range           | 0.2         |
|    entropy_loss         | -2.1        |
|    explained_variance   | 0.999       |
|    learning_rate        | 0.0003      |
|    loss                 | -0.0347     |
|    n_updates            | 165         |
|    policy_gradient_loss | -0.00498    |
|    value_loss           | 0.00279     |
-----------------------------------------
-----------------------------------------
| rollout/                |             |
|    ep_len_mean          | 1.86e+03    |
|    ep_rew_mean          | 110         |
| time/                   |             |
|    fps                  | 370         |
|    iterations           | 35          |
|    time_elapsed         | 2320        |
|    total_timesteps      | 860160      |
| train/                  |             |
|    approx_kl            | 0.008077233 |
|    clip_fraction        | 0.0656      |
|    clip_range           | 0.2         |
|    entropy_loss         | -2.1        |
|    explained_variance   | 0.999       |
|    learning_rate        | 0.0003      |
|    loss                 | -0.0287     |
|    n_updates            | 170         |
|    policy_gradient_loss | -0.00379    |
|    value_loss           | 0.00284     |
-----------------------------------------
-----------------------------------------
| rollout/                |             |
|    ep_len_mean          | 1.86e+03    |
|    ep_rew_mean          | 110         |
| time/                   |             |
|    fps                  | 370         |
|    iterations           | 36          |
|    time_elapsed         | 2388        |
|    total_timesteps      | 884736      |
| train/                  |             |
|    approx_kl            | 0.007942324 |
|    clip_fraction        | 0.0768      |
|    clip_range           | 0.2         |
|    entropy_loss         | -2.08       |
|    explained_variance   | 0.999       |
|    learning_rate        | 0.0003      |
|    loss                 | -0.026      |
|    n_updates            | 175         |
|    policy_gradient_loss | -0.00507    |
|    value_loss           | 0.00301     |
-----------------------------------------
------------------------------------------
| rollout/                |              |
|    ep_len_mean          | 1.86e+03     |
|    ep_rew_mean          | 109          |
| time/                   |              |
|    fps                  | 369          |
|    iterations           | 37           |
|    time_elapsed         | 2458         |
|    total_timesteps      | 909312       |
| train/                  |              |
|    approx_kl            | 0.0065117623 |
|    clip_fraction        | 0.0435       |
|    clip_range           | 0.2          |
|    entropy_loss         | -2.07        |
|    explained_variance   | 0.999        |
|    learning_rate        | 0.0003       |
|    loss                 | -0.0189      |
|    n_updates            | 180          |
|    policy_gradient_loss | -0.00277     |
|    value_loss           | 0.00306      |
------------------------------------------
-----------------------------------------
| rollout/                |             |
|    ep_len_mean          | 1.86e+03    |
|    ep_rew_mean          | 109         |
| time/                   |             |
|    fps                  | 369         |
|    iterations           | 38          |
|    time_elapsed         | 2529        |
|    total_timesteps      | 933888      |
| train/                  |             |
|    approx_kl            | 0.008114185 |
|    clip_fraction        | 0.06        |
|    clip_range           | 0.2         |
|    entropy_loss         | -2.06       |
|    explained_variance   | 0.999       |
|    learning_rate        | 0.0003      |
|    loss                 | -0.0274     |
|    n_updates            | 185         |
|    policy_gradient_loss | -0.00412    |
|    value_loss           | 0.00313     |
-----------------------------------------
----------------------------------------
| rollout/                |            |
|    ep_len_mean          | 1.86e+03   |
|    ep_rew_mean          | 109        |
| time/                   |            |
|    fps                  | 368        |
|    iterations           | 39         |
|    time_elapsed         | 2601       |
|    total_timesteps      | 958464     |
| train/                  |            |
|    approx_kl            | 0.00899156 |
|    clip_fraction        | 0.0874     |
|    clip_range           | 0.2        |
|    entropy_loss         | -2.06      |
|    explained_variance   | 0.999      |
|    learning_rate        | 0.0003     |
|    loss                 | -0.0234    |
|    n_updates            | 190        |
|    policy_gradient_loss | -0.00561   |
|    value_loss           | 0.00286    |
----------------------------------------
------------------------------------------
| rollout/                |              |
|    ep_len_mean          | 1.85e+03     |
|    ep_rew_mean          | 109          |
| time/                   |              |
|    fps                  | 367          |
|    iterations           | 40           |
|    time_elapsed         | 2676         |
|    total_timesteps      | 983040       |
| train/                  |              |
|    approx_kl            | 0.0066103935 |
|    clip_fraction        | 0.0616       |
|    clip_range           | 0.2          |
|    entropy_loss         | -2.05        |
|    explained_variance   | 0.999        |
|    learning_rate        | 0.0003       |
|    loss                 | -0.033       |
|    n_updates            | 195          |
|    policy_gradient_loss | -0.00342     |
|    value_loss           | 0.00301      |
------------------------------------------
[Checkpoint] Saved at 1000000 steps > /home/runner/work/Disciples2-RL/Disciples2-RL/github_experiments/133/builder/build_all/seed133-builder-build_all-33544056279-1/checkpoints/campaign_ppo_step_1000000.zip
Eval num_timesteps=1000008, det_reward=58.10 +/- 0.00
Episode length: det=1634.15 +/- 0.36
Victory rate: det=100.00%
------------------------------------------------
| eval/                           |            |
|    deterministic_mean_ep_length | 1.63e+03   |
|    deterministic_mean_reward    | 58.1       |
|    deterministic_victory_rate   | 1          |
|    mean_ep_length               | 1.63e+03   |
|    mean_reward                  | 58.1       |
|    victory_rate                 | 1          |
| time/                           |            |
|    total_timesteps              | 1000008    |
| train/                          |            |
|    approx_kl                    | 0.01004566 |
|    clip_fraction                | 0.0923     |
|    clip_range                   | 0.2        |
|    entropy_loss                 | -2.07      |
|    explained_variance           | 0.999      |
|    learning_rate                | 0.0003     |
|    loss                         | -0.0329    |
|    n_updates                    | 200        |
|    policy_gradient_loss         | -0.00527   |
|    value_loss                   | 0.00257    |
------------------------------------------------
New best model by deterministic victory rate!
---------------------------------
| rollout/           |          |
|    ep_len_mean     | 1.85e+03 |
|    ep_rew_mean     | 108      |
| time/              |          |
|    fps             | 348      |
|    iterations      | 41       |
|    time_elapsed    | 2890     |
|    total_timesteps | 1007616  |
---------------------------------
VecNormalize stats saved: /home/runner/work/Disciples2-RL/Disciples2-RL/github_experiments/133/builder/build_all/seed133-builder-build_all-33544056279-1/models/vecnormalize.pkl

Финальная модель сохранена: /home/runner/work/Disciples2-RL/Disciples2-RL/github_experiments/133/builder/build_all/seed133-builder-build_all-33544056279-1/models/final_model.zip

============================================================
ИТОГИ ОБУЧЕНИЯ:
  Побед: 528
  Поражений: 0
  Таймаутов: 0
  Побед бота столицы над врагами: 0
  Перестановок юнитов: 211616
  Winrate: 100.0%
============================================================
  График призывов за эпизод: /home/runner/work/Disciples2-RL/Disciples2-RL/github_experiments/133/builder/build_all/seed133-builder-build_all-33544056279-1/plots/campaign_summoned_units_per_episode.png
  График призывов за всё обучение: /home/runner/work/Disciples2-RL/Disciples2-RL/github_experiments/133/builder/build_all/seed133-builder-build_all-33544056279-1/plots/campaign_summoned_units_cumulative.png
  График найма за эпизод: /home/runner/work/Disciples2-RL/Disciples2-RL/github_experiments/133/builder/build_all/seed133-builder-build_all-33544056279-1/plots/campaign_hired_units_per_episode.png
  График найма за всё обучение: /home/runner/work/Disciples2-RL/Disciples2-RL/github_experiments/133/builder/build_all/seed133-builder-build_all-33544056279-1/plots/campaign_hired_units_cumulative.png
  График перестановок юнитов за эпизод: /home/runner/work/Disciples2-RL/Disciples2-RL/github_experiments/133/builder/build_all/seed133-builder-build_all-33544056279-1/plots/campaign_unit_swaps_per_episode.png
  График боевых предметов: /home/runner/work/Disciples2-RL/Disciples2-RL/github_experiments/133/builder/build_all/seed133-builder-build_all-33544056279-1/plots/campaign_battle_item_activity.png
  График побед бота столицы за эпизод: /home/runner/work/Disciples2-RL/Disciples2-RL/github_experiments/133/builder/build_all/seed133-builder-build_all-33544056279-1/plots/campaign_scripted_bot_victories_per_episode.png
  График применения заклинаний: /home/runner/work/Disciples2-RL/Disciples2-RL/github_experiments/133/builder/build_all/seed133-builder-build_all-33544056279-1/plots/campaign_spell_cast_activity.png
