Проверка среды CampaignEnv...
Среда прошла проверку!
[INFO] Comet disabled, running without experiment tracking
Создание 12 параллельных сред (subproc)...
Инициализация MaskablePPO...
Using cpu device

============================================================
Запуск обучения Campaign Agent
Всего шагов: 1,000,000
Параллельных сред: 12
VecEnv: subproc
VecEnv start method: forkserver
Seed: 132
Checkpoint каждые: 500,000 шагов
Evaluation каждые: 83,334 шагов
Eval deterministic эпизодов: 20
Eval stochastic эпизодов: 0
Eval лимит шагов на эпизод: 5000
Campaign map: small
Campaign objective: dragon
System resources at training start:
  Platform: Linux 6.17.0-1022-azure (x86_64)
  Python: 3.14.7
  PyTorch: 2.13.0+cpu
  Training device: cpu
  CPU model: AMD EPYC 7763 64-Core Processor
  CPU vendor: AuthenticAMD
  Logical CPUs visible: 4
  Process CPU affinity: 4
  Sockets: 1
  Cores per socket: 2
  Threads per core: 2
  CPU max MHz: unknown
  CPU min MHz: unknown
  L1d cache: 64 KiB (2 instances)
  L1i cache: 64 KiB (2 instances)
  L2 cache: 1 MiB (2 instances)
  L3 cache: 32 MiB (1 instance)
  Virtualization: AMD-V
  Hypervisor: Microsoft
  RAM total: 15.61 GiB
  RAM available at start: 13.91 GiB
  Disk total: 144.26 GiB
  Disk free at start: 77.47 GiB
  Torch intra-op threads: 4
  Torch inter-op threads: 2
  OMP_NUM_THREADS: 4
  MKL_NUM_THREADS: 4
  OPENBLAS_NUM_THREADS: 4
  GitHub runner OS: Linux
  GitHub runner architecture: X64
  GitHub runner environment: github-hosted
PPO n_steps: 2,048
PPO batch_size: 512
PPO n_epochs: 5
PPO learning_rate: 0.0003
PPO clip_range: 0.2
PPO ent_coef: 0.01
PPO gamma: 0.995
PPO gae_lambda: 0.95
PPO target_kl: disabled
PPO gradient batches per rollout: 240
VecCheckNan: disabled
Freeze action layout: enabled
Empire territory: enabled
Torch threads per process: 4
Diagnostics: disabled
Wall-clock training limit: disabled
Run ID: seed132-small-green_dragon-32928730117-1
============================================================

Logging to /home/runner/work/Disciples2-RL/Disciples2-RL/github_experiments/132/small/green_dragon/seed132-small-green_dragon-32928730117-1/tensorboard/MaskablePPO_1
---------------------------------
| rollout/           |          |
|    ep_len_mean     | 107      |
|    ep_rew_mean     | -5.42    |
| time/              |          |
|    fps             | 476      |
|    iterations      | 1        |
|    time_elapsed    | 51       |
|    total_timesteps | 24576    |
---------------------------------
----------------------------------------
| rollout/                |            |
|    ep_len_mean          | 151        |
|    ep_rew_mean          | -2.52      |
| time/                   |            |
|    fps                  | 454        |
|    iterations           | 2          |
|    time_elapsed         | 108        |
|    total_timesteps      | 49152      |
| train/                  |            |
|    approx_kl            | 0.00955134 |
|    clip_fraction        | 0.0951     |
|    clip_range           | 0.2        |
|    entropy_loss         | -2.23      |
|    explained_variance   | 0.0879     |
|    learning_rate        | 0.0003     |
|    loss                 | 0.271      |
|    n_updates            | 5          |
|    policy_gradient_loss | -0.00828   |
|    value_loss           | 0.78       |
----------------------------------------
-----------------------------------------
| rollout/                |             |
|    ep_len_mean          | 150         |
|    ep_rew_mean          | -2.71       |
| time/                   |             |
|    fps                  | 450         |
|    iterations           | 3           |
|    time_elapsed         | 163         |
|    total_timesteps      | 73728       |
| train/                  |             |
|    approx_kl            | 0.011048679 |
|    clip_fraction        | 0.147       |
|    clip_range           | 0.2         |
|    entropy_loss         | -2.19       |
|    explained_variance   | 0.589       |
|    learning_rate        | 0.0003      |
|    loss                 | 0.134       |
|    n_updates            | 10          |
|    policy_gradient_loss | -0.0132     |
|    value_loss           | 0.374       |
-----------------------------------------
-----------------------------------------
| rollout/                |             |
|    ep_len_mean          | 185         |
|    ep_rew_mean          | -4.67       |
| time/                   |             |
|    fps                  | 443         |
|    iterations           | 4           |
|    time_elapsed         | 221         |
|    total_timesteps      | 98304       |
| train/                  |             |
|    approx_kl            | 0.010305986 |
|    clip_fraction        | 0.116       |
|    clip_range           | 0.2         |
|    entropy_loss         | -2.12       |
|    explained_variance   | 0.796       |
|    learning_rate        | 0.0003      |
|    loss                 | 0.0663      |
|    n_updates            | 15          |
|    policy_gradient_loss | -0.0108     |
|    value_loss           | 0.203       |
-----------------------------------------
-----------------------------------------
| rollout/                |             |
|    ep_len_mean          | 288         |
|    ep_rew_mean          | -12         |
| time/                   |             |
|    fps                  | 440         |
|    iterations           | 5           |
|    time_elapsed         | 279         |
|    total_timesteps      | 122880      |
| train/                  |             |
|    approx_kl            | 0.008631183 |
|    clip_fraction        | 0.0649      |
|    clip_range           | 0.2         |
|    entropy_loss         | -2.12       |
|    explained_variance   | 0.918       |
|    learning_rate        | 0.0003      |
|    loss                 | -0.00192    |
|    n_updates            | 20          |
|    policy_gradient_loss | -0.00545    |
|    value_loss           | 0.0622      |
-----------------------------------------
-----------------------------------------
| rollout/                |             |
|    ep_len_mean          | 527         |
|    ep_rew_mean          | -21.9       |
| time/                   |             |
|    fps                  | 438         |
|    iterations           | 6           |
|    time_elapsed         | 335         |
|    total_timesteps      | 147456      |
| train/                  |             |
|    approx_kl            | 0.010717637 |
|    clip_fraction        | 0.11        |
|    clip_range           | 0.2         |
|    entropy_loss         | -2.18       |
|    explained_variance   | 0.923       |
|    learning_rate        | 0.0003      |
|    loss                 | -0.0297     |
|    n_updates            | 25          |
|    policy_gradient_loss | -0.00749    |
|    value_loss           | 0.0355      |
-----------------------------------------
-----------------------------------------
| rollout/                |             |
|    ep_len_mean          | 284         |
|    ep_rew_mean          | 0.606       |
| time/                   |             |
|    fps                  | 438         |
|    iterations           | 7           |
|    time_elapsed         | 392         |
|    total_timesteps      | 172032      |
| train/                  |             |
|    approx_kl            | 0.012537971 |
|    clip_fraction        | 0.128       |
|    clip_range           | 0.2         |
|    entropy_loss         | -2.14       |
|    explained_variance   | 0.909       |
|    learning_rate        | 0.0003      |
|    loss                 | -0.0107     |
|    n_updates            | 30          |
|    policy_gradient_loss | -0.00966    |
|    value_loss           | 0.0358      |
-----------------------------------------
----------------------------------------
| rollout/                |            |
|    ep_len_mean          | 269        |
|    ep_rew_mean          | 6.85       |
| time/                   |            |
|    fps                  | 438        |
|    iterations           | 8          |
|    time_elapsed         | 448        |
|    total_timesteps      | 196608     |
| train/                  |            |
|    approx_kl            | 0.01066126 |
|    clip_fraction        | 0.131      |
|    clip_range           | 0.2        |
|    entropy_loss         | -2.1       |
|    explained_variance   | 0.872      |
|    learning_rate        | 0.0003     |
|    loss                 | -0.00714   |
|    n_updates            | 35         |
|    policy_gradient_loss | -0.00852   |
|    value_loss           | 0.0305     |
----------------------------------------
-----------------------------------------
| rollout/                |             |
|    ep_len_mean          | 224         |
|    ep_rew_mean          | 10.8        |
| time/                   |             |
|    fps                  | 439         |
|    iterations           | 9           |
|    time_elapsed         | 503         |
|    total_timesteps      | 221184      |
| train/                  |             |
|    approx_kl            | 0.011945546 |
|    clip_fraction        | 0.139       |
|    clip_range           | 0.2         |
|    entropy_loss         | -2.05       |
|    explained_variance   | 0.882       |
|    learning_rate        | 0.0003      |
|    loss                 | -0.0333     |
|    n_updates            | 40          |
|    policy_gradient_loss | -0.0106     |
|    value_loss           | 0.0212      |
-----------------------------------------
------------------------------------------
| rollout/                |              |
|    ep_len_mean          | 199          |
|    ep_rew_mean          | 13.3         |
| time/                   |              |
|    fps                  | 439          |
|    iterations           | 10           |
|    time_elapsed         | 558          |
|    total_timesteps      | 245760       |
| train/                  |              |
|    approx_kl            | 0.0112276925 |
|    clip_fraction        | 0.124        |
|    clip_range           | 0.2          |
|    entropy_loss         | -1.97        |
|    explained_variance   | 0.861        |
|    learning_rate        | 0.0003       |
|    loss                 | -0.0222      |
|    n_updates            | 45           |
|    policy_gradient_loss | -0.0105      |
|    value_loss           | 0.0235       |
------------------------------------------
----------------------------------------
| rollout/                |            |
|    ep_len_mean          | 175        |
|    ep_rew_mean          | 13.7       |
| time/                   |            |
|    fps                  | 441        |
|    iterations           | 11         |
|    time_elapsed         | 612        |
|    total_timesteps      | 270336     |
| train/                  |            |
|    approx_kl            | 0.00993453 |
|    clip_fraction        | 0.109      |
|    clip_range           | 0.2        |
|    entropy_loss         | -1.92      |
|    explained_variance   | 0.812      |
|    learning_rate        | 0.0003     |
|    loss                 | -0.0229    |
|    n_updates            | 50         |
|    policy_gradient_loss | -0.0087    |
|    value_loss           | 0.0273     |
----------------------------------------
-----------------------------------------
| rollout/                |             |
|    ep_len_mean          | 190         |
|    ep_rew_mean          | 16.8        |
| time/                   |             |
|    fps                  | 442         |
|    iterations           | 12          |
|    time_elapsed         | 666         |
|    total_timesteps      | 294912      |
| train/                  |             |
|    approx_kl            | 0.008829232 |
|    clip_fraction        | 0.0877      |
|    clip_range           | 0.2         |
|    entropy_loss         | -1.9        |
|    explained_variance   | 0.771       |
|    learning_rate        | 0.0003      |
|    loss                 | -0.00984    |
|    n_updates            | 55          |
|    policy_gradient_loss | -0.00744    |
|    value_loss           | 0.0358      |
-----------------------------------------
-----------------------------------------
| rollout/                |             |
|    ep_len_mean          | 146         |
|    ep_rew_mean          | 14          |
| time/                   |             |
|    fps                  | 444         |
|    iterations           | 13          |
|    time_elapsed         | 718         |
|    total_timesteps      | 319488      |
| train/                  |             |
|    approx_kl            | 0.007997584 |
|    clip_fraction        | 0.0812      |
|    clip_range           | 0.2         |
|    entropy_loss         | -1.86       |
|    explained_variance   | 0.787       |
|    learning_rate        | 0.0003      |
|    loss                 | -0.0119     |
|    n_updates            | 60          |
|    policy_gradient_loss | -0.00669    |
|    value_loss           | 0.0367      |
-----------------------------------------
------------------------------------------
| rollout/                |              |
|    ep_len_mean          | 149          |
|    ep_rew_mean          | 16.4         |
| time/                   |              |
|    fps                  | 446          |
|    iterations           | 14           |
|    time_elapsed         | 771          |
|    total_timesteps      | 344064       |
| train/                  |              |
|    approx_kl            | 0.0075743888 |
|    clip_fraction        | 0.0797       |
|    clip_range           | 0.2          |
|    entropy_loss         | -1.84        |
|    explained_variance   | 0.762        |
|    learning_rate        | 0.0003       |
|    loss                 | -0.00791     |
|    n_updates            | 65           |
|    policy_gradient_loss | -0.00681     |
|    value_loss           | 0.0449       |
------------------------------------------
-----------------------------------------
| rollout/                |             |
|    ep_len_mean          | 147         |
|    ep_rew_mean          | 16.8        |
| time/                   |             |
|    fps                  | 447         |
|    iterations           | 15          |
|    time_elapsed         | 823         |
|    total_timesteps      | 368640      |
| train/                  |             |
|    approx_kl            | 0.007252564 |
|    clip_fraction        | 0.0662      |
|    clip_range           | 0.2         |
|    entropy_loss         | -1.84       |
|    explained_variance   | 0.763       |
|    learning_rate        | 0.0003      |
|    loss                 | 0.000547    |
|    n_updates            | 70          |
|    policy_gradient_loss | -0.00607    |
|    value_loss           | 0.0505      |
-----------------------------------------
------------------------------------------
| rollout/                |              |
|    ep_len_mean          | 151          |
|    ep_rew_mean          | 19.9         |
| time/                   |              |
|    fps                  | 449          |
|    iterations           | 16           |
|    time_elapsed         | 874          |
|    total_timesteps      | 393216       |
| train/                  |              |
|    approx_kl            | 0.0077354833 |
|    clip_fraction        | 0.0672       |
|    clip_range           | 0.2          |
|    entropy_loss         | -1.83        |
|    explained_variance   | 0.783        |
|    learning_rate        | 0.0003       |
|    loss                 | -0.00171     |
|    n_updates            | 75           |
|    policy_gradient_loss | -0.00589     |
|    value_loss           | 0.0553       |
------------------------------------------
-----------------------------------------
| rollout/                |             |
|    ep_len_mean          | 134         |
|    ep_rew_mean          | 17.1        |
| time/                   |             |
|    fps                  | 451         |
|    iterations           | 17          |
|    time_elapsed         | 925         |
|    total_timesteps      | 417792      |
| train/                  |             |
|    approx_kl            | 0.006558856 |
|    clip_fraction        | 0.057       |
|    clip_range           | 0.2         |
|    entropy_loss         | -1.8        |
|    explained_variance   | 0.787       |
|    learning_rate        | 0.0003      |
|    loss                 | 0.00197     |
|    n_updates            | 80          |
|    policy_gradient_loss | -0.00454    |
|    value_loss           | 0.0629      |
-----------------------------------------
------------------------------------------
| rollout/                |              |
|    ep_len_mean          | 139          |
|    ep_rew_mean          | 19.3         |
| time/                   |              |
|    fps                  | 452          |
|    iterations           | 18           |
|    time_elapsed         | 976          |
|    total_timesteps      | 442368       |
| train/                  |              |
|    approx_kl            | 0.0071274643 |
|    clip_fraction        | 0.0728       |
|    clip_range           | 0.2          |
|    entropy_loss         | -1.76        |
|    explained_variance   | 0.768        |
|    learning_rate        | 0.0003       |
|    loss                 | 0.00724      |
|    n_updates            | 85           |
|    policy_gradient_loss | -0.0054      |
|    value_loss           | 0.0725       |
------------------------------------------
-----------------------------------------
| rollout/                |             |
|    ep_len_mean          | 146         |
|    ep_rew_mean          | 21.2        |
| time/                   |             |
|    fps                  | 454         |
|    iterations           | 19          |
|    time_elapsed         | 1027        |
|    total_timesteps      | 466944      |
| train/                  |             |
|    approx_kl            | 0.006945046 |
|    clip_fraction        | 0.0724      |
|    clip_range           | 0.2         |
|    entropy_loss         | -1.75       |
|    explained_variance   | 0.769       |
|    learning_rate        | 0.0003      |
|    loss                 | 0.0129      |
|    n_updates            | 90          |
|    policy_gradient_loss | -0.00604    |
|    value_loss           | 0.0789      |
-----------------------------------------
-----------------------------------------
| rollout/                |             |
|    ep_len_mean          | 159         |
|    ep_rew_mean          | 24.8        |
| time/                   |             |
|    fps                  | 455         |
|    iterations           | 20          |
|    time_elapsed         | 1079        |
|    total_timesteps      | 491520      |
| train/                  |             |
|    approx_kl            | 0.008911051 |
|    clip_fraction        | 0.0837      |
|    clip_range           | 0.2         |
|    entropy_loss         | -1.71       |
|    explained_variance   | 0.724       |
|    learning_rate        | 0.0003      |
|    loss                 | 0.0364      |
|    n_updates            | 95          |
|    policy_gradient_loss | -0.0072     |
|    value_loss           | 0.106       |
-----------------------------------------
[Checkpoint] Saved at 500000 steps > /home/runner/work/Disciples2-RL/Disciples2-RL/github_experiments/132/small/green_dragon/seed132-small-green_dragon-32928730117-1/checkpoints/campaign_ppo_step_500000.zip
-----------------------------------------
| rollout/                |             |
|    ep_len_mean          | 159         |
|    ep_rew_mean          | 25.6        |
| time/                   |             |
|    fps                  | 455         |
|    iterations           | 21          |
|    time_elapsed         | 1131        |
|    total_timesteps      | 516096      |
| train/                  |             |
|    approx_kl            | 0.007863927 |
|    clip_fraction        | 0.0772      |
|    clip_range           | 0.2         |
|    entropy_loss         | -1.74       |
|    explained_variance   | 0.862       |
|    learning_rate        | 0.0003      |
|    loss                 | 0.0111      |
|    n_updates            | 100         |
|    policy_gradient_loss | -0.00615    |
|    value_loss           | 0.0723      |
-----------------------------------------
------------------------------------------
| rollout/                |              |
|    ep_len_mean          | 156          |
|    ep_rew_mean          | 24.7         |
| time/                   |              |
|    fps                  | 457          |
|    iterations           | 22           |
|    time_elapsed         | 1183         |
|    total_timesteps      | 540672       |
| train/                  |              |
|    approx_kl            | 0.0070971525 |
|    clip_fraction        | 0.0691       |
|    clip_range           | 0.2          |
|    entropy_loss         | -1.68        |
|    explained_variance   | 0.883        |
|    learning_rate        | 0.0003       |
|    loss                 | 0.0171       |
|    n_updates            | 105          |
|    policy_gradient_loss | -0.0053      |
|    value_loss           | 0.0711       |
------------------------------------------
-----------------------------------------
| rollout/                |             |
|    ep_len_mean          | 169         |
|    ep_rew_mean          | 28.2        |
| time/                   |             |
|    fps                  | 456         |
|    iterations           | 23          |
|    time_elapsed         | 1237        |
|    total_timesteps      | 565248      |
| train/                  |             |
|    approx_kl            | 0.006649869 |
|    clip_fraction        | 0.065       |
|    clip_range           | 0.2         |
|    entropy_loss         | -1.68       |
|    explained_variance   | 0.859       |
|    learning_rate        | 0.0003      |
|    loss                 | 0.0126      |
|    n_updates            | 110         |
|    policy_gradient_loss | -0.0051     |
|    value_loss           | 0.0706      |
-----------------------------------------
----------------------------------------
| rollout/                |            |
|    ep_len_mean          | 217        |
|    ep_rew_mean          | 24.6       |
| time/                   |            |
|    fps                  | 457        |
|    iterations           | 24         |
|    time_elapsed         | 1289       |
|    total_timesteps      | 589824     |
| train/                  |            |
|    approx_kl            | 0.00618978 |
|    clip_fraction        | 0.0577     |
|    clip_range           | 0.2        |
|    entropy_loss         | -1.66      |
|    explained_variance   | 0.907      |
|    learning_rate        | 0.0003     |
|    loss                 | -0.00328   |
|    n_updates            | 115        |
|    policy_gradient_loss | -0.00457   |
|    value_loss           | 0.0571     |
----------------------------------------
------------------------------------------
| rollout/                |              |
|    ep_len_mean          | 174          |
|    ep_rew_mean          | 31.2         |
| time/                   |              |
|    fps                  | 457          |
|    iterations           | 25           |
|    time_elapsed         | 1341         |
|    total_timesteps      | 614400       |
| train/                  |              |
|    approx_kl            | 0.0071686935 |
|    clip_fraction        | 0.0653       |
|    clip_range           | 0.2          |
|    entropy_loss         | -1.67        |
|    explained_variance   | 0.904        |
|    learning_rate        | 0.0003       |
|    loss                 | 0.00202      |
|    n_updates            | 120          |
|    policy_gradient_loss | -0.00357     |
|    value_loss           | 0.0855       |
------------------------------------------
-----------------------------------------
| rollout/                |             |
|    ep_len_mean          | 225         |
|    ep_rew_mean          | 27.5        |
| time/                   |             |
|    fps                  | 458         |
|    iterations           | 26          |
|    time_elapsed         | 1394        |
|    total_timesteps      | 638976      |
| train/                  |             |
|    approx_kl            | 0.006687435 |
|    clip_fraction        | 0.0676      |
|    clip_range           | 0.2         |
|    entropy_loss         | -1.61       |
|    explained_variance   | 0.916       |
|    learning_rate        | 0.0003      |
|    loss                 | 0.00419     |
|    n_updates            | 125         |
|    policy_gradient_loss | -0.00472    |
|    value_loss           | 0.0602      |
-----------------------------------------
------------------------------------------
| rollout/                |              |
|    ep_len_mean          | 185          |
|    ep_rew_mean          | 33.9         |
| time/                   |              |
|    fps                  | 458          |
|    iterations           | 27           |
|    time_elapsed         | 1446         |
|    total_timesteps      | 663552       |
| train/                  |              |
|    approx_kl            | 0.0067164805 |
|    clip_fraction        | 0.068        |
|    clip_range           | 0.2          |
|    entropy_loss         | -1.61        |
|    explained_variance   | 0.926        |
|    learning_rate        | 0.0003       |
|    loss                 | 0.00866      |
|    n_updates            | 130          |
|    policy_gradient_loss | -0.00539     |
|    value_loss           | 0.0577       |
------------------------------------------
------------------------------------------
| rollout/                |              |
|    ep_len_mean          | 184          |
|    ep_rew_mean          | 34.2         |
| time/                   |              |
|    fps                  | 458          |
|    iterations           | 28           |
|    time_elapsed         | 1499         |
|    total_timesteps      | 688128       |
| train/                  |              |
|    approx_kl            | 0.0073754503 |
|    clip_fraction        | 0.0757       |
|    clip_range           | 0.2          |
|    entropy_loss         | -1.59        |
|    explained_variance   | 0.94         |
|    learning_rate        | 0.0003       |
|    loss                 | -0.000763    |
|    n_updates            | 135          |
|    policy_gradient_loss | -0.00625     |
|    value_loss           | 0.051        |
------------------------------------------
-----------------------------------------
| rollout/                |             |
|    ep_len_mean          | 200         |
|    ep_rew_mean          | 40.1        |
| time/                   |             |
|    fps                  | 458         |
|    iterations           | 29          |
|    time_elapsed         | 1552        |
|    total_timesteps      | 712704      |
| train/                  |             |
|    approx_kl            | 0.006773304 |
|    clip_fraction        | 0.0641      |
|    clip_range           | 0.2         |
|    entropy_loss         | -1.55       |
|    explained_variance   | 0.907       |
|    learning_rate        | 0.0003      |
|    loss                 | 0.00123     |
|    n_updates            | 140         |
|    policy_gradient_loss | -0.00522    |
|    value_loss           | 0.0572      |
-----------------------------------------
-----------------------------------------
| rollout/                |             |
|    ep_len_mean          | 278         |
|    ep_rew_mean          | 26.4        |
| time/                   |             |
|    fps                  | 459         |
|    iterations           | 30          |
|    time_elapsed         | 1605        |
|    total_timesteps      | 737280      |
| train/                  |             |
|    approx_kl            | 0.011467819 |
|    clip_fraction        | 0.0647      |
|    clip_range           | 0.2         |
|    entropy_loss         | -1.56       |
|    explained_variance   | 0.951       |
|    learning_rate        | 0.0003      |
|    loss                 | 0.0715      |
|    n_updates            | 145         |
|    policy_gradient_loss | -0.00626    |
|    value_loss           | 0.0479      |
-----------------------------------------
------------------------------------------
| rollout/                |              |
|    ep_len_mean          | 253          |
|    ep_rew_mean          | 35.7         |
| time/                   |              |
|    fps                  | 459          |
|    iterations           | 31           |
|    time_elapsed         | 1656         |
|    total_timesteps      | 761856       |
| train/                  |              |
|    approx_kl            | 0.0066575543 |
|    clip_fraction        | 0.0623       |
|    clip_range           | 0.2          |
|    entropy_loss         | -1.58        |
|    explained_variance   | 0.967        |
|    learning_rate        | 0.0003       |
|    loss                 | -0.00356     |
|    n_updates            | 150          |
|    policy_gradient_loss | -0.00525     |
|    value_loss           | 0.0412       |
------------------------------------------
------------------------------------------
| rollout/                |              |
|    ep_len_mean          | 201          |
|    ep_rew_mean          | 42.4         |
| time/                   |              |
|    fps                  | 460          |
|    iterations           | 32           |
|    time_elapsed         | 1707         |
|    total_timesteps      | 786432       |
| train/                  |              |
|    approx_kl            | 0.0070627867 |
|    clip_fraction        | 0.0708       |
|    clip_range           | 0.2          |
|    entropy_loss         | -1.57        |
|    explained_variance   | 0.961        |
|    learning_rate        | 0.0003       |
|    loss                 | -0.00771     |
|    n_updates            | 155          |
|    policy_gradient_loss | -0.00512     |
|    value_loss           | 0.0466       |
------------------------------------------
-----------------------------------------
| rollout/                |             |
|    ep_len_mean          | 261         |
|    ep_rew_mean          | 37.6        |
| time/                   |             |
|    fps                  | 460         |
|    iterations           | 33          |
|    time_elapsed         | 1759        |
|    total_timesteps      | 811008      |
| train/                  |             |
|    approx_kl            | 0.007247058 |
|    clip_fraction        | 0.0709      |
|    clip_range           | 0.2         |
|    entropy_loss         | -1.52       |
|    explained_variance   | 0.962       |
|    learning_rate        | 0.0003      |
|    loss                 | -0.00109    |
|    n_updates            | 160         |
|    policy_gradient_loss | -0.00365    |
|    value_loss           | 0.0437      |
-----------------------------------------
-----------------------------------------
| rollout/                |             |
|    ep_len_mean          | 269         |
|    ep_rew_mean          | 39.3        |
| time/                   |             |
|    fps                  | 460         |
|    iterations           | 34          |
|    time_elapsed         | 1812        |
|    total_timesteps      | 835584      |
| train/                  |             |
|    approx_kl            | 0.006303063 |
|    clip_fraction        | 0.0675      |
|    clip_range           | 0.2         |
|    entropy_loss         | -1.53       |
|    explained_variance   | 0.972       |
|    learning_rate        | 0.0003      |
|    loss                 | -0.0115     |
|    n_updates            | 165         |
|    policy_gradient_loss | -0.00559    |
|    value_loss           | 0.0369      |
-----------------------------------------
-----------------------------------------
| rollout/                |             |
|    ep_len_mean          | 265         |
|    ep_rew_mean          | 41.9        |
| time/                   |             |
|    fps                  | 461         |
|    iterations           | 35          |
|    time_elapsed         | 1864        |
|    total_timesteps      | 860160      |
| train/                  |             |
|    approx_kl            | 0.006979491 |
|    clip_fraction        | 0.0678      |
|    clip_range           | 0.2         |
|    entropy_loss         | -1.57       |
|    explained_variance   | 0.979       |
|    learning_rate        | 0.0003      |
|    loss                 | -0.0123     |
|    n_updates            | 170         |
|    policy_gradient_loss | -0.00549    |
|    value_loss           | 0.0316      |
-----------------------------------------
-----------------------------------------
| rollout/                |             |
|    ep_len_mean          | 275         |
|    ep_rew_mean          | 46.6        |
| time/                   |             |
|    fps                  | 461         |
|    iterations           | 36          |
|    time_elapsed         | 1916        |
|    total_timesteps      | 884736      |
| train/                  |             |
|    approx_kl            | 0.007700559 |
|    clip_fraction        | 0.0812      |
|    clip_range           | 0.2         |
|    entropy_loss         | -1.51       |
|    explained_variance   | 0.971       |
|    learning_rate        | 0.0003      |
|    loss                 | -0.0144     |
|    n_updates            | 175         |
|    policy_gradient_loss | -0.00499    |
|    value_loss           | 0.0311      |
-----------------------------------------
-----------------------------------------
| rollout/                |             |
|    ep_len_mean          | 265         |
|    ep_rew_mean          | 42.5        |
| time/                   |             |
|    fps                  | 461         |
|    iterations           | 37          |
|    time_elapsed         | 1968        |
|    total_timesteps      | 909312      |
| train/                  |             |
|    approx_kl            | 0.006919081 |
|    clip_fraction        | 0.0641      |
|    clip_range           | 0.2         |
|    entropy_loss         | -1.5        |
|    explained_variance   | 0.972       |
|    learning_rate        | 0.0003      |
|    loss                 | 0.00448     |
|    n_updates            | 180         |
|    policy_gradient_loss | -0.00509    |
|    value_loss           | 0.0343      |
-----------------------------------------
----------------------------------------
| rollout/                |            |
|    ep_len_mean          | 278        |
|    ep_rew_mean          | 48.6       |
| time/                   |            |
|    fps                  | 462        |
|    iterations           | 38         |
|    time_elapsed         | 2020       |
|    total_timesteps      | 933888     |
| train/                  |            |
|    approx_kl            | 0.00798536 |
|    clip_fraction        | 0.0737     |
|    clip_range           | 0.2        |
|    entropy_loss         | -1.47      |
|    explained_variance   | 0.971      |
|    learning_rate        | 0.0003     |
|    loss                 | -0.00318   |
|    n_updates            | 185        |
|    policy_gradient_loss | -0.00523   |
|    value_loss           | 0.0364     |
----------------------------------------
------------------------------------------
| rollout/                |              |
|    ep_len_mean          | 367          |
|    ep_rew_mean          | 42.1         |
| time/                   |              |
|    fps                  | 462          |
|    iterations           | 39           |
|    time_elapsed         | 2072         |
|    total_timesteps      | 958464       |
| train/                  |              |
|    approx_kl            | 0.0069821575 |
|    clip_fraction        | 0.0635       |
|    clip_range           | 0.2          |
|    entropy_loss         | -1.54        |
|    explained_variance   | 0.982        |
|    learning_rate        | 0.0003       |
|    loss                 | -0.0128      |
|    n_updates            | 190          |
|    policy_gradient_loss | -0.00518     |
|    value_loss           | 0.027        |
------------------------------------------
------------------------------------------
| rollout/                |              |
|    ep_len_mean          | 436          |
|    ep_rew_mean          | 33.4         |
| time/                   |              |
|    fps                  | 462          |
|    iterations           | 40           |
|    time_elapsed         | 2126         |
|    total_timesteps      | 983040       |
| train/                  |              |
|    approx_kl            | 0.0062819044 |
|    clip_fraction        | 0.0609       |
|    clip_range           | 0.2          |
|    entropy_loss         | -1.55        |
|    explained_variance   | 0.986        |
|    learning_rate        | 0.0003       |
|    loss                 | -0.0201      |
|    n_updates            | 195          |
|    policy_gradient_loss | -0.00416     |
|    value_loss           | 0.0214       |
------------------------------------------
[Checkpoint] Saved at 1000000 steps > /home/runner/work/Disciples2-RL/Disciples2-RL/github_experiments/132/small/green_dragon/seed132-small-green_dragon-32928730117-1/checkpoints/campaign_ppo_step_1000000.zip
Eval num_timesteps=1000008, det_reward=-0.07 +/- 148.38
Episode length: det=865.60 +/- 1701.19
Victory rate: det=0.00%
--------------------------------------------------
| eval/                           |              |
|    deterministic_mean_ep_length | 866          |
|    deterministic_mean_reward    | -0.0667      |
|    deterministic_victory_rate   | 0            |
|    mean_ep_length               | 866          |
|    mean_reward                  | -0.0667      |
|    victory_rate                 | 0            |
| time/                           |              |
|    total_timesteps              | 1000008      |
| train/                          |              |
|    approx_kl                    | 0.0074296594 |
|    clip_fraction                | 0.0825       |
|    clip_range                   | 0.2          |
|    entropy_loss                 | -1.54        |
|    explained_variance           | 0.979        |
|    learning_rate                | 0.0003       |
|    loss                         | -0.00881     |
|    n_updates                    | 200          |
|    policy_gradient_loss         | -0.00456     |
|    value_loss                   | 0.0278       |
--------------------------------------------------
New best model by deterministic victory rate!
---------------------------------
| rollout/           |          |
|    ep_len_mean     | 308      |
|    ep_rew_mean     | 48.7     |
| time/              |          |
|    fps             | 448      |
|    iterations      | 41       |
|    time_elapsed    | 2247     |
|    total_timesteps | 1007616  |
---------------------------------
VecNormalize stats saved: /home/runner/work/Disciples2-RL/Disciples2-RL/github_experiments/132/small/green_dragon/seed132-small-green_dragon-32928730117-1/models/vecnormalize.pkl

Финальная модель сохранена: /home/runner/work/Disciples2-RL/Disciples2-RL/github_experiments/132/small/green_dragon/seed132-small-green_dragon-32928730117-1/models/final_model.zip

============================================================
ИТОГИ ОБУЧЕНИЯ:
  Побед: 2
  Поражений: 4893
  Таймаутов: 8
  Побед бота столицы над врагами: 0
  Перестановок юнитов: 193763
  Терминальные поражения по противникам:
    enemy_31: 1087 — Отряд: зеленый дракон
    enemy_29: 635 — Отряд: 3 скваера на передней линии
    enemy_74: 474 — Руины (43, 34): Лорд Тьмы, Лич
    enemy_25: 397 — Отряд: копейщик спереди и служка сзади
    enemy_23: 332 — Отряд: волк на передней линии
    enemy_7: 312 — Отряд: воин + привидение спереди, колдун + призрак + привидение сзади
    enemy_61: 297 — Отряд: Зомби, Призрак
    enemy_15: 244 — Отряд: 2 привидения спереди, вампир сзади
    enemy_65: 243 — Отряд: Кентавр копейщик, Рейнджер
    enemy_34: 174 — Отряд Порта Полонис: Воин спереди, Колдун, Нигош (Носферату) и Привидение сзади
    enemy_17: 173 — Отряд: воин спереди, 2 призрака и привидение сзади
    enemy_27: 165 — Отряд: скваер в центре и 2 крестьянина на передней линии
    enemy_21: 120 — Отряд: зомби спереди, привидение сзади
    enemy_19: 93 — Отряд: зомби спереди, привидение сзади
    enemy_9: 32 — Отряд: тамплиер спереди, колдун и призрак сзади
    enemy_3: 25 — Отряд: орк чемпион на передней линии
    enemy_35: 22 — Отряд Соругириллы: Унфегра (Королева личей), Виверна
    enemy_11: 15 — Отряд: оборотень спереди и тень сзади
    enemy_59: 11 — Отряд: Зомби
    enemy_57: 10 — Отряд: Призрак, Привидение, Воин
    enemy_63: 8 — Отряд: Разбойник
    enemy_47: 8 — Отряд: Призрак, Привидение, Привидение, Воин
    enemy_5: 5 — Отряд: орк чемпион на передней линии
    enemy_13: 3 — Отряд: 2 зомби спереди и привидение сзади
    enemy_39: 2 — Отряд: Волк, Варвар
    enemy_75: 2 — Страж столицы Империи: Мизраэль
    enemy_70: 1 — Руины (15, 9): Орк, Гоблин, Гоблин
    enemy_1: 1 — Отряд: волк на передней линии
    enemy_43: 1 — Отряд: Призрак, Тамплиер
    enemy_69: 1 — Внутренний гарнизон Соругириллы: Зомби, Воин
  Winrate: 0.0%
============================================================
  График призывов за эпизод: /home/runner/work/Disciples2-RL/Disciples2-RL/github_experiments/132/small/green_dragon/seed132-small-green_dragon-32928730117-1/plots/campaign_summoned_units_per_episode.png
  График призывов за всё обучение: /home/runner/work/Disciples2-RL/Disciples2-RL/github_experiments/132/small/green_dragon/seed132-small-green_dragon-32928730117-1/plots/campaign_summoned_units_cumulative.png
  График найма за эпизод: /home/runner/work/Disciples2-RL/Disciples2-RL/github_experiments/132/small/green_dragon/seed132-small-green_dragon-32928730117-1/plots/campaign_hired_units_per_episode.png
  График найма за всё обучение: /home/runner/work/Disciples2-RL/Disciples2-RL/github_experiments/132/small/green_dragon/seed132-small-green_dragon-32928730117-1/plots/campaign_hired_units_cumulative.png
  График перестановок юнитов за эпизод: /home/runner/work/Disciples2-RL/Disciples2-RL/github_experiments/132/small/green_dragon/seed132-small-green_dragon-32928730117-1/plots/campaign_unit_swaps_per_episode.png
  График боевых предметов: /home/runner/work/Disciples2-RL/Disciples2-RL/github_experiments/132/small/green_dragon/seed132-small-green_dragon-32928730117-1/plots/campaign_battle_item_activity.png
  График побед бота столицы за эпизод: /home/runner/work/Disciples2-RL/Disciples2-RL/github_experiments/132/small/green_dragon/seed132-small-green_dragon-32928730117-1/plots/campaign_scripted_bot_victories_per_episode.png
  График применения заклинаний: /home/runner/work/Disciples2-RL/Disciples2-RL/github_experiments/132/small/green_dragon/seed132-small-green_dragon-32928730117-1/plots/campaign_spell_cast_activity.png
