Проверка среды CampaignEnv...
Среда прошла проверку!
[INFO] Comet disabled, running without experiment tracking
Создание 12 параллельных сред (subproc)...
Инициализация MaskablePPO...
Using cpu device

============================================================
Запуск обучения Campaign Agent
Всего шагов: 1,000,000
Параллельных сред: 12
VecEnv: subproc
VecEnv start method: forkserver
Seed: 137
Checkpoint каждые: 500,000 шагов
Evaluation каждые: 83,334 шагов
Eval deterministic эпизодов: 20
Eval stochastic эпизодов: 0
Eval лимит шагов на эпизод: 5000
Campaign map: orc_duel
Campaign objective: orc
System resources at training start:
  Platform: Linux 6.17.0-1022-azure (x86_64)
  Python: 3.14.7
  PyTorch: 2.14.0+cpu
  Training device: cpu
  CPU model: AMD EPYC 7763 64-Core Processor
  CPU vendor: AuthenticAMD
  Logical CPUs visible: 4
  Process CPU affinity: 4
  Sockets: 1
  Cores per socket: 2
  Threads per core: 2
  CPU max MHz: unknown
  CPU min MHz: unknown
  L1d cache: 64 KiB (2 instances)
  L1i cache: 64 KiB (2 instances)
  L2 cache: 1 MiB (2 instances)
  L3 cache: 32 MiB (1 instance)
  Virtualization: AMD-V
  Hypervisor: Microsoft
  RAM total: 15.61 GiB
  RAM available at start: 13.97 GiB
  Disk total: 144.26 GiB
  Disk free at start: 74.68 GiB
  Torch intra-op threads: 4
  Torch inter-op threads: 2
  OMP_NUM_THREADS: 4
  MKL_NUM_THREADS: 4
  OPENBLAS_NUM_THREADS: 4
  GitHub runner OS: Linux
  GitHub runner architecture: X64
  GitHub runner environment: github-hosted
PPO n_steps: 2,048
PPO batch_size: 512
PPO n_epochs: 5
PPO learning_rate: 0.0003
PPO clip_range: 0.2
PPO ent_coef: 0.01
PPO gamma: 0.995
PPO gae_lambda: 0.95
PPO target_kl: disabled
PPO gradient batches per rollout: 240
VecCheckNan: disabled
Freeze action layout: enabled
Empire territory: enabled
Torch threads per process: 4
Diagnostics: disabled
Wall-clock training limit: disabled
Run ID: seed137-orc_duel-orc-35338701227-1
============================================================

Logging to /home/runner/work/Disciples2-RL/Disciples2-RL/github_experiments/137/orc_duel/orc/seed137-orc_duel-orc-35338701227-1/tensorboard/MaskablePPO_1
---------------------------------
| rollout/           |          |
|    ep_len_mean     | 1.21e+03 |
|    ep_rew_mean     | 90.3     |
| time/              |          |
|    fps             | 557      |
|    iterations      | 1        |
|    time_elapsed    | 44       |
|    total_timesteps | 24576    |
---------------------------------
-----------------------------------------
| rollout/                |             |
|    ep_len_mean          | 3.64e+03    |
|    ep_rew_mean          | -103        |
| time/                   |             |
|    fps                  | 519         |
|    iterations           | 2           |
|    time_elapsed         | 94          |
|    total_timesteps      | 49152       |
| train/                  |             |
|    approx_kl            | 0.008162203 |
|    clip_fraction        | 0.0497      |
|    clip_range           | 0.2         |
|    entropy_loss         | -2.24       |
|    explained_variance   | 0.0386      |
|    learning_rate        | 0.0003      |
|    loss                 | 0.145       |
|    n_updates            | 5           |
|    policy_gradient_loss | -0.00474    |
|    value_loss           | 0.267       |
-----------------------------------------
-----------------------------------------
| rollout/                |             |
|    ep_len_mean          | 3.43e+03    |
|    ep_rew_mean          | -84.1       |
| time/                   |             |
|    fps                  | 514         |
|    iterations           | 3           |
|    time_elapsed         | 143         |
|    total_timesteps      | 73728       |
| train/                  |             |
|    approx_kl            | 0.011821218 |
|    clip_fraction        | 0.103       |
|    clip_range           | 0.2         |
|    entropy_loss         | -2.21       |
|    explained_variance   | 0.155       |
|    learning_rate        | 0.0003      |
|    loss                 | -0.000464   |
|    n_updates            | 10          |
|    policy_gradient_loss | -0.00461    |
|    value_loss           | 0.0664      |
-----------------------------------------
-----------------------------------------
| rollout/                |             |
|    ep_len_mean          | 2.56e+03    |
|    ep_rew_mean          | -3.4        |
| time/                   |             |
|    fps                  | 515         |
|    iterations           | 4           |
|    time_elapsed         | 190         |
|    total_timesteps      | 98304       |
| train/                  |             |
|    approx_kl            | 0.010113063 |
|    clip_fraction        | 0.104       |
|    clip_range           | 0.2         |
|    entropy_loss         | -2.21       |
|    explained_variance   | 0.509       |
|    learning_rate        | 0.0003      |
|    loss                 | -0.00162    |
|    n_updates            | 15          |
|    policy_gradient_loss | -0.00494    |
|    value_loss           | 0.0964      |
-----------------------------------------
-----------------------------------------
| rollout/                |             |
|    ep_len_mean          | 2.22e+03    |
|    ep_rew_mean          | 12.6        |
| time/                   |             |
|    fps                  | 514         |
|    iterations           | 5           |
|    time_elapsed         | 239         |
|    total_timesteps      | 122880      |
| train/                  |             |
|    approx_kl            | 0.010587093 |
|    clip_fraction        | 0.0998      |
|    clip_range           | 0.2         |
|    entropy_loss         | -2.18       |
|    explained_variance   | 0.387       |
|    learning_rate        | 0.0003      |
|    loss                 | 0.421       |
|    n_updates            | 20          |
|    policy_gradient_loss | -0.00601    |
|    value_loss           | 0.675       |
-----------------------------------------
-----------------------------------------
| rollout/                |             |
|    ep_len_mean          | 1.9e+03     |
|    ep_rew_mean          | 22.2        |
| time/                   |             |
|    fps                  | 516         |
|    iterations           | 6           |
|    time_elapsed         | 285         |
|    total_timesteps      | 147456      |
| train/                  |             |
|    approx_kl            | 0.008849863 |
|    clip_fraction        | 0.0805      |
|    clip_range           | 0.2         |
|    entropy_loss         | -2.08       |
|    explained_variance   | 0.485       |
|    learning_rate        | 0.0003      |
|    loss                 | 0.175       |
|    n_updates            | 25          |
|    policy_gradient_loss | -0.00448    |
|    value_loss           | 0.401       |
-----------------------------------------
-----------------------------------------
| rollout/                |             |
|    ep_len_mean          | 953         |
|    ep_rew_mean          | 64.9        |
| time/                   |             |
|    fps                  | 518         |
|    iterations           | 7           |
|    time_elapsed         | 331         |
|    total_timesteps      | 172032      |
| train/                  |             |
|    approx_kl            | 0.008238903 |
|    clip_fraction        | 0.0548      |
|    clip_range           | 0.2         |
|    entropy_loss         | -2.04       |
|    explained_variance   | 0.575       |
|    learning_rate        | 0.0003      |
|    loss                 | 0.437       |
|    n_updates            | 30          |
|    policy_gradient_loss | -0.00434    |
|    value_loss           | 0.494       |
-----------------------------------------
-----------------------------------------
| rollout/                |             |
|    ep_len_mean          | 422         |
|    ep_rew_mean          | 96.9        |
| time/                   |             |
|    fps                  | 518         |
|    iterations           | 8           |
|    time_elapsed         | 378         |
|    total_timesteps      | 196608      |
| train/                  |             |
|    approx_kl            | 0.009208205 |
|    clip_fraction        | 0.0723      |
|    clip_range           | 0.2         |
|    entropy_loss         | -2.04       |
|    explained_variance   | 0.593       |
|    learning_rate        | 0.0003      |
|    loss                 | 0.494       |
|    n_updates            | 35          |
|    policy_gradient_loss | -0.00625    |
|    value_loss           | 1.34        |
-----------------------------------------
------------------------------------------
| rollout/                |              |
|    ep_len_mean          | 218          |
|    ep_rew_mean          | 106          |
| time/                   |              |
|    fps                  | 520          |
|    iterations           | 9            |
|    time_elapsed         | 424          |
|    total_timesteps      | 221184       |
| train/                  |              |
|    approx_kl            | 0.0091447765 |
|    clip_fraction        | 0.0711       |
|    clip_range           | 0.2          |
|    entropy_loss         | -1.99        |
|    explained_variance   | 0.61         |
|    learning_rate        | 0.0003       |
|    loss                 | 0.544        |
|    n_updates            | 40           |
|    policy_gradient_loss | -0.00671     |
|    value_loss           | 1.26         |
------------------------------------------
-----------------------------------------
| rollout/                |             |
|    ep_len_mean          | 148         |
|    ep_rew_mean          | 110         |
| time/                   |             |
|    fps                  | 522         |
|    iterations           | 10          |
|    time_elapsed         | 470         |
|    total_timesteps      | 245760      |
| train/                  |             |
|    approx_kl            | 0.009743028 |
|    clip_fraction        | 0.0862      |
|    clip_range           | 0.2         |
|    entropy_loss         | -1.95       |
|    explained_variance   | 0.656       |
|    learning_rate        | 0.0003      |
|    loss                 | 0.785       |
|    n_updates            | 45          |
|    policy_gradient_loss | -0.00677    |
|    value_loss           | 1.6         |
-----------------------------------------
-----------------------------------------
| rollout/                |             |
|    ep_len_mean          | 92.3        |
|    ep_rew_mean          | 111         |
| time/                   |             |
|    fps                  | 524         |
|    iterations           | 11          |
|    time_elapsed         | 514         |
|    total_timesteps      | 270336      |
| train/                  |             |
|    approx_kl            | 0.011874494 |
|    clip_fraction        | 0.122       |
|    clip_range           | 0.2         |
|    entropy_loss         | -1.89       |
|    explained_variance   | 0.755       |
|    learning_rate        | 0.0003      |
|    loss                 | 0.437       |
|    n_updates            | 50          |
|    policy_gradient_loss | -0.00868    |
|    value_loss           | 1.17        |
-----------------------------------------
-----------------------------------------
| rollout/                |             |
|    ep_len_mean          | 73.8        |
|    ep_rew_mean          | 112         |
| time/                   |             |
|    fps                  | 526         |
|    iterations           | 12          |
|    time_elapsed         | 560         |
|    total_timesteps      | 294912      |
| train/                  |             |
|    approx_kl            | 0.013537663 |
|    clip_fraction        | 0.143       |
|    clip_range           | 0.2         |
|    entropy_loss         | -1.83       |
|    explained_variance   | 0.83        |
|    learning_rate        | 0.0003      |
|    loss                 | 0.499       |
|    n_updates            | 55          |
|    policy_gradient_loss | -0.0108     |
|    value_loss           | 0.96        |
-----------------------------------------
------------------------------------------
| rollout/                |              |
|    ep_len_mean          | 61.2         |
|    ep_rew_mean          | 112          |
| time/                   |              |
|    fps                  | 525          |
|    iterations           | 13           |
|    time_elapsed         | 608          |
|    total_timesteps      | 319488       |
| train/                  |              |
|    approx_kl            | 0.0125224665 |
|    clip_fraction        | 0.114        |
|    clip_range           | 0.2          |
|    entropy_loss         | -1.74        |
|    explained_variance   | 0.838        |
|    learning_rate        | 0.0003       |
|    loss                 | 0.355        |
|    n_updates            | 60           |
|    policy_gradient_loss | -0.011       |
|    value_loss           | 0.817        |
------------------------------------------
-----------------------------------------
| rollout/                |             |
|    ep_len_mean          | 51.4        |
|    ep_rew_mean          | 112         |
| time/                   |             |
|    fps                  | 522         |
|    iterations           | 14          |
|    time_elapsed         | 657         |
|    total_timesteps      | 344064      |
| train/                  |             |
|    approx_kl            | 0.014131497 |
|    clip_fraction        | 0.146       |
|    clip_range           | 0.2         |
|    entropy_loss         | -1.6        |
|    explained_variance   | 0.87        |
|    learning_rate        | 0.0003      |
|    loss                 | 0.173       |
|    n_updates            | 65          |
|    policy_gradient_loss | -0.0114     |
|    value_loss           | 0.424       |
-----------------------------------------
-----------------------------------------
| rollout/                |             |
|    ep_len_mean          | 47.2        |
|    ep_rew_mean          | 112         |
| time/                   |             |
|    fps                  | 520         |
|    iterations           | 15          |
|    time_elapsed         | 708         |
|    total_timesteps      | 368640      |
| train/                  |             |
|    approx_kl            | 0.011856258 |
|    clip_fraction        | 0.125       |
|    clip_range           | 0.2         |
|    entropy_loss         | -1.48       |
|    explained_variance   | 0.836       |
|    learning_rate        | 0.0003      |
|    loss                 | 0.082       |
|    n_updates            | 70          |
|    policy_gradient_loss | -0.00889    |
|    value_loss           | 0.163       |
-----------------------------------------
-----------------------------------------
| rollout/                |             |
|    ep_len_mean          | 43.7        |
|    ep_rew_mean          | 112         |
| time/                   |             |
|    fps                  | 519         |
|    iterations           | 16          |
|    time_elapsed         | 756         |
|    total_timesteps      | 393216      |
| train/                  |             |
|    approx_kl            | 0.023838514 |
|    clip_fraction        | 0.135       |
|    clip_range           | 0.2         |
|    entropy_loss         | -1.36       |
|    explained_variance   | 0.821       |
|    learning_rate        | 0.0003      |
|    loss                 | -0.0343     |
|    n_updates            | 75          |
|    policy_gradient_loss | -0.0131     |
|    value_loss           | 0.025       |
-----------------------------------------
-----------------------------------------
| rollout/                |             |
|    ep_len_mean          | 42.8        |
|    ep_rew_mean          | 112         |
| time/                   |             |
|    fps                  | 518         |
|    iterations           | 17          |
|    time_elapsed         | 806         |
|    total_timesteps      | 417792      |
| train/                  |             |
|    approx_kl            | 0.013507727 |
|    clip_fraction        | 0.107       |
|    clip_range           | 0.2         |
|    entropy_loss         | -1.23       |
|    explained_variance   | 0.895       |
|    learning_rate        | 0.0003      |
|    loss                 | -0.0171     |
|    n_updates            | 80          |
|    policy_gradient_loss | -0.00933    |
|    value_loss           | 0.0134      |
-----------------------------------------
-----------------------------------------
| rollout/                |             |
|    ep_len_mean          | 42.7        |
|    ep_rew_mean          | 112         |
| time/                   |             |
|    fps                  | 516         |
|    iterations           | 18          |
|    time_elapsed         | 856         |
|    total_timesteps      | 442368      |
| train/                  |             |
|    approx_kl            | 0.016621714 |
|    clip_fraction        | 0.121       |
|    clip_range           | 0.2         |
|    entropy_loss         | -1.19       |
|    explained_variance   | 0.853       |
|    learning_rate        | 0.0003      |
|    loss                 | -0.00461    |
|    n_updates            | 85          |
|    policy_gradient_loss | -0.00795    |
|    value_loss           | 0.00777     |
-----------------------------------------
-----------------------------------------
| rollout/                |             |
|    ep_len_mean          | 41.8        |
|    ep_rew_mean          | 112         |
| time/                   |             |
|    fps                  | 515         |
|    iterations           | 19          |
|    time_elapsed         | 905         |
|    total_timesteps      | 466944      |
| train/                  |             |
|    approx_kl            | 0.010291405 |
|    clip_fraction        | 0.092       |
|    clip_range           | 0.2         |
|    entropy_loss         | -1.18       |
|    explained_variance   | 0.862       |
|    learning_rate        | 0.0003      |
|    loss                 | -0.0132     |
|    n_updates            | 90          |
|    policy_gradient_loss | -0.00623    |
|    value_loss           | 0.00713     |
-----------------------------------------
-----------------------------------------
| rollout/                |             |
|    ep_len_mean          | 40.9        |
|    ep_rew_mean          | 112         |
| time/                   |             |
|    fps                  | 514         |
|    iterations           | 20          |
|    time_elapsed         | 955         |
|    total_timesteps      | 491520      |
| train/                  |             |
|    approx_kl            | 0.010746266 |
|    clip_fraction        | 0.114       |
|    clip_range           | 0.2         |
|    entropy_loss         | -1.13       |
|    explained_variance   | 0.946       |
|    learning_rate        | 0.0003      |
|    loss                 | -0.018      |
|    n_updates            | 95          |
|    policy_gradient_loss | -0.00954    |
|    value_loss           | 0.00567     |
-----------------------------------------
[Checkpoint] Saved at 500000 steps > /home/runner/work/Disciples2-RL/Disciples2-RL/github_experiments/137/orc_duel/orc/seed137-orc_duel-orc-35338701227-1/checkpoints/campaign_ppo_step_500000.zip
-----------------------------------------
| rollout/                |             |
|    ep_len_mean          | 40.1        |
|    ep_rew_mean          | 112         |
| time/                   |             |
|    fps                  | 513         |
|    iterations           | 21          |
|    time_elapsed         | 1005        |
|    total_timesteps      | 516096      |
| train/                  |             |
|    approx_kl            | 0.009508668 |
|    clip_fraction        | 0.122       |
|    clip_range           | 0.2         |
|    entropy_loss         | -1.09       |
|    explained_variance   | 0.966       |
|    learning_rate        | 0.0003      |
|    loss                 | -0.0235     |
|    n_updates            | 100         |
|    policy_gradient_loss | -0.0115     |
|    value_loss           | 0.00446     |
-----------------------------------------
------------------------------------------
| rollout/                |              |
|    ep_len_mean          | 39           |
|    ep_rew_mean          | 112          |
| time/                   |              |
|    fps                  | 512          |
|    iterations           | 22           |
|    time_elapsed         | 1055         |
|    total_timesteps      | 540672       |
| train/                  |              |
|    approx_kl            | 0.0076931776 |
|    clip_fraction        | 0.114        |
|    clip_range           | 0.2          |
|    entropy_loss         | -1.06        |
|    explained_variance   | 0.973        |
|    learning_rate        | 0.0003       |
|    loss                 | -0.0228      |
|    n_updates            | 105          |
|    policy_gradient_loss | -0.0126      |
|    value_loss           | 0.00348      |
------------------------------------------
-----------------------------------------
| rollout/                |             |
|    ep_len_mean          | 37.8        |
|    ep_rew_mean          | 112         |
| time/                   |             |
|    fps                  | 510         |
|    iterations           | 23          |
|    time_elapsed         | 1106        |
|    total_timesteps      | 565248      |
| train/                  |             |
|    approx_kl            | 0.007311387 |
|    clip_fraction        | 0.119       |
|    clip_range           | 0.2         |
|    entropy_loss         | -1.01       |
|    explained_variance   | 0.976       |
|    learning_rate        | 0.0003      |
|    loss                 | -0.0269     |
|    n_updates            | 110         |
|    policy_gradient_loss | -0.0148     |
|    value_loss           | 0.003       |
-----------------------------------------
------------------------------------------
| rollout/                |              |
|    ep_len_mean          | 36.9         |
|    ep_rew_mean          | 112          |
| time/                   |              |
|    fps                  | 510          |
|    iterations           | 24           |
|    time_elapsed         | 1155         |
|    total_timesteps      | 589824       |
| train/                  |              |
|    approx_kl            | 0.0074756965 |
|    clip_fraction        | 0.13         |
|    clip_range           | 0.2          |
|    entropy_loss         | -0.955       |
|    explained_variance   | 0.979        |
|    learning_rate        | 0.0003       |
|    loss                 | -0.0203      |
|    n_updates            | 115          |
|    policy_gradient_loss | -0.0158      |
|    value_loss           | 0.00257      |
------------------------------------------
---------------------------------------
| rollout/                |           |
|    ep_len_mean          | 35.5      |
|    ep_rew_mean          | 112       |
| time/                   |           |
|    fps                  | 509       |
|    iterations           | 25        |
|    time_elapsed         | 1205      |
|    total_timesteps      | 614400    |
| train/                  |           |
|    approx_kl            | 0.0114787 |
|    clip_fraction        | 0.13      |
|    clip_range           | 0.2       |
|    entropy_loss         | -0.856    |
|    explained_variance   | 0.979     |
|    learning_rate        | 0.0003    |
|    loss                 | -0.0232   |
|    n_updates            | 120       |
|    policy_gradient_loss | -0.0163   |
|    value_loss           | 0.00225   |
---------------------------------------
-----------------------------------------
| rollout/                |             |
|    ep_len_mean          | 34.3        |
|    ep_rew_mean          | 112         |
| time/                   |             |
|    fps                  | 509         |
|    iterations           | 26          |
|    time_elapsed         | 1255        |
|    total_timesteps      | 638976      |
| train/                  |             |
|    approx_kl            | 0.010636625 |
|    clip_fraction        | 0.129       |
|    clip_range           | 0.2         |
|    entropy_loss         | -0.78       |
|    explained_variance   | 0.978       |
|    learning_rate        | 0.0003      |
|    loss                 | -0.0264     |
|    n_updates            | 125         |
|    policy_gradient_loss | -0.0164     |
|    value_loss           | 0.00204     |
-----------------------------------------
------------------------------------------
| rollout/                |              |
|    ep_len_mean          | 36.2         |
|    ep_rew_mean          | 112          |
| time/                   |              |
|    fps                  | 508          |
|    iterations           | 27           |
|    time_elapsed         | 1305         |
|    total_timesteps      | 663552       |
| train/                  |              |
|    approx_kl            | 0.0064591207 |
|    clip_fraction        | 0.11         |
|    clip_range           | 0.2          |
|    entropy_loss         | -0.704       |
|    explained_variance   | 0.98         |
|    learning_rate        | 0.0003       |
|    loss                 | -0.0282      |
|    n_updates            | 130          |
|    policy_gradient_loss | -0.0163      |
|    value_loss           | 0.00178      |
------------------------------------------
-----------------------------------------
| rollout/                |             |
|    ep_len_mean          | 32.9        |
|    ep_rew_mean          | 112         |
| time/                   |             |
|    fps                  | 508         |
|    iterations           | 28          |
|    time_elapsed         | 1354        |
|    total_timesteps      | 688128      |
| train/                  |             |
|    approx_kl            | 0.005155077 |
|    clip_fraction        | 0.0618      |
|    clip_range           | 0.2         |
|    entropy_loss         | -0.697      |
|    explained_variance   | 0.913       |
|    learning_rate        | 0.0003      |
|    loss                 | -0.0112     |
|    n_updates            | 135         |
|    policy_gradient_loss | -0.00485    |
|    value_loss           | 0.021       |
-----------------------------------------
------------------------------------------
| rollout/                |              |
|    ep_len_mean          | 32.4         |
|    ep_rew_mean          | 112          |
| time/                   |              |
|    fps                  | 507          |
|    iterations           | 29           |
|    time_elapsed         | 1403         |
|    total_timesteps      | 712704       |
| train/                  |              |
|    approx_kl            | 0.0053778053 |
|    clip_fraction        | 0.0888       |
|    clip_range           | 0.2          |
|    entropy_loss         | -0.592       |
|    explained_variance   | 0.981        |
|    learning_rate        | 0.0003       |
|    loss                 | -0.00754     |
|    n_updates            | 140          |
|    policy_gradient_loss | -0.013       |
|    value_loss           | 0.00129      |
------------------------------------------
------------------------------------------
| rollout/                |              |
|    ep_len_mean          | 31.9         |
|    ep_rew_mean          | 112          |
| time/                   |              |
|    fps                  | 507          |
|    iterations           | 30           |
|    time_elapsed         | 1453         |
|    total_timesteps      | 737280       |
| train/                  |              |
|    approx_kl            | 0.0044875643 |
|    clip_fraction        | 0.0556       |
|    clip_range           | 0.2          |
|    entropy_loss         | -0.564       |
|    explained_variance   | 0.924        |
|    learning_rate        | 0.0003       |
|    loss                 | -0.00187     |
|    n_updates            | 145          |
|    policy_gradient_loss | -0.00442     |
|    value_loss           | 0.0174       |
------------------------------------------
-----------------------------------------
| rollout/                |             |
|    ep_len_mean          | 31          |
|    ep_rew_mean          | 112         |
| time/                   |             |
|    fps                  | 507         |
|    iterations           | 31          |
|    time_elapsed         | 1502        |
|    total_timesteps      | 761856      |
| train/                  |             |
|    approx_kl            | 0.008753502 |
|    clip_fraction        | 0.0872      |
|    clip_range           | 0.2         |
|    entropy_loss         | -0.471      |
|    explained_variance   | 0.979       |
|    learning_rate        | 0.0003      |
|    loss                 | -0.0113     |
|    n_updates            | 150         |
|    policy_gradient_loss | -0.0118     |
|    value_loss           | 0.0011      |
-----------------------------------------
------------------------------------------
| rollout/                |              |
|    ep_len_mean          | 30.7         |
|    ep_rew_mean          | 112          |
| time/                   |              |
|    fps                  | 506          |
|    iterations           | 32           |
|    time_elapsed         | 1551         |
|    total_timesteps      | 786432       |
| train/                  |              |
|    approx_kl            | 0.0047141626 |
|    clip_fraction        | 0.0618       |
|    clip_range           | 0.2          |
|    entropy_loss         | -0.423       |
|    explained_variance   | 0.988        |
|    learning_rate        | 0.0003       |
|    loss                 | -0.0192      |
|    n_updates            | 155          |
|    policy_gradient_loss | -0.0112      |
|    value_loss           | 0.000876     |
------------------------------------------
------------------------------------------
| rollout/                |              |
|    ep_len_mean          | 30.5         |
|    ep_rew_mean          | 112          |
| time/                   |              |
|    fps                  | 506          |
|    iterations           | 33           |
|    time_elapsed         | 1601         |
|    total_timesteps      | 811008       |
| train/                  |              |
|    approx_kl            | 0.0036784473 |
|    clip_fraction        | 0.0583       |
|    clip_range           | 0.2          |
|    entropy_loss         | -0.385       |
|    explained_variance   | 0.94         |
|    learning_rate        | 0.0003       |
|    loss                 | -0.0205      |
|    n_updates            | 160          |
|    policy_gradient_loss | -0.00594     |
|    value_loss           | 0.0079       |
------------------------------------------
-----------------------------------------
| rollout/                |             |
|    ep_len_mean          | 30.1        |
|    ep_rew_mean          | 112         |
| time/                   |             |
|    fps                  | 506         |
|    iterations           | 34          |
|    time_elapsed         | 1649        |
|    total_timesteps      | 835584      |
| train/                  |             |
|    approx_kl            | 0.002718333 |
|    clip_fraction        | 0.0476      |
|    clip_range           | 0.2         |
|    entropy_loss         | -0.345      |
|    explained_variance   | 0.984       |
|    learning_rate        | 0.0003      |
|    loss                 | -0.0113     |
|    n_updates            | 165         |
|    policy_gradient_loss | -0.00802    |
|    value_loss           | 0.000703    |
-----------------------------------------
------------------------------------------
| rollout/                |              |
|    ep_len_mean          | 29.7         |
|    ep_rew_mean          | 112          |
| time/                   |              |
|    fps                  | 506          |
|    iterations           | 35           |
|    time_elapsed         | 1698         |
|    total_timesteps      | 860160       |
| train/                  |              |
|    approx_kl            | 0.0029296663 |
|    clip_fraction        | 0.0516       |
|    clip_range           | 0.2          |
|    entropy_loss         | -0.307       |
|    explained_variance   | 0.991        |
|    learning_rate        | 0.0003       |
|    loss                 | -0.0182      |
|    n_updates            | 170          |
|    policy_gradient_loss | -0.00969     |
|    value_loss           | 0.000592     |
------------------------------------------
-----------------------------------------
| rollout/                |             |
|    ep_len_mean          | 29.5        |
|    ep_rew_mean          | 112         |
| time/                   |             |
|    fps                  | 506         |
|    iterations           | 36          |
|    time_elapsed         | 1747        |
|    total_timesteps      | 884736      |
| train/                  |             |
|    approx_kl            | 0.002351946 |
|    clip_fraction        | 0.0496      |
|    clip_range           | 0.2         |
|    entropy_loss         | -0.272      |
|    explained_variance   | 0.992       |
|    learning_rate        | 0.0003      |
|    loss                 | -0.0169     |
|    n_updates            | 175         |
|    policy_gradient_loss | -0.01       |
|    value_loss           | 0.000522    |
-----------------------------------------
----------------------------------------
| rollout/                |            |
|    ep_len_mean          | 29.1       |
|    ep_rew_mean          | 112        |
| time/                   |            |
|    fps                  | 506        |
|    iterations           | 37         |
|    time_elapsed         | 1796       |
|    total_timesteps      | 909312     |
| train/                  |            |
|    approx_kl            | 0.00216324 |
|    clip_fraction        | 0.0479     |
|    clip_range           | 0.2        |
|    entropy_loss         | -0.246     |
|    explained_variance   | 0.992      |
|    learning_rate        | 0.0003     |
|    loss                 | -0.0119    |
|    n_updates            | 180        |
|    policy_gradient_loss | -0.00912   |
|    value_loss           | 0.000482   |
----------------------------------------
------------------------------------------
| rollout/                |              |
|    ep_len_mean          | 28.9         |
|    ep_rew_mean          | 112          |
| time/                   |              |
|    fps                  | 506          |
|    iterations           | 38           |
|    time_elapsed         | 1845         |
|    total_timesteps      | 933888       |
| train/                  |              |
|    approx_kl            | 0.0027387303 |
|    clip_fraction        | 0.0383       |
|    clip_range           | 0.2          |
|    entropy_loss         | -0.243       |
|    explained_variance   | 0.927        |
|    learning_rate        | 0.0003       |
|    loss                 | -0.00473     |
|    n_updates            | 185          |
|    policy_gradient_loss | -0.00493     |
|    value_loss           | 0.0123       |
------------------------------------------
------------------------------------------
| rollout/                |              |
|    ep_len_mean          | 28.6         |
|    ep_rew_mean          | 112          |
| time/                   |              |
|    fps                  | 505          |
|    iterations           | 39           |
|    time_elapsed         | 1894         |
|    total_timesteps      | 958464       |
| train/                  |              |
|    approx_kl            | 0.0029731449 |
|    clip_fraction        | 0.0435       |
|    clip_range           | 0.2          |
|    entropy_loss         | -0.184       |
|    explained_variance   | 0.986        |
|    learning_rate        | 0.0003       |
|    loss                 | -0.0068      |
|    n_updates            | 190          |
|    policy_gradient_loss | -0.00713     |
|    value_loss           | 0.000581     |
------------------------------------------
------------------------------------------
| rollout/                |              |
|    ep_len_mean          | 28.5         |
|    ep_rew_mean          | 112          |
| time/                   |              |
|    fps                  | 505          |
|    iterations           | 40           |
|    time_elapsed         | 1943         |
|    total_timesteps      | 983040       |
| train/                  |              |
|    approx_kl            | 0.0016177505 |
|    clip_fraction        | 0.0215       |
|    clip_range           | 0.2          |
|    entropy_loss         | -0.162       |
|    explained_variance   | 0.994        |
|    learning_rate        | 0.0003       |
|    loss                 | -0.00922     |
|    n_updates            | 195          |
|    policy_gradient_loss | -0.00627     |
|    value_loss           | 0.000313     |
------------------------------------------
[Checkpoint] Saved at 1000000 steps > /home/runner/work/Disciples2-RL/Disciples2-RL/github_experiments/137/orc_duel/orc/seed137-orc_duel-orc-35338701227-1/checkpoints/campaign_ppo_step_1000000.zip
Eval num_timesteps=1000008, det_reward=112.20 +/- 0.00
Episode length: det=28.15 +/- 0.48
Victory rate: det=100.00%
-------------------------------------------------
| eval/                           |             |
|    deterministic_mean_ep_length | 28.1        |
|    deterministic_mean_reward    | 112         |
|    deterministic_victory_rate   | 1           |
|    mean_ep_length               | 28.1        |
|    mean_reward                  | 112         |
|    victory_rate                 | 1           |
| time/                           |             |
|    total_timesteps              | 1000008     |
| train/                          |             |
|    approx_kl                    | 0.001289827 |
|    clip_fraction                | 0.0171      |
|    clip_range                   | 0.2         |
|    entropy_loss                 | -0.14       |
|    explained_variance           | 0.995       |
|    learning_rate                | 0.0003      |
|    loss                         | 0.000386    |
|    n_updates                    | 200         |
|    policy_gradient_loss         | -0.00511    |
|    value_loss                   | 0.000303    |
-------------------------------------------------
New best model by deterministic victory rate!
---------------------------------
| rollout/           |          |
|    ep_len_mean     | 28.4     |
|    ep_rew_mean     | 112      |
| time/              |          |
|    fps             | 505      |
|    iterations      | 41       |
|    time_elapsed    | 1994     |
|    total_timesteps | 1007616  |
---------------------------------
VecNormalize stats saved: /home/runner/work/Disciples2-RL/Disciples2-RL/github_experiments/137/orc_duel/orc/seed137-orc_duel-orc-35338701227-1/models/vecnormalize.pkl

Финальная модель сохранена: /home/runner/work/Disciples2-RL/Disciples2-RL/github_experiments/137/orc_duel/orc/seed137-orc_duel-orc-35338701227-1/models/final_model.zip

============================================================
ИТОГИ ОБУЧЕНИЯ:
  Побед: 21372
  Поражений: 0
  Таймаутов: 27
  Побед бота столицы над врагами: 0
  Перестановок юнитов: 130553
  Winrate: 99.9%
============================================================
  График призывов за эпизод: /home/runner/work/Disciples2-RL/Disciples2-RL/github_experiments/137/orc_duel/orc/seed137-orc_duel-orc-35338701227-1/plots/campaign_summoned_units_per_episode.png
  График призывов за всё обучение: /home/runner/work/Disciples2-RL/Disciples2-RL/github_experiments/137/orc_duel/orc/seed137-orc_duel-orc-35338701227-1/plots/campaign_summoned_units_cumulative.png
  График найма за эпизод: /home/runner/work/Disciples2-RL/Disciples2-RL/github_experiments/137/orc_duel/orc/seed137-orc_duel-orc-35338701227-1/plots/campaign_hired_units_per_episode.png
  График найма за всё обучение: /home/runner/work/Disciples2-RL/Disciples2-RL/github_experiments/137/orc_duel/orc/seed137-orc_duel-orc-35338701227-1/plots/campaign_hired_units_cumulative.png
  График перестановок юнитов за эпизод: /home/runner/work/Disciples2-RL/Disciples2-RL/github_experiments/137/orc_duel/orc/seed137-orc_duel-orc-35338701227-1/plots/campaign_unit_swaps_per_episode.png
  График боевых предметов: /home/runner/work/Disciples2-RL/Disciples2-RL/github_experiments/137/orc_duel/orc/seed137-orc_duel-orc-35338701227-1/plots/campaign_battle_item_activity.png
  График побед бота столицы за эпизод: /home/runner/work/Disciples2-RL/Disciples2-RL/github_experiments/137/orc_duel/orc/seed137-orc_duel-orc-35338701227-1/plots/campaign_scripted_bot_victories_per_episode.png
  График применения заклинаний: /home/runner/work/Disciples2-RL/Disciples2-RL/github_experiments/137/orc_duel/orc/seed137-orc_duel-orc-35338701227-1/plots/campaign_spell_cast_activity.png
