Проверка среды CampaignEnv...
Среда прошла проверку!
[INFO] Comet disabled, running without experiment tracking
Создание 12 параллельных сред (subproc)...
Инициализация MaskablePPO...
Using cpu device

============================================================
Запуск обучения Campaign Agent
Всего шагов: 1,000,000
Параллельных сред: 12
VecEnv: subproc
VecEnv start method: forkserver
Seed: 131
Checkpoint каждые: 500,000 шагов
Evaluation каждые: 83,334 шагов
Eval deterministic эпизодов: 20
Eval stochastic эпизодов: 0
Eval лимит шагов на эпизод: 5000
Campaign map: super_last_stand
Campaign objective: waves
System resources at training start:
  Platform: Linux 6.17.0-1022-azure (x86_64)
  Python: 3.14.7
  PyTorch: 2.13.0+cpu
  Training device: cpu
  CPU model: AMD EPYC 7763 64-Core Processor
  CPU vendor: AuthenticAMD
  Logical CPUs visible: 4
  Process CPU affinity: 4
  Sockets: 1
  Cores per socket: 2
  Threads per core: 2
  CPU max MHz: unknown
  CPU min MHz: unknown
  L1d cache: 64 KiB (2 instances)
  L1i cache: 64 KiB (2 instances)
  L2 cache: 1 MiB (2 instances)
  L3 cache: 32 MiB (1 instance)
  Virtualization: AMD-V
  Hypervisor: Microsoft
  RAM total: 15.61 GiB
  RAM available at start: 13.92 GiB
  Disk total: 144.26 GiB
  Disk free at start: 77.83 GiB
  Torch intra-op threads: 4
  Torch inter-op threads: 2
  OMP_NUM_THREADS: 4
  MKL_NUM_THREADS: 4
  OPENBLAS_NUM_THREADS: 4
  GitHub runner OS: Linux
  GitHub runner architecture: X64
  GitHub runner environment: github-hosted
PPO n_steps: 2,048
PPO batch_size: 512
PPO n_epochs: 5
PPO learning_rate: 0.0003
PPO clip_range: 0.2
PPO ent_coef: 0.01
PPO gamma: 0.995
PPO gae_lambda: 0.95
PPO target_kl: disabled
PPO gradient batches per rollout: 240
VecCheckNan: disabled
Freeze action layout: enabled
Empire territory: enabled
Torch threads per process: 4
Diagnostics: disabled
Wall-clock training limit: disabled
Run ID: seed131-super_last_stand-waves-32688705748-1
============================================================

Logging to /home/runner/work/Disciples2-RL/Disciples2-RL/github_experiments/131/super_last_stand/waves/seed131-super_last_stand-waves-32688705748-1/tensorboard/MaskablePPO_1
---------------------------------
| rollout/           |          |
|    ep_len_mean     | 375      |
|    ep_rew_mean     | 11.9     |
| time/              |          |
|    fps             | 461      |
|    iterations      | 1        |
|    time_elapsed    | 53       |
|    total_timesteps | 24576    |
---------------------------------
-----------------------------------------
| rollout/                |             |
|    ep_len_mean          | 398         |
|    ep_rew_mean          | 12.9        |
| time/                   |             |
|    fps                  | 432         |
|    iterations           | 2           |
|    time_elapsed         | 113         |
|    total_timesteps      | 49152       |
| train/                  |             |
|    approx_kl            | 0.009023747 |
|    clip_fraction        | 0.071       |
|    clip_range           | 0.2         |
|    entropy_loss         | -2.34       |
|    explained_variance   | -0.288      |
|    learning_rate        | 0.0003      |
|    loss                 | -0.0178     |
|    n_updates            | 5           |
|    policy_gradient_loss | -0.00861    |
|    value_loss           | 0.0618      |
-----------------------------------------
-----------------------------------------
| rollout/                |             |
|    ep_len_mean          | 338         |
|    ep_rew_mean          | 21.5        |
| time/                   |             |
|    fps                  | 422         |
|    iterations           | 3           |
|    time_elapsed         | 174         |
|    total_timesteps      | 73728       |
| train/                  |             |
|    approx_kl            | 0.008458103 |
|    clip_fraction        | 0.0727      |
|    clip_range           | 0.2         |
|    entropy_loss         | -2.37       |
|    explained_variance   | 0.418       |
|    learning_rate        | 0.0003      |
|    loss                 | -0.0175     |
|    n_updates            | 10          |
|    policy_gradient_loss | -0.00927    |
|    value_loss           | 0.0494      |
-----------------------------------------
-----------------------------------------
| rollout/                |             |
|    ep_len_mean          | 326         |
|    ep_rew_mean          | 32.3        |
| time/                   |             |
|    fps                  | 415         |
|    iterations           | 4           |
|    time_elapsed         | 236         |
|    total_timesteps      | 98304       |
| train/                  |             |
|    approx_kl            | 0.011032869 |
|    clip_fraction        | 0.112       |
|    clip_range           | 0.2         |
|    entropy_loss         | -2.37       |
|    explained_variance   | 0.599       |
|    learning_rate        | 0.0003      |
|    loss                 | -0.0216     |
|    n_updates            | 15          |
|    policy_gradient_loss | -0.013      |
|    value_loss           | 0.0533      |
-----------------------------------------
-----------------------------------------
| rollout/                |             |
|    ep_len_mean          | 327         |
|    ep_rew_mean          | 44.4        |
| time/                   |             |
|    fps                  | 412         |
|    iterations           | 5           |
|    time_elapsed         | 298         |
|    total_timesteps      | 122880      |
| train/                  |             |
|    approx_kl            | 0.009983298 |
|    clip_fraction        | 0.102       |
|    clip_range           | 0.2         |
|    entropy_loss         | -2.35       |
|    explained_variance   | 0.743       |
|    learning_rate        | 0.0003      |
|    loss                 | -0.0223     |
|    n_updates            | 20          |
|    policy_gradient_loss | -0.0128     |
|    value_loss           | 0.0465      |
-----------------------------------------
-----------------------------------------
| rollout/                |             |
|    ep_len_mean          | 345         |
|    ep_rew_mean          | 58.4        |
| time/                   |             |
|    fps                  | 409         |
|    iterations           | 6           |
|    time_elapsed         | 360         |
|    total_timesteps      | 147456      |
| train/                  |             |
|    approx_kl            | 0.008674543 |
|    clip_fraction        | 0.0853      |
|    clip_range           | 0.2         |
|    entropy_loss         | -2.34       |
|    explained_variance   | 0.78        |
|    learning_rate        | 0.0003      |
|    loss                 | -0.00876    |
|    n_updates            | 25          |
|    policy_gradient_loss | -0.0112     |
|    value_loss           | 0.0571      |
-----------------------------------------
------------------------------------------
| rollout/                |              |
|    ep_len_mean          | 350          |
|    ep_rew_mean          | 68.3         |
| time/                   |              |
|    fps                  | 408          |
|    iterations           | 7            |
|    time_elapsed         | 420          |
|    total_timesteps      | 172032       |
| train/                  |              |
|    approx_kl            | 0.0090926355 |
|    clip_fraction        | 0.0905       |
|    clip_range           | 0.2          |
|    entropy_loss         | -2.33        |
|    explained_variance   | 0.816        |
|    learning_rate        | 0.0003       |
|    loss                 | 0.0051       |
|    n_updates            | 30           |
|    policy_gradient_loss | -0.0113      |
|    value_loss           | 0.0437       |
------------------------------------------
-----------------------------------------
| rollout/                |             |
|    ep_len_mean          | 321         |
|    ep_rew_mean          | 70.7        |
| time/                   |             |
|    fps                  | 407         |
|    iterations           | 8           |
|    time_elapsed         | 482         |
|    total_timesteps      | 196608      |
| train/                  |             |
|    approx_kl            | 0.009437595 |
|    clip_fraction        | 0.089       |
|    clip_range           | 0.2         |
|    entropy_loss         | -2.36       |
|    explained_variance   | 0.835       |
|    learning_rate        | 0.0003      |
|    loss                 | -0.0204     |
|    n_updates            | 35          |
|    policy_gradient_loss | -0.00956    |
|    value_loss           | 0.0463      |
-----------------------------------------
----------------------------------------
| rollout/                |            |
|    ep_len_mean          | 323        |
|    ep_rew_mean          | 81.7       |
| time/                   |            |
|    fps                  | 406        |
|    iterations           | 9          |
|    time_elapsed         | 544        |
|    total_timesteps      | 221184     |
| train/                  |            |
|    approx_kl            | 0.01010477 |
|    clip_fraction        | 0.104      |
|    clip_range           | 0.2        |
|    entropy_loss         | -2.37      |
|    explained_variance   | 0.818      |
|    learning_rate        | 0.0003     |
|    loss                 | 0.00536    |
|    n_updates            | 40         |
|    policy_gradient_loss | -0.0117    |
|    value_loss           | 0.0507     |
----------------------------------------
-----------------------------------------
| rollout/                |             |
|    ep_len_mean          | 321         |
|    ep_rew_mean          | 86.4        |
| time/                   |             |
|    fps                  | 404         |
|    iterations           | 10          |
|    time_elapsed         | 607         |
|    total_timesteps      | 245760      |
| train/                  |             |
|    approx_kl            | 0.009607629 |
|    clip_fraction        | 0.0987      |
|    clip_range           | 0.2         |
|    entropy_loss         | -2.35       |
|    explained_variance   | 0.824       |
|    learning_rate        | 0.0003      |
|    loss                 | -0.01       |
|    n_updates            | 45          |
|    policy_gradient_loss | -0.0103     |
|    value_loss           | 0.0559      |
-----------------------------------------
------------------------------------------
| rollout/                |              |
|    ep_len_mean          | 376          |
|    ep_rew_mean          | 106          |
| time/                   |              |
|    fps                  | 403          |
|    iterations           | 11           |
|    time_elapsed         | 670          |
|    total_timesteps      | 270336       |
| train/                  |              |
|    approx_kl            | 0.0086320685 |
|    clip_fraction        | 0.0913       |
|    clip_range           | 0.2          |
|    entropy_loss         | -2.32        |
|    explained_variance   | 0.827        |
|    learning_rate        | 0.0003       |
|    loss                 | -0.00404     |
|    n_updates            | 50           |
|    policy_gradient_loss | -0.0102      |
|    value_loss           | 0.0531       |
------------------------------------------
-----------------------------------------
| rollout/                |             |
|    ep_len_mean          | 376         |
|    ep_rew_mean          | 114         |
| time/                   |             |
|    fps                  | 401         |
|    iterations           | 12          |
|    time_elapsed         | 735         |
|    total_timesteps      | 294912      |
| train/                  |             |
|    approx_kl            | 0.009108409 |
|    clip_fraction        | 0.0826      |
|    clip_range           | 0.2         |
|    entropy_loss         | -2.28       |
|    explained_variance   | 0.85        |
|    learning_rate        | 0.0003      |
|    loss                 | -0.00308    |
|    n_updates            | 55          |
|    policy_gradient_loss | -0.00912    |
|    value_loss           | 0.0497      |
-----------------------------------------
-----------------------------------------
| rollout/                |             |
|    ep_len_mean          | 390         |
|    ep_rew_mean          | 117         |
| time/                   |             |
|    fps                  | 399         |
|    iterations           | 13          |
|    time_elapsed         | 799         |
|    total_timesteps      | 319488      |
| train/                  |             |
|    approx_kl            | 0.010054195 |
|    clip_fraction        | 0.1         |
|    clip_range           | 0.2         |
|    entropy_loss         | -2.24       |
|    explained_variance   | 0.878       |
|    learning_rate        | 0.0003      |
|    loss                 | -0.00941    |
|    n_updates            | 60          |
|    policy_gradient_loss | -0.00932    |
|    value_loss           | 0.0504      |
-----------------------------------------
-----------------------------------------
| rollout/                |             |
|    ep_len_mean          | 430         |
|    ep_rew_mean          | 131         |
| time/                   |             |
|    fps                  | 399         |
|    iterations           | 14          |
|    time_elapsed         | 861         |
|    total_timesteps      | 344064      |
| train/                  |             |
|    approx_kl            | 0.011027619 |
|    clip_fraction        | 0.0964      |
|    clip_range           | 0.2         |
|    entropy_loss         | -2.22       |
|    explained_variance   | 0.865       |
|    learning_rate        | 0.0003      |
|    loss                 | -0.00561    |
|    n_updates            | 65          |
|    policy_gradient_loss | -0.00901    |
|    value_loss           | 0.0534      |
-----------------------------------------
-----------------------------------------
| rollout/                |             |
|    ep_len_mean          | 452         |
|    ep_rew_mean          | 127         |
| time/                   |             |
|    fps                  | 399         |
|    iterations           | 15          |
|    time_elapsed         | 923         |
|    total_timesteps      | 368640      |
| train/                  |             |
|    approx_kl            | 0.009990751 |
|    clip_fraction        | 0.0898      |
|    clip_range           | 0.2         |
|    entropy_loss         | -2.18       |
|    explained_variance   | 0.892       |
|    learning_rate        | 0.0003      |
|    loss                 | -0.0181     |
|    n_updates            | 70          |
|    policy_gradient_loss | -0.00859    |
|    value_loss           | 0.0422      |
-----------------------------------------
-----------------------------------------
| rollout/                |             |
|    ep_len_mean          | 428         |
|    ep_rew_mean          | 131         |
| time/                   |             |
|    fps                  | 398         |
|    iterations           | 16          |
|    time_elapsed         | 987         |
|    total_timesteps      | 393216      |
| train/                  |             |
|    approx_kl            | 0.008995626 |
|    clip_fraction        | 0.0741      |
|    clip_range           | 0.2         |
|    entropy_loss         | -2.14       |
|    explained_variance   | 0.904       |
|    learning_rate        | 0.0003      |
|    loss                 | -0.00215    |
|    n_updates            | 75          |
|    policy_gradient_loss | -0.007      |
|    value_loss           | 0.0436      |
-----------------------------------------
-----------------------------------------
| rollout/                |             |
|    ep_len_mean          | 379         |
|    ep_rew_mean          | 149         |
| time/                   |             |
|    fps                  | 397         |
|    iterations           | 17          |
|    time_elapsed         | 1051        |
|    total_timesteps      | 417792      |
| train/                  |             |
|    approx_kl            | 0.008052842 |
|    clip_fraction        | 0.0797      |
|    clip_range           | 0.2         |
|    entropy_loss         | -2.09       |
|    explained_variance   | 0.911       |
|    learning_rate        | 0.0003      |
|    loss                 | -0.0125     |
|    n_updates            | 80          |
|    policy_gradient_loss | -0.00779    |
|    value_loss           | 0.0448      |
-----------------------------------------
----------------------------------------
| rollout/                |            |
|    ep_len_mean          | 343        |
|    ep_rew_mean          | 141        |
| time/                   |            |
|    fps                  | 396        |
|    iterations           | 18         |
|    time_elapsed         | 1117       |
|    total_timesteps      | 442368     |
| train/                  |            |
|    approx_kl            | 0.00768775 |
|    clip_fraction        | 0.0666     |
|    clip_range           | 0.2        |
|    entropy_loss         | -2.07      |
|    explained_variance   | 0.913      |
|    learning_rate        | 0.0003     |
|    loss                 | -0.00377   |
|    n_updates            | 85         |
|    policy_gradient_loss | -0.00664   |
|    value_loss           | 0.0474     |
----------------------------------------
------------------------------------------
| rollout/                |              |
|    ep_len_mean          | 332          |
|    ep_rew_mean          | 139          |
| time/                   |              |
|    fps                  | 395          |
|    iterations           | 19           |
|    time_elapsed         | 1181         |
|    total_timesteps      | 466944       |
| train/                  |              |
|    approx_kl            | 0.0070092627 |
|    clip_fraction        | 0.0589       |
|    clip_range           | 0.2          |
|    entropy_loss         | -2.02        |
|    explained_variance   | 0.891        |
|    learning_rate        | 0.0003       |
|    loss                 | -0.00559     |
|    n_updates            | 90           |
|    policy_gradient_loss | -0.00641     |
|    value_loss           | 0.0529       |
------------------------------------------
-----------------------------------------
| rollout/                |             |
|    ep_len_mean          | 307         |
|    ep_rew_mean          | 143         |
| time/                   |             |
|    fps                  | 394         |
|    iterations           | 20          |
|    time_elapsed         | 1245        |
|    total_timesteps      | 491520      |
| train/                  |             |
|    approx_kl            | 0.008035511 |
|    clip_fraction        | 0.0647      |
|    clip_range           | 0.2         |
|    entropy_loss         | -1.99       |
|    explained_variance   | 0.896       |
|    learning_rate        | 0.0003      |
|    loss                 | -0.0105     |
|    n_updates            | 95          |
|    policy_gradient_loss | -0.00641    |
|    value_loss           | 0.0536      |
-----------------------------------------
[Checkpoint] Saved at 500000 steps > /home/runner/work/Disciples2-RL/Disciples2-RL/github_experiments/131/super_last_stand/waves/seed131-super_last_stand-waves-32688705748-1/checkpoints/campaign_ppo_step_500000.zip
------------------------------------------
| rollout/                |              |
|    ep_len_mean          | 343          |
|    ep_rew_mean          | 150          |
| time/                   |              |
|    fps                  | 393          |
|    iterations           | 21           |
|    time_elapsed         | 1311         |
|    total_timesteps      | 516096       |
| train/                  |              |
|    approx_kl            | 0.0074613118 |
|    clip_fraction        | 0.0701       |
|    clip_range           | 0.2          |
|    entropy_loss         | -1.97        |
|    explained_variance   | 0.88         |
|    learning_rate        | 0.0003       |
|    loss                 | 0.00996      |
|    n_updates            | 100          |
|    policy_gradient_loss | -0.00565     |
|    value_loss           | 0.0591       |
------------------------------------------
-----------------------------------------
| rollout/                |             |
|    ep_len_mean          | 350         |
|    ep_rew_mean          | 149         |
| time/                   |             |
|    fps                  | 391         |
|    iterations           | 22          |
|    time_elapsed         | 1379        |
|    total_timesteps      | 540672      |
| train/                  |             |
|    approx_kl            | 0.007085923 |
|    clip_fraction        | 0.057       |
|    clip_range           | 0.2         |
|    entropy_loss         | -1.96       |
|    explained_variance   | 0.929       |
|    learning_rate        | 0.0003      |
|    loss                 | -0.00569    |
|    n_updates            | 105         |
|    policy_gradient_loss | -0.00596    |
|    value_loss           | 0.0404      |
-----------------------------------------
------------------------------------------
| rollout/                |              |
|    ep_len_mean          | 355          |
|    ep_rew_mean          | 159          |
| time/                   |              |
|    fps                  | 391          |
|    iterations           | 23           |
|    time_elapsed         | 1443         |
|    total_timesteps      | 565248       |
| train/                  |              |
|    approx_kl            | 0.0076267277 |
|    clip_fraction        | 0.0619       |
|    clip_range           | 0.2          |
|    entropy_loss         | -1.92        |
|    explained_variance   | 0.939        |
|    learning_rate        | 0.0003       |
|    loss                 | -0.00807     |
|    n_updates            | 110          |
|    policy_gradient_loss | -0.00631     |
|    value_loss           | 0.0401       |
------------------------------------------
----------------------------------------
| rollout/                |            |
|    ep_len_mean          | 352        |
|    ep_rew_mean          | 157        |
| time/                   |            |
|    fps                  | 390        |
|    iterations           | 24         |
|    time_elapsed         | 1508       |
|    total_timesteps      | 589824     |
| train/                  |            |
|    approx_kl            | 0.00608669 |
|    clip_fraction        | 0.0467     |
|    clip_range           | 0.2        |
|    entropy_loss         | -1.89      |
|    explained_variance   | 0.916      |
|    learning_rate        | 0.0003     |
|    loss                 | -0.0114    |
|    n_updates            | 115        |
|    policy_gradient_loss | -0.00495   |
|    value_loss           | 0.0487     |
----------------------------------------
-----------------------------------------
| rollout/                |             |
|    ep_len_mean          | 350         |
|    ep_rew_mean          | 162         |
| time/                   |             |
|    fps                  | 390         |
|    iterations           | 25          |
|    time_elapsed         | 1573        |
|    total_timesteps      | 614400      |
| train/                  |             |
|    approx_kl            | 0.007611303 |
|    clip_fraction        | 0.073       |
|    clip_range           | 0.2         |
|    entropy_loss         | -1.88       |
|    explained_variance   | 0.915       |
|    learning_rate        | 0.0003      |
|    loss                 | -0.00808    |
|    n_updates            | 120         |
|    policy_gradient_loss | -0.00685    |
|    value_loss           | 0.0511      |
-----------------------------------------
------------------------------------------
| rollout/                |              |
|    ep_len_mean          | 381          |
|    ep_rew_mean          | 168          |
| time/                   |              |
|    fps                  | 390          |
|    iterations           | 26           |
|    time_elapsed         | 1637         |
|    total_timesteps      | 638976       |
| train/                  |              |
|    approx_kl            | 0.0073765344 |
|    clip_fraction        | 0.071        |
|    clip_range           | 0.2          |
|    entropy_loss         | -1.84        |
|    explained_variance   | 0.923        |
|    learning_rate        | 0.0003       |
|    loss                 | -0.00113     |
|    n_updates            | 125          |
|    policy_gradient_loss | -0.00731     |
|    value_loss           | 0.0431       |
------------------------------------------
------------------------------------------
| rollout/                |              |
|    ep_len_mean          | 345          |
|    ep_rew_mean          | 159          |
| time/                   |              |
|    fps                  | 389          |
|    iterations           | 27           |
|    time_elapsed         | 1701         |
|    total_timesteps      | 663552       |
| train/                  |              |
|    approx_kl            | 0.0076877004 |
|    clip_fraction        | 0.0604       |
|    clip_range           | 0.2          |
|    entropy_loss         | -1.84        |
|    explained_variance   | 0.923        |
|    learning_rate        | 0.0003       |
|    loss                 | -0.0204      |
|    n_updates            | 130          |
|    policy_gradient_loss | -0.00547     |
|    value_loss           | 0.0456       |
------------------------------------------
-----------------------------------------
| rollout/                |             |
|    ep_len_mean          | 315         |
|    ep_rew_mean          | 156         |
| time/                   |             |
|    fps                  | 389         |
|    iterations           | 28          |
|    time_elapsed         | 1765        |
|    total_timesteps      | 688128      |
| train/                  |             |
|    approx_kl            | 0.005847583 |
|    clip_fraction        | 0.0492      |
|    clip_range           | 0.2         |
|    entropy_loss         | -1.81       |
|    explained_variance   | 0.92        |
|    learning_rate        | 0.0003      |
|    loss                 | 0.00263     |
|    n_updates            | 135         |
|    policy_gradient_loss | -0.0049     |
|    value_loss           | 0.0492      |
-----------------------------------------
-----------------------------------------
| rollout/                |             |
|    ep_len_mean          | 347         |
|    ep_rew_mean          | 168         |
| time/                   |             |
|    fps                  | 389         |
|    iterations           | 29          |
|    time_elapsed         | 1828        |
|    total_timesteps      | 712704      |
| train/                  |             |
|    approx_kl            | 0.006410333 |
|    clip_fraction        | 0.0595      |
|    clip_range           | 0.2         |
|    entropy_loss         | -1.79       |
|    explained_variance   | 0.914       |
|    learning_rate        | 0.0003      |
|    loss                 | 0.00641     |
|    n_updates            | 140         |
|    policy_gradient_loss | -0.00545    |
|    value_loss           | 0.0539      |
-----------------------------------------
------------------------------------------
| rollout/                |              |
|    ep_len_mean          | 348          |
|    ep_rew_mean          | 167          |
| time/                   |              |
|    fps                  | 389          |
|    iterations           | 30           |
|    time_elapsed         | 1891         |
|    total_timesteps      | 737280       |
| train/                  |              |
|    approx_kl            | 0.0062959217 |
|    clip_fraction        | 0.0489       |
|    clip_range           | 0.2          |
|    entropy_loss         | -1.76        |
|    explained_variance   | 0.929        |
|    learning_rate        | 0.0003       |
|    loss                 | -0.00719     |
|    n_updates            | 145          |
|    policy_gradient_loss | -0.00539     |
|    value_loss           | 0.0433       |
------------------------------------------
-----------------------------------------
| rollout/                |             |
|    ep_len_mean          | 308         |
|    ep_rew_mean          | 161         |
| time/                   |             |
|    fps                  | 389         |
|    iterations           | 31          |
|    time_elapsed         | 1955        |
|    total_timesteps      | 761856      |
| train/                  |             |
|    approx_kl            | 0.007392166 |
|    clip_fraction        | 0.0624      |
|    clip_range           | 0.2         |
|    entropy_loss         | -1.74       |
|    explained_variance   | 0.92        |
|    learning_rate        | 0.0003      |
|    loss                 | 0.00294     |
|    n_updates            | 150         |
|    policy_gradient_loss | -0.00574    |
|    value_loss           | 0.0446      |
-----------------------------------------
------------------------------------------
| rollout/                |              |
|    ep_len_mean          | 314          |
|    ep_rew_mean          | 159          |
| time/                   |              |
|    fps                  | 389          |
|    iterations           | 32           |
|    time_elapsed         | 2019         |
|    total_timesteps      | 786432       |
| train/                  |              |
|    approx_kl            | 0.0065392056 |
|    clip_fraction        | 0.0656       |
|    clip_range           | 0.2          |
|    entropy_loss         | -1.74        |
|    explained_variance   | 0.913        |
|    learning_rate        | 0.0003       |
|    loss                 | 0.000287     |
|    n_updates            | 155          |
|    policy_gradient_loss | -0.00577     |
|    value_loss           | 0.0546       |
------------------------------------------
------------------------------------------
| rollout/                |              |
|    ep_len_mean          | 315          |
|    ep_rew_mean          | 164          |
| time/                   |              |
|    fps                  | 389          |
|    iterations           | 33           |
|    time_elapsed         | 2084         |
|    total_timesteps      | 811008       |
| train/                  |              |
|    approx_kl            | 0.0059384485 |
|    clip_fraction        | 0.0543       |
|    clip_range           | 0.2          |
|    entropy_loss         | -1.75        |
|    explained_variance   | 0.922        |
|    learning_rate        | 0.0003       |
|    loss                 | -0.0157      |
|    n_updates            | 160          |
|    policy_gradient_loss | -0.0048      |
|    value_loss           | 0.0453       |
------------------------------------------
-----------------------------------------
| rollout/                |             |
|    ep_len_mean          | 327         |
|    ep_rew_mean          | 163         |
| time/                   |             |
|    fps                  | 388         |
|    iterations           | 34          |
|    time_elapsed         | 2149        |
|    total_timesteps      | 835584      |
| train/                  |             |
|    approx_kl            | 0.006978102 |
|    clip_fraction        | 0.067       |
|    clip_range           | 0.2         |
|    entropy_loss         | -1.72       |
|    explained_variance   | 0.926       |
|    learning_rate        | 0.0003      |
|    loss                 | -0.00247    |
|    n_updates            | 165         |
|    policy_gradient_loss | -0.00552    |
|    value_loss           | 0.0422      |
-----------------------------------------
-----------------------------------------
| rollout/                |             |
|    ep_len_mean          | 354         |
|    ep_rew_mean          | 181         |
| time/                   |             |
|    fps                  | 388         |
|    iterations           | 35          |
|    time_elapsed         | 2214        |
|    total_timesteps      | 860160      |
| train/                  |             |
|    approx_kl            | 0.006495908 |
|    clip_fraction        | 0.0624      |
|    clip_range           | 0.2         |
|    entropy_loss         | -1.75       |
|    explained_variance   | 0.941       |
|    learning_rate        | 0.0003      |
|    loss                 | -0.000467   |
|    n_updates            | 170         |
|    policy_gradient_loss | -0.00556    |
|    value_loss           | 0.0383      |
-----------------------------------------
-----------------------------------------
| rollout/                |             |
|    ep_len_mean          | 332         |
|    ep_rew_mean          | 173         |
| time/                   |             |
|    fps                  | 388         |
|    iterations           | 36          |
|    time_elapsed         | 2277        |
|    total_timesteps      | 884736      |
| train/                  |             |
|    approx_kl            | 0.006709983 |
|    clip_fraction        | 0.0531      |
|    clip_range           | 0.2         |
|    entropy_loss         | -1.75       |
|    explained_variance   | 0.928       |
|    learning_rate        | 0.0003      |
|    loss                 | -0.00835    |
|    n_updates            | 175         |
|    policy_gradient_loss | -0.0049     |
|    value_loss           | 0.0452      |
-----------------------------------------
-----------------------------------------
| rollout/                |             |
|    ep_len_mean          | 324         |
|    ep_rew_mean          | 167         |
| time/                   |             |
|    fps                  | 388         |
|    iterations           | 37          |
|    time_elapsed         | 2341        |
|    total_timesteps      | 909312      |
| train/                  |             |
|    approx_kl            | 0.008736703 |
|    clip_fraction        | 0.0758      |
|    clip_range           | 0.2         |
|    entropy_loss         | -1.75       |
|    explained_variance   | 0.924       |
|    learning_rate        | 0.0003      |
|    loss                 | 0.0041      |
|    n_updates            | 180         |
|    policy_gradient_loss | -0.00672    |
|    value_loss           | 0.0485      |
-----------------------------------------
------------------------------------------
| rollout/                |              |
|    ep_len_mean          | 368          |
|    ep_rew_mean          | 160          |
| time/                   |              |
|    fps                  | 388          |
|    iterations           | 38           |
|    time_elapsed         | 2405         |
|    total_timesteps      | 933888       |
| train/                  |              |
|    approx_kl            | 0.0076941033 |
|    clip_fraction        | 0.083        |
|    clip_range           | 0.2          |
|    entropy_loss         | -1.78        |
|    explained_variance   | 0.936        |
|    learning_rate        | 0.0003       |
|    loss                 | -0.00131     |
|    n_updates            | 185          |
|    policy_gradient_loss | -0.00612     |
|    value_loss           | 0.0406       |
------------------------------------------
-----------------------------------------
| rollout/                |             |
|    ep_len_mean          | 331         |
|    ep_rew_mean          | 164         |
| time/                   |             |
|    fps                  | 388         |
|    iterations           | 39          |
|    time_elapsed         | 2468        |
|    total_timesteps      | 958464      |
| train/                  |             |
|    approx_kl            | 0.007510928 |
|    clip_fraction        | 0.0607      |
|    clip_range           | 0.2         |
|    entropy_loss         | -1.72       |
|    explained_variance   | 0.939       |
|    learning_rate        | 0.0003      |
|    loss                 | -0.00547    |
|    n_updates            | 190         |
|    policy_gradient_loss | -0.00546    |
|    value_loss           | 0.04        |
-----------------------------------------
------------------------------------------
| rollout/                |              |
|    ep_len_mean          | 324          |
|    ep_rew_mean          | 171          |
| time/                   |              |
|    fps                  | 387          |
|    iterations           | 40           |
|    time_elapsed         | 2534         |
|    total_timesteps      | 983040       |
| train/                  |              |
|    approx_kl            | 0.0075139105 |
|    clip_fraction        | 0.0645       |
|    clip_range           | 0.2          |
|    entropy_loss         | -1.71        |
|    explained_variance   | 0.933        |
|    learning_rate        | 0.0003       |
|    loss                 | -0.01        |
|    n_updates            | 195          |
|    policy_gradient_loss | -0.00589     |
|    value_loss           | 0.0413       |
------------------------------------------
[Checkpoint] Saved at 1000000 steps > /home/runner/work/Disciples2-RL/Disciples2-RL/github_experiments/131/super_last_stand/waves/seed131-super_last_stand-waves-32688705748-1/checkpoints/campaign_ppo_step_1000000.zip
Eval num_timesteps=1000008, det_reward=151.48 +/- 12.56
Episode length: det=255.85 +/- 82.57
Victory rate: det=0.00%
-------------------------------------------------
| eval/                           |             |
|    deterministic_mean_ep_length | 256         |
|    deterministic_mean_reward    | 151         |
|    deterministic_victory_rate   | 0           |
|    mean_ep_length               | 256         |
|    mean_reward                  | 151         |
|    victory_rate                 | 0           |
| time/                           |             |
|    total_timesteps              | 1000008     |
| train/                          |             |
|    approx_kl                    | 0.008067316 |
|    clip_fraction                | 0.081       |
|    clip_range                   | 0.2         |
|    entropy_loss                 | -1.68       |
|    explained_variance           | 0.932       |
|    learning_rate                | 0.0003      |
|    loss                         | -0.00661    |
|    n_updates                    | 200         |
|    policy_gradient_loss         | -0.00671    |
|    value_loss                   | 0.0436      |
-------------------------------------------------
New best model by deterministic victory rate!
---------------------------------
| rollout/           |          |
|    ep_len_mean     | 312      |
|    ep_rew_mean     | 165      |
| time/              |          |
|    fps             | 384      |
|    iterations      | 41       |
|    time_elapsed    | 2619     |
|    total_timesteps | 1007616  |
---------------------------------
VecNormalize stats saved: /home/runner/work/Disciples2-RL/Disciples2-RL/github_experiments/131/super_last_stand/waves/seed131-super_last_stand-waves-32688705748-1/models/vecnormalize.pkl

Финальная модель сохранена: /home/runner/work/Disciples2-RL/Disciples2-RL/github_experiments/131/super_last_stand/waves/seed131-super_last_stand-waves-32688705748-1/models/final_model.zip

============================================================
ИТОГИ ОБУЧЕНИЯ:
  Побед: 0
  Поражений: 2875
  Таймаутов: 0
  Побед бота столицы над врагами: 0
  Перестановок юнитов: 175873
  Терминальные поражения по противникам:
    enemy_112: 352 — Волна 4 — «Первая сталь» (~1300); Гномы
    enemy_110: 316 — Волна 4 — «Первая сталь» (~1300); Люди
    enemy_113: 284 — Волна 5 — «Гвардия героев» (~1650); Люди
    enemy_111: 272 — Волна 4 — «Первая сталь» (~1300); Эльфы
    enemy_10: 217 — Гарнизон города тёмных эльфов
    enemy_114: 199 — Волна 5 — «Гвардия героев» (~1650); Эльфы
    enemy_109: 198 — Волна 3 — «Разведка боем» (~1050); Гномы
    enemy_70: 194 — Руины: Тролль, Людоед и Гоблин старейшина
    enemy_2: 160 — Один Мастер оккультист
    enemy_115: 102 — Волна 5 — «Гвардия героев» (~1650); Гномы
    enemy_108: 86 — Волна 3 — «Разведка боем» (~1050); Эльфы
    enemy_107: 73 — Волна 3 — «Разведка боем» (~1050); Люди
    enemy_116: 62 — Волна 6 — «Стальной прилив» (~1850); Люди
    enemy_117: 52 — Волна 6 — «Стальной прилив» (~1850); Эльфы
    enemy_71: 46 — Забытые эльфийские руины: нейтральный грифон, эльфийский оракул, лорд эльфов и эльф-рейнджер
    enemy_120: 35 — Волна 7 — «Цвет трёх народов» (~2100); Эльфы
    enemy_106: 29 — Волна 2 — «Регулярные роты» (~770); Гномы
    enemy_3: 29 — Морской змей и Кракен охраняют драгоценность в озере
    enemy_11: 28 — Гарнизон города сильных варваров
    enemy_105: 27 — Волна 2 — «Регулярные роты» (~770); Эльфы
    enemy_104: 24 — Волна 2 — «Регулярные роты» (~770); Люди
    enemy_121: 17 — Волна 7 — «Цвет трёх народов» (~2100); Гномы
    enemy_119: 13 — Волна 7 — «Цвет трёх народов» (~2100); Люди
    enemy_131: 12 — Волна 11 — «Судный час»; Люди
    enemy_118: 11 — Волна 6 — «Стальной прилив» (~1850); Гномы
    enemy_124: 7 — Волна 8 — «Ярость ветеранов» (~2350); Гномы
    enemy_102: 6 — Волна 1 — «Первая волна»; Эльфы
    enemy_123: 6 — Волна 8 — «Ярость ветеранов» (~2350); Эльфы
    enemy_1: 5 — Один Орк
    enemy_103: 3 — Волна 1 — «Первая волна»; Гномы
    enemy_122: 3 — Волна 8 — «Ярость ветеранов» (~2350); Люди
    enemy_125: 3 — Волна 9 — «Предвестники бури» (~2500); Люди
    enemy_101: 2 — Волна 1 — «Первая волна»; Люди
    enemy_130: 2 — Волна 10 — «Канун бури» (~2650); Гномы
  Winrate: 0.0%
============================================================
  График призывов за эпизод: /home/runner/work/Disciples2-RL/Disciples2-RL/github_experiments/131/super_last_stand/waves/seed131-super_last_stand-waves-32688705748-1/plots/campaign_summoned_units_per_episode.png
  График призывов за всё обучение: /home/runner/work/Disciples2-RL/Disciples2-RL/github_experiments/131/super_last_stand/waves/seed131-super_last_stand-waves-32688705748-1/plots/campaign_summoned_units_cumulative.png
  График найма за эпизод: /home/runner/work/Disciples2-RL/Disciples2-RL/github_experiments/131/super_last_stand/waves/seed131-super_last_stand-waves-32688705748-1/plots/campaign_hired_units_per_episode.png
  График найма за всё обучение: /home/runner/work/Disciples2-RL/Disciples2-RL/github_experiments/131/super_last_stand/waves/seed131-super_last_stand-waves-32688705748-1/plots/campaign_hired_units_cumulative.png
  График перестановок юнитов за эпизод: /home/runner/work/Disciples2-RL/Disciples2-RL/github_experiments/131/super_last_stand/waves/seed131-super_last_stand-waves-32688705748-1/plots/campaign_unit_swaps_per_episode.png
  График боевых предметов: /home/runner/work/Disciples2-RL/Disciples2-RL/github_experiments/131/super_last_stand/waves/seed131-super_last_stand-waves-32688705748-1/plots/campaign_battle_item_activity.png
  График побед бота столицы за эпизод: /home/runner/work/Disciples2-RL/Disciples2-RL/github_experiments/131/super_last_stand/waves/seed131-super_last_stand-waves-32688705748-1/plots/campaign_scripted_bot_victories_per_episode.png
  График применения заклинаний: /home/runner/work/Disciples2-RL/Disciples2-RL/github_experiments/131/super_last_stand/waves/seed131-super_last_stand-waves-32688705748-1/plots/campaign_spell_cast_activity.png
