Проверка среды CampaignEnv...
Среда прошла проверку!
[INFO] Comet disabled, running without experiment tracking
Создание 12 параллельных сред (subproc)...
Инициализация MaskablePPO...
Using cpu device

============================================================
Запуск обучения Campaign Agent
Всего шагов: 1,000,000
Параллельных сред: 12
VecEnv: subproc
VecEnv start method: forkserver
Seed: 125
Checkpoint каждые: 500,000 шагов
Evaluation каждые: 83,334 шагов
Eval deterministic эпизодов: 20
Eval stochastic эпизодов: 0
Eval лимит шагов на эпизод: 5000
Campaign map: default
Campaign objective: blue_dragon
System resources at training start:
  Platform: Linux 6.17.0-1020-azure (x86_64)
  Python: 3.14.6
  PyTorch: 2.13.0+cpu
  Training device: cpu
  CPU model: INTEL(R) XEON(R) PLATINUM 8573C
  CPU vendor: GenuineIntel
  Logical CPUs visible: 4
  Process CPU affinity: 4
  Sockets: 1
  Cores per socket: 2
  Threads per core: 2
  CPU max MHz: 2300.0000
  CPU min MHz: 800.0000
  L1d cache: 96 KiB (2 instances)
  L1i cache: 64 KiB (2 instances)
  L2 cache: 4 MiB (2 instances)
  L3 cache: 260 MiB (1 instance)
  Virtualization: VT-x
  Hypervisor: Microsoft
  RAM total: 15.61 GiB
  RAM available at start: 13.85 GiB
  Disk total: 144.26 GiB
  Disk free at start: 81.39 GiB
  Torch intra-op threads: 4
  Torch inter-op threads: 2
  OMP_NUM_THREADS: 4
  MKL_NUM_THREADS: 4
  OPENBLAS_NUM_THREADS: 4
  GitHub runner OS: Linux
  GitHub runner architecture: X64
  GitHub runner environment: github-hosted
PPO n_steps: 2,048
PPO batch_size: 512
PPO n_epochs: 5
PPO learning_rate: 0.0003
PPO clip_range: 0.2
PPO ent_coef: 0.01
PPO gamma: 0.995
PPO gae_lambda: 0.95
PPO target_kl: disabled
PPO gradient batches per rollout: 240
VecCheckNan: disabled
Freeze action layout: enabled
Empire territory: enabled
Torch threads per process: 4
Diagnostics: disabled
Wall-clock training limit: disabled
Run ID: seed125-default-blue_dragon-31245743985-1
============================================================

Logging to /home/runner/work/Disciples2-RL/Disciples2-RL/github_experiments/125/default/blue_dragon/seed125-default-blue_dragon-31245743985-1/tensorboard/MaskablePPO_1
---------------------------------
| rollout/           |          |
|    ep_len_mean     | 1.22e+03 |
|    ep_rew_mean     | 155      |
| time/              |          |
|    fps             | 546      |
|    iterations      | 1        |
|    time_elapsed    | 44       |
|    total_timesteps | 24576    |
---------------------------------
----------------------------------------
| rollout/                |            |
|    ep_len_mean          | 1.9e+03    |
|    ep_rew_mean          | 141        |
| time/                   |            |
|    fps                  | 533        |
|    iterations           | 2          |
|    time_elapsed         | 92         |
|    total_timesteps      | 49152      |
| train/                  |            |
|    approx_kl            | 0.01000557 |
|    clip_fraction        | 0.0693     |
|    clip_range           | 0.2        |
|    entropy_loss         | -2.27      |
|    explained_variance   | -0.152     |
|    learning_rate        | 0.0003     |
|    loss                 | 0.00494    |
|    n_updates            | 5          |
|    policy_gradient_loss | -0.00559   |
|    value_loss           | 0.13       |
----------------------------------------
-----------------------------------------
| rollout/                |             |
|    ep_len_mean          | 1.94e+03    |
|    ep_rew_mean          | 126         |
| time/                   |             |
|    fps                  | 534         |
|    iterations           | 3           |
|    time_elapsed         | 138         |
|    total_timesteps      | 73728       |
| train/                  |             |
|    approx_kl            | 0.010161306 |
|    clip_fraction        | 0.0877      |
|    clip_range           | 0.2         |
|    entropy_loss         | -2.2        |
|    explained_variance   | 0.318       |
|    learning_rate        | 0.0003      |
|    loss                 | 0.138       |
|    n_updates            | 10          |
|    policy_gradient_loss | -0.0062     |
|    value_loss           | 0.33        |
-----------------------------------------
-----------------------------------------
| rollout/                |             |
|    ep_len_mean          | 1.57e+03    |
|    ep_rew_mean          | 119         |
| time/                   |             |
|    fps                  | 535         |
|    iterations           | 4           |
|    time_elapsed         | 183         |
|    total_timesteps      | 98304       |
| train/                  |             |
|    approx_kl            | 0.008586961 |
|    clip_fraction        | 0.0536      |
|    clip_range           | 0.2         |
|    entropy_loss         | -2.08       |
|    explained_variance   | 0.624       |
|    learning_rate        | 0.0003      |
|    loss                 | 0.0696      |
|    n_updates            | 15          |
|    policy_gradient_loss | -0.00391    |
|    value_loss           | 0.213       |
-----------------------------------------
-----------------------------------------
| rollout/                |             |
|    ep_len_mean          | 1.26e+03    |
|    ep_rew_mean          | 101         |
| time/                   |             |
|    fps                  | 536         |
|    iterations           | 5           |
|    time_elapsed         | 228         |
|    total_timesteps      | 122880      |
| train/                  |             |
|    approx_kl            | 0.008129046 |
|    clip_fraction        | 0.0595      |
|    clip_range           | 0.2         |
|    entropy_loss         | -1.95       |
|    explained_variance   | 0.669       |
|    learning_rate        | 0.0003      |
|    loss                 | 0.0559      |
|    n_updates            | 20          |
|    policy_gradient_loss | -0.00275    |
|    value_loss           | 0.207       |
-----------------------------------------
-----------------------------------------
| rollout/                |             |
|    ep_len_mean          | 738         |
|    ep_rew_mean          | 101         |
| time/                   |             |
|    fps                  | 538         |
|    iterations           | 6           |
|    time_elapsed         | 274         |
|    total_timesteps      | 147456      |
| train/                  |             |
|    approx_kl            | 0.008719624 |
|    clip_fraction        | 0.0674      |
|    clip_range           | 0.2         |
|    entropy_loss         | -1.9        |
|    explained_variance   | 0.799       |
|    learning_rate        | 0.0003      |
|    loss                 | 0.0814      |
|    n_updates            | 25          |
|    policy_gradient_loss | -0.00469    |
|    value_loss           | 0.246       |
-----------------------------------------
-----------------------------------------
| rollout/                |             |
|    ep_len_mean          | 706         |
|    ep_rew_mean          | 97.8        |
| time/                   |             |
|    fps                  | 539         |
|    iterations           | 7           |
|    time_elapsed         | 318         |
|    total_timesteps      | 172032      |
| train/                  |             |
|    approx_kl            | 0.008349121 |
|    clip_fraction        | 0.0585      |
|    clip_range           | 0.2         |
|    entropy_loss         | -1.84       |
|    explained_variance   | 0.851       |
|    learning_rate        | 0.0003      |
|    loss                 | 0.113       |
|    n_updates            | 30          |
|    policy_gradient_loss | -0.00334    |
|    value_loss           | 0.263       |
-----------------------------------------
-----------------------------------------
| rollout/                |             |
|    ep_len_mean          | 592         |
|    ep_rew_mean          | 103         |
| time/                   |             |
|    fps                  | 539         |
|    iterations           | 8           |
|    time_elapsed         | 364         |
|    total_timesteps      | 196608      |
| train/                  |             |
|    approx_kl            | 0.014914387 |
|    clip_fraction        | 0.109       |
|    clip_range           | 0.2         |
|    entropy_loss         | -1.84       |
|    explained_variance   | 0.923       |
|    learning_rate        | 0.0003      |
|    loss                 | 0.0136      |
|    n_updates            | 35          |
|    policy_gradient_loss | -0.00348    |
|    value_loss           | 0.0934      |
-----------------------------------------
-----------------------------------------
| rollout/                |             |
|    ep_len_mean          | 596         |
|    ep_rew_mean          | 94.3        |
| time/                   |             |
|    fps                  | 539         |
|    iterations           | 9           |
|    time_elapsed         | 410         |
|    total_timesteps      | 221184      |
| train/                  |             |
|    approx_kl            | 0.010638784 |
|    clip_fraction        | 0.0841      |
|    clip_range           | 0.2         |
|    entropy_loss         | -1.94       |
|    explained_variance   | 0.939       |
|    learning_rate        | 0.0003      |
|    loss                 | 0.012       |
|    n_updates            | 40          |
|    policy_gradient_loss | -0.00502    |
|    value_loss           | 0.105       |
-----------------------------------------
-----------------------------------------
| rollout/                |             |
|    ep_len_mean          | 501         |
|    ep_rew_mean          | 100         |
| time/                   |             |
|    fps                  | 539         |
|    iterations           | 10          |
|    time_elapsed         | 455         |
|    total_timesteps      | 245760      |
| train/                  |             |
|    approx_kl            | 0.011837308 |
|    clip_fraction        | 0.114       |
|    clip_range           | 0.2         |
|    entropy_loss         | -1.93       |
|    explained_variance   | 0.951       |
|    learning_rate        | 0.0003      |
|    loss                 | 0.0606      |
|    n_updates            | 45          |
|    policy_gradient_loss | -0.00683    |
|    value_loss           | 0.16        |
-----------------------------------------
-----------------------------------------
| rollout/                |             |
|    ep_len_mean          | 410         |
|    ep_rew_mean          | 107         |
| time/                   |             |
|    fps                  | 538         |
|    iterations           | 11          |
|    time_elapsed         | 501         |
|    total_timesteps      | 270336      |
| train/                  |             |
|    approx_kl            | 0.008336729 |
|    clip_fraction        | 0.0564      |
|    clip_range           | 0.2         |
|    entropy_loss         | -2          |
|    explained_variance   | 0.946       |
|    learning_rate        | 0.0003      |
|    loss                 | 0.028       |
|    n_updates            | 50          |
|    policy_gradient_loss | -0.00371    |
|    value_loss           | 0.122       |
-----------------------------------------
-----------------------------------------
| rollout/                |             |
|    ep_len_mean          | 293         |
|    ep_rew_mean          | 114         |
| time/                   |             |
|    fps                  | 537         |
|    iterations           | 12          |
|    time_elapsed         | 548         |
|    total_timesteps      | 294912      |
| train/                  |             |
|    approx_kl            | 0.010575816 |
|    clip_fraction        | 0.111       |
|    clip_range           | 0.2         |
|    entropy_loss         | -2.06       |
|    explained_variance   | 0.97        |
|    learning_rate        | 0.0003      |
|    loss                 | 0.00375     |
|    n_updates            | 55          |
|    policy_gradient_loss | -0.00596    |
|    value_loss           | 0.1         |
-----------------------------------------
-----------------------------------------
| rollout/                |             |
|    ep_len_mean          | 220         |
|    ep_rew_mean          | 116         |
| time/                   |             |
|    fps                  | 537         |
|    iterations           | 13          |
|    time_elapsed         | 594         |
|    total_timesteps      | 319488      |
| train/                  |             |
|    approx_kl            | 0.009898406 |
|    clip_fraction        | 0.0901      |
|    clip_range           | 0.2         |
|    entropy_loss         | -1.98       |
|    explained_variance   | 0.98        |
|    learning_rate        | 0.0003      |
|    loss                 | 0.0172      |
|    n_updates            | 60          |
|    policy_gradient_loss | -0.00755    |
|    value_loss           | 0.125       |
-----------------------------------------
-----------------------------------------
| rollout/                |             |
|    ep_len_mean          | 137         |
|    ep_rew_mean          | 118         |
| time/                   |             |
|    fps                  | 537         |
|    iterations           | 14          |
|    time_elapsed         | 640         |
|    total_timesteps      | 344064      |
| train/                  |             |
|    approx_kl            | 0.008552787 |
|    clip_fraction        | 0.0868      |
|    clip_range           | 0.2         |
|    entropy_loss         | -1.94       |
|    explained_variance   | 0.979       |
|    learning_rate        | 0.0003      |
|    loss                 | 0.0399      |
|    n_updates            | 65          |
|    policy_gradient_loss | -0.00566    |
|    value_loss           | 0.141       |
-----------------------------------------
-----------------------------------------
| rollout/                |             |
|    ep_len_mean          | 114         |
|    ep_rew_mean          | 120         |
| time/                   |             |
|    fps                  | 536         |
|    iterations           | 15          |
|    time_elapsed         | 686         |
|    total_timesteps      | 368640      |
| train/                  |             |
|    approx_kl            | 0.008675012 |
|    clip_fraction        | 0.0729      |
|    clip_range           | 0.2         |
|    entropy_loss         | -1.76       |
|    explained_variance   | 0.99        |
|    learning_rate        | 0.0003      |
|    loss                 | 0.0223      |
|    n_updates            | 70          |
|    policy_gradient_loss | -0.00548    |
|    value_loss           | 0.0965      |
-----------------------------------------
-----------------------------------------
| rollout/                |             |
|    ep_len_mean          | 63.2        |
|    ep_rew_mean          | 121         |
| time/                   |             |
|    fps                  | 536         |
|    iterations           | 16          |
|    time_elapsed         | 732         |
|    total_timesteps      | 393216      |
| train/                  |             |
|    approx_kl            | 0.009772181 |
|    clip_fraction        | 0.113       |
|    clip_range           | 0.2         |
|    entropy_loss         | -1.52       |
|    explained_variance   | 0.991       |
|    learning_rate        | 0.0003      |
|    loss                 | -0.00496    |
|    n_updates            | 75          |
|    policy_gradient_loss | -0.00715    |
|    value_loss           | 0.0366      |
-----------------------------------------
-----------------------------------------
| rollout/                |             |
|    ep_len_mean          | 54.4        |
|    ep_rew_mean          | 119         |
| time/                   |             |
|    fps                  | 536         |
|    iterations           | 17          |
|    time_elapsed         | 779         |
|    total_timesteps      | 417792      |
| train/                  |             |
|    approx_kl            | 0.011897874 |
|    clip_fraction        | 0.138       |
|    clip_range           | 0.2         |
|    entropy_loss         | -1.47       |
|    explained_variance   | 0.991       |
|    learning_rate        | 0.0003      |
|    loss                 | -0.00341    |
|    n_updates            | 80          |
|    policy_gradient_loss | -0.00811    |
|    value_loss           | 0.0348      |
-----------------------------------------
-----------------------------------------
| rollout/                |             |
|    ep_len_mean          | 54.7        |
|    ep_rew_mean          | 121         |
| time/                   |             |
|    fps                  | 535         |
|    iterations           | 18          |
|    time_elapsed         | 826         |
|    total_timesteps      | 442368      |
| train/                  |             |
|    approx_kl            | 0.009583536 |
|    clip_fraction        | 0.122       |
|    clip_range           | 0.2         |
|    entropy_loss         | -1.34       |
|    explained_variance   | 0.997       |
|    learning_rate        | 0.0003      |
|    loss                 | -0.0217     |
|    n_updates            | 85          |
|    policy_gradient_loss | -0.00996    |
|    value_loss           | 0.0107      |
-----------------------------------------
-----------------------------------------
| rollout/                |             |
|    ep_len_mean          | 51.6        |
|    ep_rew_mean          | 121         |
| time/                   |             |
|    fps                  | 535         |
|    iterations           | 19          |
|    time_elapsed         | 872         |
|    total_timesteps      | 466944      |
| train/                  |             |
|    approx_kl            | 0.009824598 |
|    clip_fraction        | 0.131       |
|    clip_range           | 0.2         |
|    entropy_loss         | -1.32       |
|    explained_variance   | 0.993       |
|    learning_rate        | 0.0003      |
|    loss                 | -0.0156     |
|    n_updates            | 90          |
|    policy_gradient_loss | -0.00975    |
|    value_loss           | 0.018       |
-----------------------------------------
-----------------------------------------
| rollout/                |             |
|    ep_len_mean          | 49.6        |
|    ep_rew_mean          | 122         |
| time/                   |             |
|    fps                  | 534         |
|    iterations           | 20          |
|    time_elapsed         | 919         |
|    total_timesteps      | 491520      |
| train/                  |             |
|    approx_kl            | 0.009827819 |
|    clip_fraction        | 0.133       |
|    clip_range           | 0.2         |
|    entropy_loss         | -1.18       |
|    explained_variance   | 0.998       |
|    learning_rate        | 0.0003      |
|    loss                 | -0.0315     |
|    n_updates            | 95          |
|    policy_gradient_loss | -0.012      |
|    value_loss           | 0.00771     |
-----------------------------------------
[Checkpoint] Saved at 500000 steps > /home/runner/work/Disciples2-RL/Disciples2-RL/github_experiments/125/default/blue_dragon/seed125-default-blue_dragon-31245743985-1/checkpoints/campaign_ppo_step_500000.zip
------------------------------------------
| rollout/                |              |
|    ep_len_mean          | 47.6         |
|    ep_rew_mean          | 122          |
| time/                   |              |
|    fps                  | 534          |
|    iterations           | 21           |
|    time_elapsed         | 966          |
|    total_timesteps      | 516096       |
| train/                  |              |
|    approx_kl            | 0.0097843995 |
|    clip_fraction        | 0.138        |
|    clip_range           | 0.2          |
|    entropy_loss         | -1.06        |
|    explained_variance   | 0.998        |
|    learning_rate        | 0.0003       |
|    loss                 | -0.025       |
|    n_updates            | 100          |
|    policy_gradient_loss | -0.0168      |
|    value_loss           | 0.00587      |
------------------------------------------
-----------------------------------------
| rollout/                |             |
|    ep_len_mean          | 46          |
|    ep_rew_mean          | 123         |
| time/                   |             |
|    fps                  | 534         |
|    iterations           | 22          |
|    time_elapsed         | 1012        |
|    total_timesteps      | 540672      |
| train/                  |             |
|    approx_kl            | 0.010618724 |
|    clip_fraction        | 0.133       |
|    clip_range           | 0.2         |
|    entropy_loss         | -0.899      |
|    explained_variance   | 0.652       |
|    learning_rate        | 0.0003      |
|    loss                 | -0.0291     |
|    n_updates            | 105         |
|    policy_gradient_loss | -0.0169     |
|    value_loss           | 0.00603     |
-----------------------------------------
------------------------------------------
| rollout/                |              |
|    ep_len_mean          | 45.2         |
|    ep_rew_mean          | 124          |
| time/                   |              |
|    fps                  | 533          |
|    iterations           | 23           |
|    time_elapsed         | 1059         |
|    total_timesteps      | 565248       |
| train/                  |              |
|    approx_kl            | 0.0076079755 |
|    clip_fraction        | 0.115        |
|    clip_range           | 0.2          |
|    entropy_loss         | -0.768       |
|    explained_variance   | 0.7          |
|    learning_rate        | 0.0003       |
|    loss                 | -0.02        |
|    n_updates            | 110          |
|    policy_gradient_loss | -0.0183      |
|    value_loss           | 0.00514      |
------------------------------------------
-----------------------------------------
| rollout/                |             |
|    ep_len_mean          | 44.8        |
|    ep_rew_mean          | 125         |
| time/                   |             |
|    fps                  | 533         |
|    iterations           | 24          |
|    time_elapsed         | 1105        |
|    total_timesteps      | 589824      |
| train/                  |             |
|    approx_kl            | 0.006516176 |
|    clip_fraction        | 0.0961      |
|    clip_range           | 0.2         |
|    entropy_loss         | -0.703      |
|    explained_variance   | 0.711       |
|    learning_rate        | 0.0003      |
|    loss                 | -0.03       |
|    n_updates            | 115         |
|    policy_gradient_loss | -0.0145     |
|    value_loss           | 0.00516     |
-----------------------------------------
-----------------------------------------
| rollout/                |             |
|    ep_len_mean          | 43.5        |
|    ep_rew_mean          | 125         |
| time/                   |             |
|    fps                  | 533         |
|    iterations           | 25          |
|    time_elapsed         | 1151        |
|    total_timesteps      | 614400      |
| train/                  |             |
|    approx_kl            | 0.006586399 |
|    clip_fraction        | 0.073       |
|    clip_range           | 0.2         |
|    entropy_loss         | -0.636      |
|    explained_variance   | 0.753       |
|    learning_rate        | 0.0003      |
|    loss                 | -0.0107     |
|    n_updates            | 120         |
|    policy_gradient_loss | -0.0115     |
|    value_loss           | 0.00466     |
-----------------------------------------
------------------------------------------
| rollout/                |              |
|    ep_len_mean          | 44.4         |
|    ep_rew_mean          | 126          |
| time/                   |              |
|    fps                  | 533          |
|    iterations           | 26           |
|    time_elapsed         | 1198         |
|    total_timesteps      | 638976       |
| train/                  |              |
|    approx_kl            | 0.0063659423 |
|    clip_fraction        | 0.0662       |
|    clip_range           | 0.2          |
|    entropy_loss         | -0.548       |
|    explained_variance   | 0.802        |
|    learning_rate        | 0.0003       |
|    loss                 | -0.0132      |
|    n_updates            | 125          |
|    policy_gradient_loss | -0.01        |
|    value_loss           | 0.00387      |
------------------------------------------
------------------------------------------
| rollout/                |              |
|    ep_len_mean          | 44.8         |
|    ep_rew_mean          | 128          |
| time/                   |              |
|    fps                  | 533          |
|    iterations           | 27           |
|    time_elapsed         | 1244         |
|    total_timesteps      | 663552       |
| train/                  |              |
|    approx_kl            | 0.0049339444 |
|    clip_fraction        | 0.0552       |
|    clip_range           | 0.2          |
|    entropy_loss         | -0.514       |
|    explained_variance   | 0.759        |
|    learning_rate        | 0.0003       |
|    loss                 | -0.0184      |
|    n_updates            | 130          |
|    policy_gradient_loss | -0.00853     |
|    value_loss           | 0.00494      |
------------------------------------------
------------------------------------------
| rollout/                |              |
|    ep_len_mean          | 46           |
|    ep_rew_mean          | 128          |
| time/                   |              |
|    fps                  | 532          |
|    iterations           | 28           |
|    time_elapsed         | 1291         |
|    total_timesteps      | 688128       |
| train/                  |              |
|    approx_kl            | 0.0045068967 |
|    clip_fraction        | 0.0601       |
|    clip_range           | 0.2          |
|    entropy_loss         | -0.513       |
|    explained_variance   | 0.742        |
|    learning_rate        | 0.0003       |
|    loss                 | -0.0176      |
|    n_updates            | 135          |
|    policy_gradient_loss | -0.00926     |
|    value_loss           | 0.0061       |
------------------------------------------
------------------------------------------
| rollout/                |              |
|    ep_len_mean          | 46.2         |
|    ep_rew_mean          | 130          |
| time/                   |              |
|    fps                  | 532          |
|    iterations           | 29           |
|    time_elapsed         | 1337         |
|    total_timesteps      | 712704       |
| train/                  |              |
|    approx_kl            | 0.0047438834 |
|    clip_fraction        | 0.0653       |
|    clip_range           | 0.2          |
|    entropy_loss         | -0.531       |
|    explained_variance   | 0.666        |
|    learning_rate        | 0.0003       |
|    loss                 | -0.00855     |
|    n_updates            | 140          |
|    policy_gradient_loss | -0.00911     |
|    value_loss           | 0.00711      |
------------------------------------------
------------------------------------------
| rollout/                |              |
|    ep_len_mean          | 47           |
|    ep_rew_mean          | 131          |
| time/                   |              |
|    fps                  | 532          |
|    iterations           | 30           |
|    time_elapsed         | 1383         |
|    total_timesteps      | 737280       |
| train/                  |              |
|    approx_kl            | 0.0060067363 |
|    clip_fraction        | 0.0641       |
|    clip_range           | 0.2          |
|    entropy_loss         | -0.71        |
|    explained_variance   | 0.991        |
|    learning_rate        | 0.0003       |
|    loss                 | 0.000626     |
|    n_updates            | 145          |
|    policy_gradient_loss | -0.00536     |
|    value_loss           | 0.0204       |
------------------------------------------
-----------------------------------------
| rollout/                |             |
|    ep_len_mean          | 49.2        |
|    ep_rew_mean          | 132         |
| time/                   |             |
|    fps                  | 532         |
|    iterations           | 31          |
|    time_elapsed         | 1429        |
|    total_timesteps      | 761856      |
| train/                  |             |
|    approx_kl            | 0.008209981 |
|    clip_fraction        | 0.087       |
|    clip_range           | 0.2         |
|    entropy_loss         | -0.894      |
|    explained_variance   | 0.999       |
|    learning_rate        | 0.0003      |
|    loss                 | -0.0144     |
|    n_updates            | 150         |
|    policy_gradient_loss | -0.00718    |
|    value_loss           | 0.0064      |
-----------------------------------------
------------------------------------------
| rollout/                |              |
|    ep_len_mean          | 49.6         |
|    ep_rew_mean          | 132          |
| time/                   |              |
|    fps                  | 532          |
|    iterations           | 32           |
|    time_elapsed         | 1475         |
|    total_timesteps      | 786432       |
| train/                  |              |
|    approx_kl            | 0.0043726214 |
|    clip_fraction        | 0.051        |
|    clip_range           | 0.2          |
|    entropy_loss         | -0.81        |
|    explained_variance   | 0.997        |
|    learning_rate        | 0.0003       |
|    loss                 | -0.0179      |
|    n_updates            | 155          |
|    policy_gradient_loss | -0.00429     |
|    value_loss           | 0.0139       |
------------------------------------------
------------------------------------------
| rollout/                |              |
|    ep_len_mean          | 49.3         |
|    ep_rew_mean          | 133          |
| time/                   |              |
|    fps                  | 533          |
|    iterations           | 33           |
|    time_elapsed         | 1521         |
|    total_timesteps      | 811008       |
| train/                  |              |
|    approx_kl            | 0.0060189306 |
|    clip_fraction        | 0.0514       |
|    clip_range           | 0.2          |
|    entropy_loss         | -0.815       |
|    explained_variance   | 0.995        |
|    learning_rate        | 0.0003       |
|    loss                 | 0.0023       |
|    n_updates            | 160          |
|    policy_gradient_loss | -0.0037      |
|    value_loss           | 0.0285       |
------------------------------------------
-----------------------------------------
| rollout/                |             |
|    ep_len_mean          | 93.7        |
|    ep_rew_mean          | 130         |
| time/                   |             |
|    fps                  | 533         |
|    iterations           | 34          |
|    time_elapsed         | 1567        |
|    total_timesteps      | 835584      |
| train/                  |             |
|    approx_kl            | 0.005722514 |
|    clip_fraction        | 0.0529      |
|    clip_range           | 0.2         |
|    entropy_loss         | -0.993      |
|    explained_variance   | 0.998       |
|    learning_rate        | 0.0003      |
|    loss                 | -0.00595    |
|    n_updates            | 165         |
|    policy_gradient_loss | -0.00355    |
|    value_loss           | 0.0108      |
-----------------------------------------
-----------------------------------------
| rollout/                |             |
|    ep_len_mean          | 48.4        |
|    ep_rew_mean          | 133         |
| time/                   |             |
|    fps                  | 533         |
|    iterations           | 35          |
|    time_elapsed         | 1612        |
|    total_timesteps      | 860160      |
| train/                  |             |
|    approx_kl            | 0.004784265 |
|    clip_fraction        | 0.0475      |
|    clip_range           | 0.2         |
|    entropy_loss         | -0.844      |
|    explained_variance   | 0.998       |
|    learning_rate        | 0.0003      |
|    loss                 | -0.00818    |
|    n_updates            | 170         |
|    policy_gradient_loss | -0.00342    |
|    value_loss           | 0.0115      |
-----------------------------------------
------------------------------------------
| rollout/                |              |
|    ep_len_mean          | 48.8         |
|    ep_rew_mean          | 134          |
| time/                   |              |
|    fps                  | 533          |
|    iterations           | 36           |
|    time_elapsed         | 1658         |
|    total_timesteps      | 884736       |
| train/                  |              |
|    approx_kl            | 0.0044647013 |
|    clip_fraction        | 0.0368       |
|    clip_range           | 0.2          |
|    entropy_loss         | -0.696       |
|    explained_variance   | 0.997        |
|    learning_rate        | 0.0003       |
|    loss                 | -0.00683     |
|    n_updates            | 175          |
|    policy_gradient_loss | -0.00319     |
|    value_loss           | 0.0122       |
------------------------------------------
-----------------------------------------
| rollout/                |             |
|    ep_len_mean          | 48.7        |
|    ep_rew_mean          | 134         |
| time/                   |             |
|    fps                  | 533         |
|    iterations           | 37          |
|    time_elapsed         | 1704        |
|    total_timesteps      | 909312      |
| train/                  |             |
|    approx_kl            | 0.004101904 |
|    clip_fraction        | 0.0379      |
|    clip_range           | 0.2         |
|    entropy_loss         | -0.574      |
|    explained_variance   | 0.999       |
|    learning_rate        | 0.0003      |
|    loss                 | -0.00991    |
|    n_updates            | 180         |
|    policy_gradient_loss | -0.00257    |
|    value_loss           | 0.00489     |
-----------------------------------------
-----------------------------------------
| rollout/                |             |
|    ep_len_mean          | 49.6        |
|    ep_rew_mean          | 134         |
| time/                   |             |
|    fps                  | 533         |
|    iterations           | 38          |
|    time_elapsed         | 1750        |
|    total_timesteps      | 933888      |
| train/                  |             |
|    approx_kl            | 0.004327278 |
|    clip_fraction        | 0.0448      |
|    clip_range           | 0.2         |
|    entropy_loss         | -0.543      |
|    explained_variance   | 0.996       |
|    learning_rate        | 0.0003      |
|    loss                 | -0.0028     |
|    n_updates            | 185         |
|    policy_gradient_loss | -0.00315    |
|    value_loss           | 0.0135      |
-----------------------------------------
------------------------------------------
| rollout/                |              |
|    ep_len_mean          | 50           |
|    ep_rew_mean          | 136          |
| time/                   |              |
|    fps                  | 533          |
|    iterations           | 39           |
|    time_elapsed         | 1796         |
|    total_timesteps      | 958464       |
| train/                  |              |
|    approx_kl            | 0.0067026787 |
|    clip_fraction        | 0.0673       |
|    clip_range           | 0.2          |
|    entropy_loss         | -0.495       |
|    explained_variance   | 0.995        |
|    learning_rate        | 0.0003       |
|    loss                 | -0.0194      |
|    n_updates            | 190          |
|    policy_gradient_loss | -0.00499     |
|    value_loss           | 0.0123       |
------------------------------------------
-----------------------------------------
| rollout/                |             |
|    ep_len_mean          | 50.6        |
|    ep_rew_mean          | 137         |
| time/                   |             |
|    fps                  | 533         |
|    iterations           | 40          |
|    time_elapsed         | 1843        |
|    total_timesteps      | 983040      |
| train/                  |             |
|    approx_kl            | 0.008326965 |
|    clip_fraction        | 0.0708      |
|    clip_range           | 0.2         |
|    entropy_loss         | -0.529      |
|    explained_variance   | 0.996       |
|    learning_rate        | 0.0003      |
|    loss                 | -0.0136     |
|    n_updates            | 195         |
|    policy_gradient_loss | -0.00667    |
|    value_loss           | 0.0089      |
-----------------------------------------
[Checkpoint] Saved at 1000000 steps > /home/runner/work/Disciples2-RL/Disciples2-RL/github_experiments/125/default/blue_dragon/seed125-default-blue_dragon-31245743985-1/checkpoints/campaign_ppo_step_1000000.zip
Eval num_timesteps=1000008, det_reward=143.14 +/- 0.01
Episode length: det=53.50 +/- 0.50
Victory rate: det=100.00%
--------------------------------------------------
| eval/                           |              |
|    deterministic_mean_ep_length | 53.5         |
|    deterministic_mean_reward    | 143          |
|    deterministic_victory_rate   | 1            |
|    mean_ep_length               | 53.5         |
|    mean_reward                  | 143          |
|    victory_rate                 | 1            |
| time/                           |              |
|    total_timesteps              | 1000008      |
| train/                          |              |
|    approx_kl                    | 0.0070331707 |
|    clip_fraction                | 0.0683       |
|    clip_range                   | 0.2          |
|    entropy_loss                 | -0.471       |
|    explained_variance           | 0.998        |
|    learning_rate                | 0.0003       |
|    loss                         | -0.0155      |
|    n_updates                    | 200          |
|    policy_gradient_loss         | -0.0061      |
|    value_loss                   | 0.00679      |
--------------------------------------------------
New best model by deterministic victory rate!
---------------------------------
| rollout/           |          |
|    ep_len_mean     | 51.7     |
|    ep_rew_mean     | 140      |
| time/              |          |
|    fps             | 532      |
|    iterations      | 41       |
|    time_elapsed    | 1892     |
|    total_timesteps | 1007616  |
---------------------------------
VecNormalize stats saved: /home/runner/work/Disciples2-RL/Disciples2-RL/github_experiments/125/default/blue_dragon/seed125-default-blue_dragon-31245743985-1/models/vecnormalize.pkl

Финальная модель сохранена: /home/runner/work/Disciples2-RL/Disciples2-RL/github_experiments/125/default/blue_dragon/seed125-default-blue_dragon-31245743985-1/models/final_model.zip

============================================================
ИТОГИ ОБУЧЕНИЯ:
  Побед: 12836
  Поражений: 2
  Таймаутов: 46
  Побед бота столицы над врагами: 0
  Перестановок юнитов: 128994
  Терминальные поражения по противникам:
    enemy_75: 2 — Страж столицы Империи: Мизраэль
  Winrate: 99.6%
============================================================
  График призывов за эпизод: /home/runner/work/Disciples2-RL/Disciples2-RL/github_experiments/125/default/blue_dragon/seed125-default-blue_dragon-31245743985-1/plots/campaign_summoned_units_per_episode.png
  График призывов за всё обучение: /home/runner/work/Disciples2-RL/Disciples2-RL/github_experiments/125/default/blue_dragon/seed125-default-blue_dragon-31245743985-1/plots/campaign_summoned_units_cumulative.png
  График найма за эпизод: /home/runner/work/Disciples2-RL/Disciples2-RL/github_experiments/125/default/blue_dragon/seed125-default-blue_dragon-31245743985-1/plots/campaign_hired_units_per_episode.png
  График найма за всё обучение: /home/runner/work/Disciples2-RL/Disciples2-RL/github_experiments/125/default/blue_dragon/seed125-default-blue_dragon-31245743985-1/plots/campaign_hired_units_cumulative.png
  График перестановок юнитов за эпизод: /home/runner/work/Disciples2-RL/Disciples2-RL/github_experiments/125/default/blue_dragon/seed125-default-blue_dragon-31245743985-1/plots/campaign_unit_swaps_per_episode.png
  График боевых предметов: /home/runner/work/Disciples2-RL/Disciples2-RL/github_experiments/125/default/blue_dragon/seed125-default-blue_dragon-31245743985-1/plots/campaign_battle_item_activity.png
  График побед бота столицы за эпизод: /home/runner/work/Disciples2-RL/Disciples2-RL/github_experiments/125/default/blue_dragon/seed125-default-blue_dragon-31245743985-1/plots/campaign_scripted_bot_victories_per_episode.png
  График применения заклинаний: /home/runner/work/Disciples2-RL/Disciples2-RL/github_experiments/125/default/blue_dragon/seed125-default-blue_dragon-31245743985-1/plots/campaign_spell_cast_activity.png
