Проверка среды CampaignEnv...
Среда прошла проверку!
[INFO] Comet disabled, running without experiment tracking
Создание 12 параллельных сред (subproc)...
Инициализация MaskablePPO...
Using cpu device

============================================================
Запуск обучения Campaign Agent
Всего шагов: 1,000,000
Параллельных сред: 12
VecEnv: subproc
VecEnv start method: forkserver
Seed: 120
Checkpoint каждые: 500,000 шагов
Evaluation каждые: 83,334 шагов
Eval deterministic эпизодов: 20
Eval stochastic эпизодов: 0
Eval лимит шагов на эпизод: 5000
Campaign map: hire_train
Campaign objective: orc
System resources at training start:
  Platform: Linux 6.17.0-1020-azure (x86_64)
  Python: 3.14.6
  PyTorch: 2.13.0+cpu
  Training device: cpu
  CPU model: AMD EPYC 7763 64-Core Processor
  CPU vendor: AuthenticAMD
  Logical CPUs visible: 4
  Process CPU affinity: 4
  Sockets: 1
  Cores per socket: 2
  Threads per core: 2
  CPU max MHz: unknown
  CPU min MHz: unknown
  L1d cache: 64 KiB (2 instances)
  L1i cache: 64 KiB (2 instances)
  L2 cache: 1 MiB (2 instances)
  L3 cache: 32 MiB (1 instance)
  Virtualization: AMD-V
  Hypervisor: Microsoft
  RAM total: 15.61 GiB
  RAM available at start: 13.95 GiB
  Disk total: 144.26 GiB
  Disk free at start: 83.34 GiB
  Torch intra-op threads: 4
  Torch inter-op threads: 2
  OMP_NUM_THREADS: 4
  MKL_NUM_THREADS: 4
  OPENBLAS_NUM_THREADS: 4
  GitHub runner OS: Linux
  GitHub runner architecture: X64
  GitHub runner environment: github-hosted
PPO n_steps: 2,048
PPO batch_size: 512
PPO n_epochs: 5
PPO learning_rate: 0.0003
PPO clip_range: 0.2
PPO ent_coef: 0.01
PPO gamma: 0.995
PPO gae_lambda: 0.95
PPO target_kl: disabled
PPO gradient batches per rollout: 240
VecCheckNan: disabled
Freeze action layout: enabled
Empire territory: enabled
Torch threads per process: 4
Diagnostics: disabled
Wall-clock training limit: disabled
Run ID: seed120-hire_train-orc-30186937346-1
============================================================

Logging to /home/runner/work/Disciples2-RL/Disciples2-RL/github_experiments/120/hire_train/orc/seed120-hire_train-orc-30186937346-1/tensorboard/MaskablePPO_1
---------------------------------
| rollout/           |          |
|    ep_len_mean     | 955      |
|    ep_rew_mean     | -86.8    |
| time/              |          |
|    fps             | 555      |
|    iterations      | 1        |
|    time_elapsed    | 44       |
|    total_timesteps | 24576    |
---------------------------------
-----------------------------------------
| rollout/                |             |
|    ep_len_mean          | 1.6e+03     |
|    ep_rew_mean          | -157        |
| time/                   |             |
|    fps                  | 534         |
|    iterations           | 2           |
|    time_elapsed         | 91          |
|    total_timesteps      | 49152       |
| train/                  |             |
|    approx_kl            | 0.009621301 |
|    clip_fraction        | 0.0361      |
|    clip_range           | 0.2         |
|    entropy_loss         | -2.19       |
|    explained_variance   | 0.517       |
|    learning_rate        | 0.0003      |
|    loss                 | -0.0181     |
|    n_updates            | 5           |
|    policy_gradient_loss | -0.0039     |
|    value_loss           | 0.0287      |
-----------------------------------------
-----------------------------------------
| rollout/                |             |
|    ep_len_mean          | 1.2e+03     |
|    ep_rew_mean          | -82.6       |
| time/                   |             |
|    fps                  | 529         |
|    iterations           | 3           |
|    time_elapsed         | 139         |
|    total_timesteps      | 73728       |
| train/                  |             |
|    approx_kl            | 0.008892149 |
|    clip_fraction        | 0.0559      |
|    clip_range           | 0.2         |
|    entropy_loss         | -2.18       |
|    explained_variance   | 0.363       |
|    learning_rate        | 0.0003      |
|    loss                 | 0.0447      |
|    n_updates            | 10          |
|    policy_gradient_loss | -0.00379    |
|    value_loss           | 0.0641      |
-----------------------------------------
-----------------------------------------
| rollout/                |             |
|    ep_len_mean          | 939         |
|    ep_rew_mean          | -65.4       |
| time/                   |             |
|    fps                  | 525         |
|    iterations           | 4           |
|    time_elapsed         | 186         |
|    total_timesteps      | 98304       |
| train/                  |             |
|    approx_kl            | 0.009134804 |
|    clip_fraction        | 0.066       |
|    clip_range           | 0.2         |
|    entropy_loss         | -2.17       |
|    explained_variance   | 0.295       |
|    learning_rate        | 0.0003      |
|    loss                 | 0.00194     |
|    n_updates            | 15          |
|    policy_gradient_loss | -0.00612    |
|    value_loss           | 0.162       |
-----------------------------------------
---------------------------------------
| rollout/                |           |
|    ep_len_mean          | 490       |
|    ep_rew_mean          | -19.3     |
| time/                   |           |
|    fps                  | 525       |
|    iterations           | 5         |
|    time_elapsed         | 233       |
|    total_timesteps      | 122880    |
| train/                  |           |
|    approx_kl            | 0.0104312 |
|    clip_fraction        | 0.0826    |
|    clip_range           | 0.2       |
|    entropy_loss         | -2.16     |
|    explained_variance   | 0.4       |
|    learning_rate        | 0.0003    |
|    loss                 | 0.0219    |
|    n_updates            | 20        |
|    policy_gradient_loss | -0.00674  |
|    value_loss           | 0.129     |
---------------------------------------
-----------------------------------------
| rollout/                |             |
|    ep_len_mean          | 337         |
|    ep_rew_mean          | 19.5        |
| time/                   |             |
|    fps                  | 525         |
|    iterations           | 6           |
|    time_elapsed         | 280         |
|    total_timesteps      | 147456      |
| train/                  |             |
|    approx_kl            | 0.011079115 |
|    clip_fraction        | 0.114       |
|    clip_range           | 0.2         |
|    entropy_loss         | -2.15       |
|    explained_variance   | 0.462       |
|    learning_rate        | 0.0003      |
|    loss                 | 0.0782      |
|    n_updates            | 25          |
|    policy_gradient_loss | -0.00834    |
|    value_loss           | 0.198       |
-----------------------------------------
-----------------------------------------
| rollout/                |             |
|    ep_len_mean          | 257         |
|    ep_rew_mean          | 34.2        |
| time/                   |             |
|    fps                  | 525         |
|    iterations           | 7           |
|    time_elapsed         | 327         |
|    total_timesteps      | 172032      |
| train/                  |             |
|    approx_kl            | 0.008969762 |
|    clip_fraction        | 0.0975      |
|    clip_range           | 0.2         |
|    entropy_loss         | -2.16       |
|    explained_variance   | 0.475       |
|    learning_rate        | 0.0003      |
|    loss                 | 0.0792      |
|    n_updates            | 30          |
|    policy_gradient_loss | -0.0078     |
|    value_loss           | 0.255       |
-----------------------------------------
-----------------------------------------
| rollout/                |             |
|    ep_len_mean          | 192         |
|    ep_rew_mean          | 38.1        |
| time/                   |             |
|    fps                  | 527         |
|    iterations           | 8           |
|    time_elapsed         | 372         |
|    total_timesteps      | 196608      |
| train/                  |             |
|    approx_kl            | 0.010681144 |
|    clip_fraction        | 0.0993      |
|    clip_range           | 0.2         |
|    entropy_loss         | -2.15       |
|    explained_variance   | 0.501       |
|    learning_rate        | 0.0003      |
|    loss                 | 0.107       |
|    n_updates            | 35          |
|    policy_gradient_loss | -0.00835    |
|    value_loss           | 0.303       |
-----------------------------------------
------------------------------------------
| rollout/                |              |
|    ep_len_mean          | 145          |
|    ep_rew_mean          | 61.4         |
| time/                   |              |
|    fps                  | 527          |
|    iterations           | 9            |
|    time_elapsed         | 419          |
|    total_timesteps      | 221184       |
| train/                  |              |
|    approx_kl            | 0.0100640245 |
|    clip_fraction        | 0.0984       |
|    clip_range           | 0.2          |
|    entropy_loss         | -2.11        |
|    explained_variance   | 0.577        |
|    learning_rate        | 0.0003       |
|    loss                 | 0.11         |
|    n_updates            | 40           |
|    policy_gradient_loss | -0.0074      |
|    value_loss           | 0.322        |
------------------------------------------
-----------------------------------------
| rollout/                |             |
|    ep_len_mean          | 120         |
|    ep_rew_mean          | 66.7        |
| time/                   |             |
|    fps                  | 526         |
|    iterations           | 10          |
|    time_elapsed         | 467         |
|    total_timesteps      | 245760      |
| train/                  |             |
|    approx_kl            | 0.011527044 |
|    clip_fraction        | 0.12        |
|    clip_range           | 0.2         |
|    entropy_loss         | -2.06       |
|    explained_variance   | 0.498       |
|    learning_rate        | 0.0003      |
|    loss                 | 0.194       |
|    n_updates            | 45          |
|    policy_gradient_loss | -0.00917    |
|    value_loss           | 0.549       |
-----------------------------------------
-----------------------------------------
| rollout/                |             |
|    ep_len_mean          | 95.3        |
|    ep_rew_mean          | 71.2        |
| time/                   |             |
|    fps                  | 524         |
|    iterations           | 11          |
|    time_elapsed         | 515         |
|    total_timesteps      | 270336      |
| train/                  |             |
|    approx_kl            | 0.009653077 |
|    clip_fraction        | 0.114       |
|    clip_range           | 0.2         |
|    entropy_loss         | -2.01       |
|    explained_variance   | 0.624       |
|    learning_rate        | 0.0003      |
|    loss                 | 0.347       |
|    n_updates            | 50          |
|    policy_gradient_loss | -0.00809    |
|    value_loss           | 0.654       |
-----------------------------------------
-----------------------------------------
| rollout/                |             |
|    ep_len_mean          | 82.5        |
|    ep_rew_mean          | 90.2        |
| time/                   |             |
|    fps                  | 523         |
|    iterations           | 12          |
|    time_elapsed         | 563         |
|    total_timesteps      | 294912      |
| train/                  |             |
|    approx_kl            | 0.010299059 |
|    clip_fraction        | 0.0919      |
|    clip_range           | 0.2         |
|    entropy_loss         | -1.95       |
|    explained_variance   | 0.583       |
|    learning_rate        | 0.0003      |
|    loss                 | 0.342       |
|    n_updates            | 55          |
|    policy_gradient_loss | -0.00702    |
|    value_loss           | 0.818       |
-----------------------------------------
-----------------------------------------
| rollout/                |             |
|    ep_len_mean          | 75          |
|    ep_rew_mean          | 87.9        |
| time/                   |             |
|    fps                  | 523         |
|    iterations           | 13          |
|    time_elapsed         | 610         |
|    total_timesteps      | 319488      |
| train/                  |             |
|    approx_kl            | 0.011287302 |
|    clip_fraction        | 0.097       |
|    clip_range           | 0.2         |
|    entropy_loss         | -1.86       |
|    explained_variance   | 0.58        |
|    learning_rate        | 0.0003      |
|    loss                 | 0.404       |
|    n_updates            | 60          |
|    policy_gradient_loss | -0.00701    |
|    value_loss           | 0.896       |
-----------------------------------------
-----------------------------------------
| rollout/                |             |
|    ep_len_mean          | 70.7        |
|    ep_rew_mean          | 103         |
| time/                   |             |
|    fps                  | 523         |
|    iterations           | 14          |
|    time_elapsed         | 657         |
|    total_timesteps      | 344064      |
| train/                  |             |
|    approx_kl            | 0.010796907 |
|    clip_fraction        | 0.0778      |
|    clip_range           | 0.2         |
|    entropy_loss         | -1.78       |
|    explained_variance   | 0.529       |
|    learning_rate        | 0.0003      |
|    loss                 | 0.405       |
|    n_updates            | 65          |
|    policy_gradient_loss | -0.00606    |
|    value_loss           | 0.916       |
-----------------------------------------
-----------------------------------------
| rollout/                |             |
|    ep_len_mean          | 64.9        |
|    ep_rew_mean          | 111         |
| time/                   |             |
|    fps                  | 524         |
|    iterations           | 15          |
|    time_elapsed         | 703         |
|    total_timesteps      | 368640      |
| train/                  |             |
|    approx_kl            | 0.008907366 |
|    clip_fraction        | 0.0754      |
|    clip_range           | 0.2         |
|    entropy_loss         | -1.7        |
|    explained_variance   | 0.472       |
|    learning_rate        | 0.0003      |
|    loss                 | 0.483       |
|    n_updates            | 70          |
|    policy_gradient_loss | -0.00547    |
|    value_loss           | 0.872       |
-----------------------------------------
-----------------------------------------
| rollout/                |             |
|    ep_len_mean          | 63.7        |
|    ep_rew_mean          | 123         |
| time/                   |             |
|    fps                  | 524         |
|    iterations           | 16          |
|    time_elapsed         | 749         |
|    total_timesteps      | 393216      |
| train/                  |             |
|    approx_kl            | 0.008968942 |
|    clip_fraction        | 0.0707      |
|    clip_range           | 0.2         |
|    entropy_loss         | -1.65       |
|    explained_variance   | 0.403       |
|    learning_rate        | 0.0003      |
|    loss                 | 0.336       |
|    n_updates            | 75          |
|    policy_gradient_loss | -0.00554    |
|    value_loss           | 0.912       |
-----------------------------------------
-----------------------------------------
| rollout/                |             |
|    ep_len_mean          | 59.4        |
|    ep_rew_mean          | 115         |
| time/                   |             |
|    fps                  | 524         |
|    iterations           | 17          |
|    time_elapsed         | 796         |
|    total_timesteps      | 417792      |
| train/                  |             |
|    approx_kl            | 0.008566358 |
|    clip_fraction        | 0.0688      |
|    clip_range           | 0.2         |
|    entropy_loss         | -1.61       |
|    explained_variance   | 0.398       |
|    learning_rate        | 0.0003      |
|    loss                 | 0.284       |
|    n_updates            | 80          |
|    policy_gradient_loss | -0.00453    |
|    value_loss           | 0.787       |
-----------------------------------------
-----------------------------------------
| rollout/                |             |
|    ep_len_mean          | 58.8        |
|    ep_rew_mean          | 122         |
| time/                   |             |
|    fps                  | 524         |
|    iterations           | 18          |
|    time_elapsed         | 842         |
|    total_timesteps      | 442368      |
| train/                  |             |
|    approx_kl            | 0.006097194 |
|    clip_fraction        | 0.0561      |
|    clip_range           | 0.2         |
|    entropy_loss         | -1.57       |
|    explained_variance   | 0.414       |
|    learning_rate        | 0.0003      |
|    loss                 | 0.315       |
|    n_updates            | 85          |
|    policy_gradient_loss | -0.00314    |
|    value_loss           | 0.729       |
-----------------------------------------
------------------------------------------
| rollout/                |              |
|    ep_len_mean          | 56.3         |
|    ep_rew_mean          | 122          |
| time/                   |              |
|    fps                  | 525          |
|    iterations           | 19           |
|    time_elapsed         | 889          |
|    total_timesteps      | 466944       |
| train/                  |              |
|    approx_kl            | 0.0057795458 |
|    clip_fraction        | 0.0535       |
|    clip_range           | 0.2          |
|    entropy_loss         | -1.54        |
|    explained_variance   | 0.405        |
|    learning_rate        | 0.0003       |
|    loss                 | 0.325        |
|    n_updates            | 90           |
|    policy_gradient_loss | -0.00353     |
|    value_loss           | 0.65         |
------------------------------------------
-----------------------------------------
| rollout/                |             |
|    ep_len_mean          | 54.5        |
|    ep_rew_mean          | 131         |
| time/                   |             |
|    fps                  | 525         |
|    iterations           | 20          |
|    time_elapsed         | 935         |
|    total_timesteps      | 491520      |
| train/                  |             |
|    approx_kl            | 0.008815839 |
|    clip_fraction        | 0.0645      |
|    clip_range           | 0.2         |
|    entropy_loss         | -1.51       |
|    explained_variance   | 0.446       |
|    learning_rate        | 0.0003      |
|    loss                 | 0.291       |
|    n_updates            | 95          |
|    policy_gradient_loss | -0.00397    |
|    value_loss           | 0.613       |
-----------------------------------------
[Checkpoint] Saved at 500000 steps > /home/runner/work/Disciples2-RL/Disciples2-RL/github_experiments/120/hire_train/orc/seed120-hire_train-orc-30186937346-1/checkpoints/campaign_ppo_step_500000.zip
------------------------------------------
| rollout/                |              |
|    ep_len_mean          | 52.8         |
|    ep_rew_mean          | 135          |
| time/                   |              |
|    fps                  | 525          |
|    iterations           | 21           |
|    time_elapsed         | 982          |
|    total_timesteps      | 516096       |
| train/                  |              |
|    approx_kl            | 0.0073605827 |
|    clip_fraction        | 0.0503       |
|    clip_range           | 0.2          |
|    entropy_loss         | -1.47        |
|    explained_variance   | 0.415        |
|    learning_rate        | 0.0003       |
|    loss                 | 0.225        |
|    n_updates            | 100          |
|    policy_gradient_loss | -0.00311     |
|    value_loss           | 0.511        |
------------------------------------------
------------------------------------------
| rollout/                |              |
|    ep_len_mean          | 51.7         |
|    ep_rew_mean          | 130          |
| time/                   |              |
|    fps                  | 525          |
|    iterations           | 22           |
|    time_elapsed         | 1028         |
|    total_timesteps      | 540672       |
| train/                  |              |
|    approx_kl            | 0.0078207115 |
|    clip_fraction        | 0.0573       |
|    clip_range           | 0.2          |
|    entropy_loss         | -1.44        |
|    explained_variance   | 0.385        |
|    learning_rate        | 0.0003       |
|    loss                 | 0.232        |
|    n_updates            | 105          |
|    policy_gradient_loss | -0.0037      |
|    value_loss           | 0.504        |
------------------------------------------
------------------------------------------
| rollout/                |              |
|    ep_len_mean          | 51.3         |
|    ep_rew_mean          | 134          |
| time/                   |              |
|    fps                  | 525          |
|    iterations           | 23           |
|    time_elapsed         | 1075         |
|    total_timesteps      | 565248       |
| train/                  |              |
|    approx_kl            | 0.0049244156 |
|    clip_fraction        | 0.0434       |
|    clip_range           | 0.2          |
|    entropy_loss         | -1.4         |
|    explained_variance   | 0.409        |
|    learning_rate        | 0.0003       |
|    loss                 | 0.212        |
|    n_updates            | 110          |
|    policy_gradient_loss | -0.00299     |
|    value_loss           | 0.438        |
------------------------------------------
------------------------------------------
| rollout/                |              |
|    ep_len_mean          | 50.4         |
|    ep_rew_mean          | 142          |
| time/                   |              |
|    fps                  | 525          |
|    iterations           | 24           |
|    time_elapsed         | 1123         |
|    total_timesteps      | 589824       |
| train/                  |              |
|    approx_kl            | 0.0051328256 |
|    clip_fraction        | 0.043        |
|    clip_range           | 0.2          |
|    entropy_loss         | -1.38        |
|    explained_variance   | 0.369        |
|    learning_rate        | 0.0003       |
|    loss                 | 0.237        |
|    n_updates            | 115          |
|    policy_gradient_loss | -0.00278     |
|    value_loss           | 0.419        |
------------------------------------------
-----------------------------------------
| rollout/                |             |
|    ep_len_mean          | 49.5        |
|    ep_rew_mean          | 138         |
| time/                   |             |
|    fps                  | 525         |
|    iterations           | 25          |
|    time_elapsed         | 1170        |
|    total_timesteps      | 614400      |
| train/                  |             |
|    approx_kl            | 0.005448112 |
|    clip_fraction        | 0.0534      |
|    clip_range           | 0.2         |
|    entropy_loss         | -1.34       |
|    explained_variance   | 0.348       |
|    learning_rate        | 0.0003      |
|    loss                 | 0.149       |
|    n_updates            | 120         |
|    policy_gradient_loss | -0.00252    |
|    value_loss           | 0.359       |
-----------------------------------------
-----------------------------------------
| rollout/                |             |
|    ep_len_mean          | 48.5        |
|    ep_rew_mean          | 138         |
| time/                   |             |
|    fps                  | 524         |
|    iterations           | 26          |
|    time_elapsed         | 1217        |
|    total_timesteps      | 638976      |
| train/                  |             |
|    approx_kl            | 0.005523581 |
|    clip_fraction        | 0.0453      |
|    clip_range           | 0.2         |
|    entropy_loss         | -1.3        |
|    explained_variance   | 0.383       |
|    learning_rate        | 0.0003      |
|    loss                 | 0.0911      |
|    n_updates            | 125         |
|    policy_gradient_loss | -0.00284    |
|    value_loss           | 0.311       |
-----------------------------------------
------------------------------------------
| rollout/                |              |
|    ep_len_mean          | 48           |
|    ep_rew_mean          | 132          |
| time/                   |              |
|    fps                  | 524          |
|    iterations           | 27           |
|    time_elapsed         | 1264         |
|    total_timesteps      | 663552       |
| train/                  |              |
|    approx_kl            | 0.0065333345 |
|    clip_fraction        | 0.0629       |
|    clip_range           | 0.2          |
|    entropy_loss         | -1.25        |
|    explained_variance   | 0.354        |
|    learning_rate        | 0.0003       |
|    loss                 | 0.072        |
|    n_updates            | 130          |
|    policy_gradient_loss | -0.00402     |
|    value_loss           | 0.251        |
------------------------------------------
------------------------------------------
| rollout/                |              |
|    ep_len_mean          | 47           |
|    ep_rew_mean          | 141          |
| time/                   |              |
|    fps                  | 524          |
|    iterations           | 28           |
|    time_elapsed         | 1311         |
|    total_timesteps      | 688128       |
| train/                  |              |
|    approx_kl            | 0.0052849636 |
|    clip_fraction        | 0.059        |
|    clip_range           | 0.2          |
|    entropy_loss         | -1.22        |
|    explained_variance   | 0.356        |
|    learning_rate        | 0.0003       |
|    loss                 | 0.0958       |
|    n_updates            | 135          |
|    policy_gradient_loss | -0.0037      |
|    value_loss           | 0.314        |
------------------------------------------
-----------------------------------------
| rollout/                |             |
|    ep_len_mean          | 46.5        |
|    ep_rew_mean          | 138         |
| time/                   |             |
|    fps                  | 524         |
|    iterations           | 29          |
|    time_elapsed         | 1358        |
|    total_timesteps      | 712704      |
| train/                  |             |
|    approx_kl            | 0.004790109 |
|    clip_fraction        | 0.0488      |
|    clip_range           | 0.2         |
|    entropy_loss         | -1.22       |
|    explained_variance   | 0.352       |
|    learning_rate        | 0.0003      |
|    loss                 | 0.0897      |
|    n_updates            | 140         |
|    policy_gradient_loss | -0.00281    |
|    value_loss           | 0.277       |
-----------------------------------------
------------------------------------------
| rollout/                |              |
|    ep_len_mean          | 46.3         |
|    ep_rew_mean          | 140          |
| time/                   |              |
|    fps                  | 524          |
|    iterations           | 30           |
|    time_elapsed         | 1406         |
|    total_timesteps      | 737280       |
| train/                  |              |
|    approx_kl            | 0.0053114383 |
|    clip_fraction        | 0.0427       |
|    clip_range           | 0.2          |
|    entropy_loss         | -1.18        |
|    explained_variance   | 0.424        |
|    learning_rate        | 0.0003       |
|    loss                 | 0.122        |
|    n_updates            | 145          |
|    policy_gradient_loss | -0.00258     |
|    value_loss           | 0.238        |
------------------------------------------
------------------------------------------
| rollout/                |              |
|    ep_len_mean          | 45.5         |
|    ep_rew_mean          | 137          |
| time/                   |              |
|    fps                  | 524          |
|    iterations           | 31           |
|    time_elapsed         | 1452         |
|    total_timesteps      | 761856       |
| train/                  |              |
|    approx_kl            | 0.0062998272 |
|    clip_fraction        | 0.0557       |
|    clip_range           | 0.2          |
|    entropy_loss         | -1.19        |
|    explained_variance   | 0.313        |
|    learning_rate        | 0.0003       |
|    loss                 | 0.151        |
|    n_updates            | 150          |
|    policy_gradient_loss | -0.00311     |
|    value_loss           | 0.24         |
------------------------------------------
-----------------------------------------
| rollout/                |             |
|    ep_len_mean          | 45.1        |
|    ep_rew_mean          | 142         |
| time/                   |             |
|    fps                  | 524         |
|    iterations           | 32          |
|    time_elapsed         | 1499        |
|    total_timesteps      | 786432      |
| train/                  |             |
|    approx_kl            | 0.005813457 |
|    clip_fraction        | 0.0643      |
|    clip_range           | 0.2         |
|    entropy_loss         | -1.18       |
|    explained_variance   | 0.358       |
|    learning_rate        | 0.0003      |
|    loss                 | 0.165       |
|    n_updates            | 155         |
|    policy_gradient_loss | -0.00355    |
|    value_loss           | 0.205       |
-----------------------------------------
-----------------------------------------
| rollout/                |             |
|    ep_len_mean          | 45.7        |
|    ep_rew_mean          | 144         |
| time/                   |             |
|    fps                  | 524         |
|    iterations           | 33          |
|    time_elapsed         | 1546        |
|    total_timesteps      | 811008      |
| train/                  |             |
|    approx_kl            | 0.006321628 |
|    clip_fraction        | 0.0505      |
|    clip_range           | 0.2         |
|    entropy_loss         | -1.16       |
|    explained_variance   | 0.352       |
|    learning_rate        | 0.0003      |
|    loss                 | 0.0659      |
|    n_updates            | 160         |
|    policy_gradient_loss | -0.00288    |
|    value_loss           | 0.232       |
-----------------------------------------
------------------------------------------
| rollout/                |              |
|    ep_len_mean          | 45           |
|    ep_rew_mean          | 141          |
| time/                   |              |
|    fps                  | 524          |
|    iterations           | 34           |
|    time_elapsed         | 1593         |
|    total_timesteps      | 835584       |
| train/                  |              |
|    approx_kl            | 0.0051899706 |
|    clip_fraction        | 0.0519       |
|    clip_range           | 0.2          |
|    entropy_loss         | -1.16        |
|    explained_variance   | 0.383        |
|    learning_rate        | 0.0003       |
|    loss                 | 0.0528       |
|    n_updates            | 165          |
|    policy_gradient_loss | -0.00264     |
|    value_loss           | 0.199        |
------------------------------------------
----------------------------------------
| rollout/                |            |
|    ep_len_mean          | 45.4       |
|    ep_rew_mean          | 143        |
| time/                   |            |
|    fps                  | 524        |
|    iterations           | 35         |
|    time_elapsed         | 1639       |
|    total_timesteps      | 860160     |
| train/                  |            |
|    approx_kl            | 0.00616206 |
|    clip_fraction        | 0.0625     |
|    clip_range           | 0.2        |
|    entropy_loss         | -1.13      |
|    explained_variance   | 0.383      |
|    learning_rate        | 0.0003     |
|    loss                 | 0.0621     |
|    n_updates            | 170        |
|    policy_gradient_loss | -0.00406   |
|    value_loss           | 0.188      |
----------------------------------------
------------------------------------------
| rollout/                |              |
|    ep_len_mean          | 45           |
|    ep_rew_mean          | 146          |
| time/                   |              |
|    fps                  | 524          |
|    iterations           | 36           |
|    time_elapsed         | 1687         |
|    total_timesteps      | 884736       |
| train/                  |              |
|    approx_kl            | 0.0051533845 |
|    clip_fraction        | 0.0614       |
|    clip_range           | 0.2          |
|    entropy_loss         | -1.17        |
|    explained_variance   | 0.556        |
|    learning_rate        | 0.0003       |
|    loss                 | 0.0246       |
|    n_updates            | 175          |
|    policy_gradient_loss | -0.00361     |
|    value_loss           | 0.0952       |
------------------------------------------
------------------------------------------
| rollout/                |              |
|    ep_len_mean          | 44.8         |
|    ep_rew_mean          | 146          |
| time/                   |              |
|    fps                  | 524          |
|    iterations           | 37           |
|    time_elapsed         | 1734         |
|    total_timesteps      | 909312       |
| train/                  |              |
|    approx_kl            | 0.0060313293 |
|    clip_fraction        | 0.0733       |
|    clip_range           | 0.2          |
|    entropy_loss         | -1.17        |
|    explained_variance   | 0.472        |
|    learning_rate        | 0.0003       |
|    loss                 | 0.0548       |
|    n_updates            | 180          |
|    policy_gradient_loss | -0.00439     |
|    value_loss           | 0.106        |
------------------------------------------
------------------------------------------
| rollout/                |              |
|    ep_len_mean          | 44.4         |
|    ep_rew_mean          | 142          |
| time/                   |              |
|    fps                  | 524          |
|    iterations           | 38           |
|    time_elapsed         | 1781         |
|    total_timesteps      | 933888       |
| train/                  |              |
|    approx_kl            | 0.0058228807 |
|    clip_fraction        | 0.0566       |
|    clip_range           | 0.2          |
|    entropy_loss         | -1.14        |
|    explained_variance   | 0.478        |
|    learning_rate        | 0.0003       |
|    loss                 | 0.0161       |
|    n_updates            | 185          |
|    policy_gradient_loss | -0.00271     |
|    value_loss           | 0.0989       |
------------------------------------------
------------------------------------------
| rollout/                |              |
|    ep_len_mean          | 44.8         |
|    ep_rew_mean          | 146          |
| time/                   |              |
|    fps                  | 524          |
|    iterations           | 39           |
|    time_elapsed         | 1828         |
|    total_timesteps      | 958464       |
| train/                  |              |
|    approx_kl            | 0.0051863645 |
|    clip_fraction        | 0.0405       |
|    clip_range           | 0.2          |
|    entropy_loss         | -1.15        |
|    explained_variance   | 0.408        |
|    learning_rate        | 0.0003       |
|    loss                 | 0.033        |
|    n_updates            | 190          |
|    policy_gradient_loss | -0.00298     |
|    value_loss           | 0.139        |
------------------------------------------
------------------------------------------
| rollout/                |              |
|    ep_len_mean          | 43.8         |
|    ep_rew_mean          | 144          |
| time/                   |              |
|    fps                  | 524          |
|    iterations           | 40           |
|    time_elapsed         | 1874         |
|    total_timesteps      | 983040       |
| train/                  |              |
|    approx_kl            | 0.0061325035 |
|    clip_fraction        | 0.0569       |
|    clip_range           | 0.2          |
|    entropy_loss         | -1.12        |
|    explained_variance   | 0.458        |
|    learning_rate        | 0.0003       |
|    loss                 | 0.0234       |
|    n_updates            | 195          |
|    policy_gradient_loss | -0.00351     |
|    value_loss           | 0.111        |
------------------------------------------
[Checkpoint] Saved at 1000000 steps > /home/runner/work/Disciples2-RL/Disciples2-RL/github_experiments/120/hire_train/orc/seed120-hire_train-orc-30186937346-1/checkpoints/campaign_ppo_step_1000000.zip
Eval num_timesteps=1000008, det_reward=145.50 +/- 0.03
Episode length: det=37.05 +/- 0.67
Victory rate: det=100.00%
-------------------------------------------------
| eval/                           |             |
|    deterministic_mean_ep_length | 37          |
|    deterministic_mean_reward    | 146         |
|    deterministic_victory_rate   | 1           |
|    mean_ep_length               | 37          |
|    mean_reward                  | 146         |
|    victory_rate                 | 1           |
| time/                           |             |
|    total_timesteps              | 1000008     |
| train/                          |             |
|    approx_kl                    | 0.005598815 |
|    clip_fraction                | 0.0557      |
|    clip_range                   | 0.2         |
|    entropy_loss                 | -1.1        |
|    explained_variance           | 0.478       |
|    learning_rate                | 0.0003      |
|    loss                         | 0.0124      |
|    n_updates                    | 200         |
|    policy_gradient_loss         | -0.00253    |
|    value_loss                   | 0.111       |
-------------------------------------------------
New best model by deterministic victory rate!
---------------------------------
| rollout/           |          |
|    ep_len_mean     | 44       |
|    ep_rew_mean     | 141      |
| time/              |          |
|    fps             | 523      |
|    iterations      | 41       |
|    time_elapsed    | 1923     |
|    total_timesteps | 1007616  |
---------------------------------
VecNormalize stats saved: /home/runner/work/Disciples2-RL/Disciples2-RL/github_experiments/120/hire_train/orc/seed120-hire_train-orc-30186937346-1/models/vecnormalize.pkl

Финальная модель сохранена: /home/runner/work/Disciples2-RL/Disciples2-RL/github_experiments/120/hire_train/orc/seed120-hire_train-orc-30186937346-1/models/final_model.zip

============================================================
ИТОГИ ОБУЧЕНИЯ:
  Побед: 13259
  Поражений: 2269
  Таймаутов: 2
  Побед бота столицы над врагами: 0
  Перестановок юнитов: 167549
  Терминальные поражения по противникам:
    enemy_1: 2269 — Целевой отряд: Орк слева, два Гоблина впереди и Гоблин лучник сзади
  Winrate: 85.4%
============================================================
  График призывов за эпизод: /home/runner/work/Disciples2-RL/Disciples2-RL/github_experiments/120/hire_train/orc/seed120-hire_train-orc-30186937346-1/plots/campaign_summoned_units_per_episode.png
  График призывов за всё обучение: /home/runner/work/Disciples2-RL/Disciples2-RL/github_experiments/120/hire_train/orc/seed120-hire_train-orc-30186937346-1/plots/campaign_summoned_units_cumulative.png
  График найма за эпизод: /home/runner/work/Disciples2-RL/Disciples2-RL/github_experiments/120/hire_train/orc/seed120-hire_train-orc-30186937346-1/plots/campaign_hired_units_per_episode.png
  График найма за всё обучение: /home/runner/work/Disciples2-RL/Disciples2-RL/github_experiments/120/hire_train/orc/seed120-hire_train-orc-30186937346-1/plots/campaign_hired_units_cumulative.png
  График перестановок юнитов за эпизод: /home/runner/work/Disciples2-RL/Disciples2-RL/github_experiments/120/hire_train/orc/seed120-hire_train-orc-30186937346-1/plots/campaign_unit_swaps_per_episode.png
  График боевых предметов: /home/runner/work/Disciples2-RL/Disciples2-RL/github_experiments/120/hire_train/orc/seed120-hire_train-orc-30186937346-1/plots/campaign_battle_item_activity.png
  График побед бота столицы за эпизод: /home/runner/work/Disciples2-RL/Disciples2-RL/github_experiments/120/hire_train/orc/seed120-hire_train-orc-30186937346-1/plots/campaign_scripted_bot_victories_per_episode.png
  График применения заклинаний: /home/runner/work/Disciples2-RL/Disciples2-RL/github_experiments/120/hire_train/orc/seed120-hire_train-orc-30186937346-1/plots/campaign_spell_cast_activity.png
