Проверка среды CampaignEnv...
Среда прошла проверку!
[INFO] Comet disabled, running without experiment tracking
Создание 12 параллельных сред (subproc)...
Инициализация MaskablePPO...
Using cpu device

============================================================
Запуск обучения Campaign Agent
Всего шагов: 1,000,000
Параллельных сред: 12
VecEnv: subproc
VecEnv start method: forkserver
Seed: 131
Checkpoint каждые: 500,000 шагов
Evaluation каждые: 83,334 шагов
Eval deterministic эпизодов: 20
Eval stochastic эпизодов: 0
Eval лимит шагов на эпизод: 5000
Campaign map: small
Campaign objective: cities
System resources at training start:
  Platform: Linux 6.17.0-1022-azure (x86_64)
  Python: 3.14.7
  PyTorch: 2.13.0+cpu
  Training device: cpu
  CPU model: AMD EPYC 9V45 96-Core Processor
  CPU vendor: AuthenticAMD
  Logical CPUs visible: 4
  Process CPU affinity: 4
  Sockets: 1
  Cores per socket: 2
  Threads per core: 2
  CPU max MHz: unknown
  CPU min MHz: unknown
  L1d cache: 96 KiB (2 instances)
  L1i cache: 64 KiB (2 instances)
  L2 cache: 2 MiB (2 instances)
  L3 cache: 32 MiB (1 instance)
  Virtualization: AMD-V
  Hypervisor: Microsoft
  RAM total: 15.61 GiB
  RAM available at start: 13.92 GiB
  Disk total: 144.26 GiB
  Disk free at start: 77.95 GiB
  Torch intra-op threads: 4
  Torch inter-op threads: 2
  OMP_NUM_THREADS: 4
  MKL_NUM_THREADS: 4
  OPENBLAS_NUM_THREADS: 4
  GitHub runner OS: Linux
  GitHub runner architecture: X64
  GitHub runner environment: github-hosted
PPO n_steps: 2,048
PPO batch_size: 512
PPO n_epochs: 5
PPO learning_rate: 0.0003
PPO clip_range: 0.2
PPO ent_coef: 0.01
PPO gamma: 0.995
PPO gae_lambda: 0.95
PPO target_kl: disabled
PPO gradient batches per rollout: 240
VecCheckNan: disabled
Freeze action layout: enabled
Empire territory: enabled
Torch threads per process: 4
Diagnostics: disabled
Wall-clock training limit: disabled
Run ID: seed131-small-cities-32641120159-1
============================================================

Logging to /home/runner/work/Disciples2-RL/Disciples2-RL/github_experiments/131/small/cities/seed131-small-cities-32641120159-1/tensorboard/MaskablePPO_1
---------------------------------
| rollout/           |          |
|    ep_len_mean     | 97.6     |
|    ep_rew_mean     | -5.6     |
| time/              |          |
|    fps             | 649      |
|    iterations      | 1        |
|    time_elapsed    | 37       |
|    total_timesteps | 24576    |
---------------------------------
------------------------------------------
| rollout/                |              |
|    ep_len_mean          | 137          |
|    ep_rew_mean          | -4.1         |
| time/                   |              |
|    fps                  | 631          |
|    iterations           | 2            |
|    time_elapsed         | 77           |
|    total_timesteps      | 49152        |
| train/                  |              |
|    approx_kl            | 0.0102036325 |
|    clip_fraction        | 0.091        |
|    clip_range           | 0.2          |
|    entropy_loss         | -2.22        |
|    explained_variance   | 0.0121       |
|    learning_rate        | 0.0003       |
|    loss                 | 0.179        |
|    n_updates            | 5            |
|    policy_gradient_loss | -0.00831     |
|    value_loss           | 0.577        |
------------------------------------------
------------------------------------------
| rollout/                |              |
|    ep_len_mean          | 179          |
|    ep_rew_mean          | -4.05        |
| time/                   |              |
|    fps                  | 624          |
|    iterations           | 3            |
|    time_elapsed         | 118          |
|    total_timesteps      | 73728        |
| train/                  |              |
|    approx_kl            | 0.0107801445 |
|    clip_fraction        | 0.116        |
|    clip_range           | 0.2          |
|    entropy_loss         | -2.14        |
|    explained_variance   | 0.599        |
|    learning_rate        | 0.0003       |
|    loss                 | 0.14         |
|    n_updates            | 10           |
|    policy_gradient_loss | -0.0104      |
|    value_loss           | 0.268        |
------------------------------------------
-----------------------------------------
| rollout/                |             |
|    ep_len_mean          | 198         |
|    ep_rew_mean          | -1.67       |
| time/                   |             |
|    fps                  | 618         |
|    iterations           | 4           |
|    time_elapsed         | 158         |
|    total_timesteps      | 98304       |
| train/                  |             |
|    approx_kl            | 0.010260899 |
|    clip_fraction        | 0.113       |
|    clip_range           | 0.2         |
|    entropy_loss         | -2.1        |
|    explained_variance   | 0.769       |
|    learning_rate        | 0.0003      |
|    loss                 | 0.0594      |
|    n_updates            | 15          |
|    policy_gradient_loss | -0.0108     |
|    value_loss           | 0.165       |
-----------------------------------------
-----------------------------------------
| rollout/                |             |
|    ep_len_mean          | 242         |
|    ep_rew_mean          | 3.29        |
| time/                   |             |
|    fps                  | 614         |
|    iterations           | 5           |
|    time_elapsed         | 200         |
|    total_timesteps      | 122880      |
| train/                  |             |
|    approx_kl            | 0.010465895 |
|    clip_fraction        | 0.127       |
|    clip_range           | 0.2         |
|    entropy_loss         | -2.07       |
|    explained_variance   | 0.82        |
|    learning_rate        | 0.0003      |
|    loss                 | 0.0128      |
|    n_updates            | 20          |
|    policy_gradient_loss | -0.0108     |
|    value_loss           | 0.108       |
-----------------------------------------
----------------------------------------
| rollout/                |            |
|    ep_len_mean          | 213        |
|    ep_rew_mean          | 7.65       |
| time/                   |            |
|    fps                  | 614        |
|    iterations           | 6          |
|    time_elapsed         | 240        |
|    total_timesteps      | 147456     |
| train/                  |            |
|    approx_kl            | 0.01117177 |
|    clip_fraction        | 0.133      |
|    clip_range           | 0.2        |
|    entropy_loss         | -2.06      |
|    explained_variance   | 0.825      |
|    learning_rate        | 0.0003     |
|    loss                 | 0.0141     |
|    n_updates            | 25         |
|    policy_gradient_loss | -0.0103    |
|    value_loss           | 0.0948     |
----------------------------------------
-----------------------------------------
| rollout/                |             |
|    ep_len_mean          | 199         |
|    ep_rew_mean          | 8.59        |
| time/                   |             |
|    fps                  | 617         |
|    iterations           | 7           |
|    time_elapsed         | 278         |
|    total_timesteps      | 172032      |
| train/                  |             |
|    approx_kl            | 0.009750712 |
|    clip_fraction        | 0.0951      |
|    clip_range           | 0.2         |
|    entropy_loss         | -2.03       |
|    explained_variance   | 0.773       |
|    learning_rate        | 0.0003      |
|    loss                 | 0.027       |
|    n_updates            | 30          |
|    policy_gradient_loss | -0.00813    |
|    value_loss           | 0.107       |
-----------------------------------------
-----------------------------------------
| rollout/                |             |
|    ep_len_mean          | 197         |
|    ep_rew_mean          | 9.74        |
| time/                   |             |
|    fps                  | 619         |
|    iterations           | 8           |
|    time_elapsed         | 317         |
|    total_timesteps      | 196608      |
| train/                  |             |
|    approx_kl            | 0.008919454 |
|    clip_fraction        | 0.103       |
|    clip_range           | 0.2         |
|    entropy_loss         | -2.01       |
|    explained_variance   | 0.758       |
|    learning_rate        | 0.0003      |
|    loss                 | 0.0233      |
|    n_updates            | 35          |
|    policy_gradient_loss | -0.00836    |
|    value_loss           | 0.103       |
-----------------------------------------
-----------------------------------------
| rollout/                |             |
|    ep_len_mean          | 181         |
|    ep_rew_mean          | 12.8        |
| time/                   |             |
|    fps                  | 619         |
|    iterations           | 9           |
|    time_elapsed         | 357         |
|    total_timesteps      | 221184      |
| train/                  |             |
|    approx_kl            | 0.007871805 |
|    clip_fraction        | 0.0856      |
|    clip_range           | 0.2         |
|    entropy_loss         | -1.96       |
|    explained_variance   | 0.796       |
|    learning_rate        | 0.0003      |
|    loss                 | 0.0127      |
|    n_updates            | 40          |
|    policy_gradient_loss | -0.0074     |
|    value_loss           | 0.0783      |
-----------------------------------------
-----------------------------------------
| rollout/                |             |
|    ep_len_mean          | 180         |
|    ep_rew_mean          | 14.2        |
| time/                   |             |
|    fps                  | 619         |
|    iterations           | 10          |
|    time_elapsed         | 396         |
|    total_timesteps      | 245760      |
| train/                  |             |
|    approx_kl            | 0.008263974 |
|    clip_fraction        | 0.0826      |
|    clip_range           | 0.2         |
|    entropy_loss         | -1.94       |
|    explained_variance   | 0.781       |
|    learning_rate        | 0.0003      |
|    loss                 | 0.0137      |
|    n_updates            | 45          |
|    policy_gradient_loss | -0.00749    |
|    value_loss           | 0.083       |
-----------------------------------------
-----------------------------------------
| rollout/                |             |
|    ep_len_mean          | 180         |
|    ep_rew_mean          | 17.3        |
| time/                   |             |
|    fps                  | 621         |
|    iterations           | 11          |
|    time_elapsed         | 435         |
|    total_timesteps      | 270336      |
| train/                  |             |
|    approx_kl            | 0.007788364 |
|    clip_fraction        | 0.0846      |
|    clip_range           | 0.2         |
|    entropy_loss         | -1.9        |
|    explained_variance   | 0.791       |
|    learning_rate        | 0.0003      |
|    loss                 | 0.0108      |
|    n_updates            | 50          |
|    policy_gradient_loss | -0.00719    |
|    value_loss           | 0.0816      |
-----------------------------------------
-----------------------------------------
| rollout/                |             |
|    ep_len_mean          | 204         |
|    ep_rew_mean          | 18.9        |
| time/                   |             |
|    fps                  | 622         |
|    iterations           | 12          |
|    time_elapsed         | 473         |
|    total_timesteps      | 294912      |
| train/                  |             |
|    approx_kl            | 0.006977394 |
|    clip_fraction        | 0.075       |
|    clip_range           | 0.2         |
|    entropy_loss         | -1.91       |
|    explained_variance   | 0.782       |
|    learning_rate        | 0.0003      |
|    loss                 | 0.036       |
|    n_updates            | 55          |
|    policy_gradient_loss | -0.00617    |
|    value_loss           | 0.103       |
-----------------------------------------
-----------------------------------------
| rollout/                |             |
|    ep_len_mean          | 209         |
|    ep_rew_mean          | 22.2        |
| time/                   |             |
|    fps                  | 621         |
|    iterations           | 13          |
|    time_elapsed         | 513         |
|    total_timesteps      | 319488      |
| train/                  |             |
|    approx_kl            | 0.006900718 |
|    clip_fraction        | 0.0646      |
|    clip_range           | 0.2         |
|    entropy_loss         | -1.92       |
|    explained_variance   | 0.788       |
|    learning_rate        | 0.0003      |
|    loss                 | 0.0374      |
|    n_updates            | 60          |
|    policy_gradient_loss | -0.00493    |
|    value_loss           | 0.111       |
-----------------------------------------
-----------------------------------------
| rollout/                |             |
|    ep_len_mean          | 227         |
|    ep_rew_mean          | 19.6        |
| time/                   |             |
|    fps                  | 621         |
|    iterations           | 14          |
|    time_elapsed         | 553         |
|    total_timesteps      | 344064      |
| train/                  |             |
|    approx_kl            | 0.006322051 |
|    clip_fraction        | 0.0652      |
|    clip_range           | 0.2         |
|    entropy_loss         | -1.93       |
|    explained_variance   | 0.841       |
|    learning_rate        | 0.0003      |
|    loss                 | 0.0131      |
|    n_updates            | 65          |
|    policy_gradient_loss | -0.00469    |
|    value_loss           | 0.106       |
-----------------------------------------
-----------------------------------------
| rollout/                |             |
|    ep_len_mean          | 214         |
|    ep_rew_mean          | 19.8        |
| time/                   |             |
|    fps                  | 621         |
|    iterations           | 15          |
|    time_elapsed         | 593         |
|    total_timesteps      | 368640      |
| train/                  |             |
|    approx_kl            | 0.007207492 |
|    clip_fraction        | 0.0612      |
|    clip_range           | 0.2         |
|    entropy_loss         | -1.89       |
|    explained_variance   | 0.83        |
|    learning_rate        | 0.0003      |
|    loss                 | 0.028       |
|    n_updates            | 70          |
|    policy_gradient_loss | -0.0045     |
|    value_loss           | 0.122       |
-----------------------------------------
-----------------------------------------
| rollout/                |             |
|    ep_len_mean          | 238         |
|    ep_rew_mean          | 20.6        |
| time/                   |             |
|    fps                  | 620         |
|    iterations           | 16          |
|    time_elapsed         | 633         |
|    total_timesteps      | 393216      |
| train/                  |             |
|    approx_kl            | 0.006611459 |
|    clip_fraction        | 0.0632      |
|    clip_range           | 0.2         |
|    entropy_loss         | -1.91       |
|    explained_variance   | 0.87        |
|    learning_rate        | 0.0003      |
|    loss                 | 0.0141      |
|    n_updates            | 75          |
|    policy_gradient_loss | -0.00508    |
|    value_loss           | 0.0927      |
-----------------------------------------
-----------------------------------------
| rollout/                |             |
|    ep_len_mean          | 314         |
|    ep_rew_mean          | 21.3        |
| time/                   |             |
|    fps                  | 619         |
|    iterations           | 17          |
|    time_elapsed         | 674         |
|    total_timesteps      | 417792      |
| train/                  |             |
|    approx_kl            | 0.007568037 |
|    clip_fraction        | 0.071       |
|    clip_range           | 0.2         |
|    entropy_loss         | -1.95       |
|    explained_variance   | 0.886       |
|    learning_rate        | 0.0003      |
|    loss                 | 0.00953     |
|    n_updates            | 80          |
|    policy_gradient_loss | -0.00483    |
|    value_loss           | 0.0958      |
-----------------------------------------
------------------------------------------
| rollout/                |              |
|    ep_len_mean          | 265          |
|    ep_rew_mean          | 25           |
| time/                   |              |
|    fps                  | 618          |
|    iterations           | 18           |
|    time_elapsed         | 714          |
|    total_timesteps      | 442368       |
| train/                  |              |
|    approx_kl            | 0.0075858063 |
|    clip_fraction        | 0.0625       |
|    clip_range           | 0.2          |
|    entropy_loss         | -1.94        |
|    explained_variance   | 0.908        |
|    learning_rate        | 0.0003       |
|    loss                 | 0.00829      |
|    n_updates            | 85           |
|    policy_gradient_loss | -0.00549     |
|    value_loss           | 0.0773       |
------------------------------------------
------------------------------------------
| rollout/                |              |
|    ep_len_mean          | 254          |
|    ep_rew_mean          | 18.5         |
| time/                   |              |
|    fps                  | 618          |
|    iterations           | 19           |
|    time_elapsed         | 754          |
|    total_timesteps      | 466944       |
| train/                  |              |
|    approx_kl            | 0.0068308245 |
|    clip_fraction        | 0.0632       |
|    clip_range           | 0.2          |
|    entropy_loss         | -1.96        |
|    explained_variance   | 0.942        |
|    learning_rate        | 0.0003       |
|    loss                 | 0.00742      |
|    n_updates            | 90           |
|    policy_gradient_loss | -0.00458     |
|    value_loss           | 0.065        |
------------------------------------------
------------------------------------------
| rollout/                |              |
|    ep_len_mean          | 226          |
|    ep_rew_mean          | 26.9         |
| time/                   |              |
|    fps                  | 618          |
|    iterations           | 20           |
|    time_elapsed         | 794          |
|    total_timesteps      | 491520       |
| train/                  |              |
|    approx_kl            | 0.0069727586 |
|    clip_fraction        | 0.0667       |
|    clip_range           | 0.2          |
|    entropy_loss         | -1.9         |
|    explained_variance   | 0.902        |
|    learning_rate        | 0.0003       |
|    loss                 | 0.0122       |
|    n_updates            | 95           |
|    policy_gradient_loss | -0.00493     |
|    value_loss           | 0.0801       |
------------------------------------------
[Checkpoint] Saved at 500000 steps > /home/runner/work/Disciples2-RL/Disciples2-RL/github_experiments/131/small/cities/seed131-small-cities-32641120159-1/checkpoints/campaign_ppo_step_500000.zip
-----------------------------------------
| rollout/                |             |
|    ep_len_mean          | 261         |
|    ep_rew_mean          | 28.1        |
| time/                   |             |
|    fps                  | 617         |
|    iterations           | 21          |
|    time_elapsed         | 835         |
|    total_timesteps      | 516096      |
| train/                  |             |
|    approx_kl            | 0.007927175 |
|    clip_fraction        | 0.0673      |
|    clip_range           | 0.2         |
|    entropy_loss         | -1.87       |
|    explained_variance   | 0.884       |
|    learning_rate        | 0.0003      |
|    loss                 | 0.00365     |
|    n_updates            | 100         |
|    policy_gradient_loss | -0.00507    |
|    value_loss           | 0.078       |
-----------------------------------------
-----------------------------------------
| rollout/                |             |
|    ep_len_mean          | 282         |
|    ep_rew_mean          | 30.6        |
| time/                   |             |
|    fps                  | 617         |
|    iterations           | 22          |
|    time_elapsed         | 876         |
|    total_timesteps      | 540672      |
| train/                  |             |
|    approx_kl            | 0.008315061 |
|    clip_fraction        | 0.0779      |
|    clip_range           | 0.2         |
|    entropy_loss         | -1.9        |
|    explained_variance   | 0.872       |
|    learning_rate        | 0.0003      |
|    loss                 | 0.00729     |
|    n_updates            | 105         |
|    policy_gradient_loss | -0.0056     |
|    value_loss           | 0.076       |
-----------------------------------------
------------------------------------------
| rollout/                |              |
|    ep_len_mean          | 256          |
|    ep_rew_mean          | 30.9         |
| time/                   |              |
|    fps                  | 616          |
|    iterations           | 23           |
|    time_elapsed         | 916          |
|    total_timesteps      | 565248       |
| train/                  |              |
|    approx_kl            | 0.0076629673 |
|    clip_fraction        | 0.0699       |
|    clip_range           | 0.2          |
|    entropy_loss         | -1.9         |
|    explained_variance   | 0.861        |
|    learning_rate        | 0.0003       |
|    loss                 | 0.000624     |
|    n_updates            | 110          |
|    policy_gradient_loss | -0.00483     |
|    value_loss           | 0.0623       |
------------------------------------------
---------------------------------------
| rollout/                |           |
|    ep_len_mean          | 243       |
|    ep_rew_mean          | 33.9      |
| time/                   |           |
|    fps                  | 616       |
|    iterations           | 24        |
|    time_elapsed         | 956       |
|    total_timesteps      | 589824    |
| train/                  |           |
|    approx_kl            | 0.0082355 |
|    clip_fraction        | 0.0822    |
|    clip_range           | 0.2       |
|    entropy_loss         | -1.84     |
|    explained_variance   | 0.839     |
|    learning_rate        | 0.0003    |
|    loss                 | 0.00343   |
|    n_updates            | 115       |
|    policy_gradient_loss | -0.00691  |
|    value_loss           | 0.0765    |
---------------------------------------
------------------------------------------
| rollout/                |              |
|    ep_len_mean          | 227          |
|    ep_rew_mean          | 33.4         |
| time/                   |              |
|    fps                  | 617          |
|    iterations           | 25           |
|    time_elapsed         | 994          |
|    total_timesteps      | 614400       |
| train/                  |              |
|    approx_kl            | 0.0072443634 |
|    clip_fraction        | 0.0684       |
|    clip_range           | 0.2          |
|    entropy_loss         | -1.84        |
|    explained_variance   | 0.84         |
|    learning_rate        | 0.0003       |
|    loss                 | 0.0134       |
|    n_updates            | 120          |
|    policy_gradient_loss | -0.00468     |
|    value_loss           | 0.0763       |
------------------------------------------
------------------------------------------
| rollout/                |              |
|    ep_len_mean          | 258          |
|    ep_rew_mean          | 33.4         |
| time/                   |              |
|    fps                  | 618          |
|    iterations           | 26           |
|    time_elapsed         | 1033         |
|    total_timesteps      | 638976       |
| train/                  |              |
|    approx_kl            | 0.0071195574 |
|    clip_fraction        | 0.0742       |
|    clip_range           | 0.2          |
|    entropy_loss         | -1.79        |
|    explained_variance   | 0.883        |
|    learning_rate        | 0.0003       |
|    loss                 | 0.00402      |
|    n_updates            | 125          |
|    policy_gradient_loss | -0.00532     |
|    value_loss           | 0.0778       |
------------------------------------------
------------------------------------------
| rollout/                |              |
|    ep_len_mean          | 204          |
|    ep_rew_mean          | 35.5         |
| time/                   |              |
|    fps                  | 619          |
|    iterations           | 27           |
|    time_elapsed         | 1071         |
|    total_timesteps      | 663552       |
| train/                  |              |
|    approx_kl            | 0.0076916073 |
|    clip_fraction        | 0.0767       |
|    clip_range           | 0.2          |
|    entropy_loss         | -1.78        |
|    explained_variance   | 0.858        |
|    learning_rate        | 0.0003       |
|    loss                 | 0.0139       |
|    n_updates            | 130          |
|    policy_gradient_loss | -0.00561     |
|    value_loss           | 0.0827       |
------------------------------------------
------------------------------------------
| rollout/                |              |
|    ep_len_mean          | 210          |
|    ep_rew_mean          | 37.2         |
| time/                   |              |
|    fps                  | 619          |
|    iterations           | 28           |
|    time_elapsed         | 1110         |
|    total_timesteps      | 688128       |
| train/                  |              |
|    approx_kl            | 0.0075461436 |
|    clip_fraction        | 0.0752       |
|    clip_range           | 0.2          |
|    entropy_loss         | -1.71        |
|    explained_variance   | 0.849        |
|    learning_rate        | 0.0003       |
|    loss                 | 0.00239      |
|    n_updates            | 135          |
|    policy_gradient_loss | -0.00493     |
|    value_loss           | 0.0731       |
------------------------------------------
-----------------------------------------
| rollout/                |             |
|    ep_len_mean          | 235         |
|    ep_rew_mean          | 40.4        |
| time/                   |             |
|    fps                  | 620         |
|    iterations           | 29          |
|    time_elapsed         | 1149        |
|    total_timesteps      | 712704      |
| train/                  |             |
|    approx_kl            | 0.007247629 |
|    clip_fraction        | 0.0799      |
|    clip_range           | 0.2         |
|    entropy_loss         | -1.69       |
|    explained_variance   | 0.848       |
|    learning_rate        | 0.0003      |
|    loss                 | 0.0119      |
|    n_updates            | 140         |
|    policy_gradient_loss | -0.00536    |
|    value_loss           | 0.0768      |
-----------------------------------------
-----------------------------------------
| rollout/                |             |
|    ep_len_mean          | 208         |
|    ep_rew_mean          | 37          |
| time/                   |             |
|    fps                  | 620         |
|    iterations           | 30          |
|    time_elapsed         | 1188        |
|    total_timesteps      | 737280      |
| train/                  |             |
|    approx_kl            | 0.006591061 |
|    clip_fraction        | 0.0668      |
|    clip_range           | 0.2         |
|    entropy_loss         | -1.68       |
|    explained_variance   | 0.849       |
|    learning_rate        | 0.0003      |
|    loss                 | 0.00426     |
|    n_updates            | 145         |
|    policy_gradient_loss | -0.00501    |
|    value_loss           | 0.0786      |
-----------------------------------------
-----------------------------------------
| rollout/                |             |
|    ep_len_mean          | 231         |
|    ep_rew_mean          | 41.6        |
| time/                   |             |
|    fps                  | 620         |
|    iterations           | 31          |
|    time_elapsed         | 1228        |
|    total_timesteps      | 761856      |
| train/                  |             |
|    approx_kl            | 0.007549051 |
|    clip_fraction        | 0.075       |
|    clip_range           | 0.2         |
|    entropy_loss         | -1.67       |
|    explained_variance   | 0.817       |
|    learning_rate        | 0.0003      |
|    loss                 | 0.0125      |
|    n_updates            | 150         |
|    policy_gradient_loss | -0.00554    |
|    value_loss           | 0.0886      |
-----------------------------------------
------------------------------------------
| rollout/                |              |
|    ep_len_mean          | 223          |
|    ep_rew_mean          | 42.1         |
| time/                   |              |
|    fps                  | 620          |
|    iterations           | 32           |
|    time_elapsed         | 1266         |
|    total_timesteps      | 786432       |
| train/                  |              |
|    approx_kl            | 0.0076049897 |
|    clip_fraction        | 0.0818       |
|    clip_range           | 0.2          |
|    entropy_loss         | -1.64        |
|    explained_variance   | 0.842        |
|    learning_rate        | 0.0003       |
|    loss                 | 0.0149       |
|    n_updates            | 155          |
|    policy_gradient_loss | -0.00555     |
|    value_loss           | 0.0773       |
------------------------------------------
-----------------------------------------
| rollout/                |             |
|    ep_len_mean          | 231         |
|    ep_rew_mean          | 41.5        |
| time/                   |             |
|    fps                  | 621         |
|    iterations           | 33          |
|    time_elapsed         | 1305        |
|    total_timesteps      | 811008      |
| train/                  |             |
|    approx_kl            | 0.008207764 |
|    clip_fraction        | 0.0736      |
|    clip_range           | 0.2         |
|    entropy_loss         | -1.61       |
|    explained_variance   | 0.817       |
|    learning_rate        | 0.0003      |
|    loss                 | 0.0103      |
|    n_updates            | 160         |
|    policy_gradient_loss | -0.00488    |
|    value_loss           | 0.0848      |
-----------------------------------------
------------------------------------------
| rollout/                |              |
|    ep_len_mean          | 265          |
|    ep_rew_mean          | 42           |
| time/                   |              |
|    fps                  | 621          |
|    iterations           | 34           |
|    time_elapsed         | 1344         |
|    total_timesteps      | 835584       |
| train/                  |              |
|    approx_kl            | 0.0072921067 |
|    clip_fraction        | 0.0719       |
|    clip_range           | 0.2          |
|    entropy_loss         | -1.57        |
|    explained_variance   | 0.842        |
|    learning_rate        | 0.0003       |
|    loss                 | 0.0133       |
|    n_updates            | 165          |
|    policy_gradient_loss | -0.00474     |
|    value_loss           | 0.0816       |
------------------------------------------
------------------------------------------
| rollout/                |              |
|    ep_len_mean          | 296          |
|    ep_rew_mean          | 40.5         |
| time/                   |              |
|    fps                  | 622          |
|    iterations           | 35           |
|    time_elapsed         | 1382         |
|    total_timesteps      | 860160       |
| train/                  |              |
|    approx_kl            | 0.0075961086 |
|    clip_fraction        | 0.0844       |
|    clip_range           | 0.2          |
|    entropy_loss         | -1.56        |
|    explained_variance   | 0.9          |
|    learning_rate        | 0.0003       |
|    loss                 | 0.00523      |
|    n_updates            | 170          |
|    policy_gradient_loss | -0.00491     |
|    value_loss           | 0.0639       |
------------------------------------------
-----------------------------------------
| rollout/                |             |
|    ep_len_mean          | 329         |
|    ep_rew_mean          | 44.1        |
| time/                   |             |
|    fps                  | 623         |
|    iterations           | 36          |
|    time_elapsed         | 1419        |
|    total_timesteps      | 884736      |
| train/                  |             |
|    approx_kl            | 0.007976766 |
|    clip_fraction        | 0.0832      |
|    clip_range           | 0.2         |
|    entropy_loss         | -1.57       |
|    explained_variance   | 0.913       |
|    learning_rate        | 0.0003      |
|    loss                 | -0.00151    |
|    n_updates            | 175         |
|    policy_gradient_loss | -0.00515    |
|    value_loss           | 0.068       |
-----------------------------------------
-----------------------------------------
| rollout/                |             |
|    ep_len_mean          | 295         |
|    ep_rew_mean          | 47.9        |
| time/                   |             |
|    fps                  | 623         |
|    iterations           | 37          |
|    time_elapsed         | 1459        |
|    total_timesteps      | 909312      |
| train/                  |             |
|    approx_kl            | 0.008214129 |
|    clip_fraction        | 0.0818      |
|    clip_range           | 0.2         |
|    entropy_loss         | -1.53       |
|    explained_variance   | 0.882       |
|    learning_rate        | 0.0003      |
|    loss                 | 0.0099      |
|    n_updates            | 180         |
|    policy_gradient_loss | -0.00593    |
|    value_loss           | 0.075       |
-----------------------------------------
-----------------------------------------
| rollout/                |             |
|    ep_len_mean          | 331         |
|    ep_rew_mean          | 47.6        |
| time/                   |             |
|    fps                  | 623         |
|    iterations           | 38          |
|    time_elapsed         | 1498        |
|    total_timesteps      | 933888      |
| train/                  |             |
|    approx_kl            | 0.007184025 |
|    clip_fraction        | 0.0846      |
|    clip_range           | 0.2         |
|    entropy_loss         | -1.54       |
|    explained_variance   | 0.921       |
|    learning_rate        | 0.0003      |
|    loss                 | 0.00146     |
|    n_updates            | 185         |
|    policy_gradient_loss | -0.00438    |
|    value_loss           | 0.0708      |
-----------------------------------------
------------------------------------------
| rollout/                |              |
|    ep_len_mean          | 429          |
|    ep_rew_mean          | 39.9         |
| time/                   |              |
|    fps                  | 622          |
|    iterations           | 39           |
|    time_elapsed         | 1539         |
|    total_timesteps      | 958464       |
| train/                  |              |
|    approx_kl            | 0.0074529457 |
|    clip_fraction        | 0.0824       |
|    clip_range           | 0.2          |
|    entropy_loss         | -1.51        |
|    explained_variance   | 0.936        |
|    learning_rate        | 0.0003       |
|    loss                 | 0.000949     |
|    n_updates            | 190          |
|    policy_gradient_loss | -0.00474     |
|    value_loss           | 0.056        |
------------------------------------------
----------------------------------------
| rollout/                |            |
|    ep_len_mean          | 279        |
|    ep_rew_mean          | 49.1       |
| time/                   |            |
|    fps                  | 623        |
|    iterations           | 40         |
|    time_elapsed         | 1577       |
|    total_timesteps      | 983040     |
| train/                  |            |
|    approx_kl            | 0.00730745 |
|    clip_fraction        | 0.0823     |
|    clip_range           | 0.2        |
|    entropy_loss         | -1.53      |
|    explained_variance   | 0.91       |
|    learning_rate        | 0.0003     |
|    loss                 | 0.0121     |
|    n_updates            | 195        |
|    policy_gradient_loss | -0.0044    |
|    value_loss           | 0.0829     |
----------------------------------------
[Checkpoint] Saved at 1000000 steps > /home/runner/work/Disciples2-RL/Disciples2-RL/github_experiments/131/small/cities/seed131-small-cities-32641120159-1/checkpoints/campaign_ppo_step_1000000.zip
Eval num_timesteps=1000008, det_reward=22.41 +/- 125.04
Episode length: det=594.80 +/- 1293.13
Victory rate: det=0.00%
-------------------------------------------------
| eval/                           |             |
|    deterministic_mean_ep_length | 595         |
|    deterministic_mean_reward    | 22.4        |
|    deterministic_victory_rate   | 0           |
|    mean_ep_length               | 595         |
|    mean_reward                  | 22.4        |
|    victory_rate                 | 0           |
| time/                           |             |
|    total_timesteps              | 1000008     |
| train/                          |             |
|    approx_kl                    | 0.006812563 |
|    clip_fraction                | 0.0752      |
|    clip_range                   | 0.2         |
|    entropy_loss                 | -1.43       |
|    explained_variance           | 0.874       |
|    learning_rate                | 0.0003      |
|    loss                         | 0.00911     |
|    n_updates                    | 200         |
|    policy_gradient_loss         | -0.00441    |
|    value_loss                   | 0.0781      |
-------------------------------------------------
New best model by deterministic victory rate!
---------------------------------
| rollout/           |          |
|    ep_len_mean     | 239      |
|    ep_rew_mean     | 51.4     |
| time/              |          |
|    fps             | 614      |
|    iterations      | 41       |
|    time_elapsed    | 1640     |
|    total_timesteps | 1007616  |
---------------------------------
VecNormalize stats saved: /home/runner/work/Disciples2-RL/Disciples2-RL/github_experiments/131/small/cities/seed131-small-cities-32641120159-1/models/vecnormalize.pkl

Финальная модель сохранена: /home/runner/work/Disciples2-RL/Disciples2-RL/github_experiments/131/small/cities/seed131-small-cities-32641120159-1/models/final_model.zip

============================================================
ИТОГИ ОБУЧЕНИЯ:
  Побед: 25
  Поражений: 4413
  Таймаутов: 5
  Побед бота столицы над врагами: 0
  Перестановок юнитов: 209693
  Терминальные поражения по противникам:
    enemy_7: 1363 — Отряд: воин + привидение спереди, колдун + призрак + привидение сзади
    enemy_29: 524 — Отряд: 3 скваера на передней линии
    enemy_15: 394 — Отряд: 2 привидения спереди, вампир сзади
    enemy_31: 324 — Отряд: зеленый дракон
    enemy_23: 300 — Отряд: волк на передней линии
    enemy_34: 254 — Отряд Порта Полонис: Воин спереди, Колдун, Нигош (Носферату) и Привидение сзади
    enemy_25: 243 — Отряд: копейщик спереди и служка сзади
    enemy_3: 171 — Отряд: орк чемпион на передней линии
    enemy_27: 145 — Отряд: скваер в центре и 2 крестьянина на передней линии
    enemy_9: 113 — Отряд: тамплиер спереди, колдун и призрак сзади
    enemy_39: 100 — Отряд: Волк, Варвар
    enemy_21: 96 — Отряд: зомби спереди, привидение сзади
    enemy_17: 74 — Отряд: воин спереди, 2 призрака и привидение сзади
    enemy_74: 52 — Руины (43, 34): Лорд Тьмы, Лич
    enemy_11: 46 — Отряд: оборотень спереди и тень сзади
    enemy_70: 42 — Руины (15, 9): Орк, Гоблин, Гоблин
    enemy_5: 41 — Отряд: орк чемпион на передней линии
    enemy_61: 31 — Отряд: Зомби, Призрак
    enemy_75: 29 — Страж столицы Империи: Мизраэль
    enemy_37: 10 — Отряд: Гном, Травница, Алхимик
    enemy_63: 9 — Отряд: Разбойник
    enemy_1: 8 — Отряд: волк на передней линии
    enemy_41: 7 — Отряд: Гном, Метатель топоров
    enemy_35: 7 — Отряд Соругириллы: Унфегра (Королева личей), Виверна
    enemy_49: 6 — Отряд: Гном
    enemy_13: 6 — Отряд: 2 зомби спереди и привидение сзади
    enemy_68: 5 — Внутренний гарнизон Порта Полонис: Зомби, Воин
    enemy_59: 4 — Отряд: Зомби
    enemy_65: 3 — Отряд: Кентавр копейщик, Рейнджер
    enemy_47: 3 — Отряд: Призрак, Привидение, Привидение, Воин
    enemy_57: 2 — Отряд: Призрак, Привидение, Воин
    enemy_45: 1 — Отряд: Головорез
  Winrate: 0.6%
============================================================
  График призывов за эпизод: /home/runner/work/Disciples2-RL/Disciples2-RL/github_experiments/131/small/cities/seed131-small-cities-32641120159-1/plots/campaign_summoned_units_per_episode.png
  График призывов за всё обучение: /home/runner/work/Disciples2-RL/Disciples2-RL/github_experiments/131/small/cities/seed131-small-cities-32641120159-1/plots/campaign_summoned_units_cumulative.png
  График найма за эпизод: /home/runner/work/Disciples2-RL/Disciples2-RL/github_experiments/131/small/cities/seed131-small-cities-32641120159-1/plots/campaign_hired_units_per_episode.png
  График найма за всё обучение: /home/runner/work/Disciples2-RL/Disciples2-RL/github_experiments/131/small/cities/seed131-small-cities-32641120159-1/plots/campaign_hired_units_cumulative.png
  График перестановок юнитов за эпизод: /home/runner/work/Disciples2-RL/Disciples2-RL/github_experiments/131/small/cities/seed131-small-cities-32641120159-1/plots/campaign_unit_swaps_per_episode.png
  График боевых предметов: /home/runner/work/Disciples2-RL/Disciples2-RL/github_experiments/131/small/cities/seed131-small-cities-32641120159-1/plots/campaign_battle_item_activity.png
  График побед бота столицы за эпизод: /home/runner/work/Disciples2-RL/Disciples2-RL/github_experiments/131/small/cities/seed131-small-cities-32641120159-1/plots/campaign_scripted_bot_victories_per_episode.png
  График применения заклинаний: /home/runner/work/Disciples2-RL/Disciples2-RL/github_experiments/131/small/cities/seed131-small-cities-32641120159-1/plots/campaign_spell_cast_activity.png
