Проверка среды CampaignEnv...
Среда прошла проверку!
[INFO] Comet disabled, running without experiment tracking
Создание 12 параллельных сред (subproc)...
Инициализация MaskablePPO...
Using cpu device

============================================================
Запуск обучения Campaign Agent
Всего шагов: 1,000,000
Параллельных сред: 12
VecEnv: subproc
VecEnv start method: forkserver
Seed: 122
Checkpoint каждые: 500,000 шагов
Evaluation каждые: 83,334 шагов
Eval deterministic эпизодов: 20
Eval stochastic эпизодов: 0
Eval лимит шагов на эпизод: 5000
Campaign map: default
Campaign objective: dragon
System resources at training start:
  Platform: Linux 6.17.0-1020-azure (x86_64)
  Python: 3.14.6
  PyTorch: 2.13.0+cpu
  Training device: cpu
  CPU model: Intel(R) Xeon(R) 6973P-C
  CPU vendor: GenuineIntel
  Logical CPUs visible: 4
  Process CPU affinity: 4
  Sockets: 1
  Cores per socket: 2
  Threads per core: 2
  CPU max MHz: 2600.0000
  CPU min MHz: 800.0000
  L1d cache: 96 KiB (2 instances)
  L1i cache: 128 KiB (2 instances)
  L2 cache: 4 MiB (2 instances)
  L3 cache: 480 MiB (1 instance)
  Virtualization: VT-x
  Hypervisor: Microsoft
  RAM total: 15.61 GiB
  RAM available at start: 13.84 GiB
  Disk total: 144.26 GiB
  Disk free at start: 82.95 GiB
  Torch intra-op threads: 4
  Torch inter-op threads: 2
  OMP_NUM_THREADS: 4
  MKL_NUM_THREADS: 4
  OPENBLAS_NUM_THREADS: 4
  GitHub runner OS: Linux
  GitHub runner architecture: X64
  GitHub runner environment: github-hosted
PPO n_steps: 2,048
PPO batch_size: 512
PPO n_epochs: 5
PPO learning_rate: 0.0003
PPO clip_range: 0.2
PPO ent_coef: 0.01
PPO gamma: 0.995
PPO gae_lambda: 0.95
PPO target_kl: disabled
PPO gradient batches per rollout: 240
VecCheckNan: disabled
Freeze action layout: enabled
Empire territory: enabled
Torch threads per process: 4
Diagnostics: disabled
Wall-clock training limit: disabled
Run ID: seed122-default-green_dragon-30528255568-1
============================================================

Logging to /home/runner/work/Disciples2-RL/Disciples2-RL/github_experiments/122/default/green_dragon/seed122-default-green_dragon-30528255568-1/tensorboard/MaskablePPO_1
---------------------------------
| rollout/           |          |
|    ep_len_mean     | 1.28e+03 |
|    ep_rew_mean     | 161      |
| time/              |          |
|    fps             | 649      |
|    iterations      | 1        |
|    time_elapsed    | 37       |
|    total_timesteps | 24576    |
---------------------------------
-----------------------------------------
| rollout/                |             |
|    ep_len_mean          | 2.71e+03    |
|    ep_rew_mean          | 149         |
| time/                   |             |
|    fps                  | 636         |
|    iterations           | 2           |
|    time_elapsed         | 77          |
|    total_timesteps      | 49152       |
| train/                  |             |
|    approx_kl            | 0.010647087 |
|    clip_fraction        | 0.0721      |
|    clip_range           | 0.2         |
|    entropy_loss         | -2.25       |
|    explained_variance   | 0.0458      |
|    learning_rate        | 0.0003      |
|    loss                 | 0.00166     |
|    n_updates            | 5           |
|    policy_gradient_loss | -0.00587    |
|    value_loss           | 0.157       |
-----------------------------------------
-----------------------------------------
| rollout/                |             |
|    ep_len_mean          | 2.4e+03     |
|    ep_rew_mean          | 116         |
| time/                   |             |
|    fps                  | 633         |
|    iterations           | 3           |
|    time_elapsed         | 116         |
|    total_timesteps      | 73728       |
| train/                  |             |
|    approx_kl            | 0.009305961 |
|    clip_fraction        | 0.0755      |
|    clip_range           | 0.2         |
|    entropy_loss         | -2.21       |
|    explained_variance   | 0.436       |
|    learning_rate        | 0.0003      |
|    loss                 | 0.0511      |
|    n_updates            | 10          |
|    policy_gradient_loss | -0.00457    |
|    value_loss           | 0.174       |
-----------------------------------------
-----------------------------------------
| rollout/                |             |
|    ep_len_mean          | 1.71e+03    |
|    ep_rew_mean          | 127         |
| time/                   |             |
|    fps                  | 627         |
|    iterations           | 4           |
|    time_elapsed         | 156         |
|    total_timesteps      | 98304       |
| train/                  |             |
|    approx_kl            | 0.010254004 |
|    clip_fraction        | 0.078       |
|    clip_range           | 0.2         |
|    entropy_loss         | -2.17       |
|    explained_variance   | 0.533       |
|    learning_rate        | 0.0003      |
|    loss                 | 0.131       |
|    n_updates            | 15          |
|    policy_gradient_loss | -0.00555    |
|    value_loss           | 0.37        |
-----------------------------------------
-----------------------------------------
| rollout/                |             |
|    ep_len_mean          | 1.24e+03    |
|    ep_rew_mean          | 131         |
| time/                   |             |
|    fps                  | 623         |
|    iterations           | 5           |
|    time_elapsed         | 197         |
|    total_timesteps      | 122880      |
| train/                  |             |
|    approx_kl            | 0.009126627 |
|    clip_fraction        | 0.0653      |
|    clip_range           | 0.2         |
|    entropy_loss         | -2.07       |
|    explained_variance   | 0.674       |
|    learning_rate        | 0.0003      |
|    loss                 | 0.249       |
|    n_updates            | 20          |
|    policy_gradient_loss | -0.0045     |
|    value_loss           | 0.439       |
-----------------------------------------
-----------------------------------------
| rollout/                |             |
|    ep_len_mean          | 618         |
|    ep_rew_mean          | 137         |
| time/                   |             |
|    fps                  | 622         |
|    iterations           | 6           |
|    time_elapsed         | 236         |
|    total_timesteps      | 147456      |
| train/                  |             |
|    approx_kl            | 0.007221787 |
|    clip_fraction        | 0.0456      |
|    clip_range           | 0.2         |
|    entropy_loss         | -2.02       |
|    explained_variance   | 0.774       |
|    learning_rate        | 0.0003      |
|    loss                 | 0.221       |
|    n_updates            | 25          |
|    policy_gradient_loss | -0.00487    |
|    value_loss           | 0.55        |
-----------------------------------------
------------------------------------------
| rollout/                |              |
|    ep_len_mean          | 654          |
|    ep_rew_mean          | 125          |
| time/                   |              |
|    fps                  | 621          |
|    iterations           | 7            |
|    time_elapsed         | 276          |
|    total_timesteps      | 172032       |
| train/                  |              |
|    approx_kl            | 0.0069634877 |
|    clip_fraction        | 0.0458       |
|    clip_range           | 0.2          |
|    entropy_loss         | -1.93        |
|    explained_variance   | 0.843        |
|    learning_rate        | 0.0003       |
|    loss                 | 0.158        |
|    n_updates            | 30           |
|    policy_gradient_loss | -0.00483     |
|    value_loss           | 0.366        |
------------------------------------------
-----------------------------------------
| rollout/                |             |
|    ep_len_mean          | 882         |
|    ep_rew_mean          | 103         |
| time/                   |             |
|    fps                  | 620         |
|    iterations           | 8           |
|    time_elapsed         | 316         |
|    total_timesteps      | 196608      |
| train/                  |             |
|    approx_kl            | 0.009251052 |
|    clip_fraction        | 0.0908      |
|    clip_range           | 0.2         |
|    entropy_loss         | -1.82       |
|    explained_variance   | 0.903       |
|    learning_rate        | 0.0003      |
|    loss                 | 0.0412      |
|    n_updates            | 35          |
|    policy_gradient_loss | -0.00517    |
|    value_loss           | 0.154       |
-----------------------------------------
-----------------------------------------
| rollout/                |             |
|    ep_len_mean          | 1.03e+03    |
|    ep_rew_mean          | 86.9        |
| time/                   |             |
|    fps                  | 621         |
|    iterations           | 9           |
|    time_elapsed         | 355         |
|    total_timesteps      | 221184      |
| train/                  |             |
|    approx_kl            | 0.009655536 |
|    clip_fraction        | 0.0738      |
|    clip_range           | 0.2         |
|    entropy_loss         | -1.9        |
|    explained_variance   | 0.921       |
|    learning_rate        | 0.0003      |
|    loss                 | 0.0159      |
|    n_updates            | 40          |
|    policy_gradient_loss | -0.00393    |
|    value_loss           | 0.0773      |
-----------------------------------------
-----------------------------------------
| rollout/                |             |
|    ep_len_mean          | 1.23e+03    |
|    ep_rew_mean          | 69.6        |
| time/                   |             |
|    fps                  | 622         |
|    iterations           | 10          |
|    time_elapsed         | 394         |
|    total_timesteps      | 245760      |
| train/                  |             |
|    approx_kl            | 0.008755974 |
|    clip_fraction        | 0.0604      |
|    clip_range           | 0.2         |
|    entropy_loss         | -1.97       |
|    explained_variance   | 0.951       |
|    learning_rate        | 0.0003      |
|    loss                 | 0.00342     |
|    n_updates            | 45          |
|    policy_gradient_loss | -0.00294    |
|    value_loss           | 0.0572      |
-----------------------------------------
----------------------------------------
| rollout/                |            |
|    ep_len_mean          | 1.39e+03   |
|    ep_rew_mean          | 54.6       |
| time/                   |            |
|    fps                  | 624        |
|    iterations           | 11         |
|    time_elapsed         | 433        |
|    total_timesteps      | 270336     |
| train/                  |            |
|    approx_kl            | 0.00851947 |
|    clip_fraction        | 0.0723     |
|    clip_range           | 0.2        |
|    entropy_loss         | -1.99      |
|    explained_variance   | 0.935      |
|    learning_rate        | 0.0003     |
|    loss                 | -0.00648   |
|    n_updates            | 50         |
|    policy_gradient_loss | -0.0036    |
|    value_loss           | 0.0287     |
----------------------------------------
-----------------------------------------
| rollout/                |             |
|    ep_len_mean          | 1.53e+03    |
|    ep_rew_mean          | 38          |
| time/                   |             |
|    fps                  | 624         |
|    iterations           | 12          |
|    time_elapsed         | 472         |
|    total_timesteps      | 294912      |
| train/                  |             |
|    approx_kl            | 0.009569313 |
|    clip_fraction        | 0.101       |
|    clip_range           | 0.2         |
|    entropy_loss         | -2.02       |
|    explained_variance   | 0.941       |
|    learning_rate        | 0.0003      |
|    loss                 | -0.022      |
|    n_updates            | 55          |
|    policy_gradient_loss | -0.00556    |
|    value_loss           | 0.0525      |
-----------------------------------------
----------------------------------------
| rollout/                |            |
|    ep_len_mean          | 1.64e+03   |
|    ep_rew_mean          | 24.5       |
| time/                   |            |
|    fps                  | 624        |
|    iterations           | 13         |
|    time_elapsed         | 511        |
|    total_timesteps      | 319488     |
| train/                  |            |
|    approx_kl            | 0.00863535 |
|    clip_fraction        | 0.0664     |
|    clip_range           | 0.2        |
|    entropy_loss         | -2.06      |
|    explained_variance   | 0.946      |
|    learning_rate        | 0.0003     |
|    loss                 | -0.00738   |
|    n_updates            | 60         |
|    policy_gradient_loss | -0.00442   |
|    value_loss           | 0.0954     |
----------------------------------------
-----------------------------------------
| rollout/                |             |
|    ep_len_mean          | 698         |
|    ep_rew_mean          | 97.2        |
| time/                   |             |
|    fps                  | 625         |
|    iterations           | 14          |
|    time_elapsed         | 550         |
|    total_timesteps      | 344064      |
| train/                  |             |
|    approx_kl            | 0.007984529 |
|    clip_fraction        | 0.0549      |
|    clip_range           | 0.2         |
|    entropy_loss         | -2.04       |
|    explained_variance   | 0.954       |
|    learning_rate        | 0.0003      |
|    loss                 | 0.00734     |
|    n_updates            | 65          |
|    policy_gradient_loss | -0.0047     |
|    value_loss           | 0.146       |
-----------------------------------------
-----------------------------------------
| rollout/                |             |
|    ep_len_mean          | 291         |
|    ep_rew_mean          | 115         |
| time/                   |             |
|    fps                  | 624         |
|    iterations           | 15          |
|    time_elapsed         | 590         |
|    total_timesteps      | 368640      |
| train/                  |             |
|    approx_kl            | 0.009415018 |
|    clip_fraction        | 0.0739      |
|    clip_range           | 0.2         |
|    entropy_loss         | -1.99       |
|    explained_variance   | 0.957       |
|    learning_rate        | 0.0003      |
|    loss                 | 0.0145      |
|    n_updates            | 70          |
|    policy_gradient_loss | -0.00665    |
|    value_loss           | 0.128       |
-----------------------------------------
-----------------------------------------
| rollout/                |             |
|    ep_len_mean          | 149         |
|    ep_rew_mean          | 124         |
| time/                   |             |
|    fps                  | 623         |
|    iterations           | 16          |
|    time_elapsed         | 630         |
|    total_timesteps      | 393216      |
| train/                  |             |
|    approx_kl            | 0.009814929 |
|    clip_fraction        | 0.0787      |
|    clip_range           | 0.2         |
|    entropy_loss         | -1.88       |
|    explained_variance   | 0.974       |
|    learning_rate        | 0.0003      |
|    loss                 | 0.0467      |
|    n_updates            | 75          |
|    policy_gradient_loss | -0.00659    |
|    value_loss           | 0.151       |
-----------------------------------------
-----------------------------------------
| rollout/                |             |
|    ep_len_mean          | 83.1        |
|    ep_rew_mean          | 123         |
| time/                   |             |
|    fps                  | 623         |
|    iterations           | 17          |
|    time_elapsed         | 669         |
|    total_timesteps      | 417792      |
| train/                  |             |
|    approx_kl            | 0.008474278 |
|    clip_fraction        | 0.0555      |
|    clip_range           | 0.2         |
|    entropy_loss         | -1.77       |
|    explained_variance   | 0.961       |
|    learning_rate        | 0.0003      |
|    loss                 | 0.0532      |
|    n_updates            | 80          |
|    policy_gradient_loss | -0.00592    |
|    value_loss           | 0.161       |
-----------------------------------------
-----------------------------------------
| rollout/                |             |
|    ep_len_mean          | 122         |
|    ep_rew_mean          | 119         |
| time/                   |             |
|    fps                  | 623         |
|    iterations           | 18          |
|    time_elapsed         | 709         |
|    total_timesteps      | 442368      |
| train/                  |             |
|    approx_kl            | 0.009475074 |
|    clip_fraction        | 0.0907      |
|    clip_range           | 0.2         |
|    entropy_loss         | -1.72       |
|    explained_variance   | 0.979       |
|    learning_rate        | 0.0003      |
|    loss                 | 0.00817     |
|    n_updates            | 85          |
|    policy_gradient_loss | -0.00597    |
|    value_loss           | 0.106       |
-----------------------------------------
-----------------------------------------
| rollout/                |             |
|    ep_len_mean          | 64.9        |
|    ep_rew_mean          | 121         |
| time/                   |             |
|    fps                  | 623         |
|    iterations           | 19          |
|    time_elapsed         | 748         |
|    total_timesteps      | 466944      |
| train/                  |             |
|    approx_kl            | 0.008939716 |
|    clip_fraction        | 0.0859      |
|    clip_range           | 0.2         |
|    entropy_loss         | -1.66       |
|    explained_variance   | 0.986       |
|    learning_rate        | 0.0003      |
|    loss                 | 0.0369      |
|    n_updates            | 90          |
|    policy_gradient_loss | -0.0053     |
|    value_loss           | 0.0848      |
-----------------------------------------
-----------------------------------------
| rollout/                |             |
|    ep_len_mean          | 121         |
|    ep_rew_mean          | 118         |
| time/                   |             |
|    fps                  | 622         |
|    iterations           | 20          |
|    time_elapsed         | 789         |
|    total_timesteps      | 491520      |
| train/                  |             |
|    approx_kl            | 0.009516658 |
|    clip_fraction        | 0.107       |
|    clip_range           | 0.2         |
|    entropy_loss         | -1.59       |
|    explained_variance   | 0.994       |
|    learning_rate        | 0.0003      |
|    loss                 | -0.00249    |
|    n_updates            | 95          |
|    policy_gradient_loss | -0.00713    |
|    value_loss           | 0.0433      |
-----------------------------------------
[Checkpoint] Saved at 500000 steps > /home/runner/work/Disciples2-RL/Disciples2-RL/github_experiments/122/default/green_dragon/seed122-default-green_dragon-30528255568-1/checkpoints/campaign_ppo_step_500000.zip
-----------------------------------------
| rollout/                |             |
|    ep_len_mean          | 62.1        |
|    ep_rew_mean          | 121         |
| time/                   |             |
|    fps                  | 621         |
|    iterations           | 21          |
|    time_elapsed         | 829         |
|    total_timesteps      | 516096      |
| train/                  |             |
|    approx_kl            | 0.008525019 |
|    clip_fraction        | 0.0863      |
|    clip_range           | 0.2         |
|    entropy_loss         | -1.62       |
|    explained_variance   | 0.983       |
|    learning_rate        | 0.0003      |
|    loss                 | 0.0157      |
|    n_updates            | 100         |
|    policy_gradient_loss | -0.00622    |
|    value_loss           | 0.111       |
-----------------------------------------
-----------------------------------------
| rollout/                |             |
|    ep_len_mean          | 61.5        |
|    ep_rew_mean          | 121         |
| time/                   |             |
|    fps                  | 620         |
|    iterations           | 22          |
|    time_elapsed         | 870         |
|    total_timesteps      | 540672      |
| train/                  |             |
|    approx_kl            | 0.008442718 |
|    clip_fraction        | 0.0906      |
|    clip_range           | 0.2         |
|    entropy_loss         | -1.48       |
|    explained_variance   | 0.988       |
|    learning_rate        | 0.0003      |
|    loss                 | -0.00769    |
|    n_updates            | 105         |
|    policy_gradient_loss | -0.00657    |
|    value_loss           | 0.0435      |
-----------------------------------------
-----------------------------------------
| rollout/                |             |
|    ep_len_mean          | 56.2        |
|    ep_rew_mean          | 120         |
| time/                   |             |
|    fps                  | 621         |
|    iterations           | 23          |
|    time_elapsed         | 910         |
|    total_timesteps      | 565248      |
| train/                  |             |
|    approx_kl            | 0.010709721 |
|    clip_fraction        | 0.136       |
|    clip_range           | 0.2         |
|    entropy_loss         | -1.37       |
|    explained_variance   | 0.995       |
|    learning_rate        | 0.0003      |
|    loss                 | -0.0273     |
|    n_updates            | 110         |
|    policy_gradient_loss | -0.0115     |
|    value_loss           | 0.0126      |
-----------------------------------------
-----------------------------------------
| rollout/                |             |
|    ep_len_mean          | 54.7        |
|    ep_rew_mean          | 121         |
| time/                   |             |
|    fps                  | 621         |
|    iterations           | 24          |
|    time_elapsed         | 949         |
|    total_timesteps      | 589824      |
| train/                  |             |
|    approx_kl            | 0.010655012 |
|    clip_fraction        | 0.15        |
|    clip_range           | 0.2         |
|    entropy_loss         | -1.21       |
|    explained_variance   | 0.948       |
|    learning_rate        | 0.0003      |
|    loss                 | -0.0375     |
|    n_updates            | 115         |
|    policy_gradient_loss | -0.014      |
|    value_loss           | 0.00628     |
-----------------------------------------
-----------------------------------------
| rollout/                |             |
|    ep_len_mean          | 53          |
|    ep_rew_mean          | 122         |
| time/                   |             |
|    fps                  | 622         |
|    iterations           | 25          |
|    time_elapsed         | 987         |
|    total_timesteps      | 614400      |
| train/                  |             |
|    approx_kl            | 0.010597483 |
|    clip_fraction        | 0.128       |
|    clip_range           | 0.2         |
|    entropy_loss         | -1.18       |
|    explained_variance   | 0.936       |
|    learning_rate        | 0.0003      |
|    loss                 | -0.032      |
|    n_updates            | 120         |
|    policy_gradient_loss | -0.0122     |
|    value_loss           | 0.0104      |
-----------------------------------------
-----------------------------------------
| rollout/                |             |
|    ep_len_mean          | 51.6        |
|    ep_rew_mean          | 122         |
| time/                   |             |
|    fps                  | 622         |
|    iterations           | 26          |
|    time_elapsed         | 1026        |
|    total_timesteps      | 638976      |
| train/                  |             |
|    approx_kl            | 0.009863739 |
|    clip_fraction        | 0.143       |
|    clip_range           | 0.2         |
|    entropy_loss         | -1.08       |
|    explained_variance   | 0.952       |
|    learning_rate        | 0.0003      |
|    loss                 | -0.0174     |
|    n_updates            | 125         |
|    policy_gradient_loss | -0.0125     |
|    value_loss           | 0.0127      |
-----------------------------------------
-----------------------------------------
| rollout/                |             |
|    ep_len_mean          | 92          |
|    ep_rew_mean          | 123         |
| time/                   |             |
|    fps                  | 622         |
|    iterations           | 27          |
|    time_elapsed         | 1066        |
|    total_timesteps      | 663552      |
| train/                  |             |
|    approx_kl            | 0.010228853 |
|    clip_fraction        | 0.148       |
|    clip_range           | 0.2         |
|    entropy_loss         | -1.07       |
|    explained_variance   | 0.996       |
|    learning_rate        | 0.0003      |
|    loss                 | -0.024      |
|    n_updates            | 130         |
|    policy_gradient_loss | -0.0144     |
|    value_loss           | 0.00738     |
-----------------------------------------
-----------------------------------------
| rollout/                |             |
|    ep_len_mean          | 47.8        |
|    ep_rew_mean          | 123         |
| time/                   |             |
|    fps                  | 622         |
|    iterations           | 28          |
|    time_elapsed         | 1105        |
|    total_timesteps      | 688128      |
| train/                  |             |
|    approx_kl            | 0.008535713 |
|    clip_fraction        | 0.146       |
|    clip_range           | 0.2         |
|    entropy_loss         | -0.919      |
|    explained_variance   | 0.994       |
|    learning_rate        | 0.0003      |
|    loss                 | -0.0122     |
|    n_updates            | 135         |
|    policy_gradient_loss | -0.0122     |
|    value_loss           | 0.0108      |
-----------------------------------------
-----------------------------------------
| rollout/                |             |
|    ep_len_mean          | 46.8        |
|    ep_rew_mean          | 124         |
| time/                   |             |
|    fps                  | 623         |
|    iterations           | 29          |
|    time_elapsed         | 1143        |
|    total_timesteps      | 712704      |
| train/                  |             |
|    approx_kl            | 0.011143434 |
|    clip_fraction        | 0.149       |
|    clip_range           | 0.2         |
|    entropy_loss         | -0.688      |
|    explained_variance   | 0.77        |
|    learning_rate        | 0.0003      |
|    loss                 | -0.0314     |
|    n_updates            | 140         |
|    policy_gradient_loss | -0.0196     |
|    value_loss           | 0.00304     |
-----------------------------------------
-----------------------------------------
| rollout/                |             |
|    ep_len_mean          | 44.7        |
|    ep_rew_mean          | 124         |
| time/                   |             |
|    fps                  | 623         |
|    iterations           | 30          |
|    time_elapsed         | 1181        |
|    total_timesteps      | 737280      |
| train/                  |             |
|    approx_kl            | 0.010849399 |
|    clip_fraction        | 0.107       |
|    clip_range           | 0.2         |
|    entropy_loss         | -0.59       |
|    explained_variance   | 0.732       |
|    learning_rate        | 0.0003      |
|    loss                 | -0.0173     |
|    n_updates            | 145         |
|    policy_gradient_loss | -0.0134     |
|    value_loss           | 0.00347     |
-----------------------------------------
-----------------------------------------
| rollout/                |             |
|    ep_len_mean          | 43.6        |
|    ep_rew_mean          | 124         |
| time/                   |             |
|    fps                  | 623         |
|    iterations           | 31          |
|    time_elapsed         | 1221        |
|    total_timesteps      | 761856      |
| train/                  |             |
|    approx_kl            | 0.008441492 |
|    clip_fraction        | 0.0692      |
|    clip_range           | 0.2         |
|    entropy_loss         | -0.487      |
|    explained_variance   | 0.835       |
|    learning_rate        | 0.0003      |
|    loss                 | -0.0209     |
|    n_updates            | 150         |
|    policy_gradient_loss | -0.00995    |
|    value_loss           | 0.00244     |
-----------------------------------------
------------------------------------------
| rollout/                |              |
|    ep_len_mean          | 44.3         |
|    ep_rew_mean          | 125          |
| time/                   |              |
|    fps                  | 623          |
|    iterations           | 32           |
|    time_elapsed         | 1260         |
|    total_timesteps      | 786432       |
| train/                  |              |
|    approx_kl            | 0.0044197123 |
|    clip_fraction        | 0.0519       |
|    clip_range           | 0.2          |
|    entropy_loss         | -0.454       |
|    explained_variance   | 0.803        |
|    learning_rate        | 0.0003       |
|    loss                 | -0.014       |
|    n_updates            | 155          |
|    policy_gradient_loss | -0.00642     |
|    value_loss           | 0.00276      |
------------------------------------------
------------------------------------------
| rollout/                |              |
|    ep_len_mean          | 44.9         |
|    ep_rew_mean          | 126          |
| time/                   |              |
|    fps                  | 624          |
|    iterations           | 33           |
|    time_elapsed         | 1299         |
|    total_timesteps      | 811008       |
| train/                  |              |
|    approx_kl            | 0.0044878293 |
|    clip_fraction        | 0.0548       |
|    clip_range           | 0.2          |
|    entropy_loss         | -0.474       |
|    explained_variance   | 0.824        |
|    learning_rate        | 0.0003       |
|    loss                 | -0.0138      |
|    n_updates            | 160          |
|    policy_gradient_loss | -0.00595     |
|    value_loss           | 0.00301      |
------------------------------------------
-----------------------------------------
| rollout/                |             |
|    ep_len_mean          | 45.3        |
|    ep_rew_mean          | 127         |
| time/                   |             |
|    fps                  | 624         |
|    iterations           | 34          |
|    time_elapsed         | 1339        |
|    total_timesteps      | 835584      |
| train/                  |             |
|    approx_kl            | 0.005130967 |
|    clip_fraction        | 0.0586      |
|    clip_range           | 0.2         |
|    entropy_loss         | -0.457      |
|    explained_variance   | 0.81        |
|    learning_rate        | 0.0003      |
|    loss                 | -0.0119     |
|    n_updates            | 165         |
|    policy_gradient_loss | -0.00721    |
|    value_loss           | 0.0036      |
-----------------------------------------
------------------------------------------
| rollout/                |              |
|    ep_len_mean          | 46.3         |
|    ep_rew_mean          | 128          |
| time/                   |              |
|    fps                  | 624          |
|    iterations           | 35           |
|    time_elapsed         | 1377         |
|    total_timesteps      | 860160       |
| train/                  |              |
|    approx_kl            | 0.0049788603 |
|    clip_fraction        | 0.0733       |
|    clip_range           | 0.2          |
|    entropy_loss         | -0.433       |
|    explained_variance   | 0.79         |
|    learning_rate        | 0.0003       |
|    loss                 | -0.0179      |
|    n_updates            | 170          |
|    policy_gradient_loss | -0.00911     |
|    value_loss           | 0.00421      |
------------------------------------------
------------------------------------------
| rollout/                |              |
|    ep_len_mean          | 46.3         |
|    ep_rew_mean          | 129          |
| time/                   |              |
|    fps                  | 624          |
|    iterations           | 36           |
|    time_elapsed         | 1417         |
|    total_timesteps      | 884736       |
| train/                  |              |
|    approx_kl            | 0.0064366963 |
|    clip_fraction        | 0.0813       |
|    clip_range           | 0.2          |
|    entropy_loss         | -0.526       |
|    explained_variance   | 0.905        |
|    learning_rate        | 0.0003       |
|    loss                 | -0.00239     |
|    n_updates            | 175          |
|    policy_gradient_loss | -0.00736     |
|    value_loss           | 0.0092       |
------------------------------------------
-----------------------------------------
| rollout/                |             |
|    ep_len_mean          | 106         |
|    ep_rew_mean          | 128         |
| time/                   |             |
|    fps                  | 624         |
|    iterations           | 37          |
|    time_elapsed         | 1457        |
|    total_timesteps      | 909312      |
| train/                  |             |
|    approx_kl            | 0.009015062 |
|    clip_fraction        | 0.0805      |
|    clip_range           | 0.2         |
|    entropy_loss         | -0.612      |
|    explained_variance   | 0.955       |
|    learning_rate        | 0.0003      |
|    loss                 | -0.0119     |
|    n_updates            | 180         |
|    policy_gradient_loss | -0.00796    |
|    value_loss           | 0.0126      |
-----------------------------------------
-----------------------------------------
| rollout/                |             |
|    ep_len_mean          | 48.7        |
|    ep_rew_mean          | 131         |
| time/                   |             |
|    fps                  | 624         |
|    iterations           | 38          |
|    time_elapsed         | 1495        |
|    total_timesteps      | 933888      |
| train/                  |             |
|    approx_kl            | 0.007417207 |
|    clip_fraction        | 0.0715      |
|    clip_range           | 0.2         |
|    entropy_loss         | -0.712      |
|    explained_variance   | 0.985       |
|    learning_rate        | 0.0003      |
|    loss                 | -0.0119     |
|    n_updates            | 185         |
|    policy_gradient_loss | -0.00604    |
|    value_loss           | 0.0169      |
-----------------------------------------
------------------------------------------
| rollout/                |              |
|    ep_len_mean          | 49.2         |
|    ep_rew_mean          | 132          |
| time/                   |              |
|    fps                  | 624          |
|    iterations           | 39           |
|    time_elapsed         | 1534         |
|    total_timesteps      | 958464       |
| train/                  |              |
|    approx_kl            | 0.0046469024 |
|    clip_fraction        | 0.0519       |
|    clip_range           | 0.2          |
|    entropy_loss         | -0.586       |
|    explained_variance   | 0.985        |
|    learning_rate        | 0.0003       |
|    loss                 | -0.00939     |
|    n_updates            | 190          |
|    policy_gradient_loss | -0.00381     |
|    value_loss           | 0.00823      |
------------------------------------------
-----------------------------------------
| rollout/                |             |
|    ep_len_mean          | 49.5        |
|    ep_rew_mean          | 132         |
| time/                   |             |
|    fps                  | 624         |
|    iterations           | 40          |
|    time_elapsed         | 1574        |
|    total_timesteps      | 983040      |
| train/                  |             |
|    approx_kl            | 0.005462011 |
|    clip_fraction        | 0.0582      |
|    clip_range           | 0.2         |
|    entropy_loss         | -0.812      |
|    explained_variance   | 0.989       |
|    learning_rate        | 0.0003      |
|    loss                 | 0.0022      |
|    n_updates            | 195         |
|    policy_gradient_loss | -0.00325    |
|    value_loss           | 0.0169      |
-----------------------------------------
[Checkpoint] Saved at 1000000 steps > /home/runner/work/Disciples2-RL/Disciples2-RL/github_experiments/122/default/green_dragon/seed122-default-green_dragon-30528255568-1/checkpoints/campaign_ppo_step_1000000.zip
Eval num_timesteps=1000008, det_reward=135.81 +/- 0.00
Episode length: det=50.25 +/- 1.44
Victory rate: det=100.00%
-------------------------------------------------
| eval/                           |             |
|    deterministic_mean_ep_length | 50.2        |
|    deterministic_mean_reward    | 136         |
|    deterministic_victory_rate   | 1           |
|    mean_ep_length               | 50.2        |
|    mean_reward                  | 136         |
|    victory_rate                 | 1           |
| time/                           |             |
|    total_timesteps              | 1000008     |
| train/                          |             |
|    approx_kl                    | 0.008523329 |
|    clip_fraction                | 0.0631      |
|    clip_range                   | 0.2         |
|    entropy_loss                 | -0.776      |
|    explained_variance           | 0.996       |
|    learning_rate                | 0.0003      |
|    loss                         | -0.00373    |
|    n_updates                    | 200         |
|    policy_gradient_loss         | -0.00409    |
|    value_loss                   | 0.00847     |
-------------------------------------------------
New best model by deterministic victory rate!
---------------------------------
| rollout/           |          |
|    ep_len_mean     | 96       |
|    ep_rew_mean     | 130      |
| time/              |          |
|    fps             | 623      |
|    iterations      | 41       |
|    time_elapsed    | 1616     |
|    total_timesteps | 1007616  |
---------------------------------
VecNormalize stats saved: /home/runner/work/Disciples2-RL/Disciples2-RL/github_experiments/122/default/green_dragon/seed122-default-green_dragon-30528255568-1/models/vecnormalize.pkl

Финальная модель сохранена: /home/runner/work/Disciples2-RL/Disciples2-RL/github_experiments/122/default/green_dragon/seed122-default-green_dragon-30528255568-1/models/final_model.zip

============================================================
ИТОГИ ОБУЧЕНИЯ:
  Побед: 11254
  Поражений: 0
  Таймаутов: 39
  Побед бота столицы над врагами: 0
  Перестановок юнитов: 158721
  Winrate: 99.7%
============================================================
  График призывов за эпизод: /home/runner/work/Disciples2-RL/Disciples2-RL/github_experiments/122/default/green_dragon/seed122-default-green_dragon-30528255568-1/plots/campaign_summoned_units_per_episode.png
  График призывов за всё обучение: /home/runner/work/Disciples2-RL/Disciples2-RL/github_experiments/122/default/green_dragon/seed122-default-green_dragon-30528255568-1/plots/campaign_summoned_units_cumulative.png
  График найма за эпизод: /home/runner/work/Disciples2-RL/Disciples2-RL/github_experiments/122/default/green_dragon/seed122-default-green_dragon-30528255568-1/plots/campaign_hired_units_per_episode.png
  График найма за всё обучение: /home/runner/work/Disciples2-RL/Disciples2-RL/github_experiments/122/default/green_dragon/seed122-default-green_dragon-30528255568-1/plots/campaign_hired_units_cumulative.png
  График перестановок юнитов за эпизод: /home/runner/work/Disciples2-RL/Disciples2-RL/github_experiments/122/default/green_dragon/seed122-default-green_dragon-30528255568-1/plots/campaign_unit_swaps_per_episode.png
  График боевых предметов: /home/runner/work/Disciples2-RL/Disciples2-RL/github_experiments/122/default/green_dragon/seed122-default-green_dragon-30528255568-1/plots/campaign_battle_item_activity.png
  График побед бота столицы за эпизод: /home/runner/work/Disciples2-RL/Disciples2-RL/github_experiments/122/default/green_dragon/seed122-default-green_dragon-30528255568-1/plots/campaign_scripted_bot_victories_per_episode.png
  График применения заклинаний: /home/runner/work/Disciples2-RL/Disciples2-RL/github_experiments/122/default/green_dragon/seed122-default-green_dragon-30528255568-1/plots/campaign_spell_cast_activity.png
