Проверка среды CampaignEnv...
Среда прошла проверку!
[INFO] Comet disabled, running without experiment tracking
Создание 12 параллельных сред (subproc)...
Инициализация MaskablePPO...
Using cpu device

============================================================
Запуск обучения Campaign Agent
Всего шагов: 1,000,000
Параллельных сред: 12
VecEnv: subproc
VecEnv start method: forkserver
Seed: 135
Checkpoint каждые: 500,000 шагов
Evaluation каждые: 83,334 шагов
Eval deterministic эпизодов: 20
Eval stochastic эпизодов: 0
Eval лимит шагов на эпизод: 5000
Campaign map: builder
Campaign objective: build_all
System resources at training start:
  Platform: Linux 6.17.0-1022-azure (x86_64)
  Python: 3.14.7
  PyTorch: 2.14.0+cpu
  Training device: cpu
  CPU model: Intel(R) Xeon(R) Platinum 8370C CPU @ 2.80GHz
  CPU vendor: GenuineIntel
  Logical CPUs visible: 4
  Process CPU affinity: 4
  Sockets: 1
  Cores per socket: 2
  Threads per core: 2
  CPU max MHz: 2800.0000
  CPU min MHz: 800.0000
  L1d cache: 96 KiB (2 instances)
  L1i cache: 64 KiB (2 instances)
  L2 cache: 2.5 MiB (2 instances)
  L3 cache: 48 MiB (1 instance)
  Virtualization: VT-x
  Hypervisor: Microsoft
  RAM total: 15.61 GiB
  RAM available at start: 13.89 GiB
  Disk total: 144.26 GiB
  Disk free at start: 75.59 GiB
  Torch intra-op threads: 4
  Torch inter-op threads: 2
  OMP_NUM_THREADS: 4
  MKL_NUM_THREADS: 4
  OPENBLAS_NUM_THREADS: 4
  GitHub runner OS: Linux
  GitHub runner architecture: X64
  GitHub runner environment: github-hosted
PPO n_steps: 2,048
PPO batch_size: 512
PPO n_epochs: 5
PPO learning_rate: 0.0003
PPO clip_range: 0.2
PPO ent_coef: 0.01
PPO gamma: 0.995
PPO gae_lambda: 0.95
PPO target_kl: disabled
PPO gradient batches per rollout: 240
VecCheckNan: disabled
Freeze action layout: enabled
Empire territory: enabled
Torch threads per process: 4
Diagnostics: disabled
Wall-clock training limit: disabled
Run ID: seed135-builder-build_all-34404017810-1
============================================================

Logging to /home/runner/work/Disciples2-RL/Disciples2-RL/github_experiments/135/builder/build_all/seed135-builder-build_all-34404017810-1/tensorboard/MaskablePPO_1
---------------------------------
| rollout/           |          |
|    ep_len_mean     | 1.9e+03  |
|    ep_rew_mean     | 76.6     |
| time/              |          |
|    fps             | 537      |
|    iterations      | 1        |
|    time_elapsed    | 45       |
|    total_timesteps | 24576    |
---------------------------------
-----------------------------------------
| rollout/                |             |
|    ep_len_mean          | 2.05e+03    |
|    ep_rew_mean          | 76.7        |
| time/                   |             |
|    fps                  | 483         |
|    iterations           | 2           |
|    time_elapsed         | 101         |
|    total_timesteps      | 49152       |
| train/                  |             |
|    approx_kl            | 0.008463032 |
|    clip_fraction        | 0.035       |
|    clip_range           | 0.2         |
|    entropy_loss         | -2.24       |
|    explained_variance   | 0.278       |
|    learning_rate        | 0.0003      |
|    loss                 | 0.0552      |
|    n_updates            | 5           |
|    policy_gradient_loss | -0.0028     |
|    value_loss           | 0.301       |
-----------------------------------------
------------------------------------------
| rollout/                |              |
|    ep_len_mean          | 2.07e+03     |
|    ep_rew_mean          | 75.5         |
| time/                   |              |
|    fps                  | 470          |
|    iterations           | 3            |
|    time_elapsed         | 156          |
|    total_timesteps      | 73728        |
| train/                  |              |
|    approx_kl            | 0.0066173077 |
|    clip_fraction        | 0.0455       |
|    clip_range           | 0.2          |
|    entropy_loss         | -2.2         |
|    explained_variance   | 0.286        |
|    learning_rate        | 0.0003       |
|    loss                 | 0.0598       |
|    n_updates            | 10           |
|    policy_gradient_loss | -0.00276     |
|    value_loss           | 0.184        |
------------------------------------------
-----------------------------------------
| rollout/                |             |
|    ep_len_mean          | 2.07e+03    |
|    ep_rew_mean          | 77.6        |
| time/                   |             |
|    fps                  | 455         |
|    iterations           | 4           |
|    time_elapsed         | 216         |
|    total_timesteps      | 98304       |
| train/                  |             |
|    approx_kl            | 0.007880547 |
|    clip_fraction        | 0.0333      |
|    clip_range           | 0.2         |
|    entropy_loss         | -2.19       |
|    explained_variance   | 0.815       |
|    learning_rate        | 0.0003      |
|    loss                 | 0.0223      |
|    n_updates            | 15          |
|    policy_gradient_loss | -0.00207    |
|    value_loss           | 0.146       |
-----------------------------------------
-----------------------------------------
| rollout/                |             |
|    ep_len_mean          | 2.05e+03    |
|    ep_rew_mean          | 81          |
| time/                   |             |
|    fps                  | 445         |
|    iterations           | 5           |
|    time_elapsed         | 275         |
|    total_timesteps      | 122880      |
| train/                  |             |
|    approx_kl            | 0.007397399 |
|    clip_fraction        | 0.0344      |
|    clip_range           | 0.2         |
|    entropy_loss         | -2.19       |
|    explained_variance   | 0.906       |
|    learning_rate        | 0.0003      |
|    loss                 | 0.0201      |
|    n_updates            | 20          |
|    policy_gradient_loss | -0.00269    |
|    value_loss           | 0.071       |
-----------------------------------------
------------------------------------------
| rollout/                |              |
|    ep_len_mean          | 2.03e+03     |
|    ep_rew_mean          | 82.8         |
| time/                   |              |
|    fps                  | 438          |
|    iterations           | 6            |
|    time_elapsed         | 336          |
|    total_timesteps      | 147456       |
| train/                  |              |
|    approx_kl            | 0.0076884017 |
|    clip_fraction        | 0.0453       |
|    clip_range           | 0.2          |
|    entropy_loss         | -2.17        |
|    explained_variance   | 0.944        |
|    learning_rate        | 0.0003       |
|    loss                 | -0.00531     |
|    n_updates            | 25           |
|    policy_gradient_loss | -0.00329     |
|    value_loss           | 0.0397       |
------------------------------------------
------------------------------------------
| rollout/                |              |
|    ep_len_mean          | 2.03e+03     |
|    ep_rew_mean          | 83.8         |
| time/                   |              |
|    fps                  | 431          |
|    iterations           | 7            |
|    time_elapsed         | 398          |
|    total_timesteps      | 172032       |
| train/                  |              |
|    approx_kl            | 0.0077253543 |
|    clip_fraction        | 0.0559       |
|    clip_range           | 0.2          |
|    entropy_loss         | -2.15        |
|    explained_variance   | 0.964        |
|    learning_rate        | 0.0003       |
|    loss                 | -0.00915     |
|    n_updates            | 30           |
|    policy_gradient_loss | -0.00301     |
|    value_loss           | 0.0264       |
------------------------------------------
-----------------------------------------
| rollout/                |             |
|    ep_len_mean          | 2.03e+03    |
|    ep_rew_mean          | 84.7        |
| time/                   |             |
|    fps                  | 432         |
|    iterations           | 8           |
|    time_elapsed         | 454         |
|    total_timesteps      | 196608      |
| train/                  |             |
|    approx_kl            | 0.009945459 |
|    clip_fraction        | 0.0818      |
|    clip_range           | 0.2         |
|    entropy_loss         | -2.14       |
|    explained_variance   | 0.973       |
|    learning_rate        | 0.0003      |
|    loss                 | -0.0164     |
|    n_updates            | 35          |
|    policy_gradient_loss | -0.0037     |
|    value_loss           | 0.0405      |
-----------------------------------------
----------------------------------------
| rollout/                |            |
|    ep_len_mean          | 2.03e+03   |
|    ep_rew_mean          | 84.3       |
| time/                   |            |
|    fps                  | 434        |
|    iterations           | 9          |
|    time_elapsed         | 509        |
|    total_timesteps      | 221184     |
| train/                  |            |
|    approx_kl            | 0.00819979 |
|    clip_fraction        | 0.0563     |
|    clip_range           | 0.2        |
|    entropy_loss         | -2.13      |
|    explained_variance   | 0.98       |
|    learning_rate        | 0.0003     |
|    loss                 | -0.027     |
|    n_updates            | 40         |
|    policy_gradient_loss | -0.00335   |
|    value_loss           | 0.0288     |
----------------------------------------
-----------------------------------------
| rollout/                |             |
|    ep_len_mean          | 2.03e+03    |
|    ep_rew_mean          | 84.2        |
| time/                   |             |
|    fps                  | 436         |
|    iterations           | 10          |
|    time_elapsed         | 563         |
|    total_timesteps      | 245760      |
| train/                  |             |
|    approx_kl            | 0.008307966 |
|    clip_fraction        | 0.0574      |
|    clip_range           | 0.2         |
|    entropy_loss         | -2.11       |
|    explained_variance   | 0.988       |
|    learning_rate        | 0.0003      |
|    loss                 | -0.0204     |
|    n_updates            | 45          |
|    policy_gradient_loss | -0.00412    |
|    value_loss           | 0.0196      |
-----------------------------------------
------------------------------------------
| rollout/                |              |
|    ep_len_mean          | 2.02e+03     |
|    ep_rew_mean          | 85.4         |
| time/                   |              |
|    fps                  | 432          |
|    iterations           | 11           |
|    time_elapsed         | 624          |
|    total_timesteps      | 270336       |
| train/                  |              |
|    approx_kl            | 0.0068555684 |
|    clip_fraction        | 0.0481       |
|    clip_range           | 0.2          |
|    entropy_loss         | -2.09        |
|    explained_variance   | 0.979        |
|    learning_rate        | 0.0003       |
|    loss                 | 0.0482       |
|    n_updates            | 50           |
|    policy_gradient_loss | -0.00339     |
|    value_loss           | 0.0635       |
------------------------------------------
-----------------------------------------
| rollout/                |             |
|    ep_len_mean          | 2.02e+03    |
|    ep_rew_mean          | 87.2        |
| time/                   |             |
|    fps                  | 427         |
|    iterations           | 12          |
|    time_elapsed         | 690         |
|    total_timesteps      | 294912      |
| train/                  |             |
|    approx_kl            | 0.008411374 |
|    clip_fraction        | 0.0673      |
|    clip_range           | 0.2         |
|    entropy_loss         | -2.11       |
|    explained_variance   | 0.987       |
|    learning_rate        | 0.0003      |
|    loss                 | -0.0212     |
|    n_updates            | 55          |
|    policy_gradient_loss | -0.00459    |
|    value_loss           | 0.0282      |
-----------------------------------------
------------------------------------------
| rollout/                |              |
|    ep_len_mean          | 2.03e+03     |
|    ep_rew_mean          | 88.2         |
| time/                   |              |
|    fps                  | 421          |
|    iterations           | 13           |
|    time_elapsed         | 757          |
|    total_timesteps      | 319488       |
| train/                  |              |
|    approx_kl            | 0.0073210797 |
|    clip_fraction        | 0.0407       |
|    clip_range           | 0.2          |
|    entropy_loss         | -2.11        |
|    explained_variance   | 0.99         |
|    learning_rate        | 0.0003       |
|    loss                 | -0.0171      |
|    n_updates            | 60           |
|    policy_gradient_loss | -0.0036      |
|    value_loss           | 0.0201       |
------------------------------------------
-----------------------------------------
| rollout/                |             |
|    ep_len_mean          | 2.05e+03    |
|    ep_rew_mean          | 89.3        |
| time/                   |             |
|    fps                  | 416         |
|    iterations           | 14          |
|    time_elapsed         | 825         |
|    total_timesteps      | 344064      |
| train/                  |             |
|    approx_kl            | 0.009688847 |
|    clip_fraction        | 0.112       |
|    clip_range           | 0.2         |
|    entropy_loss         | -2.1        |
|    explained_variance   | 0.995       |
|    learning_rate        | 0.0003      |
|    loss                 | -0.0234     |
|    n_updates            | 65          |
|    policy_gradient_loss | -0.00614    |
|    value_loss           | 0.00828     |
-----------------------------------------
-----------------------------------------
| rollout/                |             |
|    ep_len_mean          | 2.05e+03    |
|    ep_rew_mean          | 88.8        |
| time/                   |             |
|    fps                  | 414         |
|    iterations           | 15          |
|    time_elapsed         | 889         |
|    total_timesteps      | 368640      |
| train/                  |             |
|    approx_kl            | 0.009888052 |
|    clip_fraction        | 0.0702      |
|    clip_range           | 0.2         |
|    entropy_loss         | -2.12       |
|    explained_variance   | 0.994       |
|    learning_rate        | 0.0003      |
|    loss                 | -0.0158     |
|    n_updates            | 70          |
|    policy_gradient_loss | -0.0041     |
|    value_loss           | 0.00647     |
-----------------------------------------
-----------------------------------------
| rollout/                |             |
|    ep_len_mean          | 2.06e+03    |
|    ep_rew_mean          | 87.2        |
| time/                   |             |
|    fps                  | 412         |
|    iterations           | 16          |
|    time_elapsed         | 953         |
|    total_timesteps      | 393216      |
| train/                  |             |
|    approx_kl            | 0.008253115 |
|    clip_fraction        | 0.0576      |
|    clip_range           | 0.2         |
|    entropy_loss         | -2.08       |
|    explained_variance   | 0.995       |
|    learning_rate        | 0.0003      |
|    loss                 | -0.0249     |
|    n_updates            | 75          |
|    policy_gradient_loss | -0.00445    |
|    value_loss           | 0.0114      |
-----------------------------------------
-----------------------------------------
| rollout/                |             |
|    ep_len_mean          | 2.05e+03    |
|    ep_rew_mean          | 89.8        |
| time/                   |             |
|    fps                  | 408         |
|    iterations           | 17          |
|    time_elapsed         | 1023        |
|    total_timesteps      | 417792      |
| train/                  |             |
|    approx_kl            | 0.009254765 |
|    clip_fraction        | 0.0927      |
|    clip_range           | 0.2         |
|    entropy_loss         | -2.08       |
|    explained_variance   | 0.993       |
|    learning_rate        | 0.0003      |
|    loss                 | -0.0211     |
|    n_updates            | 80          |
|    policy_gradient_loss | -0.00609    |
|    value_loss           | 0.00877     |
-----------------------------------------
-----------------------------------------
| rollout/                |             |
|    ep_len_mean          | 2.06e+03    |
|    ep_rew_mean          | 92.5        |
| time/                   |             |
|    fps                  | 404         |
|    iterations           | 18          |
|    time_elapsed         | 1093        |
|    total_timesteps      | 442368      |
| train/                  |             |
|    approx_kl            | 0.009335589 |
|    clip_fraction        | 0.0695      |
|    clip_range           | 0.2         |
|    entropy_loss         | -2.11       |
|    explained_variance   | 0.997       |
|    learning_rate        | 0.0003      |
|    loss                 | -0.0192     |
|    n_updates            | 85          |
|    policy_gradient_loss | -0.00454    |
|    value_loss           | 0.00538     |
-----------------------------------------
------------------------------------------
| rollout/                |              |
|    ep_len_mean          | 2.06e+03     |
|    ep_rew_mean          | 94.5         |
| time/                   |              |
|    fps                  | 402          |
|    iterations           | 19           |
|    time_elapsed         | 1159         |
|    total_timesteps      | 466944       |
| train/                  |              |
|    approx_kl            | 0.0076871943 |
|    clip_fraction        | 0.0466       |
|    clip_range           | 0.2          |
|    entropy_loss         | -2.11        |
|    explained_variance   | 0.998        |
|    learning_rate        | 0.0003       |
|    loss                 | -0.0275      |
|    n_updates            | 90           |
|    policy_gradient_loss | -0.00398     |
|    value_loss           | 0.00937      |
------------------------------------------
------------------------------------------
| rollout/                |              |
|    ep_len_mean          | 2.06e+03     |
|    ep_rew_mean          | 95.9         |
| time/                   |              |
|    fps                  | 400          |
|    iterations           | 20           |
|    time_elapsed         | 1226         |
|    total_timesteps      | 491520       |
| train/                  |              |
|    approx_kl            | 0.0076409467 |
|    clip_fraction        | 0.0576       |
|    clip_range           | 0.2          |
|    entropy_loss         | -2.07        |
|    explained_variance   | 0.996        |
|    learning_rate        | 0.0003       |
|    loss                 | -0.0315      |
|    n_updates            | 95           |
|    policy_gradient_loss | -0.00404     |
|    value_loss           | 0.00582      |
------------------------------------------
[Checkpoint] Saved at 500000 steps > /home/runner/work/Disciples2-RL/Disciples2-RL/github_experiments/135/builder/build_all/seed135-builder-build_all-34404017810-1/checkpoints/campaign_ppo_step_500000.zip
------------------------------------------
| rollout/                |              |
|    ep_len_mean          | 2.05e+03     |
|    ep_rew_mean          | 95.9         |
| time/                   |              |
|    fps                  | 398          |
|    iterations           | 21           |
|    time_elapsed         | 1294         |
|    total_timesteps      | 516096       |
| train/                  |              |
|    approx_kl            | 0.0077742874 |
|    clip_fraction        | 0.0747       |
|    clip_range           | 0.2          |
|    entropy_loss         | -2.09        |
|    explained_variance   | 0.998        |
|    learning_rate        | 0.0003       |
|    loss                 | -0.0316      |
|    n_updates            | 100          |
|    policy_gradient_loss | -0.00698     |
|    value_loss           | 0.00377      |
------------------------------------------
-----------------------------------------
| rollout/                |             |
|    ep_len_mean          | 2.04e+03    |
|    ep_rew_mean          | 96.4        |
| time/                   |             |
|    fps                  | 397         |
|    iterations           | 22          |
|    time_elapsed         | 1361        |
|    total_timesteps      | 540672      |
| train/                  |             |
|    approx_kl            | 0.008465596 |
|    clip_fraction        | 0.0727      |
|    clip_range           | 0.2         |
|    entropy_loss         | -2.09       |
|    explained_variance   | 0.998       |
|    learning_rate        | 0.0003      |
|    loss                 | -0.0316     |
|    n_updates            | 105         |
|    policy_gradient_loss | -0.00459    |
|    value_loss           | 0.00539     |
-----------------------------------------
-----------------------------------------
| rollout/                |             |
|    ep_len_mean          | 2.04e+03    |
|    ep_rew_mean          | 97.4        |
| time/                   |             |
|    fps                  | 395         |
|    iterations           | 23          |
|    time_elapsed         | 1427        |
|    total_timesteps      | 565248      |
| train/                  |             |
|    approx_kl            | 0.008279451 |
|    clip_fraction        | 0.0599      |
|    clip_range           | 0.2         |
|    entropy_loss         | -2.11       |
|    explained_variance   | 0.993       |
|    learning_rate        | 0.0003      |
|    loss                 | -0.0298     |
|    n_updates            | 110         |
|    policy_gradient_loss | -0.00518    |
|    value_loss           | 0.024       |
-----------------------------------------
------------------------------------------
| rollout/                |              |
|    ep_len_mean          | 2.04e+03     |
|    ep_rew_mean          | 99.9         |
| time/                   |              |
|    fps                  | 394          |
|    iterations           | 24           |
|    time_elapsed         | 1493         |
|    total_timesteps      | 589824       |
| train/                  |              |
|    approx_kl            | 0.0069288947 |
|    clip_fraction        | 0.0583       |
|    clip_range           | 0.2          |
|    entropy_loss         | -2.07        |
|    explained_variance   | 0.998        |
|    learning_rate        | 0.0003       |
|    loss                 | -0.0208      |
|    n_updates            | 115          |
|    policy_gradient_loss | -0.00479     |
|    value_loss           | 0.00613      |
------------------------------------------
-----------------------------------------
| rollout/                |             |
|    ep_len_mean          | 2.03e+03    |
|    ep_rew_mean          | 101         |
| time/                   |             |
|    fps                  | 393         |
|    iterations           | 25          |
|    time_elapsed         | 1561        |
|    total_timesteps      | 614400      |
| train/                  |             |
|    approx_kl            | 0.007682705 |
|    clip_fraction        | 0.0564      |
|    clip_range           | 0.2         |
|    entropy_loss         | -2.06       |
|    explained_variance   | 0.992       |
|    learning_rate        | 0.0003      |
|    loss                 | -0.0102     |
|    n_updates            | 120         |
|    policy_gradient_loss | -0.00258    |
|    value_loss           | 0.0269      |
-----------------------------------------
------------------------------------------
| rollout/                |              |
|    ep_len_mean          | 2.03e+03     |
|    ep_rew_mean          | 101          |
| time/                   |              |
|    fps                  | 391          |
|    iterations           | 26           |
|    time_elapsed         | 1630         |
|    total_timesteps      | 638976       |
| train/                  |              |
|    approx_kl            | 0.0078816535 |
|    clip_fraction        | 0.0592       |
|    clip_range           | 0.2          |
|    entropy_loss         | -2.05        |
|    explained_variance   | 0.999        |
|    learning_rate        | 0.0003       |
|    loss                 | -0.026       |
|    n_updates            | 125          |
|    policy_gradient_loss | -0.00491     |
|    value_loss           | 0.00322      |
------------------------------------------
------------------------------------------
| rollout/                |              |
|    ep_len_mean          | 2.02e+03     |
|    ep_rew_mean          | 102          |
| time/                   |              |
|    fps                  | 390          |
|    iterations           | 27           |
|    time_elapsed         | 1699         |
|    total_timesteps      | 663552       |
| train/                  |              |
|    approx_kl            | 0.0083997855 |
|    clip_fraction        | 0.0687       |
|    clip_range           | 0.2          |
|    entropy_loss         | -2.05        |
|    explained_variance   | 0.999        |
|    learning_rate        | 0.0003       |
|    loss                 | -0.0298      |
|    n_updates            | 130          |
|    policy_gradient_loss | -0.00481     |
|    value_loss           | 0.00312      |
------------------------------------------
------------------------------------------
| rollout/                |              |
|    ep_len_mean          | 2.01e+03     |
|    ep_rew_mean          | 103          |
| time/                   |              |
|    fps                  | 389          |
|    iterations           | 28           |
|    time_elapsed         | 1767         |
|    total_timesteps      | 688128       |
| train/                  |              |
|    approx_kl            | 0.0073198862 |
|    clip_fraction        | 0.0473       |
|    clip_range           | 0.2          |
|    entropy_loss         | -2.06        |
|    explained_variance   | 0.996        |
|    learning_rate        | 0.0003       |
|    loss                 | -0.0277      |
|    n_updates            | 135          |
|    policy_gradient_loss | -0.0039      |
|    value_loss           | 0.00506      |
------------------------------------------
-----------------------------------------
| rollout/                |             |
|    ep_len_mean          | 2e+03       |
|    ep_rew_mean          | 103         |
| time/                   |             |
|    fps                  | 387         |
|    iterations           | 29          |
|    time_elapsed         | 1836        |
|    total_timesteps      | 712704      |
| train/                  |             |
|    approx_kl            | 0.008477678 |
|    clip_fraction        | 0.0721      |
|    clip_range           | 0.2         |
|    entropy_loss         | -2.04       |
|    explained_variance   | 0.999       |
|    learning_rate        | 0.0003      |
|    loss                 | -0.0152     |
|    n_updates            | 140         |
|    policy_gradient_loss | -0.0059     |
|    value_loss           | 0.00352     |
-----------------------------------------
-----------------------------------------
| rollout/                |             |
|    ep_len_mean          | 2e+03       |
|    ep_rew_mean          | 103         |
| time/                   |             |
|    fps                  | 386         |
|    iterations           | 30          |
|    time_elapsed         | 1905        |
|    total_timesteps      | 737280      |
| train/                  |             |
|    approx_kl            | 0.008398511 |
|    clip_fraction        | 0.0713      |
|    clip_range           | 0.2         |
|    entropy_loss         | -2.03       |
|    explained_variance   | 0.999       |
|    learning_rate        | 0.0003      |
|    loss                 | -0.0303     |
|    n_updates            | 145         |
|    policy_gradient_loss | -0.00624    |
|    value_loss           | 0.00321     |
-----------------------------------------
------------------------------------------
| rollout/                |              |
|    ep_len_mean          | 1.99e+03     |
|    ep_rew_mean          | 103          |
| time/                   |              |
|    fps                  | 385          |
|    iterations           | 31           |
|    time_elapsed         | 1973         |
|    total_timesteps      | 761856       |
| train/                  |              |
|    approx_kl            | 0.0075803883 |
|    clip_fraction        | 0.0646       |
|    clip_range           | 0.2          |
|    entropy_loss         | -2.02        |
|    explained_variance   | 0.998        |
|    learning_rate        | 0.0003       |
|    loss                 | -0.0126      |
|    n_updates            | 150          |
|    policy_gradient_loss | -0.0068      |
|    value_loss           | 0.00441      |
------------------------------------------
------------------------------------------
| rollout/                |              |
|    ep_len_mean          | 1.99e+03     |
|    ep_rew_mean          | 104          |
| time/                   |              |
|    fps                  | 384          |
|    iterations           | 32           |
|    time_elapsed         | 2045         |
|    total_timesteps      | 786432       |
| train/                  |              |
|    approx_kl            | 0.0075279274 |
|    clip_fraction        | 0.0479       |
|    clip_range           | 0.2          |
|    entropy_loss         | -2.02        |
|    explained_variance   | 0.994        |
|    learning_rate        | 0.0003       |
|    loss                 | -0.0223      |
|    n_updates            | 155          |
|    policy_gradient_loss | -0.00403     |
|    value_loss           | 0.0182       |
------------------------------------------
-----------------------------------------
| rollout/                |             |
|    ep_len_mean          | 1.99e+03    |
|    ep_rew_mean          | 104         |
| time/                   |             |
|    fps                  | 383         |
|    iterations           | 33          |
|    time_elapsed         | 2115        |
|    total_timesteps      | 811008      |
| train/                  |             |
|    approx_kl            | 0.008790827 |
|    clip_fraction        | 0.0682      |
|    clip_range           | 0.2         |
|    entropy_loss         | -2.01       |
|    explained_variance   | 0.999       |
|    learning_rate        | 0.0003      |
|    loss                 | -0.0267     |
|    n_updates            | 160         |
|    policy_gradient_loss | -0.00622    |
|    value_loss           | 0.00266     |
-----------------------------------------
-----------------------------------------
| rollout/                |             |
|    ep_len_mean          | 2e+03       |
|    ep_rew_mean          | 103         |
| time/                   |             |
|    fps                  | 382         |
|    iterations           | 34          |
|    time_elapsed         | 2185        |
|    total_timesteps      | 835584      |
| train/                  |             |
|    approx_kl            | 0.007998805 |
|    clip_fraction        | 0.0729      |
|    clip_range           | 0.2         |
|    entropy_loss         | -1.99       |
|    explained_variance   | 0.999       |
|    learning_rate        | 0.0003      |
|    loss                 | -0.0301     |
|    n_updates            | 165         |
|    policy_gradient_loss | -0.00623    |
|    value_loss           | 0.0027      |
-----------------------------------------
-----------------------------------------
| rollout/                |             |
|    ep_len_mean          | 2.01e+03    |
|    ep_rew_mean          | 104         |
| time/                   |             |
|    fps                  | 381         |
|    iterations           | 35          |
|    time_elapsed         | 2256        |
|    total_timesteps      | 860160      |
| train/                  |             |
|    approx_kl            | 0.008905328 |
|    clip_fraction        | 0.0762      |
|    clip_range           | 0.2         |
|    entropy_loss         | -1.98       |
|    explained_variance   | 0.999       |
|    learning_rate        | 0.0003      |
|    loss                 | -0.0236     |
|    n_updates            | 170         |
|    policy_gradient_loss | -0.00731    |
|    value_loss           | 0.00297     |
-----------------------------------------
------------------------------------------
| rollout/                |              |
|    ep_len_mean          | 2.01e+03     |
|    ep_rew_mean          | 104          |
| time/                   |              |
|    fps                  | 379          |
|    iterations           | 36           |
|    time_elapsed         | 2328         |
|    total_timesteps      | 884736       |
| train/                  |              |
|    approx_kl            | 0.0081485575 |
|    clip_fraction        | 0.0653       |
|    clip_range           | 0.2          |
|    entropy_loss         | -1.96        |
|    explained_variance   | 0.999        |
|    learning_rate        | 0.0003       |
|    loss                 | -0.0179      |
|    n_updates            | 175          |
|    policy_gradient_loss | -0.00569     |
|    value_loss           | 0.00259      |
------------------------------------------
------------------------------------------
| rollout/                |              |
|    ep_len_mean          | 2.03e+03     |
|    ep_rew_mean          | 104          |
| time/                   |              |
|    fps                  | 378          |
|    iterations           | 37           |
|    time_elapsed         | 2400         |
|    total_timesteps      | 909312       |
| train/                  |              |
|    approx_kl            | 0.0075660036 |
|    clip_fraction        | 0.0513       |
|    clip_range           | 0.2          |
|    entropy_loss         | -1.94        |
|    explained_variance   | 0.999        |
|    learning_rate        | 0.0003       |
|    loss                 | -0.0278      |
|    n_updates            | 180          |
|    policy_gradient_loss | -0.0038      |
|    value_loss           | 0.00291      |
------------------------------------------
------------------------------------------
| rollout/                |              |
|    ep_len_mean          | 2.04e+03     |
|    ep_rew_mean          | 105          |
| time/                   |              |
|    fps                  | 377          |
|    iterations           | 38           |
|    time_elapsed         | 2471         |
|    total_timesteps      | 933888       |
| train/                  |              |
|    approx_kl            | 0.0076768477 |
|    clip_fraction        | 0.0653       |
|    clip_range           | 0.2          |
|    entropy_loss         | -1.94        |
|    explained_variance   | 0.999        |
|    learning_rate        | 0.0003       |
|    loss                 | -0.0242      |
|    n_updates            | 185          |
|    policy_gradient_loss | -0.00439     |
|    value_loss           | 0.00296      |
------------------------------------------
----------------------------------------
| rollout/                |            |
|    ep_len_mean          | 2.05e+03   |
|    ep_rew_mean          | 106        |
| time/                   |            |
|    fps                  | 377        |
|    iterations           | 39         |
|    time_elapsed         | 2542       |
|    total_timesteps      | 958464     |
| train/                  |            |
|    approx_kl            | 0.00658581 |
|    clip_fraction        | 0.0458     |
|    clip_range           | 0.2        |
|    entropy_loss         | -1.93      |
|    explained_variance   | 0.999      |
|    learning_rate        | 0.0003     |
|    loss                 | -0.0299    |
|    n_updates            | 190        |
|    policy_gradient_loss | -0.00453   |
|    value_loss           | 0.00241    |
----------------------------------------
-----------------------------------------
| rollout/                |             |
|    ep_len_mean          | 2.06e+03    |
|    ep_rew_mean          | 106         |
| time/                   |             |
|    fps                  | 376         |
|    iterations           | 40          |
|    time_elapsed         | 2612        |
|    total_timesteps      | 983040      |
| train/                  |             |
|    approx_kl            | 0.008831221 |
|    clip_fraction        | 0.06        |
|    clip_range           | 0.2         |
|    entropy_loss         | -1.93       |
|    explained_variance   | 0.999       |
|    learning_rate        | 0.0003      |
|    loss                 | -0.0304     |
|    n_updates            | 195         |
|    policy_gradient_loss | -0.00429    |
|    value_loss           | 0.00288     |
-----------------------------------------
[Checkpoint] Saved at 1000000 steps > /home/runner/work/Disciples2-RL/Disciples2-RL/github_experiments/135/builder/build_all/seed135-builder-build_all-34404017810-1/checkpoints/campaign_ppo_step_1000000.zip
Eval num_timesteps=1000008, det_reward=60.54 +/- 0.00
Episode length: det=2069.05 +/- 0.22
Victory rate: det=100.00%
------------------------------------------------
| eval/                           |            |
|    deterministic_mean_ep_length | 2.07e+03   |
|    deterministic_mean_reward    | 60.5       |
|    deterministic_victory_rate   | 1          |
|    mean_ep_length               | 2.07e+03   |
|    mean_reward                  | 60.5       |
|    victory_rate                 | 1          |
| time/                           |            |
|    total_timesteps              | 1000008    |
| train/                          |            |
|    approx_kl                    | 0.00835996 |
|    clip_fraction                | 0.0709     |
|    clip_range                   | 0.2        |
|    entropy_loss                 | -1.92      |
|    explained_variance           | 0.999      |
|    learning_rate                | 0.0003     |
|    loss                         | -0.00961   |
|    n_updates                    | 200        |
|    policy_gradient_loss         | -0.00539   |
|    value_loss                   | 0.00267    |
------------------------------------------------
New best model by deterministic victory rate!
---------------------------------
| rollout/           |          |
|    ep_len_mean     | 2.06e+03 |
|    ep_rew_mean     | 106      |
| time/              |          |
|    fps             | 352      |
|    iterations      | 41       |
|    time_elapsed    | 2855     |
|    total_timesteps | 1007616  |
---------------------------------
VecNormalize stats saved: /home/runner/work/Disciples2-RL/Disciples2-RL/github_experiments/135/builder/build_all/seed135-builder-build_all-34404017810-1/models/vecnormalize.pkl

Финальная модель сохранена: /home/runner/work/Disciples2-RL/Disciples2-RL/github_experiments/135/builder/build_all/seed135-builder-build_all-34404017810-1/models/final_model.zip

============================================================
ИТОГИ ОБУЧЕНИЯ:
  Побед: 489
  Поражений: 0
  Таймаутов: 0
  Побед бота столицы над врагами: 0
  Перестановок юнитов: 212157
  Winrate: 100.0%
============================================================
  График призывов за эпизод: /home/runner/work/Disciples2-RL/Disciples2-RL/github_experiments/135/builder/build_all/seed135-builder-build_all-34404017810-1/plots/campaign_summoned_units_per_episode.png
  График призывов за всё обучение: /home/runner/work/Disciples2-RL/Disciples2-RL/github_experiments/135/builder/build_all/seed135-builder-build_all-34404017810-1/plots/campaign_summoned_units_cumulative.png
  График найма за эпизод: /home/runner/work/Disciples2-RL/Disciples2-RL/github_experiments/135/builder/build_all/seed135-builder-build_all-34404017810-1/plots/campaign_hired_units_per_episode.png
  График найма за всё обучение: /home/runner/work/Disciples2-RL/Disciples2-RL/github_experiments/135/builder/build_all/seed135-builder-build_all-34404017810-1/plots/campaign_hired_units_cumulative.png
  График перестановок юнитов за эпизод: /home/runner/work/Disciples2-RL/Disciples2-RL/github_experiments/135/builder/build_all/seed135-builder-build_all-34404017810-1/plots/campaign_unit_swaps_per_episode.png
  График боевых предметов: /home/runner/work/Disciples2-RL/Disciples2-RL/github_experiments/135/builder/build_all/seed135-builder-build_all-34404017810-1/plots/campaign_battle_item_activity.png
  График побед бота столицы за эпизод: /home/runner/work/Disciples2-RL/Disciples2-RL/github_experiments/135/builder/build_all/seed135-builder-build_all-34404017810-1/plots/campaign_scripted_bot_victories_per_episode.png
  График применения заклинаний: /home/runner/work/Disciples2-RL/Disciples2-RL/github_experiments/135/builder/build_all/seed135-builder-build_all-34404017810-1/plots/campaign_spell_cast_activity.png
