Проверка среды CampaignEnv...
Среда прошла проверку!
[INFO] Comet disabled, running without experiment tracking
Создание 12 параллельных сред (subproc)...
Инициализация MaskablePPO...
Using cpu device

============================================================
Запуск обучения Campaign Agent
Всего шагов: 1,000,000
Параллельных сред: 12
VecEnv: subproc
VecEnv start method: forkserver
Seed: 124
Checkpoint каждые: 500,000 шагов
Evaluation каждые: 83,334 шагов
Eval deterministic эпизодов: 20
Eval stochastic эпизодов: 0
Eval лимит шагов на эпизод: 5000
Campaign map: item_train
Campaign objective: all_enemies
System resources at training start:
  Platform: Linux 6.17.0-1021-azure (x86_64)
  Python: 3.14.6
  PyTorch: 2.13.0+cpu
  Training device: cpu
  CPU model: AMD EPYC 7763 64-Core Processor
  CPU vendor: AuthenticAMD
  Logical CPUs visible: 4
  Process CPU affinity: 4
  Sockets: 1
  Cores per socket: 2
  Threads per core: 2
  CPU max MHz: unknown
  CPU min MHz: unknown
  L1d cache: 64 KiB (2 instances)
  L1i cache: 64 KiB (2 instances)
  L2 cache: 1 MiB (2 instances)
  L3 cache: 32 MiB (1 instance)
  Virtualization: AMD-V
  Hypervisor: Microsoft
  RAM total: 15.62 GiB
  RAM available at start: 13.97 GiB
  Disk total: 144.26 GiB
  Disk free at start: 81.16 GiB
  Torch intra-op threads: 4
  Torch inter-op threads: 2
  OMP_NUM_THREADS: 4
  MKL_NUM_THREADS: 4
  OPENBLAS_NUM_THREADS: 4
  GitHub runner OS: Linux
  GitHub runner architecture: X64
  GitHub runner environment: github-hosted
PPO n_steps: 2,048
PPO batch_size: 512
PPO n_epochs: 5
PPO learning_rate: 0.0003
PPO clip_range: 0.2
PPO ent_coef: 0.01
PPO gamma: 0.995
PPO gae_lambda: 0.95
PPO target_kl: disabled
PPO gradient batches per rollout: 240
VecCheckNan: disabled
Freeze action layout: enabled
Empire territory: enabled
Torch threads per process: 4
Diagnostics: disabled
Wall-clock training limit: disabled
Run ID: seed124-item_train-all_enemies-31158637302-1
============================================================

Logging to /home/runner/work/Disciples2-RL/Disciples2-RL/github_experiments/124/item_train/all_enemies/seed124-item_train-all_enemies-31158637302-1/tensorboard/MaskablePPO_1
---------------------------------
| rollout/           |          |
|    ep_len_mean     | 701      |
|    ep_rew_mean     | -18      |
| time/              |          |
|    fps             | 556      |
|    iterations      | 1        |
|    time_elapsed    | 44       |
|    total_timesteps | 24576    |
---------------------------------
-----------------------------------------
| rollout/                |             |
|    ep_len_mean          | 515         |
|    ep_rew_mean          | -12.7       |
| time/                   |             |
|    fps                  | 530         |
|    iterations           | 2           |
|    time_elapsed         | 92          |
|    total_timesteps      | 49152       |
| train/                  |             |
|    approx_kl            | 0.009688171 |
|    clip_fraction        | 0.0589      |
|    clip_range           | 0.2         |
|    entropy_loss         | -2.24       |
|    explained_variance   | -0.0386     |
|    learning_rate        | 0.0003      |
|    loss                 | 0.0162      |
|    n_updates            | 5           |
|    policy_gradient_loss | -0.00634    |
|    value_loss           | 0.0902      |
-----------------------------------------
-----------------------------------------
| rollout/                |             |
|    ep_len_mean          | 446         |
|    ep_rew_mean          | -11.1       |
| time/                   |             |
|    fps                  | 524         |
|    iterations           | 3           |
|    time_elapsed         | 140         |
|    total_timesteps      | 73728       |
| train/                  |             |
|    approx_kl            | 0.008555404 |
|    clip_fraction        | 0.0632      |
|    clip_range           | 0.2         |
|    entropy_loss         | -2.22       |
|    explained_variance   | 0.452       |
|    learning_rate        | 0.0003      |
|    loss                 | -0.024      |
|    n_updates            | 10          |
|    policy_gradient_loss | -0.00581    |
|    value_loss           | 0.0455      |
-----------------------------------------
-----------------------------------------
| rollout/                |             |
|    ep_len_mean          | 623         |
|    ep_rew_mean          | -17.1       |
| time/                   |             |
|    fps                  | 520         |
|    iterations           | 4           |
|    time_elapsed         | 189         |
|    total_timesteps      | 98304       |
| train/                  |             |
|    approx_kl            | 0.009861856 |
|    clip_fraction        | 0.0766      |
|    clip_range           | 0.2         |
|    entropy_loss         | -2.18       |
|    explained_variance   | 0.67        |
|    learning_rate        | 0.0003      |
|    loss                 | -0.0305     |
|    n_updates            | 15          |
|    policy_gradient_loss | -0.00715    |
|    value_loss           | 0.0141      |
-----------------------------------------
-----------------------------------------
| rollout/                |             |
|    ep_len_mean          | 774         |
|    ep_rew_mean          | -20.7       |
| time/                   |             |
|    fps                  | 516         |
|    iterations           | 5           |
|    time_elapsed         | 237         |
|    total_timesteps      | 122880      |
| train/                  |             |
|    approx_kl            | 0.010045367 |
|    clip_fraction        | 0.0853      |
|    clip_range           | 0.2         |
|    entropy_loss         | -2.16       |
|    explained_variance   | 0.695       |
|    learning_rate        | 0.0003      |
|    loss                 | -0.00824    |
|    n_updates            | 20          |
|    policy_gradient_loss | -0.00762    |
|    value_loss           | 0.0167      |
-----------------------------------------
-----------------------------------------
| rollout/                |             |
|    ep_len_mean          | 890         |
|    ep_rew_mean          | -22.7       |
| time/                   |             |
|    fps                  | 514         |
|    iterations           | 6           |
|    time_elapsed         | 286         |
|    total_timesteps      | 147456      |
| train/                  |             |
|    approx_kl            | 0.009351893 |
|    clip_fraction        | 0.0833      |
|    clip_range           | 0.2         |
|    entropy_loss         | -2.17       |
|    explained_variance   | 0.772       |
|    learning_rate        | 0.0003      |
|    loss                 | -0.0223     |
|    n_updates            | 25          |
|    policy_gradient_loss | -0.00686    |
|    value_loss           | 0.0175      |
-----------------------------------------
------------------------------------------
| rollout/                |              |
|    ep_len_mean          | 561          |
|    ep_rew_mean          | -10.5        |
| time/                   |              |
|    fps                  | 513          |
|    iterations           | 7            |
|    time_elapsed         | 334          |
|    total_timesteps      | 172032       |
| train/                  |              |
|    approx_kl            | 0.0097335875 |
|    clip_fraction        | 0.0988       |
|    clip_range           | 0.2          |
|    entropy_loss         | -2.16        |
|    explained_variance   | 0.775        |
|    learning_rate        | 0.0003       |
|    loss                 | -0.0288      |
|    n_updates            | 30           |
|    policy_gradient_loss | -0.00733     |
|    value_loss           | 0.0176       |
------------------------------------------
-----------------------------------------
| rollout/                |             |
|    ep_len_mean          | 474         |
|    ep_rew_mean          | -8.04       |
| time/                   |             |
|    fps                  | 513         |
|    iterations           | 8           |
|    time_elapsed         | 382         |
|    total_timesteps      | 196608      |
| train/                  |             |
|    approx_kl            | 0.008291056 |
|    clip_fraction        | 0.0771      |
|    clip_range           | 0.2         |
|    entropy_loss         | -2.12       |
|    explained_variance   | 0.839       |
|    learning_rate        | 0.0003      |
|    loss                 | -0.0149     |
|    n_updates            | 35          |
|    policy_gradient_loss | -0.00667    |
|    value_loss           | 0.0237      |
-----------------------------------------
-----------------------------------------
| rollout/                |             |
|    ep_len_mean          | 435         |
|    ep_rew_mean          | -10.5       |
| time/                   |             |
|    fps                  | 513         |
|    iterations           | 9           |
|    time_elapsed         | 430         |
|    total_timesteps      | 221184      |
| train/                  |             |
|    approx_kl            | 0.009563538 |
|    clip_fraction        | 0.0785      |
|    clip_range           | 0.2         |
|    entropy_loss         | -2.12       |
|    explained_variance   | 0.917       |
|    learning_rate        | 0.0003      |
|    loss                 | -0.018      |
|    n_updates            | 40          |
|    policy_gradient_loss | -0.00709    |
|    value_loss           | 0.0205      |
-----------------------------------------
-----------------------------------------
| rollout/                |             |
|    ep_len_mean          | 426         |
|    ep_rew_mean          | -12         |
| time/                   |             |
|    fps                  | 513         |
|    iterations           | 10          |
|    time_elapsed         | 478         |
|    total_timesteps      | 245760      |
| train/                  |             |
|    approx_kl            | 0.009976697 |
|    clip_fraction        | 0.0996      |
|    clip_range           | 0.2         |
|    entropy_loss         | -2.08       |
|    explained_variance   | 0.941       |
|    learning_rate        | 0.0003      |
|    loss                 | -0.0239     |
|    n_updates            | 45          |
|    policy_gradient_loss | -0.00762    |
|    value_loss           | 0.015       |
-----------------------------------------
-----------------------------------------
| rollout/                |             |
|    ep_len_mean          | 358         |
|    ep_rew_mean          | -10.1       |
| time/                   |             |
|    fps                  | 514         |
|    iterations           | 11          |
|    time_elapsed         | 525         |
|    total_timesteps      | 270336      |
| train/                  |             |
|    approx_kl            | 0.010231762 |
|    clip_fraction        | 0.0993      |
|    clip_range           | 0.2         |
|    entropy_loss         | -2.08       |
|    explained_variance   | 0.966       |
|    learning_rate        | 0.0003      |
|    loss                 | -0.019      |
|    n_updates            | 50          |
|    policy_gradient_loss | -0.00731    |
|    value_loss           | 0.0155      |
-----------------------------------------
-----------------------------------------
| rollout/                |             |
|    ep_len_mean          | 246         |
|    ep_rew_mean          | -4.15       |
| time/                   |             |
|    fps                  | 516         |
|    iterations           | 12          |
|    time_elapsed         | 571         |
|    total_timesteps      | 294912      |
| train/                  |             |
|    approx_kl            | 0.010264563 |
|    clip_fraction        | 0.0945      |
|    clip_range           | 0.2         |
|    entropy_loss         | -2.07       |
|    explained_variance   | 0.914       |
|    learning_rate        | 0.0003      |
|    loss                 | -0.0226     |
|    n_updates            | 55          |
|    policy_gradient_loss | -0.00933    |
|    value_loss           | 0.0159      |
-----------------------------------------
-----------------------------------------
| rollout/                |             |
|    ep_len_mean          | 183         |
|    ep_rew_mean          | -1.75       |
| time/                   |             |
|    fps                  | 517         |
|    iterations           | 13          |
|    time_elapsed         | 617         |
|    total_timesteps      | 319488      |
| train/                  |             |
|    approx_kl            | 0.008891649 |
|    clip_fraction        | 0.0795      |
|    clip_range           | 0.2         |
|    entropy_loss         | -2.08       |
|    explained_variance   | 0.942       |
|    learning_rate        | 0.0003      |
|    loss                 | -0.0291     |
|    n_updates            | 60          |
|    policy_gradient_loss | -0.00803    |
|    value_loss           | 0.0212      |
-----------------------------------------
-----------------------------------------
| rollout/                |             |
|    ep_len_mean          | 156         |
|    ep_rew_mean          | 0.654       |
| time/                   |             |
|    fps                  | 518         |
|    iterations           | 14          |
|    time_elapsed         | 663         |
|    total_timesteps      | 344064      |
| train/                  |             |
|    approx_kl            | 0.017049612 |
|    clip_fraction        | 0.0828      |
|    clip_range           | 0.2         |
|    entropy_loss         | -2.07       |
|    explained_variance   | 0.885       |
|    learning_rate        | 0.0003      |
|    loss                 | -0.0335     |
|    n_updates            | 65          |
|    policy_gradient_loss | -0.00972    |
|    value_loss           | 0.0253      |
-----------------------------------------
-----------------------------------------
| rollout/                |             |
|    ep_len_mean          | 151         |
|    ep_rew_mean          | 1.44        |
| time/                   |             |
|    fps                  | 518         |
|    iterations           | 15          |
|    time_elapsed         | 711         |
|    total_timesteps      | 368640      |
| train/                  |             |
|    approx_kl            | 0.008862881 |
|    clip_fraction        | 0.0783      |
|    clip_range           | 0.2         |
|    entropy_loss         | -2.03       |
|    explained_variance   | 0.854       |
|    learning_rate        | 0.0003      |
|    loss                 | -0.0198     |
|    n_updates            | 70          |
|    policy_gradient_loss | -0.00772    |
|    value_loss           | 0.0274      |
-----------------------------------------
-----------------------------------------
| rollout/                |             |
|    ep_len_mean          | 110         |
|    ep_rew_mean          | 2.01        |
| time/                   |             |
|    fps                  | 518         |
|    iterations           | 16          |
|    time_elapsed         | 758         |
|    total_timesteps      | 393216      |
| train/                  |             |
|    approx_kl            | 0.009223368 |
|    clip_fraction        | 0.0828      |
|    clip_range           | 0.2         |
|    entropy_loss         | -1.96       |
|    explained_variance   | 0.85        |
|    learning_rate        | 0.0003      |
|    loss                 | -0.0148     |
|    n_updates            | 75          |
|    policy_gradient_loss | -0.00938    |
|    value_loss           | 0.0316      |
-----------------------------------------
------------------------------------------
| rollout/                |              |
|    ep_len_mean          | 168          |
|    ep_rew_mean          | 1.37         |
| time/                   |              |
|    fps                  | 518          |
|    iterations           | 17           |
|    time_elapsed         | 806          |
|    total_timesteps      | 417792       |
| train/                  |              |
|    approx_kl            | 0.0073272046 |
|    clip_fraction        | 0.0609       |
|    clip_range           | 0.2          |
|    entropy_loss         | -1.88        |
|    explained_variance   | 0.799        |
|    learning_rate        | 0.0003       |
|    loss                 | -0.00176     |
|    n_updates            | 80           |
|    policy_gradient_loss | -0.0062      |
|    value_loss           | 0.0417       |
------------------------------------------
-----------------------------------------
| rollout/                |             |
|    ep_len_mean          | 144         |
|    ep_rew_mean          | 2.32        |
| time/                   |             |
|    fps                  | 518         |
|    iterations           | 18          |
|    time_elapsed         | 852         |
|    total_timesteps      | 442368      |
| train/                  |             |
|    approx_kl            | 0.008750539 |
|    clip_fraction        | 0.0823      |
|    clip_range           | 0.2         |
|    entropy_loss         | -1.9        |
|    explained_variance   | 0.832       |
|    learning_rate        | 0.0003      |
|    loss                 | -0.0194     |
|    n_updates            | 85          |
|    policy_gradient_loss | -0.00731    |
|    value_loss           | 0.0334      |
-----------------------------------------
-----------------------------------------
| rollout/                |             |
|    ep_len_mean          | 132         |
|    ep_rew_mean          | 3.36        |
| time/                   |             |
|    fps                  | 519         |
|    iterations           | 19          |
|    time_elapsed         | 899         |
|    total_timesteps      | 466944      |
| train/                  |             |
|    approx_kl            | 0.008163275 |
|    clip_fraction        | 0.0792      |
|    clip_range           | 0.2         |
|    entropy_loss         | -1.88       |
|    explained_variance   | 0.841       |
|    learning_rate        | 0.0003      |
|    loss                 | -0.00336    |
|    n_updates            | 90          |
|    policy_gradient_loss | -0.00781    |
|    value_loss           | 0.0374      |
-----------------------------------------
------------------------------------------
| rollout/                |              |
|    ep_len_mean          | 120          |
|    ep_rew_mean          | 3.64         |
| time/                   |              |
|    fps                  | 519          |
|    iterations           | 20           |
|    time_elapsed         | 946          |
|    total_timesteps      | 491520       |
| train/                  |              |
|    approx_kl            | 0.0075151916 |
|    clip_fraction        | 0.0765       |
|    clip_range           | 0.2          |
|    entropy_loss         | -1.82        |
|    explained_variance   | 0.845        |
|    learning_rate        | 0.0003       |
|    loss                 | -0.00532     |
|    n_updates            | 95           |
|    policy_gradient_loss | -0.00658     |
|    value_loss           | 0.0479       |
------------------------------------------
[Checkpoint] Saved at 500000 steps > /home/runner/work/Disciples2-RL/Disciples2-RL/github_experiments/124/item_train/all_enemies/seed124-item_train-all_enemies-31158637302-1/checkpoints/campaign_ppo_step_500000.zip
-----------------------------------------
| rollout/                |             |
|    ep_len_mean          | 131         |
|    ep_rew_mean          | 4.4         |
| time/                   |             |
|    fps                  | 518         |
|    iterations           | 21          |
|    time_elapsed         | 994         |
|    total_timesteps      | 516096      |
| train/                  |             |
|    approx_kl            | 0.008317724 |
|    clip_fraction        | 0.0742      |
|    clip_range           | 0.2         |
|    entropy_loss         | -1.79       |
|    explained_variance   | 0.874       |
|    learning_rate        | 0.0003      |
|    loss                 | -0.00173    |
|    n_updates            | 100         |
|    policy_gradient_loss | -0.00702    |
|    value_loss           | 0.0468      |
-----------------------------------------
-----------------------------------------
| rollout/                |             |
|    ep_len_mean          | 127         |
|    ep_rew_mean          | 4.11        |
| time/                   |             |
|    fps                  | 518         |
|    iterations           | 22          |
|    time_elapsed         | 1043        |
|    total_timesteps      | 540672      |
| train/                  |             |
|    approx_kl            | 0.007739345 |
|    clip_fraction        | 0.0703      |
|    clip_range           | 0.2         |
|    entropy_loss         | -1.82       |
|    explained_variance   | 0.866       |
|    learning_rate        | 0.0003      |
|    loss                 | -2.22e-05   |
|    n_updates            | 105         |
|    policy_gradient_loss | -0.00557    |
|    value_loss           | 0.0475      |
-----------------------------------------
-----------------------------------------
| rollout/                |             |
|    ep_len_mean          | 162         |
|    ep_rew_mean          | 2.47        |
| time/                   |             |
|    fps                  | 517         |
|    iterations           | 23          |
|    time_elapsed         | 1091        |
|    total_timesteps      | 565248      |
| train/                  |             |
|    approx_kl            | 0.008462216 |
|    clip_fraction        | 0.0751      |
|    clip_range           | 0.2         |
|    entropy_loss         | -1.8        |
|    explained_variance   | 0.887       |
|    learning_rate        | 0.0003      |
|    loss                 | -0.000447   |
|    n_updates            | 110         |
|    policy_gradient_loss | -0.00666    |
|    value_loss           | 0.0392      |
-----------------------------------------
-----------------------------------------
| rollout/                |             |
|    ep_len_mean          | 177         |
|    ep_rew_mean          | 2.26        |
| time/                   |             |
|    fps                  | 516         |
|    iterations           | 24          |
|    time_elapsed         | 1141        |
|    total_timesteps      | 589824      |
| train/                  |             |
|    approx_kl            | 0.010046705 |
|    clip_fraction        | 0.0946      |
|    clip_range           | 0.2         |
|    entropy_loss         | -1.77       |
|    explained_variance   | 0.9         |
|    learning_rate        | 0.0003      |
|    loss                 | -0.00557    |
|    n_updates            | 115         |
|    policy_gradient_loss | -0.00721    |
|    value_loss           | 0.0415      |
-----------------------------------------
----------------------------------------
| rollout/                |            |
|    ep_len_mean          | 224        |
|    ep_rew_mean          | -7.18      |
| time/                   |            |
|    fps                  | 516        |
|    iterations           | 25         |
|    time_elapsed         | 1189       |
|    total_timesteps      | 614400     |
| train/                  |            |
|    approx_kl            | 0.00757411 |
|    clip_fraction        | 0.056      |
|    clip_range           | 0.2        |
|    entropy_loss         | -1.82      |
|    explained_variance   | 0.932      |
|    learning_rate        | 0.0003     |
|    loss                 | -0.00752   |
|    n_updates            | 120        |
|    policy_gradient_loss | -0.00476   |
|    value_loss           | 0.0348     |
----------------------------------------
-----------------------------------------
| rollout/                |             |
|    ep_len_mean          | 135         |
|    ep_rew_mean          | 6.59        |
| time/                   |             |
|    fps                  | 515         |
|    iterations           | 26          |
|    time_elapsed         | 1238        |
|    total_timesteps      | 638976      |
| train/                  |             |
|    approx_kl            | 0.008647254 |
|    clip_fraction        | 0.0655      |
|    clip_range           | 0.2         |
|    entropy_loss         | -1.8        |
|    explained_variance   | 0.952       |
|    learning_rate        | 0.0003      |
|    loss                 | -0.0068     |
|    n_updates            | 125         |
|    policy_gradient_loss | -0.00539    |
|    value_loss           | 0.0303      |
-----------------------------------------
-----------------------------------------
| rollout/                |             |
|    ep_len_mean          | 162         |
|    ep_rew_mean          | 4.32        |
| time/                   |             |
|    fps                  | 515         |
|    iterations           | 27          |
|    time_elapsed         | 1287        |
|    total_timesteps      | 663552      |
| train/                  |             |
|    approx_kl            | 0.008238048 |
|    clip_fraction        | 0.069       |
|    clip_range           | 0.2         |
|    entropy_loss         | -1.79       |
|    explained_variance   | 0.933       |
|    learning_rate        | 0.0003      |
|    loss                 | -0.0164     |
|    n_updates            | 130         |
|    policy_gradient_loss | -0.00667    |
|    value_loss           | 0.0316      |
-----------------------------------------
-----------------------------------------
| rollout/                |             |
|    ep_len_mean          | 161         |
|    ep_rew_mean          | 4.06        |
| time/                   |             |
|    fps                  | 514         |
|    iterations           | 28          |
|    time_elapsed         | 1336        |
|    total_timesteps      | 688128      |
| train/                  |             |
|    approx_kl            | 0.008222657 |
|    clip_fraction        | 0.0886      |
|    clip_range           | 0.2         |
|    entropy_loss         | -1.78       |
|    explained_variance   | 0.942       |
|    learning_rate        | 0.0003      |
|    loss                 | -0.0145     |
|    n_updates            | 135         |
|    policy_gradient_loss | -0.00731    |
|    value_loss           | 0.0326      |
-----------------------------------------
-----------------------------------------
| rollout/                |             |
|    ep_len_mean          | 124         |
|    ep_rew_mean          | 8.04        |
| time/                   |             |
|    fps                  | 514         |
|    iterations           | 29          |
|    time_elapsed         | 1385        |
|    total_timesteps      | 712704      |
| train/                  |             |
|    approx_kl            | 0.008654784 |
|    clip_fraction        | 0.0875      |
|    clip_range           | 0.2         |
|    entropy_loss         | -1.77       |
|    explained_variance   | 0.944       |
|    learning_rate        | 0.0003      |
|    loss                 | -0.0128     |
|    n_updates            | 140         |
|    policy_gradient_loss | -0.00739    |
|    value_loss           | 0.0316      |
-----------------------------------------
------------------------------------------
| rollout/                |              |
|    ep_len_mean          | 120          |
|    ep_rew_mean          | 8.64         |
| time/                   |              |
|    fps                  | 514          |
|    iterations           | 30           |
|    time_elapsed         | 1434         |
|    total_timesteps      | 737280       |
| train/                  |              |
|    approx_kl            | 0.0069045373 |
|    clip_fraction        | 0.0702       |
|    clip_range           | 0.2          |
|    entropy_loss         | -1.7         |
|    explained_variance   | 0.899        |
|    learning_rate        | 0.0003       |
|    loss                 | -0.00858     |
|    n_updates            | 145          |
|    policy_gradient_loss | -0.00515     |
|    value_loss           | 0.0346       |
------------------------------------------
------------------------------------------
| rollout/                |              |
|    ep_len_mean          | 122          |
|    ep_rew_mean          | 8.76         |
| time/                   |              |
|    fps                  | 513          |
|    iterations           | 31           |
|    time_elapsed         | 1482         |
|    total_timesteps      | 761856       |
| train/                  |              |
|    approx_kl            | 0.0065171956 |
|    clip_fraction        | 0.0564       |
|    clip_range           | 0.2          |
|    entropy_loss         | -1.67        |
|    explained_variance   | 0.913        |
|    learning_rate        | 0.0003       |
|    loss                 | -0.00347     |
|    n_updates            | 150          |
|    policy_gradient_loss | -0.00575     |
|    value_loss           | 0.0305       |
------------------------------------------
-----------------------------------------
| rollout/                |             |
|    ep_len_mean          | 131         |
|    ep_rew_mean          | 7.59        |
| time/                   |             |
|    fps                  | 513         |
|    iterations           | 32          |
|    time_elapsed         | 1530        |
|    total_timesteps      | 786432      |
| train/                  |             |
|    approx_kl            | 0.008109715 |
|    clip_fraction        | 0.0717      |
|    clip_range           | 0.2         |
|    entropy_loss         | -1.7        |
|    explained_variance   | 0.931       |
|    learning_rate        | 0.0003      |
|    loss                 | -0.00322    |
|    n_updates            | 155         |
|    policy_gradient_loss | -0.00592    |
|    value_loss           | 0.0327      |
-----------------------------------------
------------------------------------------
| rollout/                |              |
|    ep_len_mean          | 117          |
|    ep_rew_mean          | 9.57         |
| time/                   |              |
|    fps                  | 513          |
|    iterations           | 33           |
|    time_elapsed         | 1579         |
|    total_timesteps      | 811008       |
| train/                  |              |
|    approx_kl            | 0.0061890036 |
|    clip_fraction        | 0.0597       |
|    clip_range           | 0.2          |
|    entropy_loss         | -1.69        |
|    explained_variance   | 0.92         |
|    learning_rate        | 0.0003       |
|    loss                 | -0.00461     |
|    n_updates            | 160          |
|    policy_gradient_loss | -0.00485     |
|    value_loss           | 0.0353       |
------------------------------------------
-----------------------------------------
| rollout/                |             |
|    ep_len_mean          | 127         |
|    ep_rew_mean          | 8.56        |
| time/                   |             |
|    fps                  | 513         |
|    iterations           | 34          |
|    time_elapsed         | 1627        |
|    total_timesteps      | 835584      |
| train/                  |             |
|    approx_kl            | 0.008347325 |
|    clip_fraction        | 0.083       |
|    clip_range           | 0.2         |
|    entropy_loss         | -1.7        |
|    explained_variance   | 0.939       |
|    learning_rate        | 0.0003      |
|    loss                 | -0.0116     |
|    n_updates            | 165         |
|    policy_gradient_loss | -0.00608    |
|    value_loss           | 0.0288      |
-----------------------------------------
------------------------------------------
| rollout/                |              |
|    ep_len_mean          | 115          |
|    ep_rew_mean          | 9.62         |
| time/                   |              |
|    fps                  | 513          |
|    iterations           | 35           |
|    time_elapsed         | 1675         |
|    total_timesteps      | 860160       |
| train/                  |              |
|    approx_kl            | 0.0065765153 |
|    clip_fraction        | 0.0589       |
|    clip_range           | 0.2          |
|    entropy_loss         | -1.66        |
|    explained_variance   | 0.938        |
|    learning_rate        | 0.0003       |
|    loss                 | -0.00807     |
|    n_updates            | 170          |
|    policy_gradient_loss | -0.0049      |
|    value_loss           | 0.0312       |
------------------------------------------
-----------------------------------------
| rollout/                |             |
|    ep_len_mean          | 106         |
|    ep_rew_mean          | 10.3        |
| time/                   |             |
|    fps                  | 513         |
|    iterations           | 36          |
|    time_elapsed         | 1722        |
|    total_timesteps      | 884736      |
| train/                  |             |
|    approx_kl            | 0.006558364 |
|    clip_fraction        | 0.0544      |
|    clip_range           | 0.2         |
|    entropy_loss         | -1.61       |
|    explained_variance   | 0.915       |
|    learning_rate        | 0.0003      |
|    loss                 | -0.00344    |
|    n_updates            | 175         |
|    policy_gradient_loss | -0.00414    |
|    value_loss           | 0.034       |
-----------------------------------------
------------------------------------------
| rollout/                |              |
|    ep_len_mean          | 126          |
|    ep_rew_mean          | 9.66         |
| time/                   |              |
|    fps                  | 513          |
|    iterations           | 37           |
|    time_elapsed         | 1769         |
|    total_timesteps      | 909312       |
| train/                  |              |
|    approx_kl            | 0.0055087428 |
|    clip_fraction        | 0.0502       |
|    clip_range           | 0.2          |
|    entropy_loss         | -1.59        |
|    explained_variance   | 0.926        |
|    learning_rate        | 0.0003       |
|    loss                 | -0.0123      |
|    n_updates            | 180          |
|    policy_gradient_loss | -0.00423     |
|    value_loss           | 0.0314       |
------------------------------------------
-----------------------------------------
| rollout/                |             |
|    ep_len_mean          | 135         |
|    ep_rew_mean          | 8.08        |
| time/                   |             |
|    fps                  | 513         |
|    iterations           | 38          |
|    time_elapsed         | 1817        |
|    total_timesteps      | 933888      |
| train/                  |             |
|    approx_kl            | 0.006433079 |
|    clip_fraction        | 0.0673      |
|    clip_range           | 0.2         |
|    entropy_loss         | -1.58       |
|    explained_variance   | 0.928       |
|    learning_rate        | 0.0003      |
|    loss                 | -0.0074     |
|    n_updates            | 185         |
|    policy_gradient_loss | -0.00509    |
|    value_loss           | 0.0281      |
-----------------------------------------
-----------------------------------------
| rollout/                |             |
|    ep_len_mean          | 113         |
|    ep_rew_mean          | 11.1        |
| time/                   |             |
|    fps                  | 513         |
|    iterations           | 39          |
|    time_elapsed         | 1865        |
|    total_timesteps      | 958464      |
| train/                  |             |
|    approx_kl            | 0.007314256 |
|    clip_fraction        | 0.0721      |
|    clip_range           | 0.2         |
|    entropy_loss         | -1.6        |
|    explained_variance   | 0.946       |
|    learning_rate        | 0.0003      |
|    loss                 | -0.0189     |
|    n_updates            | 190         |
|    policy_gradient_loss | -0.00659    |
|    value_loss           | 0.0272      |
-----------------------------------------
------------------------------------------
| rollout/                |              |
|    ep_len_mean          | 119          |
|    ep_rew_mean          | 11.1         |
| time/                   |              |
|    fps                  | 513          |
|    iterations           | 40           |
|    time_elapsed         | 1913         |
|    total_timesteps      | 983040       |
| train/                  |              |
|    approx_kl            | 0.0062159733 |
|    clip_fraction        | 0.066        |
|    clip_range           | 0.2          |
|    entropy_loss         | -1.52        |
|    explained_variance   | 0.917        |
|    learning_rate        | 0.0003       |
|    loss                 | -0.0105      |
|    n_updates            | 195          |
|    policy_gradient_loss | -0.00541     |
|    value_loss           | 0.0336       |
------------------------------------------
[Checkpoint] Saved at 1000000 steps > /home/runner/work/Disciples2-RL/Disciples2-RL/github_experiments/124/item_train/all_enemies/seed124-item_train-all_enemies-31158637302-1/checkpoints/campaign_ppo_step_1000000.zip
Eval num_timesteps=1000008, det_reward=-56.94 +/- 216.58
Episode length: det=545.65 +/- 1329.14
Victory rate: det=0.00%
-------------------------------------------------
| eval/                           |             |
|    deterministic_mean_ep_length | 546         |
|    deterministic_mean_reward    | -56.9       |
|    deterministic_victory_rate   | 0           |
|    mean_ep_length               | 546         |
|    mean_reward                  | -56.9       |
|    victory_rate                 | 0           |
| time/                           |             |
|    total_timesteps              | 1000008     |
| train/                          |             |
|    approx_kl                    | 0.006980454 |
|    clip_fraction                | 0.0662      |
|    clip_range                   | 0.2         |
|    entropy_loss                 | -1.53       |
|    explained_variance           | 0.926       |
|    learning_rate                | 0.0003      |
|    loss                         | -0.00912    |
|    n_updates                    | 200         |
|    policy_gradient_loss         | -0.00552    |
|    value_loss                   | 0.0322      |
-------------------------------------------------
New best model by deterministic victory rate!
---------------------------------
| rollout/           |          |
|    ep_len_mean     | 115      |
|    ep_rew_mean     | 11.9     |
| time/              |          |
|    fps             | 504      |
|    iterations      | 41       |
|    time_elapsed    | 1996     |
|    total_timesteps | 1007616  |
---------------------------------
VecNormalize stats saved: /home/runner/work/Disciples2-RL/Disciples2-RL/github_experiments/124/item_train/all_enemies/seed124-item_train-all_enemies-31158637302-1/models/vecnormalize.pkl

Финальная модель сохранена: /home/runner/work/Disciples2-RL/Disciples2-RL/github_experiments/124/item_train/all_enemies/seed124-item_train-all_enemies-31158637302-1/models/final_model.zip

============================================================
ИТОГИ ОБУЧЕНИЯ:
  Побед: 0
  Поражений: 5755
  Таймаутов: 6
  Побед бота столицы над врагами: 0
  Перестановок юнитов: 213239
  Терминальные поражения по противникам:
    enemy_1: 2461 — Король гномов впереди и Арбалетчик позади
    enemy_3: 2301 — Два диких кентавра
    enemy_2: 993 — Оживший доспех
  Winrate: 0.0%
============================================================
  График призывов за эпизод: /home/runner/work/Disciples2-RL/Disciples2-RL/github_experiments/124/item_train/all_enemies/seed124-item_train-all_enemies-31158637302-1/plots/campaign_summoned_units_per_episode.png
  График призывов за всё обучение: /home/runner/work/Disciples2-RL/Disciples2-RL/github_experiments/124/item_train/all_enemies/seed124-item_train-all_enemies-31158637302-1/plots/campaign_summoned_units_cumulative.png
  График найма за эпизод: /home/runner/work/Disciples2-RL/Disciples2-RL/github_experiments/124/item_train/all_enemies/seed124-item_train-all_enemies-31158637302-1/plots/campaign_hired_units_per_episode.png
  График найма за всё обучение: /home/runner/work/Disciples2-RL/Disciples2-RL/github_experiments/124/item_train/all_enemies/seed124-item_train-all_enemies-31158637302-1/plots/campaign_hired_units_cumulative.png
  График перестановок юнитов за эпизод: /home/runner/work/Disciples2-RL/Disciples2-RL/github_experiments/124/item_train/all_enemies/seed124-item_train-all_enemies-31158637302-1/plots/campaign_unit_swaps_per_episode.png
  График боевых предметов: /home/runner/work/Disciples2-RL/Disciples2-RL/github_experiments/124/item_train/all_enemies/seed124-item_train-all_enemies-31158637302-1/plots/campaign_battle_item_activity.png
  График побед бота столицы за эпизод: /home/runner/work/Disciples2-RL/Disciples2-RL/github_experiments/124/item_train/all_enemies/seed124-item_train-all_enemies-31158637302-1/plots/campaign_scripted_bot_victories_per_episode.png
  График применения заклинаний: /home/runner/work/Disciples2-RL/Disciples2-RL/github_experiments/124/item_train/all_enemies/seed124-item_train-all_enemies-31158637302-1/plots/campaign_spell_cast_activity.png
