Проверка среды CampaignEnv...
Среда прошла проверку!
[INFO] Comet disabled, running without experiment tracking
Создание 12 параллельных сред (subproc)...
Инициализация MaskablePPO...
Using cpu device

============================================================
Запуск обучения Campaign Agent
Всего шагов: 1,000,000
Параллельных сред: 12
VecEnv: subproc
VecEnv start method: forkserver
Seed: 134
Checkpoint каждые: 500,000 шагов
Evaluation каждые: 83,334 шагов
Eval deterministic эпизодов: 20
Eval stochastic эпизодов: 0
Eval лимит шагов на эпизод: 5000
Campaign map: default
Campaign objective: dragon
System resources at training start:
  Platform: Linux 6.17.0-1022-azure (x86_64)
  Python: 3.14.7
  PyTorch: 2.13.0+cpu
  Training device: cpu
  CPU model: AMD EPYC 9V74 80-Core Processor
  CPU vendor: AuthenticAMD
  Logical CPUs visible: 4
  Process CPU affinity: 4
  Sockets: 1
  Cores per socket: 2
  Threads per core: 2
  CPU max MHz: unknown
  CPU min MHz: unknown
  L1d cache: 64 KiB (2 instances)
  L1i cache: 64 KiB (2 instances)
  L2 cache: 2 MiB (2 instances)
  L3 cache: 32 MiB (1 instance)
  Virtualization: AMD-V
  Hypervisor: Microsoft
  RAM total: 15.61 GiB
  RAM available at start: 13.85 GiB
  Disk total: 144.26 GiB
  Disk free at start: 75.98 GiB
  Torch intra-op threads: 4
  Torch inter-op threads: 2
  OMP_NUM_THREADS: 4
  MKL_NUM_THREADS: 4
  OPENBLAS_NUM_THREADS: 4
  GitHub runner OS: Linux
  GitHub runner architecture: X64
  GitHub runner environment: github-hosted
PPO n_steps: 2,048
PPO batch_size: 512
PPO n_epochs: 5
PPO learning_rate: 0.0003
PPO clip_range: 0.2
PPO ent_coef: 0.01
PPO gamma: 0.995
PPO gae_lambda: 0.95
PPO target_kl: disabled
PPO gradient batches per rollout: 240
VecCheckNan: disabled
Freeze action layout: enabled
Empire territory: enabled
Torch threads per process: 4
Diagnostics: disabled
Wall-clock training limit: disabled
Run ID: seed134-default-green_dragon-33805730648-1
============================================================

Logging to /home/runner/work/Disciples2-RL/Disciples2-RL/github_experiments/134/default/green_dragon/seed134-default-green_dragon-33805730648-1/tensorboard/MaskablePPO_1
---------------------------------
| rollout/           |          |
|    ep_len_mean     | 1.65e+03 |
|    ep_rew_mean     | 162      |
| time/              |          |
|    fps             | 490      |
|    iterations      | 1        |
|    time_elapsed    | 50       |
|    total_timesteps | 24576    |
---------------------------------
-----------------------------------------
| rollout/                |             |
|    ep_len_mean          | 1.86e+03    |
|    ep_rew_mean          | 147         |
| time/                   |             |
|    fps                  | 462         |
|    iterations           | 2           |
|    time_elapsed         | 106         |
|    total_timesteps      | 49152       |
| train/                  |             |
|    approx_kl            | 0.009161579 |
|    clip_fraction        | 0.0603      |
|    clip_range           | 0.2         |
|    entropy_loss         | -2.24       |
|    explained_variance   | 0.055       |
|    learning_rate        | 0.0003      |
|    loss                 | 0.0283      |
|    n_updates            | 5           |
|    policy_gradient_loss | -0.00549    |
|    value_loss           | 0.188       |
-----------------------------------------
-----------------------------------------
| rollout/                |             |
|    ep_len_mean          | 1.64e+03    |
|    ep_rew_mean          | 115         |
| time/                   |             |
|    fps                  | 462         |
|    iterations           | 3           |
|    time_elapsed         | 159         |
|    total_timesteps      | 73728       |
| train/                  |             |
|    approx_kl            | 0.010207037 |
|    clip_fraction        | 0.084       |
|    clip_range           | 0.2         |
|    entropy_loss         | -2.19       |
|    explained_variance   | 0.395       |
|    learning_rate        | 0.0003      |
|    loss                 | 0.128       |
|    n_updates            | 10          |
|    policy_gradient_loss | -0.00556    |
|    value_loss           | 0.232       |
-----------------------------------------
-----------------------------------------
| rollout/                |             |
|    ep_len_mean          | 1.4e+03     |
|    ep_rew_mean          | 121         |
| time/                   |             |
|    fps                  | 463         |
|    iterations           | 4           |
|    time_elapsed         | 212         |
|    total_timesteps      | 98304       |
| train/                  |             |
|    approx_kl            | 0.008466001 |
|    clip_fraction        | 0.0603      |
|    clip_range           | 0.2         |
|    entropy_loss         | -2.04       |
|    explained_variance   | 0.601       |
|    learning_rate        | 0.0003      |
|    loss                 | 0.142       |
|    n_updates            | 15          |
|    policy_gradient_loss | -0.00472    |
|    value_loss           | 0.344       |
-----------------------------------------
----------------------------------------
| rollout/                |            |
|    ep_len_mean          | 1.32e+03   |
|    ep_rew_mean          | 111        |
| time/                   |            |
|    fps                  | 462        |
|    iterations           | 5          |
|    time_elapsed         | 265        |
|    total_timesteps      | 122880     |
| train/                  |            |
|    approx_kl            | 0.00860481 |
|    clip_fraction        | 0.0716     |
|    clip_range           | 0.2        |
|    entropy_loss         | -1.89      |
|    explained_variance   | 0.77       |
|    learning_rate        | 0.0003     |
|    loss                 | 0.153      |
|    n_updates            | 20         |
|    policy_gradient_loss | -0.00392   |
|    value_loss           | 0.245      |
----------------------------------------
-----------------------------------------
| rollout/                |             |
|    ep_len_mean          | 1.33e+03    |
|    ep_rew_mean          | 97.1        |
| time/                   |             |
|    fps                  | 461         |
|    iterations           | 6           |
|    time_elapsed         | 319         |
|    total_timesteps      | 147456      |
| train/                  |             |
|    approx_kl            | 0.007893982 |
|    clip_fraction        | 0.0564      |
|    clip_range           | 0.2         |
|    entropy_loss         | -1.89       |
|    explained_variance   | 0.797       |
|    learning_rate        | 0.0003      |
|    loss                 | 0.0583      |
|    n_updates            | 25          |
|    policy_gradient_loss | -0.00368    |
|    value_loss           | 0.201       |
-----------------------------------------
-----------------------------------------
| rollout/                |             |
|    ep_len_mean          | 949         |
|    ep_rew_mean          | 96.9        |
| time/                   |             |
|    fps                  | 462         |
|    iterations           | 7           |
|    time_elapsed         | 372         |
|    total_timesteps      | 172032      |
| train/                  |             |
|    approx_kl            | 0.009020263 |
|    clip_fraction        | 0.068       |
|    clip_range           | 0.2         |
|    entropy_loss         | -1.82       |
|    explained_variance   | 0.892       |
|    learning_rate        | 0.0003      |
|    loss                 | 0.0194      |
|    n_updates            | 30          |
|    policy_gradient_loss | -0.00473    |
|    value_loss           | 0.158       |
-----------------------------------------
-----------------------------------------
| rollout/                |             |
|    ep_len_mean          | 1.06e+03    |
|    ep_rew_mean          | 78.2        |
| time/                   |             |
|    fps                  | 460         |
|    iterations           | 8           |
|    time_elapsed         | 426         |
|    total_timesteps      | 196608      |
| train/                  |             |
|    approx_kl            | 0.010129732 |
|    clip_fraction        | 0.0709      |
|    clip_range           | 0.2         |
|    entropy_loss         | -1.95       |
|    explained_variance   | 0.925       |
|    learning_rate        | 0.0003      |
|    loss                 | 0.0202      |
|    n_updates            | 35          |
|    policy_gradient_loss | -0.00367    |
|    value_loss           | 0.172       |
-----------------------------------------
-----------------------------------------
| rollout/                |             |
|    ep_len_mean          | 1.02e+03    |
|    ep_rew_mean          | 72.8        |
| time/                   |             |
|    fps                  | 460         |
|    iterations           | 9           |
|    time_elapsed         | 480         |
|    total_timesteps      | 221184      |
| train/                  |             |
|    approx_kl            | 0.008966827 |
|    clip_fraction        | 0.0726      |
|    clip_range           | 0.2         |
|    entropy_loss         | -1.94       |
|    explained_variance   | 0.934       |
|    learning_rate        | 0.0003      |
|    loss                 | 0.0257      |
|    n_updates            | 40          |
|    policy_gradient_loss | -0.00318    |
|    value_loss           | 0.135       |
-----------------------------------------
------------------------------------------
| rollout/                |              |
|    ep_len_mean          | 862          |
|    ep_rew_mean          | 79.2         |
| time/                   |              |
|    fps                  | 458          |
|    iterations           | 10           |
|    time_elapsed         | 535          |
|    total_timesteps      | 245760       |
| train/                  |              |
|    approx_kl            | 0.0089652855 |
|    clip_fraction        | 0.0742       |
|    clip_range           | 0.2          |
|    entropy_loss         | -2.02        |
|    explained_variance   | 0.941        |
|    learning_rate        | 0.0003       |
|    loss                 | 0.0176       |
|    n_updates            | 45           |
|    policy_gradient_loss | -0.00358     |
|    value_loss           | 0.0928       |
------------------------------------------
-----------------------------------------
| rollout/                |             |
|    ep_len_mean          | 811         |
|    ep_rew_mean          | 84.4        |
| time/                   |             |
|    fps                  | 457         |
|    iterations           | 11          |
|    time_elapsed         | 590         |
|    total_timesteps      | 270336      |
| train/                  |             |
|    approx_kl            | 0.009350198 |
|    clip_fraction        | 0.0945      |
|    clip_range           | 0.2         |
|    entropy_loss         | -2.05       |
|    explained_variance   | 0.954       |
|    learning_rate        | 0.0003      |
|    loss                 | 0.00535     |
|    n_updates            | 50          |
|    policy_gradient_loss | -0.00479    |
|    value_loss           | 0.115       |
-----------------------------------------
-----------------------------------------
| rollout/                |             |
|    ep_len_mean          | 346         |
|    ep_rew_mean          | 115         |
| time/                   |             |
|    fps                  | 456         |
|    iterations           | 12          |
|    time_elapsed         | 646         |
|    total_timesteps      | 294912      |
| train/                  |             |
|    approx_kl            | 0.011899616 |
|    clip_fraction        | 0.116       |
|    clip_range           | 0.2         |
|    entropy_loss         | -2.12       |
|    explained_variance   | 0.959       |
|    learning_rate        | 0.0003      |
|    loss                 | -0.0163     |
|    n_updates            | 55          |
|    policy_gradient_loss | -0.00654    |
|    value_loss           | 0.0632      |
-----------------------------------------
-----------------------------------------
| rollout/                |             |
|    ep_len_mean          | 116         |
|    ep_rew_mean          | 122         |
| time/                   |             |
|    fps                  | 455         |
|    iterations           | 13          |
|    time_elapsed         | 700         |
|    total_timesteps      | 319488      |
| train/                  |             |
|    approx_kl            | 0.011371325 |
|    clip_fraction        | 0.0901      |
|    clip_range           | 0.2         |
|    entropy_loss         | -1.97       |
|    explained_variance   | 0.972       |
|    learning_rate        | 0.0003      |
|    loss                 | 0.0478      |
|    n_updates            | 60          |
|    policy_gradient_loss | -0.00535    |
|    value_loss           | 0.16        |
-----------------------------------------
----------------------------------------
| rollout/                |            |
|    ep_len_mean          | 148        |
|    ep_rew_mean          | 120        |
| time/                   |            |
|    fps                  | 455        |
|    iterations           | 14         |
|    time_elapsed         | 755        |
|    total_timesteps      | 344064     |
| train/                  |            |
|    approx_kl            | 0.00823651 |
|    clip_fraction        | 0.0687     |
|    clip_range           | 0.2        |
|    entropy_loss         | -1.83      |
|    explained_variance   | 0.955      |
|    learning_rate        | 0.0003     |
|    loss                 | 0.091      |
|    n_updates            | 65         |
|    policy_gradient_loss | -0.00672   |
|    value_loss           | 0.231      |
----------------------------------------
----------------------------------------
| rollout/                |            |
|    ep_len_mean          | 71         |
|    ep_rew_mean          | 121        |
| time/                   |            |
|    fps                  | 454        |
|    iterations           | 15         |
|    time_elapsed         | 810        |
|    total_timesteps      | 368640     |
| train/                  |            |
|    approx_kl            | 0.00923299 |
|    clip_fraction        | 0.0774     |
|    clip_range           | 0.2        |
|    entropy_loss         | -1.73      |
|    explained_variance   | 0.977      |
|    learning_rate        | 0.0003     |
|    loss                 | 0.0182     |
|    n_updates            | 70         |
|    policy_gradient_loss | -0.00577   |
|    value_loss           | 0.161      |
----------------------------------------
-----------------------------------------
| rollout/                |             |
|    ep_len_mean          | 69.2        |
|    ep_rew_mean          | 121         |
| time/                   |             |
|    fps                  | 454         |
|    iterations           | 16          |
|    time_elapsed         | 865         |
|    total_timesteps      | 393216      |
| train/                  |             |
|    approx_kl            | 0.009176795 |
|    clip_fraction        | 0.104       |
|    clip_range           | 0.2         |
|    entropy_loss         | -1.58       |
|    explained_variance   | 0.985       |
|    learning_rate        | 0.0003      |
|    loss                 | 0.00782     |
|    n_updates            | 75          |
|    policy_gradient_loss | -0.0077     |
|    value_loss           | 0.0728      |
-----------------------------------------
-----------------------------------------
| rollout/                |             |
|    ep_len_mean          | 69          |
|    ep_rew_mean          | 121         |
| time/                   |             |
|    fps                  | 453         |
|    iterations           | 17          |
|    time_elapsed         | 920         |
|    total_timesteps      | 417792      |
| train/                  |             |
|    approx_kl            | 0.008881724 |
|    clip_fraction        | 0.101       |
|    clip_range           | 0.2         |
|    entropy_loss         | -1.54       |
|    explained_variance   | 0.986       |
|    learning_rate        | 0.0003      |
|    loss                 | 0.000719    |
|    n_updates            | 80          |
|    policy_gradient_loss | -0.00606    |
|    value_loss           | 0.0554      |
-----------------------------------------
----------------------------------------
| rollout/                |            |
|    ep_len_mean          | 64         |
|    ep_rew_mean          | 121        |
| time/                   |            |
|    fps                  | 453        |
|    iterations           | 18         |
|    time_elapsed         | 974        |
|    total_timesteps      | 442368     |
| train/                  |            |
|    approx_kl            | 0.01074024 |
|    clip_fraction        | 0.121      |
|    clip_range           | 0.2        |
|    entropy_loss         | -1.53      |
|    explained_variance   | 0.996      |
|    learning_rate        | 0.0003     |
|    loss                 | -0.0201    |
|    n_updates            | 85         |
|    policy_gradient_loss | -0.0066    |
|    value_loss           | 0.0228     |
----------------------------------------
-----------------------------------------
| rollout/                |             |
|    ep_len_mean          | 61.5        |
|    ep_rew_mean          | 121         |
| time/                   |             |
|    fps                  | 453         |
|    iterations           | 19          |
|    time_elapsed         | 1029        |
|    total_timesteps      | 466944      |
| train/                  |             |
|    approx_kl            | 0.009961403 |
|    clip_fraction        | 0.121       |
|    clip_range           | 0.2         |
|    entropy_loss         | -1.44       |
|    explained_variance   | 0.99        |
|    learning_rate        | 0.0003      |
|    loss                 | -0.0148     |
|    n_updates            | 90          |
|    policy_gradient_loss | -0.00829    |
|    value_loss           | 0.0245      |
-----------------------------------------
-----------------------------------------
| rollout/                |             |
|    ep_len_mean          | 55.9        |
|    ep_rew_mean          | 122         |
| time/                   |             |
|    fps                  | 453         |
|    iterations           | 20          |
|    time_elapsed         | 1083        |
|    total_timesteps      | 491520      |
| train/                  |             |
|    approx_kl            | 0.009021255 |
|    clip_fraction        | 0.104       |
|    clip_range           | 0.2         |
|    entropy_loss         | -1.47       |
|    explained_variance   | 0.994       |
|    learning_rate        | 0.0003      |
|    loss                 | -0.0172     |
|    n_updates            | 95          |
|    policy_gradient_loss | -0.00676    |
|    value_loss           | 0.0221      |
-----------------------------------------
[Checkpoint] Saved at 500000 steps > /home/runner/work/Disciples2-RL/Disciples2-RL/github_experiments/134/default/green_dragon/seed134-default-green_dragon-33805730648-1/checkpoints/campaign_ppo_step_500000.zip
-----------------------------------------
| rollout/                |             |
|    ep_len_mean          | 52.4        |
|    ep_rew_mean          | 121         |
| time/                   |             |
|    fps                  | 453         |
|    iterations           | 21          |
|    time_elapsed         | 1137        |
|    total_timesteps      | 516096      |
| train/                  |             |
|    approx_kl            | 0.009441351 |
|    clip_fraction        | 0.112       |
|    clip_range           | 0.2         |
|    entropy_loss         | -1.41       |
|    explained_variance   | 0.998       |
|    learning_rate        | 0.0003      |
|    loss                 | -0.021      |
|    n_updates            | 100         |
|    policy_gradient_loss | -0.00883    |
|    value_loss           | 0.0137      |
-----------------------------------------
-----------------------------------------
| rollout/                |             |
|    ep_len_mean          | 50.6        |
|    ep_rew_mean          | 121         |
| time/                   |             |
|    fps                  | 454         |
|    iterations           | 22          |
|    time_elapsed         | 1190        |
|    total_timesteps      | 540672      |
| train/                  |             |
|    approx_kl            | 0.009744071 |
|    clip_fraction        | 0.118       |
|    clip_range           | 0.2         |
|    entropy_loss         | -1.14       |
|    explained_variance   | 0.993       |
|    learning_rate        | 0.0003      |
|    loss                 | -0.0194     |
|    n_updates            | 105         |
|    policy_gradient_loss | -0.012      |
|    value_loss           | 0.00944     |
-----------------------------------------
------------------------------------------
| rollout/                |              |
|    ep_len_mean          | 49.6         |
|    ep_rew_mean          | 123          |
| time/                   |              |
|    fps                  | 453          |
|    iterations           | 23           |
|    time_elapsed         | 1245         |
|    total_timesteps      | 565248       |
| train/                  |              |
|    approx_kl            | 0.0097980285 |
|    clip_fraction        | 0.122        |
|    clip_range           | 0.2          |
|    entropy_loss         | -0.96        |
|    explained_variance   | 0.651        |
|    learning_rate        | 0.0003       |
|    loss                 | -0.0234      |
|    n_updates            | 110          |
|    policy_gradient_loss | -0.0167      |
|    value_loss           | 0.00601      |
------------------------------------------
-----------------------------------------
| rollout/                |             |
|    ep_len_mean          | 48.8        |
|    ep_rew_mean          | 124         |
| time/                   |             |
|    fps                  | 453         |
|    iterations           | 24          |
|    time_elapsed         | 1300        |
|    total_timesteps      | 589824      |
| train/                  |             |
|    approx_kl            | 0.008181013 |
|    clip_fraction        | 0.121       |
|    clip_range           | 0.2         |
|    entropy_loss         | -0.839      |
|    explained_variance   | 0.717       |
|    learning_rate        | 0.0003      |
|    loss                 | -0.0224     |
|    n_updates            | 115         |
|    policy_gradient_loss | -0.0195     |
|    value_loss           | 0.00479     |
-----------------------------------------
-----------------------------------------
| rollout/                |             |
|    ep_len_mean          | 48.7        |
|    ep_rew_mean          | 125         |
| time/                   |             |
|    fps                  | 453         |
|    iterations           | 25          |
|    time_elapsed         | 1355        |
|    total_timesteps      | 614400      |
| train/                  |             |
|    approx_kl            | 0.007454204 |
|    clip_fraction        | 0.102       |
|    clip_range           | 0.2         |
|    entropy_loss         | -0.767      |
|    explained_variance   | 0.757       |
|    learning_rate        | 0.0003      |
|    loss                 | -0.0163     |
|    n_updates            | 120         |
|    policy_gradient_loss | -0.0156     |
|    value_loss           | 0.00394     |
-----------------------------------------
-----------------------------------------
| rollout/                |             |
|    ep_len_mean          | 46.9        |
|    ep_rew_mean          | 125         |
| time/                   |             |
|    fps                  | 453         |
|    iterations           | 26          |
|    time_elapsed         | 1408        |
|    total_timesteps      | 638976      |
| train/                  |             |
|    approx_kl            | 0.007595125 |
|    clip_fraction        | 0.0839      |
|    clip_range           | 0.2         |
|    entropy_loss         | -0.719      |
|    explained_variance   | 0.664       |
|    learning_rate        | 0.0003      |
|    loss                 | -0.0136     |
|    n_updates            | 125         |
|    policy_gradient_loss | -0.00974    |
|    value_loss           | 0.00551     |
-----------------------------------------
------------------------------------------
| rollout/                |              |
|    ep_len_mean          | 46.1         |
|    ep_rew_mean          | 125          |
| time/                   |              |
|    fps                  | 453          |
|    iterations           | 27           |
|    time_elapsed         | 1463         |
|    total_timesteps      | 663552       |
| train/                  |              |
|    approx_kl            | 0.0057982323 |
|    clip_fraction        | 0.0752       |
|    clip_range           | 0.2          |
|    entropy_loss         | -0.648       |
|    explained_variance   | 0.746        |
|    learning_rate        | 0.0003       |
|    loss                 | -0.0202      |
|    n_updates            | 130          |
|    policy_gradient_loss | -0.00801     |
|    value_loss           | 0.00455      |
------------------------------------------
------------------------------------------
| rollout/                |              |
|    ep_len_mean          | 48           |
|    ep_rew_mean          | 127          |
| time/                   |              |
|    fps                  | 453          |
|    iterations           | 28           |
|    time_elapsed         | 1517         |
|    total_timesteps      | 688128       |
| train/                  |              |
|    approx_kl            | 0.0052771084 |
|    clip_fraction        | 0.0692       |
|    clip_range           | 0.2          |
|    entropy_loss         | -0.617       |
|    explained_variance   | 0.788        |
|    learning_rate        | 0.0003       |
|    loss                 | -0.0093      |
|    n_updates            | 135          |
|    policy_gradient_loss | -0.00841     |
|    value_loss           | 0.00359      |
------------------------------------------
-----------------------------------------
| rollout/                |             |
|    ep_len_mean          | 47.3        |
|    ep_rew_mean          | 127         |
| time/                   |             |
|    fps                  | 453         |
|    iterations           | 29          |
|    time_elapsed         | 1572        |
|    total_timesteps      | 712704      |
| train/                  |             |
|    approx_kl            | 0.004493657 |
|    clip_fraction        | 0.0615      |
|    clip_range           | 0.2         |
|    entropy_loss         | -0.608      |
|    explained_variance   | 0.698       |
|    learning_rate        | 0.0003      |
|    loss                 | -0.00844    |
|    n_updates            | 140         |
|    policy_gradient_loss | -0.00675    |
|    value_loss           | 0.00567     |
-----------------------------------------
-----------------------------------------
| rollout/                |             |
|    ep_len_mean          | 47.2        |
|    ep_rew_mean          | 128         |
| time/                   |             |
|    fps                  | 453         |
|    iterations           | 30          |
|    time_elapsed         | 1627        |
|    total_timesteps      | 737280      |
| train/                  |             |
|    approx_kl            | 0.004851509 |
|    clip_fraction        | 0.0579      |
|    clip_range           | 0.2         |
|    entropy_loss         | -0.591      |
|    explained_variance   | 0.704       |
|    learning_rate        | 0.0003      |
|    loss                 | -0.0148     |
|    n_updates            | 145         |
|    policy_gradient_loss | -0.00869    |
|    value_loss           | 0.00667     |
-----------------------------------------
------------------------------------------
| rollout/                |              |
|    ep_len_mean          | 57.5         |
|    ep_rew_mean          | 130          |
| time/                   |              |
|    fps                  | 452          |
|    iterations           | 31           |
|    time_elapsed         | 1682         |
|    total_timesteps      | 761856       |
| train/                  |              |
|    approx_kl            | 0.0057491898 |
|    clip_fraction        | 0.0711       |
|    clip_range           | 0.2          |
|    entropy_loss         | -0.668       |
|    explained_variance   | 0.981        |
|    learning_rate        | 0.0003       |
|    loss                 | -0.0195      |
|    n_updates            | 150          |
|    policy_gradient_loss | -0.00615     |
|    value_loss           | 0.0106       |
------------------------------------------
-----------------------------------------
| rollout/                |             |
|    ep_len_mean          | 48.8        |
|    ep_rew_mean          | 130         |
| time/                   |             |
|    fps                  | 451         |
|    iterations           | 32          |
|    time_elapsed         | 1741        |
|    total_timesteps      | 786432      |
| train/                  |             |
|    approx_kl            | 0.005472746 |
|    clip_fraction        | 0.062       |
|    clip_range           | 0.2         |
|    entropy_loss         | -0.81       |
|    explained_variance   | 0.992       |
|    learning_rate        | 0.0003      |
|    loss                 | 0.00378     |
|    n_updates            | 155         |
|    policy_gradient_loss | -0.00461    |
|    value_loss           | 0.0194      |
-----------------------------------------
-----------------------------------------
| rollout/                |             |
|    ep_len_mean          | 49.4        |
|    ep_rew_mean          | 131         |
| time/                   |             |
|    fps                  | 451         |
|    iterations           | 33          |
|    time_elapsed         | 1797        |
|    total_timesteps      | 811008      |
| train/                  |             |
|    approx_kl            | 0.006671623 |
|    clip_fraction        | 0.0663      |
|    clip_range           | 0.2         |
|    entropy_loss         | -0.801      |
|    explained_variance   | 0.997       |
|    learning_rate        | 0.0003      |
|    loss                 | -0.023      |
|    n_updates            | 160         |
|    policy_gradient_loss | -0.00492    |
|    value_loss           | 0.0123      |
-----------------------------------------
-----------------------------------------
| rollout/                |             |
|    ep_len_mean          | 48.6        |
|    ep_rew_mean          | 131         |
| time/                   |             |
|    fps                  | 450         |
|    iterations           | 34          |
|    time_elapsed         | 1853        |
|    total_timesteps      | 835584      |
| train/                  |             |
|    approx_kl            | 0.006333427 |
|    clip_fraction        | 0.0737      |
|    clip_range           | 0.2         |
|    entropy_loss         | -0.647      |
|    explained_variance   | 0.997       |
|    learning_rate        | 0.0003      |
|    loss                 | -0.00554    |
|    n_updates            | 165         |
|    policy_gradient_loss | -0.00679    |
|    value_loss           | 0.00649     |
-----------------------------------------
------------------------------------------
| rollout/                |              |
|    ep_len_mean          | 49.1         |
|    ep_rew_mean          | 132          |
| time/                   |              |
|    fps                  | 450          |
|    iterations           | 35           |
|    time_elapsed         | 1907         |
|    total_timesteps      | 860160       |
| train/                  |              |
|    approx_kl            | 0.0049763178 |
|    clip_fraction        | 0.0549       |
|    clip_range           | 0.2          |
|    entropy_loss         | -0.549       |
|    explained_variance   | 0.995        |
|    learning_rate        | 0.0003       |
|    loss                 | -0.0129      |
|    n_updates            | 170          |
|    policy_gradient_loss | -0.00576     |
|    value_loss           | 0.00526      |
------------------------------------------
------------------------------------------
| rollout/                |              |
|    ep_len_mean          | 49.1         |
|    ep_rew_mean          | 132          |
| time/                   |              |
|    fps                  | 451          |
|    iterations           | 36           |
|    time_elapsed         | 1961         |
|    total_timesteps      | 884736       |
| train/                  |              |
|    approx_kl            | 0.0056157135 |
|    clip_fraction        | 0.0583       |
|    clip_range           | 0.2          |
|    entropy_loss         | -0.44        |
|    explained_variance   | 0.831        |
|    learning_rate        | 0.0003       |
|    loss                 | -0.0118      |
|    n_updates            | 175          |
|    policy_gradient_loss | -0.00578     |
|    value_loss           | 0.00476      |
------------------------------------------
-----------------------------------------
| rollout/                |             |
|    ep_len_mean          | 49.5        |
|    ep_rew_mean          | 133         |
| time/                   |             |
|    fps                  | 451         |
|    iterations           | 37          |
|    time_elapsed         | 2015        |
|    total_timesteps      | 909312      |
| train/                  |             |
|    approx_kl            | 0.004526695 |
|    clip_fraction        | 0.0385      |
|    clip_range           | 0.2         |
|    entropy_loss         | -0.514      |
|    explained_variance   | 0.989       |
|    learning_rate        | 0.0003      |
|    loss                 | 0.000263    |
|    n_updates            | 180         |
|    policy_gradient_loss | -0.00261    |
|    value_loss           | 0.00832     |
-----------------------------------------
------------------------------------------
| rollout/                |              |
|    ep_len_mean          | 50.9         |
|    ep_rew_mean          | 133          |
| time/                   |              |
|    fps                  | 450          |
|    iterations           | 38           |
|    time_elapsed         | 2070         |
|    total_timesteps      | 933888       |
| train/                  |              |
|    approx_kl            | 0.0044272617 |
|    clip_fraction        | 0.0475       |
|    clip_range           | 0.2          |
|    entropy_loss         | -0.665       |
|    explained_variance   | 0.995        |
|    learning_rate        | 0.0003       |
|    loss                 | -0.00034     |
|    n_updates            | 185          |
|    policy_gradient_loss | -0.00347     |
|    value_loss           | 0.0147       |
------------------------------------------
------------------------------------------
| rollout/                |              |
|    ep_len_mean          | 50.4         |
|    ep_rew_mean          | 134          |
| time/                   |              |
|    fps                  | 450          |
|    iterations           | 39           |
|    time_elapsed         | 2126         |
|    total_timesteps      | 958464       |
| train/                  |              |
|    approx_kl            | 0.0047153686 |
|    clip_fraction        | 0.0597       |
|    clip_range           | 0.2          |
|    entropy_loss         | -0.664       |
|    explained_variance   | 0.999        |
|    learning_rate        | 0.0003       |
|    loss                 | -0.011       |
|    n_updates            | 190          |
|    policy_gradient_loss | -0.00483     |
|    value_loss           | 0.00598      |
------------------------------------------
------------------------------------------
| rollout/                |              |
|    ep_len_mean          | 51           |
|    ep_rew_mean          | 134          |
| time/                   |              |
|    fps                  | 450          |
|    iterations           | 40           |
|    time_elapsed         | 2182         |
|    total_timesteps      | 983040       |
| train/                  |              |
|    approx_kl            | 0.0050034267 |
|    clip_fraction        | 0.0362       |
|    clip_range           | 0.2          |
|    entropy_loss         | -0.424       |
|    explained_variance   | 0.985        |
|    learning_rate        | 0.0003       |
|    loss                 | -0.0123      |
|    n_updates            | 195          |
|    policy_gradient_loss | -0.00161     |
|    value_loss           | 0.0099       |
------------------------------------------
[Checkpoint] Saved at 1000000 steps > /home/runner/work/Disciples2-RL/Disciples2-RL/github_experiments/134/default/green_dragon/seed134-default-green_dragon-33805730648-1/checkpoints/campaign_ppo_step_1000000.zip
Eval num_timesteps=1000008, det_reward=137.83 +/- 0.01
Episode length: det=51.40 +/- 0.86
Victory rate: det=100.00%
-------------------------------------------------
| eval/                           |             |
|    deterministic_mean_ep_length | 51.4        |
|    deterministic_mean_reward    | 138         |
|    deterministic_victory_rate   | 1           |
|    mean_ep_length               | 51.4        |
|    mean_reward                  | 138         |
|    victory_rate                 | 1           |
| time/                           |             |
|    total_timesteps              | 1000008     |
| train/                          |             |
|    approx_kl                    | 0.005437182 |
|    clip_fraction                | 0.0453      |
|    clip_range                   | 0.2         |
|    entropy_loss                 | -0.571      |
|    explained_variance           | 0.988       |
|    learning_rate                | 0.0003      |
|    loss                         | -0.00349    |
|    n_updates                    | 200         |
|    policy_gradient_loss         | -0.00346    |
|    value_loss                   | 0.0159      |
-------------------------------------------------
New best model by deterministic victory rate!
---------------------------------
| rollout/           |          |
|    ep_len_mean     | 50.8     |
|    ep_rew_mean     | 135      |
| time/              |          |
|    fps             | 448      |
|    iterations      | 41       |
|    time_elapsed    | 2244     |
|    total_timesteps | 1007616  |
---------------------------------
VecNormalize stats saved: /home/runner/work/Disciples2-RL/Disciples2-RL/github_experiments/134/default/green_dragon/seed134-default-green_dragon-33805730648-1/models/vecnormalize.pkl

Финальная модель сохранена: /home/runner/work/Disciples2-RL/Disciples2-RL/github_experiments/134/default/green_dragon/seed134-default-green_dragon-33805730648-1/models/final_model.zip

============================================================
ИТОГИ ОБУЧЕНИЯ:
  Побед: 12322
  Поражений: 2
  Таймаутов: 45
  Побед бота столицы над врагами: 0
  Перестановок юнитов: 132303
  Терминальные поражения по противникам:
    enemy_75: 2 — Страж столицы Империи: Мизраэль
  Winrate: 99.6%
============================================================
  График призывов за эпизод: /home/runner/work/Disciples2-RL/Disciples2-RL/github_experiments/134/default/green_dragon/seed134-default-green_dragon-33805730648-1/plots/campaign_summoned_units_per_episode.png
  График призывов за всё обучение: /home/runner/work/Disciples2-RL/Disciples2-RL/github_experiments/134/default/green_dragon/seed134-default-green_dragon-33805730648-1/plots/campaign_summoned_units_cumulative.png
  График найма за эпизод: /home/runner/work/Disciples2-RL/Disciples2-RL/github_experiments/134/default/green_dragon/seed134-default-green_dragon-33805730648-1/plots/campaign_hired_units_per_episode.png
  График найма за всё обучение: /home/runner/work/Disciples2-RL/Disciples2-RL/github_experiments/134/default/green_dragon/seed134-default-green_dragon-33805730648-1/plots/campaign_hired_units_cumulative.png
  График перестановок юнитов за эпизод: /home/runner/work/Disciples2-RL/Disciples2-RL/github_experiments/134/default/green_dragon/seed134-default-green_dragon-33805730648-1/plots/campaign_unit_swaps_per_episode.png
  График боевых предметов: /home/runner/work/Disciples2-RL/Disciples2-RL/github_experiments/134/default/green_dragon/seed134-default-green_dragon-33805730648-1/plots/campaign_battle_item_activity.png
  График побед бота столицы за эпизод: /home/runner/work/Disciples2-RL/Disciples2-RL/github_experiments/134/default/green_dragon/seed134-default-green_dragon-33805730648-1/plots/campaign_scripted_bot_victories_per_episode.png
  График применения заклинаний: /home/runner/work/Disciples2-RL/Disciples2-RL/github_experiments/134/default/green_dragon/seed134-default-green_dragon-33805730648-1/plots/campaign_spell_cast_activity.png
