Проверка среды CampaignEnv...
Среда прошла проверку!
[INFO] Comet disabled, running without experiment tracking
Создание 12 параллельных сред (subproc)...
Инициализация MaskablePPO...
Using cpu device

============================================================
Запуск обучения Campaign Agent
Всего шагов: 1,000,000
Параллельных сред: 12
VecEnv: subproc
VecEnv start method: forkserver
Seed: 123
Checkpoint каждые: 500,000 шагов
Evaluation каждые: 83,334 шагов
Eval deterministic эпизодов: 20
Eval stochastic эпизодов: 0
Eval лимит шагов на эпизод: 5000
Campaign map: super_last_stand
Campaign objective: waves
System resources at training start:
  Platform: Linux 6.17.0-1020-azure (x86_64)
  Python: 3.14.6
  PyTorch: 2.13.0+cpu
  Training device: cpu
  CPU model: AMD EPYC 7763 64-Core Processor
  CPU vendor: AuthenticAMD
  Logical CPUs visible: 4
  Process CPU affinity: 4
  Sockets: 1
  Cores per socket: 2
  Threads per core: 2
  CPU max MHz: unknown
  CPU min MHz: unknown
  L1d cache: 64 KiB (2 instances)
  L1i cache: 64 KiB (2 instances)
  L2 cache: 1 MiB (2 instances)
  L3 cache: 32 MiB (1 instance)
  Virtualization: AMD-V
  Hypervisor: Microsoft
  RAM total: 15.61 GiB
  RAM available at start: 13.91 GiB
  Disk total: 144.26 GiB
  Disk free at start: 82.11 GiB
  Torch intra-op threads: 4
  Torch inter-op threads: 2
  OMP_NUM_THREADS: 4
  MKL_NUM_THREADS: 4
  OPENBLAS_NUM_THREADS: 4
  GitHub runner OS: Linux
  GitHub runner architecture: X64
  GitHub runner environment: github-hosted
PPO n_steps: 2,048
PPO batch_size: 512
PPO n_epochs: 5
PPO learning_rate: 0.0003
PPO clip_range: 0.2
PPO ent_coef: 0.01
PPO gamma: 0.995
PPO gae_lambda: 0.95
PPO target_kl: disabled
PPO gradient batches per rollout: 240
VecCheckNan: disabled
Freeze action layout: enabled
Empire territory: enabled
Torch threads per process: 4
Diagnostics: disabled
Wall-clock training limit: disabled
Run ID: seed123-super_last_stand-waves-30804150527-1
============================================================

Logging to /home/runner/work/Disciples2-RL/Disciples2-RL/github_experiments/123/super_last_stand/waves/seed123-super_last_stand-waves-30804150527-1/tensorboard/MaskablePPO_1
---------------------------------
| rollout/           |          |
|    ep_len_mean     | 366      |
|    ep_rew_mean     | 9.8      |
| time/              |          |
|    fps             | 461      |
|    iterations      | 1        |
|    time_elapsed    | 53       |
|    total_timesteps | 24576    |
---------------------------------
-----------------------------------------
| rollout/                |             |
|    ep_len_mean          | 391         |
|    ep_rew_mean          | 12.3        |
| time/                   |             |
|    fps                  | 429         |
|    iterations           | 2           |
|    time_elapsed         | 114         |
|    total_timesteps      | 49152       |
| train/                  |             |
|    approx_kl            | 0.010218327 |
|    clip_fraction        | 0.0849      |
|    clip_range           | 0.2         |
|    entropy_loss         | -2.35       |
|    explained_variance   | 0.0795      |
|    learning_rate        | 0.0003      |
|    loss                 | -0.0188     |
|    n_updates            | 5           |
|    policy_gradient_loss | -0.00979    |
|    value_loss           | 0.0541      |
-----------------------------------------
------------------------------------------
| rollout/                |              |
|    ep_len_mean          | 306          |
|    ep_rew_mean          | 20.7         |
| time/                   |              |
|    fps                  | 415          |
|    iterations           | 3            |
|    time_elapsed         | 177          |
|    total_timesteps      | 73728        |
| train/                  |              |
|    approx_kl            | 0.0097116055 |
|    clip_fraction        | 0.0984       |
|    clip_range           | 0.2          |
|    entropy_loss         | -2.37        |
|    explained_variance   | 0.42         |
|    learning_rate        | 0.0003       |
|    loss                 | -0.0208      |
|    n_updates            | 10           |
|    policy_gradient_loss | -0.0114      |
|    value_loss           | 0.0441       |
------------------------------------------
----------------------------------------
| rollout/                |            |
|    ep_len_mean          | 293        |
|    ep_rew_mean          | 34.5       |
| time/                   |            |
|    fps                  | 410        |
|    iterations           | 4          |
|    time_elapsed         | 239        |
|    total_timesteps      | 98304      |
| train/                  |            |
|    approx_kl            | 0.00961295 |
|    clip_fraction        | 0.0893     |
|    clip_range           | 0.2        |
|    entropy_loss         | -2.36      |
|    explained_variance   | 0.535      |
|    learning_rate        | 0.0003     |
|    loss                 | -0.00345   |
|    n_updates            | 15         |
|    policy_gradient_loss | -0.0121    |
|    value_loss           | 0.0522     |
----------------------------------------
-----------------------------------------
| rollout/                |             |
|    ep_len_mean          | 319         |
|    ep_rew_mean          | 42.3        |
| time/                   |             |
|    fps                  | 408         |
|    iterations           | 5           |
|    time_elapsed         | 301         |
|    total_timesteps      | 122880      |
| train/                  |             |
|    approx_kl            | 0.010408122 |
|    clip_fraction        | 0.108       |
|    clip_range           | 0.2         |
|    entropy_loss         | -2.37       |
|    explained_variance   | 0.572       |
|    learning_rate        | 0.0003      |
|    loss                 | -0.016      |
|    n_updates            | 20          |
|    policy_gradient_loss | -0.0137     |
|    value_loss           | 0.0544      |
-----------------------------------------
-----------------------------------------
| rollout/                |             |
|    ep_len_mean          | 341         |
|    ep_rew_mean          | 54.7        |
| time/                   |             |
|    fps                  | 407         |
|    iterations           | 6           |
|    time_elapsed         | 361         |
|    total_timesteps      | 147456      |
| train/                  |             |
|    approx_kl            | 0.009077045 |
|    clip_fraction        | 0.0886      |
|    clip_range           | 0.2         |
|    entropy_loss         | -2.35       |
|    explained_variance   | 0.689       |
|    learning_rate        | 0.0003      |
|    loss                 | -0.0189     |
|    n_updates            | 25          |
|    policy_gradient_loss | -0.0106     |
|    value_loss           | 0.0516      |
-----------------------------------------
-----------------------------------------
| rollout/                |             |
|    ep_len_mean          | 342         |
|    ep_rew_mean          | 64          |
| time/                   |             |
|    fps                  | 406         |
|    iterations           | 7           |
|    time_elapsed         | 422         |
|    total_timesteps      | 172032      |
| train/                  |             |
|    approx_kl            | 0.009332596 |
|    clip_fraction        | 0.0957      |
|    clip_range           | 0.2         |
|    entropy_loss         | -2.36       |
|    explained_variance   | 0.684       |
|    learning_rate        | 0.0003      |
|    loss                 | -0.00912    |
|    n_updates            | 30          |
|    policy_gradient_loss | -0.0106     |
|    value_loss           | 0.0571      |
-----------------------------------------
-----------------------------------------
| rollout/                |             |
|    ep_len_mean          | 360         |
|    ep_rew_mean          | 78.8        |
| time/                   |             |
|    fps                  | 405         |
|    iterations           | 8           |
|    time_elapsed         | 484         |
|    total_timesteps      | 196608      |
| train/                  |             |
|    approx_kl            | 0.010465372 |
|    clip_fraction        | 0.0829      |
|    clip_range           | 0.2         |
|    entropy_loss         | -2.35       |
|    explained_variance   | 0.756       |
|    learning_rate        | 0.0003      |
|    loss                 | -0.0146     |
|    n_updates            | 35          |
|    policy_gradient_loss | -0.0109     |
|    value_loss           | 0.0493      |
-----------------------------------------
-----------------------------------------
| rollout/                |             |
|    ep_len_mean          | 313         |
|    ep_rew_mean          | 80.2        |
| time/                   |             |
|    fps                  | 404         |
|    iterations           | 9           |
|    time_elapsed         | 546         |
|    total_timesteps      | 221184      |
| train/                  |             |
|    approx_kl            | 0.009628075 |
|    clip_fraction        | 0.0955      |
|    clip_range           | 0.2         |
|    entropy_loss         | -2.33       |
|    explained_variance   | 0.805       |
|    learning_rate        | 0.0003      |
|    loss                 | -0.0169     |
|    n_updates            | 40          |
|    policy_gradient_loss | -0.0117     |
|    value_loss           | 0.0496      |
-----------------------------------------
-----------------------------------------
| rollout/                |             |
|    ep_len_mean          | 335         |
|    ep_rew_mean          | 94.9        |
| time/                   |             |
|    fps                  | 401         |
|    iterations           | 10          |
|    time_elapsed         | 611         |
|    total_timesteps      | 245760      |
| train/                  |             |
|    approx_kl            | 0.009554435 |
|    clip_fraction        | 0.0963      |
|    clip_range           | 0.2         |
|    entropy_loss         | -2.32       |
|    explained_variance   | 0.81        |
|    learning_rate        | 0.0003      |
|    loss                 | -0.0165     |
|    n_updates            | 45          |
|    policy_gradient_loss | -0.0109     |
|    value_loss           | 0.0499      |
-----------------------------------------
-----------------------------------------
| rollout/                |             |
|    ep_len_mean          | 334         |
|    ep_rew_mean          | 99.8        |
| time/                   |             |
|    fps                  | 399         |
|    iterations           | 11          |
|    time_elapsed         | 676         |
|    total_timesteps      | 270336      |
| train/                  |             |
|    approx_kl            | 0.009997824 |
|    clip_fraction        | 0.109       |
|    clip_range           | 0.2         |
|    entropy_loss         | -2.32       |
|    explained_variance   | 0.841       |
|    learning_rate        | 0.0003      |
|    loss                 | -0.029      |
|    n_updates            | 50          |
|    policy_gradient_loss | -0.012      |
|    value_loss           | 0.0487      |
-----------------------------------------
-----------------------------------------
| rollout/                |             |
|    ep_len_mean          | 354         |
|    ep_rew_mean          | 113         |
| time/                   |             |
|    fps                  | 397         |
|    iterations           | 12          |
|    time_elapsed         | 741         |
|    total_timesteps      | 294912      |
| train/                  |             |
|    approx_kl            | 0.010599002 |
|    clip_fraction        | 0.103       |
|    clip_range           | 0.2         |
|    entropy_loss         | -2.29       |
|    explained_variance   | 0.849       |
|    learning_rate        | 0.0003      |
|    loss                 | -0.0179     |
|    n_updates            | 55          |
|    policy_gradient_loss | -0.0115     |
|    value_loss           | 0.0502      |
-----------------------------------------
-----------------------------------------
| rollout/                |             |
|    ep_len_mean          | 359         |
|    ep_rew_mean          | 121         |
| time/                   |             |
|    fps                  | 395         |
|    iterations           | 13          |
|    time_elapsed         | 806         |
|    total_timesteps      | 319488      |
| train/                  |             |
|    approx_kl            | 0.010377134 |
|    clip_fraction        | 0.102       |
|    clip_range           | 0.2         |
|    entropy_loss         | -2.25       |
|    explained_variance   | 0.858       |
|    learning_rate        | 0.0003      |
|    loss                 | -0.0179     |
|    n_updates            | 60          |
|    policy_gradient_loss | -0.0101     |
|    value_loss           | 0.0514      |
-----------------------------------------
-----------------------------------------
| rollout/                |             |
|    ep_len_mean          | 390         |
|    ep_rew_mean          | 136         |
| time/                   |             |
|    fps                  | 395         |
|    iterations           | 14          |
|    time_elapsed         | 869         |
|    total_timesteps      | 344064      |
| train/                  |             |
|    approx_kl            | 0.008898393 |
|    clip_fraction        | 0.0749      |
|    clip_range           | 0.2         |
|    entropy_loss         | -2.22       |
|    explained_variance   | 0.884       |
|    learning_rate        | 0.0003      |
|    loss                 | -0.0083     |
|    n_updates            | 65          |
|    policy_gradient_loss | -0.00868    |
|    value_loss           | 0.0439      |
-----------------------------------------
-----------------------------------------
| rollout/                |             |
|    ep_len_mean          | 379         |
|    ep_rew_mean          | 144         |
| time/                   |             |
|    fps                  | 394         |
|    iterations           | 15          |
|    time_elapsed         | 934         |
|    total_timesteps      | 368640      |
| train/                  |             |
|    approx_kl            | 0.008492056 |
|    clip_fraction        | 0.0778      |
|    clip_range           | 0.2         |
|    entropy_loss         | -2.17       |
|    explained_variance   | 0.883       |
|    learning_rate        | 0.0003      |
|    loss                 | -0.00702    |
|    n_updates            | 70          |
|    policy_gradient_loss | -0.00783    |
|    value_loss           | 0.0455      |
-----------------------------------------
------------------------------------------
| rollout/                |              |
|    ep_len_mean          | 365          |
|    ep_rew_mean          | 148          |
| time/                   |              |
|    fps                  | 394          |
|    iterations           | 16           |
|    time_elapsed         | 997          |
|    total_timesteps      | 393216       |
| train/                  |              |
|    approx_kl            | 0.0100406995 |
|    clip_fraction        | 0.0816       |
|    clip_range           | 0.2          |
|    entropy_loss         | -2.11        |
|    explained_variance   | 0.894        |
|    learning_rate        | 0.0003       |
|    loss                 | -0.0173      |
|    n_updates            | 75           |
|    policy_gradient_loss | -0.00858     |
|    value_loss           | 0.0446       |
------------------------------------------
-----------------------------------------
| rollout/                |             |
|    ep_len_mean          | 346         |
|    ep_rew_mean          | 146         |
| time/                   |             |
|    fps                  | 393         |
|    iterations           | 17          |
|    time_elapsed         | 1060        |
|    total_timesteps      | 417792      |
| train/                  |             |
|    approx_kl            | 0.008961906 |
|    clip_fraction        | 0.0695      |
|    clip_range           | 0.2         |
|    entropy_loss         | -2.06       |
|    explained_variance   | 0.894       |
|    learning_rate        | 0.0003      |
|    loss                 | -0.0087     |
|    n_updates            | 80          |
|    policy_gradient_loss | -0.0064     |
|    value_loss           | 0.0445      |
-----------------------------------------
-----------------------------------------
| rollout/                |             |
|    ep_len_mean          | 360         |
|    ep_rew_mean          | 149         |
| time/                   |             |
|    fps                  | 393         |
|    iterations           | 18          |
|    time_elapsed         | 1124        |
|    total_timesteps      | 442368      |
| train/                  |             |
|    approx_kl            | 0.008367071 |
|    clip_fraction        | 0.0672      |
|    clip_range           | 0.2         |
|    entropy_loss         | -2.05       |
|    explained_variance   | 0.883       |
|    learning_rate        | 0.0003      |
|    loss                 | -0.00698    |
|    n_updates            | 85          |
|    policy_gradient_loss | -0.00712    |
|    value_loss           | 0.053       |
-----------------------------------------
-----------------------------------------
| rollout/                |             |
|    ep_len_mean          | 342         |
|    ep_rew_mean          | 155         |
| time/                   |             |
|    fps                  | 392         |
|    iterations           | 19          |
|    time_elapsed         | 1190        |
|    total_timesteps      | 466944      |
| train/                  |             |
|    approx_kl            | 0.007293936 |
|    clip_fraction        | 0.0549      |
|    clip_range           | 0.2         |
|    entropy_loss         | -2.02       |
|    explained_variance   | 0.908       |
|    learning_rate        | 0.0003      |
|    loss                 | -0.00205    |
|    n_updates            | 90          |
|    policy_gradient_loss | -0.00566    |
|    value_loss           | 0.044       |
-----------------------------------------
------------------------------------------
| rollout/                |              |
|    ep_len_mean          | 326          |
|    ep_rew_mean          | 154          |
| time/                   |              |
|    fps                  | 391          |
|    iterations           | 20           |
|    time_elapsed         | 1255         |
|    total_timesteps      | 491520       |
| train/                  |              |
|    approx_kl            | 0.0074281734 |
|    clip_fraction        | 0.0613       |
|    clip_range           | 0.2          |
|    entropy_loss         | -1.99        |
|    explained_variance   | 0.889        |
|    learning_rate        | 0.0003       |
|    loss                 | -0.00359     |
|    n_updates            | 95           |
|    policy_gradient_loss | -0.0068      |
|    value_loss           | 0.0532       |
------------------------------------------
[Checkpoint] Saved at 500000 steps > /home/runner/work/Disciples2-RL/Disciples2-RL/github_experiments/123/super_last_stand/waves/seed123-super_last_stand-waves-30804150527-1/checkpoints/campaign_ppo_step_500000.zip
-----------------------------------------
| rollout/                |             |
|    ep_len_mean          | 321         |
|    ep_rew_mean          | 157         |
| time/                   |             |
|    fps                  | 390         |
|    iterations           | 21          |
|    time_elapsed         | 1321        |
|    total_timesteps      | 516096      |
| train/                  |             |
|    approx_kl            | 0.007808832 |
|    clip_fraction        | 0.0689      |
|    clip_range           | 0.2         |
|    entropy_loss         | -1.97       |
|    explained_variance   | 0.914       |
|    learning_rate        | 0.0003      |
|    loss                 | -0.0142     |
|    n_updates            | 100         |
|    policy_gradient_loss | -0.00662    |
|    value_loss           | 0.0481      |
-----------------------------------------
------------------------------------------
| rollout/                |              |
|    ep_len_mean          | 337          |
|    ep_rew_mean          | 160          |
| time/                   |              |
|    fps                  | 389          |
|    iterations           | 22           |
|    time_elapsed         | 1389         |
|    total_timesteps      | 540672       |
| train/                  |              |
|    approx_kl            | 0.0070569627 |
|    clip_fraction        | 0.0586       |
|    clip_range           | 0.2          |
|    entropy_loss         | -1.89        |
|    explained_variance   | 0.905        |
|    learning_rate        | 0.0003       |
|    loss                 | -0.00615     |
|    n_updates            | 105          |
|    policy_gradient_loss | -0.00603     |
|    value_loss           | 0.0507       |
------------------------------------------
-----------------------------------------
| rollout/                |             |
|    ep_len_mean          | 332         |
|    ep_rew_mean          | 161         |
| time/                   |             |
|    fps                  | 387         |
|    iterations           | 23          |
|    time_elapsed         | 1458        |
|    total_timesteps      | 565248      |
| train/                  |             |
|    approx_kl            | 0.006835958 |
|    clip_fraction        | 0.0545      |
|    clip_range           | 0.2         |
|    entropy_loss         | -1.92       |
|    explained_variance   | 0.901       |
|    learning_rate        | 0.0003      |
|    loss                 | -0.00463    |
|    n_updates            | 110         |
|    policy_gradient_loss | -0.00535    |
|    value_loss           | 0.0542      |
-----------------------------------------
------------------------------------------
| rollout/                |              |
|    ep_len_mean          | 335          |
|    ep_rew_mean          | 160          |
| time/                   |              |
|    fps                  | 386          |
|    iterations           | 24           |
|    time_elapsed         | 1525         |
|    total_timesteps      | 589824       |
| train/                  |              |
|    approx_kl            | 0.0072834156 |
|    clip_fraction        | 0.0599       |
|    clip_range           | 0.2          |
|    entropy_loss         | -1.87        |
|    explained_variance   | 0.914        |
|    learning_rate        | 0.0003       |
|    loss                 | 0.00331      |
|    n_updates            | 115          |
|    policy_gradient_loss | -0.00598     |
|    value_loss           | 0.0489       |
------------------------------------------
------------------------------------------
| rollout/                |              |
|    ep_len_mean          | 324          |
|    ep_rew_mean          | 158          |
| time/                   |              |
|    fps                  | 385          |
|    iterations           | 25           |
|    time_elapsed         | 1591         |
|    total_timesteps      | 614400       |
| train/                  |              |
|    approx_kl            | 0.0076948977 |
|    clip_fraction        | 0.0687       |
|    clip_range           | 0.2          |
|    entropy_loss         | -1.84        |
|    explained_variance   | 0.917        |
|    learning_rate        | 0.0003       |
|    loss                 | 0.00569      |
|    n_updates            | 120          |
|    policy_gradient_loss | -0.00581     |
|    value_loss           | 0.052        |
------------------------------------------
------------------------------------------
| rollout/                |              |
|    ep_len_mean          | 327          |
|    ep_rew_mean          | 157          |
| time/                   |              |
|    fps                  | 384          |
|    iterations           | 26           |
|    time_elapsed         | 1659         |
|    total_timesteps      | 638976       |
| train/                  |              |
|    approx_kl            | 0.0073263147 |
|    clip_fraction        | 0.066        |
|    clip_range           | 0.2          |
|    entropy_loss         | -1.85        |
|    explained_variance   | 0.911        |
|    learning_rate        | 0.0003       |
|    loss                 | 0.0134       |
|    n_updates            | 125          |
|    policy_gradient_loss | -0.00536     |
|    value_loss           | 0.055        |
------------------------------------------
-----------------------------------------
| rollout/                |             |
|    ep_len_mean          | 332         |
|    ep_rew_mean          | 162         |
| time/                   |             |
|    fps                  | 383         |
|    iterations           | 27          |
|    time_elapsed         | 1728        |
|    total_timesteps      | 663552      |
| train/                  |             |
|    approx_kl            | 0.006712151 |
|    clip_fraction        | 0.0642      |
|    clip_range           | 0.2         |
|    entropy_loss         | -1.84       |
|    explained_variance   | 0.933       |
|    learning_rate        | 0.0003      |
|    loss                 | -0.000178   |
|    n_updates            | 130         |
|    policy_gradient_loss | -0.00567    |
|    value_loss           | 0.0465      |
-----------------------------------------
------------------------------------------
| rollout/                |              |
|    ep_len_mean          | 346          |
|    ep_rew_mean          | 170          |
| time/                   |              |
|    fps                  | 383          |
|    iterations           | 28           |
|    time_elapsed         | 1795         |
|    total_timesteps      | 688128       |
| train/                  |              |
|    approx_kl            | 0.0074578975 |
|    clip_fraction        | 0.0733       |
|    clip_range           | 0.2          |
|    entropy_loss         | -1.83        |
|    explained_variance   | 0.931        |
|    learning_rate        | 0.0003       |
|    loss                 | -0.00838     |
|    n_updates            | 135          |
|    policy_gradient_loss | -0.00613     |
|    value_loss           | 0.0472       |
------------------------------------------
------------------------------------------
| rollout/                |              |
|    ep_len_mean          | 335          |
|    ep_rew_mean          | 164          |
| time/                   |              |
|    fps                  | 382          |
|    iterations           | 29           |
|    time_elapsed         | 1861         |
|    total_timesteps      | 712704       |
| train/                  |              |
|    approx_kl            | 0.0064842156 |
|    clip_fraction        | 0.0588       |
|    clip_range           | 0.2          |
|    entropy_loss         | -1.83        |
|    explained_variance   | 0.943        |
|    learning_rate        | 0.0003       |
|    loss                 | -0.0101      |
|    n_updates            | 140          |
|    policy_gradient_loss | -0.00538     |
|    value_loss           | 0.0377       |
------------------------------------------
------------------------------------------
| rollout/                |              |
|    ep_len_mean          | 335          |
|    ep_rew_mean          | 166          |
| time/                   |              |
|    fps                  | 382          |
|    iterations           | 30           |
|    time_elapsed         | 1927         |
|    total_timesteps      | 737280       |
| train/                  |              |
|    approx_kl            | 0.0070554414 |
|    clip_fraction        | 0.0584       |
|    clip_range           | 0.2          |
|    entropy_loss         | -1.8         |
|    explained_variance   | 0.933        |
|    learning_rate        | 0.0003       |
|    loss                 | -0.00671     |
|    n_updates            | 145          |
|    policy_gradient_loss | -0.00491     |
|    value_loss           | 0.0475       |
------------------------------------------
-----------------------------------------
| rollout/                |             |
|    ep_len_mean          | 347         |
|    ep_rew_mean          | 168         |
| time/                   |             |
|    fps                  | 382         |
|    iterations           | 31          |
|    time_elapsed         | 1991        |
|    total_timesteps      | 761856      |
| train/                  |             |
|    approx_kl            | 0.007589545 |
|    clip_fraction        | 0.0623      |
|    clip_range           | 0.2         |
|    entropy_loss         | -1.8        |
|    explained_variance   | 0.959       |
|    learning_rate        | 0.0003      |
|    loss                 | -0.00612    |
|    n_updates            | 150         |
|    policy_gradient_loss | -0.00574    |
|    value_loss           | 0.0325      |
-----------------------------------------
------------------------------------------
| rollout/                |              |
|    ep_len_mean          | 393          |
|    ep_rew_mean          | 160          |
| time/                   |              |
|    fps                  | 382          |
|    iterations           | 32           |
|    time_elapsed         | 2057         |
|    total_timesteps      | 786432       |
| train/                  |              |
|    approx_kl            | 0.0062489347 |
|    clip_fraction        | 0.0539       |
|    clip_range           | 0.2          |
|    entropy_loss         | -1.78        |
|    explained_variance   | 0.965        |
|    learning_rate        | 0.0003       |
|    loss                 | -0.0179      |
|    n_updates            | 155          |
|    policy_gradient_loss | -0.00521     |
|    value_loss           | 0.0327       |
------------------------------------------
-----------------------------------------
| rollout/                |             |
|    ep_len_mean          | 376         |
|    ep_rew_mean          | 164         |
| time/                   |             |
|    fps                  | 381         |
|    iterations           | 33          |
|    time_elapsed         | 2125        |
|    total_timesteps      | 811008      |
| train/                  |             |
|    approx_kl            | 0.007568384 |
|    clip_fraction        | 0.0639      |
|    clip_range           | 0.2         |
|    entropy_loss         | -1.81       |
|    explained_variance   | 0.958       |
|    learning_rate        | 0.0003      |
|    loss                 | -0.00408    |
|    n_updates            | 160         |
|    policy_gradient_loss | -0.00495    |
|    value_loss           | 0.0368      |
-----------------------------------------
------------------------------------------
| rollout/                |              |
|    ep_len_mean          | 330          |
|    ep_rew_mean          | 166          |
| time/                   |              |
|    fps                  | 381          |
|    iterations           | 34           |
|    time_elapsed         | 2190         |
|    total_timesteps      | 835584       |
| train/                  |              |
|    approx_kl            | 0.0066498225 |
|    clip_fraction        | 0.0678       |
|    clip_range           | 0.2          |
|    entropy_loss         | -1.79        |
|    explained_variance   | 0.942        |
|    learning_rate        | 0.0003       |
|    loss                 | -0.00314     |
|    n_updates            | 165          |
|    policy_gradient_loss | -0.00567     |
|    value_loss           | 0.0438       |
------------------------------------------
-----------------------------------------
| rollout/                |             |
|    ep_len_mean          | 344         |
|    ep_rew_mean          | 169         |
| time/                   |             |
|    fps                  | 381         |
|    iterations           | 35          |
|    time_elapsed         | 2255        |
|    total_timesteps      | 860160      |
| train/                  |             |
|    approx_kl            | 0.007176777 |
|    clip_fraction        | 0.0633      |
|    clip_range           | 0.2         |
|    entropy_loss         | -1.77       |
|    explained_variance   | 0.94        |
|    learning_rate        | 0.0003      |
|    loss                 | -0.0109     |
|    n_updates            | 170         |
|    policy_gradient_loss | -0.00521    |
|    value_loss           | 0.0407      |
-----------------------------------------
------------------------------------------
| rollout/                |              |
|    ep_len_mean          | 355          |
|    ep_rew_mean          | 175          |
| time/                   |              |
|    fps                  | 381          |
|    iterations           | 36           |
|    time_elapsed         | 2320         |
|    total_timesteps      | 884736       |
| train/                  |              |
|    approx_kl            | 0.0062790685 |
|    clip_fraction        | 0.053        |
|    clip_range           | 0.2          |
|    entropy_loss         | -1.82        |
|    explained_variance   | 0.948        |
|    learning_rate        | 0.0003       |
|    loss                 | -0.0105      |
|    n_updates            | 175          |
|    policy_gradient_loss | -0.00447     |
|    value_loss           | 0.0355       |
------------------------------------------
-----------------------------------------
| rollout/                |             |
|    ep_len_mean          | 391         |
|    ep_rew_mean          | 166         |
| time/                   |             |
|    fps                  | 380         |
|    iterations           | 37          |
|    time_elapsed         | 2386        |
|    total_timesteps      | 909312      |
| train/                  |             |
|    approx_kl            | 0.008401036 |
|    clip_fraction        | 0.0858      |
|    clip_range           | 0.2         |
|    entropy_loss         | -1.81       |
|    explained_variance   | 0.954       |
|    learning_rate        | 0.0003      |
|    loss                 | -0.00702    |
|    n_updates            | 180         |
|    policy_gradient_loss | -0.00664    |
|    value_loss           | 0.0336      |
-----------------------------------------
------------------------------------------
| rollout/                |              |
|    ep_len_mean          | 327          |
|    ep_rew_mean          | 168          |
| time/                   |              |
|    fps                  | 380          |
|    iterations           | 38           |
|    time_elapsed         | 2455         |
|    total_timesteps      | 933888       |
| train/                  |              |
|    approx_kl            | 0.0070090163 |
|    clip_fraction        | 0.0578       |
|    clip_range           | 0.2          |
|    entropy_loss         | -1.78        |
|    explained_variance   | 0.939        |
|    learning_rate        | 0.0003       |
|    loss                 | 0.0031       |
|    n_updates            | 185          |
|    policy_gradient_loss | -0.0053      |
|    value_loss           | 0.0414       |
------------------------------------------
------------------------------------------
| rollout/                |              |
|    ep_len_mean          | 329          |
|    ep_rew_mean          | 174          |
| time/                   |              |
|    fps                  | 379          |
|    iterations           | 39           |
|    time_elapsed         | 2523         |
|    total_timesteps      | 958464       |
| train/                  |              |
|    approx_kl            | 0.0077733737 |
|    clip_fraction        | 0.0691       |
|    clip_range           | 0.2          |
|    entropy_loss         | -1.76        |
|    explained_variance   | 0.925        |
|    learning_rate        | 0.0003       |
|    loss                 | -0.00865     |
|    n_updates            | 190          |
|    policy_gradient_loss | -0.00577     |
|    value_loss           | 0.0529       |
------------------------------------------
------------------------------------------
| rollout/                |              |
|    ep_len_mean          | 330          |
|    ep_rew_mean          | 172          |
| time/                   |              |
|    fps                  | 379          |
|    iterations           | 40           |
|    time_elapsed         | 2591         |
|    total_timesteps      | 983040       |
| train/                  |              |
|    approx_kl            | 0.0072620413 |
|    clip_fraction        | 0.0645       |
|    clip_range           | 0.2          |
|    entropy_loss         | -1.76        |
|    explained_variance   | 0.931        |
|    learning_rate        | 0.0003       |
|    loss                 | -0.0117      |
|    n_updates            | 195          |
|    policy_gradient_loss | -0.00534     |
|    value_loss           | 0.0398       |
------------------------------------------
[Checkpoint] Saved at 1000000 steps > /home/runner/work/Disciples2-RL/Disciples2-RL/github_experiments/123/super_last_stand/waves/seed123-super_last_stand-waves-30804150527-1/checkpoints/campaign_ppo_step_1000000.zip
Eval num_timesteps=1000008, det_reward=168.60 +/- 12.32
Episode length: det=246.25 +/- 55.19
Victory rate: det=0.00%
--------------------------------------------------
| eval/                           |              |
|    deterministic_mean_ep_length | 246          |
|    deterministic_mean_reward    | 169          |
|    deterministic_victory_rate   | 0            |
|    mean_ep_length               | 246          |
|    mean_reward                  | 169          |
|    victory_rate                 | 0            |
| time/                           |              |
|    total_timesteps              | 1000008      |
| train/                          |              |
|    approx_kl                    | 0.0068183388 |
|    clip_fraction                | 0.0598       |
|    clip_range                   | 0.2          |
|    entropy_loss                 | -1.76        |
|    explained_variance           | 0.927        |
|    learning_rate                | 0.0003       |
|    loss                         | -0.00374     |
|    n_updates                    | 200          |
|    policy_gradient_loss         | -0.00506     |
|    value_loss                   | 0.0455       |
--------------------------------------------------
New best model by deterministic victory rate!
---------------------------------
| rollout/           |          |
|    ep_len_mean     | 354      |
|    ep_rew_mean     | 174      |
| time/              |          |
|    fps             | 376      |
|    iterations      | 41       |
|    time_elapsed    | 2677     |
|    total_timesteps | 1007616  |
---------------------------------
VecNormalize stats saved: /home/runner/work/Disciples2-RL/Disciples2-RL/github_experiments/123/super_last_stand/waves/seed123-super_last_stand-waves-30804150527-1/models/vecnormalize.pkl

Финальная модель сохранена: /home/runner/work/Disciples2-RL/Disciples2-RL/github_experiments/123/super_last_stand/waves/seed123-super_last_stand-waves-30804150527-1/models/final_model.zip

============================================================
ИТОГИ ОБУЧЕНИЯ:
  Побед: 0
  Поражений: 2913
  Таймаутов: 0
  Побед бота столицы над врагами: 0
  Перестановок юнитов: 167236
  Терминальные поражения по противникам:
    enemy_112: 421 — Волна 4 — «Первая сталь» (~1300); Гномы
    enemy_113: 315 — Волна 5 — «Гвардия героев» (~1650); Люди
    enemy_110: 283 — Волна 4 — «Первая сталь» (~1300); Люди
    enemy_111: 261 — Волна 4 — «Первая сталь» (~1300); Эльфы
    enemy_10: 227 — Гарнизон города тёмных эльфов
    enemy_114: 215 — Волна 5 — «Гвардия героев» (~1650); Эльфы
    enemy_109: 204 — Волна 3 — «Разведка боем» (~1050); Гномы
    enemy_70: 200 — Руины: Тролль, Людоед и Гоблин старейшина
    enemy_2: 152 — Один Мастер оккультист
    enemy_115: 94 — Волна 5 — «Гвардия героев» (~1650); Гномы
    enemy_107: 86 — Волна 3 — «Разведка боем» (~1050); Люди
    enemy_108: 81 — Волна 3 — «Разведка боем» (~1050); Эльфы
    enemy_117: 71 — Волна 6 — «Стальной прилив» (~1850); Эльфы
    enemy_116: 66 — Волна 6 — «Стальной прилив» (~1850); Люди
    enemy_71: 42 — Забытые эльфийские руины: нейтральный грифон, эльфийский оракул, лорд эльфов и эльф-рейнджер
    enemy_119: 29 — Волна 7 — «Цвет трёх народов» (~2100); Люди
    enemy_120: 26 — Волна 7 — «Цвет трёх народов» (~2100); Эльфы
    enemy_106: 23 — Волна 2 — «Регулярные роты» (~770); Гномы
    enemy_104: 19 — Волна 2 — «Регулярные роты» (~770); Люди
    enemy_11: 17 — Гарнизон города сильных варваров
    enemy_3: 16 — Морской змей и Кракен охраняют драгоценность в озере
    enemy_105: 15 — Волна 2 — «Регулярные роты» (~770); Эльфы
    enemy_118: 15 — Волна 6 — «Стальной прилив» (~1850); Гномы
    enemy_121: 9 — Волна 7 — «Цвет трёх народов» (~2100); Гномы
    enemy_103: 6 — Волна 1 — «Первая волна»; Гномы
    enemy_102: 5 — Волна 1 — «Первая волна»; Эльфы
    enemy_1: 4 — Один Орк
    enemy_101: 3 — Волна 1 — «Первая волна»; Люди
    enemy_122: 2 — Волна 8 — «Ярость ветеранов» (~2350); Люди
    enemy_131: 2 — Волна 11 — «Судный час»; Люди
    enemy_125: 1 — Волна 9 — «Предвестники бури» (~2500); Люди
    enemy_128: 1 — Волна 10 — «Канун бури» (~2650); Люди
    enemy_124: 1 — Волна 8 — «Ярость ветеранов» (~2350); Гномы
    enemy_132: 1 — Волна 11 — «Судный час»; Эльфы
  Winrate: 0.0%
============================================================
  График призывов за эпизод: /home/runner/work/Disciples2-RL/Disciples2-RL/github_experiments/123/super_last_stand/waves/seed123-super_last_stand-waves-30804150527-1/plots/campaign_summoned_units_per_episode.png
  График призывов за всё обучение: /home/runner/work/Disciples2-RL/Disciples2-RL/github_experiments/123/super_last_stand/waves/seed123-super_last_stand-waves-30804150527-1/plots/campaign_summoned_units_cumulative.png
  График найма за эпизод: /home/runner/work/Disciples2-RL/Disciples2-RL/github_experiments/123/super_last_stand/waves/seed123-super_last_stand-waves-30804150527-1/plots/campaign_hired_units_per_episode.png
  График найма за всё обучение: /home/runner/work/Disciples2-RL/Disciples2-RL/github_experiments/123/super_last_stand/waves/seed123-super_last_stand-waves-30804150527-1/plots/campaign_hired_units_cumulative.png
  График перестановок юнитов за эпизод: /home/runner/work/Disciples2-RL/Disciples2-RL/github_experiments/123/super_last_stand/waves/seed123-super_last_stand-waves-30804150527-1/plots/campaign_unit_swaps_per_episode.png
  График боевых предметов: /home/runner/work/Disciples2-RL/Disciples2-RL/github_experiments/123/super_last_stand/waves/seed123-super_last_stand-waves-30804150527-1/plots/campaign_battle_item_activity.png
  График побед бота столицы за эпизод: /home/runner/work/Disciples2-RL/Disciples2-RL/github_experiments/123/super_last_stand/waves/seed123-super_last_stand-waves-30804150527-1/plots/campaign_scripted_bot_victories_per_episode.png
  График применения заклинаний: /home/runner/work/Disciples2-RL/Disciples2-RL/github_experiments/123/super_last_stand/waves/seed123-super_last_stand-waves-30804150527-1/plots/campaign_spell_cast_activity.png
