Проверка среды CampaignEnv...
Среда прошла проверку!
[INFO] Comet disabled, running without experiment tracking
Создание 12 параллельных сред (subproc)...
Инициализация MaskablePPO...
Using cpu device

============================================================
Запуск обучения Campaign Agent
Всего шагов: 1,000,000
Параллельных сред: 12
VecEnv: subproc
VecEnv start method: forkserver
Seed: 125
Checkpoint каждые: 500,000 шагов
Evaluation каждые: 83,334 шагов
Eval deterministic эпизодов: 20
Eval stochastic эпизодов: 0
Eval лимит шагов на эпизод: 5000
Campaign map: orc_duel
Campaign objective: orc
System resources at training start:
  Platform: Linux 6.17.0-1020-azure (x86_64)
  Python: 3.14.6
  PyTorch: 2.13.0+cpu
  Training device: cpu
  CPU model: AMD EPYC 9V74 80-Core Processor
  CPU vendor: AuthenticAMD
  Logical CPUs visible: 4
  Process CPU affinity: 4
  Sockets: 1
  Cores per socket: 2
  Threads per core: 2
  CPU max MHz: unknown
  CPU min MHz: unknown
  L1d cache: 64 KiB (2 instances)
  L1i cache: 64 KiB (2 instances)
  L2 cache: 2 MiB (2 instances)
  L3 cache: 32 MiB (1 instance)
  Virtualization: AMD-V
  Hypervisor: Microsoft
  RAM total: 15.61 GiB
  RAM available at start: 13.86 GiB
  Disk total: 144.26 GiB
  Disk free at start: 81.19 GiB
  Torch intra-op threads: 4
  Torch inter-op threads: 2
  OMP_NUM_THREADS: 4
  MKL_NUM_THREADS: 4
  OPENBLAS_NUM_THREADS: 4
  GitHub runner OS: Linux
  GitHub runner architecture: X64
  GitHub runner environment: github-hosted
PPO n_steps: 2,048
PPO batch_size: 512
PPO n_epochs: 5
PPO learning_rate: 0.0003
PPO clip_range: 0.2
PPO ent_coef: 0.01
PPO gamma: 0.995
PPO gae_lambda: 0.95
PPO target_kl: disabled
PPO gradient batches per rollout: 240
VecCheckNan: disabled
Freeze action layout: enabled
Empire territory: enabled
Torch threads per process: 4
Diagnostics: disabled
Wall-clock training limit: disabled
Run ID: seed125-orc_duel-orc-31300758372-1
============================================================

Logging to /home/runner/work/Disciples2-RL/Disciples2-RL/github_experiments/125/orc_duel/orc/seed125-orc_duel-orc-31300758372-1/tensorboard/MaskablePPO_1
---------------------------------
| rollout/           |          |
|    ep_len_mean     | 1.07e+03 |
|    ep_rew_mean     | 96.3     |
| time/              |          |
|    fps             | 712      |
|    iterations      | 1        |
|    time_elapsed    | 34       |
|    total_timesteps | 24576    |
---------------------------------
------------------------------------------
| rollout/                |              |
|    ep_len_mean          | 1.8e+03      |
|    ep_rew_mean          | 63.3         |
| time/                   |              |
|    fps                  | 665          |
|    iterations           | 2            |
|    time_elapsed         | 73           |
|    total_timesteps      | 49152        |
| train/                  |              |
|    approx_kl            | 0.0066388287 |
|    clip_fraction        | 0.0373       |
|    clip_range           | 0.2          |
|    entropy_loss         | -2.25        |
|    explained_variance   | 0.0792       |
|    learning_rate        | 0.0003       |
|    loss                 | 0.216        |
|    n_updates            | 5            |
|    policy_gradient_loss | -0.0038      |
|    value_loss           | 0.496        |
------------------------------------------
----------------------------------------
| rollout/                |            |
|    ep_len_mean          | 1.09e+03   |
|    ep_rew_mean          | 84         |
| time/                   |            |
|    fps                  | 661        |
|    iterations           | 3          |
|    time_elapsed         | 111        |
|    total_timesteps      | 73728      |
| train/                  |            |
|    approx_kl            | 0.00851258 |
|    clip_fraction        | 0.0801     |
|    clip_range           | 0.2        |
|    entropy_loss         | -2.21      |
|    explained_variance   | 0.332      |
|    learning_rate        | 0.0003     |
|    loss                 | 0.276      |
|    n_updates            | 10         |
|    policy_gradient_loss | -0.00452   |
|    value_loss           | 0.526      |
----------------------------------------
-----------------------------------------
| rollout/                |             |
|    ep_len_mean          | 1.09e+03    |
|    ep_rew_mean          | 80.5        |
| time/                   |             |
|    fps                  | 655         |
|    iterations           | 4           |
|    time_elapsed         | 149         |
|    total_timesteps      | 98304       |
| train/                  |             |
|    approx_kl            | 0.011008676 |
|    clip_fraction        | 0.109       |
|    clip_range           | 0.2         |
|    entropy_loss         | -2.17       |
|    explained_variance   | 0.357       |
|    learning_rate        | 0.0003      |
|    loss                 | 0.528       |
|    n_updates            | 15          |
|    policy_gradient_loss | -0.0071     |
|    value_loss           | 1.27        |
-----------------------------------------
-----------------------------------------
| rollout/                |             |
|    ep_len_mean          | 1.26e+03    |
|    ep_rew_mean          | 55          |
| time/                   |             |
|    fps                  | 653         |
|    iterations           | 5           |
|    time_elapsed         | 187         |
|    total_timesteps      | 122880      |
| train/                  |             |
|    approx_kl            | 0.009112067 |
|    clip_fraction        | 0.09        |
|    clip_range           | 0.2         |
|    entropy_loss         | -2.05       |
|    explained_variance   | 0.731       |
|    learning_rate        | 0.0003      |
|    loss                 | 0.00238     |
|    n_updates            | 20          |
|    policy_gradient_loss | -0.00362    |
|    value_loss           | 0.184       |
-----------------------------------------
-----------------------------------------
| rollout/                |             |
|    ep_len_mean          | 797         |
|    ep_rew_mean          | 65.2        |
| time/                   |             |
|    fps                  | 654         |
|    iterations           | 6           |
|    time_elapsed         | 225         |
|    total_timesteps      | 147456      |
| train/                  |             |
|    approx_kl            | 0.010063105 |
|    clip_fraction        | 0.086       |
|    clip_range           | 0.2         |
|    entropy_loss         | -2.09       |
|    explained_variance   | 0.673       |
|    learning_rate        | 0.0003      |
|    loss                 | 0.226       |
|    n_updates            | 25          |
|    policy_gradient_loss | -0.004      |
|    value_loss           | 0.361       |
-----------------------------------------
-----------------------------------------
| rollout/                |             |
|    ep_len_mean          | 170         |
|    ep_rew_mean          | 111         |
| time/                   |             |
|    fps                  | 653         |
|    iterations           | 7           |
|    time_elapsed         | 263         |
|    total_timesteps      | 172032      |
| train/                  |             |
|    approx_kl            | 0.009775805 |
|    clip_fraction        | 0.0859      |
|    clip_range           | 0.2         |
|    entropy_loss         | -2.11       |
|    explained_variance   | 0.57        |
|    learning_rate        | 0.0003      |
|    loss                 | 0.59        |
|    n_updates            | 30          |
|    policy_gradient_loss | -0.00781    |
|    value_loss           | 1.52        |
-----------------------------------------
-----------------------------------------
| rollout/                |             |
|    ep_len_mean          | 210         |
|    ep_rew_mean          | 106         |
| time/                   |             |
|    fps                  | 651         |
|    iterations           | 8           |
|    time_elapsed         | 301         |
|    total_timesteps      | 196608      |
| train/                  |             |
|    approx_kl            | 0.010291953 |
|    clip_fraction        | 0.107       |
|    clip_range           | 0.2         |
|    entropy_loss         | -2.06       |
|    explained_variance   | 0.724       |
|    learning_rate        | 0.0003      |
|    loss                 | 0.555       |
|    n_updates            | 35          |
|    policy_gradient_loss | -0.00841    |
|    value_loss           | 1.39        |
-----------------------------------------
------------------------------------------
| rollout/                |              |
|    ep_len_mean          | 129          |
|    ep_rew_mean          | 111          |
| time/                   |              |
|    fps                  | 653          |
|    iterations           | 9            |
|    time_elapsed         | 338          |
|    total_timesteps      | 221184       |
| train/                  |              |
|    approx_kl            | 0.0108606545 |
|    clip_fraction        | 0.0962       |
|    clip_range           | 0.2          |
|    entropy_loss         | -2           |
|    explained_variance   | 0.803        |
|    learning_rate        | 0.0003       |
|    loss                 | 0.374        |
|    n_updates            | 40           |
|    policy_gradient_loss | -0.00794     |
|    value_loss           | 0.932        |
------------------------------------------
-----------------------------------------
| rollout/                |             |
|    ep_len_mean          | 82          |
|    ep_rew_mean          | 112         |
| time/                   |             |
|    fps                  | 654         |
|    iterations           | 10          |
|    time_elapsed         | 375         |
|    total_timesteps      | 245760      |
| train/                  |             |
|    approx_kl            | 0.010700027 |
|    clip_fraction        | 0.0933      |
|    clip_range           | 0.2         |
|    entropy_loss         | -1.97       |
|    explained_variance   | 0.843       |
|    learning_rate        | 0.0003      |
|    loss                 | 0.321       |
|    n_updates            | 45          |
|    policy_gradient_loss | -0.00819    |
|    value_loss           | 0.843       |
-----------------------------------------
-----------------------------------------
| rollout/                |             |
|    ep_len_mean          | 69.6        |
|    ep_rew_mean          | 112         |
| time/                   |             |
|    fps                  | 657         |
|    iterations           | 11          |
|    time_elapsed         | 411         |
|    total_timesteps      | 270336      |
| train/                  |             |
|    approx_kl            | 0.014772912 |
|    clip_fraction        | 0.168       |
|    clip_range           | 0.2         |
|    entropy_loss         | -1.88       |
|    explained_variance   | 0.913       |
|    learning_rate        | 0.0003      |
|    loss                 | 0.0584      |
|    n_updates            | 50          |
|    policy_gradient_loss | -0.0123     |
|    value_loss           | 0.396       |
-----------------------------------------
-----------------------------------------
| rollout/                |             |
|    ep_len_mean          | 62.1        |
|    ep_rew_mean          | 112         |
| time/                   |             |
|    fps                  | 658         |
|    iterations           | 12          |
|    time_elapsed         | 447         |
|    total_timesteps      | 294912      |
| train/                  |             |
|    approx_kl            | 0.015008745 |
|    clip_fraction        | 0.149       |
|    clip_range           | 0.2         |
|    entropy_loss         | -1.81       |
|    explained_variance   | 0.916       |
|    learning_rate        | 0.0003      |
|    loss                 | 0.0764      |
|    n_updates            | 55          |
|    policy_gradient_loss | -0.0111     |
|    value_loss           | 0.277       |
-----------------------------------------
-----------------------------------------
| rollout/                |             |
|    ep_len_mean          | 53.9        |
|    ep_rew_mean          | 112         |
| time/                   |             |
|    fps                  | 661         |
|    iterations           | 13          |
|    time_elapsed         | 482         |
|    total_timesteps      | 319488      |
| train/                  |             |
|    approx_kl            | 0.013455088 |
|    clip_fraction        | 0.124       |
|    clip_range           | 0.2         |
|    entropy_loss         | -1.72       |
|    explained_variance   | 0.926       |
|    learning_rate        | 0.0003      |
|    loss                 | 0.0613      |
|    n_updates            | 60          |
|    policy_gradient_loss | -0.0092     |
|    value_loss           | 0.192       |
-----------------------------------------
-----------------------------------------
| rollout/                |             |
|    ep_len_mean          | 47.5        |
|    ep_rew_mean          | 112         |
| time/                   |             |
|    fps                  | 660         |
|    iterations           | 14          |
|    time_elapsed         | 520         |
|    total_timesteps      | 344064      |
| train/                  |             |
|    approx_kl            | 0.014360673 |
|    clip_fraction        | 0.146       |
|    clip_range           | 0.2         |
|    entropy_loss         | -1.62       |
|    explained_variance   | 0.937       |
|    learning_rate        | 0.0003      |
|    loss                 | 0.0446      |
|    n_updates            | 65          |
|    policy_gradient_loss | -0.00966    |
|    value_loss           | 0.186       |
-----------------------------------------
-----------------------------------------
| rollout/                |             |
|    ep_len_mean          | 46.6        |
|    ep_rew_mean          | 112         |
| time/                   |             |
|    fps                  | 660         |
|    iterations           | 15          |
|    time_elapsed         | 558         |
|    total_timesteps      | 368640      |
| train/                  |             |
|    approx_kl            | 0.014819953 |
|    clip_fraction        | 0.157       |
|    clip_range           | 0.2         |
|    entropy_loss         | -1.49       |
|    explained_variance   | 0.878       |
|    learning_rate        | 0.0003      |
|    loss                 | 0.00779     |
|    n_updates            | 70          |
|    policy_gradient_loss | -0.011      |
|    value_loss           | 0.0736      |
-----------------------------------------
-----------------------------------------
| rollout/                |             |
|    ep_len_mean          | 44          |
|    ep_rew_mean          | 112         |
| time/                   |             |
|    fps                  | 658         |
|    iterations           | 16          |
|    time_elapsed         | 597         |
|    total_timesteps      | 393216      |
| train/                  |             |
|    approx_kl            | 0.015058498 |
|    clip_fraction        | 0.13        |
|    clip_range           | 0.2         |
|    entropy_loss         | -1.41       |
|    explained_variance   | 0.836       |
|    learning_rate        | 0.0003      |
|    loss                 | -0.00538    |
|    n_updates            | 75          |
|    policy_gradient_loss | -0.00834    |
|    value_loss           | 0.0582      |
-----------------------------------------
-----------------------------------------
| rollout/                |             |
|    ep_len_mean          | 42.8        |
|    ep_rew_mean          | 112         |
| time/                   |             |
|    fps                  | 658         |
|    iterations           | 17          |
|    time_elapsed         | 634         |
|    total_timesteps      | 417792      |
| train/                  |             |
|    approx_kl            | 0.013702071 |
|    clip_fraction        | 0.138       |
|    clip_range           | 0.2         |
|    entropy_loss         | -1.3        |
|    explained_variance   | 0.793       |
|    learning_rate        | 0.0003      |
|    loss                 | -0.0131     |
|    n_updates            | 80          |
|    policy_gradient_loss | -0.00797    |
|    value_loss           | 0.0085      |
-----------------------------------------
-----------------------------------------
| rollout/                |             |
|    ep_len_mean          | 42          |
|    ep_rew_mean          | 112         |
| time/                   |             |
|    fps                  | 657         |
|    iterations           | 18          |
|    time_elapsed         | 672         |
|    total_timesteps      | 442368      |
| train/                  |             |
|    approx_kl            | 0.010408391 |
|    clip_fraction        | 0.116       |
|    clip_range           | 0.2         |
|    entropy_loss         | -1.26       |
|    explained_variance   | 0.908       |
|    learning_rate        | 0.0003      |
|    loss                 | -0.0172     |
|    n_updates            | 85          |
|    policy_gradient_loss | -0.00855    |
|    value_loss           | 0.00651     |
-----------------------------------------
-----------------------------------------
| rollout/                |             |
|    ep_len_mean          | 41.4        |
|    ep_rew_mean          | 112         |
| time/                   |             |
|    fps                  | 655         |
|    iterations           | 19          |
|    time_elapsed         | 711         |
|    total_timesteps      | 466944      |
| train/                  |             |
|    approx_kl            | 0.010014556 |
|    clip_fraction        | 0.116       |
|    clip_range           | 0.2         |
|    entropy_loss         | -1.18       |
|    explained_variance   | 0.955       |
|    learning_rate        | 0.0003      |
|    loss                 | -0.0191     |
|    n_updates            | 90          |
|    policy_gradient_loss | -0.01       |
|    value_loss           | 0.0051      |
-----------------------------------------
-----------------------------------------
| rollout/                |             |
|    ep_len_mean          | 40.4        |
|    ep_rew_mean          | 112         |
| time/                   |             |
|    fps                  | 654         |
|    iterations           | 20          |
|    time_elapsed         | 750         |
|    total_timesteps      | 491520      |
| train/                  |             |
|    approx_kl            | 0.009833041 |
|    clip_fraction        | 0.0933      |
|    clip_range           | 0.2         |
|    entropy_loss         | -1.13       |
|    explained_variance   | 0.967       |
|    learning_rate        | 0.0003      |
|    loss                 | -0.0281     |
|    n_updates            | 95          |
|    policy_gradient_loss | -0.0102     |
|    value_loss           | 0.00422     |
-----------------------------------------
[Checkpoint] Saved at 500000 steps > /home/runner/work/Disciples2-RL/Disciples2-RL/github_experiments/125/orc_duel/orc/seed125-orc_duel-orc-31300758372-1/checkpoints/campaign_ppo_step_500000.zip
-----------------------------------------
| rollout/                |             |
|    ep_len_mean          | 39.9        |
|    ep_rew_mean          | 112         |
| time/                   |             |
|    fps                  | 655         |
|    iterations           | 21          |
|    time_elapsed         | 787         |
|    total_timesteps      | 516096      |
| train/                  |             |
|    approx_kl            | 0.009878361 |
|    clip_fraction        | 0.0827      |
|    clip_range           | 0.2         |
|    entropy_loss         | -1.1        |
|    explained_variance   | 0.972       |
|    learning_rate        | 0.0003      |
|    loss                 | -0.0163     |
|    n_updates            | 100         |
|    policy_gradient_loss | -0.0108     |
|    value_loss           | 0.00346     |
-----------------------------------------
-----------------------------------------
| rollout/                |             |
|    ep_len_mean          | 38.8        |
|    ep_rew_mean          | 112         |
| time/                   |             |
|    fps                  | 655         |
|    iterations           | 22          |
|    time_elapsed         | 824         |
|    total_timesteps      | 540672      |
| train/                  |             |
|    approx_kl            | 0.006788785 |
|    clip_fraction        | 0.102       |
|    clip_range           | 0.2         |
|    entropy_loss         | -1.05       |
|    explained_variance   | 0.977       |
|    learning_rate        | 0.0003      |
|    loss                 | -0.0242     |
|    n_updates            | 105         |
|    policy_gradient_loss | -0.0123     |
|    value_loss           | 0.00283     |
-----------------------------------------
------------------------------------------
| rollout/                |              |
|    ep_len_mean          | 38           |
|    ep_rew_mean          | 112          |
| time/                   |              |
|    fps                  | 655          |
|    iterations           | 23           |
|    time_elapsed         | 862          |
|    total_timesteps      | 565248       |
| train/                  |              |
|    approx_kl            | 0.0065528243 |
|    clip_fraction        | 0.119        |
|    clip_range           | 0.2          |
|    entropy_loss         | -0.999       |
|    explained_variance   | 0.979        |
|    learning_rate        | 0.0003       |
|    loss                 | -0.03        |
|    n_updates            | 110          |
|    policy_gradient_loss | -0.0144      |
|    value_loss           | 0.00245      |
------------------------------------------
------------------------------------------
| rollout/                |              |
|    ep_len_mean          | 36.9         |
|    ep_rew_mean          | 112          |
| time/                   |              |
|    fps                  | 654          |
|    iterations           | 24           |
|    time_elapsed         | 901          |
|    total_timesteps      | 589824       |
| train/                  |              |
|    approx_kl            | 0.0063848305 |
|    clip_fraction        | 0.125        |
|    clip_range           | 0.2          |
|    entropy_loss         | -0.953       |
|    explained_variance   | 0.98         |
|    learning_rate        | 0.0003       |
|    loss                 | -0.0341      |
|    n_updates            | 115          |
|    policy_gradient_loss | -0.0166      |
|    value_loss           | 0.00222      |
------------------------------------------
------------------------------------------
| rollout/                |              |
|    ep_len_mean          | 35.5         |
|    ep_rew_mean          | 112          |
| time/                   |              |
|    fps                  | 653          |
|    iterations           | 25           |
|    time_elapsed         | 940          |
|    total_timesteps      | 614400       |
| train/                  |              |
|    approx_kl            | 0.0069495835 |
|    clip_fraction        | 0.116        |
|    clip_range           | 0.2          |
|    entropy_loss         | -0.878       |
|    explained_variance   | 0.98         |
|    learning_rate        | 0.0003       |
|    loss                 | -0.0237      |
|    n_updates            | 120          |
|    policy_gradient_loss | -0.0181      |
|    value_loss           | 0.00201      |
------------------------------------------
------------------------------------------
| rollout/                |              |
|    ep_len_mean          | 34.7         |
|    ep_rew_mean          | 112          |
| time/                   |              |
|    fps                  | 653          |
|    iterations           | 26           |
|    time_elapsed         | 977          |
|    total_timesteps      | 638976       |
| train/                  |              |
|    approx_kl            | 0.0062050554 |
|    clip_fraction        | 0.115        |
|    clip_range           | 0.2          |
|    entropy_loss         | -0.794       |
|    explained_variance   | 0.981        |
|    learning_rate        | 0.0003       |
|    loss                 | -0.0228      |
|    n_updates            | 125          |
|    policy_gradient_loss | -0.0192      |
|    value_loss           | 0.00176      |
------------------------------------------
------------------------------------------
| rollout/                |              |
|    ep_len_mean          | 33.6         |
|    ep_rew_mean          | 112          |
| time/                   |              |
|    fps                  | 654          |
|    iterations           | 27           |
|    time_elapsed         | 1014         |
|    total_timesteps      | 663552       |
| train/                  |              |
|    approx_kl            | 0.0061786883 |
|    clip_fraction        | 0.115        |
|    clip_range           | 0.2          |
|    entropy_loss         | -0.715       |
|    explained_variance   | 0.982        |
|    learning_rate        | 0.0003       |
|    loss                 | -0.022       |
|    n_updates            | 130          |
|    policy_gradient_loss | -0.0188      |
|    value_loss           | 0.00157      |
------------------------------------------
-----------------------------------------
| rollout/                |             |
|    ep_len_mean          | 33.1        |
|    ep_rew_mean          | 112         |
| time/                   |             |
|    fps                  | 655         |
|    iterations           | 28          |
|    time_elapsed         | 1050        |
|    total_timesteps      | 688128      |
| train/                  |             |
|    approx_kl            | 0.006957574 |
|    clip_fraction        | 0.109       |
|    clip_range           | 0.2         |
|    entropy_loss         | -0.61       |
|    explained_variance   | 0.983       |
|    learning_rate        | 0.0003      |
|    loss                 | -0.0222     |
|    n_updates            | 135         |
|    policy_gradient_loss | -0.0181     |
|    value_loss           | 0.00133     |
-----------------------------------------
------------------------------------------
| rollout/                |              |
|    ep_len_mean          | 31.9         |
|    ep_rew_mean          | 112          |
| time/                   |              |
|    fps                  | 656          |
|    iterations           | 29           |
|    time_elapsed         | 1086         |
|    total_timesteps      | 712704       |
| train/                  |              |
|    approx_kl            | 0.0069393297 |
|    clip_fraction        | 0.0944       |
|    clip_range           | 0.2          |
|    entropy_loss         | -0.519       |
|    explained_variance   | 0.985        |
|    learning_rate        | 0.0003       |
|    loss                 | -0.0263      |
|    n_updates            | 140          |
|    policy_gradient_loss | -0.0165      |
|    value_loss           | 0.00114      |
------------------------------------------
------------------------------------------
| rollout/                |              |
|    ep_len_mean          | 31.1         |
|    ep_rew_mean          | 112          |
| time/                   |              |
|    fps                  | 657          |
|    iterations           | 30           |
|    time_elapsed         | 1121         |
|    total_timesteps      | 737280       |
| train/                  |              |
|    approx_kl            | 0.0052539576 |
|    clip_fraction        | 0.0834       |
|    clip_range           | 0.2          |
|    entropy_loss         | -0.438       |
|    explained_variance   | 0.987        |
|    learning_rate        | 0.0003       |
|    loss                 | -0.0188      |
|    n_updates            | 145          |
|    policy_gradient_loss | -0.0148      |
|    value_loss           | 0.000911     |
------------------------------------------
-----------------------------------------
| rollout/                |             |
|    ep_len_mean          | 30.8        |
|    ep_rew_mean          | 112         |
| time/                   |             |
|    fps                  | 658         |
|    iterations           | 31          |
|    time_elapsed         | 1157        |
|    total_timesteps      | 761856      |
| train/                  |             |
|    approx_kl            | 0.005086599 |
|    clip_fraction        | 0.067       |
|    clip_range           | 0.2         |
|    entropy_loss         | -0.37       |
|    explained_variance   | 0.988       |
|    learning_rate        | 0.0003      |
|    loss                 | -0.0143     |
|    n_updates            | 150         |
|    policy_gradient_loss | -0.0127     |
|    value_loss           | 0.000741    |
-----------------------------------------
------------------------------------------
| rollout/                |              |
|    ep_len_mean          | 30.4         |
|    ep_rew_mean          | 112          |
| time/                   |              |
|    fps                  | 659          |
|    iterations           | 32           |
|    time_elapsed         | 1193         |
|    total_timesteps      | 786432       |
| train/                  |              |
|    approx_kl            | 0.0042194426 |
|    clip_fraction        | 0.053        |
|    clip_range           | 0.2          |
|    entropy_loss         | -0.322       |
|    explained_variance   | 0.991        |
|    learning_rate        | 0.0003       |
|    loss                 | -0.0113      |
|    n_updates            | 155          |
|    policy_gradient_loss | -0.0106      |
|    value_loss           | 0.000647     |
------------------------------------------
------------------------------------------
| rollout/                |              |
|    ep_len_mean          | 30.1         |
|    ep_rew_mean          | 112          |
| time/                   |              |
|    fps                  | 660          |
|    iterations           | 33           |
|    time_elapsed         | 1228         |
|    total_timesteps      | 811008       |
| train/                  |              |
|    approx_kl            | 0.0032253107 |
|    clip_fraction        | 0.0489       |
|    clip_range           | 0.2          |
|    entropy_loss         | -0.28        |
|    explained_variance   | 0.992        |
|    learning_rate        | 0.0003       |
|    loss                 | -0.00832     |
|    n_updates            | 160          |
|    policy_gradient_loss | -0.00979     |
|    value_loss           | 0.000535     |
------------------------------------------
------------------------------------------
| rollout/                |              |
|    ep_len_mean          | 29.8         |
|    ep_rew_mean          | 112          |
| time/                   |              |
|    fps                  | 661          |
|    iterations           | 34           |
|    time_elapsed         | 1263         |
|    total_timesteps      | 835584       |
| train/                  |              |
|    approx_kl            | 0.0028824515 |
|    clip_fraction        | 0.0439       |
|    clip_range           | 0.2          |
|    entropy_loss         | -0.245       |
|    explained_variance   | 0.993        |
|    learning_rate        | 0.0003       |
|    loss                 | -0.0086      |
|    n_updates            | 165          |
|    policy_gradient_loss | -0.00888     |
|    value_loss           | 0.000447     |
------------------------------------------
-----------------------------------------
| rollout/                |             |
|    ep_len_mean          | 29.4        |
|    ep_rew_mean          | 112         |
| time/                   |             |
|    fps                  | 661         |
|    iterations           | 35          |
|    time_elapsed         | 1299        |
|    total_timesteps      | 860160      |
| train/                  |             |
|    approx_kl            | 0.006298331 |
|    clip_fraction        | 0.0323      |
|    clip_range           | 0.2         |
|    entropy_loss         | -0.206      |
|    explained_variance   | 0.993       |
|    learning_rate        | 0.0003      |
|    loss                 | -0.0134     |
|    n_updates            | 170         |
|    policy_gradient_loss | -0.00855    |
|    value_loss           | 0.000431    |
-----------------------------------------
------------------------------------------
| rollout/                |              |
|    ep_len_mean          | 29.4         |
|    ep_rew_mean          | 112          |
| time/                   |              |
|    fps                  | 661          |
|    iterations           | 36           |
|    time_elapsed         | 1336         |
|    total_timesteps      | 884736       |
| train/                  |              |
|    approx_kl            | 0.0014552843 |
|    clip_fraction        | 0.0226       |
|    clip_range           | 0.2          |
|    entropy_loss         | -0.185       |
|    explained_variance   | 0.995        |
|    learning_rate        | 0.0003       |
|    loss                 | -0.0123      |
|    n_updates            | 175          |
|    policy_gradient_loss | -0.00483     |
|    value_loss           | 0.000318     |
------------------------------------------
------------------------------------------
| rollout/                |              |
|    ep_len_mean          | 29.2         |
|    ep_rew_mean          | 112          |
| time/                   |              |
|    fps                  | 661          |
|    iterations           | 37           |
|    time_elapsed         | 1374         |
|    total_timesteps      | 909312       |
| train/                  |              |
|    approx_kl            | 0.0015228671 |
|    clip_fraction        | 0.0223       |
|    clip_range           | 0.2          |
|    entropy_loss         | -0.174       |
|    explained_variance   | 0.996        |
|    learning_rate        | 0.0003       |
|    loss                 | -0.00254     |
|    n_updates            | 180          |
|    policy_gradient_loss | -0.00383     |
|    value_loss           | 0.000293     |
------------------------------------------
------------------------------------------
| rollout/                |              |
|    ep_len_mean          | 29.1         |
|    ep_rew_mean          | 112          |
| time/                   |              |
|    fps                  | 661          |
|    iterations           | 38           |
|    time_elapsed         | 1411         |
|    total_timesteps      | 933888       |
| train/                  |              |
|    approx_kl            | 0.0018321966 |
|    clip_fraction        | 0.0294       |
|    clip_range           | 0.2          |
|    entropy_loss         | -0.166       |
|    explained_variance   | 0.996        |
|    learning_rate        | 0.0003       |
|    loss                 | -0.00706     |
|    n_updates            | 185          |
|    policy_gradient_loss | -0.00489     |
|    value_loss           | 0.000252     |
------------------------------------------
------------------------------------------
| rollout/                |              |
|    ep_len_mean          | 28.9         |
|    ep_rew_mean          | 112          |
| time/                   |              |
|    fps                  | 662          |
|    iterations           | 39           |
|    time_elapsed         | 1447         |
|    total_timesteps      | 958464       |
| train/                  |              |
|    approx_kl            | 0.0021920397 |
|    clip_fraction        | 0.0321       |
|    clip_range           | 0.2          |
|    entropy_loss         | -0.161       |
|    explained_variance   | 0.996        |
|    learning_rate        | 0.0003       |
|    loss                 | -0.0095      |
|    n_updates            | 190          |
|    policy_gradient_loss | -0.00596     |
|    value_loss           | 0.00024      |
------------------------------------------
------------------------------------------
| rollout/                |              |
|    ep_len_mean          | 28.9         |
|    ep_rew_mean          | 112          |
| time/                   |              |
|    fps                  | 662          |
|    iterations           | 40           |
|    time_elapsed         | 1483         |
|    total_timesteps      | 983040       |
| train/                  |              |
|    approx_kl            | 0.0021711548 |
|    clip_fraction        | 0.041        |
|    clip_range           | 0.2          |
|    entropy_loss         | -0.155       |
|    explained_variance   | 0.997        |
|    learning_rate        | 0.0003       |
|    loss                 | -0.0107      |
|    n_updates            | 195          |
|    policy_gradient_loss | -0.0073      |
|    value_loss           | 0.000207     |
------------------------------------------
[Checkpoint] Saved at 1000000 steps > /home/runner/work/Disciples2-RL/Disciples2-RL/github_experiments/125/orc_duel/orc/seed125-orc_duel-orc-31300758372-1/checkpoints/campaign_ppo_step_1000000.zip
Eval num_timesteps=1000008, det_reward=112.20 +/- 0.00
Episode length: det=28.20 +/- 0.40
Victory rate: det=100.00%
-------------------------------------------------
| eval/                           |             |
|    deterministic_mean_ep_length | 28.2        |
|    deterministic_mean_reward    | 112         |
|    deterministic_victory_rate   | 1           |
|    mean_ep_length               | 28.2        |
|    mean_reward                  | 112         |
|    victory_rate                 | 1           |
| time/                           |             |
|    total_timesteps              | 1000008     |
| train/                          |             |
|    approx_kl                    | 0.004816998 |
|    clip_fraction                | 0.0425      |
|    clip_range                   | 0.2         |
|    entropy_loss                 | -0.138      |
|    explained_variance           | 0.997       |
|    learning_rate                | 0.0003      |
|    loss                         | -0.0128     |
|    n_updates                    | 200         |
|    policy_gradient_loss         | -0.00822    |
|    value_loss                   | 0.000203    |
-------------------------------------------------
New best model by deterministic victory rate!
---------------------------------
| rollout/           |          |
|    ep_len_mean     | 28.6     |
|    ep_rew_mean     | 112      |
| time/              |          |
|    fps             | 662      |
|    iterations      | 41       |
|    time_elapsed    | 1521     |
|    total_timesteps | 1007616  |
---------------------------------
VecNormalize stats saved: /home/runner/work/Disciples2-RL/Disciples2-RL/github_experiments/125/orc_duel/orc/seed125-orc_duel-orc-31300758372-1/models/vecnormalize.pkl

Финальная модель сохранена: /home/runner/work/Disciples2-RL/Disciples2-RL/github_experiments/125/orc_duel/orc/seed125-orc_duel-orc-31300758372-1/models/final_model.zip

============================================================
ИТОГИ ОБУЧЕНИЯ:
  Побед: 22085
  Поражений: 0
  Таймаутов: 13
  Побед бота столицы над врагами: 0
  Перестановок юнитов: 130931
  Winrate: 99.9%
============================================================
  График призывов за эпизод: /home/runner/work/Disciples2-RL/Disciples2-RL/github_experiments/125/orc_duel/orc/seed125-orc_duel-orc-31300758372-1/plots/campaign_summoned_units_per_episode.png
  График призывов за всё обучение: /home/runner/work/Disciples2-RL/Disciples2-RL/github_experiments/125/orc_duel/orc/seed125-orc_duel-orc-31300758372-1/plots/campaign_summoned_units_cumulative.png
  График найма за эпизод: /home/runner/work/Disciples2-RL/Disciples2-RL/github_experiments/125/orc_duel/orc/seed125-orc_duel-orc-31300758372-1/plots/campaign_hired_units_per_episode.png
  График найма за всё обучение: /home/runner/work/Disciples2-RL/Disciples2-RL/github_experiments/125/orc_duel/orc/seed125-orc_duel-orc-31300758372-1/plots/campaign_hired_units_cumulative.png
  График перестановок юнитов за эпизод: /home/runner/work/Disciples2-RL/Disciples2-RL/github_experiments/125/orc_duel/orc/seed125-orc_duel-orc-31300758372-1/plots/campaign_unit_swaps_per_episode.png
  График боевых предметов: /home/runner/work/Disciples2-RL/Disciples2-RL/github_experiments/125/orc_duel/orc/seed125-orc_duel-orc-31300758372-1/plots/campaign_battle_item_activity.png
  График побед бота столицы за эпизод: /home/runner/work/Disciples2-RL/Disciples2-RL/github_experiments/125/orc_duel/orc/seed125-orc_duel-orc-31300758372-1/plots/campaign_scripted_bot_victories_per_episode.png
  График применения заклинаний: /home/runner/work/Disciples2-RL/Disciples2-RL/github_experiments/125/orc_duel/orc/seed125-orc_duel-orc-31300758372-1/plots/campaign_spell_cast_activity.png
