Проверка среды CampaignEnv...
Среда прошла проверку!
[INFO] Comet disabled, running without experiment tracking
Создание 12 параллельных сред (subproc)...
Инициализация MaskablePPO...
Using cpu device

============================================================
Запуск обучения Campaign Agent
Всего шагов: 1,000,000
Параллельных сред: 12
VecEnv: subproc
VecEnv start method: forkserver
Seed: 125
Checkpoint каждые: 500,000 шагов
Evaluation каждые: 83,334 шагов
Eval deterministic эпизодов: 20
Eval stochastic эпизодов: 0
Eval лимит шагов на эпизод: 5000
Campaign map: super_last_stand
Campaign objective: waves
System resources at training start:
  Platform: Linux 6.17.0-1020-azure (x86_64)
  Python: 3.14.6
  PyTorch: 2.13.0+cpu
  Training device: cpu
  CPU model: AMD EPYC 9V74 80-Core Processor
  CPU vendor: AuthenticAMD
  Logical CPUs visible: 4
  Process CPU affinity: 4
  Sockets: 1
  Cores per socket: 2
  Threads per core: 2
  CPU max MHz: unknown
  CPU min MHz: unknown
  L1d cache: 64 KiB (2 instances)
  L1i cache: 64 KiB (2 instances)
  L2 cache: 2 MiB (2 instances)
  L3 cache: 32 MiB (1 instance)
  Virtualization: AMD-V
  Hypervisor: Microsoft
  RAM total: 15.61 GiB
  RAM available at start: 13.94 GiB
  Disk total: 144.26 GiB
  Disk free at start: 81.22 GiB
  Torch intra-op threads: 4
  Torch inter-op threads: 2
  OMP_NUM_THREADS: 4
  MKL_NUM_THREADS: 4
  OPENBLAS_NUM_THREADS: 4
  GitHub runner OS: Linux
  GitHub runner architecture: X64
  GitHub runner environment: github-hosted
PPO n_steps: 2,048
PPO batch_size: 512
PPO n_epochs: 5
PPO learning_rate: 0.0003
PPO clip_range: 0.2
PPO ent_coef: 0.01
PPO gamma: 0.995
PPO gae_lambda: 0.95
PPO target_kl: disabled
PPO gradient batches per rollout: 240
VecCheckNan: disabled
Freeze action layout: enabled
Empire territory: enabled
Torch threads per process: 4
Diagnostics: disabled
Wall-clock training limit: disabled
Run ID: seed125-super_last_stand-waves-31294929927-1
============================================================

Logging to /home/runner/work/Disciples2-RL/Disciples2-RL/github_experiments/125/super_last_stand/waves/seed125-super_last_stand-waves-31294929927-1/tensorboard/MaskablePPO_1
---------------------------------
| rollout/           |          |
|    ep_len_mean     | 400      |
|    ep_rew_mean     | 10.2     |
| time/              |          |
|    fps             | 442      |
|    iterations      | 1        |
|    time_elapsed    | 55       |
|    total_timesteps | 24576    |
---------------------------------
-----------------------------------------
| rollout/                |             |
|    ep_len_mean          | 405         |
|    ep_rew_mean          | 10.8        |
| time/                   |             |
|    fps                  | 413         |
|    iterations           | 2           |
|    time_elapsed         | 118         |
|    total_timesteps      | 49152       |
| train/                  |             |
|    approx_kl            | 0.010472208 |
|    clip_fraction        | 0.0867      |
|    clip_range           | 0.2         |
|    entropy_loss         | -2.34       |
|    explained_variance   | 0.0195      |
|    learning_rate        | 0.0003      |
|    loss                 | -0.000571   |
|    n_updates            | 5           |
|    policy_gradient_loss | -0.00973    |
|    value_loss           | 0.0575      |
-----------------------------------------
------------------------------------------
| rollout/                |              |
|    ep_len_mean          | 362          |
|    ep_rew_mean          | 26.4         |
| time/                   |              |
|    fps                  | 408          |
|    iterations           | 3            |
|    time_elapsed         | 180          |
|    total_timesteps      | 73728        |
| train/                  |              |
|    approx_kl            | 0.0105153285 |
|    clip_fraction        | 0.106        |
|    clip_range           | 0.2          |
|    entropy_loss         | -2.36        |
|    explained_variance   | 0.479        |
|    learning_rate        | 0.0003       |
|    loss                 | -0.02        |
|    n_updates            | 10           |
|    policy_gradient_loss | -0.0119      |
|    value_loss           | 0.0438       |
------------------------------------------
-----------------------------------------
| rollout/                |             |
|    ep_len_mean          | 322         |
|    ep_rew_mean          | 33.6        |
| time/                   |             |
|    fps                  | 405         |
|    iterations           | 4           |
|    time_elapsed         | 242         |
|    total_timesteps      | 98304       |
| train/                  |             |
|    approx_kl            | 0.009401985 |
|    clip_fraction        | 0.0813      |
|    clip_range           | 0.2         |
|    entropy_loss         | -2.38       |
|    explained_variance   | 0.606       |
|    learning_rate        | 0.0003      |
|    loss                 | -0.0135     |
|    n_updates            | 15          |
|    policy_gradient_loss | -0.0105     |
|    value_loss           | 0.0497      |
-----------------------------------------
-----------------------------------------
| rollout/                |             |
|    ep_len_mean          | 307         |
|    ep_rew_mean          | 46.3        |
| time/                   |             |
|    fps                  | 404         |
|    iterations           | 5           |
|    time_elapsed         | 303         |
|    total_timesteps      | 122880      |
| train/                  |             |
|    approx_kl            | 0.010156123 |
|    clip_fraction        | 0.0973      |
|    clip_range           | 0.2         |
|    entropy_loss         | -2.35       |
|    explained_variance   | 0.652       |
|    learning_rate        | 0.0003      |
|    loss                 | -0.0175     |
|    n_updates            | 20          |
|    policy_gradient_loss | -0.0117     |
|    value_loss           | 0.0565      |
-----------------------------------------
-----------------------------------------
| rollout/                |             |
|    ep_len_mean          | 325         |
|    ep_rew_mean          | 57.4        |
| time/                   |             |
|    fps                  | 403         |
|    iterations           | 6           |
|    time_elapsed         | 365         |
|    total_timesteps      | 147456      |
| train/                  |             |
|    approx_kl            | 0.008473438 |
|    clip_fraction        | 0.0787      |
|    clip_range           | 0.2         |
|    entropy_loss         | -2.34       |
|    explained_variance   | 0.699       |
|    learning_rate        | 0.0003      |
|    loss                 | -0.00659    |
|    n_updates            | 25          |
|    policy_gradient_loss | -0.0101     |
|    value_loss           | 0.056       |
-----------------------------------------
-----------------------------------------
| rollout/                |             |
|    ep_len_mean          | 359         |
|    ep_rew_mean          | 67.5        |
| time/                   |             |
|    fps                  | 399         |
|    iterations           | 7           |
|    time_elapsed         | 430         |
|    total_timesteps      | 172032      |
| train/                  |             |
|    approx_kl            | 0.009818015 |
|    clip_fraction        | 0.101       |
|    clip_range           | 0.2         |
|    entropy_loss         | -2.36       |
|    explained_variance   | 0.729       |
|    learning_rate        | 0.0003      |
|    loss                 | -0.00152    |
|    n_updates            | 30          |
|    policy_gradient_loss | -0.0125     |
|    value_loss           | 0.0518      |
-----------------------------------------
-----------------------------------------
| rollout/                |             |
|    ep_len_mean          | 379         |
|    ep_rew_mean          | 80          |
| time/                   |             |
|    fps                  | 398         |
|    iterations           | 8           |
|    time_elapsed         | 493         |
|    total_timesteps      | 196608      |
| train/                  |             |
|    approx_kl            | 0.010914986 |
|    clip_fraction        | 0.104       |
|    clip_range           | 0.2         |
|    entropy_loss         | -2.37       |
|    explained_variance   | 0.787       |
|    learning_rate        | 0.0003      |
|    loss                 | -0.0206     |
|    n_updates            | 35          |
|    policy_gradient_loss | -0.0108     |
|    value_loss           | 0.0503      |
-----------------------------------------
-----------------------------------------
| rollout/                |             |
|    ep_len_mean          | 412         |
|    ep_rew_mean          | 97          |
| time/                   |             |
|    fps                  | 397         |
|    iterations           | 9           |
|    time_elapsed         | 556         |
|    total_timesteps      | 221184      |
| train/                  |             |
|    approx_kl            | 0.010120549 |
|    clip_fraction        | 0.102       |
|    clip_range           | 0.2         |
|    entropy_loss         | -2.35       |
|    explained_variance   | 0.817       |
|    learning_rate        | 0.0003      |
|    loss                 | -0.0176     |
|    n_updates            | 40          |
|    policy_gradient_loss | -0.00991    |
|    value_loss           | 0.0508      |
-----------------------------------------
-----------------------------------------
| rollout/                |             |
|    ep_len_mean          | 447         |
|    ep_rew_mean          | 114         |
| time/                   |             |
|    fps                  | 394         |
|    iterations           | 10          |
|    time_elapsed         | 622         |
|    total_timesteps      | 245760      |
| train/                  |             |
|    approx_kl            | 0.009329751 |
|    clip_fraction        | 0.0949      |
|    clip_range           | 0.2         |
|    entropy_loss         | -2.33       |
|    explained_variance   | 0.857       |
|    learning_rate        | 0.0003      |
|    loss                 | -0.02       |
|    n_updates            | 45          |
|    policy_gradient_loss | -0.0107     |
|    value_loss           | 0.0417      |
-----------------------------------------
-----------------------------------------
| rollout/                |             |
|    ep_len_mean          | 446         |
|    ep_rew_mean          | 126         |
| time/                   |             |
|    fps                  | 394         |
|    iterations           | 11          |
|    time_elapsed         | 686         |
|    total_timesteps      | 270336      |
| train/                  |             |
|    approx_kl            | 0.010160965 |
|    clip_fraction        | 0.104       |
|    clip_range           | 0.2         |
|    entropy_loss         | -2.3        |
|    explained_variance   | 0.864       |
|    learning_rate        | 0.0003      |
|    loss                 | -0.0207     |
|    n_updates            | 50          |
|    policy_gradient_loss | -0.0115     |
|    value_loss           | 0.039       |
-----------------------------------------
-----------------------------------------
| rollout/                |             |
|    ep_len_mean          | 404         |
|    ep_rew_mean          | 128         |
| time/                   |             |
|    fps                  | 393         |
|    iterations           | 12          |
|    time_elapsed         | 750         |
|    total_timesteps      | 294912      |
| train/                  |             |
|    approx_kl            | 0.009892046 |
|    clip_fraction        | 0.0979      |
|    clip_range           | 0.2         |
|    entropy_loss         | -2.26       |
|    explained_variance   | 0.888       |
|    learning_rate        | 0.0003      |
|    loss                 | -0.0187     |
|    n_updates            | 55          |
|    policy_gradient_loss | -0.00948    |
|    value_loss           | 0.0424      |
-----------------------------------------
-----------------------------------------
| rollout/                |             |
|    ep_len_mean          | 367         |
|    ep_rew_mean          | 127         |
| time/                   |             |
|    fps                  | 393         |
|    iterations           | 13          |
|    time_elapsed         | 811         |
|    total_timesteps      | 319488      |
| train/                  |             |
|    approx_kl            | 0.009519786 |
|    clip_fraction        | 0.0813      |
|    clip_range           | 0.2         |
|    entropy_loss         | -2.2        |
|    explained_variance   | 0.873       |
|    learning_rate        | 0.0003      |
|    loss                 | -0.00133    |
|    n_updates            | 60          |
|    policy_gradient_loss | -0.00906    |
|    value_loss           | 0.0477      |
-----------------------------------------
-----------------------------------------
| rollout/                |             |
|    ep_len_mean          | 380         |
|    ep_rew_mean          | 136         |
| time/                   |             |
|    fps                  | 394         |
|    iterations           | 14          |
|    time_elapsed         | 873         |
|    total_timesteps      | 344064      |
| train/                  |             |
|    approx_kl            | 0.008793727 |
|    clip_fraction        | 0.0798      |
|    clip_range           | 0.2         |
|    entropy_loss         | -2.19       |
|    explained_variance   | 0.904       |
|    learning_rate        | 0.0003      |
|    loss                 | -0.0138     |
|    n_updates            | 65          |
|    policy_gradient_loss | -0.00804    |
|    value_loss           | 0.042       |
-----------------------------------------
-----------------------------------------
| rollout/                |             |
|    ep_len_mean          | 391         |
|    ep_rew_mean          | 124         |
| time/                   |             |
|    fps                  | 392         |
|    iterations           | 15          |
|    time_elapsed         | 938         |
|    total_timesteps      | 368640      |
| train/                  |             |
|    approx_kl            | 0.010968379 |
|    clip_fraction        | 0.0868      |
|    clip_range           | 0.2         |
|    entropy_loss         | -2.14       |
|    explained_variance   | 0.93        |
|    learning_rate        | 0.0003      |
|    loss                 | -0.00678    |
|    n_updates            | 70          |
|    policy_gradient_loss | -0.00835    |
|    value_loss           | 0.0353      |
-----------------------------------------
-----------------------------------------
| rollout/                |             |
|    ep_len_mean          | 344         |
|    ep_rew_mean          | 141         |
| time/                   |             |
|    fps                  | 392         |
|    iterations           | 16          |
|    time_elapsed         | 1001        |
|    total_timesteps      | 393216      |
| train/                  |             |
|    approx_kl            | 0.008256607 |
|    clip_fraction        | 0.0705      |
|    clip_range           | 0.2         |
|    entropy_loss         | -2.08       |
|    explained_variance   | 0.895       |
|    learning_rate        | 0.0003      |
|    loss                 | -0.00595    |
|    n_updates            | 75          |
|    policy_gradient_loss | -0.0067     |
|    value_loss           | 0.0505      |
-----------------------------------------
-----------------------------------------
| rollout/                |             |
|    ep_len_mean          | 372         |
|    ep_rew_mean          | 150         |
| time/                   |             |
|    fps                  | 392         |
|    iterations           | 17          |
|    time_elapsed         | 1064        |
|    total_timesteps      | 417792      |
| train/                  |             |
|    approx_kl            | 0.007859311 |
|    clip_fraction        | 0.0598      |
|    clip_range           | 0.2         |
|    entropy_loss         | -2.02       |
|    explained_variance   | 0.924       |
|    learning_rate        | 0.0003      |
|    loss                 | -0.0102     |
|    n_updates            | 80          |
|    policy_gradient_loss | -0.00682    |
|    value_loss           | 0.0373      |
-----------------------------------------
-----------------------------------------
| rollout/                |             |
|    ep_len_mean          | 371         |
|    ep_rew_mean          | 155         |
| time/                   |             |
|    fps                  | 392         |
|    iterations           | 18          |
|    time_elapsed         | 1126        |
|    total_timesteps      | 442368      |
| train/                  |             |
|    approx_kl            | 0.007899338 |
|    clip_fraction        | 0.0567      |
|    clip_range           | 0.2         |
|    entropy_loss         | -2.01       |
|    explained_variance   | 0.944       |
|    learning_rate        | 0.0003      |
|    loss                 | -0.00425    |
|    n_updates            | 85          |
|    policy_gradient_loss | -0.00531    |
|    value_loss           | 0.0335      |
-----------------------------------------
-----------------------------------------
| rollout/                |             |
|    ep_len_mean          | 391         |
|    ep_rew_mean          | 141         |
| time/                   |             |
|    fps                  | 393         |
|    iterations           | 19          |
|    time_elapsed         | 1187        |
|    total_timesteps      | 466944      |
| train/                  |             |
|    approx_kl            | 0.012158212 |
|    clip_fraction        | 0.0724      |
|    clip_range           | 0.2         |
|    entropy_loss         | -1.97       |
|    explained_variance   | 0.941       |
|    learning_rate        | 0.0003      |
|    loss                 | -0.0282     |
|    n_updates            | 90          |
|    policy_gradient_loss | -0.00721    |
|    value_loss           | 0.0382      |
-----------------------------------------
-----------------------------------------
| rollout/                |             |
|    ep_len_mean          | 379         |
|    ep_rew_mean          | 143         |
| time/                   |             |
|    fps                  | 391         |
|    iterations           | 20          |
|    time_elapsed         | 1254        |
|    total_timesteps      | 491520      |
| train/                  |             |
|    approx_kl            | 0.007860738 |
|    clip_fraction        | 0.0658      |
|    clip_range           | 0.2         |
|    entropy_loss         | -1.96       |
|    explained_variance   | 0.933       |
|    learning_rate        | 0.0003      |
|    loss                 | -0.0116     |
|    n_updates            | 95          |
|    policy_gradient_loss | -0.00607    |
|    value_loss           | 0.0424      |
-----------------------------------------
[Checkpoint] Saved at 500000 steps > /home/runner/work/Disciples2-RL/Disciples2-RL/github_experiments/125/super_last_stand/waves/seed125-super_last_stand-waves-31294929927-1/checkpoints/campaign_ppo_step_500000.zip
------------------------------------------
| rollout/                |              |
|    ep_len_mean          | 336          |
|    ep_rew_mean          | 153          |
| time/                   |              |
|    fps                  | 391          |
|    iterations           | 21           |
|    time_elapsed         | 1319         |
|    total_timesteps      | 516096       |
| train/                  |              |
|    approx_kl            | 0.0069026947 |
|    clip_fraction        | 0.0605       |
|    clip_range           | 0.2          |
|    entropy_loss         | -1.92        |
|    explained_variance   | 0.941        |
|    learning_rate        | 0.0003       |
|    loss                 | -0.00648     |
|    n_updates            | 100          |
|    policy_gradient_loss | -0.00531     |
|    value_loss           | 0.0329       |
------------------------------------------
-----------------------------------------
| rollout/                |             |
|    ep_len_mean          | 359         |
|    ep_rew_mean          | 158         |
| time/                   |             |
|    fps                  | 390         |
|    iterations           | 22          |
|    time_elapsed         | 1384        |
|    total_timesteps      | 540672      |
| train/                  |             |
|    approx_kl            | 0.008534058 |
|    clip_fraction        | 0.0722      |
|    clip_range           | 0.2         |
|    entropy_loss         | -1.9        |
|    explained_variance   | 0.938       |
|    learning_rate        | 0.0003      |
|    loss                 | -0.0194     |
|    n_updates            | 105         |
|    policy_gradient_loss | -0.00673    |
|    value_loss           | 0.0335      |
-----------------------------------------
----------------------------------------
| rollout/                |            |
|    ep_len_mean          | 337        |
|    ep_rew_mean          | 154        |
| time/                   |            |
|    fps                  | 389        |
|    iterations           | 23         |
|    time_elapsed         | 1451       |
|    total_timesteps      | 565248     |
| train/                  |            |
|    approx_kl            | 0.00723378 |
|    clip_fraction        | 0.0637     |
|    clip_range           | 0.2        |
|    entropy_loss         | -1.89      |
|    explained_variance   | 0.951      |
|    learning_rate        | 0.0003     |
|    loss                 | -0.0127    |
|    n_updates            | 110        |
|    policy_gradient_loss | -0.0061    |
|    value_loss           | 0.0353     |
----------------------------------------
-----------------------------------------
| rollout/                |             |
|    ep_len_mean          | 385         |
|    ep_rew_mean          | 153         |
| time/                   |             |
|    fps                  | 387         |
|    iterations           | 24          |
|    time_elapsed         | 1521        |
|    total_timesteps      | 589824      |
| train/                  |             |
|    approx_kl            | 0.007829727 |
|    clip_fraction        | 0.0576      |
|    clip_range           | 0.2         |
|    entropy_loss         | -1.88       |
|    explained_variance   | 0.959       |
|    learning_rate        | 0.0003      |
|    loss                 | -0.0102     |
|    n_updates            | 115         |
|    policy_gradient_loss | -0.00581    |
|    value_loss           | 0.0325      |
-----------------------------------------
-----------------------------------------
| rollout/                |             |
|    ep_len_mean          | 331         |
|    ep_rew_mean          | 161         |
| time/                   |             |
|    fps                  | 387         |
|    iterations           | 25          |
|    time_elapsed         | 1585        |
|    total_timesteps      | 614400      |
| train/                  |             |
|    approx_kl            | 0.006930603 |
|    clip_fraction        | 0.059       |
|    clip_range           | 0.2         |
|    entropy_loss         | -1.86       |
|    explained_variance   | 0.942       |
|    learning_rate        | 0.0003      |
|    loss                 | -0.00208    |
|    n_updates            | 120         |
|    policy_gradient_loss | -0.00572    |
|    value_loss           | 0.0368      |
-----------------------------------------
-----------------------------------------
| rollout/                |             |
|    ep_len_mean          | 325         |
|    ep_rew_mean          | 155         |
| time/                   |             |
|    fps                  | 387         |
|    iterations           | 26          |
|    time_elapsed         | 1650        |
|    total_timesteps      | 638976      |
| train/                  |             |
|    approx_kl            | 0.006793044 |
|    clip_fraction        | 0.0621      |
|    clip_range           | 0.2         |
|    entropy_loss         | -1.85       |
|    explained_variance   | 0.93        |
|    learning_rate        | 0.0003      |
|    loss                 | -0.00869    |
|    n_updates            | 125         |
|    policy_gradient_loss | -0.00485    |
|    value_loss           | 0.0402      |
-----------------------------------------
-----------------------------------------
| rollout/                |             |
|    ep_len_mean          | 349         |
|    ep_rew_mean          | 157         |
| time/                   |             |
|    fps                  | 387         |
|    iterations           | 27          |
|    time_elapsed         | 1713        |
|    total_timesteps      | 663552      |
| train/                  |             |
|    approx_kl            | 0.007000001 |
|    clip_fraction        | 0.0639      |
|    clip_range           | 0.2         |
|    entropy_loss         | -1.84       |
|    explained_variance   | 0.937       |
|    learning_rate        | 0.0003      |
|    loss                 | -0.00737    |
|    n_updates            | 130         |
|    policy_gradient_loss | -0.0058     |
|    value_loss           | 0.0377      |
-----------------------------------------
-----------------------------------------
| rollout/                |             |
|    ep_len_mean          | 339         |
|    ep_rew_mean          | 163         |
| time/                   |             |
|    fps                  | 387         |
|    iterations           | 28          |
|    time_elapsed         | 1776        |
|    total_timesteps      | 688128      |
| train/                  |             |
|    approx_kl            | 0.007103948 |
|    clip_fraction        | 0.0644      |
|    clip_range           | 0.2         |
|    entropy_loss         | -1.84       |
|    explained_variance   | 0.924       |
|    learning_rate        | 0.0003      |
|    loss                 | -0.00849    |
|    n_updates            | 135         |
|    policy_gradient_loss | -0.00573    |
|    value_loss           | 0.0418      |
-----------------------------------------
------------------------------------------
| rollout/                |              |
|    ep_len_mean          | 329          |
|    ep_rew_mean          | 167          |
| time/                   |              |
|    fps                  | 386          |
|    iterations           | 29           |
|    time_elapsed         | 1841         |
|    total_timesteps      | 712704       |
| train/                  |              |
|    approx_kl            | 0.0066602104 |
|    clip_fraction        | 0.0536       |
|    clip_range           | 0.2          |
|    entropy_loss         | -1.81        |
|    explained_variance   | 0.929        |
|    learning_rate        | 0.0003       |
|    loss                 | -0.00455     |
|    n_updates            | 140          |
|    policy_gradient_loss | -0.00513     |
|    value_loss           | 0.0361       |
------------------------------------------
------------------------------------------
| rollout/                |              |
|    ep_len_mean          | 339          |
|    ep_rew_mean          | 171          |
| time/                   |              |
|    fps                  | 386          |
|    iterations           | 30           |
|    time_elapsed         | 1906         |
|    total_timesteps      | 737280       |
| train/                  |              |
|    approx_kl            | 0.0071448837 |
|    clip_fraction        | 0.0617       |
|    clip_range           | 0.2          |
|    entropy_loss         | -1.78        |
|    explained_variance   | 0.947        |
|    learning_rate        | 0.0003       |
|    loss                 | -0.0123      |
|    n_updates            | 145          |
|    policy_gradient_loss | -0.00557     |
|    value_loss           | 0.0284       |
------------------------------------------
------------------------------------------
| rollout/                |              |
|    ep_len_mean          | 319          |
|    ep_rew_mean          | 159          |
| time/                   |              |
|    fps                  | 386          |
|    iterations           | 31           |
|    time_elapsed         | 1968         |
|    total_timesteps      | 761856       |
| train/                  |              |
|    approx_kl            | 0.0062277387 |
|    clip_fraction        | 0.0522       |
|    clip_range           | 0.2          |
|    entropy_loss         | -1.77        |
|    explained_variance   | 0.947        |
|    learning_rate        | 0.0003       |
|    loss                 | -0.0163      |
|    n_updates            | 150          |
|    policy_gradient_loss | -0.0049      |
|    value_loss           | 0.0298       |
------------------------------------------
-----------------------------------------
| rollout/                |             |
|    ep_len_mean          | 320         |
|    ep_rew_mean          | 160         |
| time/                   |             |
|    fps                  | 387         |
|    iterations           | 32          |
|    time_elapsed         | 2030        |
|    total_timesteps      | 786432      |
| train/                  |             |
|    approx_kl            | 0.007046805 |
|    clip_fraction        | 0.0638      |
|    clip_range           | 0.2         |
|    entropy_loss         | -1.79       |
|    explained_variance   | 0.947       |
|    learning_rate        | 0.0003      |
|    loss                 | -0.0108     |
|    n_updates            | 155         |
|    policy_gradient_loss | -0.00534    |
|    value_loss           | 0.0378      |
-----------------------------------------
-----------------------------------------
| rollout/                |             |
|    ep_len_mean          | 378         |
|    ep_rew_mean          | 159         |
| time/                   |             |
|    fps                  | 387         |
|    iterations           | 33          |
|    time_elapsed         | 2093        |
|    total_timesteps      | 811008      |
| train/                  |             |
|    approx_kl            | 0.007219987 |
|    clip_fraction        | 0.0582      |
|    clip_range           | 0.2         |
|    entropy_loss         | -1.78       |
|    explained_variance   | 0.958       |
|    learning_rate        | 0.0003      |
|    loss                 | -0.0175     |
|    n_updates            | 160         |
|    policy_gradient_loss | -0.00495    |
|    value_loss           | 0.0281      |
-----------------------------------------
-----------------------------------------
| rollout/                |             |
|    ep_len_mean          | 317         |
|    ep_rew_mean          | 167         |
| time/                   |             |
|    fps                  | 387         |
|    iterations           | 34          |
|    time_elapsed         | 2155        |
|    total_timesteps      | 835584      |
| train/                  |             |
|    approx_kl            | 0.006869428 |
|    clip_fraction        | 0.0491      |
|    clip_range           | 0.2         |
|    entropy_loss         | -1.73       |
|    explained_variance   | 0.95        |
|    learning_rate        | 0.0003      |
|    loss                 | -0.00476    |
|    n_updates            | 165         |
|    policy_gradient_loss | -0.00523    |
|    value_loss           | 0.031       |
-----------------------------------------
-----------------------------------------
| rollout/                |             |
|    ep_len_mean          | 330         |
|    ep_rew_mean          | 169         |
| time/                   |             |
|    fps                  | 387         |
|    iterations           | 35          |
|    time_elapsed         | 2217        |
|    total_timesteps      | 860160      |
| train/                  |             |
|    approx_kl            | 0.006563263 |
|    clip_fraction        | 0.0544      |
|    clip_range           | 0.2         |
|    entropy_loss         | -1.73       |
|    explained_variance   | 0.96        |
|    learning_rate        | 0.0003      |
|    loss                 | -0.0103     |
|    n_updates            | 170         |
|    policy_gradient_loss | -0.00488    |
|    value_loss           | 0.0306      |
-----------------------------------------
------------------------------------------
| rollout/                |              |
|    ep_len_mean          | 396          |
|    ep_rew_mean          | 169          |
| time/                   |              |
|    fps                  | 387          |
|    iterations           | 36           |
|    time_elapsed         | 2281         |
|    total_timesteps      | 884736       |
| train/                  |              |
|    approx_kl            | 0.0068270327 |
|    clip_fraction        | 0.0543       |
|    clip_range           | 0.2          |
|    entropy_loss         | -1.74        |
|    explained_variance   | 0.969        |
|    learning_rate        | 0.0003       |
|    loss                 | -0.0114      |
|    n_updates            | 175          |
|    policy_gradient_loss | -0.00518     |
|    value_loss           | 0.0268       |
------------------------------------------
-----------------------------------------
| rollout/                |             |
|    ep_len_mean          | 330         |
|    ep_rew_mean          | 166         |
| time/                   |             |
|    fps                  | 387         |
|    iterations           | 37          |
|    time_elapsed         | 2344        |
|    total_timesteps      | 909312      |
| train/                  |             |
|    approx_kl            | 0.007768253 |
|    clip_fraction        | 0.0548      |
|    clip_range           | 0.2         |
|    entropy_loss         | -1.74       |
|    explained_variance   | 0.954       |
|    learning_rate        | 0.0003      |
|    loss                 | -0.0118     |
|    n_updates            | 180         |
|    policy_gradient_loss | -0.00483    |
|    value_loss           | 0.0285      |
-----------------------------------------
-----------------------------------------
| rollout/                |             |
|    ep_len_mean          | 322         |
|    ep_rew_mean          | 162         |
| time/                   |             |
|    fps                  | 387         |
|    iterations           | 38          |
|    time_elapsed         | 2408        |
|    total_timesteps      | 933888      |
| train/                  |             |
|    approx_kl            | 0.008374143 |
|    clip_fraction        | 0.0667      |
|    clip_range           | 0.2         |
|    entropy_loss         | -1.71       |
|    explained_variance   | 0.935       |
|    learning_rate        | 0.0003      |
|    loss                 | 0.000722    |
|    n_updates            | 185         |
|    policy_gradient_loss | -0.00564    |
|    value_loss           | 0.0361      |
-----------------------------------------
------------------------------------------
| rollout/                |              |
|    ep_len_mean          | 314          |
|    ep_rew_mean          | 166          |
| time/                   |              |
|    fps                  | 387          |
|    iterations           | 39           |
|    time_elapsed         | 2473         |
|    total_timesteps      | 958464       |
| train/                  |              |
|    approx_kl            | 0.0065540653 |
|    clip_fraction        | 0.0597       |
|    clip_range           | 0.2          |
|    entropy_loss         | -1.72        |
|    explained_variance   | 0.94         |
|    learning_rate        | 0.0003       |
|    loss                 | -0.00938     |
|    n_updates            | 190          |
|    policy_gradient_loss | -0.00582     |
|    value_loss           | 0.0321       |
------------------------------------------
------------------------------------------
| rollout/                |              |
|    ep_len_mean          | 303          |
|    ep_rew_mean          | 164          |
| time/                   |              |
|    fps                  | 387          |
|    iterations           | 40           |
|    time_elapsed         | 2538         |
|    total_timesteps      | 983040       |
| train/                  |              |
|    approx_kl            | 0.0064338017 |
|    clip_fraction        | 0.058        |
|    clip_range           | 0.2          |
|    entropy_loss         | -1.66        |
|    explained_variance   | 0.946        |
|    learning_rate        | 0.0003       |
|    loss                 | -0.0137      |
|    n_updates            | 195          |
|    policy_gradient_loss | -0.00593     |
|    value_loss           | 0.0311       |
------------------------------------------
[Checkpoint] Saved at 1000000 steps > /home/runner/work/Disciples2-RL/Disciples2-RL/github_experiments/125/super_last_stand/waves/seed125-super_last_stand-waves-31294929927-1/checkpoints/campaign_ppo_step_1000000.zip
Eval num_timesteps=1000008, det_reward=147.47 +/- 12.98
Episode length: det=276.50 +/- 59.23
Victory rate: det=0.00%
--------------------------------------------------
| eval/                           |              |
|    deterministic_mean_ep_length | 276          |
|    deterministic_mean_reward    | 147          |
|    deterministic_victory_rate   | 0            |
|    mean_ep_length               | 276          |
|    mean_reward                  | 147          |
|    victory_rate                 | 0            |
| time/                           |              |
|    total_timesteps              | 1000008      |
| train/                          |              |
|    approx_kl                    | 0.0066451896 |
|    clip_fraction                | 0.0574       |
|    clip_range                   | 0.2          |
|    entropy_loss                 | -1.69        |
|    explained_variance           | 0.93         |
|    learning_rate                | 0.0003       |
|    loss                         | -0.0173      |
|    n_updates                    | 200          |
|    policy_gradient_loss         | -0.0057      |
|    value_loss                   | 0.0381       |
--------------------------------------------------
New best model by deterministic victory rate!
---------------------------------
| rollout/           |          |
|    ep_len_mean     | 314      |
|    ep_rew_mean     | 167      |
| time/              |          |
|    fps             | 384      |
|    iterations      | 41       |
|    time_elapsed    | 2622     |
|    total_timesteps | 1007616  |
---------------------------------
VecNormalize stats saved: /home/runner/work/Disciples2-RL/Disciples2-RL/github_experiments/125/super_last_stand/waves/seed125-super_last_stand-waves-31294929927-1/models/vecnormalize.pkl

Финальная модель сохранена: /home/runner/work/Disciples2-RL/Disciples2-RL/github_experiments/125/super_last_stand/waves/seed125-super_last_stand-waves-31294929927-1/models/final_model.zip

============================================================
ИТОГИ ОБУЧЕНИЯ:
  Побед: 0
  Поражений: 2837
  Таймаутов: 0
  Побед бота столицы над врагами: 0
  Перестановок юнитов: 163388
  Терминальные поражения по противникам:
    enemy_112: 525 — Волна 4 — «Первая сталь» (~1300); Гномы
    enemy_113: 337 — Волна 5 — «Гвардия героев» (~1650); Люди
    enemy_110: 318 — Волна 4 — «Первая сталь» (~1300); Люди
    enemy_111: 275 — Волна 4 — «Первая сталь» (~1300); Эльфы
    enemy_114: 245 — Волна 5 — «Гвардия героев» (~1650); Эльфы
    enemy_10: 175 — Гарнизон города тёмных эльфов
    enemy_2: 154 — Один Мастер оккультист
    enemy_109: 149 — Волна 3 — «Разведка боем» (~1050); Гномы
    enemy_115: 129 — Волна 5 — «Гвардия героев» (~1650); Гномы
    enemy_116: 101 — Волна 6 — «Стальной прилив» (~1850); Люди
    enemy_70: 86 — Руины: Тролль, Людоед и Гоблин старейшина
    enemy_108: 62 — Волна 3 — «Разведка боем» (~1050); Эльфы
    enemy_107: 54 — Волна 3 — «Разведка боем» (~1050); Люди
    enemy_117: 38 — Волна 6 — «Стальной прилив» (~1850); Эльфы
    enemy_71: 34 — Забытые эльфийские руины: нейтральный грифон, эльфийский оракул, лорд эльфов и эльф-рейнджер
    enemy_106: 23 — Волна 2 — «Регулярные роты» (~770); Гномы
    enemy_104: 22 — Волна 2 — «Регулярные роты» (~770); Люди
    enemy_119: 17 — Волна 7 — «Цвет трёх народов» (~2100); Люди
    enemy_11: 16 — Гарнизон города сильных варваров
    enemy_105: 14 — Волна 2 — «Регулярные роты» (~770); Эльфы
    enemy_3: 14 — Морской змей и Кракен охраняют драгоценность в озере
    enemy_120: 12 — Волна 7 — «Цвет трёх народов» (~2100); Эльфы
    enemy_118: 10 — Волна 6 — «Стальной прилив» (~1850); Гномы
    enemy_101: 9 — Волна 1 — «Первая волна»; Люди
    enemy_103: 5 — Волна 1 — «Первая волна»; Гномы
    enemy_102: 3 — Волна 1 — «Первая волна»; Эльфы
    enemy_121: 3 — Волна 7 — «Цвет трёх народов» (~2100); Гномы
    enemy_1: 2 — Один Орк
    enemy_122: 2 — Волна 8 — «Ярость ветеранов» (~2350); Люди
    enemy_124: 1 — Волна 8 — «Ярость ветеранов» (~2350); Гномы
    enemy_132: 1 — Волна 11 — «Судный час»; Эльфы
    enemy_123: 1 — Волна 8 — «Ярость ветеранов» (~2350); Эльфы
  Winrate: 0.0%
============================================================
  График призывов за эпизод: /home/runner/work/Disciples2-RL/Disciples2-RL/github_experiments/125/super_last_stand/waves/seed125-super_last_stand-waves-31294929927-1/plots/campaign_summoned_units_per_episode.png
  График призывов за всё обучение: /home/runner/work/Disciples2-RL/Disciples2-RL/github_experiments/125/super_last_stand/waves/seed125-super_last_stand-waves-31294929927-1/plots/campaign_summoned_units_cumulative.png
  График найма за эпизод: /home/runner/work/Disciples2-RL/Disciples2-RL/github_experiments/125/super_last_stand/waves/seed125-super_last_stand-waves-31294929927-1/plots/campaign_hired_units_per_episode.png
  График найма за всё обучение: /home/runner/work/Disciples2-RL/Disciples2-RL/github_experiments/125/super_last_stand/waves/seed125-super_last_stand-waves-31294929927-1/plots/campaign_hired_units_cumulative.png
  График перестановок юнитов за эпизод: /home/runner/work/Disciples2-RL/Disciples2-RL/github_experiments/125/super_last_stand/waves/seed125-super_last_stand-waves-31294929927-1/plots/campaign_unit_swaps_per_episode.png
  График боевых предметов: /home/runner/work/Disciples2-RL/Disciples2-RL/github_experiments/125/super_last_stand/waves/seed125-super_last_stand-waves-31294929927-1/plots/campaign_battle_item_activity.png
  График побед бота столицы за эпизод: /home/runner/work/Disciples2-RL/Disciples2-RL/github_experiments/125/super_last_stand/waves/seed125-super_last_stand-waves-31294929927-1/plots/campaign_scripted_bot_victories_per_episode.png
  График применения заклинаний: /home/runner/work/Disciples2-RL/Disciples2-RL/github_experiments/125/super_last_stand/waves/seed125-super_last_stand-waves-31294929927-1/plots/campaign_spell_cast_activity.png
