Проверка среды CampaignEnv...
Среда прошла проверку!
[INFO] Comet disabled, running without experiment tracking
Создание 12 параллельных сред (subproc)...
Инициализация MaskablePPO...
Using cpu device

============================================================
Запуск обучения Campaign Agent
Всего шагов: 1,000,000
Параллельных сред: 12
VecEnv: subproc
VecEnv start method: forkserver
Seed: 133
Checkpoint каждые: 500,000 шагов
Evaluation каждые: 83,334 шагов
Eval deterministic эпизодов: 20
Eval stochastic эпизодов: 0
Eval лимит шагов на эпизод: 5000
Campaign map: default
Campaign objective: cities
System resources at training start:
  Platform: Linux 6.17.0-1022-azure (x86_64)
  Python: 3.14.7
  PyTorch: 2.13.0+cpu
  Training device: cpu
  CPU model: AMD EPYC 9V74 80-Core Processor
  CPU vendor: AuthenticAMD
  Logical CPUs visible: 4
  Process CPU affinity: 4
  Sockets: 1
  Cores per socket: 2
  Threads per core: 2
  CPU max MHz: unknown
  CPU min MHz: unknown
  L1d cache: 64 KiB (2 instances)
  L1i cache: 64 KiB (2 instances)
  L2 cache: 2 MiB (2 instances)
  L3 cache: 32 MiB (1 instance)
  Virtualization: AMD-V
  Hypervisor: Microsoft
  RAM total: 15.61 GiB
  RAM available at start: 13.88 GiB
  Disk total: 144.26 GiB
  Disk free at start: 76.47 GiB
  Torch intra-op threads: 4
  Torch inter-op threads: 2
  OMP_NUM_THREADS: 4
  MKL_NUM_THREADS: 4
  OPENBLAS_NUM_THREADS: 4
  GitHub runner OS: Linux
  GitHub runner architecture: X64
  GitHub runner environment: github-hosted
PPO n_steps: 2,048
PPO batch_size: 512
PPO n_epochs: 5
PPO learning_rate: 0.0003
PPO clip_range: 0.2
PPO ent_coef: 0.01
PPO gamma: 0.995
PPO gae_lambda: 0.95
PPO target_kl: disabled
PPO gradient batches per rollout: 240
VecCheckNan: disabled
Freeze action layout: enabled
Empire territory: enabled
Torch threads per process: 4
Diagnostics: disabled
Wall-clock training limit: disabled
Run ID: seed133-default-cities-33294629026-1
============================================================

Logging to /home/runner/work/Disciples2-RL/Disciples2-RL/github_experiments/133/default/cities/seed133-default-cities-33294629026-1/tensorboard/MaskablePPO_1
------------------------------
| time/              |       |
|    fps             | 393   |
|    iterations      | 1     |
|    time_elapsed    | 62    |
|    total_timesteps | 24576 |
------------------------------
-----------------------------------------
| rollout/                |             |
|    ep_len_mean          | 3.17e+03    |
|    ep_rew_mean          | 132         |
| time/                   |             |
|    fps                  | 369         |
|    iterations           | 2           |
|    time_elapsed         | 132         |
|    total_timesteps      | 49152       |
| train/                  |             |
|    approx_kl            | 0.008363623 |
|    clip_fraction        | 0.044       |
|    clip_range           | 0.2         |
|    entropy_loss         | -2.24       |
|    explained_variance   | -0.0886     |
|    learning_rate        | 0.0003      |
|    loss                 | -0.0112     |
|    n_updates            | 5           |
|    policy_gradient_loss | -0.00531    |
|    value_loss           | 0.091       |
-----------------------------------------
-----------------------------------------
| rollout/                |             |
|    ep_len_mean          | 4.08e+03    |
|    ep_rew_mean          | 82.4        |
| time/                   |             |
|    fps                  | 368         |
|    iterations           | 3           |
|    time_elapsed         | 199         |
|    total_timesteps      | 73728       |
| train/                  |             |
|    approx_kl            | 0.009824573 |
|    clip_fraction        | 0.0692      |
|    clip_range           | 0.2         |
|    entropy_loss         | -2.24       |
|    explained_variance   | 0.338       |
|    learning_rate        | 0.0003      |
|    loss                 | 0.0168      |
|    n_updates            | 10          |
|    policy_gradient_loss | -0.00575    |
|    value_loss           | 0.0652      |
-----------------------------------------
-----------------------------------------
| rollout/                |             |
|    ep_len_mean          | 4.15e+03    |
|    ep_rew_mean          | 81.4        |
| time/                   |             |
|    fps                  | 366         |
|    iterations           | 4           |
|    time_elapsed         | 268         |
|    total_timesteps      | 98304       |
| train/                  |             |
|    approx_kl            | 0.009336115 |
|    clip_fraction        | 0.0688      |
|    clip_range           | 0.2         |
|    entropy_loss         | -2.17       |
|    explained_variance   | 0.699       |
|    learning_rate        | 0.0003      |
|    loss                 | -0.00749    |
|    n_updates            | 15          |
|    policy_gradient_loss | -0.00535    |
|    value_loss           | 0.0462      |
-----------------------------------------
------------------------------------------
| rollout/                |              |
|    ep_len_mean          | 4.19e+03     |
|    ep_rew_mean          | 80           |
| time/                   |              |
|    fps                  | 366          |
|    iterations           | 5            |
|    time_elapsed         | 335          |
|    total_timesteps      | 122880       |
| train/                  |              |
|    approx_kl            | 0.0090056565 |
|    clip_fraction        | 0.0782       |
|    clip_range           | 0.2          |
|    entropy_loss         | -2.17        |
|    explained_variance   | 0.761        |
|    learning_rate        | 0.0003       |
|    loss                 | 0.0223       |
|    n_updates            | 20           |
|    policy_gradient_loss | -0.00586     |
|    value_loss           | 0.0636       |
------------------------------------------
-----------------------------------------
| rollout/                |             |
|    ep_len_mean          | 3.89e+03    |
|    ep_rew_mean          | 82.3        |
| time/                   |             |
|    fps                  | 366         |
|    iterations           | 6           |
|    time_elapsed         | 402         |
|    total_timesteps      | 147456      |
| train/                  |             |
|    approx_kl            | 0.008690692 |
|    clip_fraction        | 0.0679      |
|    clip_range           | 0.2         |
|    entropy_loss         | -2.21       |
|    explained_variance   | 0.71        |
|    learning_rate        | 0.0003      |
|    loss                 | -0.00491    |
|    n_updates            | 25          |
|    policy_gradient_loss | -0.00622    |
|    value_loss           | 0.0591      |
-----------------------------------------
-----------------------------------------
| rollout/                |             |
|    ep_len_mean          | 3.76e+03    |
|    ep_rew_mean          | 90.1        |
| time/                   |             |
|    fps                  | 367         |
|    iterations           | 7           |
|    time_elapsed         | 468         |
|    total_timesteps      | 172032      |
| train/                  |             |
|    approx_kl            | 0.008763288 |
|    clip_fraction        | 0.0732      |
|    clip_range           | 0.2         |
|    entropy_loss         | -2.18       |
|    explained_variance   | 0.552       |
|    learning_rate        | 0.0003      |
|    loss                 | -0.017      |
|    n_updates            | 30          |
|    policy_gradient_loss | -0.0062     |
|    value_loss           | 0.04        |
-----------------------------------------
-----------------------------------------
| rollout/                |             |
|    ep_len_mean          | 3.71e+03    |
|    ep_rew_mean          | 93.8        |
| time/                   |             |
|    fps                  | 367         |
|    iterations           | 8           |
|    time_elapsed         | 535         |
|    total_timesteps      | 196608      |
| train/                  |             |
|    approx_kl            | 0.011400449 |
|    clip_fraction        | 0.108       |
|    clip_range           | 0.2         |
|    entropy_loss         | -2.2        |
|    explained_variance   | 0.756       |
|    learning_rate        | 0.0003      |
|    loss                 | -0.0294     |
|    n_updates            | 35          |
|    policy_gradient_loss | -0.00846    |
|    value_loss           | 0.0409      |
-----------------------------------------
------------------------------------------
| rollout/                |              |
|    ep_len_mean          | 3.51e+03     |
|    ep_rew_mean          | 101          |
| time/                   |              |
|    fps                  | 367          |
|    iterations           | 9            |
|    time_elapsed         | 601          |
|    total_timesteps      | 221184       |
| train/                  |              |
|    approx_kl            | 0.0075256475 |
|    clip_fraction        | 0.0588       |
|    clip_range           | 0.2          |
|    entropy_loss         | -2.15        |
|    explained_variance   | 0.789        |
|    learning_rate        | 0.0003       |
|    loss                 | -0.00268     |
|    n_updates            | 40           |
|    policy_gradient_loss | -0.00557     |
|    value_loss           | 0.0509       |
------------------------------------------
----------------------------------------
| rollout/                |            |
|    ep_len_mean          | 3.45e+03   |
|    ep_rew_mean          | 94.4       |
| time/                   |            |
|    fps                  | 367        |
|    iterations           | 10         |
|    time_elapsed         | 669        |
|    total_timesteps      | 245760     |
| train/                  |            |
|    approx_kl            | 0.00774504 |
|    clip_fraction        | 0.0672     |
|    clip_range           | 0.2        |
|    entropy_loss         | -2.08      |
|    explained_variance   | 0.769      |
|    learning_rate        | 0.0003     |
|    loss                 | -0.00993   |
|    n_updates            | 45         |
|    policy_gradient_loss | -0.00517   |
|    value_loss           | 0.0489     |
----------------------------------------
-----------------------------------------
| rollout/                |             |
|    ep_len_mean          | 3.41e+03    |
|    ep_rew_mean          | 98.7        |
| time/                   |             |
|    fps                  | 367         |
|    iterations           | 11          |
|    time_elapsed         | 735         |
|    total_timesteps      | 270336      |
| train/                  |             |
|    approx_kl            | 0.008709456 |
|    clip_fraction        | 0.091       |
|    clip_range           | 0.2         |
|    entropy_loss         | -2.07       |
|    explained_variance   | 0.825       |
|    learning_rate        | 0.0003      |
|    loss                 | -0.00673    |
|    n_updates            | 50          |
|    policy_gradient_loss | -0.00647    |
|    value_loss           | 0.0492      |
-----------------------------------------
------------------------------------------
| rollout/                |              |
|    ep_len_mean          | 3.24e+03     |
|    ep_rew_mean          | 105          |
| time/                   |              |
|    fps                  | 367          |
|    iterations           | 12           |
|    time_elapsed         | 801          |
|    total_timesteps      | 294912       |
| train/                  |              |
|    approx_kl            | 0.0076297745 |
|    clip_fraction        | 0.0683       |
|    clip_range           | 0.2          |
|    entropy_loss         | -2.09        |
|    explained_variance   | 0.85         |
|    learning_rate        | 0.0003       |
|    loss                 | -0.00847     |
|    n_updates            | 55           |
|    policy_gradient_loss | -0.00575     |
|    value_loss           | 0.0366       |
------------------------------------------
-----------------------------------------
| rollout/                |             |
|    ep_len_mean          | 3.14e+03    |
|    ep_rew_mean          | 107         |
| time/                   |             |
|    fps                  | 367         |
|    iterations           | 13          |
|    time_elapsed         | 869         |
|    total_timesteps      | 319488      |
| train/                  |             |
|    approx_kl            | 0.009090905 |
|    clip_fraction        | 0.0947      |
|    clip_range           | 0.2         |
|    entropy_loss         | -2.08       |
|    explained_variance   | 0.865       |
|    learning_rate        | 0.0003      |
|    loss                 | -0.0214     |
|    n_updates            | 60          |
|    policy_gradient_loss | -0.00655    |
|    value_loss           | 0.0429      |
-----------------------------------------
-----------------------------------------
| rollout/                |             |
|    ep_len_mean          | 2.97e+03    |
|    ep_rew_mean          | 114         |
| time/                   |             |
|    fps                  | 367         |
|    iterations           | 14          |
|    time_elapsed         | 935         |
|    total_timesteps      | 344064      |
| train/                  |             |
|    approx_kl            | 0.009685068 |
|    clip_fraction        | 0.0987      |
|    clip_range           | 0.2         |
|    entropy_loss         | -2.11       |
|    explained_variance   | 0.902       |
|    learning_rate        | 0.0003      |
|    loss                 | -0.0196     |
|    n_updates            | 65          |
|    policy_gradient_loss | -0.00819    |
|    value_loss           | 0.035       |
-----------------------------------------
-----------------------------------------
| rollout/                |             |
|    ep_len_mean          | 2.79e+03    |
|    ep_rew_mean          | 123         |
| time/                   |             |
|    fps                  | 367         |
|    iterations           | 15          |
|    time_elapsed         | 1002        |
|    total_timesteps      | 368640      |
| train/                  |             |
|    approx_kl            | 0.009889974 |
|    clip_fraction        | 0.0925      |
|    clip_range           | 0.2         |
|    entropy_loss         | -2.07       |
|    explained_variance   | 0.898       |
|    learning_rate        | 0.0003      |
|    loss                 | -0.00681    |
|    n_updates            | 70          |
|    policy_gradient_loss | -0.00717    |
|    value_loss           | 0.038       |
-----------------------------------------
-----------------------------------------
| rollout/                |             |
|    ep_len_mean          | 2.69e+03    |
|    ep_rew_mean          | 126         |
| time/                   |             |
|    fps                  | 367         |
|    iterations           | 16          |
|    time_elapsed         | 1070        |
|    total_timesteps      | 393216      |
| train/                  |             |
|    approx_kl            | 0.009161399 |
|    clip_fraction        | 0.107       |
|    clip_range           | 0.2         |
|    entropy_loss         | -2.1        |
|    explained_variance   | 0.915       |
|    learning_rate        | 0.0003      |
|    loss                 | -0.0272     |
|    n_updates            | 75          |
|    policy_gradient_loss | -0.00768    |
|    value_loss           | 0.0297      |
-----------------------------------------
-----------------------------------------
| rollout/                |             |
|    ep_len_mean          | 2.76e+03    |
|    ep_rew_mean          | 125         |
| time/                   |             |
|    fps                  | 366         |
|    iterations           | 17          |
|    time_elapsed         | 1139        |
|    total_timesteps      | 417792      |
| train/                  |             |
|    approx_kl            | 0.010311947 |
|    clip_fraction        | 0.104       |
|    clip_range           | 0.2         |
|    entropy_loss         | -2.05       |
|    explained_variance   | 0.937       |
|    learning_rate        | 0.0003      |
|    loss                 | -0.00857    |
|    n_updates            | 80          |
|    policy_gradient_loss | -0.00651    |
|    value_loss           | 0.0175      |
-----------------------------------------
----------------------------------------
| rollout/                |            |
|    ep_len_mean          | 2.65e+03   |
|    ep_rew_mean          | 130        |
| time/                   |            |
|    fps                  | 366        |
|    iterations           | 18         |
|    time_elapsed         | 1206       |
|    total_timesteps      | 442368     |
| train/                  |            |
|    approx_kl            | 0.01030047 |
|    clip_fraction        | 0.0976     |
|    clip_range           | 0.2        |
|    entropy_loss         | -2.04      |
|    explained_variance   | 0.935      |
|    learning_rate        | 0.0003     |
|    loss                 | -0.0183    |
|    n_updates            | 85         |
|    policy_gradient_loss | -0.00633   |
|    value_loss           | 0.0223     |
----------------------------------------
-----------------------------------------
| rollout/                |             |
|    ep_len_mean          | 2.62e+03    |
|    ep_rew_mean          | 125         |
| time/                   |             |
|    fps                  | 366         |
|    iterations           | 19          |
|    time_elapsed         | 1273        |
|    total_timesteps      | 466944      |
| train/                  |             |
|    approx_kl            | 0.007839283 |
|    clip_fraction        | 0.0877      |
|    clip_range           | 0.2         |
|    entropy_loss         | -2.07       |
|    explained_variance   | 0.918       |
|    learning_rate        | 0.0003      |
|    loss                 | -0.0153     |
|    n_updates            | 90          |
|    policy_gradient_loss | -0.00523    |
|    value_loss           | 0.0315      |
-----------------------------------------
-----------------------------------------
| rollout/                |             |
|    ep_len_mean          | 2.61e+03    |
|    ep_rew_mean          | 126         |
| time/                   |             |
|    fps                  | 366         |
|    iterations           | 20          |
|    time_elapsed         | 1340        |
|    total_timesteps      | 491520      |
| train/                  |             |
|    approx_kl            | 0.008719133 |
|    clip_fraction        | 0.0828      |
|    clip_range           | 0.2         |
|    entropy_loss         | -2.09       |
|    explained_variance   | 0.929       |
|    learning_rate        | 0.0003      |
|    loss                 | -0.0152     |
|    n_updates            | 95          |
|    policy_gradient_loss | -0.00553    |
|    value_loss           | 0.0272      |
-----------------------------------------
[Checkpoint] Saved at 500000 steps > /home/runner/work/Disciples2-RL/Disciples2-RL/github_experiments/133/default/cities/seed133-default-cities-33294629026-1/checkpoints/campaign_ppo_step_500000.zip
-----------------------------------------
| rollout/                |             |
|    ep_len_mean          | 2.61e+03    |
|    ep_rew_mean          | 133         |
| time/                   |             |
|    fps                  | 366         |
|    iterations           | 21          |
|    time_elapsed         | 1408        |
|    total_timesteps      | 516096      |
| train/                  |             |
|    approx_kl            | 0.009651453 |
|    clip_fraction        | 0.107       |
|    clip_range           | 0.2         |
|    entropy_loss         | -2.11       |
|    explained_variance   | 0.945       |
|    learning_rate        | 0.0003      |
|    loss                 | -0.0154     |
|    n_updates            | 100         |
|    policy_gradient_loss | -0.00633    |
|    value_loss           | 0.0207      |
-----------------------------------------
-----------------------------------------
| rollout/                |             |
|    ep_len_mean          | 2.57e+03    |
|    ep_rew_mean          | 133         |
| time/                   |             |
|    fps                  | 366         |
|    iterations           | 22          |
|    time_elapsed         | 1476        |
|    total_timesteps      | 540672      |
| train/                  |             |
|    approx_kl            | 0.008733419 |
|    clip_fraction        | 0.0951      |
|    clip_range           | 0.2         |
|    entropy_loss         | -2.1        |
|    explained_variance   | 0.951       |
|    learning_rate        | 0.0003      |
|    loss                 | -0.0128     |
|    n_updates            | 105         |
|    policy_gradient_loss | -0.00586    |
|    value_loss           | 0.0223      |
-----------------------------------------
-----------------------------------------
| rollout/                |             |
|    ep_len_mean          | 2.54e+03    |
|    ep_rew_mean          | 135         |
| time/                   |             |
|    fps                  | 366         |
|    iterations           | 23          |
|    time_elapsed         | 1542        |
|    total_timesteps      | 565248      |
| train/                  |             |
|    approx_kl            | 0.008660469 |
|    clip_fraction        | 0.086       |
|    clip_range           | 0.2         |
|    entropy_loss         | -2.05       |
|    explained_variance   | 0.928       |
|    learning_rate        | 0.0003      |
|    loss                 | -0.013      |
|    n_updates            | 110         |
|    policy_gradient_loss | -0.00673    |
|    value_loss           | 0.0372      |
-----------------------------------------
----------------------------------------
| rollout/                |            |
|    ep_len_mean          | 2.69e+03   |
|    ep_rew_mean          | 127        |
| time/                   |            |
|    fps                  | 366        |
|    iterations           | 24         |
|    time_elapsed         | 1610       |
|    total_timesteps      | 589824     |
| train/                  |            |
|    approx_kl            | 0.00887102 |
|    clip_fraction        | 0.0976     |
|    clip_range           | 0.2        |
|    entropy_loss         | -2.06      |
|    explained_variance   | 0.945      |
|    learning_rate        | 0.0003     |
|    loss                 | -0.0217    |
|    n_updates            | 115        |
|    policy_gradient_loss | -0.0067    |
|    value_loss           | 0.0191     |
----------------------------------------
-----------------------------------------
| rollout/                |             |
|    ep_len_mean          | 2.56e+03    |
|    ep_rew_mean          | 127         |
| time/                   |             |
|    fps                  | 366         |
|    iterations           | 25          |
|    time_elapsed         | 1678        |
|    total_timesteps      | 614400      |
| train/                  |             |
|    approx_kl            | 0.008809914 |
|    clip_fraction        | 0.0898      |
|    clip_range           | 0.2         |
|    entropy_loss         | -2.08       |
|    explained_variance   | 0.946       |
|    learning_rate        | 0.0003      |
|    loss                 | -0.0148     |
|    n_updates            | 120         |
|    policy_gradient_loss | -0.00637    |
|    value_loss           | 0.0294      |
-----------------------------------------
-----------------------------------------
| rollout/                |             |
|    ep_len_mean          | 2.21e+03    |
|    ep_rew_mean          | 136         |
| time/                   |             |
|    fps                  | 366         |
|    iterations           | 26          |
|    time_elapsed         | 1745        |
|    total_timesteps      | 638976      |
| train/                  |             |
|    approx_kl            | 0.009598783 |
|    clip_fraction        | 0.118       |
|    clip_range           | 0.2         |
|    entropy_loss         | -2.11       |
|    explained_variance   | 0.941       |
|    learning_rate        | 0.0003      |
|    loss                 | -0.0132     |
|    n_updates            | 125         |
|    policy_gradient_loss | -0.00675    |
|    value_loss           | 0.0339      |
-----------------------------------------
-----------------------------------------
| rollout/                |             |
|    ep_len_mean          | 2.21e+03    |
|    ep_rew_mean          | 139         |
| time/                   |             |
|    fps                  | 365         |
|    iterations           | 27          |
|    time_elapsed         | 1813        |
|    total_timesteps      | 663552      |
| train/                  |             |
|    approx_kl            | 0.009300482 |
|    clip_fraction        | 0.0939      |
|    clip_range           | 0.2         |
|    entropy_loss         | -2.08       |
|    explained_variance   | 0.959       |
|    learning_rate        | 0.0003      |
|    loss                 | -0.00377    |
|    n_updates            | 130         |
|    policy_gradient_loss | -0.00639    |
|    value_loss           | 0.0397      |
-----------------------------------------
----------------------------------------
| rollout/                |            |
|    ep_len_mean          | 2.2e+03    |
|    ep_rew_mean          | 140        |
| time/                   |            |
|    fps                  | 365        |
|    iterations           | 28         |
|    time_elapsed         | 1881       |
|    total_timesteps      | 688128     |
| train/                  |            |
|    approx_kl            | 0.00861268 |
|    clip_fraction        | 0.0969     |
|    clip_range           | 0.2        |
|    entropy_loss         | -2.07      |
|    explained_variance   | 0.962      |
|    learning_rate        | 0.0003     |
|    loss                 | -0.0226    |
|    n_updates            | 135        |
|    policy_gradient_loss | -0.00704   |
|    value_loss           | 0.0263     |
----------------------------------------
-----------------------------------------
| rollout/                |             |
|    ep_len_mean          | 1.81e+03    |
|    ep_rew_mean          | 148         |
| time/                   |             |
|    fps                  | 365         |
|    iterations           | 29          |
|    time_elapsed         | 1948        |
|    total_timesteps      | 712704      |
| train/                  |             |
|    approx_kl            | 0.008954065 |
|    clip_fraction        | 0.101       |
|    clip_range           | 0.2         |
|    entropy_loss         | -2.05       |
|    explained_variance   | 0.962       |
|    learning_rate        | 0.0003      |
|    loss                 | -0.0292     |
|    n_updates            | 140         |
|    policy_gradient_loss | -0.00711    |
|    value_loss           | 0.0241      |
-----------------------------------------
-----------------------------------------
| rollout/                |             |
|    ep_len_mean          | 1.58e+03    |
|    ep_rew_mean          | 156         |
| time/                   |             |
|    fps                  | 365         |
|    iterations           | 30          |
|    time_elapsed         | 2015        |
|    total_timesteps      | 737280      |
| train/                  |             |
|    approx_kl            | 0.010318301 |
|    clip_fraction        | 0.116       |
|    clip_range           | 0.2         |
|    entropy_loss         | -2.09       |
|    explained_variance   | 0.946       |
|    learning_rate        | 0.0003      |
|    loss                 | -0.0212     |
|    n_updates            | 145         |
|    policy_gradient_loss | -0.00691    |
|    value_loss           | 0.0317      |
-----------------------------------------
-----------------------------------------
| rollout/                |             |
|    ep_len_mean          | 1.46e+03    |
|    ep_rew_mean          | 159         |
| time/                   |             |
|    fps                  | 365         |
|    iterations           | 31          |
|    time_elapsed         | 2083        |
|    total_timesteps      | 761856      |
| train/                  |             |
|    approx_kl            | 0.008491603 |
|    clip_fraction        | 0.0896      |
|    clip_range           | 0.2         |
|    entropy_loss         | -2.07       |
|    explained_variance   | 0.956       |
|    learning_rate        | 0.0003      |
|    loss                 | -0.00865    |
|    n_updates            | 150         |
|    policy_gradient_loss | -0.00542    |
|    value_loss           | 0.0316      |
-----------------------------------------
---------------------------------------
| rollout/                |           |
|    ep_len_mean          | 1.3e+03   |
|    ep_rew_mean          | 157       |
| time/                   |           |
|    fps                  | 365       |
|    iterations           | 32        |
|    time_elapsed         | 2152      |
|    total_timesteps      | 786432    |
| train/                  |           |
|    approx_kl            | 0.0092016 |
|    clip_fraction        | 0.108     |
|    clip_range           | 0.2       |
|    entropy_loss         | -2.1      |
|    explained_variance   | 0.946     |
|    learning_rate        | 0.0003    |
|    loss                 | -0.0167   |
|    n_updates            | 155       |
|    policy_gradient_loss | -0.00742  |
|    value_loss           | 0.0303    |
---------------------------------------
----------------------------------------
| rollout/                |            |
|    ep_len_mean          | 1.09e+03   |
|    ep_rew_mean          | 157        |
| time/                   |            |
|    fps                  | 365        |
|    iterations           | 33         |
|    time_elapsed         | 2219       |
|    total_timesteps      | 811008     |
| train/                  |            |
|    approx_kl            | 0.00794505 |
|    clip_fraction        | 0.0801     |
|    clip_range           | 0.2        |
|    entropy_loss         | -2.09      |
|    explained_variance   | 0.952      |
|    learning_rate        | 0.0003     |
|    loss                 | -0.0196    |
|    n_updates            | 160        |
|    policy_gradient_loss | -0.00567   |
|    value_loss           | 0.0287     |
----------------------------------------
-----------------------------------------
| rollout/                |             |
|    ep_len_mean          | 915         |
|    ep_rew_mean          | 154         |
| time/                   |             |
|    fps                  | 365         |
|    iterations           | 34          |
|    time_elapsed         | 2287        |
|    total_timesteps      | 835584      |
| train/                  |             |
|    approx_kl            | 0.009578331 |
|    clip_fraction        | 0.0938      |
|    clip_range           | 0.2         |
|    entropy_loss         | -2.03       |
|    explained_variance   | 0.96        |
|    learning_rate        | 0.0003      |
|    loss                 | -0.0128     |
|    n_updates            | 165         |
|    policy_gradient_loss | -0.00642    |
|    value_loss           | 0.0333      |
-----------------------------------------
-----------------------------------------
| rollout/                |             |
|    ep_len_mean          | 923         |
|    ep_rew_mean          | 147         |
| time/                   |             |
|    fps                  | 365         |
|    iterations           | 35          |
|    time_elapsed         | 2355        |
|    total_timesteps      | 860160      |
| train/                  |             |
|    approx_kl            | 0.008619775 |
|    clip_fraction        | 0.0945      |
|    clip_range           | 0.2         |
|    entropy_loss         | -2.02       |
|    explained_variance   | 0.953       |
|    learning_rate        | 0.0003      |
|    loss                 | -0.0173     |
|    n_updates            | 170         |
|    policy_gradient_loss | -0.00619    |
|    value_loss           | 0.0276      |
-----------------------------------------
-----------------------------------------
| rollout/                |             |
|    ep_len_mean          | 785         |
|    ep_rew_mean          | 146         |
| time/                   |             |
|    fps                  | 364         |
|    iterations           | 36          |
|    time_elapsed         | 2424        |
|    total_timesteps      | 884736      |
| train/                  |             |
|    approx_kl            | 0.007958212 |
|    clip_fraction        | 0.0833      |
|    clip_range           | 0.2         |
|    entropy_loss         | -2.01       |
|    explained_variance   | 0.961       |
|    learning_rate        | 0.0003      |
|    loss                 | -0.027      |
|    n_updates            | 175         |
|    policy_gradient_loss | -0.00608    |
|    value_loss           | 0.0325      |
-----------------------------------------
-----------------------------------------
| rollout/                |             |
|    ep_len_mean          | 691         |
|    ep_rew_mean          | 149         |
| time/                   |             |
|    fps                  | 364         |
|    iterations           | 37          |
|    time_elapsed         | 2493        |
|    total_timesteps      | 909312      |
| train/                  |             |
|    approx_kl            | 0.009731155 |
|    clip_fraction        | 0.111       |
|    clip_range           | 0.2         |
|    entropy_loss         | -1.99       |
|    explained_variance   | 0.973       |
|    learning_rate        | 0.0003      |
|    loss                 | -0.02       |
|    n_updates            | 180         |
|    policy_gradient_loss | -0.00652    |
|    value_loss           | 0.0301      |
-----------------------------------------
-----------------------------------------
| rollout/                |             |
|    ep_len_mean          | 399         |
|    ep_rew_mean          | 151         |
| time/                   |             |
|    fps                  | 364         |
|    iterations           | 38          |
|    time_elapsed         | 2560        |
|    total_timesteps      | 933888      |
| train/                  |             |
|    approx_kl            | 0.007815876 |
|    clip_fraction        | 0.0858      |
|    clip_range           | 0.2         |
|    entropy_loss         | -1.91       |
|    explained_variance   | 0.954       |
|    learning_rate        | 0.0003      |
|    loss                 | -0.0232     |
|    n_updates            | 185         |
|    policy_gradient_loss | -0.00594    |
|    value_loss           | 0.036       |
-----------------------------------------
-----------------------------------------
| rollout/                |             |
|    ep_len_mean          | 400         |
|    ep_rew_mean          | 155         |
| time/                   |             |
|    fps                  | 364         |
|    iterations           | 39          |
|    time_elapsed         | 2627        |
|    total_timesteps      | 958464      |
| train/                  |             |
|    approx_kl            | 0.008449907 |
|    clip_fraction        | 0.0962      |
|    clip_range           | 0.2         |
|    entropy_loss         | -1.91       |
|    explained_variance   | 0.951       |
|    learning_rate        | 0.0003      |
|    loss                 | -0.00379    |
|    n_updates            | 190         |
|    policy_gradient_loss | -0.00565    |
|    value_loss           | 0.0413      |
-----------------------------------------
----------------------------------------
| rollout/                |            |
|    ep_len_mean          | 372        |
|    ep_rew_mean          | 148        |
| time/                   |            |
|    fps                  | 364        |
|    iterations           | 40         |
|    time_elapsed         | 2696       |
|    total_timesteps      | 983040     |
| train/                  |            |
|    approx_kl            | 0.00797448 |
|    clip_fraction        | 0.0909     |
|    clip_range           | 0.2        |
|    entropy_loss         | -1.89      |
|    explained_variance   | 0.966      |
|    learning_rate        | 0.0003     |
|    loss                 | -0.0136    |
|    n_updates            | 195        |
|    policy_gradient_loss | -0.00473   |
|    value_loss           | 0.0311     |
----------------------------------------
[Checkpoint] Saved at 1000000 steps > /home/runner/work/Disciples2-RL/Disciples2-RL/github_experiments/133/default/cities/seed133-default-cities-33294629026-1/checkpoints/campaign_ppo_step_1000000.zip
Eval num_timesteps=1000008, det_reward=117.19 +/- 0.43
Episode length: det=77.55 +/- 1.63
Victory rate: det=100.00%
--------------------------------------------------
| eval/                           |              |
|    deterministic_mean_ep_length | 77.5         |
|    deterministic_mean_reward    | 117          |
|    deterministic_victory_rate   | 1            |
|    mean_ep_length               | 77.5         |
|    mean_reward                  | 117          |
|    victory_rate                 | 1            |
| time/                           |              |
|    total_timesteps              | 1000008      |
| train/                          |              |
|    approx_kl                    | 0.0074451105 |
|    clip_fraction                | 0.072        |
|    clip_range                   | 0.2          |
|    entropy_loss                 | -1.76        |
|    explained_variance           | 0.97         |
|    learning_rate                | 0.0003       |
|    loss                         | -0.00259     |
|    n_updates                    | 200          |
|    policy_gradient_loss         | -0.00363     |
|    value_loss                   | 0.0328       |
--------------------------------------------------
New best model by deterministic victory rate!
---------------------------------
| rollout/           |          |
|    ep_len_mean     | 351      |
|    ep_rew_mean     | 144      |
| time/              |          |
|    fps             | 363      |
|    iterations      | 41       |
|    time_elapsed    | 2769     |
|    total_timesteps | 1007616  |
---------------------------------
VecNormalize stats saved: /home/runner/work/Disciples2-RL/Disciples2-RL/github_experiments/133/default/cities/seed133-default-cities-33294629026-1/models/vecnormalize.pkl

Финальная модель сохранена: /home/runner/work/Disciples2-RL/Disciples2-RL/github_experiments/133/default/cities/seed133-default-cities-33294629026-1/models/final_model.zip

============================================================
ИТОГИ ОБУЧЕНИЯ:
  Побед: 693
  Поражений: 17
  Таймаутов: 47
  Побед бота столицы над врагами: 0
  Перестановок юнитов: 238224
  Терминальные поражения по противникам:
    enemy_75: 17 — Страж столицы Империи: Мизраэль
  Winrate: 91.5%
============================================================
  График призывов за эпизод: /home/runner/work/Disciples2-RL/Disciples2-RL/github_experiments/133/default/cities/seed133-default-cities-33294629026-1/plots/campaign_summoned_units_per_episode.png
  График призывов за всё обучение: /home/runner/work/Disciples2-RL/Disciples2-RL/github_experiments/133/default/cities/seed133-default-cities-33294629026-1/plots/campaign_summoned_units_cumulative.png
  График найма за эпизод: /home/runner/work/Disciples2-RL/Disciples2-RL/github_experiments/133/default/cities/seed133-default-cities-33294629026-1/plots/campaign_hired_units_per_episode.png
  График найма за всё обучение: /home/runner/work/Disciples2-RL/Disciples2-RL/github_experiments/133/default/cities/seed133-default-cities-33294629026-1/plots/campaign_hired_units_cumulative.png
  График перестановок юнитов за эпизод: /home/runner/work/Disciples2-RL/Disciples2-RL/github_experiments/133/default/cities/seed133-default-cities-33294629026-1/plots/campaign_unit_swaps_per_episode.png
  График боевых предметов: /home/runner/work/Disciples2-RL/Disciples2-RL/github_experiments/133/default/cities/seed133-default-cities-33294629026-1/plots/campaign_battle_item_activity.png
  График побед бота столицы за эпизод: /home/runner/work/Disciples2-RL/Disciples2-RL/github_experiments/133/default/cities/seed133-default-cities-33294629026-1/plots/campaign_scripted_bot_victories_per_episode.png
  График применения заклинаний: /home/runner/work/Disciples2-RL/Disciples2-RL/github_experiments/133/default/cities/seed133-default-cities-33294629026-1/plots/campaign_spell_cast_activity.png
