Проверка среды CampaignEnv...
Среда прошла проверку!
[INFO] Comet disabled, running without experiment tracking
Создание 12 параллельных сред (subproc)...
Инициализация MaskablePPO...
Using cpu device

============================================================
Запуск обучения Campaign Agent
Всего шагов: 1,000,000
Параллельных сред: 12
VecEnv: subproc
VecEnv start method: forkserver
Seed: 121
Checkpoint каждые: 500,000 шагов
Evaluation каждые: 83,334 шагов
Eval deterministic эпизодов: 20
Eval stochastic эпизодов: 0
Eval лимит шагов на эпизод: 5000
Campaign map: default
Campaign objective: blue_dragon
System resources at training start:
  Platform: Linux 6.17.0-1020-azure (x86_64)
  Python: 3.14.6
  PyTorch: 2.13.0+cpu
  Training device: cpu
  CPU model: AMD EPYC 7763 64-Core Processor
  CPU vendor: AuthenticAMD
  Logical CPUs visible: 4
  Process CPU affinity: 4
  Sockets: 1
  Cores per socket: 2
  Threads per core: 2
  CPU max MHz: unknown
  CPU min MHz: unknown
  L1d cache: 64 KiB (2 instances)
  L1i cache: 64 KiB (2 instances)
  L2 cache: 1 MiB (2 instances)
  L3 cache: 32 MiB (1 instance)
  Virtualization: AMD-V
  Hypervisor: Microsoft
  RAM total: 15.61 GiB
  RAM available at start: 13.87 GiB
  Disk total: 144.26 GiB
  Disk free at start: 83.15 GiB
  Torch intra-op threads: 4
  Torch inter-op threads: 2
  OMP_NUM_THREADS: 4
  MKL_NUM_THREADS: 4
  OPENBLAS_NUM_THREADS: 4
  GitHub runner OS: Linux
  GitHub runner architecture: X64
  GitHub runner environment: github-hosted
PPO n_steps: 2,048
PPO batch_size: 512
PPO n_epochs: 5
PPO learning_rate: 0.0003
PPO clip_range: 0.2
PPO ent_coef: 0.01
PPO gamma: 0.995
PPO gae_lambda: 0.95
PPO target_kl: disabled
PPO gradient batches per rollout: 240
VecCheckNan: disabled
Freeze action layout: enabled
Empire territory: enabled
Torch threads per process: 4
Diagnostics: disabled
Wall-clock training limit: disabled
Run ID: seed121-default-blue_dragon-30278982243-1
============================================================

Logging to /home/runner/work/Disciples2-RL/Disciples2-RL/github_experiments/121/default/blue_dragon/seed121-default-blue_dragon-30278982243-1/tensorboard/MaskablePPO_1
---------------------------------
| rollout/           |          |
|    ep_len_mean     | 1.79e+03 |
|    ep_rew_mean     | 89       |
| time/              |          |
|    fps             | 361      |
|    iterations      | 1        |
|    time_elapsed    | 67       |
|    total_timesteps | 24576    |
---------------------------------
-----------------------------------------
| rollout/                |             |
|    ep_len_mean          | 1.89e+03    |
|    ep_rew_mean          | 119         |
| time/                   |             |
|    fps                  | 349         |
|    iterations           | 2           |
|    time_elapsed         | 140         |
|    total_timesteps      | 49152       |
| train/                  |             |
|    approx_kl            | 0.007893457 |
|    clip_fraction        | 0.056       |
|    clip_range           | 0.2         |
|    entropy_loss         | -2.25       |
|    explained_variance   | 0.0422      |
|    learning_rate        | 0.0003      |
|    loss                 | 0.0367      |
|    n_updates            | 5           |
|    policy_gradient_loss | -0.00586    |
|    value_loss           | 0.15        |
-----------------------------------------
-----------------------------------------
| rollout/                |             |
|    ep_len_mean          | 2.08e+03    |
|    ep_rew_mean          | 107         |
| time/                   |             |
|    fps                  | 347         |
|    iterations           | 3           |
|    time_elapsed         | 212         |
|    total_timesteps      | 73728       |
| train/                  |             |
|    approx_kl            | 0.008894323 |
|    clip_fraction        | 0.0643      |
|    clip_range           | 0.2         |
|    entropy_loss         | -2.21       |
|    explained_variance   | 0.266       |
|    learning_rate        | 0.0003      |
|    loss                 | 0.0467      |
|    n_updates            | 10          |
|    policy_gradient_loss | -0.00453    |
|    value_loss           | 0.255       |
-----------------------------------------
-----------------------------------------
| rollout/                |             |
|    ep_len_mean          | 2.06e+03    |
|    ep_rew_mean          | 91.1        |
| time/                   |             |
|    fps                  | 348         |
|    iterations           | 4           |
|    time_elapsed         | 281         |
|    total_timesteps      | 98304       |
| train/                  |             |
|    approx_kl            | 0.007887863 |
|    clip_fraction        | 0.0587      |
|    clip_range           | 0.2         |
|    entropy_loss         | -2.09       |
|    explained_variance   | 0.564       |
|    learning_rate        | 0.0003      |
|    loss                 | 0.0303      |
|    n_updates            | 15          |
|    policy_gradient_loss | -0.00409    |
|    value_loss           | 0.203       |
-----------------------------------------
------------------------------------------
| rollout/                |              |
|    ep_len_mean          | 1.78e+03     |
|    ep_rew_mean          | 81.8         |
| time/                   |              |
|    fps                  | 349          |
|    iterations           | 5            |
|    time_elapsed         | 351          |
|    total_timesteps      | 122880       |
| train/                  |              |
|    approx_kl            | 0.0054075937 |
|    clip_fraction        | 0.0344       |
|    clip_range           | 0.2          |
|    entropy_loss         | -1.89        |
|    explained_variance   | 0.729        |
|    learning_rate        | 0.0003       |
|    loss                 | -0.000637    |
|    n_updates            | 20           |
|    policy_gradient_loss | -0.00204     |
|    value_loss           | 0.131        |
------------------------------------------
-----------------------------------------
| rollout/                |             |
|    ep_len_mean          | 1.29e+03    |
|    ep_rew_mean          | 97.4        |
| time/                   |             |
|    fps                  | 350         |
|    iterations           | 6           |
|    time_elapsed         | 420         |
|    total_timesteps      | 147456      |
| train/                  |             |
|    approx_kl            | 0.008587284 |
|    clip_fraction        | 0.0746      |
|    clip_range           | 0.2         |
|    entropy_loss         | -1.99       |
|    explained_variance   | 0.761       |
|    learning_rate        | 0.0003      |
|    loss                 | 0.0907      |
|    n_updates            | 25          |
|    policy_gradient_loss | -0.00422    |
|    value_loss           | 0.264       |
-----------------------------------------
-----------------------------------------
| rollout/                |             |
|    ep_len_mean          | 716         |
|    ep_rew_mean          | 109         |
| time/                   |             |
|    fps                  | 350         |
|    iterations           | 7           |
|    time_elapsed         | 491         |
|    total_timesteps      | 172032      |
| train/                  |             |
|    approx_kl            | 0.007775362 |
|    clip_fraction        | 0.0469      |
|    clip_range           | 0.2         |
|    entropy_loss         | -1.95       |
|    explained_variance   | 0.856       |
|    learning_rate        | 0.0003      |
|    loss                 | 0.128       |
|    n_updates            | 30          |
|    policy_gradient_loss | -0.00448    |
|    value_loss           | 0.364       |
-----------------------------------------
------------------------------------------
| rollout/                |              |
|    ep_len_mean          | 595          |
|    ep_rew_mean          | 109          |
| time/                   |              |
|    fps                  | 348          |
|    iterations           | 8            |
|    time_elapsed         | 564          |
|    total_timesteps      | 196608       |
| train/                  |              |
|    approx_kl            | 0.0056719645 |
|    clip_fraction        | 0.0288       |
|    clip_range           | 0.2          |
|    entropy_loss         | -1.93        |
|    explained_variance   | 0.896        |
|    learning_rate        | 0.0003       |
|    loss                 | 0.0801       |
|    n_updates            | 35           |
|    policy_gradient_loss | -0.00327     |
|    value_loss           | 0.277        |
------------------------------------------
-----------------------------------------
| rollout/                |             |
|    ep_len_mean          | 610         |
|    ep_rew_mean          | 103         |
| time/                   |             |
|    fps                  | 348         |
|    iterations           | 9           |
|    time_elapsed         | 635         |
|    total_timesteps      | 221184      |
| train/                  |             |
|    approx_kl            | 0.009223296 |
|    clip_fraction        | 0.0628      |
|    clip_range           | 0.2         |
|    entropy_loss         | -1.99       |
|    explained_variance   | 0.897       |
|    learning_rate        | 0.0003      |
|    loss                 | 0.0775      |
|    n_updates            | 40          |
|    policy_gradient_loss | -0.00496    |
|    value_loss           | 0.217       |
-----------------------------------------
------------------------------------------
| rollout/                |              |
|    ep_len_mean          | 829          |
|    ep_rew_mean          | 86.7         |
| time/                   |              |
|    fps                  | 347          |
|    iterations           | 10           |
|    time_elapsed         | 708          |
|    total_timesteps      | 245760       |
| train/                  |              |
|    approx_kl            | 0.0076033375 |
|    clip_fraction        | 0.0641       |
|    clip_range           | 0.2          |
|    entropy_loss         | -1.99        |
|    explained_variance   | 0.934        |
|    learning_rate        | 0.0003       |
|    loss                 | 0.0195       |
|    n_updates            | 45           |
|    policy_gradient_loss | -0.00465     |
|    value_loss           | 0.135        |
------------------------------------------
-----------------------------------------
| rollout/                |             |
|    ep_len_mean          | 865         |
|    ep_rew_mean          | 84.1        |
| time/                   |             |
|    fps                  | 345         |
|    iterations           | 11          |
|    time_elapsed         | 782         |
|    total_timesteps      | 270336      |
| train/                  |             |
|    approx_kl            | 0.010443263 |
|    clip_fraction        | 0.105       |
|    clip_range           | 0.2         |
|    entropy_loss         | -2.07       |
|    explained_variance   | 0.95        |
|    learning_rate        | 0.0003      |
|    loss                 | 0.0253      |
|    n_updates            | 50          |
|    policy_gradient_loss | -0.00598    |
|    value_loss           | 0.0951      |
-----------------------------------------
-----------------------------------------
| rollout/                |             |
|    ep_len_mean          | 690         |
|    ep_rew_mean          | 95.2        |
| time/                   |             |
|    fps                  | 344         |
|    iterations           | 12          |
|    time_elapsed         | 856         |
|    total_timesteps      | 294912      |
| train/                  |             |
|    approx_kl            | 0.009866652 |
|    clip_fraction        | 0.113       |
|    clip_range           | 0.2         |
|    entropy_loss         | -2.15       |
|    explained_variance   | 0.963       |
|    learning_rate        | 0.0003      |
|    loss                 | -0.00642    |
|    n_updates            | 55          |
|    policy_gradient_loss | -0.00593    |
|    value_loss           | 0.0714      |
-----------------------------------------
---------------------------------------
| rollout/                |           |
|    ep_len_mean          | 198       |
|    ep_rew_mean          | 122       |
| time/                   |           |
|    fps                  | 344       |
|    iterations           | 13        |
|    time_elapsed         | 928       |
|    total_timesteps      | 319488    |
| train/                  |           |
|    approx_kl            | 0.0104882 |
|    clip_fraction        | 0.113     |
|    clip_range           | 0.2       |
|    entropy_loss         | -2.07     |
|    explained_variance   | 0.981     |
|    learning_rate        | 0.0003    |
|    loss                 | 0.000115  |
|    n_updates            | 60        |
|    policy_gradient_loss | -0.00721  |
|    value_loss           | 0.0892    |
---------------------------------------
-----------------------------------------
| rollout/                |             |
|    ep_len_mean          | 234         |
|    ep_rew_mean          | 122         |
| time/                   |             |
|    fps                  | 343         |
|    iterations           | 14          |
|    time_elapsed         | 1000        |
|    total_timesteps      | 344064      |
| train/                  |             |
|    approx_kl            | 0.009012412 |
|    clip_fraction        | 0.0703      |
|    clip_range           | 0.2         |
|    entropy_loss         | -1.97       |
|    explained_variance   | 0.976       |
|    learning_rate        | 0.0003      |
|    loss                 | 0.0035      |
|    n_updates            | 65          |
|    policy_gradient_loss | -0.00749    |
|    value_loss           | 0.135       |
-----------------------------------------
-----------------------------------------
| rollout/                |             |
|    ep_len_mean          | 129         |
|    ep_rew_mean          | 119         |
| time/                   |             |
|    fps                  | 343         |
|    iterations           | 15          |
|    time_elapsed         | 1072        |
|    total_timesteps      | 368640      |
| train/                  |             |
|    approx_kl            | 0.007907583 |
|    clip_fraction        | 0.0715      |
|    clip_range           | 0.2         |
|    entropy_loss         | -1.94       |
|    explained_variance   | 0.977       |
|    learning_rate        | 0.0003      |
|    loss                 | 0.00499     |
|    n_updates            | 70          |
|    policy_gradient_loss | -0.0058     |
|    value_loss           | 0.149       |
-----------------------------------------
-----------------------------------------
| rollout/                |             |
|    ep_len_mean          | 67.9        |
|    ep_rew_mean          | 120         |
| time/                   |             |
|    fps                  | 344         |
|    iterations           | 16          |
|    time_elapsed         | 1142        |
|    total_timesteps      | 393216      |
| train/                  |             |
|    approx_kl            | 0.009458032 |
|    clip_fraction        | 0.0885      |
|    clip_range           | 0.2         |
|    entropy_loss         | -1.7        |
|    explained_variance   | 0.98        |
|    learning_rate        | 0.0003      |
|    loss                 | 0.0193      |
|    n_updates            | 75          |
|    policy_gradient_loss | -0.00652    |
|    value_loss           | 0.145       |
-----------------------------------------
-----------------------------------------
| rollout/                |             |
|    ep_len_mean          | 62.1        |
|    ep_rew_mean          | 120         |
| time/                   |             |
|    fps                  | 344         |
|    iterations           | 17          |
|    time_elapsed         | 1212        |
|    total_timesteps      | 417792      |
| train/                  |             |
|    approx_kl            | 0.008714258 |
|    clip_fraction        | 0.1         |
|    clip_range           | 0.2         |
|    entropy_loss         | -1.51       |
|    explained_variance   | 0.94        |
|    learning_rate        | 0.0003      |
|    loss                 | -0.0031     |
|    n_updates            | 80          |
|    policy_gradient_loss | -0.00622    |
|    value_loss           | 0.0599      |
-----------------------------------------
-----------------------------------------
| rollout/                |             |
|    ep_len_mean          | 57.8        |
|    ep_rew_mean          | 120         |
| time/                   |             |
|    fps                  | 344         |
|    iterations           | 18          |
|    time_elapsed         | 1282        |
|    total_timesteps      | 442368      |
| train/                  |             |
|    approx_kl            | 0.010815392 |
|    clip_fraction        | 0.126       |
|    clip_range           | 0.2         |
|    entropy_loss         | -1.42       |
|    explained_variance   | 0.908       |
|    learning_rate        | 0.0003      |
|    loss                 | -0.00956    |
|    n_updates            | 85          |
|    policy_gradient_loss | -0.00856    |
|    value_loss           | 0.0484      |
-----------------------------------------
-----------------------------------------
| rollout/                |             |
|    ep_len_mean          | 104         |
|    ep_rew_mean          | 119         |
| time/                   |             |
|    fps                  | 344         |
|    iterations           | 19          |
|    time_elapsed         | 1355        |
|    total_timesteps      | 466944      |
| train/                  |             |
|    approx_kl            | 0.011440136 |
|    clip_fraction        | 0.126       |
|    clip_range           | 0.2         |
|    entropy_loss         | -1.42       |
|    explained_variance   | 0.983       |
|    learning_rate        | 0.0003      |
|    loss                 | -0.00805    |
|    n_updates            | 90          |
|    policy_gradient_loss | -0.00885    |
|    value_loss           | 0.0333      |
-----------------------------------------
-----------------------------------------
| rollout/                |             |
|    ep_len_mean          | 50.9        |
|    ep_rew_mean          | 120         |
| time/                   |             |
|    fps                  | 344         |
|    iterations           | 20          |
|    time_elapsed         | 1425        |
|    total_timesteps      | 491520      |
| train/                  |             |
|    approx_kl            | 0.009629024 |
|    clip_fraction        | 0.138       |
|    clip_range           | 0.2         |
|    entropy_loss         | -1.31       |
|    explained_variance   | 0.995       |
|    learning_rate        | 0.0003      |
|    loss                 | -0.0219     |
|    n_updates            | 95          |
|    policy_gradient_loss | -0.0111     |
|    value_loss           | 0.0129      |
-----------------------------------------
[Checkpoint] Saved at 500000 steps > /home/runner/work/Disciples2-RL/Disciples2-RL/github_experiments/121/default/blue_dragon/seed121-default-blue_dragon-30278982243-1/checkpoints/campaign_ppo_step_500000.zip
-----------------------------------------
| rollout/                |             |
|    ep_len_mean          | 50.1        |
|    ep_rew_mean          | 120         |
| time/                   |             |
|    fps                  | 344         |
|    iterations           | 21          |
|    time_elapsed         | 1496        |
|    total_timesteps      | 516096      |
| train/                  |             |
|    approx_kl            | 0.011697509 |
|    clip_fraction        | 0.157       |
|    clip_range           | 0.2         |
|    entropy_loss         | -1.11       |
|    explained_variance   | 0.787       |
|    learning_rate        | 0.0003      |
|    loss                 | -0.0303     |
|    n_updates            | 100         |
|    policy_gradient_loss | -0.0163     |
|    value_loss           | 0.00591     |
-----------------------------------------
-----------------------------------------
| rollout/                |             |
|    ep_len_mean          | 47.7        |
|    ep_rew_mean          | 121         |
| time/                   |             |
|    fps                  | 345         |
|    iterations           | 22          |
|    time_elapsed         | 1566        |
|    total_timesteps      | 540672      |
| train/                  |             |
|    approx_kl            | 0.011580617 |
|    clip_fraction        | 0.141       |
|    clip_range           | 0.2         |
|    entropy_loss         | -1.04       |
|    explained_variance   | 0.706       |
|    learning_rate        | 0.0003      |
|    loss                 | -0.0294     |
|    n_updates            | 105         |
|    policy_gradient_loss | -0.0159     |
|    value_loss           | 0.00564     |
-----------------------------------------
-----------------------------------------
| rollout/                |             |
|    ep_len_mean          | 46.4        |
|    ep_rew_mean          | 122         |
| time/                   |             |
|    fps                  | 345         |
|    iterations           | 23          |
|    time_elapsed         | 1637        |
|    total_timesteps      | 565248      |
| train/                  |             |
|    approx_kl            | 0.011877865 |
|    clip_fraction        | 0.131       |
|    clip_range           | 0.2         |
|    entropy_loss         | -0.908      |
|    explained_variance   | 0.71        |
|    learning_rate        | 0.0003      |
|    loss                 | -0.0362     |
|    n_updates            | 110         |
|    policy_gradient_loss | -0.0166     |
|    value_loss           | 0.00457     |
-----------------------------------------
-----------------------------------------
| rollout/                |             |
|    ep_len_mean          | 45.4        |
|    ep_rew_mean          | 123         |
| time/                   |             |
|    fps                  | 345         |
|    iterations           | 24          |
|    time_elapsed         | 1707        |
|    total_timesteps      | 589824      |
| train/                  |             |
|    approx_kl            | 0.010369765 |
|    clip_fraction        | 0.12        |
|    clip_range           | 0.2         |
|    entropy_loss         | -0.846      |
|    explained_variance   | 0.819       |
|    learning_rate        | 0.0003      |
|    loss                 | -0.0244     |
|    n_updates            | 115         |
|    policy_gradient_loss | -0.0144     |
|    value_loss           | 0.00709     |
-----------------------------------------
-----------------------------------------
| rollout/                |             |
|    ep_len_mean          | 44.4        |
|    ep_rew_mean          | 124         |
| time/                   |             |
|    fps                  | 345         |
|    iterations           | 25          |
|    time_elapsed         | 1777        |
|    total_timesteps      | 614400      |
| train/                  |             |
|    approx_kl            | 0.008166178 |
|    clip_fraction        | 0.103       |
|    clip_range           | 0.2         |
|    entropy_loss         | -0.759      |
|    explained_variance   | 0.72        |
|    learning_rate        | 0.0003      |
|    loss                 | -0.0236     |
|    n_updates            | 120         |
|    policy_gradient_loss | -0.0166     |
|    value_loss           | 0.0043      |
-----------------------------------------
------------------------------------------
| rollout/                |              |
|    ep_len_mean          | 44.1         |
|    ep_rew_mean          | 125          |
| time/                   |              |
|    fps                  | 345          |
|    iterations           | 26           |
|    time_elapsed         | 1847         |
|    total_timesteps      | 638976       |
| train/                  |              |
|    approx_kl            | 0.0066804527 |
|    clip_fraction        | 0.0948       |
|    clip_range           | 0.2          |
|    entropy_loss         | -0.65        |
|    explained_variance   | 0.779        |
|    learning_rate        | 0.0003       |
|    loss                 | -0.0137      |
|    n_updates            | 125          |
|    policy_gradient_loss | -0.0131      |
|    value_loss           | 0.00347      |
------------------------------------------
------------------------------------------
| rollout/                |              |
|    ep_len_mean          | 44.4         |
|    ep_rew_mean          | 126          |
| time/                   |              |
|    fps                  | 345          |
|    iterations           | 27           |
|    time_elapsed         | 1919         |
|    total_timesteps      | 663552       |
| train/                  |              |
|    approx_kl            | 0.0057810545 |
|    clip_fraction        | 0.0788       |
|    clip_range           | 0.2          |
|    entropy_loss         | -0.593       |
|    explained_variance   | 0.821        |
|    learning_rate        | 0.0003       |
|    loss                 | -0.0106      |
|    n_updates            | 130          |
|    policy_gradient_loss | -0.0105      |
|    value_loss           | 0.00303      |
------------------------------------------
------------------------------------------
| rollout/                |              |
|    ep_len_mean          | 44.6         |
|    ep_rew_mean          | 126          |
| time/                   |              |
|    fps                  | 345          |
|    iterations           | 28           |
|    time_elapsed         | 1992         |
|    total_timesteps      | 688128       |
| train/                  |              |
|    approx_kl            | 0.0046946662 |
|    clip_fraction        | 0.0681       |
|    clip_range           | 0.2          |
|    entropy_loss         | -0.574       |
|    explained_variance   | 0.8          |
|    learning_rate        | 0.0003       |
|    loss                 | -0.0183      |
|    n_updates            | 135          |
|    policy_gradient_loss | -0.00855     |
|    value_loss           | 0.0036       |
------------------------------------------
------------------------------------------
| rollout/                |              |
|    ep_len_mean          | 43.9         |
|    ep_rew_mean          | 126          |
| time/                   |              |
|    fps                  | 345          |
|    iterations           | 29           |
|    time_elapsed         | 2062         |
|    total_timesteps      | 712704       |
| train/                  |              |
|    approx_kl            | 0.0048139547 |
|    clip_fraction        | 0.0674       |
|    clip_range           | 0.2          |
|    entropy_loss         | -0.546       |
|    explained_variance   | 0.743        |
|    learning_rate        | 0.0003       |
|    loss                 | -0.027       |
|    n_updates            | 140          |
|    policy_gradient_loss | -0.00933     |
|    value_loss           | 0.00521      |
------------------------------------------
------------------------------------------
| rollout/                |              |
|    ep_len_mean          | 44           |
|    ep_rew_mean          | 127          |
| time/                   |              |
|    fps                  | 345          |
|    iterations           | 30           |
|    time_elapsed         | 2132         |
|    total_timesteps      | 737280       |
| train/                  |              |
|    approx_kl            | 0.0047111516 |
|    clip_fraction        | 0.0562       |
|    clip_range           | 0.2          |
|    entropy_loss         | -0.517       |
|    explained_variance   | 0.784        |
|    learning_rate        | 0.0003       |
|    loss                 | -0.00677     |
|    n_updates            | 145          |
|    policy_gradient_loss | -0.00935     |
|    value_loss           | 0.0044       |
------------------------------------------
------------------------------------------
| rollout/                |              |
|    ep_len_mean          | 44.6         |
|    ep_rew_mean          | 128          |
| time/                   |              |
|    fps                  | 345          |
|    iterations           | 31           |
|    time_elapsed         | 2203         |
|    total_timesteps      | 761856       |
| train/                  |              |
|    approx_kl            | 0.0050405078 |
|    clip_fraction        | 0.0478       |
|    clip_range           | 0.2          |
|    entropy_loss         | -0.6         |
|    explained_variance   | 0.849        |
|    learning_rate        | 0.0003       |
|    loss                 | -0.00274     |
|    n_updates            | 150          |
|    policy_gradient_loss | -0.00432     |
|    value_loss           | 0.0152       |
------------------------------------------
-----------------------------------------
| rollout/                |             |
|    ep_len_mean          | 43.8        |
|    ep_rew_mean          | 128         |
| time/                   |             |
|    fps                  | 345         |
|    iterations           | 32          |
|    time_elapsed         | 2275        |
|    total_timesteps      | 786432      |
| train/                  |             |
|    approx_kl            | 0.008494114 |
|    clip_fraction        | 0.0694      |
|    clip_range           | 0.2         |
|    entropy_loss         | -0.811      |
|    explained_variance   | 0.976       |
|    learning_rate        | 0.0003      |
|    loss                 | -0.00216    |
|    n_updates            | 155         |
|    policy_gradient_loss | -0.00485    |
|    value_loss           | 0.0117      |
-----------------------------------------
-----------------------------------------
| rollout/                |             |
|    ep_len_mean          | 45.9        |
|    ep_rew_mean          | 129         |
| time/                   |             |
|    fps                  | 345         |
|    iterations           | 33          |
|    time_elapsed         | 2347        |
|    total_timesteps      | 811008      |
| train/                  |             |
|    approx_kl            | 0.006070019 |
|    clip_fraction        | 0.0596      |
|    clip_range           | 0.2         |
|    entropy_loss         | -0.758      |
|    explained_variance   | 0.99        |
|    learning_rate        | 0.0003      |
|    loss                 | -0.0142     |
|    n_updates            | 160         |
|    policy_gradient_loss | -0.00379    |
|    value_loss           | 0.00581     |
-----------------------------------------
-----------------------------------------
| rollout/                |             |
|    ep_len_mean          | 45.7        |
|    ep_rew_mean          | 130         |
| time/                   |             |
|    fps                  | 345         |
|    iterations           | 34          |
|    time_elapsed         | 2418        |
|    total_timesteps      | 835584      |
| train/                  |             |
|    approx_kl            | 0.005850784 |
|    clip_fraction        | 0.0699      |
|    clip_range           | 0.2         |
|    entropy_loss         | -0.623      |
|    explained_variance   | 0.982       |
|    learning_rate        | 0.0003      |
|    loss                 | -0.0167     |
|    n_updates            | 165         |
|    policy_gradient_loss | -0.00542    |
|    value_loss           | 0.0151      |
-----------------------------------------
------------------------------------------
| rollout/                |              |
|    ep_len_mean          | 46.8         |
|    ep_rew_mean          | 131          |
| time/                   |              |
|    fps                  | 345          |
|    iterations           | 35           |
|    time_elapsed         | 2490         |
|    total_timesteps      | 860160       |
| train/                  |              |
|    approx_kl            | 0.0068356446 |
|    clip_fraction        | 0.0667       |
|    clip_range           | 0.2          |
|    entropy_loss         | -0.636       |
|    explained_variance   | 0.99         |
|    learning_rate        | 0.0003       |
|    loss                 | -0.0105      |
|    n_updates            | 170          |
|    policy_gradient_loss | -0.00601     |
|    value_loss           | 0.0107       |
------------------------------------------
------------------------------------------
| rollout/                |              |
|    ep_len_mean          | 46.9         |
|    ep_rew_mean          | 131          |
| time/                   |              |
|    fps                  | 345          |
|    iterations           | 36           |
|    time_elapsed         | 2562         |
|    total_timesteps      | 884736       |
| train/                  |              |
|    approx_kl            | 0.0051414925 |
|    clip_fraction        | 0.0606       |
|    clip_range           | 0.2          |
|    entropy_loss         | -0.597       |
|    explained_variance   | 0.992        |
|    learning_rate        | 0.0003       |
|    loss                 | -0.0133      |
|    n_updates            | 175          |
|    policy_gradient_loss | -0.00465     |
|    value_loss           | 0.00932      |
------------------------------------------
------------------------------------------
| rollout/                |              |
|    ep_len_mean          | 47.4         |
|    ep_rew_mean          | 133          |
| time/                   |              |
|    fps                  | 345          |
|    iterations           | 37           |
|    time_elapsed         | 2633         |
|    total_timesteps      | 909312       |
| train/                  |              |
|    approx_kl            | 0.0031646795 |
|    clip_fraction        | 0.0386       |
|    clip_range           | 0.2          |
|    entropy_loss         | -0.408       |
|    explained_variance   | 0.793        |
|    learning_rate        | 0.0003       |
|    loss                 | -0.0132      |
|    n_updates            | 180          |
|    policy_gradient_loss | -0.0021      |
|    value_loss           | 0.00519      |
------------------------------------------
-----------------------------------------
| rollout/                |             |
|    ep_len_mean          | 48.1        |
|    ep_rew_mean          | 133         |
| time/                   |             |
|    fps                  | 345         |
|    iterations           | 38          |
|    time_elapsed         | 2703        |
|    total_timesteps      | 933888      |
| train/                  |             |
|    approx_kl            | 0.004771011 |
|    clip_fraction        | 0.048       |
|    clip_range           | 0.2         |
|    entropy_loss         | -0.627      |
|    explained_variance   | 0.977       |
|    learning_rate        | 0.0003      |
|    loss                 | -0.00562    |
|    n_updates            | 185         |
|    policy_gradient_loss | -0.00381    |
|    value_loss           | 0.0222      |
-----------------------------------------
------------------------------------------
| rollout/                |              |
|    ep_len_mean          | 97           |
|    ep_rew_mean          | 131          |
| time/                   |              |
|    fps                  | 345          |
|    iterations           | 39           |
|    time_elapsed         | 2776         |
|    total_timesteps      | 958464       |
| train/                  |              |
|    approx_kl            | 0.0057827495 |
|    clip_fraction        | 0.048        |
|    clip_range           | 0.2          |
|    entropy_loss         | -0.818       |
|    explained_variance   | 0.995        |
|    learning_rate        | 0.0003       |
|    loss                 | -0.000522    |
|    n_updates            | 190          |
|    policy_gradient_loss | -0.00316     |
|    value_loss           | 0.013        |
------------------------------------------
-----------------------------------------
| rollout/                |             |
|    ep_len_mean          | 47.5        |
|    ep_rew_mean          | 133         |
| time/                   |             |
|    fps                  | 345         |
|    iterations           | 40          |
|    time_elapsed         | 2846        |
|    total_timesteps      | 983040      |
| train/                  |             |
|    approx_kl            | 0.004760982 |
|    clip_fraction        | 0.0556      |
|    clip_range           | 0.2         |
|    entropy_loss         | -0.784      |
|    explained_variance   | 0.993       |
|    learning_rate        | 0.0003      |
|    loss                 | -0.0112     |
|    n_updates            | 195         |
|    policy_gradient_loss | -0.00375    |
|    value_loss           | 0.0169      |
-----------------------------------------
[Checkpoint] Saved at 1000000 steps > /home/runner/work/Disciples2-RL/Disciples2-RL/github_experiments/121/default/blue_dragon/seed121-default-blue_dragon-30278982243-1/checkpoints/campaign_ppo_step_1000000.zip
Eval num_timesteps=1000008, det_reward=135.82 +/- 0.01
Episode length: det=49.05 +/- 1.07
Victory rate: det=100.00%
--------------------------------------------------
| eval/                           |              |
|    deterministic_mean_ep_length | 49           |
|    deterministic_mean_reward    | 136          |
|    deterministic_victory_rate   | 1            |
|    mean_ep_length               | 49           |
|    mean_reward                  | 136          |
|    victory_rate                 | 1            |
| time/                           |              |
|    total_timesteps              | 1000008      |
| train/                          |              |
|    approx_kl                    | 0.0056057726 |
|    clip_fraction                | 0.0516       |
|    clip_range                   | 0.2          |
|    entropy_loss                 | -0.736       |
|    explained_variance           | 0.994        |
|    learning_rate                | 0.0003       |
|    loss                         | -0.0114      |
|    n_updates                    | 200          |
|    policy_gradient_loss         | -0.00294     |
|    value_loss                   | 0.0138       |
--------------------------------------------------
New best model by deterministic victory rate!
---------------------------------
| rollout/           |          |
|    ep_len_mean     | 48.1     |
|    ep_rew_mean     | 133      |
| time/              |          |
|    fps             | 344      |
|    iterations      | 41       |
|    time_elapsed    | 2922     |
|    total_timesteps | 1007616  |
---------------------------------
VecNormalize stats saved: /home/runner/work/Disciples2-RL/Disciples2-RL/github_experiments/121/default/blue_dragon/seed121-default-blue_dragon-30278982243-1/models/vecnormalize.pkl

Финальная модель сохранена: /home/runner/work/Disciples2-RL/Disciples2-RL/github_experiments/121/default/blue_dragon/seed121-default-blue_dragon-30278982243-1/models/final_model.zip

============================================================
ИТОГИ ОБУЧЕНИЯ:
  Побед: 13032
  Поражений: 4
  Таймаутов: 39
  Побед бота столицы над врагами: 0
  Перестановок юнитов: 130552
  Терминальные поражения по противникам:
    enemy_75: 4 — Страж столицы Империи: Мизраэль
  Winrate: 99.7%
============================================================
  График призывов за эпизод: /home/runner/work/Disciples2-RL/Disciples2-RL/github_experiments/121/default/blue_dragon/seed121-default-blue_dragon-30278982243-1/plots/campaign_summoned_units_per_episode.png
  График призывов за всё обучение: /home/runner/work/Disciples2-RL/Disciples2-RL/github_experiments/121/default/blue_dragon/seed121-default-blue_dragon-30278982243-1/plots/campaign_summoned_units_cumulative.png
  График найма за эпизод: /home/runner/work/Disciples2-RL/Disciples2-RL/github_experiments/121/default/blue_dragon/seed121-default-blue_dragon-30278982243-1/plots/campaign_hired_units_per_episode.png
  График найма за всё обучение: /home/runner/work/Disciples2-RL/Disciples2-RL/github_experiments/121/default/blue_dragon/seed121-default-blue_dragon-30278982243-1/plots/campaign_hired_units_cumulative.png
  График перестановок юнитов за эпизод: /home/runner/work/Disciples2-RL/Disciples2-RL/github_experiments/121/default/blue_dragon/seed121-default-blue_dragon-30278982243-1/plots/campaign_unit_swaps_per_episode.png
  График боевых предметов: /home/runner/work/Disciples2-RL/Disciples2-RL/github_experiments/121/default/blue_dragon/seed121-default-blue_dragon-30278982243-1/plots/campaign_battle_item_activity.png
  График побед бота столицы за эпизод: /home/runner/work/Disciples2-RL/Disciples2-RL/github_experiments/121/default/blue_dragon/seed121-default-blue_dragon-30278982243-1/plots/campaign_scripted_bot_victories_per_episode.png
  График применения заклинаний: /home/runner/work/Disciples2-RL/Disciples2-RL/github_experiments/121/default/blue_dragon/seed121-default-blue_dragon-30278982243-1/plots/campaign_spell_cast_activity.png
