Проверка среды CampaignEnv...
Среда прошла проверку!
[INFO] Comet disabled, running without experiment tracking
Создание 12 параллельных сред (subproc)...
Инициализация MaskablePPO...
Using cpu device

============================================================
Запуск обучения Campaign Agent
Всего шагов: 1,000,000
Параллельных сред: 12
VecEnv: subproc
VecEnv start method: forkserver
Seed: 126
Checkpoint каждые: 500,000 шагов
Evaluation каждые: 83,334 шагов
Eval deterministic эпизодов: 20
Eval stochastic эпизодов: 0
Eval лимит шагов на эпизод: 5000
Campaign map: hire_train
Campaign objective: orc
System resources at training start:
  Platform: Linux 6.17.0-1020-azure (x86_64)
  Python: 3.14.6
  PyTorch: 2.13.0+cpu
  Training device: cpu
  CPU model: AMD EPYC 7763 64-Core Processor
  CPU vendor: AuthenticAMD
  Logical CPUs visible: 4
  Process CPU affinity: 4
  Sockets: 1
  Cores per socket: 2
  Threads per core: 2
  CPU max MHz: unknown
  CPU min MHz: unknown
  L1d cache: 64 KiB (2 instances)
  L1i cache: 64 KiB (2 instances)
  L2 cache: 1 MiB (2 instances)
  L3 cache: 32 MiB (1 instance)
  Virtualization: AMD-V
  Hypervisor: Microsoft
  RAM total: 15.61 GiB
  RAM available at start: 13.96 GiB
  Disk total: 144.26 GiB
  Disk free at start: 80.70 GiB
  Torch intra-op threads: 4
  Torch inter-op threads: 2
  OMP_NUM_THREADS: 4
  MKL_NUM_THREADS: 4
  OPENBLAS_NUM_THREADS: 4
  GitHub runner OS: Linux
  GitHub runner architecture: X64
  GitHub runner environment: github-hosted
PPO n_steps: 2,048
PPO batch_size: 512
PPO n_epochs: 5
PPO learning_rate: 0.0003
PPO clip_range: 0.2
PPO ent_coef: 0.01
PPO gamma: 0.995
PPO gae_lambda: 0.95
PPO target_kl: disabled
PPO gradient batches per rollout: 240
VecCheckNan: disabled
Freeze action layout: enabled
Empire territory: enabled
Torch threads per process: 4
Diagnostics: disabled
Wall-clock training limit: disabled
Run ID: seed126-hire_train-orc-31565215450-1
============================================================

Logging to /home/runner/work/Disciples2-RL/Disciples2-RL/github_experiments/126/hire_train/orc/seed126-hire_train-orc-31565215450-1/tensorboard/MaskablePPO_1
---------------------------------
| rollout/           |          |
|    ep_len_mean     | 875      |
|    ep_rew_mean     | -43.2    |
| time/              |          |
|    fps             | 566      |
|    iterations      | 1        |
|    time_elapsed    | 43       |
|    total_timesteps | 24576    |
---------------------------------
------------------------------------------
| rollout/                |              |
|    ep_len_mean          | 2.24e+03     |
|    ep_rew_mean          | -157         |
| time/                   |              |
|    fps                  | 546          |
|    iterations           | 2            |
|    time_elapsed         | 89           |
|    total_timesteps      | 49152        |
| train/                  |              |
|    approx_kl            | 0.0070686303 |
|    clip_fraction        | 0.0344       |
|    clip_range           | 0.2          |
|    entropy_loss         | -2.21        |
|    explained_variance   | 0.215        |
|    learning_rate        | 0.0003       |
|    loss                 | -0.0171      |
|    n_updates            | 5            |
|    policy_gradient_loss | -0.00397     |
|    value_loss           | 0.0924       |
------------------------------------------
-----------------------------------------
| rollout/                |             |
|    ep_len_mean          | 1.87e+03    |
|    ep_rew_mean          | -120        |
| time/                   |             |
|    fps                  | 540         |
|    iterations           | 3           |
|    time_elapsed         | 136         |
|    total_timesteps      | 73728       |
| train/                  |             |
|    approx_kl            | 0.010408665 |
|    clip_fraction        | 0.0633      |
|    clip_range           | 0.2         |
|    entropy_loss         | -2.21       |
|    explained_variance   | 0.462       |
|    learning_rate        | 0.0003      |
|    loss                 | -0.02       |
|    n_updates            | 10          |
|    policy_gradient_loss | -0.00492    |
|    value_loss           | 0.0231      |
-----------------------------------------
-----------------------------------------
| rollout/                |             |
|    ep_len_mean          | 1.5e+03     |
|    ep_rew_mean          | -99.8       |
| time/                   |             |
|    fps                  | 538         |
|    iterations           | 4           |
|    time_elapsed         | 182         |
|    total_timesteps      | 98304       |
| train/                  |             |
|    approx_kl            | 0.009209885 |
|    clip_fraction        | 0.0587      |
|    clip_range           | 0.2         |
|    entropy_loss         | -2.2        |
|    explained_variance   | 0.433       |
|    learning_rate        | 0.0003      |
|    loss                 | 0.00698     |
|    n_updates            | 15          |
|    policy_gradient_loss | -0.00606    |
|    value_loss           | 0.0702      |
-----------------------------------------
-----------------------------------------
| rollout/                |             |
|    ep_len_mean          | 563         |
|    ep_rew_mean          | -24.5       |
| time/                   |             |
|    fps                  | 539         |
|    iterations           | 5           |
|    time_elapsed         | 227         |
|    total_timesteps      | 122880      |
| train/                  |             |
|    approx_kl            | 0.009275647 |
|    clip_fraction        | 0.0568      |
|    clip_range           | 0.2         |
|    entropy_loss         | -2.17       |
|    explained_variance   | 0.487       |
|    learning_rate        | 0.0003      |
|    loss                 | -0.0125     |
|    n_updates            | 20          |
|    policy_gradient_loss | -0.00591    |
|    value_loss           | 0.0371      |
-----------------------------------------
-----------------------------------------
| rollout/                |             |
|    ep_len_mean          | 188         |
|    ep_rew_mean          | 12.5        |
| time/                   |             |
|    fps                  | 541         |
|    iterations           | 6           |
|    time_elapsed         | 272         |
|    total_timesteps      | 147456      |
| train/                  |             |
|    approx_kl            | 0.008580727 |
|    clip_fraction        | 0.057       |
|    clip_range           | 0.2         |
|    entropy_loss         | -2.14       |
|    explained_variance   | 0.338       |
|    learning_rate        | 0.0003      |
|    loss                 | 0.0247      |
|    n_updates            | 25          |
|    policy_gradient_loss | -0.00685    |
|    value_loss           | 0.148       |
-----------------------------------------
-----------------------------------------
| rollout/                |             |
|    ep_len_mean          | 158         |
|    ep_rew_mean          | 33.6        |
| time/                   |             |
|    fps                  | 543         |
|    iterations           | 7           |
|    time_elapsed         | 316         |
|    total_timesteps      | 172032      |
| train/                  |             |
|    approx_kl            | 0.008982041 |
|    clip_fraction        | 0.0811      |
|    clip_range           | 0.2         |
|    entropy_loss         | -2.11       |
|    explained_variance   | 0.363       |
|    learning_rate        | 0.0003      |
|    loss                 | 0.0489      |
|    n_updates            | 30          |
|    policy_gradient_loss | -0.00886    |
|    value_loss           | 0.15        |
-----------------------------------------
-----------------------------------------
| rollout/                |             |
|    ep_len_mean          | 144         |
|    ep_rew_mean          | 52.3        |
| time/                   |             |
|    fps                  | 545         |
|    iterations           | 8           |
|    time_elapsed         | 360         |
|    total_timesteps      | 196608      |
| train/                  |             |
|    approx_kl            | 0.009953667 |
|    clip_fraction        | 0.0769      |
|    clip_range           | 0.2         |
|    entropy_loss         | -2.07       |
|    explained_variance   | 0.408       |
|    learning_rate        | 0.0003      |
|    loss                 | 0.173       |
|    n_updates            | 35          |
|    policy_gradient_loss | -0.00837    |
|    value_loss           | 0.358       |
-----------------------------------------
-----------------------------------------
| rollout/                |             |
|    ep_len_mean          | 123         |
|    ep_rew_mean          | 68.8        |
| time/                   |             |
|    fps                  | 546         |
|    iterations           | 9           |
|    time_elapsed         | 405         |
|    total_timesteps      | 221184      |
| train/                  |             |
|    approx_kl            | 0.009697945 |
|    clip_fraction        | 0.099       |
|    clip_range           | 0.2         |
|    entropy_loss         | -2.02       |
|    explained_variance   | 0.506       |
|    learning_rate        | 0.0003      |
|    loss                 | 0.166       |
|    n_updates            | 40          |
|    policy_gradient_loss | -0.0098     |
|    value_loss           | 0.526       |
-----------------------------------------
-----------------------------------------
| rollout/                |             |
|    ep_len_mean          | 99.4        |
|    ep_rew_mean          | 79.2        |
| time/                   |             |
|    fps                  | 546         |
|    iterations           | 10          |
|    time_elapsed         | 449         |
|    total_timesteps      | 245760      |
| train/                  |             |
|    approx_kl            | 0.011078321 |
|    clip_fraction        | 0.113       |
|    clip_range           | 0.2         |
|    entropy_loss         | -1.98       |
|    explained_variance   | 0.589       |
|    learning_rate        | 0.0003      |
|    loss                 | 0.278       |
|    n_updates            | 45          |
|    policy_gradient_loss | -0.0106     |
|    value_loss           | 0.636       |
-----------------------------------------
-----------------------------------------
| rollout/                |             |
|    ep_len_mean          | 90.5        |
|    ep_rew_mean          | 89.3        |
| time/                   |             |
|    fps                  | 547         |
|    iterations           | 11          |
|    time_elapsed         | 493         |
|    total_timesteps      | 270336      |
| train/                  |             |
|    approx_kl            | 0.009119526 |
|    clip_fraction        | 0.0885      |
|    clip_range           | 0.2         |
|    entropy_loss         | -1.93       |
|    explained_variance   | 0.636       |
|    learning_rate        | 0.0003      |
|    loss                 | 0.357       |
|    n_updates            | 50          |
|    policy_gradient_loss | -0.00759    |
|    value_loss           | 0.802       |
-----------------------------------------
-----------------------------------------
| rollout/                |             |
|    ep_len_mean          | 80.9        |
|    ep_rew_mean          | 100         |
| time/                   |             |
|    fps                  | 548         |
|    iterations           | 12          |
|    time_elapsed         | 537         |
|    total_timesteps      | 294912      |
| train/                  |             |
|    approx_kl            | 0.010845788 |
|    clip_fraction        | 0.103       |
|    clip_range           | 0.2         |
|    entropy_loss         | -1.86       |
|    explained_variance   | 0.643       |
|    learning_rate        | 0.0003      |
|    loss                 | 0.427       |
|    n_updates            | 55          |
|    policy_gradient_loss | -0.00825    |
|    value_loss           | 0.83        |
-----------------------------------------
-----------------------------------------
| rollout/                |             |
|    ep_len_mean          | 75.2        |
|    ep_rew_mean          | 101         |
| time/                   |             |
|    fps                  | 550         |
|    iterations           | 13          |
|    time_elapsed         | 580         |
|    total_timesteps      | 319488      |
| train/                  |             |
|    approx_kl            | 0.011192436 |
|    clip_fraction        | 0.0857      |
|    clip_range           | 0.2         |
|    entropy_loss         | -1.79       |
|    explained_variance   | 0.548       |
|    learning_rate        | 0.0003      |
|    loss                 | 0.427       |
|    n_updates            | 60          |
|    policy_gradient_loss | -0.0068     |
|    value_loss           | 0.859       |
-----------------------------------------
-----------------------------------------
| rollout/                |             |
|    ep_len_mean          | 68.6        |
|    ep_rew_mean          | 102         |
| time/                   |             |
|    fps                  | 551         |
|    iterations           | 14          |
|    time_elapsed         | 623         |
|    total_timesteps      | 344064      |
| train/                  |             |
|    approx_kl            | 0.008754644 |
|    clip_fraction        | 0.0666      |
|    clip_range           | 0.2         |
|    entropy_loss         | -1.75       |
|    explained_variance   | 0.454       |
|    learning_rate        | 0.0003      |
|    loss                 | 0.413       |
|    n_updates            | 65          |
|    policy_gradient_loss | -0.0059     |
|    value_loss           | 0.918       |
-----------------------------------------
------------------------------------------
| rollout/                |              |
|    ep_len_mean          | 67.4         |
|    ep_rew_mean          | 118          |
| time/                   |              |
|    fps                  | 552          |
|    iterations           | 15           |
|    time_elapsed         | 667          |
|    total_timesteps      | 368640       |
| train/                  |              |
|    approx_kl            | 0.0070900633 |
|    clip_fraction        | 0.0505       |
|    clip_range           | 0.2          |
|    entropy_loss         | -1.69        |
|    explained_variance   | 0.466        |
|    learning_rate        | 0.0003       |
|    loss                 | 0.39         |
|    n_updates            | 70           |
|    policy_gradient_loss | -0.0041      |
|    value_loss           | 0.852        |
------------------------------------------
-----------------------------------------
| rollout/                |             |
|    ep_len_mean          | 62.4        |
|    ep_rew_mean          | 116         |
| time/                   |             |
|    fps                  | 552         |
|    iterations           | 16          |
|    time_elapsed         | 711         |
|    total_timesteps      | 393216      |
| train/                  |             |
|    approx_kl            | 0.007377237 |
|    clip_fraction        | 0.05        |
|    clip_range           | 0.2         |
|    entropy_loss         | -1.65       |
|    explained_variance   | 0.488       |
|    learning_rate        | 0.0003      |
|    loss                 | 0.32        |
|    n_updates            | 75          |
|    policy_gradient_loss | -0.00357    |
|    value_loss           | 0.797       |
-----------------------------------------
-----------------------------------------
| rollout/                |             |
|    ep_len_mean          | 60.1        |
|    ep_rew_mean          | 131         |
| time/                   |             |
|    fps                  | 553         |
|    iterations           | 17          |
|    time_elapsed         | 754         |
|    total_timesteps      | 417792      |
| train/                  |             |
|    approx_kl            | 0.006712763 |
|    clip_fraction        | 0.0452      |
|    clip_range           | 0.2         |
|    entropy_loss         | -1.6        |
|    explained_variance   | 0.435       |
|    learning_rate        | 0.0003      |
|    loss                 | 0.381       |
|    n_updates            | 80          |
|    policy_gradient_loss | -0.00348    |
|    value_loss           | 0.744       |
-----------------------------------------
-----------------------------------------
| rollout/                |             |
|    ep_len_mean          | 56          |
|    ep_rew_mean          | 131         |
| time/                   |             |
|    fps                  | 554         |
|    iterations           | 18          |
|    time_elapsed         | 798         |
|    total_timesteps      | 442368      |
| train/                  |             |
|    approx_kl            | 0.007587144 |
|    clip_fraction        | 0.0678      |
|    clip_range           | 0.2         |
|    entropy_loss         | -1.52       |
|    explained_variance   | 0.448       |
|    learning_rate        | 0.0003      |
|    loss                 | 0.213       |
|    n_updates            | 85          |
|    policy_gradient_loss | -0.00481    |
|    value_loss           | 0.559       |
-----------------------------------------
-----------------------------------------
| rollout/                |             |
|    ep_len_mean          | 55.5        |
|    ep_rew_mean          | 136         |
| time/                   |             |
|    fps                  | 554         |
|    iterations           | 19          |
|    time_elapsed         | 841         |
|    total_timesteps      | 466944      |
| train/                  |             |
|    approx_kl            | 0.006204232 |
|    clip_fraction        | 0.0581      |
|    clip_range           | 0.2         |
|    entropy_loss         | -1.48       |
|    explained_variance   | 0.395       |
|    learning_rate        | 0.0003      |
|    loss                 | 0.247       |
|    n_updates            | 90          |
|    policy_gradient_loss | -0.00333    |
|    value_loss           | 0.483       |
-----------------------------------------
-----------------------------------------
| rollout/                |             |
|    ep_len_mean          | 52.4        |
|    ep_rew_mean          | 129         |
| time/                   |             |
|    fps                  | 554         |
|    iterations           | 20          |
|    time_elapsed         | 886         |
|    total_timesteps      | 491520      |
| train/                  |             |
|    approx_kl            | 0.008491717 |
|    clip_fraction        | 0.0709      |
|    clip_range           | 0.2         |
|    entropy_loss         | -1.46       |
|    explained_variance   | 0.375       |
|    learning_rate        | 0.0003      |
|    loss                 | 0.195       |
|    n_updates            | 95          |
|    policy_gradient_loss | -0.00404    |
|    value_loss           | 0.441       |
-----------------------------------------
[Checkpoint] Saved at 500000 steps > /home/runner/work/Disciples2-RL/Disciples2-RL/github_experiments/126/hire_train/orc/seed126-hire_train-orc-31565215450-1/checkpoints/campaign_ppo_step_500000.zip
-----------------------------------------
| rollout/                |             |
|    ep_len_mean          | 49.6        |
|    ep_rew_mean          | 136         |
| time/                   |             |
|    fps                  | 555         |
|    iterations           | 21          |
|    time_elapsed         | 929         |
|    total_timesteps      | 516096      |
| train/                  |             |
|    approx_kl            | 0.006337629 |
|    clip_fraction        | 0.0594      |
|    clip_range           | 0.2         |
|    entropy_loss         | -1.41       |
|    explained_variance   | 0.346       |
|    learning_rate        | 0.0003      |
|    loss                 | 0.144       |
|    n_updates            | 100         |
|    policy_gradient_loss | -0.00396    |
|    value_loss           | 0.388       |
-----------------------------------------
-----------------------------------------
| rollout/                |             |
|    ep_len_mean          | 48.6        |
|    ep_rew_mean          | 134         |
| time/                   |             |
|    fps                  | 555         |
|    iterations           | 22          |
|    time_elapsed         | 973         |
|    total_timesteps      | 540672      |
| train/                  |             |
|    approx_kl            | 0.003871938 |
|    clip_fraction        | 0.0529      |
|    clip_range           | 0.2         |
|    entropy_loss         | -1.38       |
|    explained_variance   | 0.34        |
|    learning_rate        | 0.0003      |
|    loss                 | 0.203       |
|    n_updates            | 105         |
|    policy_gradient_loss | -0.00345    |
|    value_loss           | 0.392       |
-----------------------------------------
-----------------------------------------
| rollout/                |             |
|    ep_len_mean          | 49          |
|    ep_rew_mean          | 136         |
| time/                   |             |
|    fps                  | 555         |
|    iterations           | 23          |
|    time_elapsed         | 1017        |
|    total_timesteps      | 565248      |
| train/                  |             |
|    approx_kl            | 0.005569712 |
|    clip_fraction        | 0.0409      |
|    clip_range           | 0.2         |
|    entropy_loss         | -1.38       |
|    explained_variance   | 0.316       |
|    learning_rate        | 0.0003      |
|    loss                 | 0.218       |
|    n_updates            | 110         |
|    policy_gradient_loss | -0.00231    |
|    value_loss           | 0.42        |
-----------------------------------------
------------------------------------------
| rollout/                |              |
|    ep_len_mean          | 49.2         |
|    ep_rew_mean          | 143          |
| time/                   |              |
|    fps                  | 555          |
|    iterations           | 24           |
|    time_elapsed         | 1061         |
|    total_timesteps      | 589824       |
| train/                  |              |
|    approx_kl            | 0.0053939824 |
|    clip_fraction        | 0.0436       |
|    clip_range           | 0.2          |
|    entropy_loss         | -1.37        |
|    explained_variance   | 0.319        |
|    learning_rate        | 0.0003       |
|    loss                 | 0.165        |
|    n_updates            | 115          |
|    policy_gradient_loss | -0.00292     |
|    value_loss           | 0.354        |
------------------------------------------
-----------------------------------------
| rollout/                |             |
|    ep_len_mean          | 48.8        |
|    ep_rew_mean          | 137         |
| time/                   |             |
|    fps                  | 555         |
|    iterations           | 25          |
|    time_elapsed         | 1105        |
|    total_timesteps      | 614400      |
| train/                  |             |
|    approx_kl            | 0.004799657 |
|    clip_fraction        | 0.0444      |
|    clip_range           | 0.2         |
|    entropy_loss         | -1.36       |
|    explained_variance   | 0.376       |
|    learning_rate        | 0.0003      |
|    loss                 | 0.0786      |
|    n_updates            | 120         |
|    policy_gradient_loss | -0.00315    |
|    value_loss           | 0.247       |
-----------------------------------------
------------------------------------------
| rollout/                |              |
|    ep_len_mean          | 46.9         |
|    ep_rew_mean          | 140          |
| time/                   |              |
|    fps                  | 555          |
|    iterations           | 26           |
|    time_elapsed         | 1149         |
|    total_timesteps      | 638976       |
| train/                  |              |
|    approx_kl            | 0.0062924265 |
|    clip_fraction        | 0.0444       |
|    clip_range           | 0.2          |
|    entropy_loss         | -1.34        |
|    explained_variance   | 0.327        |
|    learning_rate        | 0.0003       |
|    loss                 | 0.175        |
|    n_updates            | 125          |
|    policy_gradient_loss | -0.00327     |
|    value_loss           | 0.345        |
------------------------------------------
-----------------------------------------
| rollout/                |             |
|    ep_len_mean          | 47.1        |
|    ep_rew_mean          | 138         |
| time/                   |             |
|    fps                  | 556         |
|    iterations           | 27          |
|    time_elapsed         | 1193        |
|    total_timesteps      | 663552      |
| train/                  |             |
|    approx_kl            | 0.007218243 |
|    clip_fraction        | 0.0531      |
|    clip_range           | 0.2         |
|    entropy_loss         | -1.28       |
|    explained_variance   | 0.359       |
|    learning_rate        | 0.0003      |
|    loss                 | 0.124       |
|    n_updates            | 130         |
|    policy_gradient_loss | -0.00336    |
|    value_loss           | 0.273       |
-----------------------------------------
----------------------------------------
| rollout/                |            |
|    ep_len_mean          | 46.2       |
|    ep_rew_mean          | 139        |
| time/                   |            |
|    fps                  | 556        |
|    iterations           | 28         |
|    time_elapsed         | 1236       |
|    total_timesteps      | 688128     |
| train/                  |            |
|    approx_kl            | 0.00458152 |
|    clip_fraction        | 0.0476     |
|    clip_range           | 0.2        |
|    entropy_loss         | -1.25      |
|    explained_variance   | 0.37       |
|    learning_rate        | 0.0003     |
|    loss                 | 0.0971     |
|    n_updates            | 135        |
|    policy_gradient_loss | -0.0039    |
|    value_loss           | 0.255      |
----------------------------------------
------------------------------------------
| rollout/                |              |
|    ep_len_mean          | 45.2         |
|    ep_rew_mean          | 139          |
| time/                   |              |
|    fps                  | 556          |
|    iterations           | 29           |
|    time_elapsed         | 1280         |
|    total_timesteps      | 712704       |
| train/                  |              |
|    approx_kl            | 0.0043614986 |
|    clip_fraction        | 0.0387       |
|    clip_range           | 0.2          |
|    entropy_loss         | -1.23        |
|    explained_variance   | 0.427        |
|    learning_rate        | 0.0003       |
|    loss                 | 0.0739       |
|    n_updates            | 140          |
|    policy_gradient_loss | -0.00216     |
|    value_loss           | 0.247        |
------------------------------------------
-----------------------------------------
| rollout/                |             |
|    ep_len_mean          | 46.6        |
|    ep_rew_mean          | 139         |
| time/                   |             |
|    fps                  | 556         |
|    iterations           | 30          |
|    time_elapsed         | 1324        |
|    total_timesteps      | 737280      |
| train/                  |             |
|    approx_kl            | 0.004725994 |
|    clip_fraction        | 0.0443      |
|    clip_range           | 0.2         |
|    entropy_loss         | -1.22       |
|    explained_variance   | 0.348       |
|    learning_rate        | 0.0003      |
|    loss                 | 0.191       |
|    n_updates            | 145         |
|    policy_gradient_loss | -0.00266    |
|    value_loss           | 0.279       |
-----------------------------------------
-----------------------------------------
| rollout/                |             |
|    ep_len_mean          | 45.2        |
|    ep_rew_mean          | 139         |
| time/                   |             |
|    fps                  | 556         |
|    iterations           | 31          |
|    time_elapsed         | 1368        |
|    total_timesteps      | 761856      |
| train/                  |             |
|    approx_kl            | 0.005438009 |
|    clip_fraction        | 0.0592      |
|    clip_range           | 0.2         |
|    entropy_loss         | -1.2        |
|    explained_variance   | 0.389       |
|    learning_rate        | 0.0003      |
|    loss                 | 0.114       |
|    n_updates            | 150         |
|    policy_gradient_loss | -0.00286    |
|    value_loss           | 0.224       |
-----------------------------------------
------------------------------------------
| rollout/                |              |
|    ep_len_mean          | 44.7         |
|    ep_rew_mean          | 142          |
| time/                   |              |
|    fps                  | 557          |
|    iterations           | 32           |
|    time_elapsed         | 1411         |
|    total_timesteps      | 786432       |
| train/                  |              |
|    approx_kl            | 0.0049530216 |
|    clip_fraction        | 0.0508       |
|    clip_range           | 0.2          |
|    entropy_loss         | -1.16        |
|    explained_variance   | 0.467        |
|    learning_rate        | 0.0003       |
|    loss                 | 0.0675       |
|    n_updates            | 155          |
|    policy_gradient_loss | -0.00336     |
|    value_loss           | 0.183        |
------------------------------------------
-----------------------------------------
| rollout/                |             |
|    ep_len_mean          | 44          |
|    ep_rew_mean          | 142         |
| time/                   |             |
|    fps                  | 557         |
|    iterations           | 33          |
|    time_elapsed         | 1455        |
|    total_timesteps      | 811008      |
| train/                  |             |
|    approx_kl            | 0.004898941 |
|    clip_fraction        | 0.0533      |
|    clip_range           | 0.2         |
|    entropy_loss         | -1.14       |
|    explained_variance   | 0.431       |
|    learning_rate        | 0.0003      |
|    loss                 | 0.0482      |
|    n_updates            | 160         |
|    policy_gradient_loss | -0.00339    |
|    value_loss           | 0.202       |
-----------------------------------------
-----------------------------------------
| rollout/                |             |
|    ep_len_mean          | 44.3        |
|    ep_rew_mean          | 138         |
| time/                   |             |
|    fps                  | 557         |
|    iterations           | 34          |
|    time_elapsed         | 1499        |
|    total_timesteps      | 835584      |
| train/                  |             |
|    approx_kl            | 0.003917987 |
|    clip_fraction        | 0.0368      |
|    clip_range           | 0.2         |
|    entropy_loss         | -1.11       |
|    explained_variance   | 0.438       |
|    learning_rate        | 0.0003      |
|    loss                 | 0.0508      |
|    n_updates            | 165         |
|    policy_gradient_loss | -0.00256    |
|    value_loss           | 0.131       |
-----------------------------------------
------------------------------------------
| rollout/                |              |
|    ep_len_mean          | 43.7         |
|    ep_rew_mean          | 142          |
| time/                   |              |
|    fps                  | 557          |
|    iterations           | 35           |
|    time_elapsed         | 1543         |
|    total_timesteps      | 860160       |
| train/                  |              |
|    approx_kl            | 0.0051158126 |
|    clip_fraction        | 0.052        |
|    clip_range           | 0.2          |
|    entropy_loss         | -1.14        |
|    explained_variance   | 0.398        |
|    learning_rate        | 0.0003       |
|    loss                 | 0.114        |
|    n_updates            | 170          |
|    policy_gradient_loss | -0.00256     |
|    value_loss           | 0.182        |
------------------------------------------
------------------------------------------
| rollout/                |              |
|    ep_len_mean          | 43.3         |
|    ep_rew_mean          | 143          |
| time/                   |              |
|    fps                  | 557          |
|    iterations           | 36           |
|    time_elapsed         | 1586         |
|    total_timesteps      | 884736       |
| train/                  |              |
|    approx_kl            | 0.0056242472 |
|    clip_fraction        | 0.0509       |
|    clip_range           | 0.2          |
|    entropy_loss         | -1.13        |
|    explained_variance   | 0.389        |
|    learning_rate        | 0.0003       |
|    loss                 | 0.0801       |
|    n_updates            | 175          |
|    policy_gradient_loss | -0.00275     |
|    value_loss           | 0.162        |
------------------------------------------
-----------------------------------------
| rollout/                |             |
|    ep_len_mean          | 44.2        |
|    ep_rew_mean          | 140         |
| time/                   |             |
|    fps                  | 557         |
|    iterations           | 37          |
|    time_elapsed         | 1630        |
|    total_timesteps      | 909312      |
| train/                  |             |
|    approx_kl            | 0.004858036 |
|    clip_fraction        | 0.0426      |
|    clip_range           | 0.2         |
|    entropy_loss         | -1.13       |
|    explained_variance   | 0.361       |
|    learning_rate        | 0.0003      |
|    loss                 | 0.102       |
|    n_updates            | 180         |
|    policy_gradient_loss | -0.00223    |
|    value_loss           | 0.206       |
-----------------------------------------
------------------------------------------
| rollout/                |              |
|    ep_len_mean          | 43.6         |
|    ep_rew_mean          | 144          |
| time/                   |              |
|    fps                  | 558          |
|    iterations           | 38           |
|    time_elapsed         | 1673         |
|    total_timesteps      | 933888       |
| train/                  |              |
|    approx_kl            | 0.0046425248 |
|    clip_fraction        | 0.04         |
|    clip_range           | 0.2          |
|    entropy_loss         | -1.11        |
|    explained_variance   | 0.411        |
|    learning_rate        | 0.0003       |
|    loss                 | 0.107        |
|    n_updates            | 185          |
|    policy_gradient_loss | -0.00262     |
|    value_loss           | 0.161        |
------------------------------------------
-----------------------------------------
| rollout/                |             |
|    ep_len_mean          | 43.4        |
|    ep_rew_mean          | 142         |
| time/                   |             |
|    fps                  | 558         |
|    iterations           | 39          |
|    time_elapsed         | 1716        |
|    total_timesteps      | 958464      |
| train/                  |             |
|    approx_kl            | 0.004474418 |
|    clip_fraction        | 0.039       |
|    clip_range           | 0.2         |
|    entropy_loss         | -1.05       |
|    explained_variance   | 0.524       |
|    learning_rate        | 0.0003      |
|    loss                 | 0.06        |
|    n_updates            | 190         |
|    policy_gradient_loss | -0.00298    |
|    value_loss           | 0.0863      |
-----------------------------------------
------------------------------------------
| rollout/                |              |
|    ep_len_mean          | 43.5         |
|    ep_rew_mean          | 141          |
| time/                   |              |
|    fps                  | 558          |
|    iterations           | 40           |
|    time_elapsed         | 1760         |
|    total_timesteps      | 983040       |
| train/                  |              |
|    approx_kl            | 0.0043273107 |
|    clip_fraction        | 0.0417       |
|    clip_range           | 0.2          |
|    entropy_loss         | -1.05        |
|    explained_variance   | 0.458        |
|    learning_rate        | 0.0003       |
|    loss                 | 0.0949       |
|    n_updates            | 195          |
|    policy_gradient_loss | -0.00298     |
|    value_loss           | 0.122        |
------------------------------------------
[Checkpoint] Saved at 1000000 steps > /home/runner/work/Disciples2-RL/Disciples2-RL/github_experiments/126/hire_train/orc/seed126-hire_train-orc-31565215450-1/checkpoints/campaign_ppo_step_1000000.zip
Eval num_timesteps=1000008, det_reward=145.65 +/- 0.05
Episode length: det=40.75 +/- 1.04
Victory rate: det=100.00%
-------------------------------------------------
| eval/                           |             |
|    deterministic_mean_ep_length | 40.8        |
|    deterministic_mean_reward    | 146         |
|    deterministic_victory_rate   | 1           |
|    mean_ep_length               | 40.8        |
|    mean_reward                  | 146         |
|    victory_rate                 | 1           |
| time/                           |             |
|    total_timesteps              | 1000008     |
| train/                          |             |
|    approx_kl                    | 0.005757841 |
|    clip_fraction                | 0.0566      |
|    clip_range                   | 0.2         |
|    entropy_loss                 | -1.02       |
|    explained_variance           | 0.443       |
|    learning_rate                | 0.0003      |
|    loss                         | 0.0346      |
|    n_updates                    | 200         |
|    policy_gradient_loss         | -0.00335    |
|    value_loss                   | 0.105       |
-------------------------------------------------
New best model by deterministic victory rate!
---------------------------------
| rollout/           |          |
|    ep_len_mean     | 43.4     |
|    ep_rew_mean     | 144      |
| time/              |          |
|    fps             | 558      |
|    iterations      | 41       |
|    time_elapsed    | 1805     |
|    total_timesteps | 1007616  |
---------------------------------
VecNormalize stats saved: /home/runner/work/Disciples2-RL/Disciples2-RL/github_experiments/126/hire_train/orc/seed126-hire_train-orc-31565215450-1/models/vecnormalize.pkl

Финальная модель сохранена: /home/runner/work/Disciples2-RL/Disciples2-RL/github_experiments/126/hire_train/orc/seed126-hire_train-orc-31565215450-1/models/final_model.zip

============================================================
ИТОГИ ОБУЧЕНИЯ:
  Побед: 13939
  Поражений: 2145
  Таймаутов: 16
  Побед бота столицы над врагами: 0
  Перестановок юнитов: 165903
  Терминальные поражения по противникам:
    enemy_1: 2145 — Целевой отряд: Орк слева, два Гоблина впереди и Гоблин лучник сзади
  Winrate: 86.6%
============================================================
  График призывов за эпизод: /home/runner/work/Disciples2-RL/Disciples2-RL/github_experiments/126/hire_train/orc/seed126-hire_train-orc-31565215450-1/plots/campaign_summoned_units_per_episode.png
  График призывов за всё обучение: /home/runner/work/Disciples2-RL/Disciples2-RL/github_experiments/126/hire_train/orc/seed126-hire_train-orc-31565215450-1/plots/campaign_summoned_units_cumulative.png
  График найма за эпизод: /home/runner/work/Disciples2-RL/Disciples2-RL/github_experiments/126/hire_train/orc/seed126-hire_train-orc-31565215450-1/plots/campaign_hired_units_per_episode.png
  График найма за всё обучение: /home/runner/work/Disciples2-RL/Disciples2-RL/github_experiments/126/hire_train/orc/seed126-hire_train-orc-31565215450-1/plots/campaign_hired_units_cumulative.png
  График перестановок юнитов за эпизод: /home/runner/work/Disciples2-RL/Disciples2-RL/github_experiments/126/hire_train/orc/seed126-hire_train-orc-31565215450-1/plots/campaign_unit_swaps_per_episode.png
  График боевых предметов: /home/runner/work/Disciples2-RL/Disciples2-RL/github_experiments/126/hire_train/orc/seed126-hire_train-orc-31565215450-1/plots/campaign_battle_item_activity.png
  График побед бота столицы за эпизод: /home/runner/work/Disciples2-RL/Disciples2-RL/github_experiments/126/hire_train/orc/seed126-hire_train-orc-31565215450-1/plots/campaign_scripted_bot_victories_per_episode.png
  График применения заклинаний: /home/runner/work/Disciples2-RL/Disciples2-RL/github_experiments/126/hire_train/orc/seed126-hire_train-orc-31565215450-1/plots/campaign_spell_cast_activity.png
