Проверка среды CampaignEnv...
Среда прошла проверку!
[INFO] Comet disabled, running without experiment tracking
Создание 12 параллельных сред (subproc)...
Инициализация MaskablePPO...
Using cpu device

============================================================
Запуск обучения Campaign Agent
Всего шагов: 1,000,000
Параллельных сред: 12
VecEnv: subproc
VecEnv start method: forkserver
Seed: 135
Checkpoint каждые: 500,000 шагов
Evaluation каждые: 83,334 шагов
Eval deterministic эпизодов: 20
Eval stochastic эпизодов: 0
Eval лимит шагов на эпизод: 5000
Campaign map: default
Campaign objective: full_party
System resources at training start:
  Platform: Linux 6.17.0-1022-azure (x86_64)
  Python: 3.14.7
  PyTorch: 2.14.0+cpu
  Training device: cpu
  CPU model: AMD EPYC 7763 64-Core Processor
  CPU vendor: AuthenticAMD
  Logical CPUs visible: 4
  Process CPU affinity: 4
  Sockets: 1
  Cores per socket: 2
  Threads per core: 2
  CPU max MHz: unknown
  CPU min MHz: unknown
  L1d cache: 64 KiB (2 instances)
  L1i cache: 64 KiB (2 instances)
  L2 cache: 1 MiB (2 instances)
  L3 cache: 32 MiB (1 instance)
  Virtualization: AMD-V
  Hypervisor: Microsoft
  RAM total: 15.62 GiB
  RAM available at start: 13.83 GiB
  Disk total: 144.26 GiB
  Disk free at start: 75.85 GiB
  Torch intra-op threads: 4
  Torch inter-op threads: 2
  OMP_NUM_THREADS: 4
  MKL_NUM_THREADS: 4
  OPENBLAS_NUM_THREADS: 4
  GitHub runner OS: Linux
  GitHub runner architecture: X64
  GitHub runner environment: github-hosted
PPO n_steps: 2,048
PPO batch_size: 512
PPO n_epochs: 5
PPO learning_rate: 0.0003
PPO clip_range: 0.2
PPO ent_coef: 0.01
PPO gamma: 0.995
PPO gae_lambda: 0.95
PPO target_kl: disabled
PPO gradient batches per rollout: 240
VecCheckNan: disabled
Freeze action layout: enabled
Empire territory: enabled
Torch threads per process: 4
Diagnostics: disabled
Wall-clock training limit: disabled
Run ID: seed135-default-full_party-34187600756-1
============================================================

Logging to /home/runner/work/Disciples2-RL/Disciples2-RL/github_experiments/135/default/full_party/seed135-default-full_party-34187600756-1/tensorboard/MaskablePPO_1
------------------------------
| time/              |       |
|    fps             | 379   |
|    iterations      | 1     |
|    time_elapsed    | 64    |
|    total_timesteps | 24576 |
------------------------------
-----------------------------------------
| rollout/                |             |
|    ep_len_mean          | 2.82e+03    |
|    ep_rew_mean          | 22.1        |
| time/                   |             |
|    fps                  | 358         |
|    iterations           | 2           |
|    time_elapsed         | 136         |
|    total_timesteps      | 49152       |
| train/                  |             |
|    approx_kl            | 0.010309308 |
|    clip_fraction        | 0.0685      |
|    clip_range           | 0.2         |
|    entropy_loss         | -2.25       |
|    explained_variance   | 0.0461      |
|    learning_rate        | 0.0003      |
|    loss                 | 0.00448     |
|    n_updates            | 5           |
|    policy_gradient_loss | -0.00649    |
|    value_loss           | 0.124       |
-----------------------------------------
-----------------------------------------
| rollout/                |             |
|    ep_len_mean          | 4.19e+03    |
|    ep_rew_mean          | 53.4        |
| time/                   |             |
|    fps                  | 357         |
|    iterations           | 3           |
|    time_elapsed         | 206         |
|    total_timesteps      | 73728       |
| train/                  |             |
|    approx_kl            | 0.009122337 |
|    clip_fraction        | 0.0611      |
|    clip_range           | 0.2         |
|    entropy_loss         | -2.21       |
|    explained_variance   | 0.411       |
|    learning_rate        | 0.0003      |
|    loss                 | -0.00466    |
|    n_updates            | 10          |
|    policy_gradient_loss | -0.0049     |
|    value_loss           | 0.0466      |
-----------------------------------------
-----------------------------------------
| rollout/                |             |
|    ep_len_mean          | 3.95e+03    |
|    ep_rew_mean          | 57.3        |
| time/                   |             |
|    fps                  | 354         |
|    iterations           | 4           |
|    time_elapsed         | 277         |
|    total_timesteps      | 98304       |
| train/                  |             |
|    approx_kl            | 0.010036382 |
|    clip_fraction        | 0.0798      |
|    clip_range           | 0.2         |
|    entropy_loss         | -2.21       |
|    explained_variance   | 0.656       |
|    learning_rate        | 0.0003      |
|    loss                 | -0.00976    |
|    n_updates            | 15          |
|    policy_gradient_loss | -0.00761    |
|    value_loss           | 0.0392      |
-----------------------------------------
------------------------------------------
| rollout/                |              |
|    ep_len_mean          | 4.16e+03     |
|    ep_rew_mean          | 49.6         |
| time/                   |              |
|    fps                  | 353          |
|    iterations           | 5            |
|    time_elapsed         | 347          |
|    total_timesteps      | 122880       |
| train/                  |              |
|    approx_kl            | 0.0076159746 |
|    clip_fraction        | 0.0662       |
|    clip_range           | 0.2          |
|    entropy_loss         | -2.18        |
|    explained_variance   | 0.554        |
|    learning_rate        | 0.0003       |
|    loss                 | -0.0167      |
|    n_updates            | 20           |
|    policy_gradient_loss | -0.00619     |
|    value_loss           | 0.0462       |
------------------------------------------
------------------------------------------
| rollout/                |              |
|    ep_len_mean          | 4.25e+03     |
|    ep_rew_mean          | 55.3         |
| time/                   |              |
|    fps                  | 353          |
|    iterations           | 6            |
|    time_elapsed         | 417          |
|    total_timesteps      | 147456       |
| train/                  |              |
|    approx_kl            | 0.0073205666 |
|    clip_fraction        | 0.0619       |
|    clip_range           | 0.2          |
|    entropy_loss         | -2.13        |
|    explained_variance   | 0.82         |
|    learning_rate        | 0.0003       |
|    loss                 | -0.023       |
|    n_updates            | 25           |
|    policy_gradient_loss | -0.00643     |
|    value_loss           | 0.0319       |
------------------------------------------
-----------------------------------------
| rollout/                |             |
|    ep_len_mean          | 4.28e+03    |
|    ep_rew_mean          | 54.4        |
| time/                   |             |
|    fps                  | 352         |
|    iterations           | 7           |
|    time_elapsed         | 487         |
|    total_timesteps      | 172032      |
| train/                  |             |
|    approx_kl            | 0.009198207 |
|    clip_fraction        | 0.0994      |
|    clip_range           | 0.2         |
|    entropy_loss         | -2.14       |
|    explained_variance   | 0.805       |
|    learning_rate        | 0.0003      |
|    loss                 | -0.0214     |
|    n_updates            | 30          |
|    policy_gradient_loss | -0.00842    |
|    value_loss           | 0.0275      |
-----------------------------------------
-----------------------------------------
| rollout/                |             |
|    ep_len_mean          | 4.39e+03    |
|    ep_rew_mean          | 60.8        |
| time/                   |             |
|    fps                  | 353         |
|    iterations           | 8           |
|    time_elapsed         | 556         |
|    total_timesteps      | 196608      |
| train/                  |             |
|    approx_kl            | 0.007950404 |
|    clip_fraction        | 0.0748      |
|    clip_range           | 0.2         |
|    entropy_loss         | -2.08       |
|    explained_variance   | 0.89        |
|    learning_rate        | 0.0003      |
|    loss                 | -0.0228     |
|    n_updates            | 35          |
|    policy_gradient_loss | -0.00733    |
|    value_loss           | 0.0259      |
-----------------------------------------
------------------------------------------
| rollout/                |              |
|    ep_len_mean          | 4.36e+03     |
|    ep_rew_mean          | 61.8         |
| time/                   |              |
|    fps                  | 353          |
|    iterations           | 9            |
|    time_elapsed         | 625          |
|    total_timesteps      | 221184       |
| train/                  |              |
|    approx_kl            | 0.0075804642 |
|    clip_fraction        | 0.063        |
|    clip_range           | 0.2          |
|    entropy_loss         | -2.08        |
|    explained_variance   | 0.88         |
|    learning_rate        | 0.0003       |
|    loss                 | -0.00871     |
|    n_updates            | 40           |
|    policy_gradient_loss | -0.00624     |
|    value_loss           | 0.0284       |
------------------------------------------
------------------------------------------
| rollout/                |              |
|    ep_len_mean          | 4.44e+03     |
|    ep_rew_mean          | 62.7         |
| time/                   |              |
|    fps                  | 353          |
|    iterations           | 10           |
|    time_elapsed         | 695          |
|    total_timesteps      | 245760       |
| train/                  |              |
|    approx_kl            | 0.0076699317 |
|    clip_fraction        | 0.0738       |
|    clip_range           | 0.2          |
|    entropy_loss         | -2.13        |
|    explained_variance   | 0.915        |
|    learning_rate        | 0.0003       |
|    loss                 | -0.0159      |
|    n_updates            | 45           |
|    policy_gradient_loss | -0.00554     |
|    value_loss           | 0.0174       |
------------------------------------------
-----------------------------------------
| rollout/                |             |
|    ep_len_mean          | 4.47e+03    |
|    ep_rew_mean          | 62.1        |
| time/                   |             |
|    fps                  | 353         |
|    iterations           | 11          |
|    time_elapsed         | 765         |
|    total_timesteps      | 270336      |
| train/                  |             |
|    approx_kl            | 0.008428424 |
|    clip_fraction        | 0.0736      |
|    clip_range           | 0.2         |
|    entropy_loss         | -2.08       |
|    explained_variance   | 0.933       |
|    learning_rate        | 0.0003      |
|    loss                 | -0.0301     |
|    n_updates            | 50          |
|    policy_gradient_loss | -0.00623    |
|    value_loss           | 0.0268      |
-----------------------------------------
-----------------------------------------
| rollout/                |             |
|    ep_len_mean          | 4.52e+03    |
|    ep_rew_mean          | 62.1        |
| time/                   |             |
|    fps                  | 353         |
|    iterations           | 12          |
|    time_elapsed         | 834         |
|    total_timesteps      | 294912      |
| train/                  |             |
|    approx_kl            | 0.008810547 |
|    clip_fraction        | 0.0862      |
|    clip_range           | 0.2         |
|    entropy_loss         | -2.12       |
|    explained_variance   | 0.921       |
|    learning_rate        | 0.0003      |
|    loss                 | -0.0209     |
|    n_updates            | 55          |
|    policy_gradient_loss | -0.00531    |
|    value_loss           | 0.0177      |
-----------------------------------------
-----------------------------------------
| rollout/                |             |
|    ep_len_mean          | 4.51e+03    |
|    ep_rew_mean          | 61.3        |
| time/                   |             |
|    fps                  | 354         |
|    iterations           | 13          |
|    time_elapsed         | 902         |
|    total_timesteps      | 319488      |
| train/                  |             |
|    approx_kl            | 0.008959479 |
|    clip_fraction        | 0.0945      |
|    clip_range           | 0.2         |
|    entropy_loss         | -2.1        |
|    explained_variance   | 0.952       |
|    learning_rate        | 0.0003      |
|    loss                 | -0.0164     |
|    n_updates            | 60          |
|    policy_gradient_loss | -0.00734    |
|    value_loss           | 0.0149      |
-----------------------------------------
-----------------------------------------
| rollout/                |             |
|    ep_len_mean          | 4.52e+03    |
|    ep_rew_mean          | 58.8        |
| time/                   |             |
|    fps                  | 354         |
|    iterations           | 14          |
|    time_elapsed         | 970         |
|    total_timesteps      | 344064      |
| train/                  |             |
|    approx_kl            | 0.008380852 |
|    clip_fraction        | 0.0858      |
|    clip_range           | 0.2         |
|    entropy_loss         | -2.07       |
|    explained_variance   | 0.931       |
|    learning_rate        | 0.0003      |
|    loss                 | -0.0183     |
|    n_updates            | 65          |
|    policy_gradient_loss | -0.00683    |
|    value_loss           | 0.0195      |
-----------------------------------------
------------------------------------------
| rollout/                |              |
|    ep_len_mean          | 4.5e+03      |
|    ep_rew_mean          | 60.2         |
| time/                   |              |
|    fps                  | 354          |
|    iterations           | 15           |
|    time_elapsed         | 1040         |
|    total_timesteps      | 368640       |
| train/                  |              |
|    approx_kl            | 0.0078076087 |
|    clip_fraction        | 0.0824       |
|    clip_range           | 0.2          |
|    entropy_loss         | -2.16        |
|    explained_variance   | 0.928        |
|    learning_rate        | 0.0003       |
|    loss                 | -0.0216      |
|    n_updates            | 70           |
|    policy_gradient_loss | -0.00584     |
|    value_loss           | 0.0202       |
------------------------------------------
-----------------------------------------
| rollout/                |             |
|    ep_len_mean          | 4.47e+03    |
|    ep_rew_mean          | 66.2        |
| time/                   |             |
|    fps                  | 354         |
|    iterations           | 16          |
|    time_elapsed         | 1108        |
|    total_timesteps      | 393216      |
| train/                  |             |
|    approx_kl            | 0.008090877 |
|    clip_fraction        | 0.0796      |
|    clip_range           | 0.2         |
|    entropy_loss         | -2.14       |
|    explained_variance   | 0.946       |
|    learning_rate        | 0.0003      |
|    loss                 | -0.0133     |
|    n_updates            | 75          |
|    policy_gradient_loss | -0.00503    |
|    value_loss           | 0.0247      |
-----------------------------------------
-----------------------------------------
| rollout/                |             |
|    ep_len_mean          | 4.48e+03    |
|    ep_rew_mean          | 72.4        |
| time/                   |             |
|    fps                  | 354         |
|    iterations           | 17          |
|    time_elapsed         | 1177        |
|    total_timesteps      | 417792      |
| train/                  |             |
|    approx_kl            | 0.008412484 |
|    clip_fraction        | 0.089       |
|    clip_range           | 0.2         |
|    entropy_loss         | -2.12       |
|    explained_variance   | 0.946       |
|    learning_rate        | 0.0003      |
|    loss                 | -0.0141     |
|    n_updates            | 80          |
|    policy_gradient_loss | -0.00688    |
|    value_loss           | 0.0224      |
-----------------------------------------
------------------------------------------
| rollout/                |              |
|    ep_len_mean          | 4.5e+03      |
|    ep_rew_mean          | 75.7         |
| time/                   |              |
|    fps                  | 355          |
|    iterations           | 18           |
|    time_elapsed         | 1245         |
|    total_timesteps      | 442368       |
| train/                  |              |
|    approx_kl            | 0.0068116426 |
|    clip_fraction        | 0.0645       |
|    clip_range           | 0.2          |
|    entropy_loss         | -2.02        |
|    explained_variance   | 0.948        |
|    learning_rate        | 0.0003       |
|    loss                 | -0.0151      |
|    n_updates            | 85           |
|    policy_gradient_loss | -0.00558     |
|    value_loss           | 0.0174       |
------------------------------------------
-----------------------------------------
| rollout/                |             |
|    ep_len_mean          | 4.47e+03    |
|    ep_rew_mean          | 71.2        |
| time/                   |             |
|    fps                  | 355         |
|    iterations           | 19          |
|    time_elapsed         | 1312        |
|    total_timesteps      | 466944      |
| train/                  |             |
|    approx_kl            | 0.008421903 |
|    clip_fraction        | 0.0851      |
|    clip_range           | 0.2         |
|    entropy_loss         | -2.03       |
|    explained_variance   | 0.943       |
|    learning_rate        | 0.0003      |
|    loss                 | -0.0298     |
|    n_updates            | 90          |
|    policy_gradient_loss | -0.00607    |
|    value_loss           | 0.0129      |
-----------------------------------------
-----------------------------------------
| rollout/                |             |
|    ep_len_mean          | 4.46e+03    |
|    ep_rew_mean          | 75.3        |
| time/                   |             |
|    fps                  | 356         |
|    iterations           | 20          |
|    time_elapsed         | 1380        |
|    total_timesteps      | 491520      |
| train/                  |             |
|    approx_kl            | 0.008714659 |
|    clip_fraction        | 0.0967      |
|    clip_range           | 0.2         |
|    entropy_loss         | -2.01       |
|    explained_variance   | 0.945       |
|    learning_rate        | 0.0003      |
|    loss                 | -0.0175     |
|    n_updates            | 95          |
|    policy_gradient_loss | -0.00792    |
|    value_loss           | 0.0202      |
-----------------------------------------
[Checkpoint] Saved at 500000 steps > /home/runner/work/Disciples2-RL/Disciples2-RL/github_experiments/135/default/full_party/seed135-default-full_party-34187600756-1/checkpoints/campaign_ppo_step_500000.zip
-----------------------------------------
| rollout/                |             |
|    ep_len_mean          | 4.42e+03    |
|    ep_rew_mean          | 75          |
| time/                   |             |
|    fps                  | 356         |
|    iterations           | 21          |
|    time_elapsed         | 1448        |
|    total_timesteps      | 516096      |
| train/                  |             |
|    approx_kl            | 0.008416462 |
|    clip_fraction        | 0.0856      |
|    clip_range           | 0.2         |
|    entropy_loss         | -2.05       |
|    explained_variance   | 0.935       |
|    learning_rate        | 0.0003      |
|    loss                 | -0.023      |
|    n_updates            | 100         |
|    policy_gradient_loss | -0.00673    |
|    value_loss           | 0.0182      |
-----------------------------------------
-----------------------------------------
| rollout/                |             |
|    ep_len_mean          | 4.44e+03    |
|    ep_rew_mean          | 77.2        |
| time/                   |             |
|    fps                  | 355         |
|    iterations           | 22          |
|    time_elapsed         | 1521        |
|    total_timesteps      | 540672      |
| train/                  |             |
|    approx_kl            | 0.008000631 |
|    clip_fraction        | 0.0757      |
|    clip_range           | 0.2         |
|    entropy_loss         | -2          |
|    explained_variance   | 0.962       |
|    learning_rate        | 0.0003      |
|    loss                 | -0.0225     |
|    n_updates            | 105         |
|    policy_gradient_loss | -0.00559    |
|    value_loss           | 0.0116      |
-----------------------------------------
------------------------------------------
| rollout/                |              |
|    ep_len_mean          | 4.52e+03     |
|    ep_rew_mean          | 75.9         |
| time/                   |              |
|    fps                  | 355          |
|    iterations           | 23           |
|    time_elapsed         | 1590         |
|    total_timesteps      | 565248       |
| train/                  |              |
|    approx_kl            | 0.0070753475 |
|    clip_fraction        | 0.0669       |
|    clip_range           | 0.2          |
|    entropy_loss         | -1.98        |
|    explained_variance   | 0.909        |
|    learning_rate        | 0.0003       |
|    loss                 | -0.0275      |
|    n_updates            | 110          |
|    policy_gradient_loss | -0.00528     |
|    value_loss           | 0.0165       |
------------------------------------------
-----------------------------------------
| rollout/                |             |
|    ep_len_mean          | 4.52e+03    |
|    ep_rew_mean          | 83.3        |
| time/                   |             |
|    fps                  | 356         |
|    iterations           | 24          |
|    time_elapsed         | 1656        |
|    total_timesteps      | 589824      |
| train/                  |             |
|    approx_kl            | 0.008357912 |
|    clip_fraction        | 0.0832      |
|    clip_range           | 0.2         |
|    entropy_loss         | -2.06       |
|    explained_variance   | 0.943       |
|    learning_rate        | 0.0003      |
|    loss                 | -0.0204     |
|    n_updates            | 115         |
|    policy_gradient_loss | -0.00655    |
|    value_loss           | 0.0206      |
-----------------------------------------
-----------------------------------------
| rollout/                |             |
|    ep_len_mean          | 4.53e+03    |
|    ep_rew_mean          | 88.4        |
| time/                   |             |
|    fps                  | 355         |
|    iterations           | 25          |
|    time_elapsed         | 1727        |
|    total_timesteps      | 614400      |
| train/                  |             |
|    approx_kl            | 0.008591731 |
|    clip_fraction        | 0.0817      |
|    clip_range           | 0.2         |
|    entropy_loss         | -2.06       |
|    explained_variance   | 0.919       |
|    learning_rate        | 0.0003      |
|    loss                 | -0.0171     |
|    n_updates            | 120         |
|    policy_gradient_loss | -0.00557    |
|    value_loss           | 0.0149      |
-----------------------------------------
------------------------------------------
| rollout/                |              |
|    ep_len_mean          | 4.49e+03     |
|    ep_rew_mean          | 90.9         |
| time/                   |              |
|    fps                  | 356          |
|    iterations           | 26           |
|    time_elapsed         | 1794         |
|    total_timesteps      | 638976       |
| train/                  |              |
|    approx_kl            | 0.0074761137 |
|    clip_fraction        | 0.068        |
|    clip_range           | 0.2          |
|    entropy_loss         | -2           |
|    explained_variance   | 0.953        |
|    learning_rate        | 0.0003       |
|    loss                 | -0.017       |
|    n_updates            | 125          |
|    policy_gradient_loss | -0.00617     |
|    value_loss           | 0.0181       |
------------------------------------------
------------------------------------------
| rollout/                |              |
|    ep_len_mean          | 4.5e+03      |
|    ep_rew_mean          | 95.7         |
| time/                   |              |
|    fps                  | 356          |
|    iterations           | 27           |
|    time_elapsed         | 1861         |
|    total_timesteps      | 663552       |
| train/                  |              |
|    approx_kl            | 0.0066138417 |
|    clip_fraction        | 0.0636       |
|    clip_range           | 0.2          |
|    entropy_loss         | -2.01        |
|    explained_variance   | 0.925        |
|    learning_rate        | 0.0003       |
|    loss                 | -0.0242      |
|    n_updates            | 130          |
|    policy_gradient_loss | -0.00544     |
|    value_loss           | 0.0181       |
------------------------------------------
-----------------------------------------
| rollout/                |             |
|    ep_len_mean          | 4.5e+03     |
|    ep_rew_mean          | 95.6        |
| time/                   |             |
|    fps                  | 357         |
|    iterations           | 28          |
|    time_elapsed         | 1927        |
|    total_timesteps      | 688128      |
| train/                  |             |
|    approx_kl            | 0.008242867 |
|    clip_fraction        | 0.0805      |
|    clip_range           | 0.2         |
|    entropy_loss         | -2          |
|    explained_variance   | 0.956       |
|    learning_rate        | 0.0003      |
|    loss                 | -0.0257     |
|    n_updates            | 135         |
|    policy_gradient_loss | -0.0056     |
|    value_loss           | 0.0146      |
-----------------------------------------
-----------------------------------------
| rollout/                |             |
|    ep_len_mean          | 4.48e+03    |
|    ep_rew_mean          | 102         |
| time/                   |             |
|    fps                  | 357         |
|    iterations           | 29          |
|    time_elapsed         | 1992        |
|    total_timesteps      | 712704      |
| train/                  |             |
|    approx_kl            | 0.007336911 |
|    clip_fraction        | 0.0667      |
|    clip_range           | 0.2         |
|    entropy_loss         | -1.93       |
|    explained_variance   | 0.959       |
|    learning_rate        | 0.0003      |
|    loss                 | -0.0229     |
|    n_updates            | 140         |
|    policy_gradient_loss | -0.00421    |
|    value_loss           | 0.014       |
-----------------------------------------
------------------------------------------
| rollout/                |              |
|    ep_len_mean          | 4.48e+03     |
|    ep_rew_mean          | 104          |
| time/                   |              |
|    fps                  | 358          |
|    iterations           | 30           |
|    time_elapsed         | 2056         |
|    total_timesteps      | 737280       |
| train/                  |              |
|    approx_kl            | 0.0071774903 |
|    clip_fraction        | 0.0744       |
|    clip_range           | 0.2          |
|    entropy_loss         | -1.96        |
|    explained_variance   | 0.953        |
|    learning_rate        | 0.0003       |
|    loss                 | -0.0201      |
|    n_updates            | 145          |
|    policy_gradient_loss | -0.00447     |
|    value_loss           | 0.0148       |
------------------------------------------
------------------------------------------
| rollout/                |              |
|    ep_len_mean          | 4.48e+03     |
|    ep_rew_mean          | 113          |
| time/                   |              |
|    fps                  | 358          |
|    iterations           | 31           |
|    time_elapsed         | 2122         |
|    total_timesteps      | 761856       |
| train/                  |              |
|    approx_kl            | 0.0072774556 |
|    clip_fraction        | 0.0692       |
|    clip_range           | 0.2          |
|    entropy_loss         | -1.84        |
|    explained_variance   | 0.955        |
|    learning_rate        | 0.0003       |
|    loss                 | -0.0139      |
|    n_updates            | 150          |
|    policy_gradient_loss | -0.00529     |
|    value_loss           | 0.0168       |
------------------------------------------
-----------------------------------------
| rollout/                |             |
|    ep_len_mean          | 4.49e+03    |
|    ep_rew_mean          | 114         |
| time/                   |             |
|    fps                  | 359         |
|    iterations           | 32          |
|    time_elapsed         | 2189        |
|    total_timesteps      | 786432      |
| train/                  |             |
|    approx_kl            | 0.006177033 |
|    clip_fraction        | 0.0564      |
|    clip_range           | 0.2         |
|    entropy_loss         | -1.82       |
|    explained_variance   | 0.937       |
|    learning_rate        | 0.0003      |
|    loss                 | -0.0223     |
|    n_updates            | 155         |
|    policy_gradient_loss | -0.00373    |
|    value_loss           | 0.0165      |
-----------------------------------------
------------------------------------------
| rollout/                |              |
|    ep_len_mean          | 4.51e+03     |
|    ep_rew_mean          | 118          |
| time/                   |              |
|    fps                  | 359          |
|    iterations           | 33           |
|    time_elapsed         | 2253         |
|    total_timesteps      | 811008       |
| train/                  |              |
|    approx_kl            | 0.0072336677 |
|    clip_fraction        | 0.0709       |
|    clip_range           | 0.2          |
|    entropy_loss         | -1.87        |
|    explained_variance   | 0.967        |
|    learning_rate        | 0.0003       |
|    loss                 | -0.0189      |
|    n_updates            | 160          |
|    policy_gradient_loss | -0.00497     |
|    value_loss           | 0.0159       |
------------------------------------------
------------------------------------------
| rollout/                |              |
|    ep_len_mean          | 4.54e+03     |
|    ep_rew_mean          | 114          |
| time/                   |              |
|    fps                  | 360          |
|    iterations           | 34           |
|    time_elapsed         | 2318         |
|    total_timesteps      | 835584       |
| train/                  |              |
|    approx_kl            | 0.0072114873 |
|    clip_fraction        | 0.066        |
|    clip_range           | 0.2          |
|    entropy_loss         | -1.83        |
|    explained_variance   | 0.962        |
|    learning_rate        | 0.0003       |
|    loss                 | -0.0175      |
|    n_updates            | 165          |
|    policy_gradient_loss | -0.00412     |
|    value_loss           | 0.0124       |
------------------------------------------
-----------------------------------------
| rollout/                |             |
|    ep_len_mean          | 4.56e+03    |
|    ep_rew_mean          | 111         |
| time/                   |             |
|    fps                  | 360         |
|    iterations           | 35          |
|    time_elapsed         | 2384        |
|    total_timesteps      | 860160      |
| train/                  |             |
|    approx_kl            | 0.006689084 |
|    clip_fraction        | 0.0643      |
|    clip_range           | 0.2         |
|    entropy_loss         | -1.75       |
|    explained_variance   | 0.97        |
|    learning_rate        | 0.0003      |
|    loss                 | -0.0234     |
|    n_updates            | 170         |
|    policy_gradient_loss | -0.00489    |
|    value_loss           | 0.0148      |
-----------------------------------------
------------------------------------------
| rollout/                |              |
|    ep_len_mean          | 4.58e+03     |
|    ep_rew_mean          | 109          |
| time/                   |              |
|    fps                  | 361          |
|    iterations           | 36           |
|    time_elapsed         | 2447         |
|    total_timesteps      | 884736       |
| train/                  |              |
|    approx_kl            | 0.0061639757 |
|    clip_fraction        | 0.0699       |
|    clip_range           | 0.2          |
|    entropy_loss         | -1.81        |
|    explained_variance   | 0.954        |
|    learning_rate        | 0.0003       |
|    loss                 | -0.0208      |
|    n_updates            | 175          |
|    policy_gradient_loss | -0.0039      |
|    value_loss           | 0.0175       |
------------------------------------------
-----------------------------------------
| rollout/                |             |
|    ep_len_mean          | 4.6e+03     |
|    ep_rew_mean          | 114         |
| time/                   |             |
|    fps                  | 362         |
|    iterations           | 37          |
|    time_elapsed         | 2511        |
|    total_timesteps      | 909312      |
| train/                  |             |
|    approx_kl            | 0.007342355 |
|    clip_fraction        | 0.0608      |
|    clip_range           | 0.2         |
|    entropy_loss         | -1.76       |
|    explained_variance   | 0.943       |
|    learning_rate        | 0.0003      |
|    loss                 | -0.0155     |
|    n_updates            | 180         |
|    policy_gradient_loss | -0.00349    |
|    value_loss           | 0.0113      |
-----------------------------------------
-----------------------------------------
| rollout/                |             |
|    ep_len_mean          | 4.6e+03     |
|    ep_rew_mean          | 114         |
| time/                   |             |
|    fps                  | 362         |
|    iterations           | 38          |
|    time_elapsed         | 2576        |
|    total_timesteps      | 933888      |
| train/                  |             |
|    approx_kl            | 0.006688021 |
|    clip_fraction        | 0.0725      |
|    clip_range           | 0.2         |
|    entropy_loss         | -1.75       |
|    explained_variance   | 0.967       |
|    learning_rate        | 0.0003      |
|    loss                 | -0.0184     |
|    n_updates            | 185         |
|    policy_gradient_loss | -0.00551    |
|    value_loss           | 0.0185      |
-----------------------------------------
------------------------------------------
| rollout/                |              |
|    ep_len_mean          | 4.72e+03     |
|    ep_rew_mean          | 117          |
| time/                   |              |
|    fps                  | 362          |
|    iterations           | 39           |
|    time_elapsed         | 2641         |
|    total_timesteps      | 958464       |
| train/                  |              |
|    approx_kl            | 0.0075420574 |
|    clip_fraction        | 0.0795       |
|    clip_range           | 0.2          |
|    entropy_loss         | -1.78        |
|    explained_variance   | 0.928        |
|    learning_rate        | 0.0003       |
|    loss                 | -0.0247      |
|    n_updates            | 190          |
|    policy_gradient_loss | -0.00458     |
|    value_loss           | 0.0104       |
------------------------------------------
-----------------------------------------
| rollout/                |             |
|    ep_len_mean          | 4.72e+03    |
|    ep_rew_mean          | 118         |
| time/                   |             |
|    fps                  | 363         |
|    iterations           | 40          |
|    time_elapsed         | 2706        |
|    total_timesteps      | 983040      |
| train/                  |             |
|    approx_kl            | 0.006061806 |
|    clip_fraction        | 0.0696      |
|    clip_range           | 0.2         |
|    entropy_loss         | -1.77       |
|    explained_variance   | 0.975       |
|    learning_rate        | 0.0003      |
|    loss                 | -0.0195     |
|    n_updates            | 195         |
|    policy_gradient_loss | -0.00425    |
|    value_loss           | 0.0157      |
-----------------------------------------
[Checkpoint] Saved at 1000000 steps > /home/runner/work/Disciples2-RL/Disciples2-RL/github_experiments/135/default/full_party/seed135-default-full_party-34187600756-1/checkpoints/campaign_ppo_step_1000000.zip
Eval num_timesteps=1000008, det_reward=-113.94 +/- 16.33
Episode length: det=5000.00 +/- 0.00
Victory rate: det=0.00%
-------------------------------------------------
| eval/                           |             |
|    deterministic_mean_ep_length | 5e+03       |
|    deterministic_mean_reward    | -114        |
|    deterministic_victory_rate   | 0           |
|    mean_ep_length               | 5e+03       |
|    mean_reward                  | -114        |
|    victory_rate                 | 0           |
| time/                           |             |
|    total_timesteps              | 1000008     |
| train/                          |             |
|    approx_kl                    | 0.005950839 |
|    clip_fraction                | 0.0612      |
|    clip_range                   | 0.2         |
|    entropy_loss                 | -1.83       |
|    explained_variance           | 0.943       |
|    learning_rate                | 0.0003      |
|    loss                         | -0.0114     |
|    n_updates                    | 200         |
|    policy_gradient_loss         | -0.00359    |
|    value_loss                   | 0.0208      |
-------------------------------------------------
New best model by deterministic victory rate!
---------------------------------
| rollout/           |          |
|    ep_len_mean     | 4.69e+03 |
|    ep_rew_mean     | 120      |
| time/              |          |
|    fps             | 315      |
|    iterations      | 41       |
|    time_elapsed    | 3189     |
|    total_timesteps | 1007616  |
---------------------------------
VecNormalize stats saved: /home/runner/work/Disciples2-RL/Disciples2-RL/github_experiments/135/default/full_party/seed135-default-full_party-34187600756-1/models/vecnormalize.pkl

Финальная модель сохранена: /home/runner/work/Disciples2-RL/Disciples2-RL/github_experiments/135/default/full_party/seed135-default-full_party-34187600756-1/models/final_model.zip

============================================================
ИТОГИ ОБУЧЕНИЯ:
  Побед: 0
  Поражений: 40
  Таймаутов: 57
  Побед бота столицы над врагами: 0
  Перестановок юнитов: 231041
  Терминальные поражения по противникам:
    enemy_75: 40 — Страж столицы Империи: Мизраэль
  Winrate: 0.0%
============================================================
  График призывов за эпизод: /home/runner/work/Disciples2-RL/Disciples2-RL/github_experiments/135/default/full_party/seed135-default-full_party-34187600756-1/plots/campaign_summoned_units_per_episode.png
  График призывов за всё обучение: /home/runner/work/Disciples2-RL/Disciples2-RL/github_experiments/135/default/full_party/seed135-default-full_party-34187600756-1/plots/campaign_summoned_units_cumulative.png
  График найма за эпизод: /home/runner/work/Disciples2-RL/Disciples2-RL/github_experiments/135/default/full_party/seed135-default-full_party-34187600756-1/plots/campaign_hired_units_per_episode.png
  График найма за всё обучение: /home/runner/work/Disciples2-RL/Disciples2-RL/github_experiments/135/default/full_party/seed135-default-full_party-34187600756-1/plots/campaign_hired_units_cumulative.png
  График перестановок юнитов за эпизод: /home/runner/work/Disciples2-RL/Disciples2-RL/github_experiments/135/default/full_party/seed135-default-full_party-34187600756-1/plots/campaign_unit_swaps_per_episode.png
  График боевых предметов: /home/runner/work/Disciples2-RL/Disciples2-RL/github_experiments/135/default/full_party/seed135-default-full_party-34187600756-1/plots/campaign_battle_item_activity.png
  График побед бота столицы за эпизод: /home/runner/work/Disciples2-RL/Disciples2-RL/github_experiments/135/default/full_party/seed135-default-full_party-34187600756-1/plots/campaign_scripted_bot_victories_per_episode.png
  График применения заклинаний: /home/runner/work/Disciples2-RL/Disciples2-RL/github_experiments/135/default/full_party/seed135-default-full_party-34187600756-1/plots/campaign_spell_cast_activity.png
