Проверка среды CampaignEnv...
Среда прошла проверку!
[INFO] Comet disabled, running without experiment tracking
Создание 12 параллельных сред (subproc)...
Инициализация MaskablePPO...
Using cpu device

============================================================
Запуск обучения Campaign Agent
Всего шагов: 1,000,000
Параллельных сред: 12
VecEnv: subproc
VecEnv start method: forkserver
Seed: 127
Checkpoint каждые: 500,000 шагов
Evaluation каждые: 83,334 шагов
Eval deterministic эпизодов: 20
Eval stochastic эпизодов: 0
Eval лимит шагов на эпизод: 5000
Campaign map: small
Campaign objective: dragon
System resources at training start:
  Platform: Linux 6.17.0-1020-azure (x86_64)
  Python: 3.14.6
  PyTorch: 2.13.0+cpu
  Training device: cpu
  CPU model: AMD EPYC 9V74 80-Core Processor
  CPU vendor: AuthenticAMD
  Logical CPUs visible: 4
  Process CPU affinity: 4
  Sockets: 1
  Cores per socket: 2
  Threads per core: 2
  CPU max MHz: unknown
  CPU min MHz: unknown
  L1d cache: 64 KiB (2 instances)
  L1i cache: 64 KiB (2 instances)
  L2 cache: 2 MiB (2 instances)
  L3 cache: 32 MiB (1 instance)
  Virtualization: AMD-V
  Hypervisor: Microsoft
  RAM total: 15.61 GiB
  RAM available at start: 13.85 GiB
  Disk total: 144.26 GiB
  Disk free at start: 80.42 GiB
  Torch intra-op threads: 4
  Torch inter-op threads: 2
  OMP_NUM_THREADS: 4
  MKL_NUM_THREADS: 4
  OPENBLAS_NUM_THREADS: 4
  GitHub runner OS: Linux
  GitHub runner architecture: X64
  GitHub runner environment: github-hosted
PPO n_steps: 2,048
PPO batch_size: 512
PPO n_epochs: 5
PPO learning_rate: 0.0003
PPO clip_range: 0.2
PPO ent_coef: 0.01
PPO gamma: 0.995
PPO gae_lambda: 0.95
PPO target_kl: disabled
PPO gradient batches per rollout: 240
VecCheckNan: disabled
Freeze action layout: enabled
Empire territory: enabled
Torch threads per process: 4
Diagnostics: disabled
Wall-clock training limit: disabled
Run ID: seed127-small-green_dragon-31719221166-1
============================================================

Logging to /home/runner/work/Disciples2-RL/Disciples2-RL/github_experiments/127/small/green_dragon/seed127-small-green_dragon-31719221166-1/tensorboard/MaskablePPO_1
---------------------------------
| rollout/           |          |
|    ep_len_mean     | 95.1     |
|    ep_rew_mean     | -4.87    |
| time/              |          |
|    fps             | 466      |
|    iterations      | 1        |
|    time_elapsed    | 52       |
|    total_timesteps | 24576    |
---------------------------------
-----------------------------------------
| rollout/                |             |
|    ep_len_mean          | 129         |
|    ep_rew_mean          | -2.89       |
| time/                   |             |
|    fps                  | 455         |
|    iterations           | 2           |
|    time_elapsed         | 107         |
|    total_timesteps      | 49152       |
| train/                  |             |
|    approx_kl            | 0.009306871 |
|    clip_fraction        | 0.0721      |
|    clip_range           | 0.2         |
|    entropy_loss         | -2.21       |
|    explained_variance   | 0.0527      |
|    learning_rate        | 0.0003      |
|    loss                 | 0.131       |
|    n_updates            | 5           |
|    policy_gradient_loss | -0.00684    |
|    value_loss           | 0.555       |
-----------------------------------------
-----------------------------------------
| rollout/                |             |
|    ep_len_mean          | 146         |
|    ep_rew_mean          | -1.3        |
| time/                   |             |
|    fps                  | 452         |
|    iterations           | 3           |
|    time_elapsed         | 162         |
|    total_timesteps      | 73728       |
| train/                  |             |
|    approx_kl            | 0.010884173 |
|    clip_fraction        | 0.129       |
|    clip_range           | 0.2         |
|    entropy_loss         | -2.16       |
|    explained_variance   | 0.537       |
|    learning_rate        | 0.0003      |
|    loss                 | 0.112       |
|    n_updates            | 10          |
|    policy_gradient_loss | -0.0128     |
|    value_loss           | 0.31        |
-----------------------------------------
-----------------------------------------
| rollout/                |             |
|    ep_len_mean          | 211         |
|    ep_rew_mean          | -4.28       |
| time/                   |             |
|    fps                  | 449         |
|    iterations           | 4           |
|    time_elapsed         | 218         |
|    total_timesteps      | 98304       |
| train/                  |             |
|    approx_kl            | 0.010793716 |
|    clip_fraction        | 0.123       |
|    clip_range           | 0.2         |
|    entropy_loss         | -2.09       |
|    explained_variance   | 0.751       |
|    learning_rate        | 0.0003      |
|    loss                 | 0.0759      |
|    n_updates            | 15          |
|    policy_gradient_loss | -0.0116     |
|    value_loss           | 0.223       |
-----------------------------------------
-----------------------------------------
| rollout/                |             |
|    ep_len_mean          | 255         |
|    ep_rew_mean          | -1.15       |
| time/                   |             |
|    fps                  | 446         |
|    iterations           | 5           |
|    time_elapsed         | 275         |
|    total_timesteps      | 122880      |
| train/                  |             |
|    approx_kl            | 0.009668018 |
|    clip_fraction        | 0.0972      |
|    clip_range           | 0.2         |
|    entropy_loss         | -2.07       |
|    explained_variance   | 0.847       |
|    learning_rate        | 0.0003      |
|    loss                 | 0.0425      |
|    n_updates            | 20          |
|    policy_gradient_loss | -0.00968    |
|    value_loss           | 0.164       |
-----------------------------------------
-----------------------------------------
| rollout/                |             |
|    ep_len_mean          | 291         |
|    ep_rew_mean          | -0.874      |
| time/                   |             |
|    fps                  | 445         |
|    iterations           | 6           |
|    time_elapsed         | 330         |
|    total_timesteps      | 147456      |
| train/                  |             |
|    approx_kl            | 0.009532755 |
|    clip_fraction        | 0.106       |
|    clip_range           | 0.2         |
|    entropy_loss         | -2.09       |
|    explained_variance   | 0.899       |
|    learning_rate        | 0.0003      |
|    loss                 | 0.0266      |
|    n_updates            | 25          |
|    policy_gradient_loss | -0.00907    |
|    value_loss           | 0.103       |
-----------------------------------------
-----------------------------------------
| rollout/                |             |
|    ep_len_mean          | 278         |
|    ep_rew_mean          | 4.37        |
| time/                   |             |
|    fps                  | 442         |
|    iterations           | 7           |
|    time_elapsed         | 388         |
|    total_timesteps      | 172032      |
| train/                  |             |
|    approx_kl            | 0.009809283 |
|    clip_fraction        | 0.106       |
|    clip_range           | 0.2         |
|    entropy_loss         | -2.08       |
|    explained_variance   | 0.88        |
|    learning_rate        | 0.0003      |
|    loss                 | -0.00233    |
|    n_updates            | 30          |
|    policy_gradient_loss | -0.00911    |
|    value_loss           | 0.0878      |
-----------------------------------------
-----------------------------------------
| rollout/                |             |
|    ep_len_mean          | 256         |
|    ep_rew_mean          | 6.79        |
| time/                   |             |
|    fps                  | 441         |
|    iterations           | 8           |
|    time_elapsed         | 445         |
|    total_timesteps      | 196608      |
| train/                  |             |
|    approx_kl            | 0.009552387 |
|    clip_fraction        | 0.103       |
|    clip_range           | 0.2         |
|    entropy_loss         | -2.06       |
|    explained_variance   | 0.863       |
|    learning_rate        | 0.0003      |
|    loss                 | 0.0032      |
|    n_updates            | 35          |
|    policy_gradient_loss | -0.00702    |
|    value_loss           | 0.062       |
-----------------------------------------
-----------------------------------------
| rollout/                |             |
|    ep_len_mean          | 242         |
|    ep_rew_mean          | 10.6        |
| time/                   |             |
|    fps                  | 440         |
|    iterations           | 9           |
|    time_elapsed         | 502         |
|    total_timesteps      | 221184      |
| train/                  |             |
|    approx_kl            | 0.009220521 |
|    clip_fraction        | 0.0951      |
|    clip_range           | 0.2         |
|    entropy_loss         | -2.05       |
|    explained_variance   | 0.859       |
|    learning_rate        | 0.0003      |
|    loss                 | -0.00679    |
|    n_updates            | 40          |
|    policy_gradient_loss | -0.00779    |
|    value_loss           | 0.0632      |
-----------------------------------------
-----------------------------------------
| rollout/                |             |
|    ep_len_mean          | 225         |
|    ep_rew_mean          | 14.7        |
| time/                   |             |
|    fps                  | 439         |
|    iterations           | 10          |
|    time_elapsed         | 558         |
|    total_timesteps      | 245760      |
| train/                  |             |
|    approx_kl            | 0.010578101 |
|    clip_fraction        | 0.0997      |
|    clip_range           | 0.2         |
|    entropy_loss         | -1.99       |
|    explained_variance   | 0.853       |
|    learning_rate        | 0.0003      |
|    loss                 | -0.00676    |
|    n_updates            | 45          |
|    policy_gradient_loss | -0.00857    |
|    value_loss           | 0.0557      |
-----------------------------------------
-----------------------------------------
| rollout/                |             |
|    ep_len_mean          | 213         |
|    ep_rew_mean          | 15.2        |
| time/                   |             |
|    fps                  | 438         |
|    iterations           | 11          |
|    time_elapsed         | 616         |
|    total_timesteps      | 270336      |
| train/                  |             |
|    approx_kl            | 0.008454382 |
|    clip_fraction        | 0.0855      |
|    clip_range           | 0.2         |
|    entropy_loss         | -1.95       |
|    explained_variance   | 0.799       |
|    learning_rate        | 0.0003      |
|    loss                 | -0.00264    |
|    n_updates            | 50          |
|    policy_gradient_loss | -0.00686    |
|    value_loss           | 0.0686      |
-----------------------------------------
-----------------------------------------
| rollout/                |             |
|    ep_len_mean          | 200         |
|    ep_rew_mean          | 15.9        |
| time/                   |             |
|    fps                  | 438         |
|    iterations           | 12          |
|    time_elapsed         | 673         |
|    total_timesteps      | 294912      |
| train/                  |             |
|    approx_kl            | 0.008079805 |
|    clip_fraction        | 0.0867      |
|    clip_range           | 0.2         |
|    entropy_loss         | -1.97       |
|    explained_variance   | 0.766       |
|    learning_rate        | 0.0003      |
|    loss                 | 0.00315     |
|    n_updates            | 55          |
|    policy_gradient_loss | -0.00722    |
|    value_loss           | 0.0847      |
-----------------------------------------
---------------------------------------
| rollout/                |           |
|    ep_len_mean          | 194       |
|    ep_rew_mean          | 18.7      |
| time/                   |           |
|    fps                  | 437       |
|    iterations           | 13        |
|    time_elapsed         | 729       |
|    total_timesteps      | 319488    |
| train/                  |           |
|    approx_kl            | 0.0079459 |
|    clip_fraction        | 0.0765    |
|    clip_range           | 0.2       |
|    entropy_loss         | -1.94     |
|    explained_variance   | 0.788     |
|    learning_rate        | 0.0003    |
|    loss                 | 0.00774   |
|    n_updates            | 60        |
|    policy_gradient_loss | -0.00622  |
|    value_loss           | 0.0791    |
---------------------------------------
-----------------------------------------
| rollout/                |             |
|    ep_len_mean          | 190         |
|    ep_rew_mean          | 17.7        |
| time/                   |             |
|    fps                  | 437         |
|    iterations           | 14          |
|    time_elapsed         | 785         |
|    total_timesteps      | 344064      |
| train/                  |             |
|    approx_kl            | 0.008134909 |
|    clip_fraction        | 0.07        |
|    clip_range           | 0.2         |
|    entropy_loss         | -1.93       |
|    explained_variance   | 0.764       |
|    learning_rate        | 0.0003      |
|    loss                 | 0.0259      |
|    n_updates            | 65          |
|    policy_gradient_loss | -0.00564    |
|    value_loss           | 0.111       |
-----------------------------------------
------------------------------------------
| rollout/                |              |
|    ep_len_mean          | 253          |
|    ep_rew_mean          | 17.4         |
| time/                   |              |
|    fps                  | 437          |
|    iterations           | 15           |
|    time_elapsed         | 842          |
|    total_timesteps      | 368640       |
| train/                  |              |
|    approx_kl            | 0.0081182495 |
|    clip_fraction        | 0.0769       |
|    clip_range           | 0.2          |
|    entropy_loss         | -1.94        |
|    explained_variance   | 0.824        |
|    learning_rate        | 0.0003       |
|    loss                 | 0.0174       |
|    n_updates            | 70           |
|    policy_gradient_loss | -0.00592     |
|    value_loss           | 0.0952       |
------------------------------------------
------------------------------------------
| rollout/                |              |
|    ep_len_mean          | 226          |
|    ep_rew_mean          | 24.4         |
| time/                   |              |
|    fps                  | 437          |
|    iterations           | 16           |
|    time_elapsed         | 899          |
|    total_timesteps      | 393216       |
| train/                  |              |
|    approx_kl            | 0.0072852173 |
|    clip_fraction        | 0.0702       |
|    clip_range           | 0.2          |
|    entropy_loss         | -1.93        |
|    explained_variance   | 0.819        |
|    learning_rate        | 0.0003       |
|    loss                 | 0.0083       |
|    n_updates            | 75           |
|    policy_gradient_loss | -0.00522     |
|    value_loss           | 0.0975       |
------------------------------------------
-----------------------------------------
| rollout/                |             |
|    ep_len_mean          | 239         |
|    ep_rew_mean          | 22          |
| time/                   |             |
|    fps                  | 437         |
|    iterations           | 17          |
|    time_elapsed         | 955         |
|    total_timesteps      | 417792      |
| train/                  |             |
|    approx_kl            | 0.008313081 |
|    clip_fraction        | 0.0742      |
|    clip_range           | 0.2         |
|    entropy_loss         | -1.91       |
|    explained_variance   | 0.855       |
|    learning_rate        | 0.0003      |
|    loss                 | 0.0327      |
|    n_updates            | 80          |
|    policy_gradient_loss | -0.00485    |
|    value_loss           | 0.0954      |
-----------------------------------------
-----------------------------------------
| rollout/                |             |
|    ep_len_mean          | 356         |
|    ep_rew_mean          | 21          |
| time/                   |             |
|    fps                  | 437         |
|    iterations           | 18          |
|    time_elapsed         | 1010        |
|    total_timesteps      | 442368      |
| train/                  |             |
|    approx_kl            | 0.009130941 |
|    clip_fraction        | 0.0961      |
|    clip_range           | 0.2         |
|    entropy_loss         | -1.93       |
|    explained_variance   | 0.932       |
|    learning_rate        | 0.0003      |
|    loss                 | 0.0032      |
|    n_updates            | 85          |
|    policy_gradient_loss | -0.00644    |
|    value_loss           | 0.0682      |
-----------------------------------------
-----------------------------------------
| rollout/                |             |
|    ep_len_mean          | 383         |
|    ep_rew_mean          | 19.7        |
| time/                   |             |
|    fps                  | 437         |
|    iterations           | 19          |
|    time_elapsed         | 1066        |
|    total_timesteps      | 466944      |
| train/                  |             |
|    approx_kl            | 0.008414447 |
|    clip_fraction        | 0.084       |
|    clip_range           | 0.2         |
|    entropy_loss         | -1.87       |
|    explained_variance   | 0.929       |
|    learning_rate        | 0.0003      |
|    loss                 | 0.0153      |
|    n_updates            | 90          |
|    policy_gradient_loss | -0.00618    |
|    value_loss           | 0.0721      |
-----------------------------------------
-----------------------------------------
| rollout/                |             |
|    ep_len_mean          | 505         |
|    ep_rew_mean          | 16.3        |
| time/                   |             |
|    fps                  | 437         |
|    iterations           | 20          |
|    time_elapsed         | 1122        |
|    total_timesteps      | 491520      |
| train/                  |             |
|    approx_kl            | 0.008064092 |
|    clip_fraction        | 0.0797      |
|    clip_range           | 0.2         |
|    entropy_loss         | -1.84       |
|    explained_variance   | 0.942       |
|    learning_rate        | 0.0003      |
|    loss                 | 0.00202     |
|    n_updates            | 95          |
|    policy_gradient_loss | -0.00581    |
|    value_loss           | 0.0475      |
-----------------------------------------
[Checkpoint] Saved at 500000 steps > /home/runner/work/Disciples2-RL/Disciples2-RL/github_experiments/127/small/green_dragon/seed127-small-green_dragon-31719221166-1/checkpoints/campaign_ppo_step_500000.zip
-----------------------------------------
| rollout/                |             |
|    ep_len_mean          | 384         |
|    ep_rew_mean          | 18.8        |
| time/                   |             |
|    fps                  | 438         |
|    iterations           | 21          |
|    time_elapsed         | 1178        |
|    total_timesteps      | 516096      |
| train/                  |             |
|    approx_kl            | 0.008990092 |
|    clip_fraction        | 0.0888      |
|    clip_range           | 0.2         |
|    entropy_loss         | -1.9        |
|    explained_variance   | 0.951       |
|    learning_rate        | 0.0003      |
|    loss                 | -0.009      |
|    n_updates            | 100         |
|    policy_gradient_loss | -0.00505    |
|    value_loss           | 0.0465      |
-----------------------------------------
------------------------------------------
| rollout/                |              |
|    ep_len_mean          | 328          |
|    ep_rew_mean          | 27.5         |
| time/                   |              |
|    fps                  | 438          |
|    iterations           | 22           |
|    time_elapsed         | 1232         |
|    total_timesteps      | 540672       |
| train/                  |              |
|    approx_kl            | 0.0078372145 |
|    clip_fraction        | 0.086        |
|    clip_range           | 0.2          |
|    entropy_loss         | -1.87        |
|    explained_variance   | 0.944        |
|    learning_rate        | 0.0003       |
|    loss                 | 0.000402     |
|    n_updates            | 105          |
|    policy_gradient_loss | -0.00584     |
|    value_loss           | 0.0571       |
------------------------------------------
-----------------------------------------
| rollout/                |             |
|    ep_len_mean          | 339         |
|    ep_rew_mean          | 33.6        |
| time/                   |             |
|    fps                  | 439         |
|    iterations           | 23          |
|    time_elapsed         | 1287        |
|    total_timesteps      | 565248      |
| train/                  |             |
|    approx_kl            | 0.007867431 |
|    clip_fraction        | 0.0846      |
|    clip_range           | 0.2         |
|    entropy_loss         | -1.83       |
|    explained_variance   | 0.901       |
|    learning_rate        | 0.0003      |
|    loss                 | 0.0167      |
|    n_updates            | 110         |
|    policy_gradient_loss | -0.00521    |
|    value_loss           | 0.0589      |
-----------------------------------------
------------------------------------------
| rollout/                |              |
|    ep_len_mean          | 288          |
|    ep_rew_mean          | 33.9         |
| time/                   |              |
|    fps                  | 439          |
|    iterations           | 24           |
|    time_elapsed         | 1343         |
|    total_timesteps      | 589824       |
| train/                  |              |
|    approx_kl            | 0.0071042753 |
|    clip_fraction        | 0.0805       |
|    clip_range           | 0.2          |
|    entropy_loss         | -1.85        |
|    explained_variance   | 0.92         |
|    learning_rate        | 0.0003       |
|    loss                 | 0.00461      |
|    n_updates            | 115          |
|    policy_gradient_loss | -0.00574     |
|    value_loss           | 0.0521       |
------------------------------------------
----------------------------------------
| rollout/                |            |
|    ep_len_mean          | 274        |
|    ep_rew_mean          | 36         |
| time/                   |            |
|    fps                  | 439        |
|    iterations           | 25         |
|    time_elapsed         | 1398       |
|    total_timesteps      | 614400     |
| train/                  |            |
|    approx_kl            | 0.00820547 |
|    clip_fraction        | 0.093      |
|    clip_range           | 0.2        |
|    entropy_loss         | -1.8       |
|    explained_variance   | 0.875      |
|    learning_rate        | 0.0003     |
|    loss                 | 0.00438    |
|    n_updates            | 120        |
|    policy_gradient_loss | -0.00514   |
|    value_loss           | 0.067      |
----------------------------------------
------------------------------------------
| rollout/                |              |
|    ep_len_mean          | 260          |
|    ep_rew_mean          | 36.4         |
| time/                   |              |
|    fps                  | 440          |
|    iterations           | 26           |
|    time_elapsed         | 1452         |
|    total_timesteps      | 638976       |
| train/                  |              |
|    approx_kl            | 0.0065383217 |
|    clip_fraction        | 0.0623       |
|    clip_range           | 0.2          |
|    entropy_loss         | -1.75        |
|    explained_variance   | 0.865        |
|    learning_rate        | 0.0003       |
|    loss                 | 0.0234       |
|    n_updates            | 125          |
|    policy_gradient_loss | -0.00472     |
|    value_loss           | 0.0719       |
------------------------------------------
----------------------------------------
| rollout/                |            |
|    ep_len_mean          | 254        |
|    ep_rew_mean          | 39.7       |
| time/                   |            |
|    fps                  | 440        |
|    iterations           | 27         |
|    time_elapsed         | 1506       |
|    total_timesteps      | 663552     |
| train/                  |            |
|    approx_kl            | 0.00745279 |
|    clip_fraction        | 0.0828     |
|    clip_range           | 0.2        |
|    entropy_loss         | -1.73      |
|    explained_variance   | 0.866      |
|    learning_rate        | 0.0003     |
|    loss                 | 0.00195    |
|    n_updates            | 130        |
|    policy_gradient_loss | -0.00494   |
|    value_loss           | 0.0663     |
----------------------------------------
------------------------------------------
| rollout/                |              |
|    ep_len_mean          | 280          |
|    ep_rew_mean          | 42.5         |
| time/                   |              |
|    fps                  | 440          |
|    iterations           | 28           |
|    time_elapsed         | 1561         |
|    total_timesteps      | 688128       |
| train/                  |              |
|    approx_kl            | 0.0067840666 |
|    clip_fraction        | 0.0743       |
|    clip_range           | 0.2          |
|    entropy_loss         | -1.68        |
|    explained_variance   | 0.879        |
|    learning_rate        | 0.0003       |
|    loss                 | 0.0104       |
|    n_updates            | 135          |
|    policy_gradient_loss | -0.00474     |
|    value_loss           | 0.0577       |
------------------------------------------
-----------------------------------------
| rollout/                |             |
|    ep_len_mean          | 267         |
|    ep_rew_mean          | 41.8        |
| time/                   |             |
|    fps                  | 441         |
|    iterations           | 29          |
|    time_elapsed         | 1614        |
|    total_timesteps      | 712704      |
| train/                  |             |
|    approx_kl            | 0.008191387 |
|    clip_fraction        | 0.0818      |
|    clip_range           | 0.2         |
|    entropy_loss         | -1.7        |
|    explained_variance   | 0.89        |
|    learning_rate        | 0.0003      |
|    loss                 | -0.00425    |
|    n_updates            | 140         |
|    policy_gradient_loss | -0.00508    |
|    value_loss           | 0.051       |
-----------------------------------------
-----------------------------------------
| rollout/                |             |
|    ep_len_mean          | 303         |
|    ep_rew_mean          | 39.1        |
| time/                   |             |
|    fps                  | 441         |
|    iterations           | 30          |
|    time_elapsed         | 1671        |
|    total_timesteps      | 737280      |
| train/                  |             |
|    approx_kl            | 0.006748417 |
|    clip_fraction        | 0.0729      |
|    clip_range           | 0.2         |
|    entropy_loss         | -1.67       |
|    explained_variance   | 0.909       |
|    learning_rate        | 0.0003      |
|    loss                 | -0.0035     |
|    n_updates            | 145         |
|    policy_gradient_loss | -0.0051     |
|    value_loss           | 0.0591      |
-----------------------------------------
-----------------------------------------
| rollout/                |             |
|    ep_len_mean          | 232         |
|    ep_rew_mean          | 41.9        |
| time/                   |             |
|    fps                  | 441         |
|    iterations           | 31          |
|    time_elapsed         | 1725        |
|    total_timesteps      | 761856      |
| train/                  |             |
|    approx_kl            | 0.006518518 |
|    clip_fraction        | 0.0775      |
|    clip_range           | 0.2         |
|    entropy_loss         | -1.63       |
|    explained_variance   | 0.874       |
|    learning_rate        | 0.0003      |
|    loss                 | 0.00714     |
|    n_updates            | 150         |
|    policy_gradient_loss | -0.00397    |
|    value_loss           | 0.0584      |
-----------------------------------------
------------------------------------------
| rollout/                |              |
|    ep_len_mean          | 232          |
|    ep_rew_mean          | 38.5         |
| time/                   |              |
|    fps                  | 441          |
|    iterations           | 32           |
|    time_elapsed         | 1780         |
|    total_timesteps      | 786432       |
| train/                  |              |
|    approx_kl            | 0.0076475646 |
|    clip_fraction        | 0.0688       |
|    clip_range           | 0.2          |
|    entropy_loss         | -1.6         |
|    explained_variance   | 0.786        |
|    learning_rate        | 0.0003       |
|    loss                 | 0.018        |
|    n_updates            | 155          |
|    policy_gradient_loss | -0.00445     |
|    value_loss           | 0.117        |
------------------------------------------
------------------------------------------
| rollout/                |              |
|    ep_len_mean          | 241          |
|    ep_rew_mean          | 42.6         |
| time/                   |              |
|    fps                  | 442          |
|    iterations           | 33           |
|    time_elapsed         | 1834         |
|    total_timesteps      | 811008       |
| train/                  |              |
|    approx_kl            | 0.0072002425 |
|    clip_fraction        | 0.0801       |
|    clip_range           | 0.2          |
|    entropy_loss         | -1.58        |
|    explained_variance   | 0.898        |
|    learning_rate        | 0.0003       |
|    loss                 | 0.0106       |
|    n_updates            | 160          |
|    policy_gradient_loss | -0.00378     |
|    value_loss           | 0.0599       |
------------------------------------------
-----------------------------------------
| rollout/                |             |
|    ep_len_mean          | 304         |
|    ep_rew_mean          | 40.5        |
| time/                   |             |
|    fps                  | 442         |
|    iterations           | 34          |
|    time_elapsed         | 1888        |
|    total_timesteps      | 835584      |
| train/                  |             |
|    approx_kl            | 0.008106176 |
|    clip_fraction        | 0.0852      |
|    clip_range           | 0.2         |
|    entropy_loss         | -1.59       |
|    explained_variance   | 0.898       |
|    learning_rate        | 0.0003      |
|    loss                 | 0.0607      |
|    n_updates            | 165         |
|    policy_gradient_loss | -0.00387    |
|    value_loss           | 0.081       |
-----------------------------------------
------------------------------------------
| rollout/                |              |
|    ep_len_mean          | 263          |
|    ep_rew_mean          | 43.2         |
| time/                   |              |
|    fps                  | 443          |
|    iterations           | 35           |
|    time_elapsed         | 1941         |
|    total_timesteps      | 860160       |
| train/                  |              |
|    approx_kl            | 0.0070301555 |
|    clip_fraction        | 0.0754       |
|    clip_range           | 0.2          |
|    entropy_loss         | -1.53        |
|    explained_variance   | 0.84         |
|    learning_rate        | 0.0003       |
|    loss                 | 0.00578      |
|    n_updates            | 170          |
|    policy_gradient_loss | -0.00433     |
|    value_loss           | 0.0852       |
------------------------------------------
----------------------------------------
| rollout/                |            |
|    ep_len_mean          | 263        |
|    ep_rew_mean          | 46.4       |
| time/                   |            |
|    fps                  | 443        |
|    iterations           | 36         |
|    time_elapsed         | 1994       |
|    total_timesteps      | 884736     |
| train/                  |            |
|    approx_kl            | 0.00661354 |
|    clip_fraction        | 0.0764     |
|    clip_range           | 0.2        |
|    entropy_loss         | -1.51      |
|    explained_variance   | 0.9        |
|    learning_rate        | 0.0003     |
|    loss                 | -0.00438   |
|    n_updates            | 175        |
|    policy_gradient_loss | -0.00392   |
|    value_loss           | 0.0534     |
----------------------------------------
------------------------------------------
| rollout/                |              |
|    ep_len_mean          | 335          |
|    ep_rew_mean          | 37.6         |
| time/                   |              |
|    fps                  | 443          |
|    iterations           | 37           |
|    time_elapsed         | 2048         |
|    total_timesteps      | 909312       |
| train/                  |              |
|    approx_kl            | 0.0060621644 |
|    clip_fraction        | 0.0705       |
|    clip_range           | 0.2          |
|    entropy_loss         | -1.43        |
|    explained_variance   | 0.925        |
|    learning_rate        | 0.0003       |
|    loss                 | -0.00261     |
|    n_updates            | 180          |
|    policy_gradient_loss | -0.00357     |
|    value_loss           | 0.0447       |
------------------------------------------
------------------------------------------
| rollout/                |              |
|    ep_len_mean          | 444          |
|    ep_rew_mean          | 29.2         |
| time/                   |              |
|    fps                  | 443          |
|    iterations           | 38           |
|    time_elapsed         | 2105         |
|    total_timesteps      | 933888       |
| train/                  |              |
|    approx_kl            | 0.0055873743 |
|    clip_fraction        | 0.0644       |
|    clip_range           | 0.2          |
|    entropy_loss         | -1.38        |
|    explained_variance   | 0.929        |
|    learning_rate        | 0.0003       |
|    loss                 | 0.0194       |
|    n_updates            | 185          |
|    policy_gradient_loss | -0.00391     |
|    value_loss           | 0.053        |
------------------------------------------
-----------------------------------------
| rollout/                |             |
|    ep_len_mean          | 453         |
|    ep_rew_mean          | 29.9        |
| time/                   |             |
|    fps                  | 443         |
|    iterations           | 39          |
|    time_elapsed         | 2160        |
|    total_timesteps      | 958464      |
| train/                  |             |
|    approx_kl            | 0.007114198 |
|    clip_fraction        | 0.0733      |
|    clip_range           | 0.2         |
|    entropy_loss         | -1.45       |
|    explained_variance   | 0.958       |
|    learning_rate        | 0.0003      |
|    loss                 | -0.007      |
|    n_updates            | 190         |
|    policy_gradient_loss | -0.00489    |
|    value_loss           | 0.0385      |
-----------------------------------------
------------------------------------------
| rollout/                |              |
|    ep_len_mean          | 321          |
|    ep_rew_mean          | 42.3         |
| time/                   |              |
|    fps                  | 443          |
|    iterations           | 40           |
|    time_elapsed         | 2215         |
|    total_timesteps      | 983040       |
| train/                  |              |
|    approx_kl            | 0.0060518296 |
|    clip_fraction        | 0.067        |
|    clip_range           | 0.2          |
|    entropy_loss         | -1.43        |
|    explained_variance   | 0.947        |
|    learning_rate        | 0.0003       |
|    loss                 | 0.00246      |
|    n_updates            | 195          |
|    policy_gradient_loss | -0.00366     |
|    value_loss           | 0.0521       |
------------------------------------------
[Checkpoint] Saved at 1000000 steps > /home/runner/work/Disciples2-RL/Disciples2-RL/github_experiments/127/small/green_dragon/seed127-small-green_dragon-31719221166-1/checkpoints/campaign_ppo_step_1000000.zip
Eval num_timesteps=1000008, det_reward=44.29 +/- 6.15
Episode length: det=199.80 +/- 16.57
Victory rate: det=0.00%
--------------------------------------------------
| eval/                           |              |
|    deterministic_mean_ep_length | 200          |
|    deterministic_mean_reward    | 44.3         |
|    deterministic_victory_rate   | 0            |
|    mean_ep_length               | 200          |
|    mean_reward                  | 44.3         |
|    victory_rate                 | 0            |
| time/                           |              |
|    total_timesteps              | 1000008      |
| train/                          |              |
|    approx_kl                    | 0.0066738143 |
|    clip_fraction                | 0.0718       |
|    clip_range                   | 0.2          |
|    entropy_loss                 | -1.41        |
|    explained_variance           | 0.958        |
|    learning_rate                | 0.0003       |
|    loss                         | -0.00325     |
|    n_updates                    | 200          |
|    policy_gradient_loss         | -0.00418     |
|    value_loss                   | 0.0382       |
--------------------------------------------------
New best model by deterministic victory rate!
---------------------------------
| rollout/           |          |
|    ep_len_mean     | 339      |
|    ep_rew_mean     | 35.6     |
| time/              |          |
|    fps             | 441      |
|    iterations      | 41       |
|    time_elapsed    | 2283     |
|    total_timesteps | 1007616  |
---------------------------------
VecNormalize stats saved: /home/runner/work/Disciples2-RL/Disciples2-RL/github_experiments/127/small/green_dragon/seed127-small-green_dragon-31719221166-1/models/vecnormalize.pkl

Финальная модель сохранена: /home/runner/work/Disciples2-RL/Disciples2-RL/github_experiments/127/small/green_dragon/seed127-small-green_dragon-31719221166-1/models/final_model.zip

============================================================
ИТОГИ ОБУЧЕНИЯ:
  Побед: 5
  Поражений: 3890
  Таймаутов: 10
  Побед бота столицы над врагами: 0
  Перестановок юнитов: 219789
  Терминальные поражения по противникам:
    enemy_7: 1264 — Отряд: воин + привидение спереди, колдун + призрак + привидение сзади
    enemy_29: 512 — Отряд: 3 скваера на передней линии
    enemy_31: 402 — Отряд: зеленый дракон
    enemy_15: 341 — Отряд: 2 привидения спереди, вампир сзади
    enemy_23: 262 — Отряд: волк на передней линии
    enemy_25: 207 — Отряд: копейщик спереди и служка сзади
    enemy_27: 165 — Отряд: скваер в центре и 2 крестьянина на передней линии
    enemy_3: 129 — Отряд: орк чемпион на передней линии
    enemy_34: 112 — Отряд Порта Полонис: Воин спереди, Колдун, Нигош (Носферату) и Привидение сзади
    enemy_39: 101 — Отряд: Волк, Варвар
    enemy_9: 78 — Отряд: тамплиер спереди, колдун и призрак сзади
    enemy_17: 57 — Отряд: воин спереди, 2 призрака и привидение сзади
    enemy_75: 48 — Страж столицы Империи: Мизраэль
    enemy_21: 41 — Отряд: зомби спереди, привидение сзади
    enemy_74: 25 — Руины (43, 34): Лорд Тьмы, Лич
    enemy_70: 24 — Руины (15, 9): Орк, Гоблин, Гоблин
    enemy_11: 24 — Отряд: оборотень спереди и тень сзади
    enemy_5: 18 — Отряд: орк чемпион на передней линии
    enemy_61: 15 — Отряд: Зомби, Призрак
    enemy_63: 12 — Отряд: Разбойник
    enemy_1: 12 — Отряд: волк на передней линии
    enemy_41: 9 — Отряд: Гном, Метатель топоров
    enemy_68: 6 — Внутренний гарнизон Порта Полонис: Зомби, Воин
    enemy_35: 6 — Отряд Соругириллы: Унфегра (Королева личей), Виверна
    enemy_57: 4 — Отряд: Призрак, Привидение, Воин
    enemy_37: 4 — Отряд: Гном, Травница, Алхимик
    enemy_13: 4 — Отряд: 2 зомби спереди и привидение сзади
    enemy_65: 3 — Отряд: Кентавр копейщик, Рейнджер
    enemy_59: 3 — Отряд: Зомби
    enemy_47: 1 — Отряд: Призрак, Привидение, Привидение, Воин
    enemy_69: 1 — Внутренний гарнизон Соругириллы: Зомби, Воин
  Winrate: 0.1%
============================================================
  График призывов за эпизод: /home/runner/work/Disciples2-RL/Disciples2-RL/github_experiments/127/small/green_dragon/seed127-small-green_dragon-31719221166-1/plots/campaign_summoned_units_per_episode.png
  График призывов за всё обучение: /home/runner/work/Disciples2-RL/Disciples2-RL/github_experiments/127/small/green_dragon/seed127-small-green_dragon-31719221166-1/plots/campaign_summoned_units_cumulative.png
  График найма за эпизод: /home/runner/work/Disciples2-RL/Disciples2-RL/github_experiments/127/small/green_dragon/seed127-small-green_dragon-31719221166-1/plots/campaign_hired_units_per_episode.png
  График найма за всё обучение: /home/runner/work/Disciples2-RL/Disciples2-RL/github_experiments/127/small/green_dragon/seed127-small-green_dragon-31719221166-1/plots/campaign_hired_units_cumulative.png
  График перестановок юнитов за эпизод: /home/runner/work/Disciples2-RL/Disciples2-RL/github_experiments/127/small/green_dragon/seed127-small-green_dragon-31719221166-1/plots/campaign_unit_swaps_per_episode.png
  График боевых предметов: /home/runner/work/Disciples2-RL/Disciples2-RL/github_experiments/127/small/green_dragon/seed127-small-green_dragon-31719221166-1/plots/campaign_battle_item_activity.png
  График побед бота столицы за эпизод: /home/runner/work/Disciples2-RL/Disciples2-RL/github_experiments/127/small/green_dragon/seed127-small-green_dragon-31719221166-1/plots/campaign_scripted_bot_victories_per_episode.png
  График применения заклинаний: /home/runner/work/Disciples2-RL/Disciples2-RL/github_experiments/127/small/green_dragon/seed127-small-green_dragon-31719221166-1/plots/campaign_spell_cast_activity.png
