Проверка среды CampaignEnv...
Среда прошла проверку!
[INFO] Comet disabled, running without experiment tracking
Создание 12 параллельных сред (subproc)...
Инициализация MaskablePPO...
Using cpu device

============================================================
Запуск обучения Campaign Agent
Всего шагов: 1,000,000
Параллельных сред: 12
VecEnv: subproc
VecEnv start method: forkserver
Seed: 137
Checkpoint каждые: 500,000 шагов
Evaluation каждые: 83,334 шагов
Eval deterministic эпизодов: 20
Eval stochastic эпизодов: 0
Eval лимит шагов на эпизод: 5000
Campaign map: small
Campaign objective: blue_dragon
System resources at training start:
  Platform: Linux 6.17.0-1022-azure (x86_64)
  Python: 3.14.7
  PyTorch: 2.14.0+cpu
  Training device: cpu
  CPU model: AMD EPYC 7763 64-Core Processor
  CPU vendor: AuthenticAMD
  Logical CPUs visible: 4
  Process CPU affinity: 4
  Sockets: 1
  Cores per socket: 2
  Threads per core: 2
  CPU max MHz: unknown
  CPU min MHz: unknown
  L1d cache: 64 KiB (2 instances)
  L1i cache: 64 KiB (2 instances)
  L2 cache: 1 MiB (2 instances)
  L3 cache: 32 MiB (1 instance)
  Virtualization: AMD-V
  Hypervisor: Microsoft
  RAM total: 15.61 GiB
  RAM available at start: 13.89 GiB
  Disk total: 144.26 GiB
  Disk free at start: 74.78 GiB
  Torch intra-op threads: 4
  Torch inter-op threads: 2
  OMP_NUM_THREADS: 4
  MKL_NUM_THREADS: 4
  OPENBLAS_NUM_THREADS: 4
  GitHub runner OS: Linux
  GitHub runner architecture: X64
  GitHub runner environment: github-hosted
PPO n_steps: 2,048
PPO batch_size: 512
PPO n_epochs: 5
PPO learning_rate: 0.0003
PPO clip_range: 0.2
PPO ent_coef: 0.01
PPO gamma: 0.995
PPO gae_lambda: 0.95
PPO target_kl: disabled
PPO gradient batches per rollout: 240
VecCheckNan: disabled
Freeze action layout: enabled
Empire territory: enabled
Torch threads per process: 4
Diagnostics: disabled
Wall-clock training limit: disabled
Run ID: seed137-small-blue_dragon-35217030603-1
============================================================

Logging to /home/runner/work/Disciples2-RL/Disciples2-RL/github_experiments/137/small/blue_dragon/seed137-small-blue_dragon-35217030603-1/tensorboard/MaskablePPO_1
---------------------------------
| rollout/           |          |
|    ep_len_mean     | 103      |
|    ep_rew_mean     | -5.7     |
| time/              |          |
|    fps             | 455      |
|    iterations      | 1        |
|    time_elapsed    | 53       |
|    total_timesteps | 24576    |
---------------------------------
------------------------------------------
| rollout/                |              |
|    ep_len_mean          | 112          |
|    ep_rew_mean          | -4.55        |
| time/                   |              |
|    fps                  | 437          |
|    iterations           | 2            |
|    time_elapsed         | 112          |
|    total_timesteps      | 49152        |
| train/                  |              |
|    approx_kl            | 0.0108506605 |
|    clip_fraction        | 0.116        |
|    clip_range           | 0.2          |
|    entropy_loss         | -2.21        |
|    explained_variance   | -0.291       |
|    learning_rate        | 0.0003       |
|    loss                 | 0.241        |
|    n_updates            | 5            |
|    policy_gradient_loss | -0.00821     |
|    value_loss           | 0.562        |
------------------------------------------
-----------------------------------------
| rollout/                |             |
|    ep_len_mean          | 132         |
|    ep_rew_mean          | -2.68       |
| time/                   |             |
|    fps                  | 437         |
|    iterations           | 3           |
|    time_elapsed         | 168         |
|    total_timesteps      | 73728       |
| train/                  |             |
|    approx_kl            | 0.010063776 |
|    clip_fraction        | 0.125       |
|    clip_range           | 0.2         |
|    entropy_loss         | -2.16       |
|    explained_variance   | 0.523       |
|    learning_rate        | 0.0003      |
|    loss                 | 0.0885      |
|    n_updates            | 10          |
|    policy_gradient_loss | -0.0124     |
|    value_loss           | 0.349       |
-----------------------------------------
-----------------------------------------
| rollout/                |             |
|    ep_len_mean          | 156         |
|    ep_rew_mean          | -1.29       |
| time/                   |             |
|    fps                  | 435         |
|    iterations           | 4           |
|    time_elapsed         | 225         |
|    total_timesteps      | 98304       |
| train/                  |             |
|    approx_kl            | 0.011178025 |
|    clip_fraction        | 0.125       |
|    clip_range           | 0.2         |
|    entropy_loss         | -2.1        |
|    explained_variance   | 0.686       |
|    learning_rate        | 0.0003      |
|    loss                 | 0.0952      |
|    n_updates            | 15          |
|    policy_gradient_loss | -0.012      |
|    value_loss           | 0.247       |
-----------------------------------------
-----------------------------------------
| rollout/                |             |
|    ep_len_mean          | 185         |
|    ep_rew_mean          | 0.111       |
| time/                   |             |
|    fps                  | 432         |
|    iterations           | 5           |
|    time_elapsed         | 284         |
|    total_timesteps      | 122880      |
| train/                  |             |
|    approx_kl            | 0.011319079 |
|    clip_fraction        | 0.148       |
|    clip_range           | 0.2         |
|    entropy_loss         | -2.07       |
|    explained_variance   | 0.836       |
|    learning_rate        | 0.0003      |
|    loss                 | 0.0454      |
|    n_updates            | 20          |
|    policy_gradient_loss | -0.0128     |
|    value_loss           | 0.172       |
-----------------------------------------
-----------------------------------------
| rollout/                |             |
|    ep_len_mean          | 178         |
|    ep_rew_mean          | 6.54        |
| time/                   |             |
|    fps                  | 431         |
|    iterations           | 6           |
|    time_elapsed         | 341         |
|    total_timesteps      | 147456      |
| train/                  |             |
|    approx_kl            | 0.010189012 |
|    clip_fraction        | 0.116       |
|    clip_range           | 0.2         |
|    entropy_loss         | -2.03       |
|    explained_variance   | 0.876       |
|    learning_rate        | 0.0003      |
|    loss                 | 0.0202      |
|    n_updates            | 25          |
|    policy_gradient_loss | -0.0109     |
|    value_loss           | 0.118       |
-----------------------------------------
-----------------------------------------
| rollout/                |             |
|    ep_len_mean          | 192         |
|    ep_rew_mean          | 9.18        |
| time/                   |             |
|    fps                  | 432         |
|    iterations           | 7           |
|    time_elapsed         | 398         |
|    total_timesteps      | 172032      |
| train/                  |             |
|    approx_kl            | 0.010765159 |
|    clip_fraction        | 0.125       |
|    clip_range           | 0.2         |
|    entropy_loss         | -1.98       |
|    explained_variance   | 0.835       |
|    learning_rate        | 0.0003      |
|    loss                 | 0.0056      |
|    n_updates            | 30          |
|    policy_gradient_loss | -0.0111     |
|    value_loss           | 0.0893      |
-----------------------------------------
-----------------------------------------
| rollout/                |             |
|    ep_len_mean          | 166         |
|    ep_rew_mean          | 10.2        |
| time/                   |             |
|    fps                  | 431         |
|    iterations           | 8           |
|    time_elapsed         | 455         |
|    total_timesteps      | 196608      |
| train/                  |             |
|    approx_kl            | 0.010427103 |
|    clip_fraction        | 0.123       |
|    clip_range           | 0.2         |
|    entropy_loss         | -1.97       |
|    explained_variance   | 0.849       |
|    learning_rate        | 0.0003      |
|    loss                 | 0.00859     |
|    n_updates            | 35          |
|    policy_gradient_loss | -0.0104     |
|    value_loss           | 0.0825      |
-----------------------------------------
-----------------------------------------
| rollout/                |             |
|    ep_len_mean          | 168         |
|    ep_rew_mean          | 12.9        |
| time/                   |             |
|    fps                  | 432         |
|    iterations           | 9           |
|    time_elapsed         | 511         |
|    total_timesteps      | 221184      |
| train/                  |             |
|    approx_kl            | 0.009082549 |
|    clip_fraction        | 0.103       |
|    clip_range           | 0.2         |
|    entropy_loss         | -1.92       |
|    explained_variance   | 0.811       |
|    learning_rate        | 0.0003      |
|    loss                 | 0.00394     |
|    n_updates            | 40          |
|    policy_gradient_loss | -0.00903    |
|    value_loss           | 0.0806      |
-----------------------------------------
-----------------------------------------
| rollout/                |             |
|    ep_len_mean          | 171         |
|    ep_rew_mean          | 14.6        |
| time/                   |             |
|    fps                  | 432         |
|    iterations           | 10          |
|    time_elapsed         | 568         |
|    total_timesteps      | 245760      |
| train/                  |             |
|    approx_kl            | 0.008770652 |
|    clip_fraction        | 0.0979      |
|    clip_range           | 0.2         |
|    entropy_loss         | -1.89       |
|    explained_variance   | 0.8         |
|    learning_rate        | 0.0003      |
|    loss                 | 0.00933     |
|    n_updates            | 45          |
|    policy_gradient_loss | -0.00893    |
|    value_loss           | 0.088       |
-----------------------------------------
------------------------------------------
| rollout/                |              |
|    ep_len_mean          | 159          |
|    ep_rew_mean          | 16.7         |
| time/                   |              |
|    fps                  | 432          |
|    iterations           | 11           |
|    time_elapsed         | 625          |
|    total_timesteps      | 270336       |
| train/                  |              |
|    approx_kl            | 0.0077601424 |
|    clip_fraction        | 0.0816       |
|    clip_range           | 0.2          |
|    entropy_loss         | -1.9         |
|    explained_variance   | 0.781        |
|    learning_rate        | 0.0003       |
|    loss                 | 0.0276       |
|    n_updates            | 50           |
|    policy_gradient_loss | -0.00668     |
|    value_loss           | 0.0861       |
------------------------------------------
----------------------------------------
| rollout/                |            |
|    ep_len_mean          | 142        |
|    ep_rew_mean          | 15         |
| time/                   |            |
|    fps                  | 431        |
|    iterations           | 12         |
|    time_elapsed         | 683        |
|    total_timesteps      | 294912     |
| train/                  |            |
|    approx_kl            | 0.00766699 |
|    clip_fraction        | 0.0771     |
|    clip_range           | 0.2        |
|    entropy_loss         | -1.87      |
|    explained_variance   | 0.776      |
|    learning_rate        | 0.0003     |
|    loss                 | 0.0124     |
|    n_updates            | 55         |
|    policy_gradient_loss | -0.00655   |
|    value_loss           | 0.0917     |
----------------------------------------
------------------------------------------
| rollout/                |              |
|    ep_len_mean          | 140          |
|    ep_rew_mean          | 16.3         |
| time/                   |              |
|    fps                  | 431          |
|    iterations           | 13           |
|    time_elapsed         | 739          |
|    total_timesteps      | 319488       |
| train/                  |              |
|    approx_kl            | 0.0072973534 |
|    clip_fraction        | 0.0664       |
|    clip_range           | 0.2          |
|    entropy_loss         | -1.8         |
|    explained_variance   | 0.761        |
|    learning_rate        | 0.0003       |
|    loss                 | 0.0101       |
|    n_updates            | 60           |
|    policy_gradient_loss | -0.00524     |
|    value_loss           | 0.106        |
------------------------------------------
-----------------------------------------
| rollout/                |             |
|    ep_len_mean          | 141         |
|    ep_rew_mean          | 16.6        |
| time/                   |             |
|    fps                  | 432         |
|    iterations           | 14          |
|    time_elapsed         | 795         |
|    total_timesteps      | 344064      |
| train/                  |             |
|    approx_kl            | 0.008162619 |
|    clip_fraction        | 0.0783      |
|    clip_range           | 0.2         |
|    entropy_loss         | -1.79       |
|    explained_variance   | 0.791       |
|    learning_rate        | 0.0003      |
|    loss                 | 0.026       |
|    n_updates            | 65          |
|    policy_gradient_loss | -0.0061     |
|    value_loss           | 0.114       |
-----------------------------------------
------------------------------------------
| rollout/                |              |
|    ep_len_mean          | 154          |
|    ep_rew_mean          | 20.3         |
| time/                   |              |
|    fps                  | 432          |
|    iterations           | 15           |
|    time_elapsed         | 851          |
|    total_timesteps      | 368640       |
| train/                  |              |
|    approx_kl            | 0.0068643894 |
|    clip_fraction        | 0.0655       |
|    clip_range           | 0.2          |
|    entropy_loss         | -1.78        |
|    explained_variance   | 0.791        |
|    learning_rate        | 0.0003       |
|    loss                 | 0.0345       |
|    n_updates            | 70           |
|    policy_gradient_loss | -0.00547     |
|    value_loss           | 0.12         |
------------------------------------------
-----------------------------------------
| rollout/                |             |
|    ep_len_mean          | 149         |
|    ep_rew_mean          | 20.1        |
| time/                   |             |
|    fps                  | 433         |
|    iterations           | 16          |
|    time_elapsed         | 907         |
|    total_timesteps      | 393216      |
| train/                  |             |
|    approx_kl            | 0.007773098 |
|    clip_fraction        | 0.0755      |
|    clip_range           | 0.2         |
|    entropy_loss         | -1.77       |
|    explained_variance   | 0.804       |
|    learning_rate        | 0.0003      |
|    loss                 | 0.0261      |
|    n_updates            | 75          |
|    policy_gradient_loss | -0.00556    |
|    value_loss           | 0.115       |
-----------------------------------------
------------------------------------------
| rollout/                |              |
|    ep_len_mean          | 149          |
|    ep_rew_mean          | 21.8         |
| time/                   |              |
|    fps                  | 433          |
|    iterations           | 17           |
|    time_elapsed         | 964          |
|    total_timesteps      | 417792       |
| train/                  |              |
|    approx_kl            | 0.0077155703 |
|    clip_fraction        | 0.0746       |
|    clip_range           | 0.2          |
|    entropy_loss         | -1.77        |
|    explained_variance   | 0.82         |
|    learning_rate        | 0.0003       |
|    loss                 | 0.021        |
|    n_updates            | 80           |
|    policy_gradient_loss | -0.00643     |
|    value_loss           | 0.12         |
------------------------------------------
-----------------------------------------
| rollout/                |             |
|    ep_len_mean          | 157         |
|    ep_rew_mean          | 23.3        |
| time/                   |             |
|    fps                  | 433         |
|    iterations           | 18          |
|    time_elapsed         | 1020        |
|    total_timesteps      | 442368      |
| train/                  |             |
|    approx_kl            | 0.008013646 |
|    clip_fraction        | 0.0791      |
|    clip_range           | 0.2         |
|    entropy_loss         | -1.74       |
|    explained_variance   | 0.82        |
|    learning_rate        | 0.0003      |
|    loss                 | 0.0211      |
|    n_updates            | 85          |
|    policy_gradient_loss | -0.00655    |
|    value_loss           | 0.131       |
-----------------------------------------
------------------------------------------
| rollout/                |              |
|    ep_len_mean          | 147          |
|    ep_rew_mean          | 22.3         |
| time/                   |              |
|    fps                  | 433          |
|    iterations           | 19           |
|    time_elapsed         | 1078         |
|    total_timesteps      | 466944       |
| train/                  |              |
|    approx_kl            | 0.0078037097 |
|    clip_fraction        | 0.0755       |
|    clip_range           | 0.2          |
|    entropy_loss         | -1.76        |
|    explained_variance   | 0.846        |
|    learning_rate        | 0.0003       |
|    loss                 | 0.0273       |
|    n_updates            | 90           |
|    policy_gradient_loss | -0.00693     |
|    value_loss           | 0.116        |
------------------------------------------
-----------------------------------------
| rollout/                |             |
|    ep_len_mean          | 168         |
|    ep_rew_mean          | 26.3        |
| time/                   |             |
|    fps                  | 432         |
|    iterations           | 20          |
|    time_elapsed         | 1135        |
|    total_timesteps      | 491520      |
| train/                  |             |
|    approx_kl            | 0.006928522 |
|    clip_fraction        | 0.0694      |
|    clip_range           | 0.2         |
|    entropy_loss         | -1.69       |
|    explained_variance   | 0.851       |
|    learning_rate        | 0.0003      |
|    loss                 | 0.0262      |
|    n_updates            | 95          |
|    policy_gradient_loss | -0.00556    |
|    value_loss           | 0.121       |
-----------------------------------------
[Checkpoint] Saved at 500000 steps > /home/runner/work/Disciples2-RL/Disciples2-RL/github_experiments/137/small/blue_dragon/seed137-small-blue_dragon-35217030603-1/checkpoints/campaign_ppo_step_500000.zip
-----------------------------------------
| rollout/                |             |
|    ep_len_mean          | 155         |
|    ep_rew_mean          | 24.3        |
| time/                   |             |
|    fps                  | 432         |
|    iterations           | 21          |
|    time_elapsed         | 1192        |
|    total_timesteps      | 516096      |
| train/                  |             |
|    approx_kl            | 0.007493822 |
|    clip_fraction        | 0.0714      |
|    clip_range           | 0.2         |
|    entropy_loss         | -1.71       |
|    explained_variance   | 0.881       |
|    learning_rate        | 0.0003      |
|    loss                 | 0.0248      |
|    n_updates            | 100         |
|    policy_gradient_loss | -0.00537    |
|    value_loss           | 0.0969      |
-----------------------------------------
------------------------------------------
| rollout/                |              |
|    ep_len_mean          | 157          |
|    ep_rew_mean          | 26           |
| time/                   |              |
|    fps                  | 432          |
|    iterations           | 22           |
|    time_elapsed         | 1249         |
|    total_timesteps      | 540672       |
| train/                  |              |
|    approx_kl            | 0.0069526066 |
|    clip_fraction        | 0.0711       |
|    clip_range           | 0.2          |
|    entropy_loss         | -1.68        |
|    explained_variance   | 0.887        |
|    learning_rate        | 0.0003       |
|    loss                 | 0.0384       |
|    n_updates            | 105          |
|    policy_gradient_loss | -0.00514     |
|    value_loss           | 0.104        |
------------------------------------------
------------------------------------------
| rollout/                |              |
|    ep_len_mean          | 219          |
|    ep_rew_mean          | 22.1         |
| time/                   |              |
|    fps                  | 432          |
|    iterations           | 23           |
|    time_elapsed         | 1306         |
|    total_timesteps      | 565248       |
| train/                  |              |
|    approx_kl            | 0.0074731875 |
|    clip_fraction        | 0.078        |
|    clip_range           | 0.2          |
|    entropy_loss         | -1.68        |
|    explained_variance   | 0.921        |
|    learning_rate        | 0.0003       |
|    loss                 | 0.00947      |
|    n_updates            | 110          |
|    policy_gradient_loss | -0.00563     |
|    value_loss           | 0.0929       |
------------------------------------------
-----------------------------------------
| rollout/                |             |
|    ep_len_mean          | 178         |
|    ep_rew_mean          | 29.8        |
| time/                   |             |
|    fps                  | 432         |
|    iterations           | 24          |
|    time_elapsed         | 1363        |
|    total_timesteps      | 589824      |
| train/                  |             |
|    approx_kl            | 0.008163209 |
|    clip_fraction        | 0.0841      |
|    clip_range           | 0.2         |
|    entropy_loss         | -1.67       |
|    explained_variance   | 0.924       |
|    learning_rate        | 0.0003      |
|    loss                 | 0.0156      |
|    n_updates            | 115         |
|    policy_gradient_loss | -0.00612    |
|    value_loss           | 0.0787      |
-----------------------------------------
------------------------------------------
| rollout/                |              |
|    ep_len_mean          | 183          |
|    ep_rew_mean          | 31.9         |
| time/                   |              |
|    fps                  | 432          |
|    iterations           | 25           |
|    time_elapsed         | 1420         |
|    total_timesteps      | 614400       |
| train/                  |              |
|    approx_kl            | 0.0074338694 |
|    clip_fraction        | 0.0758       |
|    clip_range           | 0.2          |
|    entropy_loss         | -1.65        |
|    explained_variance   | 0.9          |
|    learning_rate        | 0.0003       |
|    loss                 | 0.00857      |
|    n_updates            | 120          |
|    policy_gradient_loss | -0.00569     |
|    value_loss           | 0.0733       |
------------------------------------------
-----------------------------------------
| rollout/                |             |
|    ep_len_mean          | 184         |
|    ep_rew_mean          | 33.5        |
| time/                   |             |
|    fps                  | 432         |
|    iterations           | 26          |
|    time_elapsed         | 1477        |
|    total_timesteps      | 638976      |
| train/                  |             |
|    approx_kl            | 0.007199572 |
|    clip_fraction        | 0.0688      |
|    clip_range           | 0.2         |
|    entropy_loss         | -1.63       |
|    explained_variance   | 0.896       |
|    learning_rate        | 0.0003      |
|    loss                 | 0.012       |
|    n_updates            | 125         |
|    policy_gradient_loss | -0.00573    |
|    value_loss           | 0.0751      |
-----------------------------------------
-----------------------------------------
| rollout/                |             |
|    ep_len_mean          | 185         |
|    ep_rew_mean          | 33.7        |
| time/                   |             |
|    fps                  | 432         |
|    iterations           | 27          |
|    time_elapsed         | 1534        |
|    total_timesteps      | 663552      |
| train/                  |             |
|    approx_kl            | 0.007124973 |
|    clip_fraction        | 0.0776      |
|    clip_range           | 0.2         |
|    entropy_loss         | -1.59       |
|    explained_variance   | 0.896       |
|    learning_rate        | 0.0003      |
|    loss                 | 0.00943     |
|    n_updates            | 130         |
|    policy_gradient_loss | -0.00654    |
|    value_loss           | 0.0775      |
-----------------------------------------
-----------------------------------------
| rollout/                |             |
|    ep_len_mean          | 184         |
|    ep_rew_mean          | 36.2        |
| time/                   |             |
|    fps                  | 432         |
|    iterations           | 28          |
|    time_elapsed         | 1591        |
|    total_timesteps      | 688128      |
| train/                  |             |
|    approx_kl            | 0.006359638 |
|    clip_fraction        | 0.0638      |
|    clip_range           | 0.2         |
|    entropy_loss         | -1.61       |
|    explained_variance   | 0.926       |
|    learning_rate        | 0.0003      |
|    loss                 | 0.00921     |
|    n_updates            | 135         |
|    policy_gradient_loss | -0.00548    |
|    value_loss           | 0.0757      |
-----------------------------------------
-----------------------------------------
| rollout/                |             |
|    ep_len_mean          | 276         |
|    ep_rew_mean          | 25.2        |
| time/                   |             |
|    fps                  | 432         |
|    iterations           | 29          |
|    time_elapsed         | 1647        |
|    total_timesteps      | 712704      |
| train/                  |             |
|    approx_kl            | 0.006378347 |
|    clip_fraction        | 0.0701      |
|    clip_range           | 0.2         |
|    entropy_loss         | -1.57       |
|    explained_variance   | 0.952       |
|    learning_rate        | 0.0003      |
|    loss                 | 0.00367     |
|    n_updates            | 140         |
|    policy_gradient_loss | -0.00514    |
|    value_loss           | 0.0656      |
-----------------------------------------
------------------------------------------
| rollout/                |              |
|    ep_len_mean          | 222          |
|    ep_rew_mean          | 32.2         |
| time/                   |              |
|    fps                  | 432          |
|    iterations           | 30           |
|    time_elapsed         | 1705         |
|    total_timesteps      | 737280       |
| train/                  |              |
|    approx_kl            | 0.0064733294 |
|    clip_fraction        | 0.0682       |
|    clip_range           | 0.2          |
|    entropy_loss         | -1.58        |
|    explained_variance   | 0.969        |
|    learning_rate        | 0.0003       |
|    loss                 | -0.000992    |
|    n_updates            | 145          |
|    policy_gradient_loss | -0.00479     |
|    value_loss           | 0.0574       |
------------------------------------------
------------------------------------------
| rollout/                |              |
|    ep_len_mean          | 239          |
|    ep_rew_mean          | 36.6         |
| time/                   |              |
|    fps                  | 432          |
|    iterations           | 31           |
|    time_elapsed         | 1763         |
|    total_timesteps      | 761856       |
| train/                  |              |
|    approx_kl            | 0.0068200906 |
|    clip_fraction        | 0.0679       |
|    clip_range           | 0.2          |
|    entropy_loss         | -1.52        |
|    explained_variance   | 0.97         |
|    learning_rate        | 0.0003       |
|    loss                 | 0.0104       |
|    n_updates            | 150          |
|    policy_gradient_loss | -0.00431     |
|    value_loss           | 0.0612       |
------------------------------------------
------------------------------------------
| rollout/                |              |
|    ep_len_mean          | 237          |
|    ep_rew_mean          | 35.7         |
| time/                   |              |
|    fps                  | 432          |
|    iterations           | 32           |
|    time_elapsed         | 1819         |
|    total_timesteps      | 786432       |
| train/                  |              |
|    approx_kl            | 0.0065882406 |
|    clip_fraction        | 0.0659       |
|    clip_range           | 0.2          |
|    entropy_loss         | -1.52        |
|    explained_variance   | 0.97         |
|    learning_rate        | 0.0003       |
|    loss                 | 0.00473      |
|    n_updates            | 155          |
|    policy_gradient_loss | -0.00492     |
|    value_loss           | 0.0488       |
------------------------------------------
-----------------------------------------
| rollout/                |             |
|    ep_len_mean          | 333         |
|    ep_rew_mean          | 25          |
| time/                   |             |
|    fps                  | 432         |
|    iterations           | 33          |
|    time_elapsed         | 1877        |
|    total_timesteps      | 811008      |
| train/                  |             |
|    approx_kl            | 0.006310027 |
|    clip_fraction        | 0.0651      |
|    clip_range           | 0.2         |
|    entropy_loss         | -1.48       |
|    explained_variance   | 0.979       |
|    learning_rate        | 0.0003      |
|    loss                 | -0.0105     |
|    n_updates            | 160         |
|    policy_gradient_loss | -0.00486    |
|    value_loss           | 0.0392      |
-----------------------------------------
------------------------------------------
| rollout/                |              |
|    ep_len_mean          | 274          |
|    ep_rew_mean          | 39.4         |
| time/                   |              |
|    fps                  | 431          |
|    iterations           | 34           |
|    time_elapsed         | 1935         |
|    total_timesteps      | 835584       |
| train/                  |              |
|    approx_kl            | 0.0068333554 |
|    clip_fraction        | 0.0774       |
|    clip_range           | 0.2          |
|    entropy_loss         | -1.46        |
|    explained_variance   | 0.979        |
|    learning_rate        | 0.0003       |
|    loss                 | -0.00248     |
|    n_updates            | 165          |
|    policy_gradient_loss | -0.00538     |
|    value_loss           | 0.0369       |
------------------------------------------
------------------------------------------
| rollout/                |              |
|    ep_len_mean          | 397          |
|    ep_rew_mean          | 25.1         |
| time/                   |              |
|    fps                  | 431          |
|    iterations           | 35           |
|    time_elapsed         | 1992         |
|    total_timesteps      | 860160       |
| train/                  |              |
|    approx_kl            | 0.0067449175 |
|    clip_fraction        | 0.0627       |
|    clip_range           | 0.2          |
|    entropy_loss         | -1.45        |
|    explained_variance   | 0.982        |
|    learning_rate        | 0.0003       |
|    loss                 | -0.00814     |
|    n_updates            | 170          |
|    policy_gradient_loss | -0.0045      |
|    value_loss           | 0.0304       |
------------------------------------------
------------------------------------------
| rollout/                |              |
|    ep_len_mean          | 299          |
|    ep_rew_mean          | 40.2         |
| time/                   |              |
|    fps                  | 431          |
|    iterations           | 36           |
|    time_elapsed         | 2049         |
|    total_timesteps      | 884736       |
| train/                  |              |
|    approx_kl            | 0.0060486835 |
|    clip_fraction        | 0.07         |
|    clip_range           | 0.2          |
|    entropy_loss         | -1.41        |
|    explained_variance   | 0.982        |
|    learning_rate        | 0.0003       |
|    loss                 | -0.0109      |
|    n_updates            | 175          |
|    policy_gradient_loss | -0.00378     |
|    value_loss           | 0.0328       |
------------------------------------------
------------------------------------------
| rollout/                |              |
|    ep_len_mean          | 262          |
|    ep_rew_mean          | 46.8         |
| time/                   |              |
|    fps                  | 431          |
|    iterations           | 37           |
|    time_elapsed         | 2108         |
|    total_timesteps      | 909312       |
| train/                  |              |
|    approx_kl            | 0.0064518596 |
|    clip_fraction        | 0.0709       |
|    clip_range           | 0.2          |
|    entropy_loss         | -1.51        |
|    explained_variance   | 0.981        |
|    learning_rate        | 0.0003       |
|    loss                 | -0.00987     |
|    n_updates            | 180          |
|    policy_gradient_loss | -0.00518     |
|    value_loss           | 0.0315       |
------------------------------------------
-----------------------------------------
| rollout/                |             |
|    ep_len_mean          | 468         |
|    ep_rew_mean          | 14.6        |
| time/                   |             |
|    fps                  | 431         |
|    iterations           | 38          |
|    time_elapsed         | 2166        |
|    total_timesteps      | 933888      |
| train/                  |             |
|    approx_kl            | 0.007476318 |
|    clip_fraction        | 0.0746      |
|    clip_range           | 0.2         |
|    entropy_loss         | -1.5        |
|    explained_variance   | 0.988       |
|    learning_rate        | 0.0003      |
|    loss                 | -0.00895    |
|    n_updates            | 185         |
|    policy_gradient_loss | -0.00536    |
|    value_loss           | 0.0234      |
-----------------------------------------
-----------------------------------------
| rollout/                |             |
|    ep_len_mean          | 327         |
|    ep_rew_mean          | 36.7        |
| time/                   |             |
|    fps                  | 430         |
|    iterations           | 39          |
|    time_elapsed         | 2224        |
|    total_timesteps      | 958464      |
| train/                  |             |
|    approx_kl            | 0.006393304 |
|    clip_fraction        | 0.0662      |
|    clip_range           | 0.2         |
|    entropy_loss         | -1.51       |
|    explained_variance   | 0.987       |
|    learning_rate        | 0.0003      |
|    loss                 | -0.00964    |
|    n_updates            | 190         |
|    policy_gradient_loss | -0.0046     |
|    value_loss           | 0.0226      |
-----------------------------------------
------------------------------------------
| rollout/                |              |
|    ep_len_mean          | 326          |
|    ep_rew_mean          | 40.7         |
| time/                   |              |
|    fps                  | 430          |
|    iterations           | 40           |
|    time_elapsed         | 2281         |
|    total_timesteps      | 983040       |
| train/                  |              |
|    approx_kl            | 0.0069892965 |
|    clip_fraction        | 0.0796       |
|    clip_range           | 0.2          |
|    entropy_loss         | -1.44        |
|    explained_variance   | 0.985        |
|    learning_rate        | 0.0003       |
|    loss                 | -0.00364     |
|    n_updates            | 195          |
|    policy_gradient_loss | -0.00453     |
|    value_loss           | 0.0234       |
------------------------------------------
[Checkpoint] Saved at 1000000 steps > /home/runner/work/Disciples2-RL/Disciples2-RL/github_experiments/137/small/blue_dragon/seed137-small-blue_dragon-35217030603-1/checkpoints/campaign_ppo_step_1000000.zip
Eval num_timesteps=1000008, det_reward=-273.86 +/- 229.20
Episode length: det=3522.95 +/- 1958.09
Victory rate: det=0.00%
-------------------------------------------------
| eval/                           |             |
|    deterministic_mean_ep_length | 3.52e+03    |
|    deterministic_mean_reward    | -274        |
|    deterministic_victory_rate   | 0           |
|    mean_ep_length               | 3.52e+03    |
|    mean_reward                  | -274        |
|    victory_rate                 | 0           |
| time/                           |             |
|    total_timesteps              | 1000008     |
| train/                          |             |
|    approx_kl                    | 0.006199692 |
|    clip_fraction                | 0.0692      |
|    clip_range                   | 0.2         |
|    entropy_loss                 | -1.52       |
|    explained_variance           | 0.989       |
|    learning_rate                | 0.0003      |
|    loss                         | -0.0173     |
|    n_updates                    | 200         |
|    policy_gradient_loss         | -0.00297    |
|    value_loss                   | 0.0168      |
-------------------------------------------------
New best model by deterministic victory rate!
---------------------------------
| rollout/           |          |
|    ep_len_mean     | 489      |
|    ep_rew_mean     | 25.8     |
| time/              |          |
|    fps             | 381      |
|    iterations      | 41       |
|    time_elapsed    | 2638     |
|    total_timesteps | 1007616  |
---------------------------------
VecNormalize stats saved: /home/runner/work/Disciples2-RL/Disciples2-RL/github_experiments/137/small/blue_dragon/seed137-small-blue_dragon-35217030603-1/models/vecnormalize.pkl

Финальная модель сохранена: /home/runner/work/Disciples2-RL/Disciples2-RL/github_experiments/137/small/blue_dragon/seed137-small-blue_dragon-35217030603-1/models/final_model.zip

============================================================
ИТОГИ ОБУЧЕНИЯ:
  Побед: 0
  Поражений: 5280
  Таймаутов: 13
  Побед бота столицы над врагами: 0
  Перестановок юнитов: 197352
  Терминальные поражения по противникам:
    enemy_31: 1418 — Отряд: зеленый дракон
    enemy_29: 610 — Отряд: 3 скваера на передней линии
    enemy_25: 607 — Отряд: копейщик спереди и служка сзади
    enemy_23: 427 — Отряд: волк на передней линии
    enemy_74: 395 — Руины (43, 34): Лорд Тьмы, Лич
    enemy_65: 353 — Отряд: Кентавр копейщик, Рейнджер
    enemy_61: 324 — Отряд: Зомби, Призрак
    enemy_7: 235 — Отряд: воин + привидение спереди, колдун + призрак + привидение сзади
    enemy_27: 199 — Отряд: скваер в центре и 2 крестьянина на передней линии
    enemy_15: 186 — Отряд: 2 привидения спереди, вампир сзади
    enemy_17: 162 — Отряд: воин спереди, 2 призрака и привидение сзади
    enemy_21: 108 — Отряд: зомби спереди, привидение сзади
    enemy_19: 106 — Отряд: зомби спереди, привидение сзади
    enemy_34: 100 — Отряд Порта Полонис: Воин спереди, Колдун, Нигош (Носферату) и Привидение сзади
    enemy_3: 11 — Отряд: орк чемпион на передней линии
    enemy_63: 9 — Отряд: Разбойник
    enemy_9: 9 — Отряд: тамплиер спереди, колдун и призрак сзади
    enemy_5: 5 — Отряд: орк чемпион на передней линии
    enemy_59: 4 — Отряд: Зомби
    enemy_11: 4 — Отряд: оборотень спереди и тень сзади
    enemy_57: 3 — Отряд: Призрак, Привидение, Воин
    enemy_47: 2 — Отряд: Призрак, Привидение, Привидение, Воин
    enemy_43: 1 — Отряд: Призрак, Тамплиер
    enemy_13: 1 — Отряд: 2 зомби спереди и привидение сзади
    enemy_35: 1 — Отряд Соругириллы: Унфегра (Королева личей), Виверна
  Winrate: 0.0%
============================================================
  График призывов за эпизод: /home/runner/work/Disciples2-RL/Disciples2-RL/github_experiments/137/small/blue_dragon/seed137-small-blue_dragon-35217030603-1/plots/campaign_summoned_units_per_episode.png
  График призывов за всё обучение: /home/runner/work/Disciples2-RL/Disciples2-RL/github_experiments/137/small/blue_dragon/seed137-small-blue_dragon-35217030603-1/plots/campaign_summoned_units_cumulative.png
  График найма за эпизод: /home/runner/work/Disciples2-RL/Disciples2-RL/github_experiments/137/small/blue_dragon/seed137-small-blue_dragon-35217030603-1/plots/campaign_hired_units_per_episode.png
  График найма за всё обучение: /home/runner/work/Disciples2-RL/Disciples2-RL/github_experiments/137/small/blue_dragon/seed137-small-blue_dragon-35217030603-1/plots/campaign_hired_units_cumulative.png
  График перестановок юнитов за эпизод: /home/runner/work/Disciples2-RL/Disciples2-RL/github_experiments/137/small/blue_dragon/seed137-small-blue_dragon-35217030603-1/plots/campaign_unit_swaps_per_episode.png
  График боевых предметов: /home/runner/work/Disciples2-RL/Disciples2-RL/github_experiments/137/small/blue_dragon/seed137-small-blue_dragon-35217030603-1/plots/campaign_battle_item_activity.png
  График побед бота столицы за эпизод: /home/runner/work/Disciples2-RL/Disciples2-RL/github_experiments/137/small/blue_dragon/seed137-small-blue_dragon-35217030603-1/plots/campaign_scripted_bot_victories_per_episode.png
  График применения заклинаний: /home/runner/work/Disciples2-RL/Disciples2-RL/github_experiments/137/small/blue_dragon/seed137-small-blue_dragon-35217030603-1/plots/campaign_spell_cast_activity.png
