Проверка среды CampaignEnv...
Среда прошла проверку!
[INFO] Comet disabled, running without experiment tracking
Создание 12 параллельных сред (subproc)...
Инициализация MaskablePPO...
Using cpu device

============================================================
Запуск обучения Campaign Agent
Всего шагов: 1,000,000
Параллельных сред: 12
VecEnv: subproc
VecEnv start method: forkserver
Seed: 123
Checkpoint каждые: 500,000 шагов
Evaluation каждые: 83,334 шагов
Eval deterministic эпизодов: 20
Eval stochastic эпизодов: 0
Eval лимит шагов на эпизод: 5000
Campaign map: builder
Campaign objective: build_all
System resources at training start:
  Platform: Linux 6.17.0-1020-azure (x86_64)
  Python: 3.14.6
  PyTorch: 2.13.0+cpu
  Training device: cpu
  CPU model: AMD EPYC 9V74 80-Core Processor
  CPU vendor: AuthenticAMD
  Logical CPUs visible: 4
  Process CPU affinity: 4
  Sockets: 1
  Cores per socket: 2
  Threads per core: 2
  CPU max MHz: unknown
  CPU min MHz: unknown
  L1d cache: 64 KiB (2 instances)
  L1i cache: 64 KiB (2 instances)
  L2 cache: 2 MiB (2 instances)
  L3 cache: 32 MiB (1 instance)
  Virtualization: AMD-V
  Hypervisor: Microsoft
  RAM total: 15.61 GiB
  RAM available at start: 13.98 GiB
  Disk total: 144.26 GiB
  Disk free at start: 82.06 GiB
  Torch intra-op threads: 4
  Torch inter-op threads: 2
  OMP_NUM_THREADS: 4
  MKL_NUM_THREADS: 4
  OPENBLAS_NUM_THREADS: 4
  GitHub runner OS: Linux
  GitHub runner architecture: X64
  GitHub runner environment: github-hosted
PPO n_steps: 2,048
PPO batch_size: 512
PPO n_epochs: 5
PPO learning_rate: 0.0003
PPO clip_range: 0.2
PPO ent_coef: 0.01
PPO gamma: 0.995
PPO gae_lambda: 0.95
PPO target_kl: disabled
PPO gradient batches per rollout: 240
VecCheckNan: disabled
Freeze action layout: enabled
Empire territory: enabled
Torch threads per process: 4
Diagnostics: disabled
Wall-clock training limit: disabled
Run ID: seed123-builder-build_all-30836312922-1
============================================================

Logging to /home/runner/work/Disciples2-RL/Disciples2-RL/github_experiments/123/builder/build_all/seed123-builder-build_all-30836312922-1/tensorboard/MaskablePPO_1
---------------------------------
| rollout/           |          |
|    ep_len_mean     | 1.93e+03 |
|    ep_rew_mean     | 72.1     |
| time/              |          |
|    fps             | 522      |
|    iterations      | 1        |
|    time_elapsed    | 47       |
|    total_timesteps | 24576    |
---------------------------------
-----------------------------------------
| rollout/                |             |
|    ep_len_mean          | 2.03e+03    |
|    ep_rew_mean          | 72.8        |
| time/                   |             |
|    fps                  | 495         |
|    iterations           | 2           |
|    time_elapsed         | 99          |
|    total_timesteps      | 49152       |
| train/                  |             |
|    approx_kl            | 0.007964728 |
|    clip_fraction        | 0.0435      |
|    clip_range           | 0.2         |
|    entropy_loss         | -2.24       |
|    explained_variance   | 0.0334      |
|    learning_rate        | 0.0003      |
|    loss                 | 0.0598      |
|    n_updates            | 5           |
|    policy_gradient_loss | -0.00475    |
|    value_loss           | 0.331       |
-----------------------------------------
-----------------------------------------
| rollout/                |             |
|    ep_len_mean          | 2.04e+03    |
|    ep_rew_mean          | 74.5        |
| time/                   |             |
|    fps                  | 486         |
|    iterations           | 3           |
|    time_elapsed         | 151         |
|    total_timesteps      | 73728       |
| train/                  |             |
|    approx_kl            | 0.007710129 |
|    clip_fraction        | 0.0281      |
|    clip_range           | 0.2         |
|    entropy_loss         | -2.22       |
|    explained_variance   | 0.35        |
|    learning_rate        | 0.0003      |
|    loss                 | 0.00909     |
|    n_updates            | 10          |
|    policy_gradient_loss | -0.00286    |
|    value_loss           | 0.154       |
-----------------------------------------
-----------------------------------------
| rollout/                |             |
|    ep_len_mean          | 2.06e+03    |
|    ep_rew_mean          | 73.3        |
| time/                   |             |
|    fps                  | 475         |
|    iterations           | 4           |
|    time_elapsed         | 206         |
|    total_timesteps      | 98304       |
| train/                  |             |
|    approx_kl            | 0.007098511 |
|    clip_fraction        | 0.038       |
|    clip_range           | 0.2         |
|    entropy_loss         | -2.19       |
|    explained_variance   | 0.825       |
|    learning_rate        | 0.0003      |
|    loss                 | 0.0211      |
|    n_updates            | 15          |
|    policy_gradient_loss | -0.00269    |
|    value_loss           | 0.0996      |
-----------------------------------------
-----------------------------------------
| rollout/                |             |
|    ep_len_mean          | 2.03e+03    |
|    ep_rew_mean          | 74.6        |
| time/                   |             |
|    fps                  | 462         |
|    iterations           | 5           |
|    time_elapsed         | 265         |
|    total_timesteps      | 122880      |
| train/                  |             |
|    approx_kl            | 0.011556056 |
|    clip_fraction        | 0.0631      |
|    clip_range           | 0.2         |
|    entropy_loss         | -2.19       |
|    explained_variance   | 0.916       |
|    learning_rate        | 0.0003      |
|    loss                 | -0.00903    |
|    n_updates            | 20          |
|    policy_gradient_loss | -0.00319    |
|    value_loss           | 0.0566      |
-----------------------------------------
------------------------------------------
| rollout/                |              |
|    ep_len_mean          | 2.03e+03     |
|    ep_rew_mean          | 76.5         |
| time/                   |              |
|    fps                  | 452          |
|    iterations           | 6            |
|    time_elapsed         | 325          |
|    total_timesteps      | 147456       |
| train/                  |              |
|    approx_kl            | 0.0058704116 |
|    clip_fraction        | 0.0358       |
|    clip_range           | 0.2          |
|    entropy_loss         | -2.19        |
|    explained_variance   | 0.945        |
|    learning_rate        | 0.0003       |
|    loss                 | -0.000737    |
|    n_updates            | 25           |
|    policy_gradient_loss | -0.00275     |
|    value_loss           | 0.0475       |
------------------------------------------
------------------------------------------
| rollout/                |              |
|    ep_len_mean          | 2.01e+03     |
|    ep_rew_mean          | 78.3         |
| time/                   |              |
|    fps                  | 446          |
|    iterations           | 7            |
|    time_elapsed         | 385          |
|    total_timesteps      | 172032       |
| train/                  |              |
|    approx_kl            | 0.0065916292 |
|    clip_fraction        | 0.045        |
|    clip_range           | 0.2          |
|    entropy_loss         | -2.18        |
|    explained_variance   | 0.962        |
|    learning_rate        | 0.0003       |
|    loss                 | -0.0152      |
|    n_updates            | 30           |
|    policy_gradient_loss | -0.0036      |
|    value_loss           | 0.0489       |
------------------------------------------
-----------------------------------------
| rollout/                |             |
|    ep_len_mean          | 2.01e+03    |
|    ep_rew_mean          | 79.5        |
| time/                   |             |
|    fps                  | 441         |
|    iterations           | 8           |
|    time_elapsed         | 445         |
|    total_timesteps      | 196608      |
| train/                  |             |
|    approx_kl            | 0.008308937 |
|    clip_fraction        | 0.0708      |
|    clip_range           | 0.2         |
|    entropy_loss         | -2.16       |
|    explained_variance   | 0.973       |
|    learning_rate        | 0.0003      |
|    loss                 | -0.00973    |
|    n_updates            | 35          |
|    policy_gradient_loss | -0.00422    |
|    value_loss           | 0.0295      |
-----------------------------------------
-----------------------------------------
| rollout/                |             |
|    ep_len_mean          | 2e+03       |
|    ep_rew_mean          | 80.7        |
| time/                   |             |
|    fps                  | 436         |
|    iterations           | 9           |
|    time_elapsed         | 506         |
|    total_timesteps      | 221184      |
| train/                  |             |
|    approx_kl            | 0.008806884 |
|    clip_fraction        | 0.0676      |
|    clip_range           | 0.2         |
|    entropy_loss         | -2.15       |
|    explained_variance   | 0.976       |
|    learning_rate        | 0.0003      |
|    loss                 | -0.0168     |
|    n_updates            | 40          |
|    policy_gradient_loss | -0.00459    |
|    value_loss           | 0.0358      |
-----------------------------------------
-----------------------------------------
| rollout/                |             |
|    ep_len_mean          | 1.98e+03    |
|    ep_rew_mean          | 82.8        |
| time/                   |             |
|    fps                  | 432         |
|    iterations           | 10          |
|    time_elapsed         | 567         |
|    total_timesteps      | 245760      |
| train/                  |             |
|    approx_kl            | 0.009208277 |
|    clip_fraction        | 0.0849      |
|    clip_range           | 0.2         |
|    entropy_loss         | -2.12       |
|    explained_variance   | 0.983       |
|    learning_rate        | 0.0003      |
|    loss                 | -0.00936    |
|    n_updates            | 45          |
|    policy_gradient_loss | -0.00422    |
|    value_loss           | 0.0355      |
-----------------------------------------
-----------------------------------------
| rollout/                |             |
|    ep_len_mean          | 1.96e+03    |
|    ep_rew_mean          | 83.8        |
| time/                   |             |
|    fps                  | 426         |
|    iterations           | 11          |
|    time_elapsed         | 634         |
|    total_timesteps      | 270336      |
| train/                  |             |
|    approx_kl            | 0.008397203 |
|    clip_fraction        | 0.0633      |
|    clip_range           | 0.2         |
|    entropy_loss         | -2.13       |
|    explained_variance   | 0.991       |
|    learning_rate        | 0.0003      |
|    loss                 | -0.0157     |
|    n_updates            | 50          |
|    policy_gradient_loss | -0.00506    |
|    value_loss           | 0.0153      |
-----------------------------------------
-----------------------------------------
| rollout/                |             |
|    ep_len_mean          | 1.95e+03    |
|    ep_rew_mean          | 86.3        |
| time/                   |             |
|    fps                  | 421         |
|    iterations           | 12          |
|    time_elapsed         | 700         |
|    total_timesteps      | 294912      |
| train/                  |             |
|    approx_kl            | 0.009242085 |
|    clip_fraction        | 0.0722      |
|    clip_range           | 0.2         |
|    entropy_loss         | -2.12       |
|    explained_variance   | 0.99        |
|    learning_rate        | 0.0003      |
|    loss                 | -0.0176     |
|    n_updates            | 55          |
|    policy_gradient_loss | -0.00603    |
|    value_loss           | 0.0186      |
-----------------------------------------
-----------------------------------------
| rollout/                |             |
|    ep_len_mean          | 1.94e+03    |
|    ep_rew_mean          | 87.9        |
| time/                   |             |
|    fps                  | 418         |
|    iterations           | 13          |
|    time_elapsed         | 763         |
|    total_timesteps      | 319488      |
| train/                  |             |
|    approx_kl            | 0.007280069 |
|    clip_fraction        | 0.0536      |
|    clip_range           | 0.2         |
|    entropy_loss         | -2.11       |
|    explained_variance   | 0.994       |
|    learning_rate        | 0.0003      |
|    loss                 | -0.0196     |
|    n_updates            | 60          |
|    policy_gradient_loss | -0.00499    |
|    value_loss           | 0.0116      |
-----------------------------------------
-----------------------------------------
| rollout/                |             |
|    ep_len_mean          | 1.92e+03    |
|    ep_rew_mean          | 89.6        |
| time/                   |             |
|    fps                  | 413         |
|    iterations           | 14          |
|    time_elapsed         | 832         |
|    total_timesteps      | 344064      |
| train/                  |             |
|    approx_kl            | 0.008714501 |
|    clip_fraction        | 0.0745      |
|    clip_range           | 0.2         |
|    entropy_loss         | -2.1        |
|    explained_variance   | 0.996       |
|    learning_rate        | 0.0003      |
|    loss                 | -0.0317     |
|    n_updates            | 65          |
|    policy_gradient_loss | -0.00738    |
|    value_loss           | 0.00837     |
-----------------------------------------
-----------------------------------------
| rollout/                |             |
|    ep_len_mean          | 1.93e+03    |
|    ep_rew_mean          | 90.8        |
| time/                   |             |
|    fps                  | 408         |
|    iterations           | 15          |
|    time_elapsed         | 901         |
|    total_timesteps      | 368640      |
| train/                  |             |
|    approx_kl            | 0.008273764 |
|    clip_fraction        | 0.0643      |
|    clip_range           | 0.2         |
|    entropy_loss         | -2.13       |
|    explained_variance   | 0.996       |
|    learning_rate        | 0.0003      |
|    loss                 | -0.0369     |
|    n_updates            | 70          |
|    policy_gradient_loss | -0.00499    |
|    value_loss           | 0.00651     |
-----------------------------------------
-----------------------------------------
| rollout/                |             |
|    ep_len_mean          | 1.94e+03    |
|    ep_rew_mean          | 91.9        |
| time/                   |             |
|    fps                  | 405         |
|    iterations           | 16          |
|    time_elapsed         | 969         |
|    total_timesteps      | 393216      |
| train/                  |             |
|    approx_kl            | 0.008648259 |
|    clip_fraction        | 0.083       |
|    clip_range           | 0.2         |
|    entropy_loss         | -2.12       |
|    explained_variance   | 0.997       |
|    learning_rate        | 0.0003      |
|    loss                 | -0.0215     |
|    n_updates            | 75          |
|    policy_gradient_loss | -0.00448    |
|    value_loss           | 0.00571     |
-----------------------------------------
-----------------------------------------
| rollout/                |             |
|    ep_len_mean          | 1.95e+03    |
|    ep_rew_mean          | 92.9        |
| time/                   |             |
|    fps                  | 402         |
|    iterations           | 17          |
|    time_elapsed         | 1038        |
|    total_timesteps      | 417792      |
| train/                  |             |
|    approx_kl            | 0.008322186 |
|    clip_fraction        | 0.08        |
|    clip_range           | 0.2         |
|    entropy_loss         | -2.12       |
|    explained_variance   | 0.997       |
|    learning_rate        | 0.0003      |
|    loss                 | -0.027      |
|    n_updates            | 80          |
|    policy_gradient_loss | -0.00654    |
|    value_loss           | 0.0075      |
-----------------------------------------
-----------------------------------------
| rollout/                |             |
|    ep_len_mean          | 1.96e+03    |
|    ep_rew_mean          | 94.2        |
| time/                   |             |
|    fps                  | 398         |
|    iterations           | 18          |
|    time_elapsed         | 1108        |
|    total_timesteps      | 442368      |
| train/                  |             |
|    approx_kl            | 0.007807734 |
|    clip_fraction        | 0.06        |
|    clip_range           | 0.2         |
|    entropy_loss         | -2.12       |
|    explained_variance   | 0.998       |
|    learning_rate        | 0.0003      |
|    loss                 | -0.0223     |
|    n_updates            | 85          |
|    policy_gradient_loss | -0.00461    |
|    value_loss           | 0.00483     |
-----------------------------------------
-----------------------------------------
| rollout/                |             |
|    ep_len_mean          | 1.97e+03    |
|    ep_rew_mean          | 96.2        |
| time/                   |             |
|    fps                  | 396         |
|    iterations           | 19          |
|    time_elapsed         | 1178        |
|    total_timesteps      | 466944      |
| train/                  |             |
|    approx_kl            | 0.008894847 |
|    clip_fraction        | 0.0882      |
|    clip_range           | 0.2         |
|    entropy_loss         | -2.11       |
|    explained_variance   | 0.998       |
|    learning_rate        | 0.0003      |
|    loss                 | -0.0188     |
|    n_updates            | 90          |
|    policy_gradient_loss | -0.00686    |
|    value_loss           | 0.00405     |
-----------------------------------------
-----------------------------------------
| rollout/                |             |
|    ep_len_mean          | 1.98e+03    |
|    ep_rew_mean          | 97.1        |
| time/                   |             |
|    fps                  | 393         |
|    iterations           | 20          |
|    time_elapsed         | 1248        |
|    total_timesteps      | 491520      |
| train/                  |             |
|    approx_kl            | 0.008156528 |
|    clip_fraction        | 0.0679      |
|    clip_range           | 0.2         |
|    entropy_loss         | -2.11       |
|    explained_variance   | 0.998       |
|    learning_rate        | 0.0003      |
|    loss                 | -0.0294     |
|    n_updates            | 95          |
|    policy_gradient_loss | -0.00505    |
|    value_loss           | 0.00493     |
-----------------------------------------
[Checkpoint] Saved at 500000 steps > /home/runner/work/Disciples2-RL/Disciples2-RL/github_experiments/123/builder/build_all/seed123-builder-build_all-30836312922-1/checkpoints/campaign_ppo_step_500000.zip
-----------------------------------------
| rollout/                |             |
|    ep_len_mean          | 2e+03       |
|    ep_rew_mean          | 98.3        |
| time/                   |             |
|    fps                  | 391         |
|    iterations           | 21          |
|    time_elapsed         | 1317        |
|    total_timesteps      | 516096      |
| train/                  |             |
|    approx_kl            | 0.008318876 |
|    clip_fraction        | 0.0688      |
|    clip_range           | 0.2         |
|    entropy_loss         | -2.09       |
|    explained_variance   | 0.999       |
|    learning_rate        | 0.0003      |
|    loss                 | -0.0242     |
|    n_updates            | 100         |
|    policy_gradient_loss | -0.00572    |
|    value_loss           | 0.00377     |
-----------------------------------------
-----------------------------------------
| rollout/                |             |
|    ep_len_mean          | 2.02e+03    |
|    ep_rew_mean          | 99.2        |
| time/                   |             |
|    fps                  | 389         |
|    iterations           | 22          |
|    time_elapsed         | 1386        |
|    total_timesteps      | 540672      |
| train/                  |             |
|    approx_kl            | 0.010892334 |
|    clip_fraction        | 0.107       |
|    clip_range           | 0.2         |
|    entropy_loss         | -2.08       |
|    explained_variance   | 0.999       |
|    learning_rate        | 0.0003      |
|    loss                 | -0.035      |
|    n_updates            | 105         |
|    policy_gradient_loss | -0.00712    |
|    value_loss           | 0.00387     |
-----------------------------------------
-----------------------------------------
| rollout/                |             |
|    ep_len_mean          | 2.02e+03    |
|    ep_rew_mean          | 99.1        |
| time/                   |             |
|    fps                  | 388         |
|    iterations           | 23          |
|    time_elapsed         | 1454        |
|    total_timesteps      | 565248      |
| train/                  |             |
|    approx_kl            | 0.008402404 |
|    clip_fraction        | 0.0748      |
|    clip_range           | 0.2         |
|    entropy_loss         | -2.1        |
|    explained_variance   | 0.999       |
|    learning_rate        | 0.0003      |
|    loss                 | -0.0332     |
|    n_updates            | 110         |
|    policy_gradient_loss | -0.00755    |
|    value_loss           | 0.00347     |
-----------------------------------------
-----------------------------------------
| rollout/                |             |
|    ep_len_mean          | 2.03e+03    |
|    ep_rew_mean          | 99.5        |
| time/                   |             |
|    fps                  | 387         |
|    iterations           | 24          |
|    time_elapsed         | 1523        |
|    total_timesteps      | 589824      |
| train/                  |             |
|    approx_kl            | 0.007980854 |
|    clip_fraction        | 0.0744      |
|    clip_range           | 0.2         |
|    entropy_loss         | -2.06       |
|    explained_variance   | 0.999       |
|    learning_rate        | 0.0003      |
|    loss                 | -0.0281     |
|    n_updates            | 115         |
|    policy_gradient_loss | -0.00612    |
|    value_loss           | 0.00355     |
-----------------------------------------
-----------------------------------------
| rollout/                |             |
|    ep_len_mean          | 2.03e+03    |
|    ep_rew_mean          | 100         |
| time/                   |             |
|    fps                  | 385         |
|    iterations           | 25          |
|    time_elapsed         | 1592        |
|    total_timesteps      | 614400      |
| train/                  |             |
|    approx_kl            | 0.008833157 |
|    clip_fraction        | 0.0806      |
|    clip_range           | 0.2         |
|    entropy_loss         | -2.06       |
|    explained_variance   | 0.999       |
|    learning_rate        | 0.0003      |
|    loss                 | -0.0298     |
|    n_updates            | 120         |
|    policy_gradient_loss | -0.00698    |
|    value_loss           | 0.00316     |
-----------------------------------------
-----------------------------------------
| rollout/                |             |
|    ep_len_mean          | 2.03e+03    |
|    ep_rew_mean          | 101         |
| time/                   |             |
|    fps                  | 384         |
|    iterations           | 26          |
|    time_elapsed         | 1661        |
|    total_timesteps      | 638976      |
| train/                  |             |
|    approx_kl            | 0.008709638 |
|    clip_fraction        | 0.0794      |
|    clip_range           | 0.2         |
|    entropy_loss         | -2.07       |
|    explained_variance   | 0.999       |
|    learning_rate        | 0.0003      |
|    loss                 | -0.0333     |
|    n_updates            | 125         |
|    policy_gradient_loss | -0.00789    |
|    value_loss           | 0.00343     |
-----------------------------------------
----------------------------------------
| rollout/                |            |
|    ep_len_mean          | 2.03e+03   |
|    ep_rew_mean          | 102        |
| time/                   |            |
|    fps                  | 383        |
|    iterations           | 27         |
|    time_elapsed         | 1731       |
|    total_timesteps      | 663552     |
| train/                  |            |
|    approx_kl            | 0.00847787 |
|    clip_fraction        | 0.0782     |
|    clip_range           | 0.2        |
|    entropy_loss         | -2.08      |
|    explained_variance   | 0.999      |
|    learning_rate        | 0.0003     |
|    loss                 | -0.0252    |
|    n_updates            | 130        |
|    policy_gradient_loss | -0.00717   |
|    value_loss           | 0.0031     |
----------------------------------------
-----------------------------------------
| rollout/                |             |
|    ep_len_mean          | 2.04e+03    |
|    ep_rew_mean          | 102         |
| time/                   |             |
|    fps                  | 382         |
|    iterations           | 28          |
|    time_elapsed         | 1799        |
|    total_timesteps      | 688128      |
| train/                  |             |
|    approx_kl            | 0.008332682 |
|    clip_fraction        | 0.0719      |
|    clip_range           | 0.2         |
|    entropy_loss         | -2.08       |
|    explained_variance   | 0.999       |
|    learning_rate        | 0.0003      |
|    loss                 | -0.0375     |
|    n_updates            | 135         |
|    policy_gradient_loss | -0.00561    |
|    value_loss           | 0.00364     |
-----------------------------------------
-----------------------------------------
| rollout/                |             |
|    ep_len_mean          | 2.04e+03    |
|    ep_rew_mean          | 102         |
| time/                   |             |
|    fps                  | 381         |
|    iterations           | 29          |
|    time_elapsed         | 1867        |
|    total_timesteps      | 712704      |
| train/                  |             |
|    approx_kl            | 0.008284637 |
|    clip_fraction        | 0.071       |
|    clip_range           | 0.2         |
|    entropy_loss         | -2.1        |
|    explained_variance   | 0.999       |
|    learning_rate        | 0.0003      |
|    loss                 | -0.0181     |
|    n_updates            | 140         |
|    policy_gradient_loss | -0.00717    |
|    value_loss           | 0.00279     |
-----------------------------------------
-----------------------------------------
| rollout/                |             |
|    ep_len_mean          | 2.04e+03    |
|    ep_rew_mean          | 103         |
| time/                   |             |
|    fps                  | 380         |
|    iterations           | 30          |
|    time_elapsed         | 1936        |
|    total_timesteps      | 737280      |
| train/                  |             |
|    approx_kl            | 0.008041449 |
|    clip_fraction        | 0.0662      |
|    clip_range           | 0.2         |
|    entropy_loss         | -2.08       |
|    explained_variance   | 0.999       |
|    learning_rate        | 0.0003      |
|    loss                 | -0.0215     |
|    n_updates            | 145         |
|    policy_gradient_loss | -0.00632    |
|    value_loss           | 0.00276     |
-----------------------------------------
-----------------------------------------
| rollout/                |             |
|    ep_len_mean          | 2.04e+03    |
|    ep_rew_mean          | 103         |
| time/                   |             |
|    fps                  | 380         |
|    iterations           | 31          |
|    time_elapsed         | 2004        |
|    total_timesteps      | 761856      |
| train/                  |             |
|    approx_kl            | 0.008164778 |
|    clip_fraction        | 0.0673      |
|    clip_range           | 0.2         |
|    entropy_loss         | -2.09       |
|    explained_variance   | 0.999       |
|    learning_rate        | 0.0003      |
|    loss                 | -0.0238     |
|    n_updates            | 150         |
|    policy_gradient_loss | -0.00557    |
|    value_loss           | 0.00264     |
-----------------------------------------
----------------------------------------
| rollout/                |            |
|    ep_len_mean          | 2.04e+03   |
|    ep_rew_mean          | 104        |
| time/                   |            |
|    fps                  | 379        |
|    iterations           | 32         |
|    time_elapsed         | 2074       |
|    total_timesteps      | 786432     |
| train/                  |            |
|    approx_kl            | 0.00702304 |
|    clip_fraction        | 0.0613     |
|    clip_range           | 0.2        |
|    entropy_loss         | -2.08      |
|    explained_variance   | 0.999      |
|    learning_rate        | 0.0003     |
|    loss                 | -0.0289    |
|    n_updates            | 155        |
|    policy_gradient_loss | -0.00525   |
|    value_loss           | 0.00268    |
----------------------------------------
-----------------------------------------
| rollout/                |             |
|    ep_len_mean          | 2.05e+03    |
|    ep_rew_mean          | 105         |
| time/                   |             |
|    fps                  | 377         |
|    iterations           | 33          |
|    time_elapsed         | 2147        |
|    total_timesteps      | 811008      |
| train/                  |             |
|    approx_kl            | 0.008755076 |
|    clip_fraction        | 0.0778      |
|    clip_range           | 0.2         |
|    entropy_loss         | -2.07       |
|    explained_variance   | 0.999       |
|    learning_rate        | 0.0003      |
|    loss                 | -0.0233     |
|    n_updates            | 160         |
|    policy_gradient_loss | -0.00622    |
|    value_loss           | 0.00279     |
-----------------------------------------
-----------------------------------------
| rollout/                |             |
|    ep_len_mean          | 2.05e+03    |
|    ep_rew_mean          | 106         |
| time/                   |             |
|    fps                  | 376         |
|    iterations           | 34          |
|    time_elapsed         | 2218        |
|    total_timesteps      | 835584      |
| train/                  |             |
|    approx_kl            | 0.008411795 |
|    clip_fraction        | 0.079       |
|    clip_range           | 0.2         |
|    entropy_loss         | -2.05       |
|    explained_variance   | 0.999       |
|    learning_rate        | 0.0003      |
|    loss                 | -0.0266     |
|    n_updates            | 165         |
|    policy_gradient_loss | -0.0065     |
|    value_loss           | 0.00254     |
-----------------------------------------
------------------------------------------
| rollout/                |              |
|    ep_len_mean          | 2.05e+03     |
|    ep_rew_mean          | 106          |
| time/                   |              |
|    fps                  | 375          |
|    iterations           | 35           |
|    time_elapsed         | 2288         |
|    total_timesteps      | 860160       |
| train/                  |              |
|    approx_kl            | 0.0075318855 |
|    clip_fraction        | 0.0613       |
|    clip_range           | 0.2          |
|    entropy_loss         | -2.03        |
|    explained_variance   | 0.999        |
|    learning_rate        | 0.0003       |
|    loss                 | -0.0373      |
|    n_updates            | 170          |
|    policy_gradient_loss | -0.00622     |
|    value_loss           | 0.00285      |
------------------------------------------
-----------------------------------------
| rollout/                |             |
|    ep_len_mean          | 2.06e+03    |
|    ep_rew_mean          | 106         |
| time/                   |             |
|    fps                  | 375         |
|    iterations           | 36          |
|    time_elapsed         | 2359        |
|    total_timesteps      | 884736      |
| train/                  |             |
|    approx_kl            | 0.007572225 |
|    clip_fraction        | 0.08        |
|    clip_range           | 0.2         |
|    entropy_loss         | -2.02       |
|    explained_variance   | 0.999       |
|    learning_rate        | 0.0003      |
|    loss                 | -0.0269     |
|    n_updates            | 175         |
|    policy_gradient_loss | -0.00708    |
|    value_loss           | 0.00305     |
-----------------------------------------
-----------------------------------------
| rollout/                |             |
|    ep_len_mean          | 2.06e+03    |
|    ep_rew_mean          | 107         |
| time/                   |             |
|    fps                  | 374         |
|    iterations           | 37          |
|    time_elapsed         | 2430        |
|    total_timesteps      | 909312      |
| train/                  |             |
|    approx_kl            | 0.008376653 |
|    clip_fraction        | 0.0842      |
|    clip_range           | 0.2         |
|    entropy_loss         | -2.05       |
|    explained_variance   | 0.999       |
|    learning_rate        | 0.0003      |
|    loss                 | -0.0279     |
|    n_updates            | 180         |
|    policy_gradient_loss | -0.00688    |
|    value_loss           | 0.00248     |
-----------------------------------------
-----------------------------------------
| rollout/                |             |
|    ep_len_mean          | 2.06e+03    |
|    ep_rew_mean          | 107         |
| time/                   |             |
|    fps                  | 373         |
|    iterations           | 38          |
|    time_elapsed         | 2500        |
|    total_timesteps      | 933888      |
| train/                  |             |
|    approx_kl            | 0.008601148 |
|    clip_fraction        | 0.0818      |
|    clip_range           | 0.2         |
|    entropy_loss         | -2.06       |
|    explained_variance   | 0.999       |
|    learning_rate        | 0.0003      |
|    loss                 | -0.0233     |
|    n_updates            | 185         |
|    policy_gradient_loss | -0.006      |
|    value_loss           | 0.00213     |
-----------------------------------------
-----------------------------------------
| rollout/                |             |
|    ep_len_mean          | 2.07e+03    |
|    ep_rew_mean          | 107         |
| time/                   |             |
|    fps                  | 372         |
|    iterations           | 39          |
|    time_elapsed         | 2570        |
|    total_timesteps      | 958464      |
| train/                  |             |
|    approx_kl            | 0.008297297 |
|    clip_fraction        | 0.0759      |
|    clip_range           | 0.2         |
|    entropy_loss         | -2.04       |
|    explained_variance   | 0.999       |
|    learning_rate        | 0.0003      |
|    loss                 | -0.0238     |
|    n_updates            | 190         |
|    policy_gradient_loss | -0.00544    |
|    value_loss           | 0.00243     |
-----------------------------------------
-----------------------------------------
| rollout/                |             |
|    ep_len_mean          | 2.07e+03    |
|    ep_rew_mean          | 107         |
| time/                   |             |
|    fps                  | 372         |
|    iterations           | 40          |
|    time_elapsed         | 2640        |
|    total_timesteps      | 983040      |
| train/                  |             |
|    approx_kl            | 0.008807197 |
|    clip_fraction        | 0.0731      |
|    clip_range           | 0.2         |
|    entropy_loss         | -2.05       |
|    explained_variance   | 0.999       |
|    learning_rate        | 0.0003      |
|    loss                 | -0.0371     |
|    n_updates            | 195         |
|    policy_gradient_loss | -0.00537    |
|    value_loss           | 0.00246     |
-----------------------------------------
[Checkpoint] Saved at 1000000 steps > /home/runner/work/Disciples2-RL/Disciples2-RL/github_experiments/123/builder/build_all/seed123-builder-build_all-30836312922-1/checkpoints/campaign_ppo_step_1000000.zip
Eval num_timesteps=1000008, det_reward=67.82 +/- 0.00
Episode length: det=1913.10 +/- 0.30
Victory rate: det=100.00%
--------------------------------------------------
| eval/                           |              |
|    deterministic_mean_ep_length | 1.91e+03     |
|    deterministic_mean_reward    | 67.8         |
|    deterministic_victory_rate   | 1            |
|    mean_ep_length               | 1.91e+03     |
|    mean_reward                  | 67.8         |
|    victory_rate                 | 1            |
| time/                           |              |
|    total_timesteps              | 1000008      |
| train/                          |              |
|    approx_kl                    | 0.0077825203 |
|    clip_fraction                | 0.0806       |
|    clip_range                   | 0.2          |
|    entropy_loss                 | -2.06        |
|    explained_variance           | 0.999        |
|    learning_rate                | 0.0003       |
|    loss                         | -0.0281      |
|    n_updates                    | 200          |
|    policy_gradient_loss         | -0.0051      |
|    value_loss                   | 0.00255      |
--------------------------------------------------
New best model by deterministic victory rate!
---------------------------------
| rollout/           |          |
|    ep_len_mean     | 2.06e+03 |
|    ep_rew_mean     | 107      |
| time/              |          |
|    fps             | 349      |
|    iterations      | 41       |
|    time_elapsed    | 2884     |
|    total_timesteps | 1007616  |
---------------------------------
VecNormalize stats saved: /home/runner/work/Disciples2-RL/Disciples2-RL/github_experiments/123/builder/build_all/seed123-builder-build_all-30836312922-1/models/vecnormalize.pkl

Финальная модель сохранена: /home/runner/work/Disciples2-RL/Disciples2-RL/github_experiments/123/builder/build_all/seed123-builder-build_all-30836312922-1/models/final_model.zip

============================================================
ИТОГИ ОБУЧЕНИЯ:
  Побед: 492
  Поражений: 0
  Таймаутов: 0
  Побед бота столицы над врагами: 0
  Перестановок юнитов: 212091
  Winrate: 100.0%
============================================================
  График призывов за эпизод: /home/runner/work/Disciples2-RL/Disciples2-RL/github_experiments/123/builder/build_all/seed123-builder-build_all-30836312922-1/plots/campaign_summoned_units_per_episode.png
  График призывов за всё обучение: /home/runner/work/Disciples2-RL/Disciples2-RL/github_experiments/123/builder/build_all/seed123-builder-build_all-30836312922-1/plots/campaign_summoned_units_cumulative.png
  График найма за эпизод: /home/runner/work/Disciples2-RL/Disciples2-RL/github_experiments/123/builder/build_all/seed123-builder-build_all-30836312922-1/plots/campaign_hired_units_per_episode.png
  График найма за всё обучение: /home/runner/work/Disciples2-RL/Disciples2-RL/github_experiments/123/builder/build_all/seed123-builder-build_all-30836312922-1/plots/campaign_hired_units_cumulative.png
  График перестановок юнитов за эпизод: /home/runner/work/Disciples2-RL/Disciples2-RL/github_experiments/123/builder/build_all/seed123-builder-build_all-30836312922-1/plots/campaign_unit_swaps_per_episode.png
  График боевых предметов: /home/runner/work/Disciples2-RL/Disciples2-RL/github_experiments/123/builder/build_all/seed123-builder-build_all-30836312922-1/plots/campaign_battle_item_activity.png
  График побед бота столицы за эпизод: /home/runner/work/Disciples2-RL/Disciples2-RL/github_experiments/123/builder/build_all/seed123-builder-build_all-30836312922-1/plots/campaign_scripted_bot_victories_per_episode.png
  График применения заклинаний: /home/runner/work/Disciples2-RL/Disciples2-RL/github_experiments/123/builder/build_all/seed123-builder-build_all-30836312922-1/plots/campaign_spell_cast_activity.png
