Проверка среды CampaignEnv...
Среда прошла проверку!
[INFO] Comet disabled, running without experiment tracking
Создание 12 параллельных сред (subproc)...
Инициализация MaskablePPO...
Using cpu device

============================================================
Запуск обучения Campaign Agent
Всего шагов: 1,000,000
Параллельных сред: 12
VecEnv: subproc
VecEnv start method: forkserver
Seed: 122
Checkpoint каждые: 500,000 шагов
Evaluation каждые: 83,334 шагов
Eval deterministic эпизодов: 20
Eval stochastic эпизодов: 0
Eval лимит шагов на эпизод: 5000
Campaign map: orc_duel
Campaign objective: orc
System resources at training start:
  Platform: Linux 6.17.0-1020-azure (x86_64)
  Python: 3.14.6
  PyTorch: 2.13.0+cpu
  Training device: cpu
  CPU model: AMD EPYC 9V74 80-Core Processor
  CPU vendor: AuthenticAMD
  Logical CPUs visible: 4
  Process CPU affinity: 4
  Sockets: 1
  Cores per socket: 2
  Threads per core: 2
  CPU max MHz: unknown
  CPU min MHz: unknown
  L1d cache: 64 KiB (2 instances)
  L1i cache: 64 KiB (2 instances)
  L2 cache: 2 MiB (2 instances)
  L3 cache: 32 MiB (1 instance)
  Virtualization: AMD-V
  Hypervisor: Microsoft
  RAM total: 15.61 GiB
  RAM available at start: 13.97 GiB
  Disk total: 144.26 GiB
  Disk free at start: 82.51 GiB
  Torch intra-op threads: 4
  Torch inter-op threads: 2
  OMP_NUM_THREADS: 4
  MKL_NUM_THREADS: 4
  OPENBLAS_NUM_THREADS: 4
  GitHub runner OS: Linux
  GitHub runner architecture: X64
  GitHub runner environment: github-hosted
PPO n_steps: 2,048
PPO batch_size: 512
PPO n_epochs: 5
PPO learning_rate: 0.0003
PPO clip_range: 0.2
PPO ent_coef: 0.01
PPO gamma: 0.995
PPO gae_lambda: 0.95
PPO target_kl: disabled
PPO gradient batches per rollout: 240
VecCheckNan: disabled
Freeze action layout: enabled
Empire territory: enabled
Torch threads per process: 4
Diagnostics: disabled
Wall-clock training limit: disabled
Run ID: seed122-orc_duel-orc-30639238663-1
============================================================

Logging to /home/runner/work/Disciples2-RL/Disciples2-RL/github_experiments/122/orc_duel/orc/seed122-orc_duel-orc-30639238663-1/tensorboard/MaskablePPO_1
---------------------------------
| rollout/           |          |
|    ep_len_mean     | 1.5e+03  |
|    ep_rew_mean     | 78.8     |
| time/              |          |
|    fps             | 518      |
|    iterations      | 1        |
|    time_elapsed    | 47       |
|    total_timesteps | 24576    |
---------------------------------
----------------------------------------
| rollout/                |            |
|    ep_len_mean          | 2.26e+03   |
|    ep_rew_mean          | 29.6       |
| time/                   |            |
|    fps                  | 488        |
|    iterations           | 2          |
|    time_elapsed         | 100        |
|    total_timesteps      | 49152      |
| train/                  |            |
|    approx_kl            | 0.00808329 |
|    clip_fraction        | 0.074      |
|    clip_range           | 0.2        |
|    entropy_loss         | -2.23      |
|    explained_variance   | 0.177      |
|    learning_rate        | 0.0003     |
|    loss                 | 0.0626     |
|    n_updates            | 5          |
|    policy_gradient_loss | -0.00372   |
|    value_loss           | 0.343      |
----------------------------------------
-----------------------------------------
| rollout/                |             |
|    ep_len_mean          | 1.8e+03     |
|    ep_rew_mean          | 40.5        |
| time/                   |             |
|    fps                  | 483         |
|    iterations           | 3           |
|    time_elapsed         | 152         |
|    total_timesteps      | 73728       |
| train/                  |             |
|    approx_kl            | 0.008306128 |
|    clip_fraction        | 0.0876      |
|    clip_range           | 0.2         |
|    entropy_loss         | -2.21       |
|    explained_variance   | 0.5         |
|    learning_rate        | 0.0003      |
|    loss                 | 0.26        |
|    n_updates            | 10          |
|    policy_gradient_loss | -0.00456    |
|    value_loss           | 0.451       |
-----------------------------------------
-----------------------------------------
| rollout/                |             |
|    ep_len_mean          | 1.32e+03    |
|    ep_rew_mean          | 61.1        |
| time/                   |             |
|    fps                  | 488         |
|    iterations           | 4           |
|    time_elapsed         | 201         |
|    total_timesteps      | 98304       |
| train/                  |             |
|    approx_kl            | 0.009296124 |
|    clip_fraction        | 0.0818      |
|    clip_range           | 0.2         |
|    entropy_loss         | -2.13       |
|    explained_variance   | 0.594       |
|    learning_rate        | 0.0003      |
|    loss                 | 0.304       |
|    n_updates            | 15          |
|    policy_gradient_loss | -0.0048     |
|    value_loss           | 0.448       |
-----------------------------------------
-----------------------------------------
| rollout/                |             |
|    ep_len_mean          | 957         |
|    ep_rew_mean          | 76.3        |
| time/                   |             |
|    fps                  | 491         |
|    iterations           | 5           |
|    time_elapsed         | 250         |
|    total_timesteps      | 122880      |
| train/                  |             |
|    approx_kl            | 0.010758902 |
|    clip_fraction        | 0.105       |
|    clip_range           | 0.2         |
|    entropy_loss         | -2.15       |
|    explained_variance   | 0.468       |
|    learning_rate        | 0.0003      |
|    loss                 | 0.492       |
|    n_updates            | 20          |
|    policy_gradient_loss | -0.00778    |
|    value_loss           | 1.09        |
-----------------------------------------
-----------------------------------------
| rollout/                |             |
|    ep_len_mean          | 449         |
|    ep_rew_mean          | 101         |
| time/                   |             |
|    fps                  | 493         |
|    iterations           | 6           |
|    time_elapsed         | 299         |
|    total_timesteps      | 147456      |
| train/                  |             |
|    approx_kl            | 0.010400432 |
|    clip_fraction        | 0.106       |
|    clip_range           | 0.2         |
|    entropy_loss         | -2.11       |
|    explained_variance   | 0.558       |
|    learning_rate        | 0.0003      |
|    loss                 | 0.461       |
|    n_updates            | 25          |
|    policy_gradient_loss | -0.00729    |
|    value_loss           | 1.21        |
-----------------------------------------
-----------------------------------------
| rollout/                |             |
|    ep_len_mean          | 311         |
|    ep_rew_mean          | 101         |
| time/                   |             |
|    fps                  | 493         |
|    iterations           | 7           |
|    time_elapsed         | 348         |
|    total_timesteps      | 172032      |
| train/                  |             |
|    approx_kl            | 0.010757596 |
|    clip_fraction        | 0.11        |
|    clip_range           | 0.2         |
|    entropy_loss         | -2.03       |
|    explained_variance   | 0.665       |
|    learning_rate        | 0.0003      |
|    loss                 | 0.579       |
|    n_updates            | 30          |
|    policy_gradient_loss | -0.00807    |
|    value_loss           | 1.19        |
-----------------------------------------
----------------------------------------
| rollout/                |            |
|    ep_len_mean          | 463        |
|    ep_rew_mean          | 88.2       |
| time/                   |            |
|    fps                  | 494        |
|    iterations           | 8          |
|    time_elapsed         | 397        |
|    total_timesteps      | 196608     |
| train/                  |            |
|    approx_kl            | 0.00931376 |
|    clip_fraction        | 0.0708     |
|    clip_range           | 0.2        |
|    entropy_loss         | -1.97      |
|    explained_variance   | 0.817      |
|    learning_rate        | 0.0003     |
|    loss                 | 0.281      |
|    n_updates            | 35         |
|    policy_gradient_loss | -0.00553   |
|    value_loss           | 0.755      |
----------------------------------------
-----------------------------------------
| rollout/                |             |
|    ep_len_mean          | 212         |
|    ep_rew_mean          | 103         |
| time/                   |             |
|    fps                  | 496         |
|    iterations           | 9           |
|    time_elapsed         | 445         |
|    total_timesteps      | 221184      |
| train/                  |             |
|    approx_kl            | 0.009943937 |
|    clip_fraction        | 0.114       |
|    clip_range           | 0.2         |
|    entropy_loss         | -1.93       |
|    explained_variance   | 0.837       |
|    learning_rate        | 0.0003      |
|    loss                 | 0.233       |
|    n_updates            | 40          |
|    policy_gradient_loss | -0.00645    |
|    value_loss           | 0.586       |
-----------------------------------------
-----------------------------------------
| rollout/                |             |
|    ep_len_mean          | 171         |
|    ep_rew_mean          | 104         |
| time/                   |             |
|    fps                  | 496         |
|    iterations           | 10          |
|    time_elapsed         | 495         |
|    total_timesteps      | 245760      |
| train/                  |             |
|    approx_kl            | 0.009962722 |
|    clip_fraction        | 0.106       |
|    clip_range           | 0.2         |
|    entropy_loss         | -1.92       |
|    explained_variance   | 0.871       |
|    learning_rate        | 0.0003      |
|    loss                 | 0.246       |
|    n_updates            | 45          |
|    policy_gradient_loss | -0.00789    |
|    value_loss           | 0.768       |
-----------------------------------------
-----------------------------------------
| rollout/                |             |
|    ep_len_mean          | 111         |
|    ep_rew_mean          | 108         |
| time/                   |             |
|    fps                  | 496         |
|    iterations           | 11          |
|    time_elapsed         | 544         |
|    total_timesteps      | 270336      |
| train/                  |             |
|    approx_kl            | 0.011974029 |
|    clip_fraction        | 0.0981      |
|    clip_range           | 0.2         |
|    entropy_loss         | -1.86       |
|    explained_variance   | 0.935       |
|    learning_rate        | 0.0003      |
|    loss                 | 0.208       |
|    n_updates            | 50          |
|    policy_gradient_loss | -0.00761    |
|    value_loss           | 0.553       |
-----------------------------------------
-----------------------------------------
| rollout/                |             |
|    ep_len_mean          | 63.3        |
|    ep_rew_mean          | 112         |
| time/                   |             |
|    fps                  | 499         |
|    iterations           | 12          |
|    time_elapsed         | 590         |
|    total_timesteps      | 294912      |
| train/                  |             |
|    approx_kl            | 0.015591852 |
|    clip_fraction        | 0.185       |
|    clip_range           | 0.2         |
|    entropy_loss         | -1.76       |
|    explained_variance   | 0.959       |
|    learning_rate        | 0.0003      |
|    loss                 | 0.137       |
|    n_updates            | 55          |
|    policy_gradient_loss | -0.0128     |
|    value_loss           | 0.315       |
-----------------------------------------
-----------------------------------------
| rollout/                |             |
|    ep_len_mean          | 51          |
|    ep_rew_mean          | 112         |
| time/                   |             |
|    fps                  | 502         |
|    iterations           | 13          |
|    time_elapsed         | 635         |
|    total_timesteps      | 319488      |
| train/                  |             |
|    approx_kl            | 0.016168615 |
|    clip_fraction        | 0.172       |
|    clip_range           | 0.2         |
|    entropy_loss         | -1.68       |
|    explained_variance   | 0.958       |
|    learning_rate        | 0.0003      |
|    loss                 | 0.111       |
|    n_updates            | 60          |
|    policy_gradient_loss | -0.0108     |
|    value_loss           | 0.269       |
-----------------------------------------
-----------------------------------------
| rollout/                |             |
|    ep_len_mean          | 46.9        |
|    ep_rew_mean          | 112         |
| time/                   |             |
|    fps                  | 505         |
|    iterations           | 14          |
|    time_elapsed         | 680         |
|    total_timesteps      | 344064      |
| train/                  |             |
|    approx_kl            | 0.013628879 |
|    clip_fraction        | 0.163       |
|    clip_range           | 0.2         |
|    entropy_loss         | -1.51       |
|    explained_variance   | 0.977       |
|    learning_rate        | 0.0003      |
|    loss                 | 0.0481      |
|    n_updates            | 65          |
|    policy_gradient_loss | -0.0117     |
|    value_loss           | 0.0812      |
-----------------------------------------
-----------------------------------------
| rollout/                |             |
|    ep_len_mean          | 43.7        |
|    ep_rew_mean          | 112         |
| time/                   |             |
|    fps                  | 507         |
|    iterations           | 15          |
|    time_elapsed         | 726         |
|    total_timesteps      | 368640      |
| train/                  |             |
|    approx_kl            | 0.014511892 |
|    clip_fraction        | 0.153       |
|    clip_range           | 0.2         |
|    entropy_loss         | -1.4        |
|    explained_variance   | 0.887       |
|    learning_rate        | 0.0003      |
|    loss                 | -0.0254     |
|    n_updates            | 70          |
|    policy_gradient_loss | -0.0135     |
|    value_loss           | 0.024       |
-----------------------------------------
-----------------------------------------
| rollout/                |             |
|    ep_len_mean          | 43.3        |
|    ep_rew_mean          | 112         |
| time/                   |             |
|    fps                  | 507         |
|    iterations           | 16          |
|    time_elapsed         | 774         |
|    total_timesteps      | 393216      |
| train/                  |             |
|    approx_kl            | 0.019740397 |
|    clip_fraction        | 0.137       |
|    clip_range           | 0.2         |
|    entropy_loss         | -1.31       |
|    explained_variance   | 0.824       |
|    learning_rate        | 0.0003      |
|    loss                 | -0.00319    |
|    n_updates            | 75          |
|    policy_gradient_loss | -0.00844    |
|    value_loss           | 0.0119      |
-----------------------------------------
-----------------------------------------
| rollout/                |             |
|    ep_len_mean          | 43.1        |
|    ep_rew_mean          | 112         |
| time/                   |             |
|    fps                  | 508         |
|    iterations           | 17          |
|    time_elapsed         | 821         |
|    total_timesteps      | 417792      |
| train/                  |             |
|    approx_kl            | 0.011872485 |
|    clip_fraction        | 0.111       |
|    clip_range           | 0.2         |
|    entropy_loss         | -1.27       |
|    explained_variance   | 0.754       |
|    learning_rate        | 0.0003      |
|    loss                 | -0.00952    |
|    n_updates            | 80          |
|    policy_gradient_loss | -0.0059     |
|    value_loss           | 0.00834     |
-----------------------------------------
------------------------------------------
| rollout/                |              |
|    ep_len_mean          | 41.8         |
|    ep_rew_mean          | 112          |
| time/                   |              |
|    fps                  | 509          |
|    iterations           | 18           |
|    time_elapsed         | 867          |
|    total_timesteps      | 442368       |
| train/                  |              |
|    approx_kl            | 0.0114478255 |
|    clip_fraction        | 0.121        |
|    clip_range           | 0.2          |
|    entropy_loss         | -1.21        |
|    explained_variance   | 0.893        |
|    learning_rate        | 0.0003       |
|    loss                 | -0.00317     |
|    n_updates            | 85           |
|    policy_gradient_loss | -0.00805     |
|    value_loss           | 0.00709      |
------------------------------------------
-----------------------------------------
| rollout/                |             |
|    ep_len_mean          | 40.9        |
|    ep_rew_mean          | 112         |
| time/                   |             |
|    fps                  | 511         |
|    iterations           | 19          |
|    time_elapsed         | 913         |
|    total_timesteps      | 466944      |
| train/                  |             |
|    approx_kl            | 0.010905442 |
|    clip_fraction        | 0.0819      |
|    clip_range           | 0.2         |
|    entropy_loss         | -1.18       |
|    explained_variance   | 0.843       |
|    learning_rate        | 0.0003      |
|    loss                 | 0.0016      |
|    n_updates            | 90          |
|    policy_gradient_loss | -0.00665    |
|    value_loss           | 0.0149      |
-----------------------------------------
------------------------------------------
| rollout/                |              |
|    ep_len_mean          | 39.6         |
|    ep_rew_mean          | 112          |
| time/                   |              |
|    fps                  | 511          |
|    iterations           | 20           |
|    time_elapsed         | 960          |
|    total_timesteps      | 491520       |
| train/                  |              |
|    approx_kl            | 0.0115348855 |
|    clip_fraction        | 0.0879       |
|    clip_range           | 0.2          |
|    entropy_loss         | -1.12        |
|    explained_variance   | 0.936        |
|    learning_rate        | 0.0003       |
|    loss                 | -0.0175      |
|    n_updates            | 95           |
|    policy_gradient_loss | -0.0103      |
|    value_loss           | 0.00617      |
------------------------------------------
[Checkpoint] Saved at 500000 steps > /home/runner/work/Disciples2-RL/Disciples2-RL/github_experiments/122/orc_duel/orc/seed122-orc_duel-orc-30639238663-1/checkpoints/campaign_ppo_step_500000.zip
------------------------------------------
| rollout/                |              |
|    ep_len_mean          | 38.9         |
|    ep_rew_mean          | 112          |
| time/                   |              |
|    fps                  | 511          |
|    iterations           | 21           |
|    time_elapsed         | 1008         |
|    total_timesteps      | 516096       |
| train/                  |              |
|    approx_kl            | 0.0072295987 |
|    clip_fraction        | 0.0935       |
|    clip_range           | 0.2          |
|    entropy_loss         | -1.09        |
|    explained_variance   | 0.972        |
|    learning_rate        | 0.0003       |
|    loss                 | -0.0295      |
|    n_updates            | 100          |
|    policy_gradient_loss | -0.0112      |
|    value_loss           | 0.00326      |
------------------------------------------
-----------------------------------------
| rollout/                |             |
|    ep_len_mean          | 38.3        |
|    ep_rew_mean          | 112         |
| time/                   |             |
|    fps                  | 512         |
|    iterations           | 22          |
|    time_elapsed         | 1055        |
|    total_timesteps      | 540672      |
| train/                  |             |
|    approx_kl            | 0.007060995 |
|    clip_fraction        | 0.114       |
|    clip_range           | 0.2         |
|    entropy_loss         | -1.01       |
|    explained_variance   | 0.978       |
|    learning_rate        | 0.0003      |
|    loss                 | -0.0258     |
|    n_updates            | 105         |
|    policy_gradient_loss | -0.0141     |
|    value_loss           | 0.00277     |
-----------------------------------------
-----------------------------------------
| rollout/                |             |
|    ep_len_mean          | 37.2        |
|    ep_rew_mean          | 112         |
| time/                   |             |
|    fps                  | 513         |
|    iterations           | 23          |
|    time_elapsed         | 1101        |
|    total_timesteps      | 565248      |
| train/                  |             |
|    approx_kl            | 0.006244971 |
|    clip_fraction        | 0.11        |
|    clip_range           | 0.2         |
|    entropy_loss         | -0.963      |
|    explained_variance   | 0.98        |
|    learning_rate        | 0.0003      |
|    loss                 | -0.0192     |
|    n_updates            | 110         |
|    policy_gradient_loss | -0.0145     |
|    value_loss           | 0.00227     |
-----------------------------------------
-----------------------------------------
| rollout/                |             |
|    ep_len_mean          | 36.5        |
|    ep_rew_mean          | 112         |
| time/                   |             |
|    fps                  | 513         |
|    iterations           | 24          |
|    time_elapsed         | 1149        |
|    total_timesteps      | 589824      |
| train/                  |             |
|    approx_kl            | 0.006308764 |
|    clip_fraction        | 0.116       |
|    clip_range           | 0.2         |
|    entropy_loss         | -0.882      |
|    explained_variance   | 0.982       |
|    learning_rate        | 0.0003      |
|    loss                 | -0.0148     |
|    n_updates            | 115         |
|    policy_gradient_loss | -0.0154     |
|    value_loss           | 0.002       |
-----------------------------------------
-----------------------------------------
| rollout/                |             |
|    ep_len_mean          | 35.4        |
|    ep_rew_mean          | 112         |
| time/                   |             |
|    fps                  | 513         |
|    iterations           | 25          |
|    time_elapsed         | 1195        |
|    total_timesteps      | 614400      |
| train/                  |             |
|    approx_kl            | 0.009594395 |
|    clip_fraction        | 0.113       |
|    clip_range           | 0.2         |
|    entropy_loss         | -0.8        |
|    explained_variance   | 0.983       |
|    learning_rate        | 0.0003      |
|    loss                 | -0.0174     |
|    n_updates            | 120         |
|    policy_gradient_loss | -0.0146     |
|    value_loss           | 0.0017      |
-----------------------------------------
-----------------------------------------
| rollout/                |             |
|    ep_len_mean          | 34.6        |
|    ep_rew_mean          | 112         |
| time/                   |             |
|    fps                  | 514         |
|    iterations           | 26          |
|    time_elapsed         | 1242        |
|    total_timesteps      | 638976      |
| train/                  |             |
|    approx_kl            | 0.008232803 |
|    clip_fraction        | 0.102       |
|    clip_range           | 0.2         |
|    entropy_loss         | -0.72       |
|    explained_variance   | 0.984       |
|    learning_rate        | 0.0003      |
|    loss                 | -0.0259     |
|    n_updates            | 125         |
|    policy_gradient_loss | -0.0138     |
|    value_loss           | 0.00146     |
-----------------------------------------
-----------------------------------------
| rollout/                |             |
|    ep_len_mean          | 33.7        |
|    ep_rew_mean          | 112         |
| time/                   |             |
|    fps                  | 515         |
|    iterations           | 27          |
|    time_elapsed         | 1286        |
|    total_timesteps      | 663552      |
| train/                  |             |
|    approx_kl            | 0.007785735 |
|    clip_fraction        | 0.0954      |
|    clip_range           | 0.2         |
|    entropy_loss         | -0.652      |
|    explained_variance   | 0.986       |
|    learning_rate        | 0.0003      |
|    loss                 | -0.0237     |
|    n_updates            | 130         |
|    policy_gradient_loss | -0.0126     |
|    value_loss           | 0.00124     |
-----------------------------------------
----------------------------------------
| rollout/                |            |
|    ep_len_mean          | 33.3       |
|    ep_rew_mean          | 112        |
| time/                   |            |
|    fps                  | 516        |
|    iterations           | 28         |
|    time_elapsed         | 1331       |
|    total_timesteps      | 688128     |
| train/                  |            |
|    approx_kl            | 0.00514616 |
|    clip_fraction        | 0.0877     |
|    clip_range           | 0.2        |
|    entropy_loss         | -0.592     |
|    explained_variance   | 0.987      |
|    learning_rate        | 0.0003     |
|    loss                 | -0.023     |
|    n_updates            | 135        |
|    policy_gradient_loss | -0.0133    |
|    value_loss           | 0.00115    |
----------------------------------------
------------------------------------------
| rollout/                |              |
|    ep_len_mean          | 32.7         |
|    ep_rew_mean          | 112          |
| time/                   |              |
|    fps                  | 517          |
|    iterations           | 29           |
|    time_elapsed         | 1378         |
|    total_timesteps      | 712704       |
| train/                  |              |
|    approx_kl            | 0.0044930293 |
|    clip_fraction        | 0.0852       |
|    clip_range           | 0.2          |
|    entropy_loss         | -0.548       |
|    explained_variance   | 0.988        |
|    learning_rate        | 0.0003       |
|    loss                 | -0.02        |
|    n_updates            | 140          |
|    policy_gradient_loss | -0.0135      |
|    value_loss           | 0.00105      |
------------------------------------------
-----------------------------------------
| rollout/                |             |
|    ep_len_mean          | 32          |
|    ep_rew_mean          | 112         |
| time/                   |             |
|    fps                  | 516         |
|    iterations           | 30          |
|    time_elapsed         | 1426        |
|    total_timesteps      | 737280      |
| train/                  |             |
|    approx_kl            | 0.004047675 |
|    clip_fraction        | 0.0833      |
|    clip_range           | 0.2         |
|    entropy_loss         | -0.497      |
|    explained_variance   | 0.988       |
|    learning_rate        | 0.0003      |
|    loss                 | -0.014      |
|    n_updates            | 145         |
|    policy_gradient_loss | -0.0152     |
|    value_loss           | 0.000953    |
-----------------------------------------
-----------------------------------------
| rollout/                |             |
|    ep_len_mean          | 31.6        |
|    ep_rew_mean          | 112         |
| time/                   |             |
|    fps                  | 516         |
|    iterations           | 31          |
|    time_elapsed         | 1474        |
|    total_timesteps      | 761856      |
| train/                  |             |
|    approx_kl            | 0.003496154 |
|    clip_fraction        | 0.0701      |
|    clip_range           | 0.2         |
|    entropy_loss         | -0.451      |
|    explained_variance   | 0.989       |
|    learning_rate        | 0.0003      |
|    loss                 | -0.0136     |
|    n_updates            | 150         |
|    policy_gradient_loss | -0.0141     |
|    value_loss           | 0.000794    |
-----------------------------------------
-----------------------------------------
| rollout/                |             |
|    ep_len_mean          | 31.2        |
|    ep_rew_mean          | 112         |
| time/                   |             |
|    fps                  | 516         |
|    iterations           | 32          |
|    time_elapsed         | 1522        |
|    total_timesteps      | 786432      |
| train/                  |             |
|    approx_kl            | 0.004394854 |
|    clip_fraction        | 0.0595      |
|    clip_range           | 0.2         |
|    entropy_loss         | -0.392      |
|    explained_variance   | 0.989       |
|    learning_rate        | 0.0003      |
|    loss                 | -0.0188     |
|    n_updates            | 155         |
|    policy_gradient_loss | -0.0126     |
|    value_loss           | 0.000734    |
-----------------------------------------
------------------------------------------
| rollout/                |              |
|    ep_len_mean          | 30.8         |
|    ep_rew_mean          | 112          |
| time/                   |              |
|    fps                  | 516          |
|    iterations           | 33           |
|    time_elapsed         | 1571         |
|    total_timesteps      | 811008       |
| train/                  |              |
|    approx_kl            | 0.0029782858 |
|    clip_fraction        | 0.0486       |
|    clip_range           | 0.2          |
|    entropy_loss         | -0.352       |
|    explained_variance   | 0.991        |
|    learning_rate        | 0.0003       |
|    loss                 | -0.0163      |
|    n_updates            | 160          |
|    policy_gradient_loss | -0.0103      |
|    value_loss           | 0.000607     |
------------------------------------------
------------------------------------------
| rollout/                |              |
|    ep_len_mean          | 30.4         |
|    ep_rew_mean          | 112          |
| time/                   |              |
|    fps                  | 516          |
|    iterations           | 34           |
|    time_elapsed         | 1618         |
|    total_timesteps      | 835584       |
| train/                  |              |
|    approx_kl            | 0.0029287357 |
|    clip_fraction        | 0.0433       |
|    clip_range           | 0.2          |
|    entropy_loss         | -0.32        |
|    explained_variance   | 0.993        |
|    learning_rate        | 0.0003       |
|    loss                 | -0.0145      |
|    n_updates            | 165          |
|    policy_gradient_loss | -0.00879     |
|    value_loss           | 0.000498     |
------------------------------------------
------------------------------------------
| rollout/                |              |
|    ep_len_mean          | 30.3         |
|    ep_rew_mean          | 112          |
| time/                   |              |
|    fps                  | 517          |
|    iterations           | 35           |
|    time_elapsed         | 1662         |
|    total_timesteps      | 860160       |
| train/                  |              |
|    approx_kl            | 0.0026229825 |
|    clip_fraction        | 0.0432       |
|    clip_range           | 0.2          |
|    entropy_loss         | -0.296       |
|    explained_variance   | 0.994        |
|    learning_rate        | 0.0003       |
|    loss                 | -0.0079      |
|    n_updates            | 170          |
|    policy_gradient_loss | -0.00905     |
|    value_loss           | 0.00043      |
------------------------------------------
------------------------------------------
| rollout/                |              |
|    ep_len_mean          | 30           |
|    ep_rew_mean          | 112          |
| time/                   |              |
|    fps                  | 518          |
|    iterations           | 36           |
|    time_elapsed         | 1706         |
|    total_timesteps      | 884736       |
| train/                  |              |
|    approx_kl            | 0.0027076069 |
|    clip_fraction        | 0.0484       |
|    clip_range           | 0.2          |
|    entropy_loss         | -0.274       |
|    explained_variance   | 0.994        |
|    learning_rate        | 0.0003       |
|    loss                 | -0.0147      |
|    n_updates            | 175          |
|    policy_gradient_loss | -0.00984     |
|    value_loss           | 0.000384     |
------------------------------------------
-----------------------------------------
| rollout/                |             |
|    ep_len_mean          | 29.9        |
|    ep_rew_mean          | 112         |
| time/                   |             |
|    fps                  | 519         |
|    iterations           | 37          |
|    time_elapsed         | 1749        |
|    total_timesteps      | 909312      |
| train/                  |             |
|    approx_kl            | 0.002008244 |
|    clip_fraction        | 0.0378      |
|    clip_range           | 0.2         |
|    entropy_loss         | -0.258      |
|    explained_variance   | 0.995       |
|    learning_rate        | 0.0003      |
|    loss                 | -0.00487    |
|    n_updates            | 180         |
|    policy_gradient_loss | -0.00775    |
|    value_loss           | 0.00034     |
-----------------------------------------
------------------------------------------
| rollout/                |              |
|    ep_len_mean          | 29.6         |
|    ep_rew_mean          | 112          |
| time/                   |              |
|    fps                  | 520          |
|    iterations           | 38           |
|    time_elapsed         | 1794         |
|    total_timesteps      | 933888       |
| train/                  |              |
|    approx_kl            | 0.0025467174 |
|    clip_fraction        | 0.0448       |
|    clip_range           | 0.2          |
|    entropy_loss         | -0.24        |
|    explained_variance   | 0.995        |
|    learning_rate        | 0.0003       |
|    loss                 | -0.0151      |
|    n_updates            | 185          |
|    policy_gradient_loss | -0.00922     |
|    value_loss           | 0.000318     |
------------------------------------------
------------------------------------------
| rollout/                |              |
|    ep_len_mean          | 29.4         |
|    ep_rew_mean          | 112          |
| time/                   |              |
|    fps                  | 521          |
|    iterations           | 39           |
|    time_elapsed         | 1837         |
|    total_timesteps      | 958464       |
| train/                  |              |
|    approx_kl            | 0.0025133907 |
|    clip_fraction        | 0.0423       |
|    clip_range           | 0.2          |
|    entropy_loss         | -0.231       |
|    explained_variance   | 0.995        |
|    learning_rate        | 0.0003       |
|    loss                 | -0.016       |
|    n_updates            | 190          |
|    policy_gradient_loss | -0.0088      |
|    value_loss           | 0.000303     |
------------------------------------------
------------------------------------------
| rollout/                |              |
|    ep_len_mean          | 29           |
|    ep_rew_mean          | 112          |
| time/                   |              |
|    fps                  | 522          |
|    iterations           | 40           |
|    time_elapsed         | 1882         |
|    total_timesteps      | 983040       |
| train/                  |              |
|    approx_kl            | 0.0020869318 |
|    clip_fraction        | 0.0482       |
|    clip_range           | 0.2          |
|    entropy_loss         | -0.214       |
|    explained_variance   | 0.995        |
|    learning_rate        | 0.0003       |
|    loss                 | -0.0183      |
|    n_updates            | 195          |
|    policy_gradient_loss | -0.00985     |
|    value_loss           | 0.00029      |
------------------------------------------
[Checkpoint] Saved at 1000000 steps > /home/runner/work/Disciples2-RL/Disciples2-RL/github_experiments/122/orc_duel/orc/seed122-orc_duel-orc-30639238663-1/checkpoints/campaign_ppo_step_1000000.zip
Eval num_timesteps=1000008, det_reward=112.20 +/- 0.00
Episode length: det=28.05 +/- 0.22
Victory rate: det=100.00%
--------------------------------------------------
| eval/                           |              |
|    deterministic_mean_ep_length | 28.1         |
|    deterministic_mean_reward    | 112          |
|    deterministic_victory_rate   | 1            |
|    mean_ep_length               | 28.1         |
|    mean_reward                  | 112          |
|    victory_rate                 | 1            |
| time/                           |              |
|    total_timesteps              | 1000008      |
| train/                          |              |
|    approx_kl                    | 0.0016775271 |
|    clip_fraction                | 0.0397       |
|    clip_range                   | 0.2          |
|    entropy_loss                 | -0.204       |
|    explained_variance           | 0.996        |
|    learning_rate                | 0.0003       |
|    loss                         | -0.0172      |
|    n_updates                    | 200          |
|    policy_gradient_loss         | -0.00898     |
|    value_loss                   | 0.000254     |
--------------------------------------------------
New best model by deterministic victory rate!
---------------------------------
| rollout/           |          |
|    ep_len_mean     | 29       |
|    ep_rew_mean     | 112      |
| time/              |          |
|    fps             | 522      |
|    iterations      | 41       |
|    time_elapsed    | 1927     |
|    total_timesteps | 1007616  |
---------------------------------
VecNormalize stats saved: /home/runner/work/Disciples2-RL/Disciples2-RL/github_experiments/122/orc_duel/orc/seed122-orc_duel-orc-30639238663-1/models/vecnormalize.pkl

Финальная модель сохранена: /home/runner/work/Disciples2-RL/Disciples2-RL/github_experiments/122/orc_duel/orc/seed122-orc_duel-orc-30639238663-1/models/final_model.zip

============================================================
ИТОГИ ОБУЧЕНИЯ:
  Побед: 21702
  Поражений: 0
  Таймаутов: 21
  Побед бота столицы над врагами: 0
  Перестановок юнитов: 133113
  Winrate: 99.9%
============================================================
  График призывов за эпизод: /home/runner/work/Disciples2-RL/Disciples2-RL/github_experiments/122/orc_duel/orc/seed122-orc_duel-orc-30639238663-1/plots/campaign_summoned_units_per_episode.png
  График призывов за всё обучение: /home/runner/work/Disciples2-RL/Disciples2-RL/github_experiments/122/orc_duel/orc/seed122-orc_duel-orc-30639238663-1/plots/campaign_summoned_units_cumulative.png
  График найма за эпизод: /home/runner/work/Disciples2-RL/Disciples2-RL/github_experiments/122/orc_duel/orc/seed122-orc_duel-orc-30639238663-1/plots/campaign_hired_units_per_episode.png
  График найма за всё обучение: /home/runner/work/Disciples2-RL/Disciples2-RL/github_experiments/122/orc_duel/orc/seed122-orc_duel-orc-30639238663-1/plots/campaign_hired_units_cumulative.png
  График перестановок юнитов за эпизод: /home/runner/work/Disciples2-RL/Disciples2-RL/github_experiments/122/orc_duel/orc/seed122-orc_duel-orc-30639238663-1/plots/campaign_unit_swaps_per_episode.png
  График боевых предметов: /home/runner/work/Disciples2-RL/Disciples2-RL/github_experiments/122/orc_duel/orc/seed122-orc_duel-orc-30639238663-1/plots/campaign_battle_item_activity.png
  График побед бота столицы за эпизод: /home/runner/work/Disciples2-RL/Disciples2-RL/github_experiments/122/orc_duel/orc/seed122-orc_duel-orc-30639238663-1/plots/campaign_scripted_bot_victories_per_episode.png
  График применения заклинаний: /home/runner/work/Disciples2-RL/Disciples2-RL/github_experiments/122/orc_duel/orc/seed122-orc_duel-orc-30639238663-1/plots/campaign_spell_cast_activity.png
