Проверка среды CampaignEnv...
Среда прошла проверку!
[INFO] Comet disabled, running without experiment tracking
Создание 12 параллельных сред (subproc)...
Инициализация MaskablePPO...
Using cpu device

============================================================
Запуск обучения Campaign Agent
Всего шагов: 1,500,000
Параллельных сред: 12
VecEnv: subproc
VecEnv start method: forkserver
Seed: 138
Checkpoint каждые: 500,000 шагов
Evaluation каждые: 83,334 шагов
Eval deterministic эпизодов: 20
Eval stochastic эпизодов: 0
Eval лимит шагов на эпизод: 5000
Campaign map: item_train
Campaign objective: all_enemies
System resources at training start:
  Platform: Linux 6.17.0-1022-azure (x86_64)
  Python: 3.14.7
  PyTorch: 2.14.0+cpu
  Training device: cpu
  CPU model: AMD EPYC 7763 64-Core Processor
  CPU vendor: AuthenticAMD
  Logical CPUs visible: 4
  Process CPU affinity: 4
  Sockets: 1
  Cores per socket: 2
  Threads per core: 2
  CPU max MHz: unknown
  CPU min MHz: unknown
  L1d cache: 64 KiB (2 instances)
  L1i cache: 64 KiB (2 instances)
  L2 cache: 1 MiB (2 instances)
  L3 cache: 32 MiB (1 instance)
  Virtualization: AMD-V
  Hypervisor: Microsoft
  RAM total: 15.62 GiB
  RAM available at start: 13.99 GiB
  Disk total: 144.26 GiB
  Disk free at start: 74.34 GiB
  Torch intra-op threads: 4
  Torch inter-op threads: 2
  OMP_NUM_THREADS: 4
  MKL_NUM_THREADS: 4
  OPENBLAS_NUM_THREADS: 4
  GitHub runner OS: Linux
  GitHub runner architecture: X64
  GitHub runner environment: github-hosted
PPO n_steps: 2,048
PPO batch_size: 512
PPO n_epochs: 5
PPO learning_rate: 0.0003
PPO clip_range: 0.2
PPO ent_coef: 0.01
PPO gamma: 0.995
PPO gae_lambda: 0.95
PPO target_kl: disabled
PPO gradient batches per rollout: 240
VecCheckNan: disabled
Freeze action layout: enabled
Empire territory: enabled
Scripted capital bot: disabled
Starting roster: classic party (Архидьявол, Одержимый, Одержимый, Сектант)
Torch threads per process: 4
Diagnostics: disabled
Wall-clock training limit: disabled
Run ID: seed138-item_train-all_enemies-35923202622-1
============================================================

Logging to /home/runner/work/Disciples2-RL/Disciples2-RL/github_experiments/138/item_train/all_enemies/seed138-item_train-all_enemies-35923202622-1/tensorboard/MaskablePPO_1
---------------------------------
| rollout/           |          |
|    ep_len_mean     | 662      |
|    ep_rew_mean     | -15      |
| time/              |          |
|    fps             | 585      |
|    iterations      | 1        |
|    time_elapsed    | 41       |
|    total_timesteps | 24576    |
---------------------------------
-----------------------------------------
| rollout/                |             |
|    ep_len_mean          | 581         |
|    ep_rew_mean          | -12.2       |
| time/                   |             |
|    fps                  | 566         |
|    iterations           | 2           |
|    time_elapsed         | 86          |
|    total_timesteps      | 49152       |
| train/                  |             |
|    approx_kl            | 0.009074126 |
|    clip_fraction        | 0.0693      |
|    clip_range           | 0.2         |
|    entropy_loss         | -2.23       |
|    explained_variance   | 0.27        |
|    learning_rate        | 0.0003      |
|    loss                 | 0.025       |
|    n_updates            | 5           |
|    policy_gradient_loss | -0.00601    |
|    value_loss           | 0.112       |
-----------------------------------------
------------------------------------------
| rollout/                |              |
|    ep_len_mean          | 1.04e+03     |
|    ep_rew_mean          | -40.2        |
| time/                   |              |
|    fps                  | 562          |
|    iterations           | 3            |
|    time_elapsed         | 131          |
|    total_timesteps      | 73728        |
| train/                  |              |
|    approx_kl            | 0.0075978204 |
|    clip_fraction        | 0.0482       |
|    clip_range           | 0.2          |
|    entropy_loss         | -2.17        |
|    explained_variance   | 0.704        |
|    learning_rate        | 0.0003       |
|    loss                 | -0.0104      |
|    n_updates            | 10           |
|    policy_gradient_loss | -0.00336     |
|    value_loss           | 0.0275       |
------------------------------------------
-----------------------------------------
| rollout/                |             |
|    ep_len_mean          | 815         |
|    ep_rew_mean          | -30.4       |
| time/                   |             |
|    fps                  | 555         |
|    iterations           | 4           |
|    time_elapsed         | 176         |
|    total_timesteps      | 98304       |
| train/                  |             |
|    approx_kl            | 0.007768052 |
|    clip_fraction        | 0.066       |
|    clip_range           | 0.2         |
|    entropy_loss         | -2.2        |
|    explained_variance   | 0.776       |
|    learning_rate        | 0.0003      |
|    loss                 | -0.0335     |
|    n_updates            | 15          |
|    policy_gradient_loss | -0.00445    |
|    value_loss           | 0.0131      |
-----------------------------------------
-----------------------------------------
| rollout/                |             |
|    ep_len_mean          | 444         |
|    ep_rew_mean          | -12.2       |
| time/                   |             |
|    fps                  | 554         |
|    iterations           | 5           |
|    time_elapsed         | 221         |
|    total_timesteps      | 122880      |
| train/                  |             |
|    approx_kl            | 0.011377162 |
|    clip_fraction        | 0.0859      |
|    clip_range           | 0.2         |
|    entropy_loss         | -2.22       |
|    explained_variance   | 0.724       |
|    learning_rate        | 0.0003      |
|    loss                 | -0.0281     |
|    n_updates            | 20          |
|    policy_gradient_loss | -0.00704    |
|    value_loss           | 0.0126      |
-----------------------------------------
-----------------------------------------
| rollout/                |             |
|    ep_len_mean          | 596         |
|    ep_rew_mean          | -16.4       |
| time/                   |             |
|    fps                  | 553         |
|    iterations           | 6           |
|    time_elapsed         | 266         |
|    total_timesteps      | 147456      |
| train/                  |             |
|    approx_kl            | 0.010057853 |
|    clip_fraction        | 0.083       |
|    clip_range           | 0.2         |
|    entropy_loss         | -2.17       |
|    explained_variance   | 0.739       |
|    learning_rate        | 0.0003      |
|    loss                 | -0.0264     |
|    n_updates            | 25          |
|    policy_gradient_loss | -0.00656    |
|    value_loss           | 0.00726     |
-----------------------------------------
-----------------------------------------
| rollout/                |             |
|    ep_len_mean          | 621         |
|    ep_rew_mean          | -17         |
| time/                   |             |
|    fps                  | 553         |
|    iterations           | 7           |
|    time_elapsed         | 310         |
|    total_timesteps      | 172032      |
| train/                  |             |
|    approx_kl            | 0.010934021 |
|    clip_fraction        | 0.0843      |
|    clip_range           | 0.2         |
|    entropy_loss         | -2.18       |
|    explained_variance   | 0.736       |
|    learning_rate        | 0.0003      |
|    loss                 | -0.0258     |
|    n_updates            | 30          |
|    policy_gradient_loss | -0.00591    |
|    value_loss           | 0.0091      |
-----------------------------------------
-----------------------------------------
| rollout/                |             |
|    ep_len_mean          | 295         |
|    ep_rew_mean          | -5.49       |
| time/                   |             |
|    fps                  | 553         |
|    iterations           | 8           |
|    time_elapsed         | 354         |
|    total_timesteps      | 196608      |
| train/                  |             |
|    approx_kl            | 0.010541644 |
|    clip_fraction        | 0.108       |
|    clip_range           | 0.2         |
|    entropy_loss         | -2.16       |
|    explained_variance   | 0.775       |
|    learning_rate        | 0.0003      |
|    loss                 | -0.0352     |
|    n_updates            | 35          |
|    policy_gradient_loss | -0.00872    |
|    value_loss           | 0.012       |
-----------------------------------------
-----------------------------------------
| rollout/                |             |
|    ep_len_mean          | 184         |
|    ep_rew_mean          | -2.01       |
| time/                   |             |
|    fps                  | 553         |
|    iterations           | 9           |
|    time_elapsed         | 399         |
|    total_timesteps      | 221184      |
| train/                  |             |
|    approx_kl            | 0.008502491 |
|    clip_fraction        | 0.0624      |
|    clip_range           | 0.2         |
|    entropy_loss         | -2.1        |
|    explained_variance   | 0.852       |
|    learning_rate        | 0.0003      |
|    loss                 | -0.0325     |
|    n_updates            | 40          |
|    policy_gradient_loss | -0.00756    |
|    value_loss           | 0.015       |
-----------------------------------------
-----------------------------------------
| rollout/                |             |
|    ep_len_mean          | 204         |
|    ep_rew_mean          | -2.59       |
| time/                   |             |
|    fps                  | 553         |
|    iterations           | 10          |
|    time_elapsed         | 444         |
|    total_timesteps      | 245760      |
| train/                  |             |
|    approx_kl            | 0.008330107 |
|    clip_fraction        | 0.0737      |
|    clip_range           | 0.2         |
|    entropy_loss         | -2.05       |
|    explained_variance   | 0.859       |
|    learning_rate        | 0.0003      |
|    loss                 | -0.0217     |
|    n_updates            | 45          |
|    policy_gradient_loss | -0.00747    |
|    value_loss           | 0.0224      |
-----------------------------------------
-----------------------------------------
| rollout/                |             |
|    ep_len_mean          | 208         |
|    ep_rew_mean          | -3.14       |
| time/                   |             |
|    fps                  | 552         |
|    iterations           | 11          |
|    time_elapsed         | 489         |
|    total_timesteps      | 270336      |
| train/                  |             |
|    approx_kl            | 0.008585454 |
|    clip_fraction        | 0.0744      |
|    clip_range           | 0.2         |
|    entropy_loss         | -2.01       |
|    explained_variance   | 0.875       |
|    learning_rate        | 0.0003      |
|    loss                 | -0.0127     |
|    n_updates            | 50          |
|    policy_gradient_loss | -0.00688    |
|    value_loss           | 0.0192      |
-----------------------------------------
-----------------------------------------
| rollout/                |             |
|    ep_len_mean          | 169         |
|    ep_rew_mean          | -1.83       |
| time/                   |             |
|    fps                  | 552         |
|    iterations           | 12          |
|    time_elapsed         | 533         |
|    total_timesteps      | 294912      |
| train/                  |             |
|    approx_kl            | 0.008267503 |
|    clip_fraction        | 0.0662      |
|    clip_range           | 0.2         |
|    entropy_loss         | -1.99       |
|    explained_variance   | 0.902       |
|    learning_rate        | 0.0003      |
|    loss                 | -0.013      |
|    n_updates            | 55          |
|    policy_gradient_loss | -0.00633    |
|    value_loss           | 0.0238      |
-----------------------------------------
-----------------------------------------
| rollout/                |             |
|    ep_len_mean          | 159         |
|    ep_rew_mean          | -1.08       |
| time/                   |             |
|    fps                  | 552         |
|    iterations           | 13          |
|    time_elapsed         | 578         |
|    total_timesteps      | 319488      |
| train/                  |             |
|    approx_kl            | 0.008375484 |
|    clip_fraction        | 0.0838      |
|    clip_range           | 0.2         |
|    entropy_loss         | -1.95       |
|    explained_variance   | 0.922       |
|    learning_rate        | 0.0003      |
|    loss                 | -0.0205     |
|    n_updates            | 60          |
|    policy_gradient_loss | -0.00741    |
|    value_loss           | 0.0231      |
-----------------------------------------
-----------------------------------------
| rollout/                |             |
|    ep_len_mean          | 188         |
|    ep_rew_mean          | -1.74       |
| time/                   |             |
|    fps                  | 551         |
|    iterations           | 14          |
|    time_elapsed         | 623         |
|    total_timesteps      | 344064      |
| train/                  |             |
|    approx_kl            | 0.008069126 |
|    clip_fraction        | 0.0705      |
|    clip_range           | 0.2         |
|    entropy_loss         | -1.94       |
|    explained_variance   | 0.913       |
|    learning_rate        | 0.0003      |
|    loss                 | -0.015      |
|    n_updates            | 65          |
|    policy_gradient_loss | -0.00589    |
|    value_loss           | 0.0227      |
-----------------------------------------
-----------------------------------------
| rollout/                |             |
|    ep_len_mean          | 199         |
|    ep_rew_mean          | -5.22       |
| time/                   |             |
|    fps                  | 550         |
|    iterations           | 15          |
|    time_elapsed         | 669         |
|    total_timesteps      | 368640      |
| train/                  |             |
|    approx_kl            | 0.008545427 |
|    clip_fraction        | 0.0698      |
|    clip_range           | 0.2         |
|    entropy_loss         | -1.94       |
|    explained_variance   | 0.947       |
|    learning_rate        | 0.0003      |
|    loss                 | -0.0161     |
|    n_updates            | 70          |
|    policy_gradient_loss | -0.00701    |
|    value_loss           | 0.0214      |
-----------------------------------------
-----------------------------------------
| rollout/                |             |
|    ep_len_mean          | 192         |
|    ep_rew_mean          | -1.24       |
| time/                   |             |
|    fps                  | 550         |
|    iterations           | 16          |
|    time_elapsed         | 714         |
|    total_timesteps      | 393216      |
| train/                  |             |
|    approx_kl            | 0.008553594 |
|    clip_fraction        | 0.0797      |
|    clip_range           | 0.2         |
|    entropy_loss         | -1.89       |
|    explained_variance   | 0.945       |
|    learning_rate        | 0.0003      |
|    loss                 | 0.00106     |
|    n_updates            | 75          |
|    policy_gradient_loss | -0.00679    |
|    value_loss           | 0.0228      |
-----------------------------------------
-----------------------------------------
| rollout/                |             |
|    ep_len_mean          | 178         |
|    ep_rew_mean          | 0.24        |
| time/                   |             |
|    fps                  | 550         |
|    iterations           | 17          |
|    time_elapsed         | 758         |
|    total_timesteps      | 417792      |
| train/                  |             |
|    approx_kl            | 0.009990126 |
|    clip_fraction        | 0.102       |
|    clip_range           | 0.2         |
|    entropy_loss         | -1.93       |
|    explained_variance   | 0.929       |
|    learning_rate        | 0.0003      |
|    loss                 | -0.0066     |
|    n_updates            | 80          |
|    policy_gradient_loss | -0.00812    |
|    value_loss           | 0.017       |
-----------------------------------------
------------------------------------------
| rollout/                |              |
|    ep_len_mean          | 167          |
|    ep_rew_mean          | -0.99        |
| time/                   |              |
|    fps                  | 550          |
|    iterations           | 18           |
|    time_elapsed         | 803          |
|    total_timesteps      | 442368       |
| train/                  |              |
|    approx_kl            | 0.0074580144 |
|    clip_fraction        | 0.0693       |
|    clip_range           | 0.2          |
|    entropy_loss         | -1.9         |
|    explained_variance   | 0.928        |
|    learning_rate        | 0.0003       |
|    loss                 | -0.0143      |
|    n_updates            | 85           |
|    policy_gradient_loss | -0.00578     |
|    value_loss           | 0.0217       |
------------------------------------------
----------------------------------------
| rollout/                |            |
|    ep_len_mean          | 137        |
|    ep_rew_mean          | 1.22       |
| time/                   |            |
|    fps                  | 550        |
|    iterations           | 19         |
|    time_elapsed         | 848        |
|    total_timesteps      | 466944     |
| train/                  |            |
|    approx_kl            | 0.00824603 |
|    clip_fraction        | 0.0771     |
|    clip_range           | 0.2        |
|    entropy_loss         | -1.88      |
|    explained_variance   | 0.927      |
|    learning_rate        | 0.0003     |
|    loss                 | -0.0197    |
|    n_updates            | 90         |
|    policy_gradient_loss | -0.00656   |
|    value_loss           | 0.0275     |
----------------------------------------
------------------------------------------
| rollout/                |              |
|    ep_len_mean          | 124          |
|    ep_rew_mean          | 1.2          |
| time/                   |              |
|    fps                  | 550          |
|    iterations           | 20           |
|    time_elapsed         | 893          |
|    total_timesteps      | 491520       |
| train/                  |              |
|    approx_kl            | 0.0077144136 |
|    clip_fraction        | 0.0789       |
|    clip_range           | 0.2          |
|    entropy_loss         | -1.83        |
|    explained_variance   | 0.92         |
|    learning_rate        | 0.0003       |
|    loss                 | -0.0172      |
|    n_updates            | 95           |
|    policy_gradient_loss | -0.00624     |
|    value_loss           | 0.0273       |
------------------------------------------
[Checkpoint] Saved at 500000 steps > /home/runner/work/Disciples2-RL/Disciples2-RL/github_experiments/138/item_train/all_enemies/seed138-item_train-all_enemies-35923202622-1/checkpoints/campaign_ppo_step_500000.zip
-----------------------------------------
| rollout/                |             |
|    ep_len_mean          | 126         |
|    ep_rew_mean          | 1.79        |
| time/                   |             |
|    fps                  | 550         |
|    iterations           | 21          |
|    time_elapsed         | 937         |
|    total_timesteps      | 516096      |
| train/                  |             |
|    approx_kl            | 0.007059774 |
|    clip_fraction        | 0.0668      |
|    clip_range           | 0.2         |
|    entropy_loss         | -1.83       |
|    explained_variance   | 0.917       |
|    learning_rate        | 0.0003      |
|    loss                 | -0.0163     |
|    n_updates            | 100         |
|    policy_gradient_loss | -0.00589    |
|    value_loss           | 0.0264      |
-----------------------------------------
-----------------------------------------
| rollout/                |             |
|    ep_len_mean          | 192         |
|    ep_rew_mean          | -1.97       |
| time/                   |             |
|    fps                  | 550         |
|    iterations           | 22          |
|    time_elapsed         | 982         |
|    total_timesteps      | 540672      |
| train/                  |             |
|    approx_kl            | 0.008116227 |
|    clip_fraction        | 0.0798      |
|    clip_range           | 0.2         |
|    entropy_loss         | -1.88       |
|    explained_variance   | 0.932       |
|    learning_rate        | 0.0003      |
|    loss                 | -0.00413    |
|    n_updates            | 105         |
|    policy_gradient_loss | -0.00671    |
|    value_loss           | 0.0249      |
-----------------------------------------
-----------------------------------------
| rollout/                |             |
|    ep_len_mean          | 119         |
|    ep_rew_mean          | 1.02        |
| time/                   |             |
|    fps                  | 550         |
|    iterations           | 23          |
|    time_elapsed         | 1026        |
|    total_timesteps      | 565248      |
| train/                  |             |
|    approx_kl            | 0.008513785 |
|    clip_fraction        | 0.0914      |
|    clip_range           | 0.2         |
|    entropy_loss         | -1.86       |
|    explained_variance   | 0.944       |
|    learning_rate        | 0.0003      |
|    loss                 | -0.0173     |
|    n_updates            | 110         |
|    policy_gradient_loss | -0.0082     |
|    value_loss           | 0.0246      |
-----------------------------------------
-----------------------------------------
| rollout/                |             |
|    ep_len_mean          | 117         |
|    ep_rew_mean          | 1.97        |
| time/                   |             |
|    fps                  | 550         |
|    iterations           | 24          |
|    time_elapsed         | 1071        |
|    total_timesteps      | 589824      |
| train/                  |             |
|    approx_kl            | 0.007182542 |
|    clip_fraction        | 0.0601      |
|    clip_range           | 0.2         |
|    entropy_loss         | -1.77       |
|    explained_variance   | 0.924       |
|    learning_rate        | 0.0003      |
|    loss                 | -0.0211     |
|    n_updates            | 115         |
|    policy_gradient_loss | -0.00653    |
|    value_loss           | 0.0277      |
-----------------------------------------
----------------------------------------
| rollout/                |            |
|    ep_len_mean          | 103        |
|    ep_rew_mean          | 3.36       |
| time/                   |            |
|    fps                  | 550        |
|    iterations           | 25         |
|    time_elapsed         | 1116       |
|    total_timesteps      | 614400     |
| train/                  |            |
|    approx_kl            | 0.00851863 |
|    clip_fraction        | 0.0821     |
|    clip_range           | 0.2        |
|    entropy_loss         | -1.79      |
|    explained_variance   | 0.944      |
|    learning_rate        | 0.0003     |
|    loss                 | -0.0207    |
|    n_updates            | 120        |
|    policy_gradient_loss | -0.00741   |
|    value_loss           | 0.023      |
----------------------------------------
------------------------------------------
| rollout/                |              |
|    ep_len_mean          | 114          |
|    ep_rew_mean          | 2.89         |
| time/                   |              |
|    fps                  | 549          |
|    iterations           | 26           |
|    time_elapsed         | 1162         |
|    total_timesteps      | 638976       |
| train/                  |              |
|    approx_kl            | 0.0070421104 |
|    clip_fraction        | 0.0711       |
|    clip_range           | 0.2          |
|    entropy_loss         | -1.72        |
|    explained_variance   | 0.923        |
|    learning_rate        | 0.0003       |
|    loss                 | -0.0153      |
|    n_updates            | 125          |
|    policy_gradient_loss | -0.00582     |
|    value_loss           | 0.0271       |
------------------------------------------
------------------------------------------
| rollout/                |              |
|    ep_len_mean          | 147          |
|    ep_rew_mean          | 0.943        |
| time/                   |              |
|    fps                  | 549          |
|    iterations           | 27           |
|    time_elapsed         | 1206         |
|    total_timesteps      | 663552       |
| train/                  |              |
|    approx_kl            | 0.0072018844 |
|    clip_fraction        | 0.0628       |
|    clip_range           | 0.2          |
|    entropy_loss         | -1.76        |
|    explained_variance   | 0.934        |
|    learning_rate        | 0.0003       |
|    loss                 | -0.0118      |
|    n_updates            | 130          |
|    policy_gradient_loss | -0.00594     |
|    value_loss           | 0.0258       |
------------------------------------------
-----------------------------------------
| rollout/                |             |
|    ep_len_mean          | 114         |
|    ep_rew_mean          | 3.1         |
| time/                   |             |
|    fps                  | 549         |
|    iterations           | 28          |
|    time_elapsed         | 1251        |
|    total_timesteps      | 688128      |
| train/                  |             |
|    approx_kl            | 0.006788403 |
|    clip_fraction        | 0.0528      |
|    clip_range           | 0.2         |
|    entropy_loss         | -1.81       |
|    explained_variance   | 0.947       |
|    learning_rate        | 0.0003      |
|    loss                 | -0.0162     |
|    n_updates            | 135         |
|    policy_gradient_loss | -0.00483    |
|    value_loss           | 0.0205      |
-----------------------------------------
------------------------------------------
| rollout/                |              |
|    ep_len_mean          | 106          |
|    ep_rew_mean          | 3.76         |
| time/                   |              |
|    fps                  | 549          |
|    iterations           | 29           |
|    time_elapsed         | 1296         |
|    total_timesteps      | 712704       |
| train/                  |              |
|    approx_kl            | 0.0061508487 |
|    clip_fraction        | 0.0566       |
|    clip_range           | 0.2          |
|    entropy_loss         | -1.75        |
|    explained_variance   | 0.938        |
|    learning_rate        | 0.0003       |
|    loss                 | -0.0104      |
|    n_updates            | 140          |
|    policy_gradient_loss | -0.0049      |
|    value_loss           | 0.0245       |
------------------------------------------
-----------------------------------------
| rollout/                |             |
|    ep_len_mean          | 99.6        |
|    ep_rew_mean          | 3.98        |
| time/                   |             |
|    fps                  | 549         |
|    iterations           | 30          |
|    time_elapsed         | 1341        |
|    total_timesteps      | 737280      |
| train/                  |             |
|    approx_kl            | 0.006281516 |
|    clip_fraction        | 0.0546      |
|    clip_range           | 0.2         |
|    entropy_loss         | -1.69       |
|    explained_variance   | 0.934       |
|    learning_rate        | 0.0003      |
|    loss                 | -0.0131     |
|    n_updates            | 145         |
|    policy_gradient_loss | -0.00546    |
|    value_loss           | 0.0273      |
-----------------------------------------
-----------------------------------------
| rollout/                |             |
|    ep_len_mean          | 109         |
|    ep_rew_mean          | 3.17        |
| time/                   |             |
|    fps                  | 549         |
|    iterations           | 31          |
|    time_elapsed         | 1385        |
|    total_timesteps      | 761856      |
| train/                  |             |
|    approx_kl            | 0.006867085 |
|    clip_fraction        | 0.0593      |
|    clip_range           | 0.2         |
|    entropy_loss         | -1.68       |
|    explained_variance   | 0.934       |
|    learning_rate        | 0.0003      |
|    loss                 | -0.0105     |
|    n_updates            | 150         |
|    policy_gradient_loss | -0.0056     |
|    value_loss           | 0.0267      |
-----------------------------------------
------------------------------------------
| rollout/                |              |
|    ep_len_mean          | 132          |
|    ep_rew_mean          | 0.621        |
| time/                   |              |
|    fps                  | 549          |
|    iterations           | 32           |
|    time_elapsed         | 1430         |
|    total_timesteps      | 786432       |
| train/                  |              |
|    approx_kl            | 0.0072262194 |
|    clip_fraction        | 0.0659       |
|    clip_range           | 0.2          |
|    entropy_loss         | -1.71        |
|    explained_variance   | 0.942        |
|    learning_rate        | 0.0003       |
|    loss                 | -0.0149      |
|    n_updates            | 155          |
|    policy_gradient_loss | -0.00668     |
|    value_loss           | 0.0258       |
------------------------------------------
------------------------------------------
| rollout/                |              |
|    ep_len_mean          | 99.5         |
|    ep_rew_mean          | 5.26         |
| time/                   |              |
|    fps                  | 549          |
|    iterations           | 33           |
|    time_elapsed         | 1475         |
|    total_timesteps      | 811008       |
| train/                  |              |
|    approx_kl            | 0.0074789487 |
|    clip_fraction        | 0.0735       |
|    clip_range           | 0.2          |
|    entropy_loss         | -1.68        |
|    explained_variance   | 0.953        |
|    learning_rate        | 0.0003       |
|    loss                 | -0.0196      |
|    n_updates            | 160          |
|    policy_gradient_loss | -0.00672     |
|    value_loss           | 0.0227       |
------------------------------------------
------------------------------------------
| rollout/                |              |
|    ep_len_mean          | 104          |
|    ep_rew_mean          | 4.99         |
| time/                   |              |
|    fps                  | 549          |
|    iterations           | 34           |
|    time_elapsed         | 1520         |
|    total_timesteps      | 835584       |
| train/                  |              |
|    approx_kl            | 0.0071215606 |
|    clip_fraction        | 0.0755       |
|    clip_range           | 0.2          |
|    entropy_loss         | -1.62        |
|    explained_variance   | 0.939        |
|    learning_rate        | 0.0003       |
|    loss                 | -0.00227     |
|    n_updates            | 165          |
|    policy_gradient_loss | -0.0057      |
|    value_loss           | 0.0246       |
------------------------------------------
-----------------------------------------
| rollout/                |             |
|    ep_len_mean          | 93.2        |
|    ep_rew_mean          | 5.75        |
| time/                   |             |
|    fps                  | 549         |
|    iterations           | 35          |
|    time_elapsed         | 1565        |
|    total_timesteps      | 860160      |
| train/                  |             |
|    approx_kl            | 0.007112045 |
|    clip_fraction        | 0.0668      |
|    clip_range           | 0.2         |
|    entropy_loss         | -1.64       |
|    explained_variance   | 0.942       |
|    learning_rate        | 0.0003      |
|    loss                 | -0.0184     |
|    n_updates            | 170         |
|    policy_gradient_loss | -0.00646    |
|    value_loss           | 0.0256      |
-----------------------------------------
-----------------------------------------
| rollout/                |             |
|    ep_len_mean          | 110         |
|    ep_rew_mean          | 4.62        |
| time/                   |             |
|    fps                  | 549         |
|    iterations           | 36          |
|    time_elapsed         | 1609        |
|    total_timesteps      | 884736      |
| train/                  |             |
|    approx_kl            | 0.006929949 |
|    clip_fraction        | 0.0622      |
|    clip_range           | 0.2         |
|    entropy_loss         | -1.56       |
|    explained_variance   | 0.936       |
|    learning_rate        | 0.0003      |
|    loss                 | -0.0135     |
|    n_updates            | 175         |
|    policy_gradient_loss | -0.00587    |
|    value_loss           | 0.0275      |
-----------------------------------------
-----------------------------------------
| rollout/                |             |
|    ep_len_mean          | 95.4        |
|    ep_rew_mean          | 6.36        |
| time/                   |             |
|    fps                  | 549         |
|    iterations           | 37          |
|    time_elapsed         | 1654        |
|    total_timesteps      | 909312      |
| train/                  |             |
|    approx_kl            | 0.007492952 |
|    clip_fraction        | 0.076       |
|    clip_range           | 0.2         |
|    entropy_loss         | -1.63       |
|    explained_variance   | 0.946       |
|    learning_rate        | 0.0003      |
|    loss                 | -0.0135     |
|    n_updates            | 180         |
|    policy_gradient_loss | -0.00643    |
|    value_loss           | 0.0229      |
-----------------------------------------
-----------------------------------------
| rollout/                |             |
|    ep_len_mean          | 104         |
|    ep_rew_mean          | 5.44        |
| time/                   |             |
|    fps                  | 549         |
|    iterations           | 38          |
|    time_elapsed         | 1699        |
|    total_timesteps      | 933888      |
| train/                  |             |
|    approx_kl            | 0.007265747 |
|    clip_fraction        | 0.0793      |
|    clip_range           | 0.2         |
|    entropy_loss         | -1.6        |
|    explained_variance   | 0.943       |
|    learning_rate        | 0.0003      |
|    loss                 | -0.0155     |
|    n_updates            | 185         |
|    policy_gradient_loss | -0.00653    |
|    value_loss           | 0.0259      |
-----------------------------------------
------------------------------------------
| rollout/                |              |
|    ep_len_mean          | 104          |
|    ep_rew_mean          | 6.4          |
| time/                   |              |
|    fps                  | 549          |
|    iterations           | 39           |
|    time_elapsed         | 1744         |
|    total_timesteps      | 958464       |
| train/                  |              |
|    approx_kl            | 0.0069238655 |
|    clip_fraction        | 0.0665       |
|    clip_range           | 0.2          |
|    entropy_loss         | -1.56        |
|    explained_variance   | 0.945        |
|    learning_rate        | 0.0003       |
|    loss                 | -0.0112      |
|    n_updates            | 190          |
|    policy_gradient_loss | -0.00529     |
|    value_loss           | 0.0257       |
------------------------------------------
-----------------------------------------
| rollout/                |             |
|    ep_len_mean          | 95.5        |
|    ep_rew_mean          | 6.73        |
| time/                   |             |
|    fps                  | 549         |
|    iterations           | 40          |
|    time_elapsed         | 1789        |
|    total_timesteps      | 983040      |
| train/                  |             |
|    approx_kl            | 0.006337223 |
|    clip_fraction        | 0.066       |
|    clip_range           | 0.2         |
|    entropy_loss         | -1.53       |
|    explained_variance   | 0.948       |
|    learning_rate        | 0.0003      |
|    loss                 | -0.0164     |
|    n_updates            | 195         |
|    policy_gradient_loss | -0.0057     |
|    value_loss           | 0.0244      |
-----------------------------------------
[Checkpoint] Saved at 1000000 steps > /home/runner/work/Disciples2-RL/Disciples2-RL/github_experiments/138/item_train/all_enemies/seed138-item_train-all_enemies-35923202622-1/checkpoints/campaign_ppo_step_1000000.zip
Eval num_timesteps=1000008, det_reward=9.79 +/- 1.72
Episode length: det=61.20 +/- 5.23
Victory rate: det=0.00%
-------------------------------------------------
| eval/                           |             |
|    deterministic_mean_ep_length | 61.2        |
|    deterministic_mean_reward    | 9.79        |
|    deterministic_victory_rate   | 0           |
|    mean_ep_length               | 61.2        |
|    mean_reward                  | 9.79        |
|    victory_rate                 | 0           |
| time/                           |             |
|    total_timesteps              | 1000008     |
| train/                          |             |
|    approx_kl                    | 0.007284449 |
|    clip_fraction                | 0.0674      |
|    clip_range                   | 0.2         |
|    entropy_loss                 | -1.52       |
|    explained_variance           | 0.957       |
|    learning_rate                | 0.0003      |
|    loss                         | -0.0215     |
|    n_updates                    | 200         |
|    policy_gradient_loss         | -0.00546    |
|    value_loss                   | 0.0253      |
-------------------------------------------------
New best model by deterministic victory rate!
---------------------------------
| rollout/           |          |
|    ep_len_mean     | 98.2     |
|    ep_rew_mean     | 6.59     |
| time/              |          |
|    fps             | 548      |
|    iterations      | 41       |
|    time_elapsed    | 1837     |
|    total_timesteps | 1007616  |
---------------------------------
-----------------------------------------
| rollout/                |             |
|    ep_len_mean          | 89.5        |
|    ep_rew_mean          | 6.6         |
| time/                   |             |
|    fps                  | 548         |
|    iterations           | 42          |
|    time_elapsed         | 1882        |
|    total_timesteps      | 1032192     |
| train/                  |             |
|    approx_kl            | 0.006004887 |
|    clip_fraction        | 0.0596      |
|    clip_range           | 0.2         |
|    entropy_loss         | -1.54       |
|    explained_variance   | 0.964       |
|    learning_rate        | 0.0003      |
|    loss                 | -0.0135     |
|    n_updates            | 205         |
|    policy_gradient_loss | -0.00541    |
|    value_loss           | 0.0246      |
-----------------------------------------
-----------------------------------------
| rollout/                |             |
|    ep_len_mean          | 90.7        |
|    ep_rew_mean          | 7.04        |
| time/                   |             |
|    fps                  | 548         |
|    iterations           | 43          |
|    time_elapsed         | 1927        |
|    total_timesteps      | 1056768     |
| train/                  |             |
|    approx_kl            | 0.007553535 |
|    clip_fraction        | 0.0706      |
|    clip_range           | 0.2         |
|    entropy_loss         | -1.46       |
|    explained_variance   | 0.967       |
|    learning_rate        | 0.0003      |
|    loss                 | -0.00503    |
|    n_updates            | 210         |
|    policy_gradient_loss | -0.00614    |
|    value_loss           | 0.0235      |
-----------------------------------------
------------------------------------------
| rollout/                |              |
|    ep_len_mean          | 108          |
|    ep_rew_mean          | 6.22         |
| time/                   |              |
|    fps                  | 548          |
|    iterations           | 44           |
|    time_elapsed         | 1972         |
|    total_timesteps      | 1081344      |
| train/                  |              |
|    approx_kl            | 0.0059423023 |
|    clip_fraction        | 0.0577       |
|    clip_range           | 0.2          |
|    entropy_loss         | -1.46        |
|    explained_variance   | 0.956        |
|    learning_rate        | 0.0003       |
|    loss                 | -0.0108      |
|    n_updates            | 215          |
|    policy_gradient_loss | -0.00501     |
|    value_loss           | 0.0239       |
------------------------------------------
-----------------------------------------
| rollout/                |             |
|    ep_len_mean          | 91.1        |
|    ep_rew_mean          | 7.6         |
| time/                   |             |
|    fps                  | 548         |
|    iterations           | 45          |
|    time_elapsed         | 2016        |
|    total_timesteps      | 1105920     |
| train/                  |             |
|    approx_kl            | 0.007978108 |
|    clip_fraction        | 0.0815      |
|    clip_range           | 0.2         |
|    entropy_loss         | -1.47       |
|    explained_variance   | 0.952       |
|    learning_rate        | 0.0003      |
|    loss                 | -0.0175     |
|    n_updates            | 220         |
|    policy_gradient_loss | -0.00731    |
|    value_loss           | 0.0257      |
-----------------------------------------
-----------------------------------------
| rollout/                |             |
|    ep_len_mean          | 96.2        |
|    ep_rew_mean          | 8           |
| time/                   |             |
|    fps                  | 548         |
|    iterations           | 46          |
|    time_elapsed         | 2061        |
|    total_timesteps      | 1130496     |
| train/                  |             |
|    approx_kl            | 0.006558418 |
|    clip_fraction        | 0.0716      |
|    clip_range           | 0.2         |
|    entropy_loss         | -1.4        |
|    explained_variance   | 0.938       |
|    learning_rate        | 0.0003      |
|    loss                 | -0.00585    |
|    n_updates            | 225         |
|    policy_gradient_loss | -0.0072     |
|    value_loss           | 0.0259      |
-----------------------------------------
------------------------------------------
| rollout/                |              |
|    ep_len_mean          | 95.5         |
|    ep_rew_mean          | 7.76         |
| time/                   |              |
|    fps                  | 548          |
|    iterations           | 47           |
|    time_elapsed         | 2105         |
|    total_timesteps      | 1155072      |
| train/                  |              |
|    approx_kl            | 0.0058670095 |
|    clip_fraction        | 0.0626       |
|    clip_range           | 0.2          |
|    entropy_loss         | -1.4         |
|    explained_variance   | 0.932        |
|    learning_rate        | 0.0003       |
|    loss                 | -0.00695     |
|    n_updates            | 230          |
|    policy_gradient_loss | -0.005       |
|    value_loss           | 0.0296       |
------------------------------------------
-----------------------------------------
| rollout/                |             |
|    ep_len_mean          | 91.3        |
|    ep_rew_mean          | 8.79        |
| time/                   |             |
|    fps                  | 548         |
|    iterations           | 48          |
|    time_elapsed         | 2150        |
|    total_timesteps      | 1179648     |
| train/                  |             |
|    approx_kl            | 0.005315444 |
|    clip_fraction        | 0.0591      |
|    clip_range           | 0.2         |
|    entropy_loss         | -1.36       |
|    explained_variance   | 0.932       |
|    learning_rate        | 0.0003      |
|    loss                 | -0.00129    |
|    n_updates            | 235         |
|    policy_gradient_loss | -0.00584    |
|    value_loss           | 0.0316      |
-----------------------------------------
------------------------------------------
| rollout/                |              |
|    ep_len_mean          | 95.6         |
|    ep_rew_mean          | 8.87         |
| time/                   |              |
|    fps                  | 548          |
|    iterations           | 49           |
|    time_elapsed         | 2193         |
|    total_timesteps      | 1204224      |
| train/                  |              |
|    approx_kl            | 0.0061522233 |
|    clip_fraction        | 0.0577       |
|    clip_range           | 0.2          |
|    entropy_loss         | -1.3         |
|    explained_variance   | 0.924        |
|    learning_rate        | 0.0003       |
|    loss                 | -0.00634     |
|    n_updates            | 240          |
|    policy_gradient_loss | -0.00584     |
|    value_loss           | 0.0344       |
------------------------------------------
------------------------------------------
| rollout/                |              |
|    ep_len_mean          | 85.3         |
|    ep_rew_mean          | 8.43         |
| time/                   |              |
|    fps                  | 549          |
|    iterations           | 50           |
|    time_elapsed         | 2237         |
|    total_timesteps      | 1228800      |
| train/                  |              |
|    approx_kl            | 0.0061846175 |
|    clip_fraction        | 0.0693       |
|    clip_range           | 0.2          |
|    entropy_loss         | -1.3         |
|    explained_variance   | 0.918        |
|    learning_rate        | 0.0003       |
|    loss                 | -0.00677     |
|    n_updates            | 245          |
|    policy_gradient_loss | -0.00561     |
|    value_loss           | 0.0376       |
------------------------------------------
----------------------------------------
| rollout/                |            |
|    ep_len_mean          | 88.8       |
|    ep_rew_mean          | 9.78       |
| time/                   |            |
|    fps                  | 549        |
|    iterations           | 51         |
|    time_elapsed         | 2281       |
|    total_timesteps      | 1253376    |
| train/                  |            |
|    approx_kl            | 0.00586275 |
|    clip_fraction        | 0.0628     |
|    clip_range           | 0.2        |
|    entropy_loss         | -1.25      |
|    explained_variance   | 0.911      |
|    learning_rate        | 0.0003     |
|    loss                 | -0.00885   |
|    n_updates            | 250        |
|    policy_gradient_loss | -0.00565   |
|    value_loss           | 0.042      |
----------------------------------------
------------------------------------------
| rollout/                |              |
|    ep_len_mean          | 86.4         |
|    ep_rew_mean          | 9.66         |
| time/                   |              |
|    fps                  | 549          |
|    iterations           | 52           |
|    time_elapsed         | 2326         |
|    total_timesteps      | 1277952      |
| train/                  |              |
|    approx_kl            | 0.0074189305 |
|    clip_fraction        | 0.0749       |
|    clip_range           | 0.2          |
|    entropy_loss         | -1.28        |
|    explained_variance   | 0.907        |
|    learning_rate        | 0.0003       |
|    loss                 | -0.00213     |
|    n_updates            | 255          |
|    policy_gradient_loss | -0.00586     |
|    value_loss           | 0.0437       |
------------------------------------------
-----------------------------------------
| rollout/                |             |
|    ep_len_mean          | 85.3        |
|    ep_rew_mean          | 11          |
| time/                   |             |
|    fps                  | 549         |
|    iterations           | 53          |
|    time_elapsed         | 2370        |
|    total_timesteps      | 1302528     |
| train/                  |             |
|    approx_kl            | 0.006608306 |
|    clip_fraction        | 0.0614      |
|    clip_range           | 0.2         |
|    entropy_loss         | -1.24       |
|    explained_variance   | 0.913       |
|    learning_rate        | 0.0003      |
|    loss                 | 0.00411     |
|    n_updates            | 260         |
|    policy_gradient_loss | -0.0051     |
|    value_loss           | 0.0433      |
-----------------------------------------
------------------------------------------
| rollout/                |              |
|    ep_len_mean          | 89.3         |
|    ep_rew_mean          | 11.4         |
| time/                   |              |
|    fps                  | 549          |
|    iterations           | 54           |
|    time_elapsed         | 2414         |
|    total_timesteps      | 1327104      |
| train/                  |              |
|    approx_kl            | 0.0058158967 |
|    clip_fraction        | 0.061        |
|    clip_range           | 0.2          |
|    entropy_loss         | -1.23        |
|    explained_variance   | 0.908        |
|    learning_rate        | 0.0003       |
|    loss                 | 0.0142       |
|    n_updates            | 265          |
|    policy_gradient_loss | -0.00576     |
|    value_loss           | 0.0494       |
------------------------------------------
-----------------------------------------
| rollout/                |             |
|    ep_len_mean          | 84.9        |
|    ep_rew_mean          | 11.5        |
| time/                   |             |
|    fps                  | 549         |
|    iterations           | 55          |
|    time_elapsed         | 2458        |
|    total_timesteps      | 1351680     |
| train/                  |             |
|    approx_kl            | 0.005884388 |
|    clip_fraction        | 0.0607      |
|    clip_range           | 0.2         |
|    entropy_loss         | -1.2        |
|    explained_variance   | 0.897       |
|    learning_rate        | 0.0003      |
|    loss                 | -0.00145    |
|    n_updates            | 270         |
|    policy_gradient_loss | -0.00506    |
|    value_loss           | 0.0545      |
-----------------------------------------
------------------------------------------
| rollout/                |              |
|    ep_len_mean          | 87.5         |
|    ep_rew_mean          | 11.2         |
| time/                   |              |
|    fps                  | 550          |
|    iterations           | 56           |
|    time_elapsed         | 2501         |
|    total_timesteps      | 1376256      |
| train/                  |              |
|    approx_kl            | 0.0052307225 |
|    clip_fraction        | 0.053        |
|    clip_range           | 0.2          |
|    entropy_loss         | -1.17        |
|    explained_variance   | 0.901        |
|    learning_rate        | 0.0003       |
|    loss                 | -0.000539    |
|    n_updates            | 275          |
|    policy_gradient_loss | -0.00387     |
|    value_loss           | 0.0541       |
------------------------------------------
----------------------------------------
| rollout/                |            |
|    ep_len_mean          | 92.3       |
|    ep_rew_mean          | 10.3       |
| time/                   |            |
|    fps                  | 550        |
|    iterations           | 57         |
|    time_elapsed         | 2545       |
|    total_timesteps      | 1400832    |
| train/                  |            |
|    approx_kl            | 0.00641269 |
|    clip_fraction        | 0.0639     |
|    clip_range           | 0.2        |
|    entropy_loss         | -1.19      |
|    explained_variance   | 0.911      |
|    learning_rate        | 0.0003     |
|    loss                 | 0.00309    |
|    n_updates            | 280        |
|    policy_gradient_loss | -0.00464   |
|    value_loss           | 0.05       |
----------------------------------------
-----------------------------------------
| rollout/                |             |
|    ep_len_mean          | 94.9        |
|    ep_rew_mean          | 11.9        |
| time/                   |             |
|    fps                  | 550         |
|    iterations           | 58          |
|    time_elapsed         | 2587        |
|    total_timesteps      | 1425408     |
| train/                  |             |
|    approx_kl            | 0.006218392 |
|    clip_fraction        | 0.0672      |
|    clip_range           | 0.2         |
|    entropy_loss         | -1.21       |
|    explained_variance   | 0.92        |
|    learning_rate        | 0.0003      |
|    loss                 | 0.0115      |
|    n_updates            | 285         |
|    policy_gradient_loss | -0.0047     |
|    value_loss           | 0.0501      |
-----------------------------------------
-----------------------------------------
| rollout/                |             |
|    ep_len_mean          | 135         |
|    ep_rew_mean          | 4.95        |
| time/                   |             |
|    fps                  | 551         |
|    iterations           | 59          |
|    time_elapsed         | 2630        |
|    total_timesteps      | 1449984     |
| train/                  |             |
|    approx_kl            | 0.012068726 |
|    clip_fraction        | 0.062       |
|    clip_range           | 0.2         |
|    entropy_loss         | -1.18       |
|    explained_variance   | 0.925       |
|    learning_rate        | 0.0003      |
|    loss                 | 0.028       |
|    n_updates            | 290         |
|    policy_gradient_loss | -0.00473    |
|    value_loss           | 0.0502      |
-----------------------------------------
-----------------------------------------
| rollout/                |             |
|    ep_len_mean          | 86          |
|    ep_rew_mean          | 12.1        |
| time/                   |             |
|    fps                  | 551         |
|    iterations           | 60          |
|    time_elapsed         | 2674        |
|    total_timesteps      | 1474560     |
| train/                  |             |
|    approx_kl            | 0.008970451 |
|    clip_fraction        | 0.0746      |
|    clip_range           | 0.2         |
|    entropy_loss         | -1.14       |
|    explained_variance   | 0.918       |
|    learning_rate        | 0.0003      |
|    loss                 | -0.00691    |
|    n_updates            | 295         |
|    policy_gradient_loss | -0.00497    |
|    value_loss           | 0.0535      |
-----------------------------------------
-----------------------------------------
| rollout/                |             |
|    ep_len_mean          | 82.8        |
|    ep_rew_mean          | 12.4        |
| time/                   |             |
|    fps                  | 551         |
|    iterations           | 61          |
|    time_elapsed         | 2718        |
|    total_timesteps      | 1499136     |
| train/                  |             |
|    approx_kl            | 0.006033122 |
|    clip_fraction        | 0.067       |
|    clip_range           | 0.2         |
|    entropy_loss         | -1.14       |
|    explained_variance   | 0.926       |
|    learning_rate        | 0.0003      |
|    loss                 | 7.77e-05    |
|    n_updates            | 300         |
|    policy_gradient_loss | -0.00516    |
|    value_loss           | 0.0495      |
-----------------------------------------
[Checkpoint] Saved at 1500000 steps > /home/runner/work/Disciples2-RL/Disciples2-RL/github_experiments/138/item_train/all_enemies/seed138-item_train-all_enemies-35923202622-1/checkpoints/campaign_ppo_step_1500000.zip
------------------------------------------
| rollout/                |              |
|    ep_len_mean          | 95.3         |
|    ep_rew_mean          | 12.3         |
| time/                   |              |
|    fps                  | 551          |
|    iterations           | 62           |
|    time_elapsed         | 2762         |
|    total_timesteps      | 1523712      |
| train/                  |              |
|    approx_kl            | 0.0067604743 |
|    clip_fraction        | 0.07         |
|    clip_range           | 0.2          |
|    entropy_loss         | -1.08        |
|    explained_variance   | 0.913        |
|    learning_rate        | 0.0003       |
|    loss                 | 0.0111       |
|    n_updates            | 305          |
|    policy_gradient_loss | -0.00319     |
|    value_loss           | 0.0508       |
------------------------------------------
VecNormalize stats saved: /home/runner/work/Disciples2-RL/Disciples2-RL/github_experiments/138/item_train/all_enemies/seed138-item_train-all_enemies-35923202622-1/models/vecnormalize.pkl

Финальная модель сохранена: /home/runner/work/Disciples2-RL/Disciples2-RL/github_experiments/138/item_train/all_enemies/seed138-item_train-all_enemies-35923202622-1/models/final_model.zip

============================================================
ИТОГИ ОБУЧЕНИЯ:
  Побед: 0
  Поражений: 12227
  Таймаутов: 15
  Побед бота столицы над врагами: 0
  Перестановок юнитов: 315771
  Терминальные поражения по противникам:
    enemy_1: 4784 — Король гномов впереди и Арбалетчик позади
    enemy_2: 4388 — Оживший доспех
    enemy_3: 3055 — Два диких кентавра
  Winrate: 0.0%
============================================================
  График призывов за эпизод: /home/runner/work/Disciples2-RL/Disciples2-RL/github_experiments/138/item_train/all_enemies/seed138-item_train-all_enemies-35923202622-1/plots/campaign_summoned_units_per_episode.png
  График призывов за всё обучение: /home/runner/work/Disciples2-RL/Disciples2-RL/github_experiments/138/item_train/all_enemies/seed138-item_train-all_enemies-35923202622-1/plots/campaign_summoned_units_cumulative.png
  График найма за эпизод: /home/runner/work/Disciples2-RL/Disciples2-RL/github_experiments/138/item_train/all_enemies/seed138-item_train-all_enemies-35923202622-1/plots/campaign_hired_units_per_episode.png
  График найма за всё обучение: /home/runner/work/Disciples2-RL/Disciples2-RL/github_experiments/138/item_train/all_enemies/seed138-item_train-all_enemies-35923202622-1/plots/campaign_hired_units_cumulative.png
  График перестановок юнитов за эпизод: /home/runner/work/Disciples2-RL/Disciples2-RL/github_experiments/138/item_train/all_enemies/seed138-item_train-all_enemies-35923202622-1/plots/campaign_unit_swaps_per_episode.png
  График боевых предметов: /home/runner/work/Disciples2-RL/Disciples2-RL/github_experiments/138/item_train/all_enemies/seed138-item_train-all_enemies-35923202622-1/plots/campaign_battle_item_activity.png
  График побед бота столицы за эпизод: /home/runner/work/Disciples2-RL/Disciples2-RL/github_experiments/138/item_train/all_enemies/seed138-item_train-all_enemies-35923202622-1/plots/campaign_scripted_bot_victories_per_episode.png
  График применения заклинаний: /home/runner/work/Disciples2-RL/Disciples2-RL/github_experiments/138/item_train/all_enemies/seed138-item_train-all_enemies-35923202622-1/plots/campaign_spell_cast_activity.png
