Проверка среды CampaignEnv...
Среда прошла проверку!
[INFO] Comet disabled, running without experiment tracking
Создание 12 параллельных сред (subproc)...
Инициализация MaskablePPO...
Using cpu device

============================================================
Запуск обучения Campaign Agent
Всего шагов: 1,000,000
Параллельных сред: 12
VecEnv: subproc
VecEnv start method: forkserver
Seed: 126
Checkpoint каждые: 500,000 шагов
Evaluation каждые: 83,334 шагов
Eval deterministic эпизодов: 20
Eval stochastic эпизодов: 0
Eval лимит шагов на эпизод: 5000
Campaign map: super_last_stand
Campaign objective: waves
System resources at training start:
  Platform: Linux 6.17.0-1020-azure (x86_64)
  Python: 3.14.6
  PyTorch: 2.13.0+cpu
  Training device: cpu
  CPU model: AMD EPYC 9V74 80-Core Processor
  CPU vendor: AuthenticAMD
  Logical CPUs visible: 4
  Process CPU affinity: 4
  Sockets: 1
  Cores per socket: 2
  Threads per core: 2
  CPU max MHz: unknown
  CPU min MHz: unknown
  L1d cache: 64 KiB (2 instances)
  L1i cache: 64 KiB (2 instances)
  L2 cache: 2 MiB (2 instances)
  L3 cache: 32 MiB (1 instance)
  Virtualization: AMD-V
  Hypervisor: Microsoft
  RAM total: 15.61 GiB
  RAM available at start: 13.91 GiB
  Disk total: 144.26 GiB
  Disk free at start: 80.79 GiB
  Torch intra-op threads: 4
  Torch inter-op threads: 2
  OMP_NUM_THREADS: 4
  MKL_NUM_THREADS: 4
  OPENBLAS_NUM_THREADS: 4
  GitHub runner OS: Linux
  GitHub runner architecture: X64
  GitHub runner environment: github-hosted
PPO n_steps: 2,048
PPO batch_size: 512
PPO n_epochs: 5
PPO learning_rate: 0.0003
PPO clip_range: 0.2
PPO ent_coef: 0.01
PPO gamma: 0.995
PPO gae_lambda: 0.95
PPO target_kl: disabled
PPO gradient batches per rollout: 240
VecCheckNan: disabled
Freeze action layout: enabled
Empire territory: enabled
Torch threads per process: 4
Diagnostics: disabled
Wall-clock training limit: disabled
Run ID: seed126-super_last_stand-waves-31510983031-1
============================================================

Logging to /home/runner/work/Disciples2-RL/Disciples2-RL/github_experiments/126/super_last_stand/waves/seed126-super_last_stand-waves-31510983031-1/tensorboard/MaskablePPO_1
---------------------------------
| rollout/           |          |
|    ep_len_mean     | 424      |
|    ep_rew_mean     | 10.2     |
| time/              |          |
|    fps             | 424      |
|    iterations      | 1        |
|    time_elapsed    | 57       |
|    total_timesteps | 24576    |
---------------------------------
-----------------------------------------
| rollout/                |             |
|    ep_len_mean          | 353         |
|    ep_rew_mean          | 17.3        |
| time/                   |             |
|    fps                  | 395         |
|    iterations           | 2           |
|    time_elapsed         | 124         |
|    total_timesteps      | 49152       |
| train/                  |             |
|    approx_kl            | 0.009603857 |
|    clip_fraction        | 0.0775      |
|    clip_range           | 0.2         |
|    entropy_loss         | -2.35       |
|    explained_variance   | 0.176       |
|    learning_rate        | 0.0003      |
|    loss                 | -0.0153     |
|    n_updates            | 5           |
|    policy_gradient_loss | -0.00921    |
|    value_loss           | 0.0525      |
-----------------------------------------
-----------------------------------------
| rollout/                |             |
|    ep_len_mean          | 251         |
|    ep_rew_mean          | 20.8        |
| time/                   |             |
|    fps                  | 393         |
|    iterations           | 3           |
|    time_elapsed         | 187         |
|    total_timesteps      | 73728       |
| train/                  |             |
|    approx_kl            | 0.009677208 |
|    clip_fraction        | 0.0902      |
|    clip_range           | 0.2         |
|    entropy_loss         | -2.37       |
|    explained_variance   | 0.497       |
|    learning_rate        | 0.0003      |
|    loss                 | -0.00534    |
|    n_updates            | 10          |
|    policy_gradient_loss | -0.0112     |
|    value_loss           | 0.0465      |
-----------------------------------------
-----------------------------------------
| rollout/                |             |
|    ep_len_mean          | 295         |
|    ep_rew_mean          | 42.5        |
| time/                   |             |
|    fps                  | 394         |
|    iterations           | 4           |
|    time_elapsed         | 249         |
|    total_timesteps      | 98304       |
| train/                  |             |
|    approx_kl            | 0.010008903 |
|    clip_fraction        | 0.0938      |
|    clip_range           | 0.2         |
|    entropy_loss         | -2.36       |
|    explained_variance   | 0.523       |
|    learning_rate        | 0.0003      |
|    loss                 | -0.0061     |
|    n_updates            | 15          |
|    policy_gradient_loss | -0.011      |
|    value_loss           | 0.0596      |
-----------------------------------------
-----------------------------------------
| rollout/                |             |
|    ep_len_mean          | 333         |
|    ep_rew_mean          | 51.5        |
| time/                   |             |
|    fps                  | 394         |
|    iterations           | 5           |
|    time_elapsed         | 311         |
|    total_timesteps      | 122880      |
| train/                  |             |
|    approx_kl            | 0.010091139 |
|    clip_fraction        | 0.112       |
|    clip_range           | 0.2         |
|    entropy_loss         | -2.38       |
|    explained_variance   | 0.668       |
|    learning_rate        | 0.0003      |
|    loss                 | -0.0204     |
|    n_updates            | 20          |
|    policy_gradient_loss | -0.014      |
|    value_loss           | 0.0505      |
-----------------------------------------
-----------------------------------------
| rollout/                |             |
|    ep_len_mean          | 321         |
|    ep_rew_mean          | 54.1        |
| time/                   |             |
|    fps                  | 393         |
|    iterations           | 6           |
|    time_elapsed         | 374         |
|    total_timesteps      | 147456      |
| train/                  |             |
|    approx_kl            | 0.008459596 |
|    clip_fraction        | 0.0955      |
|    clip_range           | 0.2         |
|    entropy_loss         | -2.32       |
|    explained_variance   | 0.722       |
|    learning_rate        | 0.0003      |
|    loss                 | -0.0354     |
|    n_updates            | 25          |
|    policy_gradient_loss | -0.0111     |
|    value_loss           | 0.0457      |
-----------------------------------------
-----------------------------------------
| rollout/                |             |
|    ep_len_mean          | 308         |
|    ep_rew_mean          | 65.6        |
| time/                   |             |
|    fps                  | 393         |
|    iterations           | 7           |
|    time_elapsed         | 437         |
|    total_timesteps      | 172032      |
| train/                  |             |
|    approx_kl            | 0.009918358 |
|    clip_fraction        | 0.107       |
|    clip_range           | 0.2         |
|    entropy_loss         | -2.31       |
|    explained_variance   | 0.72        |
|    learning_rate        | 0.0003      |
|    loss                 | -0.016      |
|    n_updates            | 30          |
|    policy_gradient_loss | -0.0118     |
|    value_loss           | 0.0584      |
-----------------------------------------
-----------------------------------------
| rollout/                |             |
|    ep_len_mean          | 319         |
|    ep_rew_mean          | 80.6        |
| time/                   |             |
|    fps                  | 391         |
|    iterations           | 8           |
|    time_elapsed         | 502         |
|    total_timesteps      | 196608      |
| train/                  |             |
|    approx_kl            | 0.009820905 |
|    clip_fraction        | 0.103       |
|    clip_range           | 0.2         |
|    entropy_loss         | -2.31       |
|    explained_variance   | 0.751       |
|    learning_rate        | 0.0003      |
|    loss                 | -0.0164     |
|    n_updates            | 35          |
|    policy_gradient_loss | -0.0114     |
|    value_loss           | 0.0523      |
-----------------------------------------
-----------------------------------------
| rollout/                |             |
|    ep_len_mean          | 334         |
|    ep_rew_mean          | 90.4        |
| time/                   |             |
|    fps                  | 390         |
|    iterations           | 9           |
|    time_elapsed         | 565         |
|    total_timesteps      | 221184      |
| train/                  |             |
|    approx_kl            | 0.010570797 |
|    clip_fraction        | 0.11        |
|    clip_range           | 0.2         |
|    entropy_loss         | -2.3        |
|    explained_variance   | 0.781       |
|    learning_rate        | 0.0003      |
|    loss                 | -0.0103     |
|    n_updates            | 40          |
|    policy_gradient_loss | -0.0113     |
|    value_loss           | 0.0567      |
-----------------------------------------
----------------------------------------
| rollout/                |            |
|    ep_len_mean          | 364        |
|    ep_rew_mean          | 109        |
| time/                   |            |
|    fps                  | 389        |
|    iterations           | 10         |
|    time_elapsed         | 630        |
|    total_timesteps      | 245760     |
| train/                  |            |
|    approx_kl            | 0.00984501 |
|    clip_fraction        | 0.102      |
|    clip_range           | 0.2        |
|    entropy_loss         | -2.29      |
|    explained_variance   | 0.797      |
|    learning_rate        | 0.0003     |
|    loss                 | -0.0169    |
|    n_updates            | 45         |
|    policy_gradient_loss | -0.0105    |
|    value_loss           | 0.0506     |
----------------------------------------
------------------------------------------
| rollout/                |              |
|    ep_len_mean          | 361          |
|    ep_rew_mean          | 116          |
| time/                   |              |
|    fps                  | 388          |
|    iterations           | 11           |
|    time_elapsed         | 696          |
|    total_timesteps      | 270336       |
| train/                  |              |
|    approx_kl            | 0.0095755635 |
|    clip_fraction        | 0.0946       |
|    clip_range           | 0.2          |
|    entropy_loss         | -2.28        |
|    explained_variance   | 0.817        |
|    learning_rate        | 0.0003       |
|    loss                 | -0.00088     |
|    n_updates            | 50           |
|    policy_gradient_loss | -0.00978     |
|    value_loss           | 0.0538       |
------------------------------------------
-----------------------------------------
| rollout/                |             |
|    ep_len_mean          | 370         |
|    ep_rew_mean          | 123         |
| time/                   |             |
|    fps                  | 387         |
|    iterations           | 12          |
|    time_elapsed         | 761         |
|    total_timesteps      | 294912      |
| train/                  |             |
|    approx_kl            | 0.010277077 |
|    clip_fraction        | 0.103       |
|    clip_range           | 0.2         |
|    entropy_loss         | -2.21       |
|    explained_variance   | 0.838       |
|    learning_rate        | 0.0003      |
|    loss                 | -0.0164     |
|    n_updates            | 55          |
|    policy_gradient_loss | -0.0112     |
|    value_loss           | 0.0536      |
-----------------------------------------
-----------------------------------------
| rollout/                |             |
|    ep_len_mean          | 387         |
|    ep_rew_mean          | 136         |
| time/                   |             |
|    fps                  | 385         |
|    iterations           | 13          |
|    time_elapsed         | 828         |
|    total_timesteps      | 319488      |
| train/                  |             |
|    approx_kl            | 0.009809143 |
|    clip_fraction        | 0.0986      |
|    clip_range           | 0.2         |
|    entropy_loss         | -2.18       |
|    explained_variance   | 0.864       |
|    learning_rate        | 0.0003      |
|    loss                 | -0.0212     |
|    n_updates            | 60          |
|    policy_gradient_loss | -0.00954    |
|    value_loss           | 0.0528      |
-----------------------------------------
-----------------------------------------
| rollout/                |             |
|    ep_len_mean          | 388         |
|    ep_rew_mean          | 139         |
| time/                   |             |
|    fps                  | 385         |
|    iterations           | 14          |
|    time_elapsed         | 893         |
|    total_timesteps      | 344064      |
| train/                  |             |
|    approx_kl            | 0.008975734 |
|    clip_fraction        | 0.0965      |
|    clip_range           | 0.2         |
|    entropy_loss         | -2.13       |
|    explained_variance   | 0.897       |
|    learning_rate        | 0.0003      |
|    loss                 | -0.013      |
|    n_updates            | 65          |
|    policy_gradient_loss | -0.00933    |
|    value_loss           | 0.0443      |
-----------------------------------------
-----------------------------------------
| rollout/                |             |
|    ep_len_mean          | 371         |
|    ep_rew_mean          | 137         |
| time/                   |             |
|    fps                  | 385         |
|    iterations           | 15          |
|    time_elapsed         | 956         |
|    total_timesteps      | 368640      |
| train/                  |             |
|    approx_kl            | 0.008201327 |
|    clip_fraction        | 0.067       |
|    clip_range           | 0.2         |
|    entropy_loss         | -2.1        |
|    explained_variance   | 0.898       |
|    learning_rate        | 0.0003      |
|    loss                 | -0.0161     |
|    n_updates            | 70          |
|    policy_gradient_loss | -0.00641    |
|    value_loss           | 0.0459      |
-----------------------------------------
-----------------------------------------
| rollout/                |             |
|    ep_len_mean          | 362         |
|    ep_rew_mean          | 146         |
| time/                   |             |
|    fps                  | 384         |
|    iterations           | 16          |
|    time_elapsed         | 1022        |
|    total_timesteps      | 393216      |
| train/                  |             |
|    approx_kl            | 0.007340258 |
|    clip_fraction        | 0.0623      |
|    clip_range           | 0.2         |
|    entropy_loss         | -2.03       |
|    explained_variance   | 0.912       |
|    learning_rate        | 0.0003      |
|    loss                 | -0.00488    |
|    n_updates            | 75          |
|    policy_gradient_loss | -0.00707    |
|    value_loss           | 0.0429      |
-----------------------------------------
-----------------------------------------
| rollout/                |             |
|    ep_len_mean          | 332         |
|    ep_rew_mean          | 150         |
| time/                   |             |
|    fps                  | 384         |
|    iterations           | 17          |
|    time_elapsed         | 1086        |
|    total_timesteps      | 417792      |
| train/                  |             |
|    approx_kl            | 0.008700768 |
|    clip_fraction        | 0.0793      |
|    clip_range           | 0.2         |
|    entropy_loss         | -1.98       |
|    explained_variance   | 0.918       |
|    learning_rate        | 0.0003      |
|    loss                 | -0.0151     |
|    n_updates            | 80          |
|    policy_gradient_loss | -0.00829    |
|    value_loss           | 0.0457      |
-----------------------------------------
-----------------------------------------
| rollout/                |             |
|    ep_len_mean          | 318         |
|    ep_rew_mean          | 142         |
| time/                   |             |
|    fps                  | 384         |
|    iterations           | 18          |
|    time_elapsed         | 1150        |
|    total_timesteps      | 442368      |
| train/                  |             |
|    approx_kl            | 0.006263401 |
|    clip_fraction        | 0.0522      |
|    clip_range           | 0.2         |
|    entropy_loss         | -1.96       |
|    explained_variance   | 0.92        |
|    learning_rate        | 0.0003      |
|    loss                 | -0.00933    |
|    n_updates            | 85          |
|    policy_gradient_loss | -0.00573    |
|    value_loss           | 0.0468      |
-----------------------------------------
------------------------------------------
| rollout/                |              |
|    ep_len_mean          | 330          |
|    ep_rew_mean          | 148          |
| time/                   |              |
|    fps                  | 384          |
|    iterations           | 19           |
|    time_elapsed         | 1214         |
|    total_timesteps      | 466944       |
| train/                  |              |
|    approx_kl            | 0.0075866706 |
|    clip_fraction        | 0.0678       |
|    clip_range           | 0.2          |
|    entropy_loss         | -1.94        |
|    explained_variance   | 0.924        |
|    learning_rate        | 0.0003       |
|    loss                 | -0.00434     |
|    n_updates            | 90           |
|    policy_gradient_loss | -0.00749     |
|    value_loss           | 0.0505       |
------------------------------------------
-----------------------------------------
| rollout/                |             |
|    ep_len_mean          | 347         |
|    ep_rew_mean          | 153         |
| time/                   |             |
|    fps                  | 384         |
|    iterations           | 20          |
|    time_elapsed         | 1278        |
|    total_timesteps      | 491520      |
| train/                  |             |
|    approx_kl            | 0.007829853 |
|    clip_fraction        | 0.0615      |
|    clip_range           | 0.2         |
|    entropy_loss         | -1.9        |
|    explained_variance   | 0.912       |
|    learning_rate        | 0.0003      |
|    loss                 | -0.00491    |
|    n_updates            | 95          |
|    policy_gradient_loss | -0.00613    |
|    value_loss           | 0.0529      |
-----------------------------------------
[Checkpoint] Saved at 500000 steps > /home/runner/work/Disciples2-RL/Disciples2-RL/github_experiments/126/super_last_stand/waves/seed126-super_last_stand-waves-31510983031-1/checkpoints/campaign_ppo_step_500000.zip
-----------------------------------------
| rollout/                |             |
|    ep_len_mean          | 325         |
|    ep_rew_mean          | 148         |
| time/                   |             |
|    fps                  | 383         |
|    iterations           | 21          |
|    time_elapsed         | 1344        |
|    total_timesteps      | 516096      |
| train/                  |             |
|    approx_kl            | 0.007902927 |
|    clip_fraction        | 0.0703      |
|    clip_range           | 0.2         |
|    entropy_loss         | -1.89       |
|    explained_variance   | 0.919       |
|    learning_rate        | 0.0003      |
|    loss                 | -0.0095     |
|    n_updates            | 100         |
|    policy_gradient_loss | -0.0066     |
|    value_loss           | 0.0534      |
-----------------------------------------
------------------------------------------
| rollout/                |              |
|    ep_len_mean          | 321          |
|    ep_rew_mean          | 154          |
| time/                   |              |
|    fps                  | 384          |
|    iterations           | 22           |
|    time_elapsed         | 1407         |
|    total_timesteps      | 540672       |
| train/                  |              |
|    approx_kl            | 0.0068742926 |
|    clip_fraction        | 0.0597       |
|    clip_range           | 0.2          |
|    entropy_loss         | -1.86        |
|    explained_variance   | 0.936        |
|    learning_rate        | 0.0003       |
|    loss                 | -0.00632     |
|    n_updates            | 105          |
|    policy_gradient_loss | -0.00588     |
|    value_loss           | 0.0429       |
------------------------------------------
------------------------------------------
| rollout/                |              |
|    ep_len_mean          | 319          |
|    ep_rew_mean          | 156          |
| time/                   |              |
|    fps                  | 384          |
|    iterations           | 23           |
|    time_elapsed         | 1468         |
|    total_timesteps      | 565248       |
| train/                  |              |
|    approx_kl            | 0.0061869067 |
|    clip_fraction        | 0.0593       |
|    clip_range           | 0.2          |
|    entropy_loss         | -1.82        |
|    explained_variance   | 0.942        |
|    learning_rate        | 0.0003       |
|    loss                 | -0.0153      |
|    n_updates            | 110          |
|    policy_gradient_loss | -0.00604     |
|    value_loss           | 0.0388       |
------------------------------------------
-----------------------------------------
| rollout/                |             |
|    ep_len_mean          | 316         |
|    ep_rew_mean          | 158         |
| time/                   |             |
|    fps                  | 385         |
|    iterations           | 24          |
|    time_elapsed         | 1529        |
|    total_timesteps      | 589824      |
| train/                  |             |
|    approx_kl            | 0.008121926 |
|    clip_fraction        | 0.0751      |
|    clip_range           | 0.2         |
|    entropy_loss         | -1.86       |
|    explained_variance   | 0.956       |
|    learning_rate        | 0.0003      |
|    loss                 | -0.0133     |
|    n_updates            | 115         |
|    policy_gradient_loss | -0.00637    |
|    value_loss           | 0.0392      |
-----------------------------------------
-----------------------------------------
| rollout/                |             |
|    ep_len_mean          | 378         |
|    ep_rew_mean          | 150         |
| time/                   |             |
|    fps                  | 385         |
|    iterations           | 25          |
|    time_elapsed         | 1592        |
|    total_timesteps      | 614400      |
| train/                  |             |
|    approx_kl            | 0.010075559 |
|    clip_fraction        | 0.061       |
|    clip_range           | 0.2         |
|    entropy_loss         | -1.83       |
|    explained_variance   | 0.952       |
|    learning_rate        | 0.0003      |
|    loss                 | -0.00843    |
|    n_updates            | 120         |
|    policy_gradient_loss | -0.0056     |
|    value_loss           | 0.0459      |
-----------------------------------------
------------------------------------------
| rollout/                |              |
|    ep_len_mean          | 328          |
|    ep_rew_mean          | 162          |
| time/                   |              |
|    fps                  | 385          |
|    iterations           | 26           |
|    time_elapsed         | 1657         |
|    total_timesteps      | 638976       |
| train/                  |              |
|    approx_kl            | 0.0070200735 |
|    clip_fraction        | 0.0634       |
|    clip_range           | 0.2          |
|    entropy_loss         | -1.79        |
|    explained_variance   | 0.944        |
|    learning_rate        | 0.0003       |
|    loss                 | -0.00946     |
|    n_updates            | 125          |
|    policy_gradient_loss | -0.00617     |
|    value_loss           | 0.0415       |
------------------------------------------
-----------------------------------------
| rollout/                |             |
|    ep_len_mean          | 331         |
|    ep_rew_mean          | 162         |
| time/                   |             |
|    fps                  | 385         |
|    iterations           | 27          |
|    time_elapsed         | 1719        |
|    total_timesteps      | 663552      |
| train/                  |             |
|    approx_kl            | 0.006861107 |
|    clip_fraction        | 0.0665      |
|    clip_range           | 0.2         |
|    entropy_loss         | -1.76       |
|    explained_variance   | 0.951       |
|    learning_rate        | 0.0003      |
|    loss                 | -0.00864    |
|    n_updates            | 130         |
|    policy_gradient_loss | -0.00577    |
|    value_loss           | 0.0339      |
-----------------------------------------
------------------------------------------
| rollout/                |              |
|    ep_len_mean          | 319          |
|    ep_rew_mean          | 157          |
| time/                   |              |
|    fps                  | 386          |
|    iterations           | 28           |
|    time_elapsed         | 1780         |
|    total_timesteps      | 688128       |
| train/                  |              |
|    approx_kl            | 0.0061000832 |
|    clip_fraction        | 0.0541       |
|    clip_range           | 0.2          |
|    entropy_loss         | -1.81        |
|    explained_variance   | 0.961        |
|    learning_rate        | 0.0003       |
|    loss                 | -0.019       |
|    n_updates            | 135          |
|    policy_gradient_loss | -0.00519     |
|    value_loss           | 0.029        |
------------------------------------------
------------------------------------------
| rollout/                |              |
|    ep_len_mean          | 365          |
|    ep_rew_mean          | 151          |
| time/                   |              |
|    fps                  | 386          |
|    iterations           | 29           |
|    time_elapsed         | 1842         |
|    total_timesteps      | 712704       |
| train/                  |              |
|    approx_kl            | 0.0077930703 |
|    clip_fraction        | 0.0785       |
|    clip_range           | 0.2          |
|    entropy_loss         | -1.84        |
|    explained_variance   | 0.955        |
|    learning_rate        | 0.0003       |
|    loss                 | -0.0117      |
|    n_updates            | 140          |
|    policy_gradient_loss | -0.00619     |
|    value_loss           | 0.0442       |
------------------------------------------
-----------------------------------------
| rollout/                |             |
|    ep_len_mean          | 417         |
|    ep_rew_mean          | 145         |
| time/                   |             |
|    fps                  | 386         |
|    iterations           | 30          |
|    time_elapsed         | 1909        |
|    total_timesteps      | 737280      |
| train/                  |             |
|    approx_kl            | 0.007293439 |
|    clip_fraction        | 0.0531      |
|    clip_range           | 0.2         |
|    entropy_loss         | -1.83       |
|    explained_variance   | 0.962       |
|    learning_rate        | 0.0003      |
|    loss                 | -0.0105     |
|    n_updates            | 145         |
|    policy_gradient_loss | -0.00553    |
|    value_loss           | 0.0344      |
-----------------------------------------
------------------------------------------
| rollout/                |              |
|    ep_len_mean          | 306          |
|    ep_rew_mean          | 166          |
| time/                   |              |
|    fps                  | 385          |
|    iterations           | 31           |
|    time_elapsed         | 1977         |
|    total_timesteps      | 761856       |
| train/                  |              |
|    approx_kl            | 0.0064810477 |
|    clip_fraction        | 0.057        |
|    clip_range           | 0.2          |
|    entropy_loss         | -1.78        |
|    explained_variance   | 0.953        |
|    learning_rate        | 0.0003       |
|    loss                 | -0.0152      |
|    n_updates            | 150          |
|    policy_gradient_loss | -0.00487     |
|    value_loss           | 0.0353       |
------------------------------------------
------------------------------------------
| rollout/                |              |
|    ep_len_mean          | 331          |
|    ep_rew_mean          | 169          |
| time/                   |              |
|    fps                  | 384          |
|    iterations           | 32           |
|    time_elapsed         | 2043         |
|    total_timesteps      | 786432       |
| train/                  |              |
|    approx_kl            | 0.0071449555 |
|    clip_fraction        | 0.0619       |
|    clip_range           | 0.2          |
|    entropy_loss         | -1.74        |
|    explained_variance   | 0.94         |
|    learning_rate        | 0.0003       |
|    loss                 | -0.00186     |
|    n_updates            | 155          |
|    policy_gradient_loss | -0.00536     |
|    value_loss           | 0.0382       |
------------------------------------------
------------------------------------------
| rollout/                |              |
|    ep_len_mean          | 324          |
|    ep_rew_mean          | 167          |
| time/                   |              |
|    fps                  | 384          |
|    iterations           | 33           |
|    time_elapsed         | 2107         |
|    total_timesteps      | 811008       |
| train/                  |              |
|    approx_kl            | 0.0065434016 |
|    clip_fraction        | 0.0546       |
|    clip_range           | 0.2          |
|    entropy_loss         | -1.74        |
|    explained_variance   | 0.942        |
|    learning_rate        | 0.0003       |
|    loss                 | -0.0126      |
|    n_updates            | 160          |
|    policy_gradient_loss | -0.00516     |
|    value_loss           | 0.0392       |
------------------------------------------
-----------------------------------------
| rollout/                |             |
|    ep_len_mean          | 320         |
|    ep_rew_mean          | 166         |
| time/                   |             |
|    fps                  | 384         |
|    iterations           | 34          |
|    time_elapsed         | 2171        |
|    total_timesteps      | 835584      |
| train/                  |             |
|    approx_kl            | 0.007382659 |
|    clip_fraction        | 0.0707      |
|    clip_range           | 0.2         |
|    entropy_loss         | -1.75       |
|    explained_variance   | 0.96        |
|    learning_rate        | 0.0003      |
|    loss                 | -0.0169     |
|    n_updates            | 165         |
|    policy_gradient_loss | -0.00568    |
|    value_loss           | 0.0316      |
-----------------------------------------
-----------------------------------------
| rollout/                |             |
|    ep_len_mean          | 355         |
|    ep_rew_mean          | 159         |
| time/                   |             |
|    fps                  | 384         |
|    iterations           | 35          |
|    time_elapsed         | 2236        |
|    total_timesteps      | 860160      |
| train/                  |             |
|    approx_kl            | 0.006201597 |
|    clip_fraction        | 0.0587      |
|    clip_range           | 0.2         |
|    entropy_loss         | -1.76       |
|    explained_variance   | 0.964       |
|    learning_rate        | 0.0003      |
|    loss                 | -0.0159     |
|    n_updates            | 170         |
|    policy_gradient_loss | -0.0054     |
|    value_loss           | 0.029       |
-----------------------------------------
------------------------------------------
| rollout/                |              |
|    ep_len_mean          | 306          |
|    ep_rew_mean          | 163          |
| time/                   |              |
|    fps                  | 383          |
|    iterations           | 36           |
|    time_elapsed         | 2304         |
|    total_timesteps      | 884736       |
| train/                  |              |
|    approx_kl            | 0.0067266137 |
|    clip_fraction        | 0.0654       |
|    clip_range           | 0.2          |
|    entropy_loss         | -1.69        |
|    explained_variance   | 0.949        |
|    learning_rate        | 0.0003       |
|    loss                 | -0.00753     |
|    n_updates            | 175          |
|    policy_gradient_loss | -0.0053      |
|    value_loss           | 0.0298       |
------------------------------------------
-----------------------------------------
| rollout/                |             |
|    ep_len_mean          | 313         |
|    ep_rew_mean          | 164         |
| time/                   |             |
|    fps                  | 383         |
|    iterations           | 37          |
|    time_elapsed         | 2370        |
|    total_timesteps      | 909312      |
| train/                  |             |
|    approx_kl            | 0.006109183 |
|    clip_fraction        | 0.0594      |
|    clip_range           | 0.2         |
|    entropy_loss         | -1.68       |
|    explained_variance   | 0.944       |
|    learning_rate        | 0.0003      |
|    loss                 | -0.0172     |
|    n_updates            | 180         |
|    policy_gradient_loss | -0.00581    |
|    value_loss           | 0.0331      |
-----------------------------------------
------------------------------------------
| rollout/                |              |
|    ep_len_mean          | 307          |
|    ep_rew_mean          | 164          |
| time/                   |              |
|    fps                  | 383          |
|    iterations           | 38           |
|    time_elapsed         | 2437         |
|    total_timesteps      | 933888       |
| train/                  |              |
|    approx_kl            | 0.0076136794 |
|    clip_fraction        | 0.0667       |
|    clip_range           | 0.2          |
|    entropy_loss         | -1.7         |
|    explained_variance   | 0.943        |
|    learning_rate        | 0.0003       |
|    loss                 | -0.00399     |
|    n_updates            | 185          |
|    policy_gradient_loss | -0.00537     |
|    value_loss           | 0.0297       |
------------------------------------------
-----------------------------------------
| rollout/                |             |
|    ep_len_mean          | 308         |
|    ep_rew_mean          | 168         |
| time/                   |             |
|    fps                  | 383         |
|    iterations           | 39          |
|    time_elapsed         | 2501        |
|    total_timesteps      | 958464      |
| train/                  |             |
|    approx_kl            | 0.007139357 |
|    clip_fraction        | 0.0735      |
|    clip_range           | 0.2         |
|    entropy_loss         | -1.67       |
|    explained_variance   | 0.929       |
|    learning_rate        | 0.0003      |
|    loss                 | -0.0102     |
|    n_updates            | 190         |
|    policy_gradient_loss | -0.00629    |
|    value_loss           | 0.0374      |
-----------------------------------------
-----------------------------------------
| rollout/                |             |
|    ep_len_mean          | 310         |
|    ep_rew_mean          | 165         |
| time/                   |             |
|    fps                  | 383         |
|    iterations           | 40          |
|    time_elapsed         | 2564        |
|    total_timesteps      | 983040      |
| train/                  |             |
|    approx_kl            | 0.006845596 |
|    clip_fraction        | 0.0633      |
|    clip_range           | 0.2         |
|    entropy_loss         | -1.67       |
|    explained_variance   | 0.946       |
|    learning_rate        | 0.0003      |
|    loss                 | -0.00784    |
|    n_updates            | 195         |
|    policy_gradient_loss | -0.00557    |
|    value_loss           | 0.0306      |
-----------------------------------------
[Checkpoint] Saved at 1000000 steps > /home/runner/work/Disciples2-RL/Disciples2-RL/github_experiments/126/super_last_stand/waves/seed126-super_last_stand-waves-31510983031-1/checkpoints/campaign_ppo_step_1000000.zip
Eval num_timesteps=1000008, det_reward=107.09 +/- 245.26
Episode length: det=516.05 +/- 1031.85
Victory rate: det=0.00%
-------------------------------------------------
| eval/                           |             |
|    deterministic_mean_ep_length | 516         |
|    deterministic_mean_reward    | 107         |
|    deterministic_victory_rate   | 0           |
|    mean_ep_length               | 516         |
|    mean_reward                  | 107         |
|    victory_rate                 | 0           |
| time/                           |             |
|    total_timesteps              | 1000008     |
| train/                          |             |
|    approx_kl                    | 0.006894781 |
|    clip_fraction                | 0.0634      |
|    clip_range                   | 0.2         |
|    entropy_loss                 | -1.73       |
|    explained_variance           | 0.945       |
|    learning_rate                | 0.0003      |
|    loss                         | -0.00449    |
|    n_updates                    | 200         |
|    policy_gradient_loss         | -0.00504    |
|    value_loss                   | 0.037       |
-------------------------------------------------
New best model by deterministic victory rate!
---------------------------------
| rollout/           |          |
|    ep_len_mean     | 326      |
|    ep_rew_mean     | 167      |
| time/              |          |
|    fps             | 379      |
|    iterations      | 41       |
|    time_elapsed    | 2657     |
|    total_timesteps | 1007616  |
---------------------------------
VecNormalize stats saved: /home/runner/work/Disciples2-RL/Disciples2-RL/github_experiments/126/super_last_stand/waves/seed126-super_last_stand-waves-31510983031-1/models/vecnormalize.pkl

Финальная модель сохранена: /home/runner/work/Disciples2-RL/Disciples2-RL/github_experiments/126/super_last_stand/waves/seed126-super_last_stand-waves-31510983031-1/models/final_model.zip

============================================================
ИТОГИ ОБУЧЕНИЯ:
  Побед: 0
  Поражений: 2981
  Таймаутов: 0
  Побед бота столицы над врагами: 0
  Перестановок юнитов: 169062
  Терминальные поражения по противникам:
    enemy_112: 520 — Волна 4 — «Первая сталь» (~1300); Гномы
    enemy_110: 361 — Волна 4 — «Первая сталь» (~1300); Люди
    enemy_111: 351 — Волна 4 — «Первая сталь» (~1300); Эльфы
    enemy_113: 314 — Волна 5 — «Гвардия героев» (~1650); Люди
    enemy_114: 223 — Волна 5 — «Гвардия героев» (~1650); Эльфы
    enemy_10: 206 — Гарнизон города тёмных эльфов
    enemy_109: 181 — Волна 3 — «Разведка боем» (~1050); Гномы
    enemy_2: 175 — Один Мастер оккультист
    enemy_70: 143 — Руины: Тролль, Людоед и Гоблин старейшина
    enemy_108: 103 — Волна 3 — «Разведка боем» (~1050); Эльфы
    enemy_115: 94 — Волна 5 — «Гвардия героев» (~1650); Гномы
    enemy_107: 71 — Волна 3 — «Разведка боем» (~1050); Люди
    enemy_116: 38 — Волна 6 — «Стальной прилив» (~1850); Люди
    enemy_106: 29 — Волна 2 — «Регулярные роты» (~770); Гномы
    enemy_71: 28 — Забытые эльфийские руины: нейтральный грифон, эльфийский оракул, лорд эльфов и эльф-рейнджер
    enemy_117: 24 — Волна 6 — «Стальной прилив» (~1850); Эльфы
    enemy_104: 22 — Волна 2 — «Регулярные роты» (~770); Люди
    enemy_11: 21 — Гарнизон города сильных варваров
    enemy_105: 13 — Волна 2 — «Регулярные роты» (~770); Эльфы
    enemy_119: 13 — Волна 7 — «Цвет трёх народов» (~2100); Люди
    enemy_3: 12 — Морской змей и Кракен охраняют драгоценность в озере
    enemy_102: 11 — Волна 1 — «Первая волна»; Эльфы
    enemy_101: 7 — Волна 1 — «Первая волна»; Люди
    enemy_103: 6 — Волна 1 — «Первая волна»; Гномы
    enemy_118: 6 — Волна 6 — «Стальной прилив» (~1850); Гномы
    enemy_120: 4 — Волна 7 — «Цвет трёх народов» (~2100); Эльфы
    enemy_1: 3 — Один Орк
    enemy_121: 2 — Волна 7 — «Цвет трёх народов» (~2100); Гномы
  Winrate: 0.0%
============================================================
  График призывов за эпизод: /home/runner/work/Disciples2-RL/Disciples2-RL/github_experiments/126/super_last_stand/waves/seed126-super_last_stand-waves-31510983031-1/plots/campaign_summoned_units_per_episode.png
  График призывов за всё обучение: /home/runner/work/Disciples2-RL/Disciples2-RL/github_experiments/126/super_last_stand/waves/seed126-super_last_stand-waves-31510983031-1/plots/campaign_summoned_units_cumulative.png
  График найма за эпизод: /home/runner/work/Disciples2-RL/Disciples2-RL/github_experiments/126/super_last_stand/waves/seed126-super_last_stand-waves-31510983031-1/plots/campaign_hired_units_per_episode.png
  График найма за всё обучение: /home/runner/work/Disciples2-RL/Disciples2-RL/github_experiments/126/super_last_stand/waves/seed126-super_last_stand-waves-31510983031-1/plots/campaign_hired_units_cumulative.png
  График перестановок юнитов за эпизод: /home/runner/work/Disciples2-RL/Disciples2-RL/github_experiments/126/super_last_stand/waves/seed126-super_last_stand-waves-31510983031-1/plots/campaign_unit_swaps_per_episode.png
  График боевых предметов: /home/runner/work/Disciples2-RL/Disciples2-RL/github_experiments/126/super_last_stand/waves/seed126-super_last_stand-waves-31510983031-1/plots/campaign_battle_item_activity.png
  График побед бота столицы за эпизод: /home/runner/work/Disciples2-RL/Disciples2-RL/github_experiments/126/super_last_stand/waves/seed126-super_last_stand-waves-31510983031-1/plots/campaign_scripted_bot_victories_per_episode.png
  График применения заклинаний: /home/runner/work/Disciples2-RL/Disciples2-RL/github_experiments/126/super_last_stand/waves/seed126-super_last_stand-waves-31510983031-1/plots/campaign_spell_cast_activity.png
