Проверка среды CampaignEnv...
Среда прошла проверку!
[INFO] Comet disabled, running without experiment tracking
Создание 12 параллельных сред (subproc)...
Инициализация MaskablePPO...
Using cpu device

============================================================
Запуск обучения Campaign Agent
Всего шагов: 1,500,000
Параллельных сред: 12
VecEnv: subproc
VecEnv start method: forkserver
Seed: 141
Checkpoint каждые: 500,000 шагов
Evaluation каждые: 83,334 шагов
Eval deterministic эпизодов: 20
Eval stochastic эпизодов: 0
Eval лимит шагов на эпизод: 5000
Campaign map: builder
Campaign objective: build_all
System resources at training start:
  Platform: Linux 6.17.0-1022-azure (x86_64)
  Python: 3.14.7
  PyTorch: 2.14.0+cpu
  Training device: cpu
  CPU model: AMD EPYC 7763 64-Core Processor
  CPU vendor: AuthenticAMD
  Logical CPUs visible: 4
  Process CPU affinity: 4
  Sockets: 1
  Cores per socket: 2
  Threads per core: 2
  CPU max MHz: unknown
  CPU min MHz: unknown
  L1d cache: 64 KiB (2 instances)
  L1i cache: 64 KiB (2 instances)
  L2 cache: 1 MiB (2 instances)
  L3 cache: 32 MiB (1 instance)
  Virtualization: AMD-V
  Hypervisor: Microsoft
  RAM total: 15.61 GiB
  RAM available at start: 13.90 GiB
  Disk total: 144.26 GiB
  Disk free at start: 73.95 GiB
  Torch intra-op threads: 4
  Torch inter-op threads: 2
  OMP_NUM_THREADS: 4
  MKL_NUM_THREADS: 4
  OPENBLAS_NUM_THREADS: 4
  GitHub runner OS: Linux
  GitHub runner architecture: X64
  GitHub runner environment: github-hosted
PPO n_steps: 2,048
PPO batch_size: 512
PPO n_epochs: 5
PPO learning_rate: 0.0003
PPO clip_range: 0.2
PPO ent_coef: 0.01
PPO gamma: 0.995
PPO gae_lambda: 0.95
PPO target_kl: disabled
PPO gradient batches per rollout: 240
VecCheckNan: disabled
Freeze action layout: enabled
Empire territory: enabled
Scripted capital bot: disabled
Starting roster: boss demons (Дьявол Бездны, Утер демон, Астерот)
Torch threads per process: 4
Diagnostics: disabled
Wall-clock training limit: disabled
Run ID: seed141-builder-build_all-36382235355-1
============================================================

Logging to /home/runner/work/Disciples2-RL/Disciples2-RL/github_experiments/141/builder/build_all/seed141-builder-build_all-36382235355-1/tensorboard/MaskablePPO_1
---------------------------------
| rollout/           |          |
|    ep_len_mean     | 1.88e+03 |
|    ep_rew_mean     | 84.8     |
| time/              |          |
|    fps             | 466      |
|    iterations      | 1        |
|    time_elapsed    | 52       |
|    total_timesteps | 24576    |
---------------------------------
-----------------------------------------
| rollout/                |             |
|    ep_len_mean          | 2.09e+03    |
|    ep_rew_mean          | 73.7        |
| time/                   |             |
|    fps                  | 443         |
|    iterations           | 2           |
|    time_elapsed         | 110         |
|    total_timesteps      | 49152       |
| train/                  |             |
|    approx_kl            | 0.005791795 |
|    clip_fraction        | 0.0345      |
|    clip_range           | 0.2         |
|    entropy_loss         | -2.23       |
|    explained_variance   | -0.0198     |
|    learning_rate        | 0.0003      |
|    loss                 | 0.0558      |
|    n_updates            | 5           |
|    policy_gradient_loss | -0.00387    |
|    value_loss           | 0.243       |
-----------------------------------------
-----------------------------------------
| rollout/                |             |
|    ep_len_mean          | 2.1e+03     |
|    ep_rew_mean          | 74.5        |
| time/                   |             |
|    fps                  | 435         |
|    iterations           | 3           |
|    time_elapsed         | 169         |
|    total_timesteps      | 73728       |
| train/                  |             |
|    approx_kl            | 0.008388751 |
|    clip_fraction        | 0.049       |
|    clip_range           | 0.2         |
|    entropy_loss         | -2.22       |
|    explained_variance   | 0.275       |
|    learning_rate        | 0.0003      |
|    loss                 | 0.0734      |
|    n_updates            | 10          |
|    policy_gradient_loss | -0.00298    |
|    value_loss           | 0.218       |
-----------------------------------------
-----------------------------------------
| rollout/                |             |
|    ep_len_mean          | 2.11e+03    |
|    ep_rew_mean          | 73.9        |
| time/                   |             |
|    fps                  | 432         |
|    iterations           | 4           |
|    time_elapsed         | 227         |
|    total_timesteps      | 98304       |
| train/                  |             |
|    approx_kl            | 0.006547908 |
|    clip_fraction        | 0.0472      |
|    clip_range           | 0.2         |
|    entropy_loss         | -2.21       |
|    explained_variance   | 0.726       |
|    learning_rate        | 0.0003      |
|    loss                 | -0.00247    |
|    n_updates            | 15          |
|    policy_gradient_loss | -0.00368    |
|    value_loss           | 0.0892      |
-----------------------------------------
------------------------------------------
| rollout/                |              |
|    ep_len_mean          | 2.1e+03      |
|    ep_rew_mean          | 74.8         |
| time/                   |              |
|    fps                  | 424          |
|    iterations           | 5            |
|    time_elapsed         | 289          |
|    total_timesteps      | 122880       |
| train/                  |              |
|    approx_kl            | 0.0074051656 |
|    clip_fraction        | 0.0549       |
|    clip_range           | 0.2          |
|    entropy_loss         | -2.17        |
|    explained_variance   | 0.894        |
|    learning_rate        | 0.0003       |
|    loss                 | -0.0207      |
|    n_updates            | 20           |
|    policy_gradient_loss | -0.00267     |
|    value_loss           | 0.052        |
------------------------------------------
------------------------------------------
| rollout/                |              |
|    ep_len_mean          | 2.08e+03     |
|    ep_rew_mean          | 76.8         |
| time/                   |              |
|    fps                  | 414          |
|    iterations           | 6            |
|    time_elapsed         | 355          |
|    total_timesteps      | 147456       |
| train/                  |              |
|    approx_kl            | 0.0070203445 |
|    clip_fraction        | 0.0266       |
|    clip_range           | 0.2          |
|    entropy_loss         | -2.17        |
|    explained_variance   | 0.947        |
|    learning_rate        | 0.0003       |
|    loss                 | -0.00647     |
|    n_updates            | 25           |
|    policy_gradient_loss | -0.00215     |
|    value_loss           | 0.0564       |
------------------------------------------
-----------------------------------------
| rollout/                |             |
|    ep_len_mean          | 2.06e+03    |
|    ep_rew_mean          | 80.3        |
| time/                   |             |
|    fps                  | 402         |
|    iterations           | 7           |
|    time_elapsed         | 426         |
|    total_timesteps      | 172032      |
| train/                  |             |
|    approx_kl            | 0.008757829 |
|    clip_fraction        | 0.0643      |
|    clip_range           | 0.2         |
|    entropy_loss         | -2.18       |
|    explained_variance   | 0.969       |
|    learning_rate        | 0.0003      |
|    loss                 | -0.00841    |
|    n_updates            | 30          |
|    policy_gradient_loss | -0.00368    |
|    value_loss           | 0.0387      |
-----------------------------------------
-----------------------------------------
| rollout/                |             |
|    ep_len_mean          | 2.05e+03    |
|    ep_rew_mean          | 83.2        |
| time/                   |             |
|    fps                  | 393         |
|    iterations           | 8           |
|    time_elapsed         | 499         |
|    total_timesteps      | 196608      |
| train/                  |             |
|    approx_kl            | 0.008251938 |
|    clip_fraction        | 0.0551      |
|    clip_range           | 0.2         |
|    entropy_loss         | -2.17       |
|    explained_variance   | 0.974       |
|    learning_rate        | 0.0003      |
|    loss                 | -0.0171     |
|    n_updates            | 35          |
|    policy_gradient_loss | -0.00364    |
|    value_loss           | 0.0262      |
-----------------------------------------
-----------------------------------------
| rollout/                |             |
|    ep_len_mean          | 2.03e+03    |
|    ep_rew_mean          | 85.7        |
| time/                   |             |
|    fps                  | 386         |
|    iterations           | 9           |
|    time_elapsed         | 572         |
|    total_timesteps      | 221184      |
| train/                  |             |
|    approx_kl            | 0.009091661 |
|    clip_fraction        | 0.0803      |
|    clip_range           | 0.2         |
|    entropy_loss         | -2.14       |
|    explained_variance   | 0.986       |
|    learning_rate        | 0.0003      |
|    loss                 | -0.0126     |
|    n_updates            | 40          |
|    policy_gradient_loss | -0.0051     |
|    value_loss           | 0.0207      |
-----------------------------------------
-----------------------------------------
| rollout/                |             |
|    ep_len_mean          | 2.01e+03    |
|    ep_rew_mean          | 88.4        |
| time/                   |             |
|    fps                  | 383         |
|    iterations           | 10          |
|    time_elapsed         | 640         |
|    total_timesteps      | 245760      |
| train/                  |             |
|    approx_kl            | 0.009209461 |
|    clip_fraction        | 0.0614      |
|    clip_range           | 0.2         |
|    entropy_loss         | -2.13       |
|    explained_variance   | 0.992       |
|    learning_rate        | 0.0003      |
|    loss                 | -0.0278     |
|    n_updates            | 45          |
|    policy_gradient_loss | -0.00432    |
|    value_loss           | 0.0136      |
-----------------------------------------
------------------------------------------
| rollout/                |              |
|    ep_len_mean          | 1.97e+03     |
|    ep_rew_mean          | 91.9         |
| time/                   |              |
|    fps                  | 379          |
|    iterations           | 11           |
|    time_elapsed         | 711          |
|    total_timesteps      | 270336       |
| train/                  |              |
|    approx_kl            | 0.0070526875 |
|    clip_fraction        | 0.053        |
|    clip_range           | 0.2          |
|    entropy_loss         | -2.1         |
|    explained_variance   | 0.991        |
|    learning_rate        | 0.0003       |
|    loss                 | -0.019       |
|    n_updates            | 50           |
|    policy_gradient_loss | -0.00423     |
|    value_loss           | 0.0117       |
------------------------------------------
-----------------------------------------
| rollout/                |             |
|    ep_len_mean          | 1.95e+03    |
|    ep_rew_mean          | 95.4        |
| time/                   |             |
|    fps                  | 377         |
|    iterations           | 12          |
|    time_elapsed         | 781         |
|    total_timesteps      | 294912      |
| train/                  |             |
|    approx_kl            | 0.009779319 |
|    clip_fraction        | 0.0782      |
|    clip_range           | 0.2         |
|    entropy_loss         | -2.1        |
|    explained_variance   | 0.996       |
|    learning_rate        | 0.0003      |
|    loss                 | -0.0332     |
|    n_updates            | 55          |
|    policy_gradient_loss | -0.00653    |
|    value_loss           | 0.00774     |
-----------------------------------------
-----------------------------------------
| rollout/                |             |
|    ep_len_mean          | 1.93e+03    |
|    ep_rew_mean          | 99          |
| time/                   |             |
|    fps                  | 373         |
|    iterations           | 13          |
|    time_elapsed         | 856         |
|    total_timesteps      | 319488      |
| train/                  |             |
|    approx_kl            | 0.008340898 |
|    clip_fraction        | 0.0656      |
|    clip_range           | 0.2         |
|    entropy_loss         | -2.1        |
|    explained_variance   | 0.996       |
|    learning_rate        | 0.0003      |
|    loss                 | -0.017      |
|    n_updates            | 60          |
|    policy_gradient_loss | -0.00456    |
|    value_loss           | 0.00832     |
-----------------------------------------
-----------------------------------------
| rollout/                |             |
|    ep_len_mean          | 1.92e+03    |
|    ep_rew_mean          | 101         |
| time/                   |             |
|    fps                  | 370         |
|    iterations           | 14          |
|    time_elapsed         | 928         |
|    total_timesteps      | 344064      |
| train/                  |             |
|    approx_kl            | 0.008486164 |
|    clip_fraction        | 0.0767      |
|    clip_range           | 0.2         |
|    entropy_loss         | -2.09       |
|    explained_variance   | 0.991       |
|    learning_rate        | 0.0003      |
|    loss                 | -0.0126     |
|    n_updates            | 65          |
|    policy_gradient_loss | -0.00416    |
|    value_loss           | 0.0264      |
-----------------------------------------
-----------------------------------------
| rollout/                |             |
|    ep_len_mean          | 1.9e+03     |
|    ep_rew_mean          | 102         |
| time/                   |             |
|    fps                  | 368         |
|    iterations           | 15          |
|    time_elapsed         | 1001        |
|    total_timesteps      | 368640      |
| train/                  |             |
|    approx_kl            | 0.007425277 |
|    clip_fraction        | 0.0578      |
|    clip_range           | 0.2         |
|    entropy_loss         | -2.08       |
|    explained_variance   | 0.998       |
|    learning_rate        | 0.0003      |
|    loss                 | -0.0275     |
|    n_updates            | 70          |
|    policy_gradient_loss | -0.00409    |
|    value_loss           | 0.00627     |
-----------------------------------------
-----------------------------------------
| rollout/                |             |
|    ep_len_mean          | 1.91e+03    |
|    ep_rew_mean          | 103         |
| time/                   |             |
|    fps                  | 364         |
|    iterations           | 16          |
|    time_elapsed         | 1077        |
|    total_timesteps      | 393216      |
| train/                  |             |
|    approx_kl            | 0.008174705 |
|    clip_fraction        | 0.0851      |
|    clip_range           | 0.2         |
|    entropy_loss         | -2.06       |
|    explained_variance   | 0.998       |
|    learning_rate        | 0.0003      |
|    loss                 | -0.0317     |
|    n_updates            | 75          |
|    policy_gradient_loss | -0.00582    |
|    value_loss           | 0.00521     |
-----------------------------------------
-----------------------------------------
| rollout/                |             |
|    ep_len_mean          | 1.9e+03     |
|    ep_rew_mean          | 104         |
| time/                   |             |
|    fps                  | 361         |
|    iterations           | 17          |
|    time_elapsed         | 1154        |
|    total_timesteps      | 417792      |
| train/                  |             |
|    approx_kl            | 0.008542179 |
|    clip_fraction        | 0.0774      |
|    clip_range           | 0.2         |
|    entropy_loss         | -2.07       |
|    explained_variance   | 0.998       |
|    learning_rate        | 0.0003      |
|    loss                 | -0.0341     |
|    n_updates            | 80          |
|    policy_gradient_loss | -0.00501    |
|    value_loss           | 0.00511     |
-----------------------------------------
-----------------------------------------
| rollout/                |             |
|    ep_len_mean          | 1.91e+03    |
|    ep_rew_mean          | 105         |
| time/                   |             |
|    fps                  | 359         |
|    iterations           | 18          |
|    time_elapsed         | 1230        |
|    total_timesteps      | 442368      |
| train/                  |             |
|    approx_kl            | 0.008875419 |
|    clip_fraction        | 0.0845      |
|    clip_range           | 0.2         |
|    entropy_loss         | -2.05       |
|    explained_variance   | 0.998       |
|    learning_rate        | 0.0003      |
|    loss                 | -0.0214     |
|    n_updates            | 85          |
|    policy_gradient_loss | -0.00583    |
|    value_loss           | 0.0042      |
-----------------------------------------
-----------------------------------------
| rollout/                |             |
|    ep_len_mean          | 1.92e+03    |
|    ep_rew_mean          | 106         |
| time/                   |             |
|    fps                  | 357         |
|    iterations           | 19          |
|    time_elapsed         | 1306        |
|    total_timesteps      | 466944      |
| train/                  |             |
|    approx_kl            | 0.009309828 |
|    clip_fraction        | 0.0771      |
|    clip_range           | 0.2         |
|    entropy_loss         | -2.07       |
|    explained_variance   | 0.997       |
|    learning_rate        | 0.0003      |
|    loss                 | -0.0215     |
|    n_updates            | 90          |
|    policy_gradient_loss | -0.00572    |
|    value_loss           | 0.00707     |
-----------------------------------------
-----------------------------------------
| rollout/                |             |
|    ep_len_mean          | 1.91e+03    |
|    ep_rew_mean          | 107         |
| time/                   |             |
|    fps                  | 355         |
|    iterations           | 20          |
|    time_elapsed         | 1382        |
|    total_timesteps      | 491520      |
| train/                  |             |
|    approx_kl            | 0.010028541 |
|    clip_fraction        | 0.0913      |
|    clip_range           | 0.2         |
|    entropy_loss         | -2.05       |
|    explained_variance   | 0.999       |
|    learning_rate        | 0.0003      |
|    loss                 | -0.0266     |
|    n_updates            | 95          |
|    policy_gradient_loss | -0.00688    |
|    value_loss           | 0.00411     |
-----------------------------------------
[Checkpoint] Saved at 500000 steps > /home/runner/work/Disciples2-RL/Disciples2-RL/github_experiments/141/builder/build_all/seed141-builder-build_all-36382235355-1/checkpoints/campaign_ppo_step_500000.zip
-----------------------------------------
| rollout/                |             |
|    ep_len_mean          | 1.92e+03    |
|    ep_rew_mean          | 108         |
| time/                   |             |
|    fps                  | 354         |
|    iterations           | 21          |
|    time_elapsed         | 1457        |
|    total_timesteps      | 516096      |
| train/                  |             |
|    approx_kl            | 0.009862327 |
|    clip_fraction        | 0.0907      |
|    clip_range           | 0.2         |
|    entropy_loss         | -2.05       |
|    explained_variance   | 0.999       |
|    learning_rate        | 0.0003      |
|    loss                 | -0.0283     |
|    n_updates            | 100         |
|    policy_gradient_loss | -0.00539    |
|    value_loss           | 0.00369     |
-----------------------------------------
-----------------------------------------
| rollout/                |             |
|    ep_len_mean          | 1.93e+03    |
|    ep_rew_mean          | 108         |
| time/                   |             |
|    fps                  | 352         |
|    iterations           | 22          |
|    time_elapsed         | 1532        |
|    total_timesteps      | 540672      |
| train/                  |             |
|    approx_kl            | 0.008051974 |
|    clip_fraction        | 0.0753      |
|    clip_range           | 0.2         |
|    entropy_loss         | -2.04       |
|    explained_variance   | 0.997       |
|    learning_rate        | 0.0003      |
|    loss                 | -0.0229     |
|    n_updates            | 105         |
|    policy_gradient_loss | -0.005      |
|    value_loss           | 0.0048      |
-----------------------------------------
-----------------------------------------
| rollout/                |             |
|    ep_len_mean          | 1.94e+03    |
|    ep_rew_mean          | 108         |
| time/                   |             |
|    fps                  | 351         |
|    iterations           | 23          |
|    time_elapsed         | 1609        |
|    total_timesteps      | 565248      |
| train/                  |             |
|    approx_kl            | 0.009208866 |
|    clip_fraction        | 0.0974      |
|    clip_range           | 0.2         |
|    entropy_loss         | -2.04       |
|    explained_variance   | 0.999       |
|    learning_rate        | 0.0003      |
|    loss                 | -0.0291     |
|    n_updates            | 110         |
|    policy_gradient_loss | -0.00816    |
|    value_loss           | 0.00465     |
-----------------------------------------
-----------------------------------------
| rollout/                |             |
|    ep_len_mean          | 1.94e+03    |
|    ep_rew_mean          | 108         |
| time/                   |             |
|    fps                  | 350         |
|    iterations           | 24          |
|    time_elapsed         | 1683        |
|    total_timesteps      | 589824      |
| train/                  |             |
|    approx_kl            | 0.008838716 |
|    clip_fraction        | 0.0889      |
|    clip_range           | 0.2         |
|    entropy_loss         | -2.03       |
|    explained_variance   | 0.999       |
|    learning_rate        | 0.0003      |
|    loss                 | -0.0279     |
|    n_updates            | 115         |
|    policy_gradient_loss | -0.007      |
|    value_loss           | 0.00374     |
-----------------------------------------
-----------------------------------------
| rollout/                |             |
|    ep_len_mean          | 1.94e+03    |
|    ep_rew_mean          | 108         |
| time/                   |             |
|    fps                  | 349         |
|    iterations           | 25          |
|    time_elapsed         | 1757        |
|    total_timesteps      | 614400      |
| train/                  |             |
|    approx_kl            | 0.008805079 |
|    clip_fraction        | 0.095       |
|    clip_range           | 0.2         |
|    entropy_loss         | -2.04       |
|    explained_variance   | 0.999       |
|    learning_rate        | 0.0003      |
|    loss                 | -0.0176     |
|    n_updates            | 120         |
|    policy_gradient_loss | -0.00779    |
|    value_loss           | 0.00414     |
-----------------------------------------
-----------------------------------------
| rollout/                |             |
|    ep_len_mean          | 1.94e+03    |
|    ep_rew_mean          | 108         |
| time/                   |             |
|    fps                  | 348         |
|    iterations           | 26          |
|    time_elapsed         | 1832        |
|    total_timesteps      | 638976      |
| train/                  |             |
|    approx_kl            | 0.008399191 |
|    clip_fraction        | 0.0822      |
|    clip_range           | 0.2         |
|    entropy_loss         | -2.01       |
|    explained_variance   | 0.999       |
|    learning_rate        | 0.0003      |
|    loss                 | -0.0254     |
|    n_updates            | 125         |
|    policy_gradient_loss | -0.00659    |
|    value_loss           | 0.0038      |
-----------------------------------------
-----------------------------------------
| rollout/                |             |
|    ep_len_mean          | 1.94e+03    |
|    ep_rew_mean          | 108         |
| time/                   |             |
|    fps                  | 347         |
|    iterations           | 27          |
|    time_elapsed         | 1908        |
|    total_timesteps      | 663552      |
| train/                  |             |
|    approx_kl            | 0.008088982 |
|    clip_fraction        | 0.0751      |
|    clip_range           | 0.2         |
|    entropy_loss         | -2          |
|    explained_variance   | 0.999       |
|    learning_rate        | 0.0003      |
|    loss                 | -0.0205     |
|    n_updates            | 130         |
|    policy_gradient_loss | -0.00609    |
|    value_loss           | 0.00298     |
-----------------------------------------
------------------------------------------
| rollout/                |              |
|    ep_len_mean          | 1.94e+03     |
|    ep_rew_mean          | 108          |
| time/                   |              |
|    fps                  | 346          |
|    iterations           | 28           |
|    time_elapsed         | 1984         |
|    total_timesteps      | 688128       |
| train/                  |              |
|    approx_kl            | 0.0066140858 |
|    clip_fraction        | 0.0575       |
|    clip_range           | 0.2          |
|    entropy_loss         | -2.01        |
|    explained_variance   | 0.999        |
|    learning_rate        | 0.0003       |
|    loss                 | -0.0268      |
|    n_updates            | 135          |
|    policy_gradient_loss | -0.00457     |
|    value_loss           | 0.00326      |
------------------------------------------
-----------------------------------------
| rollout/                |             |
|    ep_len_mean          | 1.93e+03    |
|    ep_rew_mean          | 108         |
| time/                   |             |
|    fps                  | 346         |
|    iterations           | 29          |
|    time_elapsed         | 2058        |
|    total_timesteps      | 712704      |
| train/                  |             |
|    approx_kl            | 0.010574434 |
|    clip_fraction        | 0.0918      |
|    clip_range           | 0.2         |
|    entropy_loss         | -1.97       |
|    explained_variance   | 0.999       |
|    learning_rate        | 0.0003      |
|    loss                 | -0.0155     |
|    n_updates            | 140         |
|    policy_gradient_loss | -0.00687    |
|    value_loss           | 0.00366     |
-----------------------------------------
-----------------------------------------
| rollout/                |             |
|    ep_len_mean          | 1.92e+03    |
|    ep_rew_mean          | 109         |
| time/                   |             |
|    fps                  | 345         |
|    iterations           | 30          |
|    time_elapsed         | 2133        |
|    total_timesteps      | 737280      |
| train/                  |             |
|    approx_kl            | 0.007824798 |
|    clip_fraction        | 0.0683      |
|    clip_range           | 0.2         |
|    entropy_loss         | -1.97       |
|    explained_variance   | 0.999       |
|    learning_rate        | 0.0003      |
|    loss                 | -0.0292     |
|    n_updates            | 145         |
|    policy_gradient_loss | -0.00619    |
|    value_loss           | 0.00288     |
-----------------------------------------
-----------------------------------------
| rollout/                |             |
|    ep_len_mean          | 1.91e+03    |
|    ep_rew_mean          | 110         |
| time/                   |             |
|    fps                  | 345         |
|    iterations           | 31          |
|    time_elapsed         | 2206        |
|    total_timesteps      | 761856      |
| train/                  |             |
|    approx_kl            | 0.007833638 |
|    clip_fraction        | 0.0615      |
|    clip_range           | 0.2         |
|    entropy_loss         | -1.95       |
|    explained_variance   | 0.999       |
|    learning_rate        | 0.0003      |
|    loss                 | -0.0172     |
|    n_updates            | 150         |
|    policy_gradient_loss | -0.00507    |
|    value_loss           | 0.0033      |
-----------------------------------------
-----------------------------------------
| rollout/                |             |
|    ep_len_mean          | 1.91e+03    |
|    ep_rew_mean          | 110         |
| time/                   |             |
|    fps                  | 344         |
|    iterations           | 32          |
|    time_elapsed         | 2279        |
|    total_timesteps      | 786432      |
| train/                  |             |
|    approx_kl            | 0.009378358 |
|    clip_fraction        | 0.0962      |
|    clip_range           | 0.2         |
|    entropy_loss         | -1.94       |
|    explained_variance   | 0.999       |
|    learning_rate        | 0.0003      |
|    loss                 | -0.025      |
|    n_updates            | 155         |
|    policy_gradient_loss | -0.00728    |
|    value_loss           | 0.0028      |
-----------------------------------------
----------------------------------------
| rollout/                |            |
|    ep_len_mean          | 1.9e+03    |
|    ep_rew_mean          | 110        |
| time/                   |            |
|    fps                  | 344        |
|    iterations           | 33         |
|    time_elapsed         | 2354       |
|    total_timesteps      | 811008     |
| train/                  |            |
|    approx_kl            | 0.00823707 |
|    clip_fraction        | 0.0809     |
|    clip_range           | 0.2        |
|    entropy_loss         | -1.91      |
|    explained_variance   | 0.999      |
|    learning_rate        | 0.0003     |
|    loss                 | -0.0277    |
|    n_updates            | 160        |
|    policy_gradient_loss | -0.00606   |
|    value_loss           | 0.00299    |
----------------------------------------
-----------------------------------------
| rollout/                |             |
|    ep_len_mean          | 1.9e+03     |
|    ep_rew_mean          | 110         |
| time/                   |             |
|    fps                  | 343         |
|    iterations           | 34          |
|    time_elapsed         | 2429        |
|    total_timesteps      | 835584      |
| train/                  |             |
|    approx_kl            | 0.009464963 |
|    clip_fraction        | 0.0804      |
|    clip_range           | 0.2         |
|    entropy_loss         | -1.93       |
|    explained_variance   | 0.998       |
|    learning_rate        | 0.0003      |
|    loss                 | -0.0203     |
|    n_updates            | 165         |
|    policy_gradient_loss | -0.00713    |
|    value_loss           | 0.00474     |
-----------------------------------------
------------------------------------------
| rollout/                |              |
|    ep_len_mean          | 1.89e+03     |
|    ep_rew_mean          | 111          |
| time/                   |              |
|    fps                  | 343          |
|    iterations           | 35           |
|    time_elapsed         | 2505         |
|    total_timesteps      | 860160       |
| train/                  |              |
|    approx_kl            | 0.0076292357 |
|    clip_fraction        | 0.0559       |
|    clip_range           | 0.2          |
|    entropy_loss         | -1.94        |
|    explained_variance   | 0.999        |
|    learning_rate        | 0.0003       |
|    loss                 | -0.0315      |
|    n_updates            | 170          |
|    policy_gradient_loss | -0.00447     |
|    value_loss           | 0.00372      |
------------------------------------------
----------------------------------------
| rollout/                |            |
|    ep_len_mean          | 1.9e+03    |
|    ep_rew_mean          | 111        |
| time/                   |            |
|    fps                  | 343        |
|    iterations           | 36         |
|    time_elapsed         | 2579       |
|    total_timesteps      | 884736     |
| train/                  |            |
|    approx_kl            | 0.00730052 |
|    clip_fraction        | 0.0626     |
|    clip_range           | 0.2        |
|    entropy_loss         | -1.91      |
|    explained_variance   | 0.999      |
|    learning_rate        | 0.0003     |
|    loss                 | -0.0255    |
|    n_updates            | 175        |
|    policy_gradient_loss | -0.00473   |
|    value_loss           | 0.00292    |
----------------------------------------
-----------------------------------------
| rollout/                |             |
|    ep_len_mean          | 1.9e+03     |
|    ep_rew_mean          | 111         |
| time/                   |             |
|    fps                  | 342         |
|    iterations           | 37          |
|    time_elapsed         | 2653        |
|    total_timesteps      | 909312      |
| train/                  |             |
|    approx_kl            | 0.008703115 |
|    clip_fraction        | 0.0787      |
|    clip_range           | 0.2         |
|    entropy_loss         | -1.9        |
|    explained_variance   | 0.999       |
|    learning_rate        | 0.0003      |
|    loss                 | -0.0297     |
|    n_updates            | 180         |
|    policy_gradient_loss | -0.00602    |
|    value_loss           | 0.00435     |
-----------------------------------------
-----------------------------------------
| rollout/                |             |
|    ep_len_mean          | 1.9e+03     |
|    ep_rew_mean          | 111         |
| time/                   |             |
|    fps                  | 342         |
|    iterations           | 38          |
|    time_elapsed         | 2727        |
|    total_timesteps      | 933888      |
| train/                  |             |
|    approx_kl            | 0.008172243 |
|    clip_fraction        | 0.0664      |
|    clip_range           | 0.2         |
|    entropy_loss         | -1.89       |
|    explained_variance   | 0.999       |
|    learning_rate        | 0.0003      |
|    loss                 | -0.0252     |
|    n_updates            | 185         |
|    policy_gradient_loss | -0.00466    |
|    value_loss           | 0.00283     |
-----------------------------------------
-----------------------------------------
| rollout/                |             |
|    ep_len_mean          | 1.9e+03     |
|    ep_rew_mean          | 112         |
| time/                   |             |
|    fps                  | 341         |
|    iterations           | 39          |
|    time_elapsed         | 2803        |
|    total_timesteps      | 958464      |
| train/                  |             |
|    approx_kl            | 0.007852304 |
|    clip_fraction        | 0.0717      |
|    clip_range           | 0.2         |
|    entropy_loss         | -1.9        |
|    explained_variance   | 0.999       |
|    learning_rate        | 0.0003      |
|    loss                 | -0.0297     |
|    n_updates            | 190         |
|    policy_gradient_loss | -0.00632    |
|    value_loss           | 0.00253     |
-----------------------------------------
-----------------------------------------
| rollout/                |             |
|    ep_len_mean          | 1.9e+03     |
|    ep_rew_mean          | 113         |
| time/                   |             |
|    fps                  | 341         |
|    iterations           | 40          |
|    time_elapsed         | 2878        |
|    total_timesteps      | 983040      |
| train/                  |             |
|    approx_kl            | 0.007162407 |
|    clip_fraction        | 0.0707      |
|    clip_range           | 0.2         |
|    entropy_loss         | -1.9        |
|    explained_variance   | 0.999       |
|    learning_rate        | 0.0003      |
|    loss                 | -0.0252     |
|    n_updates            | 195         |
|    policy_gradient_loss | -0.00503    |
|    value_loss           | 0.00237     |
-----------------------------------------
[Checkpoint] Saved at 1000000 steps > /home/runner/work/Disciples2-RL/Disciples2-RL/github_experiments/141/builder/build_all/seed141-builder-build_all-36382235355-1/checkpoints/campaign_ppo_step_1000000.zip
Eval num_timesteps=1000008, det_reward=71.41 +/- 0.00
Episode length: det=1625.05 +/- 0.22
Victory rate: det=100.00%
-------------------------------------------------
| eval/                           |             |
|    deterministic_mean_ep_length | 1.63e+03    |
|    deterministic_mean_reward    | 71.4        |
|    deterministic_victory_rate   | 1           |
|    mean_ep_length               | 1.63e+03    |
|    mean_reward                  | 71.4        |
|    victory_rate                 | 1           |
| time/                           |             |
|    total_timesteps              | 1000008     |
| train/                          |             |
|    approx_kl                    | 0.007893079 |
|    clip_fraction                | 0.0658      |
|    clip_range                   | 0.2         |
|    entropy_loss                 | -1.88       |
|    explained_variance           | 0.999       |
|    learning_rate                | 0.0003      |
|    loss                         | -0.0291     |
|    n_updates                    | 200         |
|    policy_gradient_loss         | -0.00588    |
|    value_loss                   | 0.00281     |
-------------------------------------------------
New best model by deterministic victory rate!
---------------------------------
| rollout/           |          |
|    ep_len_mean     | 1.89e+03 |
|    ep_rew_mean     | 113      |
| time/              |          |
|    fps             | 322      |
|    iterations      | 41       |
|    time_elapsed    | 3121     |
|    total_timesteps | 1007616  |
---------------------------------
-----------------------------------------
| rollout/                |             |
|    ep_len_mean          | 1.89e+03    |
|    ep_rew_mean          | 114         |
| time/                   |             |
|    fps                  | 322         |
|    iterations           | 42          |
|    time_elapsed         | 3199        |
|    total_timesteps      | 1032192     |
| train/                  |             |
|    approx_kl            | 0.008054211 |
|    clip_fraction        | 0.0749      |
|    clip_range           | 0.2         |
|    entropy_loss         | -1.87       |
|    explained_variance   | 0.999       |
|    learning_rate        | 0.0003      |
|    loss                 | -0.0147     |
|    n_updates            | 205         |
|    policy_gradient_loss | -0.00605    |
|    value_loss           | 0.00242     |
-----------------------------------------
-----------------------------------------
| rollout/                |             |
|    ep_len_mean          | 1.88e+03    |
|    ep_rew_mean          | 114         |
| time/                   |             |
|    fps                  | 322         |
|    iterations           | 43          |
|    time_elapsed         | 3277        |
|    total_timesteps      | 1056768     |
| train/                  |             |
|    approx_kl            | 0.008254473 |
|    clip_fraction        | 0.0715      |
|    clip_range           | 0.2         |
|    entropy_loss         | -1.84       |
|    explained_variance   | 0.999       |
|    learning_rate        | 0.0003      |
|    loss                 | -0.0226     |
|    n_updates            | 210         |
|    policy_gradient_loss | -0.00437    |
|    value_loss           | 0.00261     |
-----------------------------------------
-----------------------------------------
| rollout/                |             |
|    ep_len_mean          | 1.87e+03    |
|    ep_rew_mean          | 114         |
| time/                   |             |
|    fps                  | 322         |
|    iterations           | 44          |
|    time_elapsed         | 3355        |
|    total_timesteps      | 1081344     |
| train/                  |             |
|    approx_kl            | 0.009949859 |
|    clip_fraction        | 0.104       |
|    clip_range           | 0.2         |
|    entropy_loss         | -1.82       |
|    explained_variance   | 0.999       |
|    learning_rate        | 0.0003      |
|    loss                 | -0.0287     |
|    n_updates            | 215         |
|    policy_gradient_loss | -0.00623    |
|    value_loss           | 0.0026      |
-----------------------------------------
------------------------------------------
| rollout/                |              |
|    ep_len_mean          | 1.86e+03     |
|    ep_rew_mean          | 114          |
| time/                   |              |
|    fps                  | 322          |
|    iterations           | 45           |
|    time_elapsed         | 3431         |
|    total_timesteps      | 1105920      |
| train/                  |              |
|    approx_kl            | 0.0077236015 |
|    clip_fraction        | 0.0646       |
|    clip_range           | 0.2          |
|    entropy_loss         | -1.82        |
|    explained_variance   | 0.999        |
|    learning_rate        | 0.0003       |
|    loss                 | -0.0242      |
|    n_updates            | 220          |
|    policy_gradient_loss | -0.00412     |
|    value_loss           | 0.00294      |
------------------------------------------
-----------------------------------------
| rollout/                |             |
|    ep_len_mean          | 1.86e+03    |
|    ep_rew_mean          | 114         |
| time/                   |             |
|    fps                  | 322         |
|    iterations           | 46          |
|    time_elapsed         | 3509        |
|    total_timesteps      | 1130496     |
| train/                  |             |
|    approx_kl            | 0.008029486 |
|    clip_fraction        | 0.061       |
|    clip_range           | 0.2         |
|    entropy_loss         | -1.84       |
|    explained_variance   | 0.999       |
|    learning_rate        | 0.0003      |
|    loss                 | -0.0238     |
|    n_updates            | 225         |
|    policy_gradient_loss | -0.00357    |
|    value_loss           | 0.00318     |
-----------------------------------------
-----------------------------------------
| rollout/                |             |
|    ep_len_mean          | 1.85e+03    |
|    ep_rew_mean          | 113         |
| time/                   |             |
|    fps                  | 322         |
|    iterations           | 47          |
|    time_elapsed         | 3585        |
|    total_timesteps      | 1155072     |
| train/                  |             |
|    approx_kl            | 0.008761703 |
|    clip_fraction        | 0.0786      |
|    clip_range           | 0.2         |
|    entropy_loss         | -1.82       |
|    explained_variance   | 0.999       |
|    learning_rate        | 0.0003      |
|    loss                 | -0.0353     |
|    n_updates            | 230         |
|    policy_gradient_loss | -0.00501    |
|    value_loss           | 0.00298     |
-----------------------------------------
-----------------------------------------
| rollout/                |             |
|    ep_len_mean          | 1.85e+03    |
|    ep_rew_mean          | 113         |
| time/                   |             |
|    fps                  | 322         |
|    iterations           | 48          |
|    time_elapsed         | 3662        |
|    total_timesteps      | 1179648     |
| train/                  |             |
|    approx_kl            | 0.009233322 |
|    clip_fraction        | 0.0882      |
|    clip_range           | 0.2         |
|    entropy_loss         | -1.79       |
|    explained_variance   | 0.999       |
|    learning_rate        | 0.0003      |
|    loss                 | -0.032      |
|    n_updates            | 235         |
|    policy_gradient_loss | -0.00559    |
|    value_loss           | 0.00274     |
-----------------------------------------
-----------------------------------------
| rollout/                |             |
|    ep_len_mean          | 1.84e+03    |
|    ep_rew_mean          | 112         |
| time/                   |             |
|    fps                  | 322         |
|    iterations           | 49          |
|    time_elapsed         | 3737        |
|    total_timesteps      | 1204224     |
| train/                  |             |
|    approx_kl            | 0.009434637 |
|    clip_fraction        | 0.0982      |
|    clip_range           | 0.2         |
|    entropy_loss         | -1.79       |
|    explained_variance   | 0.999       |
|    learning_rate        | 0.0003      |
|    loss                 | -0.028      |
|    n_updates            | 240         |
|    policy_gradient_loss | -0.00592    |
|    value_loss           | 0.00276     |
-----------------------------------------
------------------------------------------
| rollout/                |              |
|    ep_len_mean          | 1.84e+03     |
|    ep_rew_mean          | 112          |
| time/                   |              |
|    fps                  | 322          |
|    iterations           | 50           |
|    time_elapsed         | 3812         |
|    total_timesteps      | 1228800      |
| train/                  |              |
|    approx_kl            | 0.0061833244 |
|    clip_fraction        | 0.0538       |
|    clip_range           | 0.2          |
|    entropy_loss         | -1.79        |
|    explained_variance   | 0.999        |
|    learning_rate        | 0.0003       |
|    loss                 | -0.0281      |
|    n_updates            | 245          |
|    policy_gradient_loss | -0.00327     |
|    value_loss           | 0.00311      |
------------------------------------------
-----------------------------------------
| rollout/                |             |
|    ep_len_mean          | 1.84e+03    |
|    ep_rew_mean          | 112         |
| time/                   |             |
|    fps                  | 322         |
|    iterations           | 51          |
|    time_elapsed         | 3885        |
|    total_timesteps      | 1253376     |
| train/                  |             |
|    approx_kl            | 0.007477339 |
|    clip_fraction        | 0.0646      |
|    clip_range           | 0.2         |
|    entropy_loss         | -1.77       |
|    explained_variance   | 0.999       |
|    learning_rate        | 0.0003      |
|    loss                 | -0.0217     |
|    n_updates            | 250         |
|    policy_gradient_loss | -0.0046     |
|    value_loss           | 0.00308     |
-----------------------------------------
-----------------------------------------
| rollout/                |             |
|    ep_len_mean          | 1.83e+03    |
|    ep_rew_mean          | 112         |
| time/                   |             |
|    fps                  | 322         |
|    iterations           | 52          |
|    time_elapsed         | 3959        |
|    total_timesteps      | 1277952     |
| train/                  |             |
|    approx_kl            | 0.008225921 |
|    clip_fraction        | 0.0789      |
|    clip_range           | 0.2         |
|    entropy_loss         | -1.74       |
|    explained_variance   | 0.999       |
|    learning_rate        | 0.0003      |
|    loss                 | -0.0197     |
|    n_updates            | 255         |
|    policy_gradient_loss | -0.0065     |
|    value_loss           | 0.00297     |
-----------------------------------------
-----------------------------------------
| rollout/                |             |
|    ep_len_mean          | 1.82e+03    |
|    ep_rew_mean          | 113         |
| time/                   |             |
|    fps                  | 322         |
|    iterations           | 53          |
|    time_elapsed         | 4037        |
|    total_timesteps      | 1302528     |
| train/                  |             |
|    approx_kl            | 0.008184846 |
|    clip_fraction        | 0.0834      |
|    clip_range           | 0.2         |
|    entropy_loss         | -1.75       |
|    explained_variance   | 0.999       |
|    learning_rate        | 0.0003      |
|    loss                 | -0.0324     |
|    n_updates            | 260         |
|    policy_gradient_loss | -0.00583    |
|    value_loss           | 0.00301     |
-----------------------------------------
-----------------------------------------
| rollout/                |             |
|    ep_len_mean          | 1.82e+03    |
|    ep_rew_mean          | 113         |
| time/                   |             |
|    fps                  | 322         |
|    iterations           | 54          |
|    time_elapsed         | 4113        |
|    total_timesteps      | 1327104     |
| train/                  |             |
|    approx_kl            | 0.009015695 |
|    clip_fraction        | 0.0889      |
|    clip_range           | 0.2         |
|    entropy_loss         | -1.74       |
|    explained_variance   | 0.999       |
|    learning_rate        | 0.0003      |
|    loss                 | -0.0188     |
|    n_updates            | 265         |
|    policy_gradient_loss | -0.006      |
|    value_loss           | 0.00245     |
-----------------------------------------
-----------------------------------------
| rollout/                |             |
|    ep_len_mean          | 1.81e+03    |
|    ep_rew_mean          | 114         |
| time/                   |             |
|    fps                  | 322         |
|    iterations           | 55          |
|    time_elapsed         | 4190        |
|    total_timesteps      | 1351680     |
| train/                  |             |
|    approx_kl            | 0.008518814 |
|    clip_fraction        | 0.084       |
|    clip_range           | 0.2         |
|    entropy_loss         | -1.73       |
|    explained_variance   | 0.999       |
|    learning_rate        | 0.0003      |
|    loss                 | -0.0259     |
|    n_updates            | 270         |
|    policy_gradient_loss | -0.00543    |
|    value_loss           | 0.00275     |
-----------------------------------------
----------------------------------------
| rollout/                |            |
|    ep_len_mean          | 1.8e+03    |
|    ep_rew_mean          | 114        |
| time/                   |            |
|    fps                  | 322        |
|    iterations           | 56         |
|    time_elapsed         | 4267       |
|    total_timesteps      | 1376256    |
| train/                  |            |
|    approx_kl            | 0.00865725 |
|    clip_fraction        | 0.0709     |
|    clip_range           | 0.2        |
|    entropy_loss         | -1.75      |
|    explained_variance   | 0.999      |
|    learning_rate        | 0.0003     |
|    loss                 | -0.0184    |
|    n_updates            | 275        |
|    policy_gradient_loss | -0.00509   |
|    value_loss           | 0.00274    |
----------------------------------------
------------------------------------------
| rollout/                |              |
|    ep_len_mean          | 1.79e+03     |
|    ep_rew_mean          | 114          |
| time/                   |              |
|    fps                  | 322          |
|    iterations           | 57           |
|    time_elapsed         | 4344         |
|    total_timesteps      | 1400832      |
| train/                  |              |
|    approx_kl            | 0.0077918335 |
|    clip_fraction        | 0.0874       |
|    clip_range           | 0.2          |
|    entropy_loss         | -1.73        |
|    explained_variance   | 0.999        |
|    learning_rate        | 0.0003       |
|    loss                 | -0.0225      |
|    n_updates            | 280          |
|    policy_gradient_loss | -0.00555     |
|    value_loss           | 0.0026       |
------------------------------------------
------------------------------------------
| rollout/                |              |
|    ep_len_mean          | 1.78e+03     |
|    ep_rew_mean          | 115          |
| time/                   |              |
|    fps                  | 322          |
|    iterations           | 58           |
|    time_elapsed         | 4424         |
|    total_timesteps      | 1425408      |
| train/                  |              |
|    approx_kl            | 0.0075114877 |
|    clip_fraction        | 0.0743       |
|    clip_range           | 0.2          |
|    entropy_loss         | -1.74        |
|    explained_variance   | 0.999        |
|    learning_rate        | 0.0003       |
|    loss                 | -0.0223      |
|    n_updates            | 285          |
|    policy_gradient_loss | -0.00488     |
|    value_loss           | 0.0031       |
------------------------------------------
------------------------------------------
| rollout/                |              |
|    ep_len_mean          | 1.77e+03     |
|    ep_rew_mean          | 116          |
| time/                   |              |
|    fps                  | 322          |
|    iterations           | 59           |
|    time_elapsed         | 4501         |
|    total_timesteps      | 1449984      |
| train/                  |              |
|    approx_kl            | 0.0059413984 |
|    clip_fraction        | 0.0555       |
|    clip_range           | 0.2          |
|    entropy_loss         | -1.73        |
|    explained_variance   | 0.999        |
|    learning_rate        | 0.0003       |
|    loss                 | -0.0205      |
|    n_updates            | 290          |
|    policy_gradient_loss | -0.00349     |
|    value_loss           | 0.00259      |
------------------------------------------
------------------------------------------
| rollout/                |              |
|    ep_len_mean          | 1.76e+03     |
|    ep_rew_mean          | 116          |
| time/                   |              |
|    fps                  | 321          |
|    iterations           | 60           |
|    time_elapsed         | 4579         |
|    total_timesteps      | 1474560      |
| train/                  |              |
|    approx_kl            | 0.0072079864 |
|    clip_fraction        | 0.0658       |
|    clip_range           | 0.2          |
|    entropy_loss         | -1.69        |
|    explained_variance   | 0.999        |
|    learning_rate        | 0.0003       |
|    loss                 | -0.0134      |
|    n_updates            | 295          |
|    policy_gradient_loss | -0.00376     |
|    value_loss           | 0.00305      |
------------------------------------------
-----------------------------------------
| rollout/                |             |
|    ep_len_mean          | 1.75e+03    |
|    ep_rew_mean          | 116         |
| time/                   |             |
|    fps                  | 321         |
|    iterations           | 61          |
|    time_elapsed         | 4656        |
|    total_timesteps      | 1499136     |
| train/                  |             |
|    approx_kl            | 0.008773086 |
|    clip_fraction        | 0.0828      |
|    clip_range           | 0.2         |
|    entropy_loss         | -1.69       |
|    explained_variance   | 0.999       |
|    learning_rate        | 0.0003      |
|    loss                 | -0.016      |
|    n_updates            | 300         |
|    policy_gradient_loss | -0.0058     |
|    value_loss           | 0.00271     |
-----------------------------------------
[Checkpoint] Saved at 1500000 steps > /home/runner/work/Disciples2-RL/Disciples2-RL/github_experiments/141/builder/build_all/seed141-builder-build_all-36382235355-1/checkpoints/campaign_ppo_step_1500000.zip
-----------------------------------------
| rollout/                |             |
|    ep_len_mean          | 1.74e+03    |
|    ep_rew_mean          | 116         |
| time/                   |             |
|    fps                  | 321         |
|    iterations           | 62          |
|    time_elapsed         | 4732        |
|    total_timesteps      | 1523712     |
| train/                  |             |
|    approx_kl            | 0.010047772 |
|    clip_fraction        | 0.11        |
|    clip_range           | 0.2         |
|    entropy_loss         | -1.67       |
|    explained_variance   | 0.999       |
|    learning_rate        | 0.0003      |
|    loss                 | -0.0244     |
|    n_updates            | 305         |
|    policy_gradient_loss | -0.00738    |
|    value_loss           | 0.00274     |
-----------------------------------------
VecNormalize stats saved: /home/runner/work/Disciples2-RL/Disciples2-RL/github_experiments/141/builder/build_all/seed141-builder-build_all-36382235355-1/models/vecnormalize.pkl

Финальная модель сохранена: /home/runner/work/Disciples2-RL/Disciples2-RL/github_experiments/141/builder/build_all/seed141-builder-build_all-36382235355-1/models/final_model.zip

============================================================
ИТОГИ ОБУЧЕНИЯ:
  Побед: 802
  Поражений: 0
  Таймаутов: 0
  Побед бота столицы над врагами: 0
  Перестановок юнитов: 305377
  Winrate: 100.0%
============================================================
  График призывов за эпизод: /home/runner/work/Disciples2-RL/Disciples2-RL/github_experiments/141/builder/build_all/seed141-builder-build_all-36382235355-1/plots/campaign_summoned_units_per_episode.png
  График призывов за всё обучение: /home/runner/work/Disciples2-RL/Disciples2-RL/github_experiments/141/builder/build_all/seed141-builder-build_all-36382235355-1/plots/campaign_summoned_units_cumulative.png
  График найма за эпизод: /home/runner/work/Disciples2-RL/Disciples2-RL/github_experiments/141/builder/build_all/seed141-builder-build_all-36382235355-1/plots/campaign_hired_units_per_episode.png
  График найма за всё обучение: /home/runner/work/Disciples2-RL/Disciples2-RL/github_experiments/141/builder/build_all/seed141-builder-build_all-36382235355-1/plots/campaign_hired_units_cumulative.png
  График перестановок юнитов за эпизод: /home/runner/work/Disciples2-RL/Disciples2-RL/github_experiments/141/builder/build_all/seed141-builder-build_all-36382235355-1/plots/campaign_unit_swaps_per_episode.png
  График боевых предметов: /home/runner/work/Disciples2-RL/Disciples2-RL/github_experiments/141/builder/build_all/seed141-builder-build_all-36382235355-1/plots/campaign_battle_item_activity.png
  График побед бота столицы за эпизод: /home/runner/work/Disciples2-RL/Disciples2-RL/github_experiments/141/builder/build_all/seed141-builder-build_all-36382235355-1/plots/campaign_scripted_bot_victories_per_episode.png
  График применения заклинаний: /home/runner/work/Disciples2-RL/Disciples2-RL/github_experiments/141/builder/build_all/seed141-builder-build_all-36382235355-1/plots/campaign_spell_cast_activity.png
