Проверка среды CampaignEnv...
Среда прошла проверку!
[INFO] Comet disabled, running without experiment tracking
Создание 12 параллельных сред (subproc)...
Инициализация MaskablePPO...
Using cpu device

============================================================
Запуск обучения Campaign Agent
Всего шагов: 1,500,000
Параллельных сред: 12
VecEnv: subproc
VecEnv start method: forkserver
Seed: 143
Checkpoint каждые: 500,000 шагов
Evaluation каждые: 83,334 шагов
Eval deterministic эпизодов: 20
Eval stochastic эпизодов: 0
Eval лимит шагов на эпизод: 5000
Campaign map: magic_train
Campaign objective: all_enemies
System resources at training start:
  Platform: Linux 6.17.0-1022-azure (x86_64)
  Python: 3.14.7
  PyTorch: 2.14.0+cpu
  Training device: cpu
  CPU model: Intel(R) Xeon(R) 6973P-C
  CPU vendor: GenuineIntel
  Logical CPUs visible: 4
  Process CPU affinity: 4
  Sockets: 1
  Cores per socket: 2
  Threads per core: 2
  CPU max MHz: 2600.0000
  CPU min MHz: 800.0000
  L1d cache: 96 KiB (2 instances)
  L1i cache: 128 KiB (2 instances)
  L2 cache: 4 MiB (2 instances)
  L3 cache: 480 MiB (1 instance)
  Virtualization: VT-x
  Hypervisor: Microsoft
  RAM total: 15.61 GiB
  RAM available at start: 13.90 GiB
  Disk total: 144.26 GiB
  Disk free at start: 73.68 GiB
  Torch intra-op threads: 4
  Torch inter-op threads: 2
  OMP_NUM_THREADS: 4
  MKL_NUM_THREADS: 4
  OPENBLAS_NUM_THREADS: 4
  GitHub runner OS: Linux
  GitHub runner architecture: X64
  GitHub runner environment: github-hosted
PPO n_steps: 2,048
PPO batch_size: 512
PPO n_epochs: 5
PPO learning_rate: 0.0003
PPO clip_range: 0.2
PPO ent_coef: 0.01
PPO gamma: 0.995
PPO gae_lambda: 0.95
PPO target_kl: disabled
PPO gradient batches per rollout: 240
VecCheckNan: disabled
Freeze action layout: enabled
Empire territory: enabled
Scripted capital bot: disabled
Starting roster: classic party (Одержимый, Одержимый, Архидьявол, Сектант)
Torch threads per process: 4
Diagnostics: disabled
Wall-clock training limit: disabled
Run ID: seed143-magic_train-all_enemies-37120642895-1
============================================================

Logging to /home/runner/work/Disciples2-RL/Disciples2-RL/github_experiments/143/magic_train/all_enemies/seed143-magic_train-all_enemies-37120642895-1/tensorboard/MaskablePPO_1
------------------------------
| time/              |       |
|    fps             | 847   |
|    iterations      | 1     |
|    time_elapsed    | 29    |
|    total_timesteps | 24576 |
------------------------------
-----------------------------------------
| time/                   |             |
|    fps                  | 832         |
|    iterations           | 2           |
|    time_elapsed         | 59          |
|    total_timesteps      | 49152       |
| train/                  |             |
|    approx_kl            | 0.008011592 |
|    clip_fraction        | 0.0356      |
|    clip_range           | 0.2         |
|    entropy_loss         | -2.29       |
|    explained_variance   | 0.568       |
|    learning_rate        | 0.0003      |
|    loss                 | 0.0033      |
|    n_updates            | 5           |
|    policy_gradient_loss | -0.00433    |
|    value_loss           | 0.121       |
-----------------------------------------
-----------------------------------------
| rollout/                |             |
|    ep_len_mean          | 4.19e+03    |
|    ep_rew_mean          | -101        |
| time/                   |             |
|    fps                  | 832         |
|    iterations           | 3           |
|    time_elapsed         | 88          |
|    total_timesteps      | 73728       |
| train/                  |             |
|    approx_kl            | 0.010144511 |
|    clip_fraction        | 0.0493      |
|    clip_range           | 0.2         |
|    entropy_loss         | -2.25       |
|    explained_variance   | -0.0747     |
|    learning_rate        | 0.0003      |
|    loss                 | -0.0186     |
|    n_updates            | 10          |
|    policy_gradient_loss | -0.00486    |
|    value_loss           | 0.0128      |
-----------------------------------------
-----------------------------------------
| rollout/                |             |
|    ep_len_mean          | 4.19e+03    |
|    ep_rew_mean          | -101        |
| time/                   |             |
|    fps                  | 829         |
|    iterations           | 4           |
|    time_elapsed         | 118         |
|    total_timesteps      | 98304       |
| train/                  |             |
|    approx_kl            | 0.009549892 |
|    clip_fraction        | 0.0649      |
|    clip_range           | 0.2         |
|    entropy_loss         | -2.28       |
|    explained_variance   | 0.849       |
|    learning_rate        | 0.0003      |
|    loss                 | -0.0286     |
|    n_updates            | 15          |
|    policy_gradient_loss | -0.00621    |
|    value_loss           | 0.0224      |
-----------------------------------------
-----------------------------------------
| rollout/                |             |
|    ep_len_mean          | 4.18e+03    |
|    ep_rew_mean          | -115        |
| time/                   |             |
|    fps                  | 831         |
|    iterations           | 5           |
|    time_elapsed         | 147         |
|    total_timesteps      | 122880      |
| train/                  |             |
|    approx_kl            | 0.010174323 |
|    clip_fraction        | 0.0843      |
|    clip_range           | 0.2         |
|    entropy_loss         | -2.23       |
|    explained_variance   | 0.59        |
|    learning_rate        | 0.0003      |
|    loss                 | -0.0262     |
|    n_updates            | 20          |
|    policy_gradient_loss | -0.00587    |
|    value_loss           | 0.00646     |
-----------------------------------------
-----------------------------------------
| rollout/                |             |
|    ep_len_mean          | 4.18e+03    |
|    ep_rew_mean          | -115        |
| time/                   |             |
|    fps                  | 829         |
|    iterations           | 6           |
|    time_elapsed         | 177         |
|    total_timesteps      | 147456      |
| train/                  |             |
|    approx_kl            | 0.008701182 |
|    clip_fraction        | 0.0556      |
|    clip_range           | 0.2         |
|    entropy_loss         | -2.23       |
|    explained_variance   | 0.881       |
|    learning_rate        | 0.0003      |
|    loss                 | -0.00926    |
|    n_updates            | 25          |
|    policy_gradient_loss | -0.00465    |
|    value_loss           | 0.032       |
-----------------------------------------
------------------------------------------
| rollout/                |              |
|    ep_len_mean          | 4.17e+03     |
|    ep_rew_mean          | -120         |
| time/                   |              |
|    fps                  | 829          |
|    iterations           | 7            |
|    time_elapsed         | 207          |
|    total_timesteps      | 172032       |
| train/                  |              |
|    approx_kl            | 0.0120333405 |
|    clip_fraction        | 0.0904       |
|    clip_range           | 0.2          |
|    entropy_loss         | -2.17        |
|    explained_variance   | 0.842        |
|    learning_rate        | 0.0003       |
|    loss                 | -0.0143      |
|    n_updates            | 30           |
|    policy_gradient_loss | -0.00636     |
|    value_loss           | 0.00836      |
------------------------------------------
----------------------------------------
| rollout/                |            |
|    ep_len_mean          | 4.17e+03   |
|    ep_rew_mean          | -120       |
| time/                   |            |
|    fps                  | 828        |
|    iterations           | 8          |
|    time_elapsed         | 237        |
|    total_timesteps      | 196608     |
| train/                  |            |
|    approx_kl            | 0.00866918 |
|    clip_fraction        | 0.0627     |
|    clip_range           | 0.2        |
|    entropy_loss         | -2.23      |
|    explained_variance   | 0.956      |
|    learning_rate        | 0.0003     |
|    loss                 | -0.0207    |
|    n_updates            | 35         |
|    policy_gradient_loss | -0.00648   |
|    value_loss           | 0.0161     |
----------------------------------------
-----------------------------------------
| rollout/                |             |
|    ep_len_mean          | 4.16e+03    |
|    ep_rew_mean          | -123        |
| time/                   |             |
|    fps                  | 828         |
|    iterations           | 9           |
|    time_elapsed         | 266         |
|    total_timesteps      | 221184      |
| train/                  |             |
|    approx_kl            | 0.011174582 |
|    clip_fraction        | 0.132       |
|    clip_range           | 0.2         |
|    entropy_loss         | -2.13       |
|    explained_variance   | 0.904       |
|    learning_rate        | 0.0003      |
|    loss                 | -0.0387     |
|    n_updates            | 40          |
|    policy_gradient_loss | -0.00942    |
|    value_loss           | 0.00468     |
-----------------------------------------
-----------------------------------------
| rollout/                |             |
|    ep_len_mean          | 4.16e+03    |
|    ep_rew_mean          | -123        |
| time/                   |             |
|    fps                  | 825         |
|    iterations           | 10          |
|    time_elapsed         | 297         |
|    total_timesteps      | 245760      |
| train/                  |             |
|    approx_kl            | 0.009620696 |
|    clip_fraction        | 0.0872      |
|    clip_range           | 0.2         |
|    entropy_loss         | -2.2        |
|    explained_variance   | 0.954       |
|    learning_rate        | 0.0003      |
|    loss                 | -0.0152     |
|    n_updates            | 45          |
|    policy_gradient_loss | -0.00706    |
|    value_loss           | 0.0217      |
-----------------------------------------
-----------------------------------------
| rollout/                |             |
|    ep_len_mean          | 4.15e+03    |
|    ep_rew_mean          | -121        |
| time/                   |             |
|    fps                  | 825         |
|    iterations           | 11          |
|    time_elapsed         | 327         |
|    total_timesteps      | 270336      |
| train/                  |             |
|    approx_kl            | 0.011163604 |
|    clip_fraction        | 0.0958      |
|    clip_range           | 0.2         |
|    entropy_loss         | -2.19       |
|    explained_variance   | 0.883       |
|    learning_rate        | 0.0003      |
|    loss                 | -0.0301     |
|    n_updates            | 50          |
|    policy_gradient_loss | -0.00709    |
|    value_loss           | 0.0104      |
-----------------------------------------
-----------------------------------------
| rollout/                |             |
|    ep_len_mean          | 4.15e+03    |
|    ep_rew_mean          | -121        |
| time/                   |             |
|    fps                  | 824         |
|    iterations           | 12          |
|    time_elapsed         | 357         |
|    total_timesteps      | 294912      |
| train/                  |             |
|    approx_kl            | 0.008536075 |
|    clip_fraction        | 0.0681      |
|    clip_range           | 0.2         |
|    entropy_loss         | -2.2        |
|    explained_variance   | 0.967       |
|    learning_rate        | 0.0003      |
|    loss                 | -0.0288     |
|    n_updates            | 55          |
|    policy_gradient_loss | -0.00666    |
|    value_loss           | 0.0155      |
-----------------------------------------
-----------------------------------------
| rollout/                |             |
|    ep_len_mean          | 4.15e+03    |
|    ep_rew_mean          | -123        |
| time/                   |             |
|    fps                  | 824         |
|    iterations           | 13          |
|    time_elapsed         | 387         |
|    total_timesteps      | 319488      |
| train/                  |             |
|    approx_kl            | 0.012126175 |
|    clip_fraction        | 0.131       |
|    clip_range           | 0.2         |
|    entropy_loss         | -2.14       |
|    explained_variance   | 0.919       |
|    learning_rate        | 0.0003      |
|    loss                 | -0.026      |
|    n_updates            | 60          |
|    policy_gradient_loss | -0.00909    |
|    value_loss           | 0.00659     |
-----------------------------------------
-----------------------------------------
| rollout/                |             |
|    ep_len_mean          | 4.15e+03    |
|    ep_rew_mean          | -123        |
| time/                   |             |
|    fps                  | 823         |
|    iterations           | 14          |
|    time_elapsed         | 417         |
|    total_timesteps      | 344064      |
| train/                  |             |
|    approx_kl            | 0.009594438 |
|    clip_fraction        | 0.0622      |
|    clip_range           | 0.2         |
|    entropy_loss         | -2.21       |
|    explained_variance   | 0.969       |
|    learning_rate        | 0.0003      |
|    loss                 | -0.021      |
|    n_updates            | 65          |
|    policy_gradient_loss | -0.00603    |
|    value_loss           | 0.0179      |
-----------------------------------------
-----------------------------------------
| rollout/                |             |
|    ep_len_mean          | 4.15e+03    |
|    ep_rew_mean          | -122        |
| time/                   |             |
|    fps                  | 823         |
|    iterations           | 15          |
|    time_elapsed         | 447         |
|    total_timesteps      | 368640      |
| train/                  |             |
|    approx_kl            | 0.009946532 |
|    clip_fraction        | 0.0824      |
|    clip_range           | 0.2         |
|    entropy_loss         | -2.13       |
|    explained_variance   | 0.922       |
|    learning_rate        | 0.0003      |
|    loss                 | -0.0296     |
|    n_updates            | 70          |
|    policy_gradient_loss | -0.00591    |
|    value_loss           | 0.00837     |
-----------------------------------------
-----------------------------------------
| rollout/                |             |
|    ep_len_mean          | 4.15e+03    |
|    ep_rew_mean          | -122        |
| time/                   |             |
|    fps                  | 823         |
|    iterations           | 16          |
|    time_elapsed         | 477         |
|    total_timesteps      | 393216      |
| train/                  |             |
|    approx_kl            | 0.009416637 |
|    clip_fraction        | 0.0609      |
|    clip_range           | 0.2         |
|    entropy_loss         | -2.17       |
|    explained_variance   | 0.974       |
|    learning_rate        | 0.0003      |
|    loss                 | -0.02       |
|    n_updates            | 75          |
|    policy_gradient_loss | -0.00473    |
|    value_loss           | 0.0166      |
-----------------------------------------
-----------------------------------------
| rollout/                |             |
|    ep_len_mean          | 4.15e+03    |
|    ep_rew_mean          | -121        |
| time/                   |             |
|    fps                  | 822         |
|    iterations           | 17          |
|    time_elapsed         | 507         |
|    total_timesteps      | 417792      |
| train/                  |             |
|    approx_kl            | 0.012255922 |
|    clip_fraction        | 0.113       |
|    clip_range           | 0.2         |
|    entropy_loss         | -2.14       |
|    explained_variance   | 0.889       |
|    learning_rate        | 0.0003      |
|    loss                 | -0.03       |
|    n_updates            | 80          |
|    policy_gradient_loss | -0.00806    |
|    value_loss           | 0.00895     |
-----------------------------------------
-----------------------------------------
| rollout/                |             |
|    ep_len_mean          | 4.15e+03    |
|    ep_rew_mean          | -121        |
| time/                   |             |
|    fps                  | 821         |
|    iterations           | 18          |
|    time_elapsed         | 538         |
|    total_timesteps      | 442368      |
| train/                  |             |
|    approx_kl            | 0.009191773 |
|    clip_fraction        | 0.0733      |
|    clip_range           | 0.2         |
|    entropy_loss         | -2.17       |
|    explained_variance   | 0.964       |
|    learning_rate        | 0.0003      |
|    loss                 | -0.0183     |
|    n_updates            | 85          |
|    policy_gradient_loss | -0.00613    |
|    value_loss           | 0.0225      |
-----------------------------------------
-----------------------------------------
| rollout/                |             |
|    ep_len_mean          | 4.15e+03    |
|    ep_rew_mean          | -122        |
| time/                   |             |
|    fps                  | 821         |
|    iterations           | 19          |
|    time_elapsed         | 568         |
|    total_timesteps      | 466944      |
| train/                  |             |
|    approx_kl            | 0.010423754 |
|    clip_fraction        | 0.101       |
|    clip_range           | 0.2         |
|    entropy_loss         | -2.08       |
|    explained_variance   | 0.93        |
|    learning_rate        | 0.0003      |
|    loss                 | -0.0318     |
|    n_updates            | 90          |
|    policy_gradient_loss | -0.0077     |
|    value_loss           | 0.00479     |
-----------------------------------------
-----------------------------------------
| rollout/                |             |
|    ep_len_mean          | 4.15e+03    |
|    ep_rew_mean          | -122        |
| time/                   |             |
|    fps                  | 820         |
|    iterations           | 20          |
|    time_elapsed         | 598         |
|    total_timesteps      | 491520      |
| train/                  |             |
|    approx_kl            | 0.008394258 |
|    clip_fraction        | 0.0504      |
|    clip_range           | 0.2         |
|    entropy_loss         | -2.16       |
|    explained_variance   | 0.954       |
|    learning_rate        | 0.0003      |
|    loss                 | -0.00383    |
|    n_updates            | 95          |
|    policy_gradient_loss | -0.00323    |
|    value_loss           | 0.0303      |
-----------------------------------------
[Checkpoint] Saved at 500000 steps > /home/runner/work/Disciples2-RL/Disciples2-RL/github_experiments/143/magic_train/all_enemies/seed143-magic_train-all_enemies-37120642895-1/checkpoints/campaign_ppo_step_500000.zip
-----------------------------------------
| rollout/                |             |
|    ep_len_mean          | 4.15e+03    |
|    ep_rew_mean          | -120        |
| time/                   |             |
|    fps                  | 820         |
|    iterations           | 21          |
|    time_elapsed         | 628         |
|    total_timesteps      | 516096      |
| train/                  |             |
|    approx_kl            | 0.010135119 |
|    clip_fraction        | 0.0844      |
|    clip_range           | 0.2         |
|    entropy_loss         | -2.08       |
|    explained_variance   | 0.907       |
|    learning_rate        | 0.0003      |
|    loss                 | -0.0067     |
|    n_updates            | 100         |
|    policy_gradient_loss | -0.00416    |
|    value_loss           | 0.00779     |
-----------------------------------------
-----------------------------------------
| rollout/                |             |
|    ep_len_mean          | 4.15e+03    |
|    ep_rew_mean          | -120        |
| time/                   |             |
|    fps                  | 820         |
|    iterations           | 22          |
|    time_elapsed         | 659         |
|    total_timesteps      | 540672      |
| train/                  |             |
|    approx_kl            | 0.009945067 |
|    clip_fraction        | 0.0873      |
|    clip_range           | 0.2         |
|    entropy_loss         | -2.17       |
|    explained_variance   | 0.976       |
|    learning_rate        | 0.0003      |
|    loss                 | -0.0182     |
|    n_updates            | 105         |
|    policy_gradient_loss | -0.00525    |
|    value_loss           | 0.0171      |
-----------------------------------------
-----------------------------------------
| rollout/                |             |
|    ep_len_mean          | 4.14e+03    |
|    ep_rew_mean          | -114        |
| time/                   |             |
|    fps                  | 820         |
|    iterations           | 23          |
|    time_elapsed         | 688         |
|    total_timesteps      | 565248      |
| train/                  |             |
|    approx_kl            | 0.012137371 |
|    clip_fraction        | 0.102       |
|    clip_range           | 0.2         |
|    entropy_loss         | -2.14       |
|    explained_variance   | 0.879       |
|    learning_rate        | 0.0003      |
|    loss                 | -0.0354     |
|    n_updates            | 110         |
|    policy_gradient_loss | -0.00645    |
|    value_loss           | 0.00852     |
-----------------------------------------
------------------------------------------
| rollout/                |              |
|    ep_len_mean          | 4.14e+03     |
|    ep_rew_mean          | -114         |
| time/                   |              |
|    fps                  | 820          |
|    iterations           | 24           |
|    time_elapsed         | 718          |
|    total_timesteps      | 589824       |
| train/                  |              |
|    approx_kl            | 0.0072629005 |
|    clip_fraction        | 0.0513       |
|    clip_range           | 0.2          |
|    entropy_loss         | -2.15        |
|    explained_variance   | 0.977        |
|    learning_rate        | 0.0003       |
|    loss                 | -0.0111      |
|    n_updates            | 115          |
|    policy_gradient_loss | -0.00449     |
|    value_loss           | 0.014        |
------------------------------------------
------------------------------------------
| rollout/                |              |
|    ep_len_mean          | 4.14e+03     |
|    ep_rew_mean          | -108         |
| time/                   |              |
|    fps                  | 820          |
|    iterations           | 25           |
|    time_elapsed         | 748          |
|    total_timesteps      | 614400       |
| train/                  |              |
|    approx_kl            | 0.0100545585 |
|    clip_fraction        | 0.1          |
|    clip_range           | 0.2          |
|    entropy_loss         | -2.11        |
|    explained_variance   | 0.878        |
|    learning_rate        | 0.0003       |
|    loss                 | -0.0275      |
|    n_updates            | 120          |
|    policy_gradient_loss | -0.00455     |
|    value_loss           | 0.00722      |
------------------------------------------
-----------------------------------------
| rollout/                |             |
|    ep_len_mean          | 4.14e+03    |
|    ep_rew_mean          | -108        |
| time/                   |             |
|    fps                  | 821         |
|    iterations           | 26          |
|    time_elapsed         | 778         |
|    total_timesteps      | 638976      |
| train/                  |             |
|    approx_kl            | 0.009818374 |
|    clip_fraction        | 0.112       |
|    clip_range           | 0.2         |
|    entropy_loss         | -2.11       |
|    explained_variance   | 0.967       |
|    learning_rate        | 0.0003      |
|    loss                 | -0.0202     |
|    n_updates            | 125         |
|    policy_gradient_loss | -0.00662    |
|    value_loss           | 0.0165      |
-----------------------------------------
-----------------------------------------
| rollout/                |             |
|    ep_len_mean          | 4.14e+03    |
|    ep_rew_mean          | -104        |
| time/                   |             |
|    fps                  | 821         |
|    iterations           | 27          |
|    time_elapsed         | 807         |
|    total_timesteps      | 663552      |
| train/                  |             |
|    approx_kl            | 0.008718087 |
|    clip_fraction        | 0.0739      |
|    clip_range           | 0.2         |
|    entropy_loss         | -2.08       |
|    explained_variance   | 0.875       |
|    learning_rate        | 0.0003      |
|    loss                 | -0.0215     |
|    n_updates            | 130         |
|    policy_gradient_loss | -0.00567    |
|    value_loss           | 0.00791     |
-----------------------------------------
-----------------------------------------
| rollout/                |             |
|    ep_len_mean          | 4.14e+03    |
|    ep_rew_mean          | -104        |
| time/                   |             |
|    fps                  | 821         |
|    iterations           | 28          |
|    time_elapsed         | 837         |
|    total_timesteps      | 688128      |
| train/                  |             |
|    approx_kl            | 0.008753021 |
|    clip_fraction        | 0.0824      |
|    clip_range           | 0.2         |
|    entropy_loss         | -2.09       |
|    explained_variance   | 0.974       |
|    learning_rate        | 0.0003      |
|    loss                 | -0.0192     |
|    n_updates            | 135         |
|    policy_gradient_loss | -0.00646    |
|    value_loss           | 0.0145      |
-----------------------------------------
-----------------------------------------
| rollout/                |             |
|    ep_len_mean          | 4.14e+03    |
|    ep_rew_mean          | -99.1       |
| time/                   |             |
|    fps                  | 821         |
|    iterations           | 29          |
|    time_elapsed         | 867         |
|    total_timesteps      | 712704      |
| train/                  |             |
|    approx_kl            | 0.010086077 |
|    clip_fraction        | 0.0944      |
|    clip_range           | 0.2         |
|    entropy_loss         | -2.06       |
|    explained_variance   | 0.922       |
|    learning_rate        | 0.0003      |
|    loss                 | -0.0282     |
|    n_updates            | 140         |
|    policy_gradient_loss | -0.0073     |
|    value_loss           | 0.00592     |
-----------------------------------------
-----------------------------------------
| rollout/                |             |
|    ep_len_mean          | 4.14e+03    |
|    ep_rew_mean          | -99.1       |
| time/                   |             |
|    fps                  | 821         |
|    iterations           | 30          |
|    time_elapsed         | 897         |
|    total_timesteps      | 737280      |
| train/                  |             |
|    approx_kl            | 0.009964556 |
|    clip_fraction        | 0.0993      |
|    clip_range           | 0.2         |
|    entropy_loss         | -2.1        |
|    explained_variance   | 0.966       |
|    learning_rate        | 0.0003      |
|    loss                 | -0.0261     |
|    n_updates            | 145         |
|    policy_gradient_loss | -0.00631    |
|    value_loss           | 0.0208      |
-----------------------------------------
-----------------------------------------
| rollout/                |             |
|    ep_len_mean          | 4.14e+03    |
|    ep_rew_mean          | -97.1       |
| time/                   |             |
|    fps                  | 822         |
|    iterations           | 31          |
|    time_elapsed         | 926         |
|    total_timesteps      | 761856      |
| train/                  |             |
|    approx_kl            | 0.009963241 |
|    clip_fraction        | 0.093       |
|    clip_range           | 0.2         |
|    entropy_loss         | -2.04       |
|    explained_variance   | 0.879       |
|    learning_rate        | 0.0003      |
|    loss                 | -0.0212     |
|    n_updates            | 150         |
|    policy_gradient_loss | -0.00634    |
|    value_loss           | 0.00649     |
-----------------------------------------
------------------------------------------
| rollout/                |              |
|    ep_len_mean          | 4.14e+03     |
|    ep_rew_mean          | -97.1        |
| time/                   |              |
|    fps                  | 822          |
|    iterations           | 32           |
|    time_elapsed         | 956          |
|    total_timesteps      | 786432       |
| train/                  |              |
|    approx_kl            | 0.0122364415 |
|    clip_fraction        | 0.111        |
|    clip_range           | 0.2          |
|    entropy_loss         | -2.06        |
|    explained_variance   | 0.973        |
|    learning_rate        | 0.0003       |
|    loss                 | -0.00856     |
|    n_updates            | 155          |
|    policy_gradient_loss | -0.00762     |
|    value_loss           | 0.0169       |
------------------------------------------
-----------------------------------------
| rollout/                |             |
|    ep_len_mean          | 4.13e+03    |
|    ep_rew_mean          | -96.1       |
| time/                   |             |
|    fps                  | 822         |
|    iterations           | 33          |
|    time_elapsed         | 986         |
|    total_timesteps      | 811008      |
| train/                  |             |
|    approx_kl            | 0.009592946 |
|    clip_fraction        | 0.105       |
|    clip_range           | 0.2         |
|    entropy_loss         | -2.07       |
|    explained_variance   | 0.893       |
|    learning_rate        | 0.0003      |
|    loss                 | -0.0125     |
|    n_updates            | 160         |
|    policy_gradient_loss | -0.00896    |
|    value_loss           | 0.00916     |
-----------------------------------------
-----------------------------------------
| rollout/                |             |
|    ep_len_mean          | 4.13e+03    |
|    ep_rew_mean          | -96.1       |
| time/                   |             |
|    fps                  | 822         |
|    iterations           | 34          |
|    time_elapsed         | 1016        |
|    total_timesteps      | 835584      |
| train/                  |             |
|    approx_kl            | 0.009254821 |
|    clip_fraction        | 0.091       |
|    clip_range           | 0.2         |
|    entropy_loss         | -2.09       |
|    explained_variance   | 0.977       |
|    learning_rate        | 0.0003      |
|    loss                 | -0.0174     |
|    n_updates            | 165         |
|    policy_gradient_loss | -0.00568    |
|    value_loss           | 0.0148      |
-----------------------------------------
-----------------------------------------
| rollout/                |             |
|    ep_len_mean          | 4.12e+03    |
|    ep_rew_mean          | -93.3       |
| time/                   |             |
|    fps                  | 822         |
|    iterations           | 35          |
|    time_elapsed         | 1045        |
|    total_timesteps      | 860160      |
| train/                  |             |
|    approx_kl            | 0.009581135 |
|    clip_fraction        | 0.104       |
|    clip_range           | 0.2         |
|    entropy_loss         | -2.04       |
|    explained_variance   | 0.926       |
|    learning_rate        | 0.0003      |
|    loss                 | -0.0351     |
|    n_updates            | 170         |
|    policy_gradient_loss | -0.00782    |
|    value_loss           | 0.00495     |
-----------------------------------------
-----------------------------------------
| rollout/                |             |
|    ep_len_mean          | 4.12e+03    |
|    ep_rew_mean          | -93.3       |
| time/                   |             |
|    fps                  | 822         |
|    iterations           | 36          |
|    time_elapsed         | 1075        |
|    total_timesteps      | 884736      |
| train/                  |             |
|    approx_kl            | 0.010101776 |
|    clip_fraction        | 0.101       |
|    clip_range           | 0.2         |
|    entropy_loss         | -2.1        |
|    explained_variance   | 0.97        |
|    learning_rate        | 0.0003      |
|    loss                 | -0.0097     |
|    n_updates            | 175         |
|    policy_gradient_loss | -0.00581    |
|    value_loss           | 0.0216      |
-----------------------------------------
-----------------------------------------
| rollout/                |             |
|    ep_len_mean          | 4.11e+03    |
|    ep_rew_mean          | -89.6       |
| time/                   |             |
|    fps                  | 823         |
|    iterations           | 37          |
|    time_elapsed         | 1104        |
|    total_timesteps      | 909312      |
| train/                  |             |
|    approx_kl            | 0.010883068 |
|    clip_fraction        | 0.113       |
|    clip_range           | 0.2         |
|    entropy_loss         | -2.06       |
|    explained_variance   | 0.879       |
|    learning_rate        | 0.0003      |
|    loss                 | -0.0275     |
|    n_updates            | 180         |
|    policy_gradient_loss | -0.00747    |
|    value_loss           | 0.00741     |
-----------------------------------------
-----------------------------------------
| rollout/                |             |
|    ep_len_mean          | 4.11e+03    |
|    ep_rew_mean          | -89.6       |
| time/                   |             |
|    fps                  | 823         |
|    iterations           | 38          |
|    time_elapsed         | 1134        |
|    total_timesteps      | 933888      |
| train/                  |             |
|    approx_kl            | 0.009162079 |
|    clip_fraction        | 0.0844      |
|    clip_range           | 0.2         |
|    entropy_loss         | -2.09       |
|    explained_variance   | 0.979       |
|    learning_rate        | 0.0003      |
|    loss                 | -0.023      |
|    n_updates            | 185         |
|    policy_gradient_loss | -0.00554    |
|    value_loss           | 0.016       |
-----------------------------------------
------------------------------------------
| rollout/                |              |
|    ep_len_mean          | 4.1e+03      |
|    ep_rew_mean          | -85.7        |
| time/                   |              |
|    fps                  | 823          |
|    iterations           | 39           |
|    time_elapsed         | 1163         |
|    total_timesteps      | 958464       |
| train/                  |              |
|    approx_kl            | 0.0102066025 |
|    clip_fraction        | 0.099        |
|    clip_range           | 0.2          |
|    entropy_loss         | -2.1         |
|    explained_variance   | 0.853        |
|    learning_rate        | 0.0003       |
|    loss                 | -0.0254      |
|    n_updates            | 190          |
|    policy_gradient_loss | -0.00554     |
|    value_loss           | 0.00749      |
------------------------------------------
-----------------------------------------
| rollout/                |             |
|    ep_len_mean          | 4.1e+03     |
|    ep_rew_mean          | -85.7       |
| time/                   |             |
|    fps                  | 823         |
|    iterations           | 40          |
|    time_elapsed         | 1193        |
|    total_timesteps      | 983040      |
| train/                  |             |
|    approx_kl            | 0.010947722 |
|    clip_fraction        | 0.101       |
|    clip_range           | 0.2         |
|    entropy_loss         | -2.12       |
|    explained_variance   | 0.949       |
|    learning_rate        | 0.0003      |
|    loss                 | -0.0161     |
|    n_updates            | 195         |
|    policy_gradient_loss | -0.00457    |
|    value_loss           | 0.0345      |
-----------------------------------------
[Checkpoint] Saved at 1000000 steps > /home/runner/work/Disciples2-RL/Disciples2-RL/github_experiments/143/magic_train/all_enemies/seed143-magic_train-all_enemies-37120642895-1/checkpoints/campaign_ppo_step_1000000.zip
Eval num_timesteps=1000008, det_reward=-174.39 +/- 0.00
Episode length: det=3897.00 +/- 0.00
Victory rate: det=0.00%
------------------------------------------------
| eval/                           |            |
|    deterministic_mean_ep_length | 3.9e+03    |
|    deterministic_mean_reward    | -174       |
|    deterministic_victory_rate   | 0          |
|    mean_ep_length               | 3.9e+03    |
|    mean_reward                  | -174       |
|    victory_rate                 | 0          |
| time/                           |            |
|    total_timesteps              | 1000008    |
| train/                          |            |
|    approx_kl                    | 0.01090208 |
|    clip_fraction                | 0.131      |
|    clip_range                   | 0.2        |
|    entropy_loss                 | -2.06      |
|    explained_variance           | 0.881      |
|    learning_rate                | 0.0003     |
|    loss                         | -0.0296    |
|    n_updates                    | 200        |
|    policy_gradient_loss         | -0.00867   |
|    value_loss                   | 0.00589    |
------------------------------------------------
New best model by deterministic victory rate!
---------------------------------
| rollout/           |          |
|    ep_len_mean     | 4.09e+03 |
|    ep_rew_mean     | -86.7    |
| time/              |          |
|    fps             | 739      |
|    iterations      | 41       |
|    time_elapsed    | 1362     |
|    total_timesteps | 1007616  |
---------------------------------
-----------------------------------------
| rollout/                |             |
|    ep_len_mean          | 4.06e+03    |
|    ep_rew_mean          | -84.8       |
| time/                   |             |
|    fps                  | 741         |
|    iterations           | 42          |
|    time_elapsed         | 1392        |
|    total_timesteps      | 1032192     |
| train/                  |             |
|    approx_kl            | 0.010361639 |
|    clip_fraction        | 0.0967      |
|    clip_range           | 0.2         |
|    entropy_loss         | -2.12       |
|    explained_variance   | 0.963       |
|    learning_rate        | 0.0003      |
|    loss                 | -0.0261     |
|    n_updates            | 205         |
|    policy_gradient_loss | -0.00571    |
|    value_loss           | 0.0219      |
-----------------------------------------
-----------------------------------------
| rollout/                |             |
|    ep_len_mean          | 4.05e+03    |
|    ep_rew_mean          | -82.5       |
| time/                   |             |
|    fps                  | 743         |
|    iterations           | 43          |
|    time_elapsed         | 1421        |
|    total_timesteps      | 1056768     |
| train/                  |             |
|    approx_kl            | 0.011117466 |
|    clip_fraction        | 0.1         |
|    clip_range           | 0.2         |
|    entropy_loss         | -2.09       |
|    explained_variance   | 0.875       |
|    learning_rate        | 0.0003      |
|    loss                 | -0.00953    |
|    n_updates            | 210         |
|    policy_gradient_loss | -0.00551    |
|    value_loss           | 0.0273      |
-----------------------------------------
-----------------------------------------
| rollout/                |             |
|    ep_len_mean          | 3.98e+03    |
|    ep_rew_mean          | -79.2       |
| time/                   |             |
|    fps                  | 745         |
|    iterations           | 44          |
|    time_elapsed         | 1451        |
|    total_timesteps      | 1081344     |
| train/                  |             |
|    approx_kl            | 0.010111158 |
|    clip_fraction        | 0.113       |
|    clip_range           | 0.2         |
|    entropy_loss         | -2.09       |
|    explained_variance   | 0.945       |
|    learning_rate        | 0.0003      |
|    loss                 | -0.004      |
|    n_updates            | 215         |
|    policy_gradient_loss | -0.00749    |
|    value_loss           | 0.0265      |
-----------------------------------------
-----------------------------------------
| rollout/                |             |
|    ep_len_mean          | 3.9e+03     |
|    ep_rew_mean          | -75.3       |
| time/                   |             |
|    fps                  | 746         |
|    iterations           | 45          |
|    time_elapsed         | 1480        |
|    total_timesteps      | 1105920     |
| train/                  |             |
|    approx_kl            | 0.008625948 |
|    clip_fraction        | 0.0671      |
|    clip_range           | 0.2         |
|    entropy_loss         | -2.06       |
|    explained_variance   | 0.893       |
|    learning_rate        | 0.0003      |
|    loss                 | -0.00861    |
|    n_updates            | 220         |
|    policy_gradient_loss | -0.00456    |
|    value_loss           | 0.0562      |
-----------------------------------------
----------------------------------------
| rollout/                |            |
|    ep_len_mean          | 3.78e+03   |
|    ep_rew_mean          | -67.3      |
| time/                   |            |
|    fps                  | 748        |
|    iterations           | 46         |
|    time_elapsed         | 1510       |
|    total_timesteps      | 1130496    |
| train/                  |            |
|    approx_kl            | 0.00938571 |
|    clip_fraction        | 0.0814     |
|    clip_range           | 0.2        |
|    entropy_loss         | -2.1       |
|    explained_variance   | 0.896      |
|    learning_rate        | 0.0003     |
|    loss                 | -0.0177    |
|    n_updates            | 225        |
|    policy_gradient_loss | -0.00622   |
|    value_loss           | 0.0381     |
----------------------------------------
-----------------------------------------
| rollout/                |             |
|    ep_len_mean          | 3.63e+03    |
|    ep_rew_mean          | -57.4       |
| time/                   |             |
|    fps                  | 750         |
|    iterations           | 47          |
|    time_elapsed         | 1539        |
|    total_timesteps      | 1155072     |
| train/                  |             |
|    approx_kl            | 0.008557522 |
|    clip_fraction        | 0.0646      |
|    clip_range           | 0.2         |
|    entropy_loss         | -2.12       |
|    explained_variance   | 0.902       |
|    learning_rate        | 0.0003      |
|    loss                 | -0.00783    |
|    n_updates            | 230         |
|    policy_gradient_loss | -0.00426    |
|    value_loss           | 0.036       |
-----------------------------------------
-----------------------------------------
| rollout/                |             |
|    ep_len_mean          | 3.41e+03    |
|    ep_rew_mean          | -45.6       |
| time/                   |             |
|    fps                  | 752         |
|    iterations           | 48          |
|    time_elapsed         | 1568        |
|    total_timesteps      | 1179648     |
| train/                  |             |
|    approx_kl            | 0.009012957 |
|    clip_fraction        | 0.0747      |
|    clip_range           | 0.2         |
|    entropy_loss         | -2.09       |
|    explained_variance   | 0.9         |
|    learning_rate        | 0.0003      |
|    loss                 | -0.012      |
|    n_updates            | 235         |
|    policy_gradient_loss | -0.00572    |
|    value_loss           | 0.0409      |
-----------------------------------------
-----------------------------------------
| rollout/                |             |
|    ep_len_mean          | 3.18e+03    |
|    ep_rew_mean          | -35.2       |
| time/                   |             |
|    fps                  | 753         |
|    iterations           | 49          |
|    time_elapsed         | 1597        |
|    total_timesteps      | 1204224     |
| train/                  |             |
|    approx_kl            | 0.008440338 |
|    clip_fraction        | 0.0597      |
|    clip_range           | 0.2         |
|    entropy_loss         | -2.14       |
|    explained_variance   | 0.917       |
|    learning_rate        | 0.0003      |
|    loss                 | -0.0102     |
|    n_updates            | 240         |
|    policy_gradient_loss | -0.00366    |
|    value_loss           | 0.0381      |
-----------------------------------------
-----------------------------------------
| rollout/                |             |
|    ep_len_mean          | 2.8e+03     |
|    ep_rew_mean          | -22.5       |
| time/                   |             |
|    fps                  | 755         |
|    iterations           | 50          |
|    time_elapsed         | 1625        |
|    total_timesteps      | 1228800     |
| train/                  |             |
|    approx_kl            | 0.010881051 |
|    clip_fraction        | 0.0771      |
|    clip_range           | 0.2         |
|    entropy_loss         | -2.15       |
|    explained_variance   | 0.897       |
|    learning_rate        | 0.0003      |
|    loss                 | -0.0113     |
|    n_updates            | 245         |
|    policy_gradient_loss | -0.00524    |
|    value_loss           | 0.0419      |
-----------------------------------------
-----------------------------------------
| rollout/                |             |
|    ep_len_mean          | 2.39e+03    |
|    ep_rew_mean          | -7.22       |
| time/                   |             |
|    fps                  | 757         |
|    iterations           | 51          |
|    time_elapsed         | 1654        |
|    total_timesteps      | 1253376     |
| train/                  |             |
|    approx_kl            | 0.008138795 |
|    clip_fraction        | 0.0777      |
|    clip_range           | 0.2         |
|    entropy_loss         | -2.13       |
|    explained_variance   | 0.887       |
|    learning_rate        | 0.0003      |
|    loss                 | -0.0155     |
|    n_updates            | 250         |
|    policy_gradient_loss | -0.0045     |
|    value_loss           | 0.0472      |
-----------------------------------------
-----------------------------------------
| rollout/                |             |
|    ep_len_mean          | 1.81e+03    |
|    ep_rew_mean          | 11.4        |
| time/                   |             |
|    fps                  | 759         |
|    iterations           | 52          |
|    time_elapsed         | 1682        |
|    total_timesteps      | 1277952     |
| train/                  |             |
|    approx_kl            | 0.011601482 |
|    clip_fraction        | 0.0775      |
|    clip_range           | 0.2         |
|    entropy_loss         | -2.13       |
|    explained_variance   | 0.888       |
|    learning_rate        | 0.0003      |
|    loss                 | -0.0186     |
|    n_updates            | 255         |
|    policy_gradient_loss | -0.00615    |
|    value_loss           | 0.0447      |
-----------------------------------------
-----------------------------------------
| rollout/                |             |
|    ep_len_mean          | 1.39e+03    |
|    ep_rew_mean          | 20.4        |
| time/                   |             |
|    fps                  | 761         |
|    iterations           | 53          |
|    time_elapsed         | 1711        |
|    total_timesteps      | 1302528     |
| train/                  |             |
|    approx_kl            | 0.011596783 |
|    clip_fraction        | 0.076       |
|    clip_range           | 0.2         |
|    entropy_loss         | -2.12       |
|    explained_variance   | 0.892       |
|    learning_rate        | 0.0003      |
|    loss                 | -0.00341    |
|    n_updates            | 260         |
|    policy_gradient_loss | -0.00604    |
|    value_loss           | 0.0537      |
-----------------------------------------
-----------------------------------------
| rollout/                |             |
|    ep_len_mean          | 1.09e+03    |
|    ep_rew_mean          | 26.1        |
| time/                   |             |
|    fps                  | 762         |
|    iterations           | 54          |
|    time_elapsed         | 1739        |
|    total_timesteps      | 1327104     |
| train/                  |             |
|    approx_kl            | 0.010487452 |
|    clip_fraction        | 0.0823      |
|    clip_range           | 0.2         |
|    entropy_loss         | -2.11       |
|    explained_variance   | 0.898       |
|    learning_rate        | 0.0003      |
|    loss                 | 0.00196     |
|    n_updates            | 265         |
|    policy_gradient_loss | -0.00648    |
|    value_loss           | 0.0468      |
-----------------------------------------
----------------------------------------
| rollout/                |            |
|    ep_len_mean          | 903        |
|    ep_rew_mean          | 29         |
| time/                   |            |
|    fps                  | 764        |
|    iterations           | 55         |
|    time_elapsed         | 1767       |
|    total_timesteps      | 1351680    |
| train/                  |            |
|    approx_kl            | 0.01060259 |
|    clip_fraction        | 0.0995     |
|    clip_range           | 0.2        |
|    entropy_loss         | -2.11      |
|    explained_variance   | 0.888      |
|    learning_rate        | 0.0003     |
|    loss                 | -0.00344   |
|    n_updates            | 270        |
|    policy_gradient_loss | -0.00582   |
|    value_loss           | 0.0473     |
----------------------------------------
-----------------------------------------
| rollout/                |             |
|    ep_len_mean          | 812         |
|    ep_rew_mean          | 30.2        |
| time/                   |             |
|    fps                  | 766         |
|    iterations           | 56          |
|    time_elapsed         | 1794        |
|    total_timesteps      | 1376256     |
| train/                  |             |
|    approx_kl            | 0.012159002 |
|    clip_fraction        | 0.0734      |
|    clip_range           | 0.2         |
|    entropy_loss         | -2.08       |
|    explained_variance   | 0.896       |
|    learning_rate        | 0.0003      |
|    loss                 | -0.0181     |
|    n_updates            | 275         |
|    policy_gradient_loss | -0.00636    |
|    value_loss           | 0.0409      |
-----------------------------------------
-----------------------------------------
| rollout/                |             |
|    ep_len_mean          | 737         |
|    ep_rew_mean          | 31.3        |
| time/                   |             |
|    fps                  | 768         |
|    iterations           | 57          |
|    time_elapsed         | 1822        |
|    total_timesteps      | 1400832     |
| train/                  |             |
|    approx_kl            | 0.010071467 |
|    clip_fraction        | 0.0736      |
|    clip_range           | 0.2         |
|    entropy_loss         | -2.1        |
|    explained_variance   | 0.9         |
|    learning_rate        | 0.0003      |
|    loss                 | -0.00869    |
|    n_updates            | 280         |
|    policy_gradient_loss | -0.00483    |
|    value_loss           | 0.038       |
-----------------------------------------
-----------------------------------------
| rollout/                |             |
|    ep_len_mean          | 694         |
|    ep_rew_mean          | 31.9        |
| time/                   |             |
|    fps                  | 770         |
|    iterations           | 58          |
|    time_elapsed         | 1850        |
|    total_timesteps      | 1425408     |
| train/                  |             |
|    approx_kl            | 0.012207721 |
|    clip_fraction        | 0.0954      |
|    clip_range           | 0.2         |
|    entropy_loss         | -2.08       |
|    explained_variance   | 0.895       |
|    learning_rate        | 0.0003      |
|    loss                 | -0.0222     |
|    n_updates            | 285         |
|    policy_gradient_loss | -0.00489    |
|    value_loss           | 0.0302      |
-----------------------------------------
-----------------------------------------
| rollout/                |             |
|    ep_len_mean          | 666         |
|    ep_rew_mean          | 32.5        |
| time/                   |             |
|    fps                  | 772         |
|    iterations           | 59          |
|    time_elapsed         | 1877        |
|    total_timesteps      | 1449984     |
| train/                  |             |
|    approx_kl            | 0.012679655 |
|    clip_fraction        | 0.0917      |
|    clip_range           | 0.2         |
|    entropy_loss         | -2.06       |
|    explained_variance   | 0.928       |
|    learning_rate        | 0.0003      |
|    loss                 | -0.013      |
|    n_updates            | 290         |
|    policy_gradient_loss | -0.00601    |
|    value_loss           | 0.0191      |
-----------------------------------------
------------------------------------------
| rollout/                |              |
|    ep_len_mean          | 650          |
|    ep_rew_mean          | 32.9         |
| time/                   |              |
|    fps                  | 774          |
|    iterations           | 60           |
|    time_elapsed         | 1904         |
|    total_timesteps      | 1474560      |
| train/                  |              |
|    approx_kl            | 0.0097416965 |
|    clip_fraction        | 0.0763       |
|    clip_range           | 0.2          |
|    entropy_loss         | -2.03        |
|    explained_variance   | 0.921        |
|    learning_rate        | 0.0003       |
|    loss                 | -0.0229      |
|    n_updates            | 295          |
|    policy_gradient_loss | -0.00558     |
|    value_loss           | 0.0202       |
------------------------------------------
-----------------------------------------
| rollout/                |             |
|    ep_len_mean          | 628         |
|    ep_rew_mean          | 33.2        |
| time/                   |             |
|    fps                  | 776         |
|    iterations           | 61          |
|    time_elapsed         | 1931        |
|    total_timesteps      | 1499136     |
| train/                  |             |
|    approx_kl            | 0.010009822 |
|    clip_fraction        | 0.0993      |
|    clip_range           | 0.2         |
|    entropy_loss         | -2.04       |
|    explained_variance   | 0.92        |
|    learning_rate        | 0.0003      |
|    loss                 | -0.0208     |
|    n_updates            | 300         |
|    policy_gradient_loss | -0.00444    |
|    value_loss           | 0.0173      |
-----------------------------------------
[Checkpoint] Saved at 1500000 steps > /home/runner/work/Disciples2-RL/Disciples2-RL/github_experiments/143/magic_train/all_enemies/seed143-magic_train-all_enemies-37120642895-1/checkpoints/campaign_ppo_step_1500000.zip
-----------------------------------------
| rollout/                |             |
|    ep_len_mean          | 608         |
|    ep_rew_mean          | 32.8        |
| time/                   |             |
|    fps                  | 777         |
|    iterations           | 62          |
|    time_elapsed         | 1959        |
|    total_timesteps      | 1523712     |
| train/                  |             |
|    approx_kl            | 0.010597038 |
|    clip_fraction        | 0.0821      |
|    clip_range           | 0.2         |
|    entropy_loss         | -2.03       |
|    explained_variance   | 0.931       |
|    learning_rate        | 0.0003      |
|    loss                 | -0.028      |
|    n_updates            | 305         |
|    policy_gradient_loss | -0.00469    |
|    value_loss           | 0.0126      |
-----------------------------------------
VecNormalize stats saved: /home/runner/work/Disciples2-RL/Disciples2-RL/github_experiments/143/magic_train/all_enemies/seed143-magic_train-all_enemies-37120642895-1/models/vecnormalize.pkl

Финальная модель сохранена: /home/runner/work/Disciples2-RL/Disciples2-RL/github_experiments/143/magic_train/all_enemies/seed143-magic_train-all_enemies-37120642895-1/models/final_model.zip

============================================================
ИТОГИ ОБУЧЕНИЯ:
  Побед: 476
  Поражений: 0
  Таймаутов: 245
  Побед бота столицы над врагами: 0
  Перестановок юнитов: 303413
  Winrate: 66.0%
============================================================
  График призывов за эпизод: /home/runner/work/Disciples2-RL/Disciples2-RL/github_experiments/143/magic_train/all_enemies/seed143-magic_train-all_enemies-37120642895-1/plots/campaign_summoned_units_per_episode.png
  График призывов за всё обучение: /home/runner/work/Disciples2-RL/Disciples2-RL/github_experiments/143/magic_train/all_enemies/seed143-magic_train-all_enemies-37120642895-1/plots/campaign_summoned_units_cumulative.png
  График найма за эпизод: /home/runner/work/Disciples2-RL/Disciples2-RL/github_experiments/143/magic_train/all_enemies/seed143-magic_train-all_enemies-37120642895-1/plots/campaign_hired_units_per_episode.png
  График найма за всё обучение: /home/runner/work/Disciples2-RL/Disciples2-RL/github_experiments/143/magic_train/all_enemies/seed143-magic_train-all_enemies-37120642895-1/plots/campaign_hired_units_cumulative.png
  График перестановок юнитов за эпизод: /home/runner/work/Disciples2-RL/Disciples2-RL/github_experiments/143/magic_train/all_enemies/seed143-magic_train-all_enemies-37120642895-1/plots/campaign_unit_swaps_per_episode.png
  График боевых предметов: /home/runner/work/Disciples2-RL/Disciples2-RL/github_experiments/143/magic_train/all_enemies/seed143-magic_train-all_enemies-37120642895-1/plots/campaign_battle_item_activity.png
  График побед бота столицы за эпизод: /home/runner/work/Disciples2-RL/Disciples2-RL/github_experiments/143/magic_train/all_enemies/seed143-magic_train-all_enemies-37120642895-1/plots/campaign_scripted_bot_victories_per_episode.png
  График применения заклинаний: /home/runner/work/Disciples2-RL/Disciples2-RL/github_experiments/143/magic_train/all_enemies/seed143-magic_train-all_enemies-37120642895-1/plots/campaign_spell_cast_activity.png
