Проверка среды CampaignEnv...
Среда прошла проверку!
[INFO] Comet disabled, running without experiment tracking
Создание 4 параллельных сред (dummy)...
Инициализация MaskablePPO...
Using cpu device

============================================================
Запуск обучения Campaign Agent
Всего шагов: 3,000,000
Параллельных сред: 4
VecEnv: dummy
Seed: 42
Checkpoint каждые: 300,000 шагов
Evaluation каждые: 300,000 шагов
Eval deterministic эпизодов: 20
Eval stochastic эпизодов: 0
Eval лимит шагов на эпизод: 5000
Campaign map: super_last_stand
Campaign objective: waves
System resources at training start:
  Platform: Windows 11 (AMD64)
  Python: 3.14.6
  PyTorch: 2.12.1+cpu
  Training device: cpu
  CPU model: Intel64 Family 6 Model 158 Stepping 10, GenuineIntel
  CPU vendor: unknown
  Logical CPUs visible: 6
  Process CPU affinity: 6
  Sockets: unknown
  Cores per socket: unknown
  Threads per core: unknown
  CPU max MHz: unknown
  CPU min MHz: unknown
  L1d cache: unknown
  L1i cache: unknown
  L2 cache: unknown
  L3 cache: unknown
  Virtualization: unknown
  Hypervisor: unknown
  RAM total: unknown
  RAM available at start: unknown
  Disk total: 237.56 GiB
  Disk free at start: 50.49 GiB
  Torch intra-op threads: 1
  Torch inter-op threads: 1
  OMP_NUM_THREADS: 1
  MKL_NUM_THREADS: 1
  OPENBLAS_NUM_THREADS: 1
PPO n_steps: 2,048
PPO batch_size: 512
PPO n_epochs: 5
PPO learning_rate: 0.0003
PPO clip_range: 0.2
PPO ent_coef: 0.01
PPO gamma: 0.995
PPO gae_lambda: 0.95
PPO target_kl: disabled
PPO gradient batches per rollout: 80
VecCheckNan: enabled
Freeze action layout: enabled
Empire territory: enabled
Torch threads per process: 1
Diagnostics: enabled
Wall-clock training limit: disabled
Diagnostics dir: C:\Users\Admin\Desktop\disciple\realnewdisciples-main\Big_map\campaign_diagnostics\super-last-stand-3m-20260912-142514
Run ID: super-last-stand-3m-20260912-142514
============================================================

Logging to C:\Users\Admin\Desktop\disciple\realnewdisciples-main\Big_map\campaign_tb_logs\super-last-stand-3m-20260912-142514\MaskablePPO_1
---------------------------------
| rollout/           |          |
|    ep_len_mean     | 351      |
|    ep_rew_mean     | 3.66     |
| time/              |          |
|    fps             | 339      |
|    iterations      | 1        |
|    time_elapsed    | 24       |
|    total_timesteps | 8192     |
---------------------------------
-----------------------------------------
| rollout/                |             |
|    ep_len_mean          | 373         |
|    ep_rew_mean          | 12.6        |
| time/                   |             |
|    fps                  | 310         |
|    iterations           | 2           |
|    time_elapsed         | 52          |
|    total_timesteps      | 16384       |
| train/                  |             |
|    approx_kl            | 0.008105829 |
|    clip_fraction        | 0.0503      |
|    clip_range           | 0.2         |
|    entropy_loss         | -2.35       |
|    explained_variance   | 0.0663      |
|    learning_rate        | 0.0003      |
|    loss                 | -0.0163     |
|    n_updates            | 5           |
|    policy_gradient_loss | -0.0081     |
|    value_loss           | 0.0592      |
-----------------------------------------
-----------------------------------------
| rollout/                |             |
|    ep_len_mean          | 399         |
|    ep_rew_mean          | 16.5        |
| time/                   |             |
|    fps                  | 294         |
|    iterations           | 3           |
|    time_elapsed         | 83          |
|    total_timesteps      | 24576       |
| train/                  |             |
|    approx_kl            | 0.009882631 |
|    clip_fraction        | 0.0695      |
|    clip_range           | 0.2         |
|    entropy_loss         | -2.36       |
|    explained_variance   | 0.345       |
|    learning_rate        | 0.0003      |
|    loss                 | -0.0211     |
|    n_updates            | 10          |
|    policy_gradient_loss | -0.0106     |
|    value_loss           | 0.0475      |
-----------------------------------------
-----------------------------------------
| rollout/                |             |
|    ep_len_mean          | 392         |
|    ep_rew_mean          | 21.1        |
| time/                   |             |
|    fps                  | 289         |
|    iterations           | 4           |
|    time_elapsed         | 113         |
|    total_timesteps      | 32768       |
| train/                  |             |
|    approx_kl            | 0.010389354 |
|    clip_fraction        | 0.0995      |
|    clip_range           | 0.2         |
|    entropy_loss         | -2.37       |
|    explained_variance   | 0.559       |
|    learning_rate        | 0.0003      |
|    loss                 | -0.0101     |
|    n_updates            | 15          |
|    policy_gradient_loss | -0.0134     |
|    value_loss           | 0.0468      |
-----------------------------------------
-----------------------------------------
| rollout/                |             |
|    ep_len_mean          | 373         |
|    ep_rew_mean          | 26.8        |
| time/                   |             |
|    fps                  | 286         |
|    iterations           | 5           |
|    time_elapsed         | 143         |
|    total_timesteps      | 40960       |
| train/                  |             |
|    approx_kl            | 0.009567977 |
|    clip_fraction        | 0.0788      |
|    clip_range           | 0.2         |
|    entropy_loss         | -2.36       |
|    explained_variance   | 0.549       |
|    learning_rate        | 0.0003      |
|    loss                 | -0.0247     |
|    n_updates            | 20          |
|    policy_gradient_loss | -0.0131     |
|    value_loss           | 0.0435      |
-----------------------------------------
-----------------------------------------
| rollout/                |             |
|    ep_len_mean          | 372         |
|    ep_rew_mean          | 36.8        |
| time/                   |             |
|    fps                  | 279         |
|    iterations           | 6           |
|    time_elapsed         | 175         |
|    total_timesteps      | 49152       |
| train/                  |             |
|    approx_kl            | 0.010861903 |
|    clip_fraction        | 0.0727      |
|    clip_range           | 0.2         |
|    entropy_loss         | -2.36       |
|    explained_variance   | 0.67        |
|    learning_rate        | 0.0003      |
|    loss                 | -0.0155     |
|    n_updates            | 25          |
|    policy_gradient_loss | -0.0125     |
|    value_loss           | 0.0532      |
-----------------------------------------
-----------------------------------------
| rollout/                |             |
|    ep_len_mean          | 346         |
|    ep_rew_mean          | 46.7        |
| time/                   |             |
|    fps                  | 277         |
|    iterations           | 7           |
|    time_elapsed         | 206         |
|    total_timesteps      | 57344       |
| train/                  |             |
|    approx_kl            | 0.008007228 |
|    clip_fraction        | 0.0501      |
|    clip_range           | 0.2         |
|    entropy_loss         | -2.33       |
|    explained_variance   | 0.728       |
|    learning_rate        | 0.0003      |
|    loss                 | -0.0194     |
|    n_updates            | 30          |
|    policy_gradient_loss | -0.0108     |
|    value_loss           | 0.0352      |
-----------------------------------------
-----------------------------------------
| rollout/                |             |
|    ep_len_mean          | 333         |
|    ep_rew_mean          | 55.2        |
| time/                   |             |
|    fps                  | 276         |
|    iterations           | 8           |
|    time_elapsed         | 237         |
|    total_timesteps      | 65536       |
| train/                  |             |
|    approx_kl            | 0.009119002 |
|    clip_fraction        | 0.076       |
|    clip_range           | 0.2         |
|    entropy_loss         | -2.3        |
|    explained_variance   | 0.786       |
|    learning_rate        | 0.0003      |
|    loss                 | -0.0236     |
|    n_updates            | 35          |
|    policy_gradient_loss | -0.0116     |
|    value_loss           | 0.0358      |
-----------------------------------------
-----------------------------------------
| rollout/                |             |
|    ep_len_mean          | 331         |
|    ep_rew_mean          | 64.6        |
| time/                   |             |
|    fps                  | 274         |
|    iterations           | 9           |
|    time_elapsed         | 268         |
|    total_timesteps      | 73728       |
| train/                  |             |
|    approx_kl            | 0.008695435 |
|    clip_fraction        | 0.0709      |
|    clip_range           | 0.2         |
|    entropy_loss         | -2.32       |
|    explained_variance   | 0.732       |
|    learning_rate        | 0.0003      |
|    loss                 | -0.0142     |
|    n_updates            | 40          |
|    policy_gradient_loss | -0.011      |
|    value_loss           | 0.0518      |
-----------------------------------------
-----------------------------------------
| rollout/                |             |
|    ep_len_mean          | 330         |
|    ep_rew_mean          | 74.7        |
| time/                   |             |
|    fps                  | 273         |
|    iterations           | 10          |
|    time_elapsed         | 299         |
|    total_timesteps      | 81920       |
| train/                  |             |
|    approx_kl            | 0.011573331 |
|    clip_fraction        | 0.0862      |
|    clip_range           | 0.2         |
|    entropy_loss         | -2.31       |
|    explained_variance   | 0.767       |
|    learning_rate        | 0.0003      |
|    loss                 | -0.026      |
|    n_updates            | 45          |
|    policy_gradient_loss | -0.0123     |
|    value_loss           | 0.0551      |
-----------------------------------------
-----------------------------------------
| rollout/                |             |
|    ep_len_mean          | 333         |
|    ep_rew_mean          | 83.8        |
| time/                   |             |
|    fps                  | 272         |
|    iterations           | 11          |
|    time_elapsed         | 330         |
|    total_timesteps      | 90112       |
| train/                  |             |
|    approx_kl            | 0.011561028 |
|    clip_fraction        | 0.105       |
|    clip_range           | 0.2         |
|    entropy_loss         | -2.3        |
|    explained_variance   | 0.748       |
|    learning_rate        | 0.0003      |
|    loss                 | -0.0122     |
|    n_updates            | 50          |
|    policy_gradient_loss | -0.0138     |
|    value_loss           | 0.0593      |
-----------------------------------------
-----------------------------------------
| rollout/                |             |
|    ep_len_mean          | 348         |
|    ep_rew_mean          | 91.5        |
| time/                   |             |
|    fps                  | 271         |
|    iterations           | 12          |
|    time_elapsed         | 361         |
|    total_timesteps      | 98304       |
| train/                  |             |
|    approx_kl            | 0.008842756 |
|    clip_fraction        | 0.0626      |
|    clip_range           | 0.2         |
|    entropy_loss         | -2.27       |
|    explained_variance   | 0.853       |
|    learning_rate        | 0.0003      |
|    loss                 | -0.0254     |
|    n_updates            | 55          |
|    policy_gradient_loss | -0.0111     |
|    value_loss           | 0.0481      |
-----------------------------------------
-----------------------------------------
| rollout/                |             |
|    ep_len_mean          | 366         |
|    ep_rew_mean          | 107         |
| time/                   |             |
|    fps                  | 270         |
|    iterations           | 13          |
|    time_elapsed         | 393         |
|    total_timesteps      | 106496      |
| train/                  |             |
|    approx_kl            | 0.010697204 |
|    clip_fraction        | 0.0722      |
|    clip_range           | 0.2         |
|    entropy_loss         | -2.23       |
|    explained_variance   | 0.835       |
|    learning_rate        | 0.0003      |
|    loss                 | -0.0218     |
|    n_updates            | 60          |
|    policy_gradient_loss | -0.0104     |
|    value_loss           | 0.0491      |
-----------------------------------------
-----------------------------------------
| rollout/                |             |
|    ep_len_mean          | 342         |
|    ep_rew_mean          | 110         |
| time/                   |             |
|    fps                  | 268         |
|    iterations           | 14          |
|    time_elapsed         | 427         |
|    total_timesteps      | 114688      |
| train/                  |             |
|    approx_kl            | 0.009958858 |
|    clip_fraction        | 0.083       |
|    clip_range           | 0.2         |
|    entropy_loss         | -2.22       |
|    explained_variance   | 0.867       |
|    learning_rate        | 0.0003      |
|    loss                 | -0.00932    |
|    n_updates            | 65          |
|    policy_gradient_loss | -0.00931    |
|    value_loss           | 0.0509      |
-----------------------------------------
-----------------------------------------
| rollout/                |             |
|    ep_len_mean          | 336         |
|    ep_rew_mean          | 114         |
| time/                   |             |
|    fps                  | 266         |
|    iterations           | 15          |
|    time_elapsed         | 460         |
|    total_timesteps      | 122880      |
| train/                  |             |
|    approx_kl            | 0.009780298 |
|    clip_fraction        | 0.069       |
|    clip_range           | 0.2         |
|    entropy_loss         | -2.21       |
|    explained_variance   | 0.837       |
|    learning_rate        | 0.0003      |
|    loss                 | -0.00335    |
|    n_updates            | 70          |
|    policy_gradient_loss | -0.0101     |
|    value_loss           | 0.0678      |
-----------------------------------------
------------------------------------------
| rollout/                |              |
|    ep_len_mean          | 328          |
|    ep_rew_mean          | 119          |
| time/                   |              |
|    fps                  | 265          |
|    iterations           | 16           |
|    time_elapsed         | 492          |
|    total_timesteps      | 131072       |
| train/                  |              |
|    approx_kl            | 0.0097958725 |
|    clip_fraction        | 0.0761       |
|    clip_range           | 0.2          |
|    entropy_loss         | -2.1         |
|    explained_variance   | 0.868        |
|    learning_rate        | 0.0003       |
|    loss                 | 0.00283      |
|    n_updates            | 75           |
|    policy_gradient_loss | -0.0103      |
|    value_loss           | 0.057        |
------------------------------------------
-----------------------------------------
| rollout/                |             |
|    ep_len_mean          | 327         |
|    ep_rew_mean          | 119         |
| time/                   |             |
|    fps                  | 265         |
|    iterations           | 17          |
|    time_elapsed         | 525         |
|    total_timesteps      | 139264      |
| train/                  |             |
|    approx_kl            | 0.008110587 |
|    clip_fraction        | 0.0492      |
|    clip_range           | 0.2         |
|    entropy_loss         | -2.08       |
|    explained_variance   | 0.883       |
|    learning_rate        | 0.0003      |
|    loss                 | -0.00946    |
|    n_updates            | 80          |
|    policy_gradient_loss | -0.00821    |
|    value_loss           | 0.0495      |
-----------------------------------------
-----------------------------------------
| rollout/                |             |
|    ep_len_mean          | 350         |
|    ep_rew_mean          | 126         |
| time/                   |             |
|    fps                  | 264         |
|    iterations           | 18          |
|    time_elapsed         | 557         |
|    total_timesteps      | 147456      |
| train/                  |             |
|    approx_kl            | 0.007676137 |
|    clip_fraction        | 0.0558      |
|    clip_range           | 0.2         |
|    entropy_loss         | -2.02       |
|    explained_variance   | 0.906       |
|    learning_rate        | 0.0003      |
|    loss                 | -0.0156     |
|    n_updates            | 85          |
|    policy_gradient_loss | -0.0078     |
|    value_loss           | 0.0413      |
-----------------------------------------
-----------------------------------------
| rollout/                |             |
|    ep_len_mean          | 362         |
|    ep_rew_mean          | 133         |
| time/                   |             |
|    fps                  | 263         |
|    iterations           | 19          |
|    time_elapsed         | 590         |
|    total_timesteps      | 155648      |
| train/                  |             |
|    approx_kl            | 0.009500951 |
|    clip_fraction        | 0.0591      |
|    clip_range           | 0.2         |
|    entropy_loss         | -2          |
|    explained_variance   | 0.917       |
|    learning_rate        | 0.0003      |
|    loss                 | -0.00666    |
|    n_updates            | 90          |
|    policy_gradient_loss | -0.00768    |
|    value_loss           | 0.0414      |
-----------------------------------------
-----------------------------------------
| rollout/                |             |
|    ep_len_mean          | 371         |
|    ep_rew_mean          | 141         |
| time/                   |             |
|    fps                  | 263         |
|    iterations           | 20          |
|    time_elapsed         | 622         |
|    total_timesteps      | 163840      |
| train/                  |             |
|    approx_kl            | 0.007210412 |
|    clip_fraction        | 0.0614      |
|    clip_range           | 0.2         |
|    entropy_loss         | -1.93       |
|    explained_variance   | 0.891       |
|    learning_rate        | 0.0003      |
|    loss                 | -0.00697    |
|    n_updates            | 95          |
|    policy_gradient_loss | -0.00883    |
|    value_loss           | 0.0556      |
-----------------------------------------
------------------------------------------
| rollout/                |              |
|    ep_len_mean          | 369          |
|    ep_rew_mean          | 143          |
| time/                   |              |
|    fps                  | 262          |
|    iterations           | 21           |
|    time_elapsed         | 654          |
|    total_timesteps      | 172032       |
| train/                  |              |
|    approx_kl            | 0.0068709133 |
|    clip_fraction        | 0.0444       |
|    clip_range           | 0.2          |
|    entropy_loss         | -1.93        |
|    explained_variance   | 0.924        |
|    learning_rate        | 0.0003       |
|    loss                 | -0.0157      |
|    n_updates            | 100          |
|    policy_gradient_loss | -0.00667     |
|    value_loss           | 0.0412       |
------------------------------------------
-----------------------------------------
| rollout/                |             |
|    ep_len_mean          | 350         |
|    ep_rew_mean          | 144         |
| time/                   |             |
|    fps                  | 262         |
|    iterations           | 22          |
|    time_elapsed         | 687         |
|    total_timesteps      | 180224      |
| train/                  |             |
|    approx_kl            | 0.006087197 |
|    clip_fraction        | 0.0358      |
|    clip_range           | 0.2         |
|    entropy_loss         | -1.94       |
|    explained_variance   | 0.913       |
|    learning_rate        | 0.0003      |
|    loss                 | -0.0183     |
|    n_updates            | 105         |
|    policy_gradient_loss | -0.0078     |
|    value_loss           | 0.042       |
-----------------------------------------
-----------------------------------------
| rollout/                |             |
|    ep_len_mean          | 330         |
|    ep_rew_mean          | 143         |
| time/                   |             |
|    fps                  | 262         |
|    iterations           | 23          |
|    time_elapsed         | 719         |
|    total_timesteps      | 188416      |
| train/                  |             |
|    approx_kl            | 0.006974682 |
|    clip_fraction        | 0.0426      |
|    clip_range           | 0.2         |
|    entropy_loss         | -1.92       |
|    explained_variance   | 0.924       |
|    learning_rate        | 0.0003      |
|    loss                 | -0.0151     |
|    n_updates            | 110         |
|    policy_gradient_loss | -0.00656    |
|    value_loss           | 0.0426      |
-----------------------------------------
-----------------------------------------
| rollout/                |             |
|    ep_len_mean          | 325         |
|    ep_rew_mean          | 144         |
| time/                   |             |
|    fps                  | 261         |
|    iterations           | 24          |
|    time_elapsed         | 751         |
|    total_timesteps      | 196608      |
| train/                  |             |
|    approx_kl            | 0.009143357 |
|    clip_fraction        | 0.0851      |
|    clip_range           | 0.2         |
|    entropy_loss         | -1.96       |
|    explained_variance   | 0.903       |
|    learning_rate        | 0.0003      |
|    loss                 | -0.00564    |
|    n_updates            | 115         |
|    policy_gradient_loss | -0.00899    |
|    value_loss           | 0.0622      |
-----------------------------------------
------------------------------------------
| rollout/                |              |
|    ep_len_mean          | 308          |
|    ep_rew_mean          | 142          |
| time/                   |              |
|    fps                  | 261          |
|    iterations           | 25           |
|    time_elapsed         | 783          |
|    total_timesteps      | 204800       |
| train/                  |              |
|    approx_kl            | 0.0073281024 |
|    clip_fraction        | 0.0589       |
|    clip_range           | 0.2          |
|    entropy_loss         | -1.91        |
|    explained_variance   | 0.923        |
|    learning_rate        | 0.0003       |
|    loss                 | -0.0123      |
|    n_updates            | 120          |
|    policy_gradient_loss | -0.00778     |
|    value_loss           | 0.0471       |
------------------------------------------
------------------------------------------
| rollout/                |              |
|    ep_len_mean          | 311          |
|    ep_rew_mean          | 144          |
| time/                   |              |
|    fps                  | 261          |
|    iterations           | 26           |
|    time_elapsed         | 815          |
|    total_timesteps      | 212992       |
| train/                  |              |
|    approx_kl            | 0.0076880627 |
|    clip_fraction        | 0.061        |
|    clip_range           | 0.2          |
|    entropy_loss         | -1.91        |
|    explained_variance   | 0.888        |
|    learning_rate        | 0.0003       |
|    loss                 | 0.00199      |
|    n_updates            | 125          |
|    policy_gradient_loss | -0.00718     |
|    value_loss           | 0.0642       |
------------------------------------------
----------------------------------------
| rollout/                |            |
|    ep_len_mean          | 326        |
|    ep_rew_mean          | 149        |
| time/                   |            |
|    fps                  | 260        |
|    iterations           | 27         |
|    time_elapsed         | 847        |
|    total_timesteps      | 221184     |
| train/                  |            |
|    approx_kl            | 0.00936089 |
|    clip_fraction        | 0.0599     |
|    clip_range           | 0.2        |
|    entropy_loss         | -1.89      |
|    explained_variance   | 0.904      |
|    learning_rate        | 0.0003     |
|    loss                 | -0.00689   |
|    n_updates            | 130        |
|    policy_gradient_loss | -0.00689   |
|    value_loss           | 0.0602     |
----------------------------------------
-----------------------------------------
| rollout/                |             |
|    ep_len_mean          | 315         |
|    ep_rew_mean          | 145         |
| time/                   |             |
|    fps                  | 260         |
|    iterations           | 28          |
|    time_elapsed         | 879         |
|    total_timesteps      | 229376      |
| train/                  |             |
|    approx_kl            | 0.007492883 |
|    clip_fraction        | 0.0548      |
|    clip_range           | 0.2         |
|    entropy_loss         | -1.86       |
|    explained_variance   | 0.927       |
|    learning_rate        | 0.0003      |
|    loss                 | 0.000778    |
|    n_updates            | 135         |
|    policy_gradient_loss | -0.00709    |
|    value_loss           | 0.0447      |
-----------------------------------------
------------------------------------------
| rollout/                |              |
|    ep_len_mean          | 312          |
|    ep_rew_mean          | 146          |
| time/                   |              |
|    fps                  | 260          |
|    iterations           | 29           |
|    time_elapsed         | 910          |
|    total_timesteps      | 237568       |
| train/                  |              |
|    approx_kl            | 0.0061220108 |
|    clip_fraction        | 0.0438       |
|    clip_range           | 0.2          |
|    entropy_loss         | -1.87        |
|    explained_variance   | 0.915        |
|    learning_rate        | 0.0003       |
|    loss                 | -0.0111      |
|    n_updates            | 140          |
|    policy_gradient_loss | -0.00667     |
|    value_loss           | 0.0585       |
------------------------------------------
-----------------------------------------
| rollout/                |             |
|    ep_len_mean          | 308         |
|    ep_rew_mean          | 144         |
| time/                   |             |
|    fps                  | 260         |
|    iterations           | 30          |
|    time_elapsed         | 943         |
|    total_timesteps      | 245760      |
| train/                  |             |
|    approx_kl            | 0.009590272 |
|    clip_fraction        | 0.0729      |
|    clip_range           | 0.2         |
|    entropy_loss         | -1.86       |
|    explained_variance   | 0.869       |
|    learning_rate        | 0.0003      |
|    loss                 | 2.25e-06    |
|    n_updates            | 145         |
|    policy_gradient_loss | -0.00895    |
|    value_loss           | 0.0876      |
-----------------------------------------
------------------------------------------
| rollout/                |              |
|    ep_len_mean          | 314          |
|    ep_rew_mean          | 148          |
| time/                   |              |
|    fps                  | 260          |
|    iterations           | 31           |
|    time_elapsed         | 975          |
|    total_timesteps      | 253952       |
| train/                  |              |
|    approx_kl            | 0.0072511714 |
|    clip_fraction        | 0.0542       |
|    clip_range           | 0.2          |
|    entropy_loss         | -1.82        |
|    explained_variance   | 0.935        |
|    learning_rate        | 0.0003       |
|    loss                 | -0.0109      |
|    n_updates            | 150          |
|    policy_gradient_loss | -0.00671     |
|    value_loss           | 0.0396       |
------------------------------------------
-----------------------------------------
| rollout/                |             |
|    ep_len_mean          | 315         |
|    ep_rew_mean          | 147         |
| time/                   |             |
|    fps                  | 260         |
|    iterations           | 32          |
|    time_elapsed         | 1005        |
|    total_timesteps      | 262144      |
| train/                  |             |
|    approx_kl            | 0.006377378 |
|    clip_fraction        | 0.0311      |
|    clip_range           | 0.2         |
|    entropy_loss         | -1.84       |
|    explained_variance   | 0.93        |
|    learning_rate        | 0.0003      |
|    loss                 | -0.0162     |
|    n_updates            | 155         |
|    policy_gradient_loss | -0.00525    |
|    value_loss           | 0.0395      |
-----------------------------------------
------------------------------------------
| rollout/                |              |
|    ep_len_mean          | 336          |
|    ep_rew_mean          | 153          |
| time/                   |              |
|    fps                  | 260          |
|    iterations           | 33           |
|    time_elapsed         | 1036         |
|    total_timesteps      | 270336       |
| train/                  |              |
|    approx_kl            | 0.0066765575 |
|    clip_fraction        | 0.0592       |
|    clip_range           | 0.2          |
|    entropy_loss         | -1.85        |
|    explained_variance   | 0.91         |
|    learning_rate        | 0.0003       |
|    loss                 | -0.00746     |
|    n_updates            | 160          |
|    policy_gradient_loss | -0.00719     |
|    value_loss           | 0.0644       |
------------------------------------------
------------------------------------------
| rollout/                |              |
|    ep_len_mean          | 342          |
|    ep_rew_mean          | 154          |
| time/                   |              |
|    fps                  | 260          |
|    iterations           | 34           |
|    time_elapsed         | 1068         |
|    total_timesteps      | 278528       |
| train/                  |              |
|    approx_kl            | 0.0074656177 |
|    clip_fraction        | 0.0544       |
|    clip_range           | 0.2          |
|    entropy_loss         | -1.83        |
|    explained_variance   | 0.932        |
|    learning_rate        | 0.0003       |
|    loss                 | -0.0106      |
|    n_updates            | 165          |
|    policy_gradient_loss | -0.00678     |
|    value_loss           | 0.0482       |
------------------------------------------
-----------------------------------------
| rollout/                |             |
|    ep_len_mean          | 334         |
|    ep_rew_mean          | 155         |
| time/                   |             |
|    fps                  | 260         |
|    iterations           | 35          |
|    time_elapsed         | 1099        |
|    total_timesteps      | 286720      |
| train/                  |             |
|    approx_kl            | 0.008513778 |
|    clip_fraction        | 0.0653      |
|    clip_range           | 0.2         |
|    entropy_loss         | -1.78       |
|    explained_variance   | 0.944       |
|    learning_rate        | 0.0003      |
|    loss                 | -0.00856    |
|    n_updates            | 170         |
|    policy_gradient_loss | -0.00702    |
|    value_loss           | 0.0371      |
-----------------------------------------
------------------------------------------
| rollout/                |              |
|    ep_len_mean          | 336          |
|    ep_rew_mean          | 159          |
| time/                   |              |
|    fps                  | 260          |
|    iterations           | 36           |
|    time_elapsed         | 1129         |
|    total_timesteps      | 294912       |
| train/                  |              |
|    approx_kl            | 0.0057067666 |
|    clip_fraction        | 0.0414       |
|    clip_range           | 0.2          |
|    entropy_loss         | -1.76        |
|    explained_variance   | 0.903        |
|    learning_rate        | 0.0003       |
|    loss                 | -0.00552     |
|    n_updates            | 175          |
|    policy_gradient_loss | -0.00717     |
|    value_loss           | 0.0566       |
------------------------------------------
[Checkpoint] Saved at 300000 steps > C:\Users\Admin\Desktop\disciple\realnewdisciples-main\Big_map\campaign_checkpoints\super-last-stand-3m-20260912-142514\campaign_ppo_step_300000.zip
-----------------------------------------
| rollout/                |             |
|    ep_len_mean          | 323         |
|    ep_rew_mean          | 158         |
| time/                   |             |
|    fps                  | 260         |
|    iterations           | 37          |
|    time_elapsed         | 1162        |
|    total_timesteps      | 303104      |
| train/                  |             |
|    approx_kl            | 0.009009133 |
|    clip_fraction        | 0.0704      |
|    clip_range           | 0.2         |
|    entropy_loss         | -1.76       |
|    explained_variance   | 0.892       |
|    learning_rate        | 0.0003      |
|    loss                 | -0.00824    |
|    n_updates            | 180         |
|    policy_gradient_loss | -0.00887    |
|    value_loss           | 0.066       |
-----------------------------------------
-----------------------------------------
| rollout/                |             |
|    ep_len_mean          | 313         |
|    ep_rew_mean          | 154         |
| time/                   |             |
|    fps                  | 260         |
|    iterations           | 38          |
|    time_elapsed         | 1195        |
|    total_timesteps      | 311296      |
| train/                  |             |
|    approx_kl            | 0.008151666 |
|    clip_fraction        | 0.0552      |
|    clip_range           | 0.2         |
|    entropy_loss         | -1.75       |
|    explained_variance   | 0.929       |
|    learning_rate        | 0.0003      |
|    loss                 | -0.0181     |
|    n_updates            | 185         |
|    policy_gradient_loss | -0.00652    |
|    value_loss           | 0.0414      |
-----------------------------------------
----------------------------------------
| rollout/                |            |
|    ep_len_mean          | 311        |
|    ep_rew_mean          | 156        |
| time/                   |            |
|    fps                  | 259        |
|    iterations           | 39         |
|    time_elapsed         | 1230       |
|    total_timesteps      | 319488     |
| train/                  |            |
|    approx_kl            | 0.00899929 |
|    clip_fraction        | 0.0514     |
|    clip_range           | 0.2        |
|    entropy_loss         | -1.74      |
|    explained_variance   | 0.947      |
|    learning_rate        | 0.0003     |
|    loss                 | -0.0138    |
|    n_updates            | 190        |
|    policy_gradient_loss | -0.00688   |
|    value_loss           | 0.0363     |
----------------------------------------
-----------------------------------------
| rollout/                |             |
|    ep_len_mean          | 323         |
|    ep_rew_mean          | 157         |
| time/                   |             |
|    fps                  | 259         |
|    iterations           | 40          |
|    time_elapsed         | 1264        |
|    total_timesteps      | 327680      |
| train/                  |             |
|    approx_kl            | 0.008857798 |
|    clip_fraction        | 0.065       |
|    clip_range           | 0.2         |
|    entropy_loss         | -1.75       |
|    explained_variance   | 0.933       |
|    learning_rate        | 0.0003      |
|    loss                 | -0.0112     |
|    n_updates            | 195         |
|    policy_gradient_loss | -0.00774    |
|    value_loss           | 0.0438      |
-----------------------------------------
------------------------------------------
| rollout/                |              |
|    ep_len_mean          | 321          |
|    ep_rew_mean          | 159          |
| time/                   |              |
|    fps                  | 258          |
|    iterations           | 41           |
|    time_elapsed         | 1297         |
|    total_timesteps      | 335872       |
| train/                  |              |
|    approx_kl            | 0.0090478165 |
|    clip_fraction        | 0.074        |
|    clip_range           | 0.2          |
|    entropy_loss         | -1.74        |
|    explained_variance   | 0.95         |
|    learning_rate        | 0.0003       |
|    loss                 | -0.0101      |
|    n_updates            | 200          |
|    policy_gradient_loss | -0.00817     |
|    value_loss           | 0.0354       |
------------------------------------------
