Проверка среды CampaignEnv...
Среда прошла проверку!
[INFO] Comet disabled, running without experiment tracking
Создание 12 параллельных сред (subproc)...
Инициализация MaskablePPO...
Using cpu device

============================================================
Запуск обучения Campaign Agent
Всего шагов: 1,000,000
Параллельных сред: 12
VecEnv: subproc
VecEnv start method: forkserver
Seed: 121
Checkpoint каждые: 500,000 шагов
Evaluation каждые: 83,334 шагов
Eval deterministic эпизодов: 20
Eval stochastic эпизодов: 0
Eval лимит шагов на эпизод: 5000
Campaign map: scroll_train
Campaign objective: all_enemies
System resources at training start:
  Platform: Linux 6.17.0-1020-azure (x86_64)
  Python: 3.14.6
  PyTorch: 2.13.0+cpu
  Training device: cpu
  CPU model: AMD EPYC 9V74 80-Core Processor
  CPU vendor: AuthenticAMD
  Logical CPUs visible: 4
  Process CPU affinity: 4
  Sockets: 1
  Cores per socket: 2
  Threads per core: 2
  CPU max MHz: unknown
  CPU min MHz: unknown
  L1d cache: 64 KiB (2 instances)
  L1i cache: 64 KiB (2 instances)
  L2 cache: 2 MiB (2 instances)
  L3 cache: 32 MiB (1 instance)
  Virtualization: AMD-V
  Hypervisor: Microsoft
  RAM total: 15.61 GiB
  RAM available at start: 13.91 GiB
  Disk total: 144.26 GiB
  Disk free at start: 83.07 GiB
  Torch intra-op threads: 4
  Torch inter-op threads: 2
  OMP_NUM_THREADS: 4
  MKL_NUM_THREADS: 4
  OPENBLAS_NUM_THREADS: 4
  GitHub runner OS: Linux
  GitHub runner architecture: X64
  GitHub runner environment: github-hosted
PPO n_steps: 2,048
PPO batch_size: 512
PPO n_epochs: 5
PPO learning_rate: 0.0003
PPO clip_range: 0.2
PPO ent_coef: 0.01
PPO gamma: 0.995
PPO gae_lambda: 0.95
PPO target_kl: disabled
PPO gradient batches per rollout: 240
VecCheckNan: disabled
Freeze action layout: enabled
Empire territory: enabled
Torch threads per process: 4
Diagnostics: disabled
Wall-clock training limit: disabled
Run ID: seed121-scroll_train-all_enemies-30461284161-1
============================================================

Logging to /home/runner/work/Disciples2-RL/Disciples2-RL/github_experiments/121/scroll_train/all_enemies/seed121-scroll_train-all_enemies-30461284161-1/tensorboard/MaskablePPO_1
---------------------------------
| rollout/           |          |
|    ep_len_mean     | 92.7     |
|    ep_rew_mean     | 15.7     |
| time/              |          |
|    fps             | 380      |
|    iterations      | 1        |
|    time_elapsed    | 64       |
|    total_timesteps | 24576    |
---------------------------------
---------------------------------------
| rollout/                |           |
|    ep_len_mean          | 83.7      |
|    ep_rew_mean          | 16.1      |
| time/                   |           |
|    fps                  | 369       |
|    iterations           | 2         |
|    time_elapsed         | 132       |
|    total_timesteps      | 49152     |
| train/                  |           |
|    approx_kl            | 0.0122095 |
|    clip_fraction        | 0.132     |
|    clip_range           | 0.2       |
|    entropy_loss         | -3.62     |
|    explained_variance   | -0.02     |
|    learning_rate        | 0.0003    |
|    loss                 | 0.189     |
|    n_updates            | 5         |
|    policy_gradient_loss | -0.0163   |
|    value_loss           | 0.484     |
---------------------------------------
----------------------------------------
| rollout/                |            |
|    ep_len_mean          | 68.7       |
|    ep_rew_mean          | 16.4       |
| time/                   |            |
|    fps                  | 365        |
|    iterations           | 3          |
|    time_elapsed         | 201        |
|    total_timesteps      | 73728      |
| train/                  |            |
|    approx_kl            | 0.01466816 |
|    clip_fraction        | 0.213      |
|    clip_range           | 0.2        |
|    entropy_loss         | -3.63      |
|    explained_variance   | 0.568      |
|    learning_rate        | 0.0003     |
|    loss                 | 0.0148     |
|    n_updates            | 10         |
|    policy_gradient_loss | -0.0247    |
|    value_loss           | 0.178      |
----------------------------------------
-----------------------------------------
| rollout/                |             |
|    ep_len_mean          | 56.5        |
|    ep_rew_mean          | 16.8        |
| time/                   |             |
|    fps                  | 359         |
|    iterations           | 4           |
|    time_elapsed         | 273         |
|    total_timesteps      | 98304       |
| train/                  |             |
|    approx_kl            | 0.017426558 |
|    clip_fraction        | 0.289       |
|    clip_range           | 0.2         |
|    entropy_loss         | -3.65       |
|    explained_variance   | 0.529       |
|    learning_rate        | 0.0003      |
|    loss                 | -0.0261     |
|    n_updates            | 15          |
|    policy_gradient_loss | -0.0273     |
|    value_loss           | 0.103       |
-----------------------------------------
----------------------------------------
| rollout/                |            |
|    ep_len_mean          | 43.3       |
|    ep_rew_mean          | 17.1       |
| time/                   |            |
|    fps                  | 357        |
|    iterations           | 5          |
|    time_elapsed         | 343        |
|    total_timesteps      | 122880     |
| train/                  |            |
|    approx_kl            | 0.02303294 |
|    clip_fraction        | 0.24       |
|    clip_range           | 0.2        |
|    entropy_loss         | -3.67      |
|    explained_variance   | 0.56       |
|    learning_rate        | 0.0003     |
|    loss                 | -0.0572    |
|    n_updates            | 20         |
|    policy_gradient_loss | -0.0239    |
|    value_loss           | 0.067      |
----------------------------------------
-----------------------------------------
| rollout/                |             |
|    ep_len_mean          | 37.3        |
|    ep_rew_mean          | 17.3        |
| time/                   |             |
|    fps                  | 356         |
|    iterations           | 6           |
|    time_elapsed         | 413         |
|    total_timesteps      | 147456      |
| train/                  |             |
|    approx_kl            | 0.023051634 |
|    clip_fraction        | 0.234       |
|    clip_range           | 0.2         |
|    entropy_loss         | -3.62       |
|    explained_variance   | 0.789       |
|    learning_rate        | 0.0003      |
|    loss                 | -0.0362     |
|    n_updates            | 25          |
|    policy_gradient_loss | -0.0207     |
|    value_loss           | 0.0386      |
-----------------------------------------
-----------------------------------------
| rollout/                |             |
|    ep_len_mean          | 31          |
|    ep_rew_mean          | 17.4        |
| time/                   |             |
|    fps                  | 355         |
|    iterations           | 7           |
|    time_elapsed         | 484         |
|    total_timesteps      | 172032      |
| train/                  |             |
|    approx_kl            | 0.019854084 |
|    clip_fraction        | 0.211       |
|    clip_range           | 0.2         |
|    entropy_loss         | -3.48       |
|    explained_variance   | 0.926       |
|    learning_rate        | 0.0003      |
|    loss                 | -0.0563     |
|    n_updates            | 30          |
|    policy_gradient_loss | -0.0203     |
|    value_loss           | 0.0216      |
-----------------------------------------
-----------------------------------------
| rollout/                |             |
|    ep_len_mean          | 26          |
|    ep_rew_mean          | 17.5        |
| time/                   |             |
|    fps                  | 353         |
|    iterations           | 8           |
|    time_elapsed         | 556         |
|    total_timesteps      | 196608      |
| train/                  |             |
|    approx_kl            | 0.017727913 |
|    clip_fraction        | 0.259       |
|    clip_range           | 0.2         |
|    entropy_loss         | -3.31       |
|    explained_variance   | 0.974       |
|    learning_rate        | 0.0003      |
|    loss                 | -0.0567     |
|    n_updates            | 35          |
|    policy_gradient_loss | -0.0233     |
|    value_loss           | 0.0118      |
-----------------------------------------
------------------------------------------
| rollout/                |              |
|    ep_len_mean          | 24           |
|    ep_rew_mean          | 17.5         |
| time/                   |              |
|    fps                  | 349          |
|    iterations           | 9            |
|    time_elapsed         | 632          |
|    total_timesteps      | 221184       |
| train/                  |              |
|    approx_kl            | 0.0146031305 |
|    clip_fraction        | 0.238        |
|    clip_range           | 0.2          |
|    entropy_loss         | -3.15        |
|    explained_variance   | 0.988        |
|    learning_rate        | 0.0003       |
|    loss                 | -0.0598      |
|    n_updates            | 40           |
|    policy_gradient_loss | -0.022       |
|    value_loss           | 0.00724      |
------------------------------------------
-----------------------------------------
| rollout/                |             |
|    ep_len_mean          | 21.4        |
|    ep_rew_mean          | 17.6        |
| time/                   |             |
|    fps                  | 349         |
|    iterations           | 10          |
|    time_elapsed         | 703         |
|    total_timesteps      | 245760      |
| train/                  |             |
|    approx_kl            | 0.013682197 |
|    clip_fraction        | 0.199       |
|    clip_range           | 0.2         |
|    entropy_loss         | -2.98       |
|    explained_variance   | 0.992       |
|    learning_rate        | 0.0003      |
|    loss                 | -0.0632     |
|    n_updates            | 45          |
|    policy_gradient_loss | -0.0227     |
|    value_loss           | 0.00578     |
-----------------------------------------
-----------------------------------------
| rollout/                |             |
|    ep_len_mean          | 19.6        |
|    ep_rew_mean          | 17.6        |
| time/                   |             |
|    fps                  | 348         |
|    iterations           | 11          |
|    time_elapsed         | 775         |
|    total_timesteps      | 270336      |
| train/                  |             |
|    approx_kl            | 0.017235434 |
|    clip_fraction        | 0.201       |
|    clip_range           | 0.2         |
|    entropy_loss         | -2.8        |
|    explained_variance   | 0.994       |
|    learning_rate        | 0.0003      |
|    loss                 | -0.0572     |
|    n_updates            | 50          |
|    policy_gradient_loss | -0.0212     |
|    value_loss           | 0.00425     |
-----------------------------------------
-----------------------------------------
| rollout/                |             |
|    ep_len_mean          | 17.8        |
|    ep_rew_mean          | 17.6        |
| time/                   |             |
|    fps                  | 348         |
|    iterations           | 12          |
|    time_elapsed         | 845         |
|    total_timesteps      | 294912      |
| train/                  |             |
|    approx_kl            | 0.021306148 |
|    clip_fraction        | 0.2         |
|    clip_range           | 0.2         |
|    entropy_loss         | -2.6        |
|    explained_variance   | 0.996       |
|    learning_rate        | 0.0003      |
|    loss                 | -0.0493     |
|    n_updates            | 55          |
|    policy_gradient_loss | -0.0207     |
|    value_loss           | 0.00273     |
-----------------------------------------
-----------------------------------------
| rollout/                |             |
|    ep_len_mean          | 16.8        |
|    ep_rew_mean          | 17.6        |
| time/                   |             |
|    fps                  | 348         |
|    iterations           | 13          |
|    time_elapsed         | 915         |
|    total_timesteps      | 319488      |
| train/                  |             |
|    approx_kl            | 0.011474666 |
|    clip_fraction        | 0.17        |
|    clip_range           | 0.2         |
|    entropy_loss         | -2.43       |
|    explained_variance   | 0.997       |
|    learning_rate        | 0.0003      |
|    loss                 | -0.0499     |
|    n_updates            | 60          |
|    policy_gradient_loss | -0.0196     |
|    value_loss           | 0.00239     |
-----------------------------------------
-----------------------------------------
| rollout/                |             |
|    ep_len_mean          | 16.2        |
|    ep_rew_mean          | 17.6        |
| time/                   |             |
|    fps                  | 349         |
|    iterations           | 14          |
|    time_elapsed         | 985         |
|    total_timesteps      | 344064      |
| train/                  |             |
|    approx_kl            | 0.010941785 |
|    clip_fraction        | 0.164       |
|    clip_range           | 0.2         |
|    entropy_loss         | -2.24       |
|    explained_variance   | 0.997       |
|    learning_rate        | 0.0003      |
|    loss                 | -0.0418     |
|    n_updates            | 65          |
|    policy_gradient_loss | -0.0167     |
|    value_loss           | 0.00196     |
-----------------------------------------
-----------------------------------------
| rollout/                |             |
|    ep_len_mean          | 15.2        |
|    ep_rew_mean          | 17.6        |
| time/                   |             |
|    fps                  | 349         |
|    iterations           | 15          |
|    time_elapsed         | 1055        |
|    total_timesteps      | 368640      |
| train/                  |             |
|    approx_kl            | 0.011315115 |
|    clip_fraction        | 0.142       |
|    clip_range           | 0.2         |
|    entropy_loss         | -2.05       |
|    explained_variance   | 0.997       |
|    learning_rate        | 0.0003      |
|    loss                 | -0.0317     |
|    n_updates            | 70          |
|    policy_gradient_loss | -0.0149     |
|    value_loss           | 0.00184     |
-----------------------------------------
-----------------------------------------
| rollout/                |             |
|    ep_len_mean          | 15.3        |
|    ep_rew_mean          | 17.8        |
| time/                   |             |
|    fps                  | 350         |
|    iterations           | 16          |
|    time_elapsed         | 1121        |
|    total_timesteps      | 393216      |
| train/                  |             |
|    approx_kl            | 0.040838856 |
|    clip_fraction        | 0.169       |
|    clip_range           | 0.2         |
|    entropy_loss         | -1.92       |
|    explained_variance   | 0.998       |
|    learning_rate        | 0.0003      |
|    loss                 | -0.0541     |
|    n_updates            | 75          |
|    policy_gradient_loss | -0.0207     |
|    value_loss           | 0.00155     |
-----------------------------------------
----------------------------------------
| rollout/                |            |
|    ep_len_mean          | 14.8       |
|    ep_rew_mean          | 17.9       |
| time/                   |            |
|    fps                  | 351        |
|    iterations           | 17         |
|    time_elapsed         | 1187       |
|    total_timesteps      | 417792     |
| train/                  |            |
|    approx_kl            | 0.01018692 |
|    clip_fraction        | 0.139      |
|    clip_range           | 0.2        |
|    entropy_loss         | -1.59      |
|    explained_variance   | 0.997      |
|    learning_rate        | 0.0003     |
|    loss                 | -0.0427    |
|    n_updates            | 80         |
|    policy_gradient_loss | -0.0229    |
|    value_loss           | 0.00185    |
----------------------------------------
-----------------------------------------
| rollout/                |             |
|    ep_len_mean          | 14.7        |
|    ep_rew_mean          | 18          |
| time/                   |             |
|    fps                  | 353         |
|    iterations           | 18          |
|    time_elapsed         | 1251        |
|    total_timesteps      | 442368      |
| train/                  |             |
|    approx_kl            | 0.015714386 |
|    clip_fraction        | 0.18        |
|    clip_range           | 0.2         |
|    entropy_loss         | -1.38       |
|    explained_variance   | 0.998       |
|    learning_rate        | 0.0003      |
|    loss                 | -0.0422     |
|    n_updates            | 85          |
|    policy_gradient_loss | -0.0308     |
|    value_loss           | 0.0016      |
-----------------------------------------
-----------------------------------------
| rollout/                |             |
|    ep_len_mean          | 14          |
|    ep_rew_mean          | 18          |
| time/                   |             |
|    fps                  | 355         |
|    iterations           | 19          |
|    time_elapsed         | 1315        |
|    total_timesteps      | 466944      |
| train/                  |             |
|    approx_kl            | 0.010373864 |
|    clip_fraction        | 0.171       |
|    clip_range           | 0.2         |
|    entropy_loss         | -1.14       |
|    explained_variance   | 0.999       |
|    learning_rate        | 0.0003      |
|    loss                 | -0.0382     |
|    n_updates            | 90          |
|    policy_gradient_loss | -0.0274     |
|    value_loss           | 0.00119     |
-----------------------------------------
-----------------------------------------
| rollout/                |             |
|    ep_len_mean          | 13.7        |
|    ep_rew_mean          | 18          |
| time/                   |             |
|    fps                  | 356         |
|    iterations           | 20          |
|    time_elapsed         | 1377        |
|    total_timesteps      | 491520      |
| train/                  |             |
|    approx_kl            | 0.008111939 |
|    clip_fraction        | 0.148       |
|    clip_range           | 0.2         |
|    entropy_loss         | -0.951      |
|    explained_variance   | 0.999       |
|    learning_rate        | 0.0003      |
|    loss                 | -0.0389     |
|    n_updates            | 95          |
|    policy_gradient_loss | -0.0218     |
|    value_loss           | 0.0011      |
-----------------------------------------
[Checkpoint] Saved at 500000 steps > /home/runner/work/Disciples2-RL/Disciples2-RL/github_experiments/121/scroll_train/all_enemies/seed121-scroll_train-all_enemies-30461284161-1/checkpoints/campaign_ppo_step_500000.zip
-----------------------------------------
| rollout/                |             |
|    ep_len_mean          | 13.1        |
|    ep_rew_mean          | 18          |
| time/                   |             |
|    fps                  | 358         |
|    iterations           | 21          |
|    time_elapsed         | 1439        |
|    total_timesteps      | 516096      |
| train/                  |             |
|    approx_kl            | 0.011282037 |
|    clip_fraction        | 0.141       |
|    clip_range           | 0.2         |
|    entropy_loss         | -0.761      |
|    explained_variance   | 0.999       |
|    learning_rate        | 0.0003      |
|    loss                 | -0.0363     |
|    n_updates            | 100         |
|    policy_gradient_loss | -0.0187     |
|    value_loss           | 0.000717    |
-----------------------------------------
------------------------------------------
| rollout/                |              |
|    ep_len_mean          | 13           |
|    ep_rew_mean          | 18           |
| time/                   |              |
|    fps                  | 360          |
|    iterations           | 22           |
|    time_elapsed         | 1501         |
|    total_timesteps      | 540672       |
| train/                  |              |
|    approx_kl            | 0.0040896437 |
|    clip_fraction        | 0.0516       |
|    clip_range           | 0.2          |
|    entropy_loss         | -0.621       |
|    explained_variance   | 0.999        |
|    learning_rate        | 0.0003       |
|    loss                 | -0.0258      |
|    n_updates            | 105          |
|    policy_gradient_loss | -0.0094      |
|    value_loss           | 0.000583     |
------------------------------------------
------------------------------------------
| rollout/                |              |
|    ep_len_mean          | 12.9         |
|    ep_rew_mean          | 18           |
| time/                   |              |
|    fps                  | 361          |
|    iterations           | 23           |
|    time_elapsed         | 1562         |
|    total_timesteps      | 565248       |
| train/                  |              |
|    approx_kl            | 0.0042943857 |
|    clip_fraction        | 0.0441       |
|    clip_range           | 0.2          |
|    entropy_loss         | -0.555       |
|    explained_variance   | 0.999        |
|    learning_rate        | 0.0003       |
|    loss                 | -0.0176      |
|    n_updates            | 110          |
|    policy_gradient_loss | -0.00697     |
|    value_loss           | 0.000597     |
------------------------------------------
-----------------------------------------
| rollout/                |             |
|    ep_len_mean          | 12.9        |
|    ep_rew_mean          | 18          |
| time/                   |             |
|    fps                  | 363         |
|    iterations           | 24          |
|    time_elapsed         | 1623        |
|    total_timesteps      | 589824      |
| train/                  |             |
|    approx_kl            | 0.002994068 |
|    clip_fraction        | 0.0235      |
|    clip_range           | 0.2         |
|    entropy_loss         | -0.47       |
|    explained_variance   | 0.999       |
|    learning_rate        | 0.0003      |
|    loss                 | -0.0192     |
|    n_updates            | 115         |
|    policy_gradient_loss | -0.00562    |
|    value_loss           | 0.000362    |
-----------------------------------------
------------------------------------------
| rollout/                |              |
|    ep_len_mean          | 12.8         |
|    ep_rew_mean          | 18           |
| time/                   |              |
|    fps                  | 364          |
|    iterations           | 25           |
|    time_elapsed         | 1683         |
|    total_timesteps      | 614400       |
| train/                  |              |
|    approx_kl            | 0.0022704478 |
|    clip_fraction        | 0.0265       |
|    clip_range           | 0.2          |
|    entropy_loss         | -0.412       |
|    explained_variance   | 0.999        |
|    learning_rate        | 0.0003       |
|    loss                 | -0.00427     |
|    n_updates            | 120          |
|    policy_gradient_loss | -0.00343     |
|    value_loss           | 0.000386     |
------------------------------------------
------------------------------------------
| rollout/                |              |
|    ep_len_mean          | 12.9         |
|    ep_rew_mean          | 18           |
| time/                   |              |
|    fps                  | 366          |
|    iterations           | 26           |
|    time_elapsed         | 1744         |
|    total_timesteps      | 638976       |
| train/                  |              |
|    approx_kl            | 0.0016970678 |
|    clip_fraction        | 0.0205       |
|    clip_range           | 0.2          |
|    entropy_loss         | -0.373       |
|    explained_variance   | 1            |
|    learning_rate        | 0.0003       |
|    loss                 | -0.0107      |
|    n_updates            | 125          |
|    policy_gradient_loss | -0.00453     |
|    value_loss           | 0.000306     |
------------------------------------------
------------------------------------------
| rollout/                |              |
|    ep_len_mean          | 12.8         |
|    ep_rew_mean          | 18           |
| time/                   |              |
|    fps                  | 367          |
|    iterations           | 27           |
|    time_elapsed         | 1806         |
|    total_timesteps      | 663552       |
| train/                  |              |
|    approx_kl            | 0.0020321747 |
|    clip_fraction        | 0.0123       |
|    clip_range           | 0.2          |
|    entropy_loss         | -0.352       |
|    explained_variance   | 1            |
|    learning_rate        | 0.0003       |
|    loss                 | -0.0198      |
|    n_updates            | 130          |
|    policy_gradient_loss | -0.00269     |
|    value_loss           | 0.0003       |
------------------------------------------
------------------------------------------
| rollout/                |              |
|    ep_len_mean          | 13.1         |
|    ep_rew_mean          | 18           |
| time/                   |              |
|    fps                  | 368          |
|    iterations           | 28           |
|    time_elapsed         | 1866         |
|    total_timesteps      | 688128       |
| train/                  |              |
|    approx_kl            | 0.0013418678 |
|    clip_fraction        | 0.016        |
|    clip_range           | 0.2          |
|    entropy_loss         | -0.338       |
|    explained_variance   | 1            |
|    learning_rate        | 0.0003       |
|    loss                 | -0.00672     |
|    n_updates            | 135          |
|    policy_gradient_loss | -0.00289     |
|    value_loss           | 0.000318     |
------------------------------------------
-----------------------------------------
| rollout/                |             |
|    ep_len_mean          | 12.7        |
|    ep_rew_mean          | 18          |
| time/                   |             |
|    fps                  | 369         |
|    iterations           | 29          |
|    time_elapsed         | 1927        |
|    total_timesteps      | 712704      |
| train/                  |             |
|    approx_kl            | 0.002352191 |
|    clip_fraction        | 0.0184      |
|    clip_range           | 0.2         |
|    entropy_loss         | -0.322      |
|    explained_variance   | 1           |
|    learning_rate        | 0.0003      |
|    loss                 | -0.00878    |
|    n_updates            | 140         |
|    policy_gradient_loss | -0.00251    |
|    value_loss           | 0.000327    |
-----------------------------------------
------------------------------------------
| rollout/                |              |
|    ep_len_mean          | 12.7         |
|    ep_rew_mean          | 18           |
| time/                   |              |
|    fps                  | 370          |
|    iterations           | 30           |
|    time_elapsed         | 1988         |
|    total_timesteps      | 737280       |
| train/                  |              |
|    approx_kl            | 0.0020280462 |
|    clip_fraction        | 0.0211       |
|    clip_range           | 0.2          |
|    entropy_loss         | -0.305       |
|    explained_variance   | 1            |
|    learning_rate        | 0.0003       |
|    loss                 | -0.00928     |
|    n_updates            | 145          |
|    policy_gradient_loss | -0.00277     |
|    value_loss           | 0.000234     |
------------------------------------------
------------------------------------------
| rollout/                |              |
|    ep_len_mean          | 12.7         |
|    ep_rew_mean          | 18           |
| time/                   |              |
|    fps                  | 371          |
|    iterations           | 31           |
|    time_elapsed         | 2049         |
|    total_timesteps      | 761856       |
| train/                  |              |
|    approx_kl            | 0.0019313662 |
|    clip_fraction        | 0.0164       |
|    clip_range           | 0.2          |
|    entropy_loss         | -0.312       |
|    explained_variance   | 1            |
|    learning_rate        | 0.0003       |
|    loss                 | -0.00686     |
|    n_updates            | 150          |
|    policy_gradient_loss | -0.00319     |
|    value_loss           | 0.000268     |
------------------------------------------
------------------------------------------
| rollout/                |              |
|    ep_len_mean          | 12.6         |
|    ep_rew_mean          | 18           |
| time/                   |              |
|    fps                  | 372          |
|    iterations           | 32           |
|    time_elapsed         | 2111         |
|    total_timesteps      | 786432       |
| train/                  |              |
|    approx_kl            | 0.0022735847 |
|    clip_fraction        | 0.0151       |
|    clip_range           | 0.2          |
|    entropy_loss         | -0.31        |
|    explained_variance   | 0.999        |
|    learning_rate        | 0.0003       |
|    loss                 | -0.00116     |
|    n_updates            | 155          |
|    policy_gradient_loss | -0.00173     |
|    value_loss           | 0.000402     |
------------------------------------------
------------------------------------------
| rollout/                |              |
|    ep_len_mean          | 12.8         |
|    ep_rew_mean          | 18.1         |
| time/                   |              |
|    fps                  | 373          |
|    iterations           | 33           |
|    time_elapsed         | 2172         |
|    total_timesteps      | 811008       |
| train/                  |              |
|    approx_kl            | 0.0027105233 |
|    clip_fraction        | 0.0319       |
|    clip_range           | 0.2          |
|    entropy_loss         | -0.306       |
|    explained_variance   | 0.999        |
|    learning_rate        | 0.0003       |
|    loss                 | -0.0065      |
|    n_updates            | 160          |
|    policy_gradient_loss | -0.00251     |
|    value_loss           | 0.000368     |
------------------------------------------
------------------------------------------
| rollout/                |              |
|    ep_len_mean          | 12.8         |
|    ep_rew_mean          | 18.1         |
| time/                   |              |
|    fps                  | 373          |
|    iterations           | 34           |
|    time_elapsed         | 2234         |
|    total_timesteps      | 835584       |
| train/                  |              |
|    approx_kl            | 0.0022580784 |
|    clip_fraction        | 0.0271       |
|    clip_range           | 0.2          |
|    entropy_loss         | -0.313       |
|    explained_variance   | 0.999        |
|    learning_rate        | 0.0003       |
|    loss                 | -0.00403     |
|    n_updates            | 165          |
|    policy_gradient_loss | -0.00288     |
|    value_loss           | 0.000439     |
------------------------------------------
------------------------------------------
| rollout/                |              |
|    ep_len_mean          | 12.6         |
|    ep_rew_mean          | 18.1         |
| time/                   |              |
|    fps                  | 374          |
|    iterations           | 35           |
|    time_elapsed         | 2295         |
|    total_timesteps      | 860160       |
| train/                  |              |
|    approx_kl            | 0.0019334642 |
|    clip_fraction        | 0.0247       |
|    clip_range           | 0.2          |
|    entropy_loss         | -0.317       |
|    explained_variance   | 0.999        |
|    learning_rate        | 0.0003       |
|    loss                 | -0.00377     |
|    n_updates            | 170          |
|    policy_gradient_loss | -0.0047      |
|    value_loss           | 0.00042      |
------------------------------------------
------------------------------------------
| rollout/                |              |
|    ep_len_mean          | 12.6         |
|    ep_rew_mean          | 18.1         |
| time/                   |              |
|    fps                  | 375          |
|    iterations           | 36           |
|    time_elapsed         | 2357         |
|    total_timesteps      | 884736       |
| train/                  |              |
|    approx_kl            | 0.0024943186 |
|    clip_fraction        | 0.0354       |
|    clip_range           | 0.2          |
|    entropy_loss         | -0.319       |
|    explained_variance   | 0.999        |
|    learning_rate        | 0.0003       |
|    loss                 | -0.0159      |
|    n_updates            | 175          |
|    policy_gradient_loss | -0.00515     |
|    value_loss           | 0.00054      |
------------------------------------------
-----------------------------------------
| rollout/                |             |
|    ep_len_mean          | 13.1        |
|    ep_rew_mean          | 18.1        |
| time/                   |             |
|    fps                  | 375         |
|    iterations           | 37          |
|    time_elapsed         | 2423        |
|    total_timesteps      | 909312      |
| train/                  |             |
|    approx_kl            | 0.005162271 |
|    clip_fraction        | 0.0442      |
|    clip_range           | 0.2         |
|    entropy_loss         | -0.332      |
|    explained_variance   | 0.999       |
|    learning_rate        | 0.0003      |
|    loss                 | -0.0105     |
|    n_updates            | 180         |
|    policy_gradient_loss | -0.00926    |
|    value_loss           | 0.000782    |
-----------------------------------------
------------------------------------------
| rollout/                |              |
|    ep_len_mean          | 13           |
|    ep_rew_mean          | 18.2         |
| time/                   |              |
|    fps                  | 375          |
|    iterations           | 38           |
|    time_elapsed         | 2485         |
|    total_timesteps      | 933888       |
| train/                  |              |
|    approx_kl            | 0.0042924257 |
|    clip_fraction        | 0.039        |
|    clip_range           | 0.2          |
|    entropy_loss         | -0.342       |
|    explained_variance   | 0.998        |
|    learning_rate        | 0.0003       |
|    loss                 | -0.00529     |
|    n_updates            | 185          |
|    policy_gradient_loss | -0.00865     |
|    value_loss           | 0.00101      |
------------------------------------------
-----------------------------------------
| rollout/                |             |
|    ep_len_mean          | 13          |
|    ep_rew_mean          | 18.2        |
| time/                   |             |
|    fps                  | 375         |
|    iterations           | 39          |
|    time_elapsed         | 2549        |
|    total_timesteps      | 958464      |
| train/                  |             |
|    approx_kl            | 0.007428929 |
|    clip_fraction        | 0.0818      |
|    clip_range           | 0.2         |
|    entropy_loss         | -0.347      |
|    explained_variance   | 0.998       |
|    learning_rate        | 0.0003      |
|    loss                 | -0.0299     |
|    n_updates            | 190         |
|    policy_gradient_loss | -0.0157     |
|    value_loss           | 0.00105     |
-----------------------------------------
-----------------------------------------
| rollout/                |             |
|    ep_len_mean          | 13.6        |
|    ep_rew_mean          | 18.3        |
| time/                   |             |
|    fps                  | 376         |
|    iterations           | 40          |
|    time_elapsed         | 2614        |
|    total_timesteps      | 983040      |
| train/                  |             |
|    approx_kl            | 0.005238665 |
|    clip_fraction        | 0.0742      |
|    clip_range           | 0.2         |
|    entropy_loss         | -0.365      |
|    explained_variance   | 0.998       |
|    learning_rate        | 0.0003      |
|    loss                 | -0.012      |
|    n_updates            | 195         |
|    policy_gradient_loss | -0.0161     |
|    value_loss           | 0.00167     |
-----------------------------------------
[Checkpoint] Saved at 1000000 steps > /home/runner/work/Disciples2-RL/Disciples2-RL/github_experiments/121/scroll_train/all_enemies/seed121-scroll_train-all_enemies-30461284161-1/checkpoints/campaign_ppo_step_1000000.zip
Eval num_timesteps=1000008, det_reward=18.52 +/- 0.07
Episode length: det=13.80 +/- 0.87
Victory rate: det=100.00%
--------------------------------------------------
| eval/                           |              |
|    deterministic_mean_ep_length | 13.8         |
|    deterministic_mean_reward    | 18.5         |
|    deterministic_victory_rate   | 1            |
|    mean_ep_length               | 13.8         |
|    mean_reward                  | 18.5         |
|    victory_rate                 | 1            |
| time/                           |              |
|    total_timesteps              | 1000008      |
| train/                          |              |
|    approx_kl                    | 0.0062430254 |
|    clip_fraction                | 0.075        |
|    clip_range                   | 0.2          |
|    entropy_loss                 | -0.346       |
|    explained_variance           | 0.998        |
|    learning_rate                | 0.0003       |
|    loss                         | 0.00076      |
|    n_updates                    | 200          |
|    policy_gradient_loss         | -0.015       |
|    value_loss                   | 0.00153      |
--------------------------------------------------
New best model by deterministic victory rate!
---------------------------------
| rollout/           |          |
|    ep_len_mean     | 13.6     |
|    ep_rew_mean     | 18.4     |
| time/              |          |
|    fps             | 375      |
|    iterations      | 41       |
|    time_elapsed    | 2681     |
|    total_timesteps | 1007616  |
---------------------------------
VecNormalize stats saved: /home/runner/work/Disciples2-RL/Disciples2-RL/github_experiments/121/scroll_train/all_enemies/seed121-scroll_train-all_enemies-30461284161-1/models/vecnormalize.pkl

Финальная модель сохранена: /home/runner/work/Disciples2-RL/Disciples2-RL/github_experiments/121/scroll_train/all_enemies/seed121-scroll_train-all_enemies-30461284161-1/models/final_model.zip

============================================================
ИТОГИ ОБУЧЕНИЯ:
  Побед: 62216
  Поражений: 0
  Таймаутов: 0
  Побед бота столицы над врагами: 0
  Перестановок юнитов: 16508
  Winrate: 100.0%
============================================================
  График призывов за эпизод: /home/runner/work/Disciples2-RL/Disciples2-RL/github_experiments/121/scroll_train/all_enemies/seed121-scroll_train-all_enemies-30461284161-1/plots/campaign_summoned_units_per_episode.png
  График призывов за всё обучение: /home/runner/work/Disciples2-RL/Disciples2-RL/github_experiments/121/scroll_train/all_enemies/seed121-scroll_train-all_enemies-30461284161-1/plots/campaign_summoned_units_cumulative.png
  График найма за эпизод: /home/runner/work/Disciples2-RL/Disciples2-RL/github_experiments/121/scroll_train/all_enemies/seed121-scroll_train-all_enemies-30461284161-1/plots/campaign_hired_units_per_episode.png
  График найма за всё обучение: /home/runner/work/Disciples2-RL/Disciples2-RL/github_experiments/121/scroll_train/all_enemies/seed121-scroll_train-all_enemies-30461284161-1/plots/campaign_hired_units_cumulative.png
  График перестановок юнитов за эпизод: /home/runner/work/Disciples2-RL/Disciples2-RL/github_experiments/121/scroll_train/all_enemies/seed121-scroll_train-all_enemies-30461284161-1/plots/campaign_unit_swaps_per_episode.png
  График боевых предметов: /home/runner/work/Disciples2-RL/Disciples2-RL/github_experiments/121/scroll_train/all_enemies/seed121-scroll_train-all_enemies-30461284161-1/plots/campaign_battle_item_activity.png
  График побед бота столицы за эпизод: /home/runner/work/Disciples2-RL/Disciples2-RL/github_experiments/121/scroll_train/all_enemies/seed121-scroll_train-all_enemies-30461284161-1/plots/campaign_scripted_bot_victories_per_episode.png
  График применения заклинаний: /home/runner/work/Disciples2-RL/Disciples2-RL/github_experiments/121/scroll_train/all_enemies/seed121-scroll_train-all_enemies-30461284161-1/plots/campaign_spell_cast_activity.png
