Проверка среды CampaignEnv...
Среда прошла проверку!
[INFO] Comet disabled, running without experiment tracking
Создание 12 параллельных сред (subproc)...
Инициализация MaskablePPO...
Using cpu device

============================================================
Запуск обучения Campaign Agent
Всего шагов: 1,000,000
Параллельных сред: 12
VecEnv: subproc
VecEnv start method: forkserver
Seed: 138
Checkpoint каждые: 500,000 шагов
Evaluation каждые: 83,334 шагов
Eval deterministic эпизодов: 20
Eval stochastic эпизодов: 0
Eval лимит шагов на эпизод: 5000
Campaign map: default
Campaign objective: cities
System resources at training start:
  Platform: Linux 6.17.0-1022-azure (x86_64)
  Python: 3.14.7
  PyTorch: 2.14.0+cpu
  Training device: cpu
  CPU model: INTEL(R) XEON(R) PLATINUM 8573C
  CPU vendor: GenuineIntel
  Logical CPUs visible: 4
  Process CPU affinity: 4
  Sockets: 1
  Cores per socket: 2
  Threads per core: 2
  CPU max MHz: 2300.0000
  CPU min MHz: 800.0000
  L1d cache: 96 KiB (2 instances)
  L1i cache: 64 KiB (2 instances)
  L2 cache: 4 MiB (2 instances)
  L3 cache: 260 MiB (1 instance)
  Virtualization: VT-x
  Hypervisor: Microsoft
  RAM total: 15.61 GiB
  RAM available at start: 13.87 GiB
  Disk total: 144.26 GiB
  Disk free at start: 74.51 GiB
  Torch intra-op threads: 4
  Torch inter-op threads: 2
  OMP_NUM_THREADS: 4
  MKL_NUM_THREADS: 4
  OPENBLAS_NUM_THREADS: 4
  GitHub runner OS: Linux
  GitHub runner architecture: X64
  GitHub runner environment: github-hosted
PPO n_steps: 2,048
PPO batch_size: 512
PPO n_epochs: 5
PPO learning_rate: 0.0003
PPO clip_range: 0.2
PPO ent_coef: 0.01
PPO gamma: 0.995
PPO gae_lambda: 0.95
PPO target_kl: disabled
PPO gradient batches per rollout: 240
VecCheckNan: disabled
Freeze action layout: enabled
Empire territory: enabled
Torch threads per process: 4
Diagnostics: disabled
Wall-clock training limit: disabled
Run ID: seed138-default-cities-35507757366-1
============================================================

Logging to /home/runner/work/Disciples2-RL/Disciples2-RL/github_experiments/138/default/cities/seed138-default-cities-35507757366-1/tensorboard/MaskablePPO_1
---------------------------------
| rollout/           |          |
|    ep_len_mean     | 826      |
|    ep_rew_mean     | 75.5     |
| time/              |          |
|    fps             | 523      |
|    iterations      | 1        |
|    time_elapsed    | 46       |
|    total_timesteps | 24576    |
---------------------------------
-----------------------------------------
| rollout/                |             |
|    ep_len_mean          | 2.88e+03    |
|    ep_rew_mean          | 142         |
| time/                   |             |
|    fps                  | 514         |
|    iterations           | 2           |
|    time_elapsed         | 95          |
|    total_timesteps      | 49152       |
| train/                  |             |
|    approx_kl            | 0.008150927 |
|    clip_fraction        | 0.0458      |
|    clip_range           | 0.2         |
|    entropy_loss         | -2.26       |
|    explained_variance   | 0.041       |
|    learning_rate        | 0.0003      |
|    loss                 | 0.0241      |
|    n_updates            | 5           |
|    policy_gradient_loss | -0.00528    |
|    value_loss           | 0.1         |
-----------------------------------------
-----------------------------------------
| rollout/                |             |
|    ep_len_mean          | 3.89e+03    |
|    ep_rew_mean          | 104         |
| time/                   |             |
|    fps                  | 511         |
|    iterations           | 3           |
|    time_elapsed         | 144         |
|    total_timesteps      | 73728       |
| train/                  |             |
|    approx_kl            | 0.008791562 |
|    clip_fraction        | 0.0542      |
|    clip_range           | 0.2         |
|    entropy_loss         | -2.21       |
|    explained_variance   | 0.275       |
|    learning_rate        | 0.0003      |
|    loss                 | -0.00885    |
|    n_updates            | 10          |
|    policy_gradient_loss | -0.00447    |
|    value_loss           | 0.0793      |
-----------------------------------------
-----------------------------------------
| rollout/                |             |
|    ep_len_mean          | 3.27e+03    |
|    ep_rew_mean          | 95.6        |
| time/                   |             |
|    fps                  | 510         |
|    iterations           | 4           |
|    time_elapsed         | 192         |
|    total_timesteps      | 98304       |
| train/                  |             |
|    approx_kl            | 0.008424187 |
|    clip_fraction        | 0.0614      |
|    clip_range           | 0.2         |
|    entropy_loss         | -2.23       |
|    explained_variance   | 0.562       |
|    learning_rate        | 0.0003      |
|    loss                 | -0.00516    |
|    n_updates            | 15          |
|    policy_gradient_loss | -0.00613    |
|    value_loss           | 0.0384      |
-----------------------------------------
-----------------------------------------
| rollout/                |             |
|    ep_len_mean          | 3.41e+03    |
|    ep_rew_mean          | 72.6        |
| time/                   |             |
|    fps                  | 510         |
|    iterations           | 5           |
|    time_elapsed         | 240         |
|    total_timesteps      | 122880      |
| train/                  |             |
|    approx_kl            | 0.008477519 |
|    clip_fraction        | 0.078       |
|    clip_range           | 0.2         |
|    entropy_loss         | -2.21       |
|    explained_variance   | 0.68        |
|    learning_rate        | 0.0003      |
|    loss                 | -0.0108     |
|    n_updates            | 20          |
|    policy_gradient_loss | -0.00737    |
|    value_loss           | 0.0401      |
-----------------------------------------
------------------------------------------
| rollout/                |              |
|    ep_len_mean          | 3.24e+03     |
|    ep_rew_mean          | 77.1         |
| time/                   |              |
|    fps                  | 511          |
|    iterations           | 6            |
|    time_elapsed         | 288          |
|    total_timesteps      | 147456       |
| train/                  |              |
|    approx_kl            | 0.0084597375 |
|    clip_fraction        | 0.0652       |
|    clip_range           | 0.2          |
|    entropy_loss         | -2.18        |
|    explained_variance   | 0.742        |
|    learning_rate        | 0.0003       |
|    loss                 | -0.0137      |
|    n_updates            | 25           |
|    policy_gradient_loss | -0.00606     |
|    value_loss           | 0.0332       |
------------------------------------------
-----------------------------------------
| rollout/                |             |
|    ep_len_mean          | 3.3e+03     |
|    ep_rew_mean          | 78.5        |
| time/                   |             |
|    fps                  | 512         |
|    iterations           | 7           |
|    time_elapsed         | 335         |
|    total_timesteps      | 172032      |
| train/                  |             |
|    approx_kl            | 0.009207494 |
|    clip_fraction        | 0.087       |
|    clip_range           | 0.2         |
|    entropy_loss         | -2.15       |
|    explained_variance   | 0.779       |
|    learning_rate        | 0.0003      |
|    loss                 | -0.00941    |
|    n_updates            | 30          |
|    policy_gradient_loss | -0.00756    |
|    value_loss           | 0.0466      |
-----------------------------------------
-----------------------------------------
| rollout/                |             |
|    ep_len_mean          | 3.24e+03    |
|    ep_rew_mean          | 82.7        |
| time/                   |             |
|    fps                  | 513         |
|    iterations           | 8           |
|    time_elapsed         | 382         |
|    total_timesteps      | 196608      |
| train/                  |             |
|    approx_kl            | 0.007460089 |
|    clip_fraction        | 0.0592      |
|    clip_range           | 0.2         |
|    entropy_loss         | -2.07       |
|    explained_variance   | 0.87        |
|    learning_rate        | 0.0003      |
|    loss                 | -0.0191     |
|    n_updates            | 35          |
|    policy_gradient_loss | -0.00565    |
|    value_loss           | 0.0401      |
-----------------------------------------
-----------------------------------------
| rollout/                |             |
|    ep_len_mean          | 3.39e+03    |
|    ep_rew_mean          | 77.8        |
| time/                   |             |
|    fps                  | 512         |
|    iterations           | 9           |
|    time_elapsed         | 431         |
|    total_timesteps      | 221184      |
| train/                  |             |
|    approx_kl            | 0.008711865 |
|    clip_fraction        | 0.0775      |
|    clip_range           | 0.2         |
|    entropy_loss         | -2.06       |
|    explained_variance   | 0.872       |
|    learning_rate        | 0.0003      |
|    loss                 | -0.0174     |
|    n_updates            | 40          |
|    policy_gradient_loss | -0.00593    |
|    value_loss           | 0.031       |
-----------------------------------------
-----------------------------------------
| rollout/                |             |
|    ep_len_mean          | 3.39e+03    |
|    ep_rew_mean          | 74.9        |
| time/                   |             |
|    fps                  | 509         |
|    iterations           | 10          |
|    time_elapsed         | 482         |
|    total_timesteps      | 245760      |
| train/                  |             |
|    approx_kl            | 0.007858421 |
|    clip_fraction        | 0.076       |
|    clip_range           | 0.2         |
|    entropy_loss         | -2.04       |
|    explained_variance   | 0.887       |
|    learning_rate        | 0.0003      |
|    loss                 | -0.0127     |
|    n_updates            | 45          |
|    policy_gradient_loss | -0.00528    |
|    value_loss           | 0.0306      |
-----------------------------------------
-----------------------------------------
| rollout/                |             |
|    ep_len_mean          | 3.47e+03    |
|    ep_rew_mean          | 79.4        |
| time/                   |             |
|    fps                  | 508         |
|    iterations           | 11          |
|    time_elapsed         | 531         |
|    total_timesteps      | 270336      |
| train/                  |             |
|    approx_kl            | 0.008028389 |
|    clip_fraction        | 0.0692      |
|    clip_range           | 0.2         |
|    entropy_loss         | -2.12       |
|    explained_variance   | 0.887       |
|    learning_rate        | 0.0003      |
|    loss                 | -0.0208     |
|    n_updates            | 50          |
|    policy_gradient_loss | -0.00721    |
|    value_loss           | 0.0303      |
-----------------------------------------
-----------------------------------------
| rollout/                |             |
|    ep_len_mean          | 3.49e+03    |
|    ep_rew_mean          | 79.7        |
| time/                   |             |
|    fps                  | 507         |
|    iterations           | 12          |
|    time_elapsed         | 581         |
|    total_timesteps      | 294912      |
| train/                  |             |
|    approx_kl            | 0.009786392 |
|    clip_fraction        | 0.0828      |
|    clip_range           | 0.2         |
|    entropy_loss         | -2.11       |
|    explained_variance   | 0.891       |
|    learning_rate        | 0.0003      |
|    loss                 | -0.00766    |
|    n_updates            | 55          |
|    policy_gradient_loss | -0.00644    |
|    value_loss           | 0.0314      |
-----------------------------------------
-----------------------------------------
| rollout/                |             |
|    ep_len_mean          | 3.46e+03    |
|    ep_rew_mean          | 82.8        |
| time/                   |             |
|    fps                  | 506         |
|    iterations           | 13          |
|    time_elapsed         | 631         |
|    total_timesteps      | 319488      |
| train/                  |             |
|    approx_kl            | 0.009475327 |
|    clip_fraction        | 0.0893      |
|    clip_range           | 0.2         |
|    entropy_loss         | -2.08       |
|    explained_variance   | 0.917       |
|    learning_rate        | 0.0003      |
|    loss                 | -0.0114     |
|    n_updates            | 60          |
|    policy_gradient_loss | -0.00658    |
|    value_loss           | 0.0259      |
-----------------------------------------
-----------------------------------------
| rollout/                |             |
|    ep_len_mean          | 3.39e+03    |
|    ep_rew_mean          | 89.9        |
| time/                   |             |
|    fps                  | 504         |
|    iterations           | 14          |
|    time_elapsed         | 681         |
|    total_timesteps      | 344064      |
| train/                  |             |
|    approx_kl            | 0.007403873 |
|    clip_fraction        | 0.0747      |
|    clip_range           | 0.2         |
|    entropy_loss         | -2.09       |
|    explained_variance   | 0.93        |
|    learning_rate        | 0.0003      |
|    loss                 | -0.0149     |
|    n_updates            | 65          |
|    policy_gradient_loss | -0.00618    |
|    value_loss           | 0.0334      |
-----------------------------------------
-----------------------------------------
| rollout/                |             |
|    ep_len_mean          | 3.35e+03    |
|    ep_rew_mean          | 92.9        |
| time/                   |             |
|    fps                  | 503         |
|    iterations           | 15          |
|    time_elapsed         | 732         |
|    total_timesteps      | 368640      |
| train/                  |             |
|    approx_kl            | 0.008206978 |
|    clip_fraction        | 0.0849      |
|    clip_range           | 0.2         |
|    entropy_loss         | -2.1        |
|    explained_variance   | 0.901       |
|    learning_rate        | 0.0003      |
|    loss                 | -0.0168     |
|    n_updates            | 70          |
|    policy_gradient_loss | -0.0061     |
|    value_loss           | 0.0366      |
-----------------------------------------
----------------------------------------
| rollout/                |            |
|    ep_len_mean          | 3.38e+03   |
|    ep_rew_mean          | 90.1       |
| time/                   |            |
|    fps                  | 502        |
|    iterations           | 16         |
|    time_elapsed         | 783        |
|    total_timesteps      | 393216     |
| train/                  |            |
|    approx_kl            | 0.00879512 |
|    clip_fraction        | 0.0846     |
|    clip_range           | 0.2        |
|    entropy_loss         | -2.1       |
|    explained_variance   | 0.907      |
|    learning_rate        | 0.0003     |
|    loss                 | -0.0128    |
|    n_updates            | 75         |
|    policy_gradient_loss | -0.00505   |
|    value_loss           | 0.0282     |
----------------------------------------
-----------------------------------------
| rollout/                |             |
|    ep_len_mean          | 3.3e+03     |
|    ep_rew_mean          | 98.1        |
| time/                   |             |
|    fps                  | 500         |
|    iterations           | 17          |
|    time_elapsed         | 834         |
|    total_timesteps      | 417792      |
| train/                  |             |
|    approx_kl            | 0.009342524 |
|    clip_fraction        | 0.108       |
|    clip_range           | 0.2         |
|    entropy_loss         | -2.13       |
|    explained_variance   | 0.948       |
|    learning_rate        | 0.0003      |
|    loss                 | -0.0318     |
|    n_updates            | 80          |
|    policy_gradient_loss | -0.0069     |
|    value_loss           | 0.0214      |
-----------------------------------------
-----------------------------------------
| rollout/                |             |
|    ep_len_mean          | 3.11e+03    |
|    ep_rew_mean          | 117         |
| time/                   |             |
|    fps                  | 500         |
|    iterations           | 18          |
|    time_elapsed         | 884         |
|    total_timesteps      | 442368      |
| train/                  |             |
|    approx_kl            | 0.008083119 |
|    clip_fraction        | 0.0887      |
|    clip_range           | 0.2         |
|    entropy_loss         | -2.06       |
|    explained_variance   | 0.915       |
|    learning_rate        | 0.0003      |
|    loss                 | -0.0155     |
|    n_updates            | 85          |
|    policy_gradient_loss | -0.00597    |
|    value_loss           | 0.0335      |
-----------------------------------------
-----------------------------------------
| rollout/                |             |
|    ep_len_mean          | 3.08e+03    |
|    ep_rew_mean          | 117         |
| time/                   |             |
|    fps                  | 499         |
|    iterations           | 19          |
|    time_elapsed         | 934         |
|    total_timesteps      | 466944      |
| train/                  |             |
|    approx_kl            | 0.008970749 |
|    clip_fraction        | 0.0975      |
|    clip_range           | 0.2         |
|    entropy_loss         | -2.01       |
|    explained_variance   | 0.923       |
|    learning_rate        | 0.0003      |
|    loss                 | -0.0141     |
|    n_updates            | 90          |
|    policy_gradient_loss | -0.00613    |
|    value_loss           | 0.039       |
-----------------------------------------
-----------------------------------------
| rollout/                |             |
|    ep_len_mean          | 3.04e+03    |
|    ep_rew_mean          | 115         |
| time/                   |             |
|    fps                  | 498         |
|    iterations           | 20          |
|    time_elapsed         | 985         |
|    total_timesteps      | 491520      |
| train/                  |             |
|    approx_kl            | 0.009675129 |
|    clip_fraction        | 0.111       |
|    clip_range           | 0.2         |
|    entropy_loss         | -1.99       |
|    explained_variance   | 0.923       |
|    learning_rate        | 0.0003      |
|    loss                 | -0.00442    |
|    n_updates            | 95          |
|    policy_gradient_loss | -0.0072     |
|    value_loss           | 0.0269      |
-----------------------------------------
[Checkpoint] Saved at 500000 steps > /home/runner/work/Disciples2-RL/Disciples2-RL/github_experiments/138/default/cities/seed138-default-cities-35507757366-1/checkpoints/campaign_ppo_step_500000.zip
-----------------------------------------
| rollout/                |             |
|    ep_len_mean          | 2.93e+03    |
|    ep_rew_mean          | 116         |
| time/                   |             |
|    fps                  | 498         |
|    iterations           | 21          |
|    time_elapsed         | 1035        |
|    total_timesteps      | 516096      |
| train/                  |             |
|    approx_kl            | 0.009777763 |
|    clip_fraction        | 0.132       |
|    clip_range           | 0.2         |
|    entropy_loss         | -2.05       |
|    explained_variance   | 0.909       |
|    learning_rate        | 0.0003      |
|    loss                 | -0.0161     |
|    n_updates            | 100         |
|    policy_gradient_loss | -0.00652    |
|    value_loss           | 0.0244      |
-----------------------------------------
-----------------------------------------
| rollout/                |             |
|    ep_len_mean          | 2.52e+03    |
|    ep_rew_mean          | 127         |
| time/                   |             |
|    fps                  | 497         |
|    iterations           | 22          |
|    time_elapsed         | 1086        |
|    total_timesteps      | 540672      |
| train/                  |             |
|    approx_kl            | 0.010910387 |
|    clip_fraction        | 0.117       |
|    clip_range           | 0.2         |
|    entropy_loss         | -2.05       |
|    explained_variance   | 0.942       |
|    learning_rate        | 0.0003      |
|    loss                 | -0.0242     |
|    n_updates            | 105         |
|    policy_gradient_loss | -0.00702    |
|    value_loss           | 0.0285      |
-----------------------------------------
-----------------------------------------
| rollout/                |             |
|    ep_len_mean          | 2.33e+03    |
|    ep_rew_mean          | 135         |
| time/                   |             |
|    fps                  | 497         |
|    iterations           | 23          |
|    time_elapsed         | 1136        |
|    total_timesteps      | 565248      |
| train/                  |             |
|    approx_kl            | 0.010043333 |
|    clip_fraction        | 0.0962      |
|    clip_range           | 0.2         |
|    entropy_loss         | -2          |
|    explained_variance   | 0.907       |
|    learning_rate        | 0.0003      |
|    loss                 | -0.0195     |
|    n_updates            | 110         |
|    policy_gradient_loss | -0.00467    |
|    value_loss           | 0.0437      |
-----------------------------------------
----------------------------------------
| rollout/                |            |
|    ep_len_mean          | 2.33e+03   |
|    ep_rew_mean          | 134        |
| time/                   |            |
|    fps                  | 497        |
|    iterations           | 24         |
|    time_elapsed         | 1184       |
|    total_timesteps      | 589824     |
| train/                  |            |
|    approx_kl            | 0.00916458 |
|    clip_fraction        | 0.0986     |
|    clip_range           | 0.2        |
|    entropy_loss         | -2.06      |
|    explained_variance   | 0.94       |
|    learning_rate        | 0.0003     |
|    loss                 | -0.00455   |
|    n_updates            | 115        |
|    policy_gradient_loss | -0.00662   |
|    value_loss           | 0.0396     |
----------------------------------------
-----------------------------------------
| rollout/                |             |
|    ep_len_mean          | 2.21e+03    |
|    ep_rew_mean          | 138         |
| time/                   |             |
|    fps                  | 498         |
|    iterations           | 25          |
|    time_elapsed         | 1233        |
|    total_timesteps      | 614400      |
| train/                  |             |
|    approx_kl            | 0.009876807 |
|    clip_fraction        | 0.104       |
|    clip_range           | 0.2         |
|    entropy_loss         | -2.06       |
|    explained_variance   | 0.945       |
|    learning_rate        | 0.0003      |
|    loss                 | -0.0164     |
|    n_updates            | 120         |
|    policy_gradient_loss | -0.00629    |
|    value_loss           | 0.0395      |
-----------------------------------------
-----------------------------------------
| rollout/                |             |
|    ep_len_mean          | 2.16e+03    |
|    ep_rew_mean          | 140         |
| time/                   |             |
|    fps                  | 497         |
|    iterations           | 26          |
|    time_elapsed         | 1283        |
|    total_timesteps      | 638976      |
| train/                  |             |
|    approx_kl            | 0.009222007 |
|    clip_fraction        | 0.108       |
|    clip_range           | 0.2         |
|    entropy_loss         | -2.04       |
|    explained_variance   | 0.928       |
|    learning_rate        | 0.0003      |
|    loss                 | -0.0244     |
|    n_updates            | 125         |
|    policy_gradient_loss | -0.00624    |
|    value_loss           | 0.0401      |
-----------------------------------------
-----------------------------------------
| rollout/                |             |
|    ep_len_mean          | 2.04e+03    |
|    ep_rew_mean          | 147         |
| time/                   |             |
|    fps                  | 497         |
|    iterations           | 27          |
|    time_elapsed         | 1334        |
|    total_timesteps      | 663552      |
| train/                  |             |
|    approx_kl            | 0.010765791 |
|    clip_fraction        | 0.126       |
|    clip_range           | 0.2         |
|    entropy_loss         | -2          |
|    explained_variance   | 0.925       |
|    learning_rate        | 0.0003      |
|    loss                 | -0.0051     |
|    n_updates            | 130         |
|    policy_gradient_loss | -0.00678    |
|    value_loss           | 0.0366      |
-----------------------------------------
-----------------------------------------
| rollout/                |             |
|    ep_len_mean          | 1.8e+03     |
|    ep_rew_mean          | 163         |
| time/                   |             |
|    fps                  | 497         |
|    iterations           | 28          |
|    time_elapsed         | 1383        |
|    total_timesteps      | 688128      |
| train/                  |             |
|    approx_kl            | 0.009311825 |
|    clip_fraction        | 0.11        |
|    clip_range           | 0.2         |
|    entropy_loss         | -1.98       |
|    explained_variance   | 0.924       |
|    learning_rate        | 0.0003      |
|    loss                 | 0.002       |
|    n_updates            | 135         |
|    policy_gradient_loss | -0.00743    |
|    value_loss           | 0.0612      |
-----------------------------------------
-----------------------------------------
| rollout/                |             |
|    ep_len_mean          | 1.72e+03    |
|    ep_rew_mean          | 170         |
| time/                   |             |
|    fps                  | 497         |
|    iterations           | 29          |
|    time_elapsed         | 1431        |
|    total_timesteps      | 712704      |
| train/                  |             |
|    approx_kl            | 0.010567973 |
|    clip_fraction        | 0.13        |
|    clip_range           | 0.2         |
|    entropy_loss         | -2.04       |
|    explained_variance   | 0.935       |
|    learning_rate        | 0.0003      |
|    loss                 | -0.0105     |
|    n_updates            | 140         |
|    policy_gradient_loss | -0.0072     |
|    value_loss           | 0.0389      |
-----------------------------------------
-----------------------------------------
| rollout/                |             |
|    ep_len_mean          | 1.56e+03    |
|    ep_rew_mean          | 173         |
| time/                   |             |
|    fps                  | 497         |
|    iterations           | 30          |
|    time_elapsed         | 1480        |
|    total_timesteps      | 737280      |
| train/                  |             |
|    approx_kl            | 0.010607758 |
|    clip_fraction        | 0.114       |
|    clip_range           | 0.2         |
|    entropy_loss         | -2          |
|    explained_variance   | 0.927       |
|    learning_rate        | 0.0003      |
|    loss                 | -0.00572    |
|    n_updates            | 145         |
|    policy_gradient_loss | -0.00709    |
|    value_loss           | 0.0435      |
-----------------------------------------
-----------------------------------------
| rollout/                |             |
|    ep_len_mean          | 1.23e+03    |
|    ep_rew_mean          | 179         |
| time/                   |             |
|    fps                  | 497         |
|    iterations           | 31          |
|    time_elapsed         | 1531        |
|    total_timesteps      | 761856      |
| train/                  |             |
|    approx_kl            | 0.009184532 |
|    clip_fraction        | 0.102       |
|    clip_range           | 0.2         |
|    entropy_loss         | -2.01       |
|    explained_variance   | 0.914       |
|    learning_rate        | 0.0003      |
|    loss                 | -0.0168     |
|    n_updates            | 150         |
|    policy_gradient_loss | -0.00528    |
|    value_loss           | 0.035       |
-----------------------------------------
-----------------------------------------
| rollout/                |             |
|    ep_len_mean          | 1.08e+03    |
|    ep_rew_mean          | 183         |
| time/                   |             |
|    fps                  | 496         |
|    iterations           | 32          |
|    time_elapsed         | 1582        |
|    total_timesteps      | 786432      |
| train/                  |             |
|    approx_kl            | 0.009607862 |
|    clip_fraction        | 0.103       |
|    clip_range           | 0.2         |
|    entropy_loss         | -2          |
|    explained_variance   | 0.909       |
|    learning_rate        | 0.0003      |
|    loss                 | -0.0182     |
|    n_updates            | 155         |
|    policy_gradient_loss | -0.00672    |
|    value_loss           | 0.032       |
-----------------------------------------
-----------------------------------------
| rollout/                |             |
|    ep_len_mean          | 920         |
|    ep_rew_mean          | 185         |
| time/                   |             |
|    fps                  | 497         |
|    iterations           | 33          |
|    time_elapsed         | 1630        |
|    total_timesteps      | 811008      |
| train/                  |             |
|    approx_kl            | 0.009832174 |
|    clip_fraction        | 0.0998      |
|    clip_range           | 0.2         |
|    entropy_loss         | -2.01       |
|    explained_variance   | 0.933       |
|    learning_rate        | 0.0003      |
|    loss                 | -0.0134     |
|    n_updates            | 160         |
|    policy_gradient_loss | -0.00566    |
|    value_loss           | 0.026       |
-----------------------------------------
-----------------------------------------
| rollout/                |             |
|    ep_len_mean          | 693         |
|    ep_rew_mean          | 184         |
| time/                   |             |
|    fps                  | 497         |
|    iterations           | 34          |
|    time_elapsed         | 1678        |
|    total_timesteps      | 835584      |
| train/                  |             |
|    approx_kl            | 0.010129992 |
|    clip_fraction        | 0.0962      |
|    clip_range           | 0.2         |
|    entropy_loss         | -1.95       |
|    explained_variance   | 0.936       |
|    learning_rate        | 0.0003      |
|    loss                 | -0.00332    |
|    n_updates            | 165         |
|    policy_gradient_loss | -0.00549    |
|    value_loss           | 0.0267      |
-----------------------------------------
-----------------------------------------
| rollout/                |             |
|    ep_len_mean          | 661         |
|    ep_rew_mean          | 174         |
| time/                   |             |
|    fps                  | 498         |
|    iterations           | 35          |
|    time_elapsed         | 1726        |
|    total_timesteps      | 860160      |
| train/                  |             |
|    approx_kl            | 0.011887036 |
|    clip_fraction        | 0.105       |
|    clip_range           | 0.2         |
|    entropy_loss         | -1.87       |
|    explained_variance   | 0.945       |
|    learning_rate        | 0.0003      |
|    loss                 | -0.0169     |
|    n_updates            | 170         |
|    policy_gradient_loss | -0.00516    |
|    value_loss           | 0.0199      |
-----------------------------------------
-----------------------------------------
| rollout/                |             |
|    ep_len_mean          | 574         |
|    ep_rew_mean          | 175         |
| time/                   |             |
|    fps                  | 498         |
|    iterations           | 36          |
|    time_elapsed         | 1774        |
|    total_timesteps      | 884736      |
| train/                  |             |
|    approx_kl            | 0.009435468 |
|    clip_fraction        | 0.0927      |
|    clip_range           | 0.2         |
|    entropy_loss         | -1.86       |
|    explained_variance   | 0.928       |
|    learning_rate        | 0.0003      |
|    loss                 | -0.0149     |
|    n_updates            | 175         |
|    policy_gradient_loss | -0.00471    |
|    value_loss           | 0.0248      |
-----------------------------------------
-----------------------------------------
| rollout/                |             |
|    ep_len_mean          | 650         |
|    ep_rew_mean          | 170         |
| time/                   |             |
|    fps                  | 498         |
|    iterations           | 37          |
|    time_elapsed         | 1822        |
|    total_timesteps      | 909312      |
| train/                  |             |
|    approx_kl            | 0.010067223 |
|    clip_fraction        | 0.0999      |
|    clip_range           | 0.2         |
|    entropy_loss         | -1.84       |
|    explained_variance   | 0.942       |
|    learning_rate        | 0.0003      |
|    loss                 | -0.00955    |
|    n_updates            | 180         |
|    policy_gradient_loss | -0.00438    |
|    value_loss           | 0.0152      |
-----------------------------------------
----------------------------------------
| rollout/                |            |
|    ep_len_mean          | 586        |
|    ep_rew_mean          | 175        |
| time/                   |            |
|    fps                  | 499        |
|    iterations           | 38         |
|    time_elapsed         | 1869       |
|    total_timesteps      | 933888     |
| train/                  |            |
|    approx_kl            | 0.01015666 |
|    clip_fraction        | 0.11       |
|    clip_range           | 0.2        |
|    entropy_loss         | -1.9       |
|    explained_variance   | 0.96       |
|    learning_rate        | 0.0003     |
|    loss                 | -0.0132    |
|    n_updates            | 185        |
|    policy_gradient_loss | -0.00664   |
|    value_loss           | 0.0178     |
----------------------------------------
-----------------------------------------
| rollout/                |             |
|    ep_len_mean          | 488         |
|    ep_rew_mean          | 180         |
| time/                   |             |
|    fps                  | 499         |
|    iterations           | 39          |
|    time_elapsed         | 1917        |
|    total_timesteps      | 958464      |
| train/                  |             |
|    approx_kl            | 0.009454678 |
|    clip_fraction        | 0.101       |
|    clip_range           | 0.2         |
|    entropy_loss         | -1.84       |
|    explained_variance   | 0.967       |
|    learning_rate        | 0.0003      |
|    loss                 | -0.0315     |
|    n_updates            | 190         |
|    policy_gradient_loss | -0.00609    |
|    value_loss           | 0.0203      |
-----------------------------------------
-----------------------------------------
| rollout/                |             |
|    ep_len_mean          | 427         |
|    ep_rew_mean          | 177         |
| time/                   |             |
|    fps                  | 500         |
|    iterations           | 40          |
|    time_elapsed         | 1964        |
|    total_timesteps      | 983040      |
| train/                  |             |
|    approx_kl            | 0.009778819 |
|    clip_fraction        | 0.111       |
|    clip_range           | 0.2         |
|    entropy_loss         | -1.86       |
|    explained_variance   | 0.972       |
|    learning_rate        | 0.0003      |
|    loss                 | -0.0195     |
|    n_updates            | 195         |
|    policy_gradient_loss | -0.00488    |
|    value_loss           | 0.0205      |
-----------------------------------------
[Checkpoint] Saved at 1000000 steps > /home/runner/work/Disciples2-RL/Disciples2-RL/github_experiments/138/default/cities/seed138-default-cities-35507757366-1/checkpoints/campaign_ppo_step_1000000.zip
Eval num_timesteps=1000008, det_reward=216.67 +/- 25.36
Episode length: det=412.65 +/- 285.48
Victory rate: det=100.00%
-------------------------------------------------
| eval/                           |             |
|    deterministic_mean_ep_length | 413         |
|    deterministic_mean_reward    | 217         |
|    deterministic_victory_rate   | 1           |
|    mean_ep_length               | 413         |
|    mean_reward                  | 217         |
|    victory_rate                 | 1           |
| time/                           |             |
|    total_timesteps              | 1000008     |
| train/                          |             |
|    approx_kl                    | 0.009826864 |
|    clip_fraction                | 0.109       |
|    clip_range                   | 0.2         |
|    entropy_loss                 | -1.75       |
|    explained_variance           | 0.975       |
|    learning_rate                | 0.0003      |
|    loss                         | -0.0168     |
|    n_updates                    | 200         |
|    policy_gradient_loss         | -0.00727    |
|    value_loss                   | 0.0197      |
-------------------------------------------------
New best model by deterministic victory rate!
---------------------------------
| rollout/           |          |
|    ep_len_mean     | 390      |
|    ep_rew_mean     | 176      |
| time/              |          |
|    fps             | 494      |
|    iterations      | 41       |
|    time_elapsed    | 2039     |
|    total_timesteps | 1007616  |
---------------------------------
VecNormalize stats saved: /home/runner/work/Disciples2-RL/Disciples2-RL/github_experiments/138/default/cities/seed138-default-cities-35507757366-1/models/vecnormalize.pkl

Финальная модель сохранена: /home/runner/work/Disciples2-RL/Disciples2-RL/github_experiments/138/default/cities/seed138-default-cities-35507757366-1/models/final_model.zip

============================================================
ИТОГИ ОБУЧЕНИЯ:
  Побед: 666
  Поражений: 26
  Таймаутов: 49
  Побед бота столицы над врагами: 0
  Перестановок юнитов: 239284
  Терминальные поражения по противникам:
    enemy_75: 26 — Страж столицы Империи: Мизраэль
  Winrate: 89.9%
============================================================
  График призывов за эпизод: /home/runner/work/Disciples2-RL/Disciples2-RL/github_experiments/138/default/cities/seed138-default-cities-35507757366-1/plots/campaign_summoned_units_per_episode.png
  График призывов за всё обучение: /home/runner/work/Disciples2-RL/Disciples2-RL/github_experiments/138/default/cities/seed138-default-cities-35507757366-1/plots/campaign_summoned_units_cumulative.png
  График найма за эпизод: /home/runner/work/Disciples2-RL/Disciples2-RL/github_experiments/138/default/cities/seed138-default-cities-35507757366-1/plots/campaign_hired_units_per_episode.png
  График найма за всё обучение: /home/runner/work/Disciples2-RL/Disciples2-RL/github_experiments/138/default/cities/seed138-default-cities-35507757366-1/plots/campaign_hired_units_cumulative.png
  График перестановок юнитов за эпизод: /home/runner/work/Disciples2-RL/Disciples2-RL/github_experiments/138/default/cities/seed138-default-cities-35507757366-1/plots/campaign_unit_swaps_per_episode.png
  График боевых предметов: /home/runner/work/Disciples2-RL/Disciples2-RL/github_experiments/138/default/cities/seed138-default-cities-35507757366-1/plots/campaign_battle_item_activity.png
  График побед бота столицы за эпизод: /home/runner/work/Disciples2-RL/Disciples2-RL/github_experiments/138/default/cities/seed138-default-cities-35507757366-1/plots/campaign_scripted_bot_victories_per_episode.png
  График применения заклинаний: /home/runner/work/Disciples2-RL/Disciples2-RL/github_experiments/138/default/cities/seed138-default-cities-35507757366-1/plots/campaign_spell_cast_activity.png
