Проверка среды CampaignEnv...
Среда прошла проверку!
[INFO] Comet disabled, running without experiment tracking
Создание 12 параллельных сред (subproc)...
Инициализация MaskablePPO...
Using cpu device

============================================================
Запуск обучения Campaign Agent
Всего шагов: 1,000,000
Параллельных сред: 12
VecEnv: subproc
VecEnv start method: forkserver
Seed: 134
Checkpoint каждые: 500,000 шагов
Evaluation каждые: 83,334 шагов
Eval deterministic эпизодов: 20
Eval stochastic эпизодов: 0
Eval лимит шагов на эпизод: 5000
Campaign map: trade_train
Campaign objective: all_enemies
System resources at training start:
  Platform: Linux 6.17.0-1022-azure (x86_64)
  Python: 3.14.7
  PyTorch: 2.13.0+cpu
  Training device: cpu
  CPU model: AMD EPYC 9V74 80-Core Processor
  CPU vendor: AuthenticAMD
  Logical CPUs visible: 4
  Process CPU affinity: 4
  Sockets: 1
  Cores per socket: 2
  Threads per core: 2
  CPU max MHz: unknown
  CPU min MHz: unknown
  L1d cache: 64 KiB (2 instances)
  L1i cache: 64 KiB (2 instances)
  L2 cache: 2 MiB (2 instances)
  L3 cache: 32 MiB (1 instance)
  Virtualization: AMD-V
  Hypervisor: Microsoft
  RAM total: 15.61 GiB
  RAM available at start: 13.98 GiB
  Disk total: 144.26 GiB
  Disk free at start: 76.19 GiB
  Torch intra-op threads: 4
  Torch inter-op threads: 2
  OMP_NUM_THREADS: 4
  MKL_NUM_THREADS: 4
  OPENBLAS_NUM_THREADS: 4
  GitHub runner OS: Linux
  GitHub runner architecture: X64
  GitHub runner environment: github-hosted
PPO n_steps: 2,048
PPO batch_size: 512
PPO n_epochs: 5
PPO learning_rate: 0.0003
PPO clip_range: 0.2
PPO ent_coef: 0.01
PPO gamma: 0.995
PPO gae_lambda: 0.95
PPO target_kl: disabled
PPO gradient batches per rollout: 240
VecCheckNan: disabled
Freeze action layout: enabled
Empire territory: enabled
Torch threads per process: 4
Diagnostics: disabled
Wall-clock training limit: disabled
Run ID: seed134-trade_train-all_enemies-34065321960-1
============================================================

Logging to /home/runner/work/Disciples2-RL/Disciples2-RL/github_experiments/134/trade_train/all_enemies/seed134-trade_train-all_enemies-34065321960-1/tensorboard/MaskablePPO_1
---------------------------------
| rollout/           |          |
|    ep_len_mean     | 510      |
|    ep_rew_mean     | -48.5    |
| time/              |          |
|    fps             | 566      |
|    iterations      | 1        |
|    time_elapsed    | 43       |
|    total_timesteps | 24576    |
---------------------------------
-----------------------------------------
| rollout/                |             |
|    ep_len_mean          | 918         |
|    ep_rew_mean          | -82.8       |
| time/                   |             |
|    fps                  | 554         |
|    iterations           | 2           |
|    time_elapsed         | 88          |
|    total_timesteps      | 49152       |
| train/                  |             |
|    approx_kl            | 0.008597266 |
|    clip_fraction        | 0.0538      |
|    clip_range           | 0.2         |
|    entropy_loss         | -2.22       |
|    explained_variance   | 0.225       |
|    learning_rate        | 0.0003      |
|    loss                 | -0.0247     |
|    n_updates            | 5           |
|    policy_gradient_loss | -0.00583    |
|    value_loss           | 0.0306      |
-----------------------------------------
-----------------------------------------
| rollout/                |             |
|    ep_len_mean          | 1.12e+03    |
|    ep_rew_mean          | -99.2       |
| time/                   |             |
|    fps                  | 550         |
|    iterations           | 3           |
|    time_elapsed         | 133         |
|    total_timesteps      | 73728       |
| train/                  |             |
|    approx_kl            | 0.008146568 |
|    clip_fraction        | 0.0554      |
|    clip_range           | 0.2         |
|    entropy_loss         | -2.17       |
|    explained_variance   | 0.439       |
|    learning_rate        | 0.0003      |
|    loss                 | -0.0233     |
|    n_updates            | 10          |
|    policy_gradient_loss | -0.00563    |
|    value_loss           | 0.0139      |
-----------------------------------------
-----------------------------------------
| rollout/                |             |
|    ep_len_mean          | 1.55e+03    |
|    ep_rew_mean          | -135        |
| time/                   |             |
|    fps                  | 545         |
|    iterations           | 4           |
|    time_elapsed         | 180         |
|    total_timesteps      | 98304       |
| train/                  |             |
|    approx_kl            | 0.009545234 |
|    clip_fraction        | 0.0607      |
|    clip_range           | 0.2         |
|    entropy_loss         | -2.1        |
|    explained_variance   | 0.689       |
|    learning_rate        | 0.0003      |
|    loss                 | -0.0203     |
|    n_updates            | 15          |
|    policy_gradient_loss | -0.00433    |
|    value_loss           | 0.00456     |
-----------------------------------------
-----------------------------------------
| rollout/                |             |
|    ep_len_mean          | 1.59e+03    |
|    ep_rew_mean          | -137        |
| time/                   |             |
|    fps                  | 544         |
|    iterations           | 5           |
|    time_elapsed         | 225         |
|    total_timesteps      | 122880      |
| train/                  |             |
|    approx_kl            | 0.010124507 |
|    clip_fraction        | 0.079       |
|    clip_range           | 0.2         |
|    entropy_loss         | -2.1        |
|    explained_variance   | 0.535       |
|    learning_rate        | 0.0003      |
|    loss                 | -0.0208     |
|    n_updates            | 20          |
|    policy_gradient_loss | -0.00573    |
|    value_loss           | 0.0195      |
-----------------------------------------
-----------------------------------------
| rollout/                |             |
|    ep_len_mean          | 1.64e+03    |
|    ep_rew_mean          | -134        |
| time/                   |             |
|    fps                  | 543         |
|    iterations           | 6           |
|    time_elapsed         | 271         |
|    total_timesteps      | 147456      |
| train/                  |             |
|    approx_kl            | 0.008343634 |
|    clip_fraction        | 0.0373      |
|    clip_range           | 0.2         |
|    entropy_loss         | -2.12       |
|    explained_variance   | 0.665       |
|    learning_rate        | 0.0003      |
|    loss                 | -0.0139     |
|    n_updates            | 25          |
|    policy_gradient_loss | -0.0049     |
|    value_loss           | 0.00986     |
-----------------------------------------
------------------------------------------
| rollout/                |              |
|    ep_len_mean          | 1.68e+03     |
|    ep_rew_mean          | -133         |
| time/                   |              |
|    fps                  | 541          |
|    iterations           | 7            |
|    time_elapsed         | 317          |
|    total_timesteps      | 172032       |
| train/                  |              |
|    approx_kl            | 0.0075601065 |
|    clip_fraction        | 0.0445       |
|    clip_range           | 0.2          |
|    entropy_loss         | -2.16        |
|    explained_variance   | 0.706        |
|    learning_rate        | 0.0003       |
|    loss                 | -0.0168      |
|    n_updates            | 30           |
|    policy_gradient_loss | -0.00583     |
|    value_loss           | 0.014        |
------------------------------------------
-----------------------------------------
| rollout/                |             |
|    ep_len_mean          | 1.81e+03    |
|    ep_rew_mean          | -131        |
| time/                   |             |
|    fps                  | 538         |
|    iterations           | 8           |
|    time_elapsed         | 364         |
|    total_timesteps      | 196608      |
| train/                  |             |
|    approx_kl            | 0.008915878 |
|    clip_fraction        | 0.0661      |
|    clip_range           | 0.2         |
|    entropy_loss         | -2.13       |
|    explained_variance   | 0.743       |
|    learning_rate        | 0.0003      |
|    loss                 | -0.0271     |
|    n_updates            | 35          |
|    policy_gradient_loss | -0.00531    |
|    value_loss           | 0.00695     |
-----------------------------------------
-----------------------------------------
| rollout/                |             |
|    ep_len_mean          | 1.55e+03    |
|    ep_rew_mean          | -80.6       |
| time/                   |             |
|    fps                  | 538         |
|    iterations           | 9           |
|    time_elapsed         | 410         |
|    total_timesteps      | 221184      |
| train/                  |             |
|    approx_kl            | 0.010964225 |
|    clip_fraction        | 0.0729      |
|    clip_range           | 0.2         |
|    entropy_loss         | -2.16       |
|    explained_variance   | 0.644       |
|    learning_rate        | 0.0003      |
|    loss                 | -0.0317     |
|    n_updates            | 40          |
|    policy_gradient_loss | -0.00671    |
|    value_loss           | 0.00705     |
-----------------------------------------
-----------------------------------------
| rollout/                |             |
|    ep_len_mean          | 1.2e+03     |
|    ep_rew_mean          | -30.8       |
| time/                   |             |
|    fps                  | 537         |
|    iterations           | 10          |
|    time_elapsed         | 457         |
|    total_timesteps      | 245760      |
| train/                  |             |
|    approx_kl            | 0.008891006 |
|    clip_fraction        | 0.0797      |
|    clip_range           | 0.2         |
|    entropy_loss         | -2.17       |
|    explained_variance   | 0.598       |
|    learning_rate        | 0.0003      |
|    loss                 | -0.027      |
|    n_updates            | 45          |
|    policy_gradient_loss | -0.00529    |
|    value_loss           | 0.0161      |
-----------------------------------------
-----------------------------------------
| rollout/                |             |
|    ep_len_mean          | 1.18e+03    |
|    ep_rew_mean          | -27.2       |
| time/                   |             |
|    fps                  | 536         |
|    iterations           | 11          |
|    time_elapsed         | 503         |
|    total_timesteps      | 270336      |
| train/                  |             |
|    approx_kl            | 0.008532549 |
|    clip_fraction        | 0.0638      |
|    clip_range           | 0.2         |
|    entropy_loss         | -2.15       |
|    explained_variance   | 0.736       |
|    learning_rate        | 0.0003      |
|    loss                 | -0.0193     |
|    n_updates            | 50          |
|    policy_gradient_loss | -0.00609    |
|    value_loss           | 0.00982     |
-----------------------------------------
----------------------------------------
| rollout/                |            |
|    ep_len_mean          | 913        |
|    ep_rew_mean          | -3.65      |
| time/                   |            |
|    fps                  | 537        |
|    iterations           | 12         |
|    time_elapsed         | 548        |
|    total_timesteps      | 294912     |
| train/                  |            |
|    approx_kl            | 0.00935123 |
|    clip_fraction        | 0.0837     |
|    clip_range           | 0.2        |
|    entropy_loss         | -2.11      |
|    explained_variance   | 0.905      |
|    learning_rate        | 0.0003     |
|    loss                 | -0.0201    |
|    n_updates            | 55         |
|    policy_gradient_loss | -0.00802   |
|    value_loss           | 0.00157    |
----------------------------------------
-----------------------------------------
| rollout/                |             |
|    ep_len_mean          | 1.02e+03    |
|    ep_rew_mean          | -4.38       |
| time/                   |             |
|    fps                  | 537         |
|    iterations           | 13          |
|    time_elapsed         | 594         |
|    total_timesteps      | 319488      |
| train/                  |             |
|    approx_kl            | 0.009144514 |
|    clip_fraction        | 0.0586      |
|    clip_range           | 0.2         |
|    entropy_loss         | -2.17       |
|    explained_variance   | 0.896       |
|    learning_rate        | 0.0003      |
|    loss                 | -0.0338     |
|    n_updates            | 60          |
|    policy_gradient_loss | -0.00758    |
|    value_loss           | 0.00477     |
-----------------------------------------
-----------------------------------------
| rollout/                |             |
|    ep_len_mean          | 918         |
|    ep_rew_mean          | 1.45        |
| time/                   |             |
|    fps                  | 537         |
|    iterations           | 14          |
|    time_elapsed         | 640         |
|    total_timesteps      | 344064      |
| train/                  |             |
|    approx_kl            | 0.007643524 |
|    clip_fraction        | 0.0593      |
|    clip_range           | 0.2         |
|    entropy_loss         | -2.16       |
|    explained_variance   | 0.914       |
|    learning_rate        | 0.0003      |
|    loss                 | -0.0299     |
|    n_updates            | 65          |
|    policy_gradient_loss | -0.00633    |
|    value_loss           | 0.00319     |
-----------------------------------------
-----------------------------------------
| rollout/                |             |
|    ep_len_mean          | 792         |
|    ep_rew_mean          | 9.51        |
| time/                   |             |
|    fps                  | 536         |
|    iterations           | 15          |
|    time_elapsed         | 686         |
|    total_timesteps      | 368640      |
| train/                  |             |
|    approx_kl            | 0.008922509 |
|    clip_fraction        | 0.0582      |
|    clip_range           | 0.2         |
|    entropy_loss         | -2.16       |
|    explained_variance   | 0.901       |
|    learning_rate        | 0.0003      |
|    loss                 | -0.0293     |
|    n_updates            | 70          |
|    policy_gradient_loss | -0.00605    |
|    value_loss           | 0.00508     |
-----------------------------------------
-----------------------------------------
| rollout/                |             |
|    ep_len_mean          | 835         |
|    ep_rew_mean          | 8.82        |
| time/                   |             |
|    fps                  | 536         |
|    iterations           | 16          |
|    time_elapsed         | 732         |
|    total_timesteps      | 393216      |
| train/                  |             |
|    approx_kl            | 0.008525514 |
|    clip_fraction        | 0.0771      |
|    clip_range           | 0.2         |
|    entropy_loss         | -2.11       |
|    explained_variance   | 0.946       |
|    learning_rate        | 0.0003      |
|    loss                 | -0.0265     |
|    n_updates            | 75          |
|    policy_gradient_loss | -0.00674    |
|    value_loss           | 0.0021      |
-----------------------------------------
-----------------------------------------
| rollout/                |             |
|    ep_len_mean          | 869         |
|    ep_rew_mean          | 8.32        |
| time/                   |             |
|    fps                  | 536         |
|    iterations           | 17          |
|    time_elapsed         | 778         |
|    total_timesteps      | 417792      |
| train/                  |             |
|    approx_kl            | 0.008210574 |
|    clip_fraction        | 0.0622      |
|    clip_range           | 0.2         |
|    entropy_loss         | -2.12       |
|    explained_variance   | 0.961       |
|    learning_rate        | 0.0003      |
|    loss                 | -0.0165     |
|    n_updates            | 80          |
|    policy_gradient_loss | -0.00591    |
|    value_loss           | 0.0019      |
-----------------------------------------
-----------------------------------------
| rollout/                |             |
|    ep_len_mean          | 632         |
|    ep_rew_mean          | 17.1        |
| time/                   |             |
|    fps                  | 536         |
|    iterations           | 18          |
|    time_elapsed         | 823         |
|    total_timesteps      | 442368      |
| train/                  |             |
|    approx_kl            | 0.008718383 |
|    clip_fraction        | 0.0841      |
|    clip_range           | 0.2         |
|    entropy_loss         | -2.11       |
|    explained_variance   | 0.894       |
|    learning_rate        | 0.0003      |
|    loss                 | -0.0244     |
|    n_updates            | 85          |
|    policy_gradient_loss | -0.00508    |
|    value_loss           | 0.00476     |
-----------------------------------------
-----------------------------------------
| rollout/                |             |
|    ep_len_mean          | 543         |
|    ep_rew_mean          | 21.2        |
| time/                   |             |
|    fps                  | 537         |
|    iterations           | 19          |
|    time_elapsed         | 868         |
|    total_timesteps      | 466944      |
| train/                  |             |
|    approx_kl            | 0.010779767 |
|    clip_fraction        | 0.0978      |
|    clip_range           | 0.2         |
|    entropy_loss         | -2.13       |
|    explained_variance   | 0.881       |
|    learning_rate        | 0.0003      |
|    loss                 | -0.0203     |
|    n_updates            | 90          |
|    policy_gradient_loss | -0.00606    |
|    value_loss           | 0.00579     |
-----------------------------------------
-----------------------------------------
| rollout/                |             |
|    ep_len_mean          | 610         |
|    ep_rew_mean          | 20.6        |
| time/                   |             |
|    fps                  | 537         |
|    iterations           | 20          |
|    time_elapsed         | 914         |
|    total_timesteps      | 491520      |
| train/                  |             |
|    approx_kl            | 0.007635776 |
|    clip_fraction        | 0.0502      |
|    clip_range           | 0.2         |
|    entropy_loss         | -2.15       |
|    explained_variance   | 0.926       |
|    learning_rate        | 0.0003      |
|    loss                 | -0.0267     |
|    n_updates            | 95          |
|    policy_gradient_loss | -0.00524    |
|    value_loss           | 0.00296     |
-----------------------------------------
[Checkpoint] Saved at 500000 steps > /home/runner/work/Disciples2-RL/Disciples2-RL/github_experiments/134/trade_train/all_enemies/seed134-trade_train-all_enemies-34065321960-1/checkpoints/campaign_ppo_step_500000.zip
-----------------------------------------
| rollout/                |             |
|    ep_len_mean          | 682         |
|    ep_rew_mean          | 20          |
| time/                   |             |
|    fps                  | 537         |
|    iterations           | 21          |
|    time_elapsed         | 959         |
|    total_timesteps      | 516096      |
| train/                  |             |
|    approx_kl            | 0.010965818 |
|    clip_fraction        | 0.0952      |
|    clip_range           | 0.2         |
|    entropy_loss         | -2.13       |
|    explained_variance   | 0.946       |
|    learning_rate        | 0.0003      |
|    loss                 | -0.0216     |
|    n_updates            | 100         |
|    policy_gradient_loss | -0.00744    |
|    value_loss           | 0.00178     |
-----------------------------------------
-----------------------------------------
| rollout/                |             |
|    ep_len_mean          | 539         |
|    ep_rew_mean          | 24.5        |
| time/                   |             |
|    fps                  | 537         |
|    iterations           | 22          |
|    time_elapsed         | 1005        |
|    total_timesteps      | 540672      |
| train/                  |             |
|    approx_kl            | 0.008980696 |
|    clip_fraction        | 0.0753      |
|    clip_range           | 0.2         |
|    entropy_loss         | -2.15       |
|    explained_variance   | 0.854       |
|    learning_rate        | 0.0003      |
|    loss                 | -0.0326     |
|    n_updates            | 105         |
|    policy_gradient_loss | -0.00557    |
|    value_loss           | 0.00481     |
-----------------------------------------
-----------------------------------------
| rollout/                |             |
|    ep_len_mean          | 402         |
|    ep_rew_mean          | 28.5        |
| time/                   |             |
|    fps                  | 537         |
|    iterations           | 23          |
|    time_elapsed         | 1051        |
|    total_timesteps      | 565248      |
| train/                  |             |
|    approx_kl            | 0.007687748 |
|    clip_fraction        | 0.055       |
|    clip_range           | 0.2         |
|    entropy_loss         | -2.15       |
|    explained_variance   | 0.919       |
|    learning_rate        | 0.0003      |
|    loss                 | -0.0192     |
|    n_updates            | 110         |
|    policy_gradient_loss | -0.00483    |
|    value_loss           | 0.00332     |
-----------------------------------------
-----------------------------------------
| rollout/                |             |
|    ep_len_mean          | 454         |
|    ep_rew_mean          | 27.6        |
| time/                   |             |
|    fps                  | 537         |
|    iterations           | 24          |
|    time_elapsed         | 1097        |
|    total_timesteps      | 589824      |
| train/                  |             |
|    approx_kl            | 0.008997242 |
|    clip_fraction        | 0.0769      |
|    clip_range           | 0.2         |
|    entropy_loss         | -2.15       |
|    explained_variance   | 0.913       |
|    learning_rate        | 0.0003      |
|    loss                 | -0.0326     |
|    n_updates            | 115         |
|    policy_gradient_loss | -0.00567    |
|    value_loss           | 0.00428     |
-----------------------------------------
----------------------------------------
| rollout/                |            |
|    ep_len_mean          | 545        |
|    ep_rew_mean          | 25.4       |
| time/                   |            |
|    fps                  | 537        |
|    iterations           | 25         |
|    time_elapsed         | 1143       |
|    total_timesteps      | 614400     |
| train/                  |            |
|    approx_kl            | 0.01059069 |
|    clip_fraction        | 0.0908     |
|    clip_range           | 0.2        |
|    entropy_loss         | -2.13      |
|    explained_variance   | 0.917      |
|    learning_rate        | 0.0003     |
|    loss                 | -0.024     |
|    n_updates            | 120        |
|    policy_gradient_loss | -0.00534   |
|    value_loss           | 0.00302    |
----------------------------------------
-----------------------------------------
| rollout/                |             |
|    ep_len_mean          | 548         |
|    ep_rew_mean          | 25.6        |
| time/                   |             |
|    fps                  | 537         |
|    iterations           | 26          |
|    time_elapsed         | 1189        |
|    total_timesteps      | 638976      |
| train/                  |             |
|    approx_kl            | 0.008895961 |
|    clip_fraction        | 0.0676      |
|    clip_range           | 0.2         |
|    entropy_loss         | -2.09       |
|    explained_variance   | 0.928       |
|    learning_rate        | 0.0003      |
|    loss                 | -0.0255     |
|    n_updates            | 125         |
|    policy_gradient_loss | -0.0056     |
|    value_loss           | 0.0023      |
-----------------------------------------
-----------------------------------------
| rollout/                |             |
|    ep_len_mean          | 520         |
|    ep_rew_mean          | 28.2        |
| time/                   |             |
|    fps                  | 537         |
|    iterations           | 27          |
|    time_elapsed         | 1234        |
|    total_timesteps      | 663552      |
| train/                  |             |
|    approx_kl            | 0.008274485 |
|    clip_fraction        | 0.0783      |
|    clip_range           | 0.2         |
|    entropy_loss         | -2.1        |
|    explained_variance   | 0.891       |
|    learning_rate        | 0.0003      |
|    loss                 | -0.0266     |
|    n_updates            | 130         |
|    policy_gradient_loss | -0.00519    |
|    value_loss           | 0.00366     |
-----------------------------------------
-----------------------------------------
| rollout/                |             |
|    ep_len_mean          | 239         |
|    ep_rew_mean          | 31.2        |
| time/                   |             |
|    fps                  | 537         |
|    iterations           | 28          |
|    time_elapsed         | 1279        |
|    total_timesteps      | 688128      |
| train/                  |             |
|    approx_kl            | 0.010150398 |
|    clip_fraction        | 0.0934      |
|    clip_range           | 0.2         |
|    entropy_loss         | -2.1        |
|    explained_variance   | 0.871       |
|    learning_rate        | 0.0003      |
|    loss                 | -0.0269     |
|    n_updates            | 135         |
|    policy_gradient_loss | -0.00556    |
|    value_loss           | 0.00488     |
-----------------------------------------
-----------------------------------------
| rollout/                |             |
|    ep_len_mean          | 318         |
|    ep_rew_mean          | 31.8        |
| time/                   |             |
|    fps                  | 537         |
|    iterations           | 29          |
|    time_elapsed         | 1324        |
|    total_timesteps      | 712704      |
| train/                  |             |
|    approx_kl            | 0.008706083 |
|    clip_fraction        | 0.09        |
|    clip_range           | 0.2         |
|    entropy_loss         | -2.11       |
|    explained_variance   | 0.863       |
|    learning_rate        | 0.0003      |
|    loss                 | -0.0258     |
|    n_updates            | 140         |
|    policy_gradient_loss | -0.00593    |
|    value_loss           | 0.00861     |
-----------------------------------------
-----------------------------------------
| rollout/                |             |
|    ep_len_mean          | 280         |
|    ep_rew_mean          | 30.6        |
| time/                   |             |
|    fps                  | 537         |
|    iterations           | 30          |
|    time_elapsed         | 1370        |
|    total_timesteps      | 737280      |
| train/                  |             |
|    approx_kl            | 0.010785122 |
|    clip_fraction        | 0.117       |
|    clip_range           | 0.2         |
|    entropy_loss         | -2.1        |
|    explained_variance   | 0.851       |
|    learning_rate        | 0.0003      |
|    loss                 | -0.0229     |
|    n_updates            | 145         |
|    policy_gradient_loss | -0.008      |
|    value_loss           | 0.00726     |
-----------------------------------------
-----------------------------------------
| rollout/                |             |
|    ep_len_mean          | 277         |
|    ep_rew_mean          | 31.1        |
| time/                   |             |
|    fps                  | 537         |
|    iterations           | 31          |
|    time_elapsed         | 1416        |
|    total_timesteps      | 761856      |
| train/                  |             |
|    approx_kl            | 0.008325536 |
|    clip_fraction        | 0.0721      |
|    clip_range           | 0.2         |
|    entropy_loss         | -2.06       |
|    explained_variance   | 0.853       |
|    learning_rate        | 0.0003      |
|    loss                 | -0.0191     |
|    n_updates            | 150         |
|    policy_gradient_loss | -0.00641    |
|    value_loss           | 0.0105      |
-----------------------------------------
------------------------------------------
| rollout/                |              |
|    ep_len_mean          | 264          |
|    ep_rew_mean          | 32.6         |
| time/                   |              |
|    fps                  | 537          |
|    iterations           | 32           |
|    time_elapsed         | 1461         |
|    total_timesteps      | 786432       |
| train/                  |              |
|    approx_kl            | 0.0075478666 |
|    clip_fraction        | 0.0665       |
|    clip_range           | 0.2          |
|    entropy_loss         | -2.05        |
|    explained_variance   | 0.826        |
|    learning_rate        | 0.0003       |
|    loss                 | -0.018       |
|    n_updates            | 155          |
|    policy_gradient_loss | -0.00479     |
|    value_loss           | 0.0116       |
------------------------------------------
-----------------------------------------
| rollout/                |             |
|    ep_len_mean          | 307         |
|    ep_rew_mean          | 32.4        |
| time/                   |             |
|    fps                  | 538         |
|    iterations           | 33          |
|    time_elapsed         | 1506        |
|    total_timesteps      | 811008      |
| train/                  |             |
|    approx_kl            | 0.009948837 |
|    clip_fraction        | 0.106       |
|    clip_range           | 0.2         |
|    entropy_loss         | -2.07       |
|    explained_variance   | 0.815       |
|    learning_rate        | 0.0003      |
|    loss                 | -0.0286     |
|    n_updates            | 160         |
|    policy_gradient_loss | -0.00746    |
|    value_loss           | 0.0122      |
-----------------------------------------
-----------------------------------------
| rollout/                |             |
|    ep_len_mean          | 376         |
|    ep_rew_mean          | 30.2        |
| time/                   |             |
|    fps                  | 538         |
|    iterations           | 34          |
|    time_elapsed         | 1552        |
|    total_timesteps      | 835584      |
| train/                  |             |
|    approx_kl            | 0.009512645 |
|    clip_fraction        | 0.0741      |
|    clip_range           | 0.2         |
|    entropy_loss         | -2.05       |
|    explained_variance   | 0.873       |
|    learning_rate        | 0.0003      |
|    loss                 | -0.026      |
|    n_updates            | 165         |
|    policy_gradient_loss | -0.00546    |
|    value_loss           | 0.00619     |
-----------------------------------------
-----------------------------------------
| rollout/                |             |
|    ep_len_mean          | 426         |
|    ep_rew_mean          | 30.2        |
| time/                   |             |
|    fps                  | 538         |
|    iterations           | 35          |
|    time_elapsed         | 1598        |
|    total_timesteps      | 860160      |
| train/                  |             |
|    approx_kl            | 0.009169836 |
|    clip_fraction        | 0.0926      |
|    clip_range           | 0.2         |
|    entropy_loss         | -2.04       |
|    explained_variance   | 0.914       |
|    learning_rate        | 0.0003      |
|    loss                 | -0.0234     |
|    n_updates            | 170         |
|    policy_gradient_loss | -0.00728    |
|    value_loss           | 0.00368     |
-----------------------------------------
-----------------------------------------
| rollout/                |             |
|    ep_len_mean          | 486         |
|    ep_rew_mean          | 29.3        |
| time/                   |             |
|    fps                  | 538         |
|    iterations           | 36          |
|    time_elapsed         | 1643        |
|    total_timesteps      | 884736      |
| train/                  |             |
|    approx_kl            | 0.008606782 |
|    clip_fraction        | 0.0728      |
|    clip_range           | 0.2         |
|    entropy_loss         | -2.04       |
|    explained_variance   | 0.909       |
|    learning_rate        | 0.0003      |
|    loss                 | -0.0354     |
|    n_updates            | 175         |
|    policy_gradient_loss | -0.00545    |
|    value_loss           | 0.00322     |
-----------------------------------------
-----------------------------------------
| rollout/                |             |
|    ep_len_mean          | 552         |
|    ep_rew_mean          | 26.9        |
| time/                   |             |
|    fps                  | 538         |
|    iterations           | 37          |
|    time_elapsed         | 1688        |
|    total_timesteps      | 909312      |
| train/                  |             |
|    approx_kl            | 0.008454439 |
|    clip_fraction        | 0.0823      |
|    clip_range           | 0.2         |
|    entropy_loss         | -2.04       |
|    explained_variance   | 0.93        |
|    learning_rate        | 0.0003      |
|    loss                 | -0.0275     |
|    n_updates            | 180         |
|    policy_gradient_loss | -0.0046     |
|    value_loss           | 0.00227     |
-----------------------------------------
-----------------------------------------
| rollout/                |             |
|    ep_len_mean          | 445         |
|    ep_rew_mean          | 30.1        |
| time/                   |             |
|    fps                  | 538         |
|    iterations           | 38          |
|    time_elapsed         | 1733        |
|    total_timesteps      | 933888      |
| train/                  |             |
|    approx_kl            | 0.008778566 |
|    clip_fraction        | 0.0831      |
|    clip_range           | 0.2         |
|    entropy_loss         | -2.05       |
|    explained_variance   | 0.955       |
|    learning_rate        | 0.0003      |
|    loss                 | -0.031      |
|    n_updates            | 185         |
|    policy_gradient_loss | -0.00518    |
|    value_loss           | 0.00141     |
-----------------------------------------
-----------------------------------------
| rollout/                |             |
|    ep_len_mean          | 383         |
|    ep_rew_mean          | 33.1        |
| time/                   |             |
|    fps                  | 538         |
|    iterations           | 39          |
|    time_elapsed         | 1778        |
|    total_timesteps      | 958464      |
| train/                  |             |
|    approx_kl            | 0.008146836 |
|    clip_fraction        | 0.0874      |
|    clip_range           | 0.2         |
|    entropy_loss         | -2.07       |
|    explained_variance   | 0.886       |
|    learning_rate        | 0.0003      |
|    loss                 | -0.0253     |
|    n_updates            | 190         |
|    policy_gradient_loss | -0.00665    |
|    value_loss           | 0.00494     |
-----------------------------------------
-----------------------------------------
| rollout/                |             |
|    ep_len_mean          | 420         |
|    ep_rew_mean          | 30          |
| time/                   |             |
|    fps                  | 539         |
|    iterations           | 40          |
|    time_elapsed         | 1823        |
|    total_timesteps      | 983040      |
| train/                  |             |
|    approx_kl            | 0.009678157 |
|    clip_fraction        | 0.108       |
|    clip_range           | 0.2         |
|    entropy_loss         | -2.07       |
|    explained_variance   | 0.869       |
|    learning_rate        | 0.0003      |
|    loss                 | -0.0269     |
|    n_updates            | 195         |
|    policy_gradient_loss | -0.00611    |
|    value_loss           | 0.00562     |
-----------------------------------------
[Checkpoint] Saved at 1000000 steps > /home/runner/work/Disciples2-RL/Disciples2-RL/github_experiments/134/trade_train/all_enemies/seed134-trade_train-all_enemies-34065321960-1/checkpoints/campaign_ppo_step_1000000.zip
Eval num_timesteps=1000008, det_reward=28.51 +/- 0.05
Episode length: det=78.05 +/- 3.07
Victory rate: det=0.00%
--------------------------------------------------
| eval/                           |              |
|    deterministic_mean_ep_length | 78           |
|    deterministic_mean_reward    | 28.5         |
|    deterministic_victory_rate   | 0            |
|    mean_ep_length               | 78           |
|    mean_reward                  | 28.5         |
|    victory_rate                 | 0            |
| time/                           |              |
|    total_timesteps              | 1000008      |
| train/                          |              |
|    approx_kl                    | 0.0076249554 |
|    clip_fraction                | 0.0811       |
|    clip_range                   | 0.2          |
|    entropy_loss                 | -2.05        |
|    explained_variance           | 0.866        |
|    learning_rate                | 0.0003       |
|    loss                         | -0.0376      |
|    n_updates                    | 200          |
|    policy_gradient_loss         | -0.00465     |
|    value_loss                   | 0.00583      |
--------------------------------------------------
New best model by deterministic victory rate!
---------------------------------
| rollout/           |          |
|    ep_len_mean     | 428      |
|    ep_rew_mean     | 29.5     |
| time/              |          |
|    fps             | 537      |
|    iterations      | 41       |
|    time_elapsed    | 1873     |
|    total_timesteps | 1007616  |
---------------------------------
VecNormalize stats saved: /home/runner/work/Disciples2-RL/Disciples2-RL/github_experiments/134/trade_train/all_enemies/seed134-trade_train-all_enemies-34065321960-1/models/vecnormalize.pkl

Финальная модель сохранена: /home/runner/work/Disciples2-RL/Disciples2-RL/github_experiments/134/trade_train/all_enemies/seed134-trade_train-all_enemies-34065321960-1/models/final_model.zip

============================================================
ИТОГИ ОБУЧЕНИЯ:
  Побед: 0
  Поражений: 1764
  Таймаутов: 20
  Побед бота столицы над врагами: 0
  Перестановок юнитов: 203956
  Терминальные поражения по противникам:
    enemy_5: 529 — Орочья королевская стража: Король орков
    enemy_1: 303 — Имперский рыцарь и Рыцарь на пегасе впереди; Патриарх и Волшебник позади
    enemy_2: 298 — Кентавр дикарь и Кентавр латник впереди; Солнечная танцовщица и Смотритель позади
    enemy_3: 283 — Скелет рыцарь и Лорд тьмы впереди; Архилич и Сущий позади
    enemy_6: 200 — Орочий дозор: Орк впереди и Гоблин лучник позади
    enemy_4: 151 — Король гномов и Старый ветеран впереди; Архидруид и Огнеметчик позади
  Winrate: 0.0%
============================================================
  График призывов за эпизод: /home/runner/work/Disciples2-RL/Disciples2-RL/github_experiments/134/trade_train/all_enemies/seed134-trade_train-all_enemies-34065321960-1/plots/campaign_summoned_units_per_episode.png
  График призывов за всё обучение: /home/runner/work/Disciples2-RL/Disciples2-RL/github_experiments/134/trade_train/all_enemies/seed134-trade_train-all_enemies-34065321960-1/plots/campaign_summoned_units_cumulative.png
  График найма за эпизод: /home/runner/work/Disciples2-RL/Disciples2-RL/github_experiments/134/trade_train/all_enemies/seed134-trade_train-all_enemies-34065321960-1/plots/campaign_hired_units_per_episode.png
  График найма за всё обучение: /home/runner/work/Disciples2-RL/Disciples2-RL/github_experiments/134/trade_train/all_enemies/seed134-trade_train-all_enemies-34065321960-1/plots/campaign_hired_units_cumulative.png
  График перестановок юнитов за эпизод: /home/runner/work/Disciples2-RL/Disciples2-RL/github_experiments/134/trade_train/all_enemies/seed134-trade_train-all_enemies-34065321960-1/plots/campaign_unit_swaps_per_episode.png
  График боевых предметов: /home/runner/work/Disciples2-RL/Disciples2-RL/github_experiments/134/trade_train/all_enemies/seed134-trade_train-all_enemies-34065321960-1/plots/campaign_battle_item_activity.png
  График побед бота столицы за эпизод: /home/runner/work/Disciples2-RL/Disciples2-RL/github_experiments/134/trade_train/all_enemies/seed134-trade_train-all_enemies-34065321960-1/plots/campaign_scripted_bot_victories_per_episode.png
  График применения заклинаний: /home/runner/work/Disciples2-RL/Disciples2-RL/github_experiments/134/trade_train/all_enemies/seed134-trade_train-all_enemies-34065321960-1/plots/campaign_spell_cast_activity.png
