Проверка среды CampaignEnv...
Среда прошла проверку!
[INFO] Comet disabled, running without experiment tracking
Создание 12 параллельных сред (subproc)...
Инициализация MaskablePPO...
Using cpu device

============================================================
Запуск обучения Campaign Agent
Всего шагов: 1,000,000
Параллельных сред: 12
VecEnv: subproc
VecEnv start method: forkserver
Seed: 127
Checkpoint каждые: 500,000 шагов
Evaluation каждые: 83,334 шагов
Eval deterministic эпизодов: 20
Eval stochastic эпизодов: 0
Eval лимит шагов на эпизод: 5000
Campaign map: default
Campaign objective: blue_dragon
System resources at training start:
  Platform: Linux 6.17.0-1022-azure (x86_64)
  Python: 3.14.7
  PyTorch: 2.13.0+cpu
  Training device: cpu
  CPU model: INTEL(R) XEON(R) PLATINUM 8573C
  CPU vendor: GenuineIntel
  Logical CPUs visible: 4
  Process CPU affinity: 4
  Sockets: 1
  Cores per socket: 2
  Threads per core: 2
  CPU max MHz: 2300.0000
  CPU min MHz: 800.0000
  L1d cache: 96 KiB (2 instances)
  L1i cache: 64 KiB (2 instances)
  L2 cache: 4 MiB (2 instances)
  L3 cache: 260 MiB (1 instance)
  Virtualization: VT-x
  Hypervisor: Microsoft
  RAM total: 15.61 GiB
  RAM available at start: 13.83 GiB
  Disk total: 144.26 GiB
  Disk free at start: 80.39 GiB
  Torch intra-op threads: 4
  Torch inter-op threads: 2
  OMP_NUM_THREADS: 4
  MKL_NUM_THREADS: 4
  OPENBLAS_NUM_THREADS: 4
  GitHub runner OS: Linux
  GitHub runner architecture: X64
  GitHub runner environment: github-hosted
PPO n_steps: 2,048
PPO batch_size: 512
PPO n_epochs: 5
PPO learning_rate: 0.0003
PPO clip_range: 0.2
PPO ent_coef: 0.01
PPO gamma: 0.995
PPO gae_lambda: 0.95
PPO target_kl: disabled
PPO gradient batches per rollout: 240
VecCheckNan: disabled
Freeze action layout: enabled
Empire territory: enabled
Torch threads per process: 4
Diagnostics: disabled
Wall-clock training limit: disabled
Run ID: seed127-default-blue_dragon-31679635989-1
============================================================

Logging to /home/runner/work/Disciples2-RL/Disciples2-RL/github_experiments/127/default/blue_dragon/seed127-default-blue_dragon-31679635989-1/tensorboard/MaskablePPO_1
---------------------------------
| rollout/           |          |
|    ep_len_mean     | 1.75e+03 |
|    ep_rew_mean     | 185      |
| time/              |          |
|    fps             | 495      |
|    iterations      | 1        |
|    time_elapsed    | 49       |
|    total_timesteps | 24576    |
---------------------------------
-----------------------------------------
| rollout/                |             |
|    ep_len_mean          | 2.15e+03    |
|    ep_rew_mean          | 141         |
| time/                   |             |
|    fps                  | 493         |
|    iterations           | 2           |
|    time_elapsed         | 99          |
|    total_timesteps      | 49152       |
| train/                  |             |
|    approx_kl            | 0.009545217 |
|    clip_fraction        | 0.055       |
|    clip_range           | 0.2         |
|    entropy_loss         | -2.27       |
|    explained_variance   | 0.0385      |
|    learning_rate        | 0.0003      |
|    loss                 | 0.0767      |
|    n_updates            | 5           |
|    policy_gradient_loss | -0.00524    |
|    value_loss           | 0.111       |
-----------------------------------------
-----------------------------------------
| rollout/                |             |
|    ep_len_mean          | 2.44e+03    |
|    ep_rew_mean          | 87.7        |
| time/                   |             |
|    fps                  | 495         |
|    iterations           | 3           |
|    time_elapsed         | 148         |
|    total_timesteps      | 73728       |
| train/                  |             |
|    approx_kl            | 0.008622959 |
|    clip_fraction        | 0.0599      |
|    clip_range           | 0.2         |
|    entropy_loss         | -2.16       |
|    explained_variance   | 0.312       |
|    learning_rate        | 0.0003      |
|    loss                 | 0.0396      |
|    n_updates            | 10          |
|    policy_gradient_loss | -0.00453    |
|    value_loss           | 0.171       |
-----------------------------------------
-----------------------------------------
| rollout/                |             |
|    ep_len_mean          | 2.62e+03    |
|    ep_rew_mean          | 68.3        |
| time/                   |             |
|    fps                  | 498         |
|    iterations           | 4           |
|    time_elapsed         | 197         |
|    total_timesteps      | 98304       |
| train/                  |             |
|    approx_kl            | 0.009411077 |
|    clip_fraction        | 0.0676      |
|    clip_range           | 0.2         |
|    entropy_loss         | -2.09       |
|    explained_variance   | 0.542       |
|    learning_rate        | 0.0003      |
|    loss                 | 0.0394      |
|    n_updates            | 15          |
|    policy_gradient_loss | -0.00427    |
|    value_loss           | 0.207       |
-----------------------------------------
-----------------------------------------
| rollout/                |             |
|    ep_len_mean          | 2.15e+03    |
|    ep_rew_mean          | 53.5        |
| time/                   |             |
|    fps                  | 500         |
|    iterations           | 5           |
|    time_elapsed         | 245         |
|    total_timesteps      | 122880      |
| train/                  |             |
|    approx_kl            | 0.005871199 |
|    clip_fraction        | 0.0306      |
|    clip_range           | 0.2         |
|    entropy_loss         | -1.83       |
|    explained_variance   | 0.809       |
|    learning_rate        | 0.0003      |
|    loss                 | -0.014      |
|    n_updates            | 20          |
|    policy_gradient_loss | -0.0028     |
|    value_loss           | 0.0105      |
-----------------------------------------
------------------------------------------
| rollout/                |              |
|    ep_len_mean          | 1.46e+03     |
|    ep_rew_mean          | 83.7         |
| time/                   |              |
|    fps                  | 499          |
|    iterations           | 6            |
|    time_elapsed         | 294          |
|    total_timesteps      | 147456       |
| train/                  |              |
|    approx_kl            | 0.0077497833 |
|    clip_fraction        | 0.0477       |
|    clip_range           | 0.2          |
|    entropy_loss         | -1.93        |
|    explained_variance   | 0.804        |
|    learning_rate        | 0.0003       |
|    loss                 | 0.0612       |
|    n_updates            | 25           |
|    policy_gradient_loss | -0.00425     |
|    value_loss           | 0.171        |
------------------------------------------
-----------------------------------------
| rollout/                |             |
|    ep_len_mean          | 898         |
|    ep_rew_mean          | 95.3        |
| time/                   |             |
|    fps                  | 499         |
|    iterations           | 7           |
|    time_elapsed         | 344         |
|    total_timesteps      | 172032      |
| train/                  |             |
|    approx_kl            | 0.005023478 |
|    clip_fraction        | 0.0318      |
|    clip_range           | 0.2         |
|    entropy_loss         | -1.9        |
|    explained_variance   | 0.812       |
|    learning_rate        | 0.0003      |
|    loss                 | 0.0818      |
|    n_updates            | 30          |
|    policy_gradient_loss | -0.00323    |
|    value_loss           | 0.301       |
-----------------------------------------
-----------------------------------------
| rollout/                |             |
|    ep_len_mean          | 618         |
|    ep_rew_mean          | 106         |
| time/                   |             |
|    fps                  | 499         |
|    iterations           | 8           |
|    time_elapsed         | 393         |
|    total_timesteps      | 196608      |
| train/                  |             |
|    approx_kl            | 0.007905099 |
|    clip_fraction        | 0.0573      |
|    clip_range           | 0.2         |
|    entropy_loss         | -1.88       |
|    explained_variance   | 0.897       |
|    learning_rate        | 0.0003      |
|    loss                 | 0.0669      |
|    n_updates            | 35          |
|    policy_gradient_loss | -0.00421    |
|    value_loss           | 0.139       |
-----------------------------------------
-----------------------------------------
| rollout/                |             |
|    ep_len_mean          | 592         |
|    ep_rew_mean          | 106         |
| time/                   |             |
|    fps                  | 499         |
|    iterations           | 9           |
|    time_elapsed         | 442         |
|    total_timesteps      | 221184      |
| train/                  |             |
|    approx_kl            | 0.008311406 |
|    clip_fraction        | 0.0593      |
|    clip_range           | 0.2         |
|    entropy_loss         | -1.93       |
|    explained_variance   | 0.919       |
|    learning_rate        | 0.0003      |
|    loss                 | 0.0451      |
|    n_updates            | 40          |
|    policy_gradient_loss | -0.00442    |
|    value_loss           | 0.223       |
-----------------------------------------
-----------------------------------------
| rollout/                |             |
|    ep_len_mean          | 919         |
|    ep_rew_mean          | 75.4        |
| time/                   |             |
|    fps                  | 499         |
|    iterations           | 10          |
|    time_elapsed         | 492         |
|    total_timesteps      | 245760      |
| train/                  |             |
|    approx_kl            | 0.012637462 |
|    clip_fraction        | 0.156       |
|    clip_range           | 0.2         |
|    entropy_loss         | -1.88       |
|    explained_variance   | 0.969       |
|    learning_rate        | 0.0003      |
|    loss                 | -0.00753    |
|    n_updates            | 45          |
|    policy_gradient_loss | -0.00499    |
|    value_loss           | 0.0419      |
-----------------------------------------
-----------------------------------------
| rollout/                |             |
|    ep_len_mean          | 646         |
|    ep_rew_mean          | 90.8        |
| time/                   |             |
|    fps                  | 497         |
|    iterations           | 11          |
|    time_elapsed         | 543         |
|    total_timesteps      | 270336      |
| train/                  |             |
|    approx_kl            | 0.009190001 |
|    clip_fraction        | 0.0863      |
|    clip_range           | 0.2         |
|    entropy_loss         | -1.92       |
|    explained_variance   | 0.974       |
|    learning_rate        | 0.0003      |
|    loss                 | -0.000888   |
|    n_updates            | 50          |
|    policy_gradient_loss | -0.0035     |
|    value_loss           | 0.0514      |
-----------------------------------------
-----------------------------------------
| rollout/                |             |
|    ep_len_mean          | 424         |
|    ep_rew_mean          | 108         |
| time/                   |             |
|    fps                  | 497         |
|    iterations           | 12          |
|    time_elapsed         | 593         |
|    total_timesteps      | 294912      |
| train/                  |             |
|    approx_kl            | 0.008103686 |
|    clip_fraction        | 0.0735      |
|    clip_range           | 0.2         |
|    entropy_loss         | -1.96       |
|    explained_variance   | 0.966       |
|    learning_rate        | 0.0003      |
|    loss                 | 0.0484      |
|    n_updates            | 55          |
|    policy_gradient_loss | -0.00399    |
|    value_loss           | 0.166       |
-----------------------------------------
-----------------------------------------
| rollout/                |             |
|    ep_len_mean          | 294         |
|    ep_rew_mean          | 113         |
| time/                   |             |
|    fps                  | 496         |
|    iterations           | 13          |
|    time_elapsed         | 644         |
|    total_timesteps      | 319488      |
| train/                  |             |
|    approx_kl            | 0.007989871 |
|    clip_fraction        | 0.0559      |
|    clip_range           | 0.2         |
|    entropy_loss         | -1.92       |
|    explained_variance   | 0.976       |
|    learning_rate        | 0.0003      |
|    loss                 | 0.0133      |
|    n_updates            | 60          |
|    policy_gradient_loss | -0.00493    |
|    value_loss           | 0.0854      |
-----------------------------------------
-----------------------------------------
| rollout/                |             |
|    ep_len_mean          | 166         |
|    ep_rew_mean          | 123         |
| time/                   |             |
|    fps                  | 495         |
|    iterations           | 14          |
|    time_elapsed         | 694         |
|    total_timesteps      | 344064      |
| train/                  |             |
|    approx_kl            | 0.010641274 |
|    clip_fraction        | 0.0895      |
|    clip_range           | 0.2         |
|    entropy_loss         | -1.91       |
|    explained_variance   | 0.984       |
|    learning_rate        | 0.0003      |
|    loss                 | 0.00714     |
|    n_updates            | 65          |
|    policy_gradient_loss | -0.00493    |
|    value_loss           | 0.0983      |
-----------------------------------------
-----------------------------------------
| rollout/                |             |
|    ep_len_mean          | 280         |
|    ep_rew_mean          | 115         |
| time/                   |             |
|    fps                  | 494         |
|    iterations           | 15          |
|    time_elapsed         | 745         |
|    total_timesteps      | 368640      |
| train/                  |             |
|    approx_kl            | 0.010573345 |
|    clip_fraction        | 0.0928      |
|    clip_range           | 0.2         |
|    entropy_loss         | -1.97       |
|    explained_variance   | 0.981       |
|    learning_rate        | 0.0003      |
|    loss                 | 0.0205      |
|    n_updates            | 70          |
|    policy_gradient_loss | -0.00502    |
|    value_loss           | 0.0992      |
-----------------------------------------
-----------------------------------------
| rollout/                |             |
|    ep_len_mean          | 148         |
|    ep_rew_mean          | 121         |
| time/                   |             |
|    fps                  | 493         |
|    iterations           | 16          |
|    time_elapsed         | 796         |
|    total_timesteps      | 393216      |
| train/                  |             |
|    approx_kl            | 0.010718049 |
|    clip_fraction        | 0.123       |
|    clip_range           | 0.2         |
|    entropy_loss         | -1.93       |
|    explained_variance   | 0.991       |
|    learning_rate        | 0.0003      |
|    loss                 | 0.00186     |
|    n_updates            | 75          |
|    policy_gradient_loss | -0.00635    |
|    value_loss           | 0.0667      |
-----------------------------------------
-----------------------------------------
| rollout/                |             |
|    ep_len_mean          | 118         |
|    ep_rew_mean          | 120         |
| time/                   |             |
|    fps                  | 492         |
|    iterations           | 17          |
|    time_elapsed         | 848         |
|    total_timesteps      | 417792      |
| train/                  |             |
|    approx_kl            | 0.008970645 |
|    clip_fraction        | 0.0874      |
|    clip_range           | 0.2         |
|    entropy_loss         | -1.81       |
|    explained_variance   | 0.985       |
|    learning_rate        | 0.0003      |
|    loss                 | 0.0111      |
|    n_updates            | 80          |
|    policy_gradient_loss | -0.00643    |
|    value_loss           | 0.101       |
-----------------------------------------
-----------------------------------------
| rollout/                |             |
|    ep_len_mean          | 163         |
|    ep_rew_mean          | 119         |
| time/                   |             |
|    fps                  | 490         |
|    iterations           | 18          |
|    time_elapsed         | 900         |
|    total_timesteps      | 442368      |
| train/                  |             |
|    approx_kl            | 0.009262129 |
|    clip_fraction        | 0.0913      |
|    clip_range           | 0.2         |
|    entropy_loss         | -1.81       |
|    explained_variance   | 0.993       |
|    learning_rate        | 0.0003      |
|    loss                 | -0.00814    |
|    n_updates            | 85          |
|    policy_gradient_loss | -0.00601    |
|    value_loss           | 0.0587      |
-----------------------------------------
-----------------------------------------
| rollout/                |             |
|    ep_len_mean          | 111         |
|    ep_rew_mean          | 122         |
| time/                   |             |
|    fps                  | 489         |
|    iterations           | 19          |
|    time_elapsed         | 954         |
|    total_timesteps      | 466944      |
| train/                  |             |
|    approx_kl            | 0.009879299 |
|    clip_fraction        | 0.103       |
|    clip_range           | 0.2         |
|    entropy_loss         | -1.87       |
|    explained_variance   | 0.994       |
|    learning_rate        | 0.0003      |
|    loss                 | -0.00936    |
|    n_updates            | 90          |
|    policy_gradient_loss | -0.00701    |
|    value_loss           | 0.0454      |
-----------------------------------------
---------------------------------------
| rollout/                |           |
|    ep_len_mean          | 55.5      |
|    ep_rew_mean          | 121       |
| time/                   |           |
|    fps                  | 487       |
|    iterations           | 20        |
|    time_elapsed         | 1009      |
|    total_timesteps      | 491520    |
| train/                  |           |
|    approx_kl            | 0.0096858 |
|    clip_fraction        | 0.114     |
|    clip_range           | 0.2       |
|    entropy_loss         | -1.51     |
|    explained_variance   | 0.989     |
|    learning_rate        | 0.0003    |
|    loss                 | -0.00446  |
|    n_updates            | 95        |
|    policy_gradient_loss | -0.00745  |
|    value_loss           | 0.0763    |
---------------------------------------
[Checkpoint] Saved at 500000 steps > /home/runner/work/Disciples2-RL/Disciples2-RL/github_experiments/127/default/blue_dragon/seed127-default-blue_dragon-31679635989-1/checkpoints/campaign_ppo_step_500000.zip
-----------------------------------------
| rollout/                |             |
|    ep_len_mean          | 53.2        |
|    ep_rew_mean          | 121         |
| time/                   |             |
|    fps                  | 486         |
|    iterations           | 21          |
|    time_elapsed         | 1061        |
|    total_timesteps      | 516096      |
| train/                  |             |
|    approx_kl            | 0.008916528 |
|    clip_fraction        | 0.0992      |
|    clip_range           | 0.2         |
|    entropy_loss         | -1.36       |
|    explained_variance   | 0.984       |
|    learning_rate        | 0.0003      |
|    loss                 | -0.000525   |
|    n_updates            | 100         |
|    policy_gradient_loss | -0.00624    |
|    value_loss           | 0.0409      |
-----------------------------------------
-----------------------------------------
| rollout/                |             |
|    ep_len_mean          | 50.5        |
|    ep_rew_mean          | 121         |
| time/                   |             |
|    fps                  | 485         |
|    iterations           | 22          |
|    time_elapsed         | 1112        |
|    total_timesteps      | 540672      |
| train/                  |             |
|    approx_kl            | 0.008965786 |
|    clip_fraction        | 0.111       |
|    clip_range           | 0.2         |
|    entropy_loss         | -1.2        |
|    explained_variance   | 0.97        |
|    learning_rate        | 0.0003      |
|    loss                 | -0.00737    |
|    n_updates            | 105         |
|    policy_gradient_loss | -0.00826    |
|    value_loss           | 0.0205      |
-----------------------------------------
-----------------------------------------
| rollout/                |             |
|    ep_len_mean          | 49.5        |
|    ep_rew_mean          | 121         |
| time/                   |             |
|    fps                  | 485         |
|    iterations           | 23          |
|    time_elapsed         | 1164        |
|    total_timesteps      | 565248      |
| train/                  |             |
|    approx_kl            | 0.010976046 |
|    clip_fraction        | 0.117       |
|    clip_range           | 0.2         |
|    entropy_loss         | -1.12       |
|    explained_variance   | 0.994       |
|    learning_rate        | 0.0003      |
|    loss                 | -0.0204     |
|    n_updates            | 110         |
|    policy_gradient_loss | -0.00869    |
|    value_loss           | 0.0125      |
-----------------------------------------
-----------------------------------------
| rollout/                |             |
|    ep_len_mean          | 86.8        |
|    ep_rew_mean          | 121         |
| time/                   |             |
|    fps                  | 484         |
|    iterations           | 24          |
|    time_elapsed         | 1217        |
|    total_timesteps      | 589824      |
| train/                  |             |
|    approx_kl            | 0.009211211 |
|    clip_fraction        | 0.0996      |
|    clip_range           | 0.2         |
|    entropy_loss         | -1.14       |
|    explained_variance   | 0.994       |
|    learning_rate        | 0.0003      |
|    loss                 | -0.0261     |
|    n_updates            | 115         |
|    policy_gradient_loss | -0.00732    |
|    value_loss           | 0.0151      |
-----------------------------------------
-----------------------------------------
| rollout/                |             |
|    ep_len_mean          | 48.2        |
|    ep_rew_mean          | 123         |
| time/                   |             |
|    fps                  | 483         |
|    iterations           | 25          |
|    time_elapsed         | 1271        |
|    total_timesteps      | 614400      |
| train/                  |             |
|    approx_kl            | 0.006956313 |
|    clip_fraction        | 0.0784      |
|    clip_range           | 0.2         |
|    entropy_loss         | -1.09       |
|    explained_variance   | 0.991       |
|    learning_rate        | 0.0003      |
|    loss                 | -0.0162     |
|    n_updates            | 120         |
|    policy_gradient_loss | -0.00676    |
|    value_loss           | 0.0285      |
-----------------------------------------
-----------------------------------------
| rollout/                |             |
|    ep_len_mean          | 45.1        |
|    ep_rew_mean          | 122         |
| time/                   |             |
|    fps                  | 481         |
|    iterations           | 26          |
|    time_elapsed         | 1326        |
|    total_timesteps      | 638976      |
| train/                  |             |
|    approx_kl            | 0.008279269 |
|    clip_fraction        | 0.0899      |
|    clip_range           | 0.2         |
|    entropy_loss         | -0.934      |
|    explained_variance   | 0.997       |
|    learning_rate        | 0.0003      |
|    loss                 | -0.0269     |
|    n_updates            | 125         |
|    policy_gradient_loss | -0.0108     |
|    value_loss           | 0.00692     |
-----------------------------------------
-----------------------------------------
| rollout/                |             |
|    ep_len_mean          | 45.5        |
|    ep_rew_mean          | 124         |
| time/                   |             |
|    fps                  | 481         |
|    iterations           | 27          |
|    time_elapsed         | 1377        |
|    total_timesteps      | 663552      |
| train/                  |             |
|    approx_kl            | 0.005600866 |
|    clip_fraction        | 0.0893      |
|    clip_range           | 0.2         |
|    entropy_loss         | -0.785      |
|    explained_variance   | 0.995       |
|    learning_rate        | 0.0003      |
|    loss                 | -0.0264     |
|    n_updates            | 130         |
|    policy_gradient_loss | -0.0154     |
|    value_loss           | 0.00544     |
-----------------------------------------
------------------------------------------
| rollout/                |              |
|    ep_len_mean          | 46           |
|    ep_rew_mean          | 125          |
| time/                   |              |
|    fps                  | 481          |
|    iterations           | 28           |
|    time_elapsed         | 1427         |
|    total_timesteps      | 688128       |
| train/                  |              |
|    approx_kl            | 0.0055113775 |
|    clip_fraction        | 0.0782       |
|    clip_range           | 0.2          |
|    entropy_loss         | -0.682       |
|    explained_variance   | 0.688        |
|    learning_rate        | 0.0003       |
|    loss                 | -0.0101      |
|    n_updates            | 135          |
|    policy_gradient_loss | -0.0142      |
|    value_loss           | 0.00554      |
------------------------------------------
-----------------------------------------
| rollout/                |             |
|    ep_len_mean          | 46.3        |
|    ep_rew_mean          | 127         |
| time/                   |             |
|    fps                  | 482         |
|    iterations           | 29          |
|    time_elapsed         | 1478        |
|    total_timesteps      | 712704      |
| train/                  |             |
|    approx_kl            | 0.006645089 |
|    clip_fraction        | 0.0766      |
|    clip_range           | 0.2         |
|    entropy_loss         | -0.761      |
|    explained_variance   | 0.989       |
|    learning_rate        | 0.0003      |
|    loss                 | -0.00251    |
|    n_updates            | 140         |
|    policy_gradient_loss | -0.00867    |
|    value_loss           | 0.00929     |
-----------------------------------------
-----------------------------------------
| rollout/                |             |
|    ep_len_mean          | 45.8        |
|    ep_rew_mean          | 127         |
| time/                   |             |
|    fps                  | 482         |
|    iterations           | 30          |
|    time_elapsed         | 1529        |
|    total_timesteps      | 737280      |
| train/                  |             |
|    approx_kl            | 0.007160872 |
|    clip_fraction        | 0.0762      |
|    clip_range           | 0.2         |
|    entropy_loss         | -0.682      |
|    explained_variance   | 0.996       |
|    learning_rate        | 0.0003      |
|    loss                 | -0.00715    |
|    n_updates            | 145         |
|    policy_gradient_loss | -0.00903    |
|    value_loss           | 0.00597     |
-----------------------------------------
------------------------------------------
| rollout/                |              |
|    ep_len_mean          | 47           |
|    ep_rew_mean          | 128          |
| time/                   |              |
|    fps                  | 481          |
|    iterations           | 31           |
|    time_elapsed         | 1581         |
|    total_timesteps      | 761856       |
| train/                  |              |
|    approx_kl            | 0.0057029524 |
|    clip_fraction        | 0.0599       |
|    clip_range           | 0.2          |
|    entropy_loss         | -0.586       |
|    explained_variance   | 0.991        |
|    learning_rate        | 0.0003       |
|    loss                 | -0.0151      |
|    n_updates            | 150          |
|    policy_gradient_loss | -0.00713     |
|    value_loss           | 0.0063       |
------------------------------------------
------------------------------------------
| rollout/                |              |
|    ep_len_mean          | 45.1         |
|    ep_rew_mean          | 129          |
| time/                   |              |
|    fps                  | 481          |
|    iterations           | 32           |
|    time_elapsed         | 1632         |
|    total_timesteps      | 786432       |
| train/                  |              |
|    approx_kl            | 0.0053545046 |
|    clip_fraction        | 0.0623       |
|    clip_range           | 0.2          |
|    entropy_loss         | -0.513       |
|    explained_variance   | 0.692        |
|    learning_rate        | 0.0003       |
|    loss                 | -0.0142      |
|    n_updates            | 155          |
|    policy_gradient_loss | -0.00815     |
|    value_loss           | 0.00577      |
------------------------------------------
-----------------------------------------
| rollout/                |             |
|    ep_len_mean          | 46.2        |
|    ep_rew_mean          | 130         |
| time/                   |             |
|    fps                  | 481         |
|    iterations           | 33          |
|    time_elapsed         | 1683        |
|    total_timesteps      | 811008      |
| train/                  |             |
|    approx_kl            | 0.004859596 |
|    clip_fraction        | 0.0581      |
|    clip_range           | 0.2         |
|    entropy_loss         | -0.547      |
|    explained_variance   | 0.983       |
|    learning_rate        | 0.0003      |
|    loss                 | -0.00189    |
|    n_updates            | 160         |
|    policy_gradient_loss | -0.00617    |
|    value_loss           | 0.00913     |
-----------------------------------------
-----------------------------------------
| rollout/                |             |
|    ep_len_mean          | 94.2        |
|    ep_rew_mean          | 128         |
| time/                   |             |
|    fps                  | 481         |
|    iterations           | 34          |
|    time_elapsed         | 1735        |
|    total_timesteps      | 835584      |
| train/                  |             |
|    approx_kl            | 0.005202808 |
|    clip_fraction        | 0.0589      |
|    clip_range           | 0.2         |
|    entropy_loss         | -0.811      |
|    explained_variance   | 0.991       |
|    learning_rate        | 0.0003      |
|    loss                 | 0.00828     |
|    n_updates            | 165         |
|    policy_gradient_loss | -0.00474    |
|    value_loss           | 0.0217      |
-----------------------------------------
-----------------------------------------
| rollout/                |             |
|    ep_len_mean          | 47.6        |
|    ep_rew_mean          | 132         |
| time/                   |             |
|    fps                  | 481         |
|    iterations           | 35          |
|    time_elapsed         | 1786        |
|    total_timesteps      | 860160      |
| train/                  |             |
|    approx_kl            | 0.006017054 |
|    clip_fraction        | 0.0676      |
|    clip_range           | 0.2         |
|    entropy_loss         | -0.97       |
|    explained_variance   | 0.998       |
|    learning_rate        | 0.0003      |
|    loss                 | -0.0159     |
|    n_updates            | 170         |
|    policy_gradient_loss | -0.00543    |
|    value_loss           | 0.00855     |
-----------------------------------------
-----------------------------------------
| rollout/                |             |
|    ep_len_mean          | 48.2        |
|    ep_rew_mean          | 132         |
| time/                   |             |
|    fps                  | 481         |
|    iterations           | 36          |
|    time_elapsed         | 1836        |
|    total_timesteps      | 884736      |
| train/                  |             |
|    approx_kl            | 0.005601073 |
|    clip_fraction        | 0.057       |
|    clip_range           | 0.2         |
|    entropy_loss         | -0.809      |
|    explained_variance   | 0.997       |
|    learning_rate        | 0.0003      |
|    loss                 | -0.0103     |
|    n_updates            | 175         |
|    policy_gradient_loss | -0.0057     |
|    value_loss           | 0.00965     |
-----------------------------------------
-----------------------------------------
| rollout/                |             |
|    ep_len_mean          | 48.7        |
|    ep_rew_mean          | 134         |
| time/                   |             |
|    fps                  | 481         |
|    iterations           | 37          |
|    time_elapsed         | 1887        |
|    total_timesteps      | 909312      |
| train/                  |             |
|    approx_kl            | 0.005887073 |
|    clip_fraction        | 0.0693      |
|    clip_range           | 0.2         |
|    entropy_loss         | -0.784      |
|    explained_variance   | 0.994       |
|    learning_rate        | 0.0003      |
|    loss                 | -0.00605    |
|    n_updates            | 180         |
|    policy_gradient_loss | -0.00366    |
|    value_loss           | 0.0212      |
-----------------------------------------
------------------------------------------
| rollout/                |              |
|    ep_len_mean          | 196          |
|    ep_rew_mean          | 128          |
| time/                   |              |
|    fps                  | 482          |
|    iterations           | 38           |
|    time_elapsed         | 1937         |
|    total_timesteps      | 933888       |
| train/                  |              |
|    approx_kl            | 0.0076030456 |
|    clip_fraction        | 0.0811       |
|    clip_range           | 0.2          |
|    entropy_loss         | -1.17        |
|    explained_variance   | 0.998        |
|    learning_rate        | 0.0003       |
|    loss                 | -0.00922     |
|    n_updates            | 185          |
|    policy_gradient_loss | -0.00279     |
|    value_loss           | 0.0156       |
------------------------------------------
-----------------------------------------
| rollout/                |             |
|    ep_len_mean          | 50.1        |
|    ep_rew_mean          | 136         |
| time/                   |             |
|    fps                  | 481         |
|    iterations           | 39          |
|    time_elapsed         | 1989        |
|    total_timesteps      | 958464      |
| train/                  |             |
|    approx_kl            | 0.008341348 |
|    clip_fraction        | 0.095       |
|    clip_range           | 0.2         |
|    entropy_loss         | -1.2        |
|    explained_variance   | 0.998       |
|    learning_rate        | 0.0003      |
|    loss                 | -0.025      |
|    n_updates            | 190         |
|    policy_gradient_loss | -0.00564    |
|    value_loss           | 0.0121      |
-----------------------------------------
------------------------------------------
| rollout/                |              |
|    ep_len_mean          | 51.8         |
|    ep_rew_mean          | 138          |
| time/                   |              |
|    fps                  | 481          |
|    iterations           | 40           |
|    time_elapsed         | 2040         |
|    total_timesteps      | 983040       |
| train/                  |              |
|    approx_kl            | 0.0071347915 |
|    clip_fraction        | 0.0719       |
|    clip_range           | 0.2          |
|    entropy_loss         | -0.849       |
|    explained_variance   | 0.997        |
|    learning_rate        | 0.0003       |
|    loss                 | -0.0107      |
|    n_updates            | 195          |
|    policy_gradient_loss | -0.00688     |
|    value_loss           | 0.0113       |
------------------------------------------
[Checkpoint] Saved at 1000000 steps > /home/runner/work/Disciples2-RL/Disciples2-RL/github_experiments/127/default/blue_dragon/seed127-default-blue_dragon-31679635989-1/checkpoints/campaign_ppo_step_1000000.zip
Eval num_timesteps=1000008, det_reward=143.14 +/- 0.01
Episode length: det=53.70 +/- 0.84
Victory rate: det=100.00%
--------------------------------------------------
| eval/                           |              |
|    deterministic_mean_ep_length | 53.7         |
|    deterministic_mean_reward    | 143          |
|    deterministic_victory_rate   | 1            |
|    mean_ep_length               | 53.7         |
|    mean_reward                  | 143          |
|    victory_rate                 | 1            |
| time/                           |              |
|    total_timesteps              | 1000008      |
| train/                          |              |
|    approx_kl                    | 0.0062080286 |
|    clip_fraction                | 0.0576       |
|    clip_range                   | 0.2          |
|    entropy_loss                 | -0.692       |
|    explained_variance           | 0.997        |
|    learning_rate                | 0.0003       |
|    loss                         | -0.0138      |
|    n_updates                    | 200          |
|    policy_gradient_loss         | -0.00612     |
|    value_loss                   | 0.00963      |
--------------------------------------------------
New best model by deterministic victory rate!
---------------------------------
| rollout/           |          |
|    ep_len_mean     | 56.3     |
|    ep_rew_mean     | 140      |
| time/              |          |
|    fps             | 480      |
|    iterations      | 41       |
|    time_elapsed    | 2096     |
|    total_timesteps | 1007616  |
---------------------------------
VecNormalize stats saved: /home/runner/work/Disciples2-RL/Disciples2-RL/github_experiments/127/default/blue_dragon/seed127-default-blue_dragon-31679635989-1/models/vecnormalize.pkl

Финальная модель сохранена: /home/runner/work/Disciples2-RL/Disciples2-RL/github_experiments/127/default/blue_dragon/seed127-default-blue_dragon-31679635989-1/models/final_model.zip

============================================================
ИТОГИ ОБУЧЕНИЯ:
  Побед: 10762
  Поражений: 2
  Таймаутов: 62
  Побед бота столицы над врагами: 0
  Перестановок юнитов: 151284
  Терминальные поражения по противникам:
    enemy_75: 2 — Страж столицы Империи: Мизраэль
  Winrate: 99.4%
============================================================
  График призывов за эпизод: /home/runner/work/Disciples2-RL/Disciples2-RL/github_experiments/127/default/blue_dragon/seed127-default-blue_dragon-31679635989-1/plots/campaign_summoned_units_per_episode.png
  График призывов за всё обучение: /home/runner/work/Disciples2-RL/Disciples2-RL/github_experiments/127/default/blue_dragon/seed127-default-blue_dragon-31679635989-1/plots/campaign_summoned_units_cumulative.png
  График найма за эпизод: /home/runner/work/Disciples2-RL/Disciples2-RL/github_experiments/127/default/blue_dragon/seed127-default-blue_dragon-31679635989-1/plots/campaign_hired_units_per_episode.png
  График найма за всё обучение: /home/runner/work/Disciples2-RL/Disciples2-RL/github_experiments/127/default/blue_dragon/seed127-default-blue_dragon-31679635989-1/plots/campaign_hired_units_cumulative.png
  График перестановок юнитов за эпизод: /home/runner/work/Disciples2-RL/Disciples2-RL/github_experiments/127/default/blue_dragon/seed127-default-blue_dragon-31679635989-1/plots/campaign_unit_swaps_per_episode.png
  График боевых предметов: /home/runner/work/Disciples2-RL/Disciples2-RL/github_experiments/127/default/blue_dragon/seed127-default-blue_dragon-31679635989-1/plots/campaign_battle_item_activity.png
  График побед бота столицы за эпизод: /home/runner/work/Disciples2-RL/Disciples2-RL/github_experiments/127/default/blue_dragon/seed127-default-blue_dragon-31679635989-1/plots/campaign_scripted_bot_victories_per_episode.png
  График применения заклинаний: /home/runner/work/Disciples2-RL/Disciples2-RL/github_experiments/127/default/blue_dragon/seed127-default-blue_dragon-31679635989-1/plots/campaign_spell_cast_activity.png
