Проверка среды CampaignEnv...
Среда прошла проверку!
[INFO] Comet disabled, running without experiment tracking
Создание 12 параллельных сред (subproc)...
Инициализация MaskablePPO...
Using cpu device

============================================================
Запуск обучения Campaign Agent
Всего шагов: 1,000,000
Параллельных сред: 12
VecEnv: subproc
VecEnv start method: forkserver
Seed: 131
Checkpoint каждые: 500,000 шагов
Evaluation каждые: 83,334 шагов
Eval deterministic эпизодов: 20
Eval stochastic эпизодов: 0
Eval лимит шагов на эпизод: 5000
Campaign map: formation_train
Campaign objective: all_enemies
System resources at training start:
  Platform: Linux 6.17.0-1022-azure (x86_64)
  Python: 3.14.7
  PyTorch: 2.13.0+cpu
  Training device: cpu
  CPU model: AMD EPYC 9V74 80-Core Processor
  CPU vendor: AuthenticAMD
  Logical CPUs visible: 4
  Process CPU affinity: 4
  Sockets: 1
  Cores per socket: 2
  Threads per core: 2
  CPU max MHz: unknown
  CPU min MHz: unknown
  L1d cache: 64 KiB (2 instances)
  L1i cache: 64 KiB (2 instances)
  L2 cache: 2 MiB (2 instances)
  L3 cache: 32 MiB (1 instance)
  Virtualization: AMD-V
  Hypervisor: Microsoft
  RAM total: 15.61 GiB
  RAM available at start: 13.97 GiB
  Disk total: 144.26 GiB
  Disk free at start: 77.77 GiB
  Torch intra-op threads: 4
  Torch inter-op threads: 2
  OMP_NUM_THREADS: 4
  MKL_NUM_THREADS: 4
  OPENBLAS_NUM_THREADS: 4
  GitHub runner OS: Linux
  GitHub runner architecture: X64
  GitHub runner environment: github-hosted
PPO n_steps: 2,048
PPO batch_size: 512
PPO n_epochs: 5
PPO learning_rate: 0.0003
PPO clip_range: 0.2
PPO ent_coef: 0.01
PPO gamma: 0.995
PPO gae_lambda: 0.95
PPO target_kl: disabled
PPO gradient batches per rollout: 240
VecCheckNan: disabled
Freeze action layout: enabled
Empire territory: enabled
Torch threads per process: 4
Diagnostics: disabled
Wall-clock training limit: disabled
Run ID: seed131-formation_train-all_enemies-32731341663-1
============================================================

Logging to /home/runner/work/Disciples2-RL/Disciples2-RL/github_experiments/131/formation_train/all_enemies/seed131-formation_train-all_enemies-32731341663-1/tensorboard/MaskablePPO_1
---------------------------------
| rollout/           |          |
|    ep_len_mean     | 1.52e+03 |
|    ep_rew_mean     | -116     |
| time/              |          |
|    fps             | 576      |
|    iterations      | 1        |
|    time_elapsed    | 42       |
|    total_timesteps | 24576    |
---------------------------------
------------------------------------------
| rollout/                |              |
|    ep_len_mean          | 3.04e+03     |
|    ep_rew_mean          | -203         |
| time/                   |              |
|    fps                  | 522          |
|    iterations           | 2            |
|    time_elapsed         | 94           |
|    total_timesteps      | 49152        |
| train/                  |              |
|    approx_kl            | 0.0084930705 |
|    clip_fraction        | 0.0475       |
|    clip_range           | 0.2          |
|    entropy_loss         | -2.27        |
|    explained_variance   | 0.0865       |
|    learning_rate        | 0.0003       |
|    loss                 | 0.0191       |
|    n_updates            | 5            |
|    policy_gradient_loss | -0.00512     |
|    value_loss           | 0.147        |
------------------------------------------
-----------------------------------------
| rollout/                |             |
|    ep_len_mean          | 2.89e+03    |
|    ep_rew_mean          | -205        |
| time/                   |             |
|    fps                  | 514         |
|    iterations           | 3           |
|    time_elapsed         | 143         |
|    total_timesteps      | 73728       |
| train/                  |             |
|    approx_kl            | 0.008586656 |
|    clip_fraction        | 0.0513      |
|    clip_range           | 0.2         |
|    entropy_loss         | -2.24       |
|    explained_variance   | 0.624       |
|    learning_rate        | 0.0003      |
|    loss                 | -0.0377     |
|    n_updates            | 10          |
|    policy_gradient_loss | -0.00373    |
|    value_loss           | 0.0187      |
-----------------------------------------
-----------------------------------------
| rollout/                |             |
|    ep_len_mean          | 2.67e+03    |
|    ep_rew_mean          | -207        |
| time/                   |             |
|    fps                  | 503         |
|    iterations           | 4           |
|    time_elapsed         | 195         |
|    total_timesteps      | 98304       |
| train/                  |             |
|    approx_kl            | 0.010036018 |
|    clip_fraction        | 0.0627      |
|    clip_range           | 0.2         |
|    entropy_loss         | -2.24       |
|    explained_variance   | 0.758       |
|    learning_rate        | 0.0003      |
|    loss                 | -0.0462     |
|    n_updates            | 15          |
|    policy_gradient_loss | -0.00576    |
|    value_loss           | 0.00505     |
-----------------------------------------
-----------------------------------------
| rollout/                |             |
|    ep_len_mean          | 2.64e+03    |
|    ep_rew_mean          | -208        |
| time/                   |             |
|    fps                  | 497         |
|    iterations           | 5           |
|    time_elapsed         | 246         |
|    total_timesteps      | 122880      |
| train/                  |             |
|    approx_kl            | 0.011065309 |
|    clip_fraction        | 0.0672      |
|    clip_range           | 0.2         |
|    entropy_loss         | -2.22       |
|    explained_variance   | 0.74        |
|    learning_rate        | 0.0003      |
|    loss                 | -0.0225     |
|    n_updates            | 20          |
|    policy_gradient_loss | -0.00466    |
|    value_loss           | 0.0056      |
-----------------------------------------
-----------------------------------------
| rollout/                |             |
|    ep_len_mean          | 2.96e+03    |
|    ep_rew_mean          | -251        |
| time/                   |             |
|    fps                  | 493         |
|    iterations           | 6           |
|    time_elapsed         | 298         |
|    total_timesteps      | 147456      |
| train/                  |             |
|    approx_kl            | 0.011015929 |
|    clip_fraction        | 0.0709      |
|    clip_range           | 0.2         |
|    entropy_loss         | -2.21       |
|    explained_variance   | 0.853       |
|    learning_rate        | 0.0003      |
|    loss                 | -0.024      |
|    n_updates            | 25          |
|    policy_gradient_loss | -0.00551    |
|    value_loss           | 0.00299     |
-----------------------------------------
-----------------------------------------
| rollout/                |             |
|    ep_len_mean          | 2.89e+03    |
|    ep_rew_mean          | -251        |
| time/                   |             |
|    fps                  | 492         |
|    iterations           | 7           |
|    time_elapsed         | 349         |
|    total_timesteps      | 172032      |
| train/                  |             |
|    approx_kl            | 0.007915628 |
|    clip_fraction        | 0.0412      |
|    clip_range           | 0.2         |
|    entropy_loss         | -2.19       |
|    explained_variance   | 0.792       |
|    learning_rate        | 0.0003      |
|    loss                 | -0.0155     |
|    n_updates            | 30          |
|    policy_gradient_loss | -0.00414    |
|    value_loss           | 0.0154      |
-----------------------------------------
-----------------------------------------
| rollout/                |             |
|    ep_len_mean          | 3e+03       |
|    ep_rew_mean          | -255        |
| time/                   |             |
|    fps                  | 492         |
|    iterations           | 8           |
|    time_elapsed         | 399         |
|    total_timesteps      | 196608      |
| train/                  |             |
|    approx_kl            | 0.007315965 |
|    clip_fraction        | 0.0559      |
|    clip_range           | 0.2         |
|    entropy_loss         | -2.19       |
|    explained_variance   | 0.865       |
|    learning_rate        | 0.0003      |
|    loss                 | -0.0313     |
|    n_updates            | 35          |
|    policy_gradient_loss | -0.00495    |
|    value_loss           | 0.00736     |
-----------------------------------------
------------------------------------------
| rollout/                |              |
|    ep_len_mean          | 3.03e+03     |
|    ep_rew_mean          | -254         |
| time/                   |              |
|    fps                  | 492          |
|    iterations           | 9            |
|    time_elapsed         | 449          |
|    total_timesteps      | 221184       |
| train/                  |              |
|    approx_kl            | 0.0067333803 |
|    clip_fraction        | 0.0311       |
|    clip_range           | 0.2          |
|    entropy_loss         | -2.2         |
|    explained_variance   | 0.824        |
|    learning_rate        | 0.0003       |
|    loss                 | -0.0196      |
|    n_updates            | 40           |
|    policy_gradient_loss | -0.00372     |
|    value_loss           | 0.00802      |
------------------------------------------
-----------------------------------------
| rollout/                |             |
|    ep_len_mean          | 3.08e+03    |
|    ep_rew_mean          | -253        |
| time/                   |             |
|    fps                  | 492         |
|    iterations           | 10          |
|    time_elapsed         | 499         |
|    total_timesteps      | 245760      |
| train/                  |             |
|    approx_kl            | 0.006628672 |
|    clip_fraction        | 0.0381      |
|    clip_range           | 0.2         |
|    entropy_loss         | -2.2        |
|    explained_variance   | 0.935       |
|    learning_rate        | 0.0003      |
|    loss                 | -0.0266     |
|    n_updates            | 45          |
|    policy_gradient_loss | -0.00362    |
|    value_loss           | 0.00391     |
-----------------------------------------
------------------------------------------
| rollout/                |              |
|    ep_len_mean          | 3.09e+03     |
|    ep_rew_mean          | -248         |
| time/                   |              |
|    fps                  | 492          |
|    iterations           | 11           |
|    time_elapsed         | 548          |
|    total_timesteps      | 270336       |
| train/                  |              |
|    approx_kl            | 0.0068393596 |
|    clip_fraction        | 0.0418       |
|    clip_range           | 0.2          |
|    entropy_loss         | -2.18        |
|    explained_variance   | 0.789        |
|    learning_rate        | 0.0003       |
|    loss                 | -0.0321      |
|    n_updates            | 50           |
|    policy_gradient_loss | -0.00375     |
|    value_loss           | 0.0111       |
------------------------------------------
------------------------------------------
| rollout/                |              |
|    ep_len_mean          | 3.12e+03     |
|    ep_rew_mean          | -254         |
| time/                   |              |
|    fps                  | 490          |
|    iterations           | 12           |
|    time_elapsed         | 601          |
|    total_timesteps      | 294912       |
| train/                  |              |
|    approx_kl            | 0.0075774477 |
|    clip_fraction        | 0.0357       |
|    clip_range           | 0.2          |
|    entropy_loss         | -2.18        |
|    explained_variance   | 0.877        |
|    learning_rate        | 0.0003       |
|    loss                 | -0.0261      |
|    n_updates            | 55           |
|    policy_gradient_loss | -0.00399     |
|    value_loss           | 0.0103       |
------------------------------------------
---------------------------------------
| rollout/                |           |
|    ep_len_mean          | 3.12e+03  |
|    ep_rew_mean          | -251      |
| time/                   |           |
|    fps                  | 489       |
|    iterations           | 13        |
|    time_elapsed         | 652       |
|    total_timesteps      | 319488    |
| train/                  |           |
|    approx_kl            | 0.0081719 |
|    clip_fraction        | 0.0501    |
|    clip_range           | 0.2       |
|    entropy_loss         | -2.19     |
|    explained_variance   | 0.92      |
|    learning_rate        | 0.0003    |
|    loss                 | -0.0355   |
|    n_updates            | 60        |
|    policy_gradient_loss | -0.00555  |
|    value_loss           | 0.00835   |
---------------------------------------
-----------------------------------------
| rollout/                |             |
|    ep_len_mean          | 3.19e+03    |
|    ep_rew_mean          | -258        |
| time/                   |             |
|    fps                  | 489         |
|    iterations           | 14          |
|    time_elapsed         | 703         |
|    total_timesteps      | 344064      |
| train/                  |             |
|    approx_kl            | 0.007892854 |
|    clip_fraction        | 0.0358      |
|    clip_range           | 0.2         |
|    entropy_loss         | -2.17       |
|    explained_variance   | 0.95        |
|    learning_rate        | 0.0003      |
|    loss                 | -0.0274     |
|    n_updates            | 65          |
|    policy_gradient_loss | -0.00363    |
|    value_loss           | 0.0088      |
-----------------------------------------
-----------------------------------------
| rollout/                |             |
|    ep_len_mean          | 3.26e+03    |
|    ep_rew_mean          | -261        |
| time/                   |             |
|    fps                  | 488         |
|    iterations           | 15          |
|    time_elapsed         | 754         |
|    total_timesteps      | 368640      |
| train/                  |             |
|    approx_kl            | 0.007996999 |
|    clip_fraction        | 0.0368      |
|    clip_range           | 0.2         |
|    entropy_loss         | -2.16       |
|    explained_variance   | 0.898       |
|    learning_rate        | 0.0003      |
|    loss                 | -0.0329     |
|    n_updates            | 70          |
|    policy_gradient_loss | -0.00316    |
|    value_loss           | 0.0134      |
-----------------------------------------
-----------------------------------------
| rollout/                |             |
|    ep_len_mean          | 3.25e+03    |
|    ep_rew_mean          | -257        |
| time/                   |             |
|    fps                  | 489         |
|    iterations           | 16          |
|    time_elapsed         | 803         |
|    total_timesteps      | 393216      |
| train/                  |             |
|    approx_kl            | 0.008000778 |
|    clip_fraction        | 0.0561      |
|    clip_range           | 0.2         |
|    entropy_loss         | -2.14       |
|    explained_variance   | 0.857       |
|    learning_rate        | 0.0003      |
|    loss                 | -0.0171     |
|    n_updates            | 75          |
|    policy_gradient_loss | -0.00447    |
|    value_loss           | 0.00877     |
-----------------------------------------
-----------------------------------------
| rollout/                |             |
|    ep_len_mean          | 3.2e+03     |
|    ep_rew_mean          | -247        |
| time/                   |             |
|    fps                  | 490         |
|    iterations           | 17          |
|    time_elapsed         | 852         |
|    total_timesteps      | 417792      |
| train/                  |             |
|    approx_kl            | 0.007774252 |
|    clip_fraction        | 0.0402      |
|    clip_range           | 0.2         |
|    entropy_loss         | -2.15       |
|    explained_variance   | 0.908       |
|    learning_rate        | 0.0003      |
|    loss                 | -0.0169     |
|    n_updates            | 80          |
|    policy_gradient_loss | -0.00435    |
|    value_loss           | 0.0104      |
-----------------------------------------
------------------------------------------
| rollout/                |              |
|    ep_len_mean          | 2.84e+03     |
|    ep_rew_mean          | -204         |
| time/                   |              |
|    fps                  | 490          |
|    iterations           | 18           |
|    time_elapsed         | 901          |
|    total_timesteps      | 442368       |
| train/                  |              |
|    approx_kl            | 0.0087600425 |
|    clip_fraction        | 0.0707       |
|    clip_range           | 0.2          |
|    entropy_loss         | -2.14        |
|    explained_variance   | 0.829        |
|    learning_rate        | 0.0003       |
|    loss                 | -0.0263      |
|    n_updates            | 85           |
|    policy_gradient_loss | -0.00612     |
|    value_loss           | 0.0189       |
------------------------------------------
-----------------------------------------
| rollout/                |             |
|    ep_len_mean          | 2.5e+03     |
|    ep_rew_mean          | -178        |
| time/                   |             |
|    fps                  | 491         |
|    iterations           | 19          |
|    time_elapsed         | 949         |
|    total_timesteps      | 466944      |
| train/                  |             |
|    approx_kl            | 0.007815826 |
|    clip_fraction        | 0.0523      |
|    clip_range           | 0.2         |
|    entropy_loss         | -2.14       |
|    explained_variance   | 0.71        |
|    learning_rate        | 0.0003      |
|    loss                 | -0.0242     |
|    n_updates            | 90          |
|    policy_gradient_loss | -0.00621    |
|    value_loss           | 0.0154      |
-----------------------------------------
-----------------------------------------
| rollout/                |             |
|    ep_len_mean          | 2.33e+03    |
|    ep_rew_mean          | -171        |
| time/                   |             |
|    fps                  | 492         |
|    iterations           | 20          |
|    time_elapsed         | 998         |
|    total_timesteps      | 491520      |
| train/                  |             |
|    approx_kl            | 0.009135119 |
|    clip_fraction        | 0.0735      |
|    clip_range           | 0.2         |
|    entropy_loss         | -2.14       |
|    explained_variance   | 0.918       |
|    learning_rate        | 0.0003      |
|    loss                 | -0.0211     |
|    n_updates            | 95          |
|    policy_gradient_loss | -0.00536    |
|    value_loss           | 0.0135      |
-----------------------------------------
[Checkpoint] Saved at 500000 steps > /home/runner/work/Disciples2-RL/Disciples2-RL/github_experiments/131/formation_train/all_enemies/seed131-formation_train-all_enemies-32731341663-1/checkpoints/campaign_ppo_step_500000.zip
-----------------------------------------
| rollout/                |             |
|    ep_len_mean          | 2.08e+03    |
|    ep_rew_mean          | -138        |
| time/                   |             |
|    fps                  | 492         |
|    iterations           | 21          |
|    time_elapsed         | 1046        |
|    total_timesteps      | 516096      |
| train/                  |             |
|    approx_kl            | 0.007601069 |
|    clip_fraction        | 0.0513      |
|    clip_range           | 0.2         |
|    entropy_loss         | -2.12       |
|    explained_variance   | 0.834       |
|    learning_rate        | 0.0003      |
|    loss                 | -0.0216     |
|    n_updates            | 100         |
|    policy_gradient_loss | -0.00504    |
|    value_loss           | 0.0146      |
-----------------------------------------
------------------------------------------
| rollout/                |              |
|    ep_len_mean          | 1.67e+03     |
|    ep_rew_mean          | -111         |
| time/                   |              |
|    fps                  | 493          |
|    iterations           | 22           |
|    time_elapsed         | 1095         |
|    total_timesteps      | 540672       |
| train/                  |              |
|    approx_kl            | 0.0097673135 |
|    clip_fraction        | 0.0899       |
|    clip_range           | 0.2          |
|    entropy_loss         | -2.13        |
|    explained_variance   | 0.78         |
|    learning_rate        | 0.0003       |
|    loss                 | -0.0242      |
|    n_updates            | 105          |
|    policy_gradient_loss | -0.00568     |
|    value_loss           | 0.0151       |
------------------------------------------
-----------------------------------------
| rollout/                |             |
|    ep_len_mean          | 1.43e+03    |
|    ep_rew_mean          | -90.1       |
| time/                   |             |
|    fps                  | 494         |
|    iterations           | 23          |
|    time_elapsed         | 1142        |
|    total_timesteps      | 565248      |
| train/                  |             |
|    approx_kl            | 0.008025575 |
|    clip_fraction        | 0.0601      |
|    clip_range           | 0.2         |
|    entropy_loss         | -2.12       |
|    explained_variance   | 0.858       |
|    learning_rate        | 0.0003      |
|    loss                 | -0.0193     |
|    n_updates            | 110         |
|    policy_gradient_loss | -0.00524    |
|    value_loss           | 0.0127      |
-----------------------------------------
------------------------------------------
| rollout/                |              |
|    ep_len_mean          | 1.25e+03     |
|    ep_rew_mean          | -69.3        |
| time/                   |              |
|    fps                  | 496          |
|    iterations           | 24           |
|    time_elapsed         | 1188         |
|    total_timesteps      | 589824       |
| train/                  |              |
|    approx_kl            | 0.0093407845 |
|    clip_fraction        | 0.0853       |
|    clip_range           | 0.2          |
|    entropy_loss         | -2.08        |
|    explained_variance   | 0.887        |
|    learning_rate        | 0.0003       |
|    loss                 | -0.028       |
|    n_updates            | 115          |
|    policy_gradient_loss | -0.00527     |
|    value_loss           | 0.0208       |
------------------------------------------
-----------------------------------------
| rollout/                |             |
|    ep_len_mean          | 1.03e+03    |
|    ep_rew_mean          | -58         |
| time/                   |             |
|    fps                  | 496         |
|    iterations           | 25          |
|    time_elapsed         | 1237        |
|    total_timesteps      | 614400      |
| train/                  |             |
|    approx_kl            | 0.009781749 |
|    clip_fraction        | 0.0854      |
|    clip_range           | 0.2         |
|    entropy_loss         | -2.09       |
|    explained_variance   | 0.891       |
|    learning_rate        | 0.0003      |
|    loss                 | -0.0242     |
|    n_updates            | 120         |
|    policy_gradient_loss | -0.00663    |
|    value_loss           | 0.0203      |
-----------------------------------------
----------------------------------------
| rollout/                |            |
|    ep_len_mean          | 838        |
|    ep_rew_mean          | -38.6      |
| time/                   |            |
|    fps                  | 497        |
|    iterations           | 26         |
|    time_elapsed         | 1285       |
|    total_timesteps      | 638976     |
| train/                  |            |
|    approx_kl            | 0.01007226 |
|    clip_fraction        | 0.111      |
|    clip_range           | 0.2        |
|    entropy_loss         | -2.05      |
|    explained_variance   | 0.915      |
|    learning_rate        | 0.0003     |
|    loss                 | -0.029     |
|    n_updates            | 125        |
|    policy_gradient_loss | -0.00743   |
|    value_loss           | 0.0252     |
----------------------------------------
-----------------------------------------
| rollout/                |             |
|    ep_len_mean          | 874         |
|    ep_rew_mean          | -37.3       |
| time/                   |             |
|    fps                  | 497         |
|    iterations           | 27          |
|    time_elapsed         | 1333        |
|    total_timesteps      | 663552      |
| train/                  |             |
|    approx_kl            | 0.009903663 |
|    clip_fraction        | 0.0852      |
|    clip_range           | 0.2         |
|    entropy_loss         | -2.09       |
|    explained_variance   | 0.87        |
|    learning_rate        | 0.0003      |
|    loss                 | -0.00964    |
|    n_updates            | 130         |
|    policy_gradient_loss | -0.00573    |
|    value_loss           | 0.0385      |
-----------------------------------------
------------------------------------------
| rollout/                |              |
|    ep_len_mean          | 1.02e+03     |
|    ep_rew_mean          | -47.1        |
| time/                   |              |
|    fps                  | 497          |
|    iterations           | 28           |
|    time_elapsed         | 1383         |
|    total_timesteps      | 688128       |
| train/                  |              |
|    approx_kl            | 0.0079454435 |
|    clip_fraction        | 0.0533       |
|    clip_range           | 0.2          |
|    entropy_loss         | -2.06        |
|    explained_variance   | 0.907        |
|    learning_rate        | 0.0003       |
|    loss                 | -0.0262      |
|    n_updates            | 135          |
|    policy_gradient_loss | -0.00499     |
|    value_loss           | 0.0164       |
------------------------------------------
-----------------------------------------
| rollout/                |             |
|    ep_len_mean          | 1.17e+03    |
|    ep_rew_mean          | -59         |
| time/                   |             |
|    fps                  | 497         |
|    iterations           | 29          |
|    time_elapsed         | 1433        |
|    total_timesteps      | 712704      |
| train/                  |             |
|    approx_kl            | 0.010070358 |
|    clip_fraction        | 0.0704      |
|    clip_range           | 0.2         |
|    entropy_loss         | -2.05       |
|    explained_variance   | 0.9         |
|    learning_rate        | 0.0003      |
|    loss                 | -0.02       |
|    n_updates            | 140         |
|    policy_gradient_loss | -0.0054     |
|    value_loss           | 0.0254      |
-----------------------------------------
------------------------------------------
| rollout/                |              |
|    ep_len_mean          | 1.34e+03     |
|    ep_rew_mean          | -74.9        |
| time/                   |              |
|    fps                  | 497          |
|    iterations           | 30           |
|    time_elapsed         | 1482         |
|    total_timesteps      | 737280       |
| train/                  |              |
|    approx_kl            | 0.0067597292 |
|    clip_fraction        | 0.0597       |
|    clip_range           | 0.2          |
|    entropy_loss         | -2.01        |
|    explained_variance   | 0.892        |
|    learning_rate        | 0.0003       |
|    loss                 | -0.0173      |
|    n_updates            | 145          |
|    policy_gradient_loss | -0.00391     |
|    value_loss           | 0.0161       |
------------------------------------------
-----------------------------------------
| rollout/                |             |
|    ep_len_mean          | 1.6e+03     |
|    ep_rew_mean          | -83.3       |
| time/                   |             |
|    fps                  | 497         |
|    iterations           | 31          |
|    time_elapsed         | 1532        |
|    total_timesteps      | 761856      |
| train/                  |             |
|    approx_kl            | 0.008800849 |
|    clip_fraction        | 0.0842      |
|    clip_range           | 0.2         |
|    entropy_loss         | -2.08       |
|    explained_variance   | 0.899       |
|    learning_rate        | 0.0003      |
|    loss                 | -0.0141     |
|    n_updates            | 150         |
|    policy_gradient_loss | -0.00508    |
|    value_loss           | 0.0183      |
-----------------------------------------
-----------------------------------------
| rollout/                |             |
|    ep_len_mean          | 1.77e+03    |
|    ep_rew_mean          | -90.8       |
| time/                   |             |
|    fps                  | 497         |
|    iterations           | 32          |
|    time_elapsed         | 1581        |
|    total_timesteps      | 786432      |
| train/                  |             |
|    approx_kl            | 0.009407434 |
|    clip_fraction        | 0.0772      |
|    clip_range           | 0.2         |
|    entropy_loss         | -2.1        |
|    explained_variance   | 0.881       |
|    learning_rate        | 0.0003      |
|    loss                 | -0.0156     |
|    n_updates            | 155         |
|    policy_gradient_loss | -0.00614    |
|    value_loss           | 0.0277      |
-----------------------------------------
-----------------------------------------
| rollout/                |             |
|    ep_len_mean          | 1.93e+03    |
|    ep_rew_mean          | -100        |
| time/                   |             |
|    fps                  | 497         |
|    iterations           | 33          |
|    time_elapsed         | 1630        |
|    total_timesteps      | 811008      |
| train/                  |             |
|    approx_kl            | 0.007951782 |
|    clip_fraction        | 0.0816      |
|    clip_range           | 0.2         |
|    entropy_loss         | -2.1        |
|    explained_variance   | 0.929       |
|    learning_rate        | 0.0003      |
|    loss                 | -0.0129     |
|    n_updates            | 160         |
|    policy_gradient_loss | -0.00488    |
|    value_loss           | 0.0179      |
-----------------------------------------
-----------------------------------------
| rollout/                |             |
|    ep_len_mean          | 2.1e+03     |
|    ep_rew_mean          | -112        |
| time/                   |             |
|    fps                  | 497         |
|    iterations           | 34          |
|    time_elapsed         | 1680        |
|    total_timesteps      | 835584      |
| train/                  |             |
|    approx_kl            | 0.008109587 |
|    clip_fraction        | 0.0668      |
|    clip_range           | 0.2         |
|    entropy_loss         | -2.08       |
|    explained_variance   | 0.935       |
|    learning_rate        | 0.0003      |
|    loss                 | -0.0301     |
|    n_updates            | 165         |
|    policy_gradient_loss | -0.00487    |
|    value_loss           | 0.0248      |
-----------------------------------------
-----------------------------------------
| rollout/                |             |
|    ep_len_mean          | 2.32e+03    |
|    ep_rew_mean          | -131        |
| time/                   |             |
|    fps                  | 497         |
|    iterations           | 35          |
|    time_elapsed         | 1729        |
|    total_timesteps      | 860160      |
| train/                  |             |
|    approx_kl            | 0.007987249 |
|    clip_fraction        | 0.0743      |
|    clip_range           | 0.2         |
|    entropy_loss         | -2.06       |
|    explained_variance   | 0.918       |
|    learning_rate        | 0.0003      |
|    loss                 | -0.0224     |
|    n_updates            | 170         |
|    policy_gradient_loss | -0.00522    |
|    value_loss           | 0.0172      |
-----------------------------------------
-----------------------------------------
| rollout/                |             |
|    ep_len_mean          | 2.44e+03    |
|    ep_rew_mean          | -141        |
| time/                   |             |
|    fps                  | 498         |
|    iterations           | 36          |
|    time_elapsed         | 1776        |
|    total_timesteps      | 884736      |
| train/                  |             |
|    approx_kl            | 0.007871419 |
|    clip_fraction        | 0.0708      |
|    clip_range           | 0.2         |
|    entropy_loss         | -2.08       |
|    explained_variance   | 0.932       |
|    learning_rate        | 0.0003      |
|    loss                 | -0.0102     |
|    n_updates            | 175         |
|    policy_gradient_loss | -0.00439    |
|    value_loss           | 0.0313      |
-----------------------------------------
-----------------------------------------
| rollout/                |             |
|    ep_len_mean          | 2.53e+03    |
|    ep_rew_mean          | -147        |
| time/                   |             |
|    fps                  | 498         |
|    iterations           | 37          |
|    time_elapsed         | 1825        |
|    total_timesteps      | 909312      |
| train/                  |             |
|    approx_kl            | 0.008762886 |
|    clip_fraction        | 0.0841      |
|    clip_range           | 0.2         |
|    entropy_loss         | -2.09       |
|    explained_variance   | 0.878       |
|    learning_rate        | 0.0003      |
|    loss                 | -0.0194     |
|    n_updates            | 180         |
|    policy_gradient_loss | -0.00556    |
|    value_loss           | 0.0244      |
-----------------------------------------
-----------------------------------------
| rollout/                |             |
|    ep_len_mean          | 2.56e+03    |
|    ep_rew_mean          | -151        |
| time/                   |             |
|    fps                  | 498         |
|    iterations           | 38          |
|    time_elapsed         | 1874        |
|    total_timesteps      | 933888      |
| train/                  |             |
|    approx_kl            | 0.007893216 |
|    clip_fraction        | 0.0707      |
|    clip_range           | 0.2         |
|    entropy_loss         | -2.08       |
|    explained_variance   | 0.939       |
|    learning_rate        | 0.0003      |
|    loss                 | -0.0182     |
|    n_updates            | 185         |
|    policy_gradient_loss | -0.00493    |
|    value_loss           | 0.00995     |
-----------------------------------------
-----------------------------------------
| rollout/                |             |
|    ep_len_mean          | 2.26e+03    |
|    ep_rew_mean          | -127        |
| time/                   |             |
|    fps                  | 498         |
|    iterations           | 39          |
|    time_elapsed         | 1923        |
|    total_timesteps      | 958464      |
| train/                  |             |
|    approx_kl            | 0.009580706 |
|    clip_fraction        | 0.0731      |
|    clip_range           | 0.2         |
|    entropy_loss         | -2.04       |
|    explained_variance   | 0.926       |
|    learning_rate        | 0.0003      |
|    loss                 | -0.0207     |
|    n_updates            | 190         |
|    policy_gradient_loss | -0.00433    |
|    value_loss           | 0.0244      |
-----------------------------------------
-----------------------------------------
| rollout/                |             |
|    ep_len_mean          | 1.74e+03    |
|    ep_rew_mean          | -106        |
| time/                   |             |
|    fps                  | 498         |
|    iterations           | 40          |
|    time_elapsed         | 1970        |
|    total_timesteps      | 983040      |
| train/                  |             |
|    approx_kl            | 0.009173884 |
|    clip_fraction        | 0.102       |
|    clip_range           | 0.2         |
|    entropy_loss         | -2.1        |
|    explained_variance   | 0.914       |
|    learning_rate        | 0.0003      |
|    loss                 | -0.02       |
|    n_updates            | 195         |
|    policy_gradient_loss | -0.00526    |
|    value_loss           | 0.027       |
-----------------------------------------
[Checkpoint] Saved at 1000000 steps > /home/runner/work/Disciples2-RL/Disciples2-RL/github_experiments/131/formation_train/all_enemies/seed131-formation_train-all_enemies-32731341663-1/checkpoints/campaign_ppo_step_1000000.zip
Eval num_timesteps=1000008, det_reward=-15.55 +/- 6.44
Episode length: det=565.35 +/- 8.83
Victory rate: det=95.00%
--------------------------------------------------
| eval/                           |              |
|    deterministic_mean_ep_length | 565          |
|    deterministic_mean_reward    | -15.6        |
|    deterministic_victory_rate   | 0.95         |
|    mean_ep_length               | 565          |
|    mean_reward                  | -15.6        |
|    victory_rate                 | 0.95         |
| time/                           |              |
|    total_timesteps              | 1000008      |
| train/                          |              |
|    approx_kl                    | 0.0114398105 |
|    clip_fraction                | 0.127        |
|    clip_range                   | 0.2          |
|    entropy_loss                 | -2.07        |
|    explained_variance           | 0.905        |
|    learning_rate                | 0.0003       |
|    loss                         | -0.00167     |
|    n_updates                    | 200          |
|    policy_gradient_loss         | -0.00719     |
|    value_loss                   | 0.0352       |
--------------------------------------------------
New best model by deterministic victory rate!
---------------------------------
| rollout/           |          |
|    ep_len_mean     | 1.08e+03 |
|    ep_rew_mean     | -62.1    |
| time/              |          |
|    fps             | 492      |
|    iterations      | 41       |
|    time_elapsed    | 2044     |
|    total_timesteps | 1007616  |
---------------------------------
VecNormalize stats saved: /home/runner/work/Disciples2-RL/Disciples2-RL/github_experiments/131/formation_train/all_enemies/seed131-formation_train-all_enemies-32731341663-1/models/vecnormalize.pkl

Финальная модель сохранена: /home/runner/work/Disciples2-RL/Disciples2-RL/github_experiments/131/formation_train/all_enemies/seed131-formation_train-all_enemies-32731341663-1/models/final_model.zip

============================================================
ИТОГИ ОБУЧЕНИЯ:
  Побед: 97
  Поражений: 304
  Таймаутов: 134
  Побед бота столицы над врагами: 0
  Перестановок юнитов: 214076
  Терминальные поражения по противникам:
    enemy_1: 304 — Ангел, Мастер клинка и Защитник Веры впереди; Ученик позади
  Winrate: 18.1%
============================================================
  График призывов за эпизод: /home/runner/work/Disciples2-RL/Disciples2-RL/github_experiments/131/formation_train/all_enemies/seed131-formation_train-all_enemies-32731341663-1/plots/campaign_summoned_units_per_episode.png
  График призывов за всё обучение: /home/runner/work/Disciples2-RL/Disciples2-RL/github_experiments/131/formation_train/all_enemies/seed131-formation_train-all_enemies-32731341663-1/plots/campaign_summoned_units_cumulative.png
  График найма за эпизод: /home/runner/work/Disciples2-RL/Disciples2-RL/github_experiments/131/formation_train/all_enemies/seed131-formation_train-all_enemies-32731341663-1/plots/campaign_hired_units_per_episode.png
  График найма за всё обучение: /home/runner/work/Disciples2-RL/Disciples2-RL/github_experiments/131/formation_train/all_enemies/seed131-formation_train-all_enemies-32731341663-1/plots/campaign_hired_units_cumulative.png
  График перестановок юнитов за эпизод: /home/runner/work/Disciples2-RL/Disciples2-RL/github_experiments/131/formation_train/all_enemies/seed131-formation_train-all_enemies-32731341663-1/plots/campaign_unit_swaps_per_episode.png
  График боевых предметов: /home/runner/work/Disciples2-RL/Disciples2-RL/github_experiments/131/formation_train/all_enemies/seed131-formation_train-all_enemies-32731341663-1/plots/campaign_battle_item_activity.png
  График побед бота столицы за эпизод: /home/runner/work/Disciples2-RL/Disciples2-RL/github_experiments/131/formation_train/all_enemies/seed131-formation_train-all_enemies-32731341663-1/plots/campaign_scripted_bot_victories_per_episode.png
  График применения заклинаний: /home/runner/work/Disciples2-RL/Disciples2-RL/github_experiments/131/formation_train/all_enemies/seed131-formation_train-all_enemies-32731341663-1/plots/campaign_spell_cast_activity.png
