Проверка среды CampaignEnv...
Среда прошла проверку!
[INFO] Comet disabled, running without experiment tracking
Создание 12 параллельных сред (subproc)...
Инициализация MaskablePPO...
Using cpu device

============================================================
Запуск обучения Campaign Agent
Всего шагов: 1,000,000
Параллельных сред: 12
VecEnv: subproc
VecEnv start method: forkserver
Seed: 125
Checkpoint каждые: 500,000 шагов
Evaluation каждые: 83,334 шагов
Eval deterministic эпизодов: 20
Eval stochastic эпизодов: 0
Eval лимит шагов на эпизод: 5000
Campaign map: small
Campaign objective: dragon
System resources at training start:
  Platform: Linux 6.17.0-1020-azure (x86_64)
  Python: 3.14.6
  PyTorch: 2.13.0+cpu
  Training device: cpu
  CPU model: AMD EPYC 9V74 80-Core Processor
  CPU vendor: AuthenticAMD
  Logical CPUs visible: 4
  Process CPU affinity: 4
  Sockets: 1
  Cores per socket: 2
  Threads per core: 2
  CPU max MHz: unknown
  CPU min MHz: unknown
  L1d cache: 64 KiB (2 instances)
  L1i cache: 64 KiB (2 instances)
  L2 cache: 2 MiB (2 instances)
  L3 cache: 32 MiB (1 instance)
  Virtualization: AMD-V
  Hypervisor: Microsoft
  RAM total: 15.61 GiB
  RAM available at start: 13.91 GiB
  Disk total: 144.26 GiB
  Disk free at start: 81.31 GiB
  Torch intra-op threads: 4
  Torch inter-op threads: 2
  OMP_NUM_THREADS: 4
  MKL_NUM_THREADS: 4
  OPENBLAS_NUM_THREADS: 4
  GitHub runner OS: Linux
  GitHub runner architecture: X64
  GitHub runner environment: github-hosted
PPO n_steps: 2,048
PPO batch_size: 512
PPO n_epochs: 5
PPO learning_rate: 0.0003
PPO clip_range: 0.2
PPO ent_coef: 0.01
PPO gamma: 0.995
PPO gae_lambda: 0.95
PPO target_kl: disabled
PPO gradient batches per rollout: 240
VecCheckNan: disabled
Freeze action layout: enabled
Empire territory: enabled
Torch threads per process: 4
Diagnostics: disabled
Wall-clock training limit: disabled
Run ID: seed125-small-green_dragon-31265290999-1
============================================================

Logging to /home/runner/work/Disciples2-RL/Disciples2-RL/github_experiments/125/small/green_dragon/seed125-small-green_dragon-31265290999-1/tensorboard/MaskablePPO_1
---------------------------------
| rollout/           |          |
|    ep_len_mean     | 102      |
|    ep_rew_mean     | -5.31    |
| time/              |          |
|    fps             | 487      |
|    iterations      | 1        |
|    time_elapsed    | 50       |
|    total_timesteps | 24576    |
---------------------------------
-----------------------------------------
| rollout/                |             |
|    ep_len_mean          | 139         |
|    ep_rew_mean          | -4.7        |
| time/                   |             |
|    fps                  | 468         |
|    iterations           | 2           |
|    time_elapsed         | 104         |
|    total_timesteps      | 49152       |
| train/                  |             |
|    approx_kl            | 0.010009934 |
|    clip_fraction        | 0.091       |
|    clip_range           | 0.2         |
|    entropy_loss         | -2.21       |
|    explained_variance   | 0.00478     |
|    learning_rate        | 0.0003      |
|    loss                 | 0.227       |
|    n_updates            | 5           |
|    policy_gradient_loss | -0.00845    |
|    value_loss           | 0.573       |
-----------------------------------------
-----------------------------------------
| rollout/                |             |
|    ep_len_mean          | 153         |
|    ep_rew_mean          | -2.66       |
| time/                   |             |
|    fps                  | 464         |
|    iterations           | 3           |
|    time_elapsed         | 158         |
|    total_timesteps      | 73728       |
| train/                  |             |
|    approx_kl            | 0.011051274 |
|    clip_fraction        | 0.109       |
|    clip_range           | 0.2         |
|    entropy_loss         | -2.15       |
|    explained_variance   | 0.559       |
|    learning_rate        | 0.0003      |
|    loss                 | 0.16        |
|    n_updates            | 10          |
|    policy_gradient_loss | -0.0113     |
|    value_loss           | 0.315       |
-----------------------------------------
-----------------------------------------
| rollout/                |             |
|    ep_len_mean          | 250         |
|    ep_rew_mean          | -5.99       |
| time/                   |             |
|    fps                  | 457         |
|    iterations           | 4           |
|    time_elapsed         | 214         |
|    total_timesteps      | 98304       |
| train/                  |             |
|    approx_kl            | 0.011412621 |
|    clip_fraction        | 0.128       |
|    clip_range           | 0.2         |
|    entropy_loss         | -2.1        |
|    explained_variance   | 0.749       |
|    learning_rate        | 0.0003      |
|    loss                 | 0.0336      |
|    n_updates            | 15          |
|    policy_gradient_loss | -0.0123     |
|    value_loss           | 0.179       |
-----------------------------------------
-----------------------------------------
| rollout/                |             |
|    ep_len_mean          | 278         |
|    ep_rew_mean          | 0.0902      |
| time/                   |             |
|    fps                  | 452         |
|    iterations           | 5           |
|    time_elapsed         | 271         |
|    total_timesteps      | 122880      |
| train/                  |             |
|    approx_kl            | 0.009106826 |
|    clip_fraction        | 0.0831      |
|    clip_range           | 0.2         |
|    entropy_loss         | -2.09       |
|    explained_variance   | 0.859       |
|    learning_rate        | 0.0003      |
|    loss                 | 0.0157      |
|    n_updates            | 20          |
|    policy_gradient_loss | -0.00707    |
|    value_loss           | 0.108       |
-----------------------------------------
-----------------------------------------
| rollout/                |             |
|    ep_len_mean          | 256         |
|    ep_rew_mean          | 3.85        |
| time/                   |             |
|    fps                  | 452         |
|    iterations           | 6           |
|    time_elapsed         | 326         |
|    total_timesteps      | 147456      |
| train/                  |             |
|    approx_kl            | 0.010951679 |
|    clip_fraction        | 0.116       |
|    clip_range           | 0.2         |
|    entropy_loss         | -2.07       |
|    explained_variance   | 0.862       |
|    learning_rate        | 0.0003      |
|    loss                 | 0.00134     |
|    n_updates            | 25          |
|    policy_gradient_loss | -0.0101     |
|    value_loss           | 0.0848      |
-----------------------------------------
-----------------------------------------
| rollout/                |             |
|    ep_len_mean          | 217         |
|    ep_rew_mean          | 7.36        |
| time/                   |             |
|    fps                  | 454         |
|    iterations           | 7           |
|    time_elapsed         | 378         |
|    total_timesteps      | 172032      |
| train/                  |             |
|    approx_kl            | 0.009383363 |
|    clip_fraction        | 0.095       |
|    clip_range           | 0.2         |
|    entropy_loss         | -2.06       |
|    explained_variance   | 0.849       |
|    learning_rate        | 0.0003      |
|    loss                 | 0.0125      |
|    n_updates            | 30          |
|    policy_gradient_loss | -0.00833    |
|    value_loss           | 0.0854      |
-----------------------------------------
-----------------------------------------
| rollout/                |             |
|    ep_len_mean          | 198         |
|    ep_rew_mean          | 9.54        |
| time/                   |             |
|    fps                  | 456         |
|    iterations           | 8           |
|    time_elapsed         | 430         |
|    total_timesteps      | 196608      |
| train/                  |             |
|    approx_kl            | 0.010019808 |
|    clip_fraction        | 0.11        |
|    clip_range           | 0.2         |
|    entropy_loss         | -2.02       |
|    explained_variance   | 0.863       |
|    learning_rate        | 0.0003      |
|    loss                 | -0.0065     |
|    n_updates            | 35          |
|    policy_gradient_loss | -0.00961    |
|    value_loss           | 0.0619      |
-----------------------------------------
-----------------------------------------
| rollout/                |             |
|    ep_len_mean          | 170         |
|    ep_rew_mean          | 12.1        |
| time/                   |             |
|    fps                  | 458         |
|    iterations           | 9           |
|    time_elapsed         | 482         |
|    total_timesteps      | 221184      |
| train/                  |             |
|    approx_kl            | 0.009229734 |
|    clip_fraction        | 0.103       |
|    clip_range           | 0.2         |
|    entropy_loss         | -1.96       |
|    explained_variance   | 0.868       |
|    learning_rate        | 0.0003      |
|    loss                 | -0.0106     |
|    n_updates            | 40          |
|    policy_gradient_loss | -0.00916    |
|    value_loss           | 0.0577      |
-----------------------------------------
-----------------------------------------
| rollout/                |             |
|    ep_len_mean          | 165         |
|    ep_rew_mean          | 15.4        |
| time/                   |             |
|    fps                  | 459         |
|    iterations           | 10          |
|    time_elapsed         | 535         |
|    total_timesteps      | 245760      |
| train/                  |             |
|    approx_kl            | 0.008789156 |
|    clip_fraction        | 0.0933      |
|    clip_range           | 0.2         |
|    entropy_loss         | -1.9        |
|    explained_variance   | 0.821       |
|    learning_rate        | 0.0003      |
|    loss                 | 0.00451     |
|    n_updates            | 45          |
|    policy_gradient_loss | -0.00708    |
|    value_loss           | 0.0648      |
-----------------------------------------
-----------------------------------------
| rollout/                |             |
|    ep_len_mean          | 156         |
|    ep_rew_mean          | 17.1        |
| time/                   |             |
|    fps                  | 460         |
|    iterations           | 11          |
|    time_elapsed         | 587         |
|    total_timesteps      | 270336      |
| train/                  |             |
|    approx_kl            | 0.009292304 |
|    clip_fraction        | 0.101       |
|    clip_range           | 0.2         |
|    entropy_loss         | -1.89       |
|    explained_variance   | 0.796       |
|    learning_rate        | 0.0003      |
|    loss                 | 0.0106      |
|    n_updates            | 50          |
|    policy_gradient_loss | -0.00873    |
|    value_loss           | 0.0748      |
-----------------------------------------
-----------------------------------------
| rollout/                |             |
|    ep_len_mean          | 142         |
|    ep_rew_mean          | 16.3        |
| time/                   |             |
|    fps                  | 460         |
|    iterations           | 12          |
|    time_elapsed         | 639         |
|    total_timesteps      | 294912      |
| train/                  |             |
|    approx_kl            | 0.008504043 |
|    clip_fraction        | 0.0884      |
|    clip_range           | 0.2         |
|    entropy_loss         | -1.84       |
|    explained_variance   | 0.778       |
|    learning_rate        | 0.0003      |
|    loss                 | -0.00021    |
|    n_updates            | 55          |
|    policy_gradient_loss | -0.00742    |
|    value_loss           | 0.0753      |
-----------------------------------------
-----------------------------------------
| rollout/                |             |
|    ep_len_mean          | 155         |
|    ep_rew_mean          | 18.7        |
| time/                   |             |
|    fps                  | 461         |
|    iterations           | 13          |
|    time_elapsed         | 691         |
|    total_timesteps      | 319488      |
| train/                  |             |
|    approx_kl            | 0.007391665 |
|    clip_fraction        | 0.0693      |
|    clip_range           | 0.2         |
|    entropy_loss         | -1.77       |
|    explained_variance   | 0.789       |
|    learning_rate        | 0.0003      |
|    loss                 | 0.0134      |
|    n_updates            | 60          |
|    policy_gradient_loss | -0.00534    |
|    value_loss           | 0.0803      |
-----------------------------------------
------------------------------------------
| rollout/                |              |
|    ep_len_mean          | 145          |
|    ep_rew_mean          | 18.6         |
| time/                   |              |
|    fps                  | 462          |
|    iterations           | 14           |
|    time_elapsed         | 743          |
|    total_timesteps      | 344064       |
| train/                  |              |
|    approx_kl            | 0.0070166364 |
|    clip_fraction        | 0.0666       |
|    clip_range           | 0.2          |
|    entropy_loss         | -1.76        |
|    explained_variance   | 0.784        |
|    learning_rate        | 0.0003       |
|    loss                 | 0.0214       |
|    n_updates            | 65           |
|    policy_gradient_loss | -0.00513     |
|    value_loss           | 0.0863       |
------------------------------------------
-----------------------------------------
| rollout/                |             |
|    ep_len_mean          | 157         |
|    ep_rew_mean          | 21.6        |
| time/                   |             |
|    fps                  | 464         |
|    iterations           | 15          |
|    time_elapsed         | 793         |
|    total_timesteps      | 368640      |
| train/                  |             |
|    approx_kl            | 0.008272432 |
|    clip_fraction        | 0.085       |
|    clip_range           | 0.2         |
|    entropy_loss         | -1.73       |
|    explained_variance   | 0.808       |
|    learning_rate        | 0.0003      |
|    loss                 | 0.0175      |
|    n_updates            | 70          |
|    policy_gradient_loss | -0.00759    |
|    value_loss           | 0.0861      |
-----------------------------------------
------------------------------------------
| rollout/                |              |
|    ep_len_mean          | 146          |
|    ep_rew_mean          | 20.4         |
| time/                   |              |
|    fps                  | 465          |
|    iterations           | 16           |
|    time_elapsed         | 843          |
|    total_timesteps      | 393216       |
| train/                  |              |
|    approx_kl            | 0.0065794964 |
|    clip_fraction        | 0.0652       |
|    clip_range           | 0.2          |
|    entropy_loss         | -1.72        |
|    explained_variance   | 0.818        |
|    learning_rate        | 0.0003       |
|    loss                 | 0.0107       |
|    n_updates            | 75           |
|    policy_gradient_loss | -0.00505     |
|    value_loss           | 0.0902       |
------------------------------------------
-----------------------------------------
| rollout/                |             |
|    ep_len_mean          | 158         |
|    ep_rew_mean          | 23.9        |
| time/                   |             |
|    fps                  | 467         |
|    iterations           | 17          |
|    time_elapsed         | 894         |
|    total_timesteps      | 417792      |
| train/                  |             |
|    approx_kl            | 0.007073088 |
|    clip_fraction        | 0.0767      |
|    clip_range           | 0.2         |
|    entropy_loss         | -1.71       |
|    explained_variance   | 0.832       |
|    learning_rate        | 0.0003      |
|    loss                 | 0.0143      |
|    n_updates            | 80          |
|    policy_gradient_loss | -0.00606    |
|    value_loss           | 0.1         |
-----------------------------------------
------------------------------------------
| rollout/                |              |
|    ep_len_mean          | 200          |
|    ep_rew_mean          | 19.6         |
| time/                   |              |
|    fps                  | 467          |
|    iterations           | 18           |
|    time_elapsed         | 946          |
|    total_timesteps      | 442368       |
| train/                  |              |
|    approx_kl            | 0.0073056705 |
|    clip_fraction        | 0.0673       |
|    clip_range           | 0.2          |
|    entropy_loss         | -1.69        |
|    explained_variance   | 0.845        |
|    learning_rate        | 0.0003       |
|    loss                 | 0.0238       |
|    n_updates            | 85           |
|    policy_gradient_loss | -0.00541     |
|    value_loss           | 0.0984       |
------------------------------------------
-----------------------------------------
| rollout/                |             |
|    ep_len_mean          | 167         |
|    ep_rew_mean          | 26.8        |
| time/                   |             |
|    fps                  | 468         |
|    iterations           | 19          |
|    time_elapsed         | 996         |
|    total_timesteps      | 466944      |
| train/                  |             |
|    approx_kl            | 0.007698472 |
|    clip_fraction        | 0.0721      |
|    clip_range           | 0.2         |
|    entropy_loss         | -1.68       |
|    explained_variance   | 0.871       |
|    learning_rate        | 0.0003      |
|    loss                 | 0.0194      |
|    n_updates            | 90          |
|    policy_gradient_loss | -0.00541    |
|    value_loss           | 0.0892      |
-----------------------------------------
------------------------------------------
| rollout/                |              |
|    ep_len_mean          | 169          |
|    ep_rew_mean          | 26.7         |
| time/                   |              |
|    fps                  | 469          |
|    iterations           | 20           |
|    time_elapsed         | 1047         |
|    total_timesteps      | 491520       |
| train/                  |              |
|    approx_kl            | 0.0074054287 |
|    clip_fraction        | 0.0785       |
|    clip_range           | 0.2          |
|    entropy_loss         | -1.67        |
|    explained_variance   | 0.852        |
|    learning_rate        | 0.0003       |
|    loss                 | 0.0349       |
|    n_updates            | 95           |
|    policy_gradient_loss | -0.00698     |
|    value_loss           | 0.101        |
------------------------------------------
[Checkpoint] Saved at 500000 steps > /home/runner/work/Disciples2-RL/Disciples2-RL/github_experiments/125/small/green_dragon/seed125-small-green_dragon-31265290999-1/checkpoints/campaign_ppo_step_500000.zip
------------------------------------------
| rollout/                |              |
|    ep_len_mean          | 176          |
|    ep_rew_mean          | 30.3         |
| time/                   |              |
|    fps                  | 469          |
|    iterations           | 21           |
|    time_elapsed         | 1098         |
|    total_timesteps      | 516096       |
| train/                  |              |
|    approx_kl            | 0.0070807696 |
|    clip_fraction        | 0.0743       |
|    clip_range           | 0.2          |
|    entropy_loss         | -1.65        |
|    explained_variance   | 0.884        |
|    learning_rate        | 0.0003       |
|    loss                 | 0.017        |
|    n_updates            | 100          |
|    policy_gradient_loss | -0.00561     |
|    value_loss           | 0.0836       |
------------------------------------------
------------------------------------------
| rollout/                |              |
|    ep_len_mean          | 214          |
|    ep_rew_mean          | 24.9         |
| time/                   |              |
|    fps                  | 470          |
|    iterations           | 22           |
|    time_elapsed         | 1148         |
|    total_timesteps      | 540672       |
| train/                  |              |
|    approx_kl            | 0.0074760714 |
|    clip_fraction        | 0.0692       |
|    clip_range           | 0.2          |
|    entropy_loss         | -1.63        |
|    explained_variance   | 0.91         |
|    learning_rate        | 0.0003       |
|    loss                 | 0.0126       |
|    n_updates            | 105          |
|    policy_gradient_loss | -0.00545     |
|    value_loss           | 0.0771       |
------------------------------------------
-----------------------------------------
| rollout/                |             |
|    ep_len_mean          | 181         |
|    ep_rew_mean          | 32.6        |
| time/                   |             |
|    fps                  | 471         |
|    iterations           | 23          |
|    time_elapsed         | 1198        |
|    total_timesteps      | 565248      |
| train/                  |             |
|    approx_kl            | 0.006610667 |
|    clip_fraction        | 0.0662      |
|    clip_range           | 0.2         |
|    entropy_loss         | -1.62       |
|    explained_variance   | 0.937       |
|    learning_rate        | 0.0003      |
|    loss                 | -0.00278    |
|    n_updates            | 110         |
|    policy_gradient_loss | -0.00527    |
|    value_loss           | 0.0761      |
-----------------------------------------
-----------------------------------------
| rollout/                |             |
|    ep_len_mean          | 276         |
|    ep_rew_mean          | 20.2        |
| time/                   |             |
|    fps                  | 471         |
|    iterations           | 24          |
|    time_elapsed         | 1250        |
|    total_timesteps      | 589824      |
| train/                  |             |
|    approx_kl            | 0.007323349 |
|    clip_fraction        | 0.0712      |
|    clip_range           | 0.2         |
|    entropy_loss         | -1.6        |
|    explained_variance   | 0.949       |
|    learning_rate        | 0.0003      |
|    loss                 | 0.00921     |
|    n_updates            | 115         |
|    policy_gradient_loss | -0.00527    |
|    value_loss           | 0.0647      |
-----------------------------------------
------------------------------------------
| rollout/                |              |
|    ep_len_mean          | 182          |
|    ep_rew_mean          | 33.4         |
| time/                   |              |
|    fps                  | 472          |
|    iterations           | 25           |
|    time_elapsed         | 1301         |
|    total_timesteps      | 614400       |
| train/                  |              |
|    approx_kl            | 0.0069923066 |
|    clip_fraction        | 0.0692       |
|    clip_range           | 0.2          |
|    entropy_loss         | -1.62        |
|    explained_variance   | 0.963        |
|    learning_rate        | 0.0003       |
|    loss                 | -0.000395    |
|    n_updates            | 120          |
|    policy_gradient_loss | -0.00413     |
|    value_loss           | 0.0539       |
------------------------------------------
------------------------------------------
| rollout/                |              |
|    ep_len_mean          | 259          |
|    ep_rew_mean          | 22.5         |
| time/                   |              |
|    fps                  | 472          |
|    iterations           | 26           |
|    time_elapsed         | 1351         |
|    total_timesteps      | 638976       |
| train/                  |              |
|    approx_kl            | 0.0068412586 |
|    clip_fraction        | 0.0688       |
|    clip_range           | 0.2          |
|    entropy_loss         | -1.58        |
|    explained_variance   | 0.971        |
|    learning_rate        | 0.0003       |
|    loss                 | -0.0118      |
|    n_updates            | 125          |
|    policy_gradient_loss | -0.00467     |
|    value_loss           | 0.0438       |
------------------------------------------
------------------------------------------
| rollout/                |              |
|    ep_len_mean          | 271          |
|    ep_rew_mean          | 25.9         |
| time/                   |              |
|    fps                  | 473          |
|    iterations           | 27           |
|    time_elapsed         | 1402         |
|    total_timesteps      | 663552       |
| train/                  |              |
|    approx_kl            | 0.0063887867 |
|    clip_fraction        | 0.065        |
|    clip_range           | 0.2          |
|    entropy_loss         | -1.51        |
|    explained_variance   | 0.968        |
|    learning_rate        | 0.0003       |
|    loss                 | 0.00352      |
|    n_updates            | 130          |
|    policy_gradient_loss | -0.00489     |
|    value_loss           | 0.0503       |
------------------------------------------
------------------------------------------
| rollout/                |              |
|    ep_len_mean          | 174          |
|    ep_rew_mean          | 33.9         |
| time/                   |              |
|    fps                  | 472          |
|    iterations           | 28           |
|    time_elapsed         | 1455         |
|    total_timesteps      | 688128       |
| train/                  |              |
|    approx_kl            | 0.0059726927 |
|    clip_fraction        | 0.0604       |
|    clip_range           | 0.2          |
|    entropy_loss         | -1.56        |
|    explained_variance   | 0.973        |
|    learning_rate        | 0.0003       |
|    loss                 | -0.00451     |
|    n_updates            | 135          |
|    policy_gradient_loss | -0.00436     |
|    value_loss           | 0.0429       |
------------------------------------------
------------------------------------------
| rollout/                |              |
|    ep_len_mean          | 316          |
|    ep_rew_mean          | 18.6         |
| time/                   |              |
|    fps                  | 472          |
|    iterations           | 29           |
|    time_elapsed         | 1507         |
|    total_timesteps      | 712704       |
| train/                  |              |
|    approx_kl            | 0.0057370514 |
|    clip_fraction        | 0.0583       |
|    clip_range           | 0.2          |
|    entropy_loss         | -1.52        |
|    explained_variance   | 0.972        |
|    learning_rate        | 0.0003       |
|    loss                 | -0.000102    |
|    n_updates            | 140          |
|    policy_gradient_loss | -0.00449     |
|    value_loss           | 0.047        |
------------------------------------------
------------------------------------------
| rollout/                |              |
|    ep_len_mean          | 234          |
|    ep_rew_mean          | 31.3         |
| time/                   |              |
|    fps                  | 472          |
|    iterations           | 30           |
|    time_elapsed         | 1559         |
|    total_timesteps      | 737280       |
| train/                  |              |
|    approx_kl            | 0.0065178163 |
|    clip_fraction        | 0.0675       |
|    clip_range           | 0.2          |
|    entropy_loss         | -1.56        |
|    explained_variance   | 0.979        |
|    learning_rate        | 0.0003       |
|    loss                 | -0.00461     |
|    n_updates            | 145          |
|    policy_gradient_loss | -0.00388     |
|    value_loss           | 0.0372       |
------------------------------------------
------------------------------------------
| rollout/                |              |
|    ep_len_mean          | 373          |
|    ep_rew_mean          | 15.7         |
| time/                   |              |
|    fps                  | 473          |
|    iterations           | 31           |
|    time_elapsed         | 1610         |
|    total_timesteps      | 761856       |
| train/                  |              |
|    approx_kl            | 0.0057735294 |
|    clip_fraction        | 0.0566       |
|    clip_range           | 0.2          |
|    entropy_loss         | -1.53        |
|    explained_variance   | 0.984        |
|    learning_rate        | 0.0003       |
|    loss                 | -0.000956    |
|    n_updates            | 150          |
|    policy_gradient_loss | -0.00418     |
|    value_loss           | 0.0293       |
------------------------------------------
------------------------------------------
| rollout/                |              |
|    ep_len_mean          | 333          |
|    ep_rew_mean          | 32.3         |
| time/                   |              |
|    fps                  | 473          |
|    iterations           | 32           |
|    time_elapsed         | 1661         |
|    total_timesteps      | 786432       |
| train/                  |              |
|    approx_kl            | 0.0070107724 |
|    clip_fraction        | 0.0641       |
|    clip_range           | 0.2          |
|    entropy_loss         | -1.5         |
|    explained_variance   | 0.984        |
|    learning_rate        | 0.0003       |
|    loss                 | -0.0119      |
|    n_updates            | 155          |
|    policy_gradient_loss | -0.00418     |
|    value_loss           | 0.0263       |
------------------------------------------
-----------------------------------------
| rollout/                |             |
|    ep_len_mean          | 322         |
|    ep_rew_mean          | 27.2        |
| time/                   |             |
|    fps                  | 473         |
|    iterations           | 33          |
|    time_elapsed         | 1711        |
|    total_timesteps      | 811008      |
| train/                  |             |
|    approx_kl            | 0.006567472 |
|    clip_fraction        | 0.0728      |
|    clip_range           | 0.2         |
|    entropy_loss         | -1.52       |
|    explained_variance   | 0.982       |
|    learning_rate        | 0.0003      |
|    loss                 | -0.0109     |
|    n_updates            | 160         |
|    policy_gradient_loss | -0.00547    |
|    value_loss           | 0.0286      |
-----------------------------------------
------------------------------------------
| rollout/                |              |
|    ep_len_mean          | 373          |
|    ep_rew_mean          | 23.7         |
| time/                   |              |
|    fps                  | 474          |
|    iterations           | 34           |
|    time_elapsed         | 1760         |
|    total_timesteps      | 835584       |
| train/                  |              |
|    approx_kl            | 0.0061728414 |
|    clip_fraction        | 0.0581       |
|    clip_range           | 0.2          |
|    entropy_loss         | -1.48        |
|    explained_variance   | 0.982        |
|    learning_rate        | 0.0003       |
|    loss                 | -0.0083      |
|    n_updates            | 165          |
|    policy_gradient_loss | -0.00469     |
|    value_loss           | 0.0324       |
------------------------------------------
------------------------------------------
| rollout/                |              |
|    ep_len_mean          | 282          |
|    ep_rew_mean          | 32.8         |
| time/                   |              |
|    fps                  | 475          |
|    iterations           | 35           |
|    time_elapsed         | 1810         |
|    total_timesteps      | 860160       |
| train/                  |              |
|    approx_kl            | 0.0057803206 |
|    clip_fraction        | 0.056        |
|    clip_range           | 0.2          |
|    entropy_loss         | -1.41        |
|    explained_variance   | 0.979        |
|    learning_rate        | 0.0003       |
|    loss                 | -0.0103      |
|    n_updates            | 170          |
|    policy_gradient_loss | -0.0039      |
|    value_loss           | 0.0326       |
------------------------------------------
------------------------------------------
| rollout/                |              |
|    ep_len_mean          | 236          |
|    ep_rew_mean          | 35.6         |
| time/                   |              |
|    fps                  | 475          |
|    iterations           | 36           |
|    time_elapsed         | 1861         |
|    total_timesteps      | 884736       |
| train/                  |              |
|    approx_kl            | 0.0072708763 |
|    clip_fraction        | 0.0726       |
|    clip_range           | 0.2          |
|    entropy_loss         | -1.41        |
|    explained_variance   | 0.98         |
|    learning_rate        | 0.0003       |
|    loss                 | -0.00684     |
|    n_updates            | 175          |
|    policy_gradient_loss | -0.00646     |
|    value_loss           | 0.0288       |
------------------------------------------
------------------------------------------
| rollout/                |              |
|    ep_len_mean          | 341          |
|    ep_rew_mean          | 34.1         |
| time/                   |              |
|    fps                  | 475          |
|    iterations           | 37           |
|    time_elapsed         | 1910         |
|    total_timesteps      | 909312       |
| train/                  |              |
|    approx_kl            | 0.0071088844 |
|    clip_fraction        | 0.0662       |
|    clip_range           | 0.2          |
|    entropy_loss         | -1.43        |
|    explained_variance   | 0.987        |
|    learning_rate        | 0.0003       |
|    loss                 | -0.00948     |
|    n_updates            | 180          |
|    policy_gradient_loss | -0.00562     |
|    value_loss           | 0.0184       |
------------------------------------------
------------------------------------------
| rollout/                |              |
|    ep_len_mean          | 338          |
|    ep_rew_mean          | 27.5         |
| time/                   |              |
|    fps                  | 476          |
|    iterations           | 38           |
|    time_elapsed         | 1959         |
|    total_timesteps      | 933888       |
| train/                  |              |
|    approx_kl            | 0.0059727686 |
|    clip_fraction        | 0.0522       |
|    clip_range           | 0.2          |
|    entropy_loss         | -1.4         |
|    explained_variance   | 0.987        |
|    learning_rate        | 0.0003       |
|    loss                 | -0.0166      |
|    n_updates            | 185          |
|    policy_gradient_loss | -0.00465     |
|    value_loss           | 0.02         |
------------------------------------------
-----------------------------------------
| rollout/                |             |
|    ep_len_mean          | 489         |
|    ep_rew_mean          | 14.3        |
| time/                   |             |
|    fps                  | 476         |
|    iterations           | 39          |
|    time_elapsed         | 2009        |
|    total_timesteps      | 958464      |
| train/                  |             |
|    approx_kl            | 0.006673161 |
|    clip_fraction        | 0.0531      |
|    clip_range           | 0.2         |
|    entropy_loss         | -1.35       |
|    explained_variance   | 0.988       |
|    learning_rate        | 0.0003      |
|    loss                 | -0.019      |
|    n_updates            | 190         |
|    policy_gradient_loss | -0.00402    |
|    value_loss           | 0.0174      |
-----------------------------------------
------------------------------------------
| rollout/                |              |
|    ep_len_mean          | 445          |
|    ep_rew_mean          | 26.3         |
| time/                   |              |
|    fps                  | 476          |
|    iterations           | 40           |
|    time_elapsed         | 2061         |
|    total_timesteps      | 983040       |
| train/                  |              |
|    approx_kl            | 0.0073225466 |
|    clip_fraction        | 0.061        |
|    clip_range           | 0.2          |
|    entropy_loss         | -1.41        |
|    explained_variance   | 0.987        |
|    learning_rate        | 0.0003       |
|    loss                 | -0.00712     |
|    n_updates            | 195          |
|    policy_gradient_loss | -0.00382     |
|    value_loss           | 0.0118       |
------------------------------------------
[Checkpoint] Saved at 1000000 steps > /home/runner/work/Disciples2-RL/Disciples2-RL/github_experiments/125/small/green_dragon/seed125-small-green_dragon-31265290999-1/checkpoints/campaign_ppo_step_1000000.zip
Eval num_timesteps=1000008, det_reward=-8.82 +/- 169.76
Episode length: det=885.45 +/- 1728.50
Victory rate: det=0.00%
--------------------------------------------------
| eval/                           |              |
|    deterministic_mean_ep_length | 885          |
|    deterministic_mean_reward    | -8.82        |
|    deterministic_victory_rate   | 0            |
|    mean_ep_length               | 885          |
|    mean_reward                  | -8.82        |
|    victory_rate                 | 0            |
| time/                           |              |
|    total_timesteps              | 1000008      |
| train/                          |              |
|    approx_kl                    | 0.0064805183 |
|    clip_fraction                | 0.0562       |
|    clip_range                   | 0.2          |
|    entropy_loss                 | -1.39        |
|    explained_variance           | 0.991        |
|    learning_rate                | 0.0003       |
|    loss                         | -0.0207      |
|    n_updates                    | 200          |
|    policy_gradient_loss         | -0.00443     |
|    value_loss                   | 0.0105       |
--------------------------------------------------
New best model by deterministic victory rate!
---------------------------------
| rollout/           |          |
|    ep_len_mean     | 582      |
|    ep_rew_mean     | 16.4     |
| time/              |          |
|    fps             | 463      |
|    iterations      | 41       |
|    time_elapsed    | 2172     |
|    total_timesteps | 1007616  |
---------------------------------
VecNormalize stats saved: /home/runner/work/Disciples2-RL/Disciples2-RL/github_experiments/125/small/green_dragon/seed125-small-green_dragon-31265290999-1/models/vecnormalize.pkl

Финальная модель сохранена: /home/runner/work/Disciples2-RL/Disciples2-RL/github_experiments/125/small/green_dragon/seed125-small-green_dragon-31265290999-1/models/final_model.zip

============================================================
ИТОГИ ОБУЧЕНИЯ:
  Побед: 0
  Поражений: 4610
  Таймаутов: 14
  Побед бота столицы над врагами: 0
  Перестановок юнитов: 193278
  Терминальные поражения по противникам:
    enemy_31: 924 — Отряд: зеленый дракон
    enemy_29: 528 — Отряд: 3 скваера на передней линии
    enemy_74: 416 — Руины (43, 34): Лорд Тьмы, Лич
    enemy_15: 369 — Отряд: 2 привидения спереди, вампир сзади
    enemy_23: 364 — Отряд: волк на передней линии
    enemy_25: 361 — Отряд: копейщик спереди и служка сзади
    enemy_61: 325 — Отряд: Зомби, Призрак
    enemy_7: 292 — Отряд: воин + привидение спереди, колдун + призрак + привидение сзади
    enemy_34: 273 — Отряд Порта Полонис: Воин спереди, Колдун, Нигош (Носферату) и Привидение сзади
    enemy_65: 239 — Отряд: Кентавр копейщик, Рейнджер
    enemy_27: 153 — Отряд: скваер в центре и 2 крестьянина на передней линии
    enemy_17: 145 — Отряд: воин спереди, 2 призрака и привидение сзади
    enemy_19: 82 — Отряд: зомби спереди, привидение сзади
    enemy_21: 62 — Отряд: зомби спереди, привидение сзади
    enemy_3: 18 — Отряд: орк чемпион на передней линии
    enemy_63: 15 — Отряд: Разбойник
    enemy_59: 13 — Отряд: Зомби
    enemy_9: 12 — Отряд: тамплиер спереди, колдун и призрак сзади
    enemy_57: 5 — Отряд: Призрак, Привидение, Воин
    enemy_68: 5 — Внутренний гарнизон Порта Полонис: Зомби, Воин
    enemy_11: 3 — Отряд: оборотень спереди и тень сзади
    enemy_5: 2 — Отряд: орк чемпион на передней линии
    enemy_39: 1 — Отряд: Волк, Варвар
    enemy_70: 1 — Руины (15, 9): Орк, Гоблин, Гоблин
    enemy_35: 1 — Отряд Соругириллы: Унфегра (Королева личей), Виверна
    enemy_43: 1 — Отряд: Призрак, Тамплиер
  Winrate: 0.0%
============================================================
  График призывов за эпизод: /home/runner/work/Disciples2-RL/Disciples2-RL/github_experiments/125/small/green_dragon/seed125-small-green_dragon-31265290999-1/plots/campaign_summoned_units_per_episode.png
  График призывов за всё обучение: /home/runner/work/Disciples2-RL/Disciples2-RL/github_experiments/125/small/green_dragon/seed125-small-green_dragon-31265290999-1/plots/campaign_summoned_units_cumulative.png
  График найма за эпизод: /home/runner/work/Disciples2-RL/Disciples2-RL/github_experiments/125/small/green_dragon/seed125-small-green_dragon-31265290999-1/plots/campaign_hired_units_per_episode.png
  График найма за всё обучение: /home/runner/work/Disciples2-RL/Disciples2-RL/github_experiments/125/small/green_dragon/seed125-small-green_dragon-31265290999-1/plots/campaign_hired_units_cumulative.png
  График перестановок юнитов за эпизод: /home/runner/work/Disciples2-RL/Disciples2-RL/github_experiments/125/small/green_dragon/seed125-small-green_dragon-31265290999-1/plots/campaign_unit_swaps_per_episode.png
  График боевых предметов: /home/runner/work/Disciples2-RL/Disciples2-RL/github_experiments/125/small/green_dragon/seed125-small-green_dragon-31265290999-1/plots/campaign_battle_item_activity.png
  График побед бота столицы за эпизод: /home/runner/work/Disciples2-RL/Disciples2-RL/github_experiments/125/small/green_dragon/seed125-small-green_dragon-31265290999-1/plots/campaign_scripted_bot_victories_per_episode.png
  График применения заклинаний: /home/runner/work/Disciples2-RL/Disciples2-RL/github_experiments/125/small/green_dragon/seed125-small-green_dragon-31265290999-1/plots/campaign_spell_cast_activity.png
