Проверка среды CampaignEnv...
Среда прошла проверку!
[INFO] Comet disabled, running without experiment tracking
Создание 12 параллельных сред (subproc)...
Инициализация MaskablePPO...
Using cpu device

============================================================
Запуск обучения Campaign Agent
Всего шагов: 1,000,000
Параллельных сред: 12
VecEnv: subproc
VecEnv start method: forkserver
Seed: 123
Checkpoint каждые: 500,000 шагов
Evaluation каждые: 83,334 шагов
Eval deterministic эпизодов: 20
Eval stochastic эпизодов: 0
Eval лимит шагов на эпизод: 5000
Campaign map: green_dragon_minimal
Campaign objective: dragon
System resources at training start:
  Platform: Linux 6.17.0-1020-azure (x86_64)
  Python: 3.14.6
  PyTorch: 2.13.0+cpu
  Training device: cpu
  CPU model: AMD EPYC 7763 64-Core Processor
  CPU vendor: AuthenticAMD
  Logical CPUs visible: 4
  Process CPU affinity: 4
  Sockets: 1
  Cores per socket: 2
  Threads per core: 2
  CPU max MHz: unknown
  CPU min MHz: unknown
  L1d cache: 64 KiB (2 instances)
  L1i cache: 64 KiB (2 instances)
  L2 cache: 1 MiB (2 instances)
  L3 cache: 32 MiB (1 instance)
  Virtualization: AMD-V
  Hypervisor: Microsoft
  RAM total: 15.61 GiB
  RAM available at start: 13.87 GiB
  Disk total: 144.26 GiB
  Disk free at start: 82.15 GiB
  Torch intra-op threads: 4
  Torch inter-op threads: 2
  OMP_NUM_THREADS: 4
  MKL_NUM_THREADS: 4
  OPENBLAS_NUM_THREADS: 4
  GitHub runner OS: Linux
  GitHub runner architecture: X64
  GitHub runner environment: github-hosted
PPO n_steps: 2,048
PPO batch_size: 512
PPO n_epochs: 5
PPO learning_rate: 0.0003
PPO clip_range: 0.2
PPO ent_coef: 0.01
PPO gamma: 0.995
PPO gae_lambda: 0.95
PPO target_kl: disabled
PPO gradient batches per rollout: 240
VecCheckNan: disabled
Freeze action layout: enabled
Empire territory: enabled
Torch threads per process: 4
Diagnostics: disabled
Wall-clock training limit: disabled
Run ID: seed123-green_dragon_minimal-green_dragon-30769514652-1
============================================================

Logging to /home/runner/work/Disciples2-RL/Disciples2-RL/github_experiments/123/green_dragon_minimal/green_dragon/seed123-green_dragon_minimal-green_dragon-30769514652-1/tensorboard/MaskablePPO_1
---------------------------------
| rollout/           |          |
|    ep_len_mean     | 154      |
|    ep_rew_mean     | -6.2     |
| time/              |          |
|    fps             | 603      |
|    iterations      | 1        |
|    time_elapsed    | 40       |
|    total_timesteps | 24576    |
---------------------------------
-----------------------------------------
| rollout/                |             |
|    ep_len_mean          | 193         |
|    ep_rew_mean          | -7.91       |
| time/                   |             |
|    fps                  | 566         |
|    iterations           | 2           |
|    time_elapsed         | 86          |
|    total_timesteps      | 49152       |
| train/                  |             |
|    approx_kl            | 0.009791718 |
|    clip_fraction        | 0.0545      |
|    clip_range           | 0.2         |
|    entropy_loss         | -2.18       |
|    explained_variance   | -0.0858     |
|    learning_rate        | 0.0003      |
|    loss                 | 0.164       |
|    n_updates            | 5           |
|    policy_gradient_loss | -0.00548    |
|    value_loss           | 0.376       |
-----------------------------------------
-----------------------------------------
| rollout/                |             |
|    ep_len_mean          | 328         |
|    ep_rew_mean          | -12.5       |
| time/                   |             |
|    fps                  | 552         |
|    iterations           | 3           |
|    time_elapsed         | 133         |
|    total_timesteps      | 73728       |
| train/                  |             |
|    approx_kl            | 0.009812737 |
|    clip_fraction        | 0.0905      |
|    clip_range           | 0.2         |
|    entropy_loss         | -2.17       |
|    explained_variance   | 0.728       |
|    learning_rate        | 0.0003      |
|    loss                 | -0.00389    |
|    n_updates            | 10          |
|    policy_gradient_loss | -0.0088     |
|    value_loss           | 0.0782      |
-----------------------------------------
-----------------------------------------
| rollout/                |             |
|    ep_len_mean          | 487         |
|    ep_rew_mean          | -13.1       |
| time/                   |             |
|    fps                  | 543         |
|    iterations           | 4           |
|    time_elapsed         | 180         |
|    total_timesteps      | 98304       |
| train/                  |             |
|    approx_kl            | 0.010984537 |
|    clip_fraction        | 0.121       |
|    clip_range           | 0.2         |
|    entropy_loss         | -2.14       |
|    explained_variance   | 0.806       |
|    learning_rate        | 0.0003      |
|    loss                 | -0.0216     |
|    n_updates            | 15          |
|    policy_gradient_loss | -0.0102     |
|    value_loss           | 0.0362      |
-----------------------------------------
-----------------------------------------
| rollout/                |             |
|    ep_len_mean          | 411         |
|    ep_rew_mean          | -4.64       |
| time/                   |             |
|    fps                  | 538         |
|    iterations           | 5           |
|    time_elapsed         | 228         |
|    total_timesteps      | 122880      |
| train/                  |             |
|    approx_kl            | 0.010429864 |
|    clip_fraction        | 0.145       |
|    clip_range           | 0.2         |
|    entropy_loss         | -2.09       |
|    explained_variance   | 0.751       |
|    learning_rate        | 0.0003      |
|    loss                 | -0.0177     |
|    n_updates            | 20          |
|    policy_gradient_loss | -0.0121     |
|    value_loss           | 0.0434      |
-----------------------------------------
-----------------------------------------
| rollout/                |             |
|    ep_len_mean          | 295         |
|    ep_rew_mean          | -1.1        |
| time/                   |             |
|    fps                  | 537         |
|    iterations           | 6           |
|    time_elapsed         | 274         |
|    total_timesteps      | 147456      |
| train/                  |             |
|    approx_kl            | 0.010513914 |
|    clip_fraction        | 0.137       |
|    clip_range           | 0.2         |
|    entropy_loss         | -2.05       |
|    explained_variance   | 0.757       |
|    learning_rate        | 0.0003      |
|    loss                 | -0.0044     |
|    n_updates            | 25          |
|    policy_gradient_loss | -0.0113     |
|    value_loss           | 0.0629      |
-----------------------------------------
-----------------------------------------
| rollout/                |             |
|    ep_len_mean          | 240         |
|    ep_rew_mean          | 2.68        |
| time/                   |             |
|    fps                  | 538         |
|    iterations           | 7           |
|    time_elapsed         | 319         |
|    total_timesteps      | 172032      |
| train/                  |             |
|    approx_kl            | 0.009615448 |
|    clip_fraction        | 0.106       |
|    clip_range           | 0.2         |
|    entropy_loss         | -2.01       |
|    explained_variance   | 0.809       |
|    learning_rate        | 0.0003      |
|    loss                 | -0.00663    |
|    n_updates            | 30          |
|    policy_gradient_loss | -0.00888    |
|    value_loss           | 0.0545      |
-----------------------------------------
-----------------------------------------
| rollout/                |             |
|    ep_len_mean          | 239         |
|    ep_rew_mean          | 4.05        |
| time/                   |             |
|    fps                  | 538         |
|    iterations           | 8           |
|    time_elapsed         | 365         |
|    total_timesteps      | 196608      |
| train/                  |             |
|    approx_kl            | 0.010895208 |
|    clip_fraction        | 0.133       |
|    clip_range           | 0.2         |
|    entropy_loss         | -1.99       |
|    explained_variance   | 0.835       |
|    learning_rate        | 0.0003      |
|    loss                 | -0.00315    |
|    n_updates            | 35          |
|    policy_gradient_loss | -0.00984    |
|    value_loss           | 0.0604      |
-----------------------------------------
-----------------------------------------
| rollout/                |             |
|    ep_len_mean          | 240         |
|    ep_rew_mean          | 4.87        |
| time/                   |             |
|    fps                  | 539         |
|    iterations           | 9           |
|    time_elapsed         | 410         |
|    total_timesteps      | 221184      |
| train/                  |             |
|    approx_kl            | 0.008920749 |
|    clip_fraction        | 0.0981      |
|    clip_range           | 0.2         |
|    entropy_loss         | -1.94       |
|    explained_variance   | 0.869       |
|    learning_rate        | 0.0003      |
|    loss                 | -0.00643    |
|    n_updates            | 40          |
|    policy_gradient_loss | -0.00799    |
|    value_loss           | 0.0366      |
-----------------------------------------
------------------------------------------
| rollout/                |              |
|    ep_len_mean          | 219          |
|    ep_rew_mean          | 7            |
| time/                   |              |
|    fps                  | 539          |
|    iterations           | 10           |
|    time_elapsed         | 455          |
|    total_timesteps      | 245760       |
| train/                  |              |
|    approx_kl            | 0.0093979025 |
|    clip_fraction        | 0.0937       |
|    clip_range           | 0.2          |
|    entropy_loss         | -1.9         |
|    explained_variance   | 0.911        |
|    learning_rate        | 0.0003       |
|    loss                 | -0.00747     |
|    n_updates            | 45           |
|    policy_gradient_loss | -0.00826     |
|    value_loss           | 0.0329       |
------------------------------------------
-----------------------------------------
| rollout/                |             |
|    ep_len_mean          | 241         |
|    ep_rew_mean          | 6.95        |
| time/                   |             |
|    fps                  | 539         |
|    iterations           | 11          |
|    time_elapsed         | 500         |
|    total_timesteps      | 270336      |
| train/                  |             |
|    approx_kl            | 0.008360761 |
|    clip_fraction        | 0.0796      |
|    clip_range           | 0.2         |
|    entropy_loss         | -1.87       |
|    explained_variance   | 0.904       |
|    learning_rate        | 0.0003      |
|    loss                 | -0.00293    |
|    n_updates            | 50          |
|    policy_gradient_loss | -0.00758    |
|    value_loss           | 0.0362      |
-----------------------------------------
-----------------------------------------
| rollout/                |             |
|    ep_len_mean          | 271         |
|    ep_rew_mean          | 6.99        |
| time/                   |             |
|    fps                  | 539         |
|    iterations           | 12          |
|    time_elapsed         | 546         |
|    total_timesteps      | 294912      |
| train/                  |             |
|    approx_kl            | 0.008744746 |
|    clip_fraction        | 0.0704      |
|    clip_range           | 0.2         |
|    entropy_loss         | -1.83       |
|    explained_variance   | 0.931       |
|    learning_rate        | 0.0003      |
|    loss                 | -0.0135     |
|    n_updates            | 55          |
|    policy_gradient_loss | -0.00604    |
|    value_loss           | 0.0269      |
-----------------------------------------
-----------------------------------------
| rollout/                |             |
|    ep_len_mean          | 235         |
|    ep_rew_mean          | 8.5         |
| time/                   |             |
|    fps                  | 539         |
|    iterations           | 13          |
|    time_elapsed         | 592         |
|    total_timesteps      | 319488      |
| train/                  |             |
|    approx_kl            | 0.010248195 |
|    clip_fraction        | 0.113       |
|    clip_range           | 0.2         |
|    entropy_loss         | -1.83       |
|    explained_variance   | 0.945       |
|    learning_rate        | 0.0003      |
|    loss                 | -0.0315     |
|    n_updates            | 60          |
|    policy_gradient_loss | -0.00735    |
|    value_loss           | 0.0209      |
-----------------------------------------
-----------------------------------------
| rollout/                |             |
|    ep_len_mean          | 210         |
|    ep_rew_mean          | 10.6        |
| time/                   |             |
|    fps                  | 538         |
|    iterations           | 14          |
|    time_elapsed         | 638         |
|    total_timesteps      | 344064      |
| train/                  |             |
|    approx_kl            | 0.009043659 |
|    clip_fraction        | 0.0938      |
|    clip_range           | 0.2         |
|    entropy_loss         | -1.8        |
|    explained_variance   | 0.933       |
|    learning_rate        | 0.0003      |
|    loss                 | -0.0104     |
|    n_updates            | 65          |
|    policy_gradient_loss | -0.00636    |
|    value_loss           | 0.0287      |
-----------------------------------------
-----------------------------------------
| rollout/                |             |
|    ep_len_mean          | 214         |
|    ep_rew_mean          | 12.7        |
| time/                   |             |
|    fps                  | 539         |
|    iterations           | 15          |
|    time_elapsed         | 682         |
|    total_timesteps      | 368640      |
| train/                  |             |
|    approx_kl            | 0.009168512 |
|    clip_fraction        | 0.103       |
|    clip_range           | 0.2         |
|    entropy_loss         | -1.79       |
|    explained_variance   | 0.91        |
|    learning_rate        | 0.0003      |
|    loss                 | -0.0121     |
|    n_updates            | 70          |
|    policy_gradient_loss | -0.00674    |
|    value_loss           | 0.0414      |
-----------------------------------------
-----------------------------------------
| rollout/                |             |
|    ep_len_mean          | 253         |
|    ep_rew_mean          | 9.96        |
| time/                   |             |
|    fps                  | 540         |
|    iterations           | 16          |
|    time_elapsed         | 727         |
|    total_timesteps      | 393216      |
| train/                  |             |
|    approx_kl            | 0.007786038 |
|    clip_fraction        | 0.0792      |
|    clip_range           | 0.2         |
|    entropy_loss         | -1.75       |
|    explained_variance   | 0.903       |
|    learning_rate        | 0.0003      |
|    loss                 | -0.0155     |
|    n_updates            | 75          |
|    policy_gradient_loss | -0.00666    |
|    value_loss           | 0.0439      |
-----------------------------------------
------------------------------------------
| rollout/                |              |
|    ep_len_mean          | 221          |
|    ep_rew_mean          | 15.8         |
| time/                   |              |
|    fps                  | 541          |
|    iterations           | 17           |
|    time_elapsed         | 771          |
|    total_timesteps      | 417792       |
| train/                  |              |
|    approx_kl            | 0.0079224305 |
|    clip_fraction        | 0.0787       |
|    clip_range           | 0.2          |
|    entropy_loss         | -1.72        |
|    explained_variance   | 0.909        |
|    learning_rate        | 0.0003       |
|    loss                 | -0.0027      |
|    n_updates            | 80           |
|    policy_gradient_loss | -0.00592     |
|    value_loss           | 0.0522       |
------------------------------------------
------------------------------------------
| rollout/                |              |
|    ep_len_mean          | 264          |
|    ep_rew_mean          | 20.1         |
| time/                   |              |
|    fps                  | 542          |
|    iterations           | 18           |
|    time_elapsed         | 815          |
|    total_timesteps      | 442368       |
| train/                  |              |
|    approx_kl            | 0.0070880353 |
|    clip_fraction        | 0.0709       |
|    clip_range           | 0.2          |
|    entropy_loss         | -1.71        |
|    explained_variance   | 0.903        |
|    learning_rate        | 0.0003       |
|    loss                 | -0.014       |
|    n_updates            | 85           |
|    policy_gradient_loss | -0.00602     |
|    value_loss           | 0.0507       |
------------------------------------------
----------------------------------------
| rollout/                |            |
|    ep_len_mean          | 225        |
|    ep_rew_mean          | 20.1       |
| time/                   |            |
|    fps                  | 543        |
|    iterations           | 19         |
|    time_elapsed         | 859        |
|    total_timesteps      | 466944     |
| train/                  |            |
|    approx_kl            | 0.00746917 |
|    clip_fraction        | 0.0781     |
|    clip_range           | 0.2        |
|    entropy_loss         | -1.73      |
|    explained_variance   | 0.903      |
|    learning_rate        | 0.0003     |
|    loss                 | -0.00303   |
|    n_updates            | 90         |
|    policy_gradient_loss | -0.00651   |
|    value_loss           | 0.048      |
----------------------------------------
-----------------------------------------
| rollout/                |             |
|    ep_len_mean          | 261         |
|    ep_rew_mean          | 21          |
| time/                   |             |
|    fps                  | 544         |
|    iterations           | 20          |
|    time_elapsed         | 903         |
|    total_timesteps      | 491520      |
| train/                  |             |
|    approx_kl            | 0.007289227 |
|    clip_fraction        | 0.0797      |
|    clip_range           | 0.2         |
|    entropy_loss         | -1.66       |
|    explained_variance   | 0.926       |
|    learning_rate        | 0.0003      |
|    loss                 | -0.00304    |
|    n_updates            | 95          |
|    policy_gradient_loss | -0.00609    |
|    value_loss           | 0.0496      |
-----------------------------------------
[Checkpoint] Saved at 500000 steps > /home/runner/work/Disciples2-RL/Disciples2-RL/github_experiments/123/green_dragon_minimal/green_dragon/seed123-green_dragon_minimal-green_dragon-30769514652-1/checkpoints/campaign_ppo_step_500000.zip
------------------------------------------
| rollout/                |              |
|    ep_len_mean          | 272          |
|    ep_rew_mean          | 19.9         |
| time/                   |              |
|    fps                  | 544          |
|    iterations           | 21           |
|    time_elapsed         | 947          |
|    total_timesteps      | 516096       |
| train/                  |              |
|    approx_kl            | 0.0068206526 |
|    clip_fraction        | 0.0707       |
|    clip_range           | 0.2          |
|    entropy_loss         | -1.67        |
|    explained_variance   | 0.931        |
|    learning_rate        | 0.0003       |
|    loss                 | -0.000867    |
|    n_updates            | 100          |
|    policy_gradient_loss | -0.00585     |
|    value_loss           | 0.0413       |
------------------------------------------
------------------------------------------
| rollout/                |              |
|    ep_len_mean          | 276          |
|    ep_rew_mean          | 28           |
| time/                   |              |
|    fps                  | 545          |
|    iterations           | 22           |
|    time_elapsed         | 991          |
|    total_timesteps      | 540672       |
| train/                  |              |
|    approx_kl            | 0.0065695397 |
|    clip_fraction        | 0.0662       |
|    clip_range           | 0.2          |
|    entropy_loss         | -1.7         |
|    explained_variance   | 0.926        |
|    learning_rate        | 0.0003       |
|    loss                 | -0.00712     |
|    n_updates            | 105          |
|    policy_gradient_loss | -0.00473     |
|    value_loss           | 0.0431       |
------------------------------------------
-----------------------------------------
| rollout/                |             |
|    ep_len_mean          | 308         |
|    ep_rew_mean          | 29.8        |
| time/                   |             |
|    fps                  | 545         |
|    iterations           | 23          |
|    time_elapsed         | 1035        |
|    total_timesteps      | 565248      |
| train/                  |             |
|    approx_kl            | 0.006506736 |
|    clip_fraction        | 0.062       |
|    clip_range           | 0.2         |
|    entropy_loss         | -1.66       |
|    explained_variance   | 0.893       |
|    learning_rate        | 0.0003      |
|    loss                 | -0.00332    |
|    n_updates            | 110         |
|    policy_gradient_loss | -0.00572    |
|    value_loss           | 0.0452      |
-----------------------------------------
-----------------------------------------
| rollout/                |             |
|    ep_len_mean          | 306         |
|    ep_rew_mean          | 31.3        |
| time/                   |             |
|    fps                  | 545         |
|    iterations           | 24          |
|    time_elapsed         | 1080        |
|    total_timesteps      | 589824      |
| train/                  |             |
|    approx_kl            | 0.006755022 |
|    clip_fraction        | 0.062       |
|    clip_range           | 0.2         |
|    entropy_loss         | -1.67       |
|    explained_variance   | 0.875       |
|    learning_rate        | 0.0003      |
|    loss                 | -0.00915    |
|    n_updates            | 115         |
|    policy_gradient_loss | -0.00461    |
|    value_loss           | 0.0434      |
-----------------------------------------
-----------------------------------------
| rollout/                |             |
|    ep_len_mean          | 256         |
|    ep_rew_mean          | 30.2        |
| time/                   |             |
|    fps                  | 546         |
|    iterations           | 25          |
|    time_elapsed         | 1124        |
|    total_timesteps      | 614400      |
| train/                  |             |
|    approx_kl            | 0.006971883 |
|    clip_fraction        | 0.0663      |
|    clip_range           | 0.2         |
|    entropy_loss         | -1.67       |
|    explained_variance   | 0.829       |
|    learning_rate        | 0.0003      |
|    loss                 | 0.00429     |
|    n_updates            | 120         |
|    policy_gradient_loss | -0.00445    |
|    value_loss           | 0.0681      |
-----------------------------------------
------------------------------------------
| rollout/                |              |
|    ep_len_mean          | 254          |
|    ep_rew_mean          | 36.1         |
| time/                   |              |
|    fps                  | 546          |
|    iterations           | 26           |
|    time_elapsed         | 1169         |
|    total_timesteps      | 638976       |
| train/                  |              |
|    approx_kl            | 0.0066609443 |
|    clip_fraction        | 0.0683       |
|    clip_range           | 0.2          |
|    entropy_loss         | -1.6         |
|    explained_variance   | 0.916        |
|    learning_rate        | 0.0003       |
|    loss                 | 0.000714     |
|    n_updates            | 125          |
|    policy_gradient_loss | -0.00503     |
|    value_loss           | 0.0537       |
------------------------------------------
------------------------------------------
| rollout/                |              |
|    ep_len_mean          | 280          |
|    ep_rew_mean          | 38.8         |
| time/                   |              |
|    fps                  | 546          |
|    iterations           | 27           |
|    time_elapsed         | 1213         |
|    total_timesteps      | 663552       |
| train/                  |              |
|    approx_kl            | 0.0062078703 |
|    clip_fraction        | 0.0554       |
|    clip_range           | 0.2          |
|    entropy_loss         | -1.58        |
|    explained_variance   | 0.881        |
|    learning_rate        | 0.0003       |
|    loss                 | 0.00268      |
|    n_updates            | 130          |
|    policy_gradient_loss | -0.00346     |
|    value_loss           | 0.0556       |
------------------------------------------
------------------------------------------
| rollout/                |              |
|    ep_len_mean          | 302          |
|    ep_rew_mean          | 38.7         |
| time/                   |              |
|    fps                  | 547          |
|    iterations           | 28           |
|    time_elapsed         | 1256         |
|    total_timesteps      | 688128       |
| train/                  |              |
|    approx_kl            | 0.0070619113 |
|    clip_fraction        | 0.0752       |
|    clip_range           | 0.2          |
|    entropy_loss         | -1.59        |
|    explained_variance   | 0.892        |
|    learning_rate        | 0.0003       |
|    loss                 | -0.00326     |
|    n_updates            | 135          |
|    policy_gradient_loss | -0.00517     |
|    value_loss           | 0.0797       |
------------------------------------------
------------------------------------------
| rollout/                |              |
|    ep_len_mean          | 284          |
|    ep_rew_mean          | 36.9         |
| time/                   |              |
|    fps                  | 547          |
|    iterations           | 29           |
|    time_elapsed         | 1300         |
|    total_timesteps      | 712704       |
| train/                  |              |
|    approx_kl            | 0.0070058634 |
|    clip_fraction        | 0.0666       |
|    clip_range           | 0.2          |
|    entropy_loss         | -1.63        |
|    explained_variance   | 0.891        |
|    learning_rate        | 0.0003       |
|    loss                 | -0.00502     |
|    n_updates            | 140          |
|    policy_gradient_loss | -0.00507     |
|    value_loss           | 0.0447       |
------------------------------------------
-----------------------------------------
| rollout/                |             |
|    ep_len_mean          | 303         |
|    ep_rew_mean          | 39.4        |
| time/                   |             |
|    fps                  | 548         |
|    iterations           | 30          |
|    time_elapsed         | 1344        |
|    total_timesteps      | 737280      |
| train/                  |             |
|    approx_kl            | 0.007268654 |
|    clip_fraction        | 0.0835      |
|    clip_range           | 0.2         |
|    entropy_loss         | -1.6        |
|    explained_variance   | 0.902       |
|    learning_rate        | 0.0003      |
|    loss                 | -0.00802    |
|    n_updates            | 145         |
|    policy_gradient_loss | -0.00653    |
|    value_loss           | 0.0496      |
-----------------------------------------
-----------------------------------------
| rollout/                |             |
|    ep_len_mean          | 266         |
|    ep_rew_mean          | 40.7        |
| time/                   |             |
|    fps                  | 548         |
|    iterations           | 31          |
|    time_elapsed         | 1388        |
|    total_timesteps      | 761856      |
| train/                  |             |
|    approx_kl            | 0.006884232 |
|    clip_fraction        | 0.0724      |
|    clip_range           | 0.2         |
|    entropy_loss         | -1.65       |
|    explained_variance   | 0.916       |
|    learning_rate        | 0.0003      |
|    loss                 | 0.00557     |
|    n_updates            | 150         |
|    policy_gradient_loss | -0.00538    |
|    value_loss           | 0.0457      |
-----------------------------------------
-----------------------------------------
| rollout/                |             |
|    ep_len_mean          | 290         |
|    ep_rew_mean          | 45.3        |
| time/                   |             |
|    fps                  | 548         |
|    iterations           | 32          |
|    time_elapsed         | 1433        |
|    total_timesteps      | 786432      |
| train/                  |             |
|    approx_kl            | 0.008093632 |
|    clip_fraction        | 0.0893      |
|    clip_range           | 0.2         |
|    entropy_loss         | -1.59       |
|    explained_variance   | 0.903       |
|    learning_rate        | 0.0003      |
|    loss                 | -0.00104    |
|    n_updates            | 155         |
|    policy_gradient_loss | -0.00693    |
|    value_loss           | 0.0502      |
-----------------------------------------
-----------------------------------------
| rollout/                |             |
|    ep_len_mean          | 282         |
|    ep_rew_mean          | 46          |
| time/                   |             |
|    fps                  | 549         |
|    iterations           | 33          |
|    time_elapsed         | 1476        |
|    total_timesteps      | 811008      |
| train/                  |             |
|    approx_kl            | 0.007176941 |
|    clip_fraction        | 0.079       |
|    clip_range           | 0.2         |
|    entropy_loss         | -1.57       |
|    explained_variance   | 0.899       |
|    learning_rate        | 0.0003      |
|    loss                 | -0.00628    |
|    n_updates            | 160         |
|    policy_gradient_loss | -0.00546    |
|    value_loss           | 0.0494      |
-----------------------------------------
------------------------------------------
| rollout/                |              |
|    ep_len_mean          | 278          |
|    ep_rew_mean          | 46.7         |
| time/                   |              |
|    fps                  | 549          |
|    iterations           | 34           |
|    time_elapsed         | 1521         |
|    total_timesteps      | 835584       |
| train/                  |              |
|    approx_kl            | 0.0069991923 |
|    clip_fraction        | 0.0667       |
|    clip_range           | 0.2          |
|    entropy_loss         | -1.56        |
|    explained_variance   | 0.911        |
|    learning_rate        | 0.0003       |
|    loss                 | -0.00657     |
|    n_updates            | 165          |
|    policy_gradient_loss | -0.00508     |
|    value_loss           | 0.043        |
------------------------------------------
------------------------------------------
| rollout/                |              |
|    ep_len_mean          | 313          |
|    ep_rew_mean          | 49.3         |
| time/                   |              |
|    fps                  | 549          |
|    iterations           | 35           |
|    time_elapsed         | 1565         |
|    total_timesteps      | 860160       |
| train/                  |              |
|    approx_kl            | 0.0074631074 |
|    clip_fraction        | 0.0863       |
|    clip_range           | 0.2          |
|    entropy_loss         | -1.56        |
|    explained_variance   | 0.903        |
|    learning_rate        | 0.0003       |
|    loss                 | -0.00205     |
|    n_updates            | 170          |
|    policy_gradient_loss | -0.00576     |
|    value_loss           | 0.0493       |
------------------------------------------
------------------------------------------
| rollout/                |              |
|    ep_len_mean          | 308          |
|    ep_rew_mean          | 50.1         |
| time/                   |              |
|    fps                  | 549          |
|    iterations           | 36           |
|    time_elapsed         | 1610         |
|    total_timesteps      | 884736       |
| train/                  |              |
|    approx_kl            | 0.0066513414 |
|    clip_fraction        | 0.0711       |
|    clip_range           | 0.2          |
|    entropy_loss         | -1.61        |
|    explained_variance   | 0.912        |
|    learning_rate        | 0.0003       |
|    loss                 | -0.00152     |
|    n_updates            | 175          |
|    policy_gradient_loss | -0.0051      |
|    value_loss           | 0.0437       |
------------------------------------------
------------------------------------------
| rollout/                |              |
|    ep_len_mean          | 285          |
|    ep_rew_mean          | 49.2         |
| time/                   |              |
|    fps                  | 549          |
|    iterations           | 37           |
|    time_elapsed         | 1655         |
|    total_timesteps      | 909312       |
| train/                  |              |
|    approx_kl            | 0.0075916946 |
|    clip_fraction        | 0.087        |
|    clip_range           | 0.2          |
|    entropy_loss         | -1.59        |
|    explained_variance   | 0.904        |
|    learning_rate        | 0.0003       |
|    loss                 | 0.00384      |
|    n_updates            | 180          |
|    policy_gradient_loss | -0.00526     |
|    value_loss           | 0.0497       |
------------------------------------------
-----------------------------------------
| rollout/                |             |
|    ep_len_mean          | 282         |
|    ep_rew_mean          | 52.2        |
| time/                   |             |
|    fps                  | 549         |
|    iterations           | 38          |
|    time_elapsed         | 1699        |
|    total_timesteps      | 933888      |
| train/                  |             |
|    approx_kl            | 0.007013252 |
|    clip_fraction        | 0.0846      |
|    clip_range           | 0.2         |
|    entropy_loss         | -1.54       |
|    explained_variance   | 0.915       |
|    learning_rate        | 0.0003      |
|    loss                 | 0.00191     |
|    n_updates            | 185         |
|    policy_gradient_loss | -0.00525    |
|    value_loss           | 0.0513      |
-----------------------------------------
-----------------------------------------
| rollout/                |             |
|    ep_len_mean          | 304         |
|    ep_rew_mean          | 53.6        |
| time/                   |             |
|    fps                  | 550         |
|    iterations           | 39          |
|    time_elapsed         | 1742        |
|    total_timesteps      | 958464      |
| train/                  |             |
|    approx_kl            | 0.007488432 |
|    clip_fraction        | 0.0938      |
|    clip_range           | 0.2         |
|    entropy_loss         | -1.51       |
|    explained_variance   | 0.916       |
|    learning_rate        | 0.0003      |
|    loss                 | -0.00123    |
|    n_updates            | 190         |
|    policy_gradient_loss | -0.00514    |
|    value_loss           | 0.0528      |
-----------------------------------------
------------------------------------------
| rollout/                |              |
|    ep_len_mean          | 315          |
|    ep_rew_mean          | 55.4         |
| time/                   |              |
|    fps                  | 550          |
|    iterations           | 40           |
|    time_elapsed         | 1786         |
|    total_timesteps      | 983040       |
| train/                  |              |
|    approx_kl            | 0.0072886054 |
|    clip_fraction        | 0.0824       |
|    clip_range           | 0.2          |
|    entropy_loss         | -1.53        |
|    explained_variance   | 0.929        |
|    learning_rate        | 0.0003       |
|    loss                 | -0.000844    |
|    n_updates            | 195          |
|    policy_gradient_loss | -0.0042      |
|    value_loss           | 0.0449       |
------------------------------------------
[Checkpoint] Saved at 1000000 steps > /home/runner/work/Disciples2-RL/Disciples2-RL/github_experiments/123/green_dragon_minimal/green_dragon/seed123-green_dragon_minimal-green_dragon-30769514652-1/checkpoints/campaign_ppo_step_1000000.zip
Eval num_timesteps=1000008, det_reward=51.29 +/- 110.50
Episode length: det=482.80 +/- 771.75
Victory rate: det=0.00%
-------------------------------------------------
| eval/                           |             |
|    deterministic_mean_ep_length | 483         |
|    deterministic_mean_reward    | 51.3        |
|    deterministic_victory_rate   | 0           |
|    mean_ep_length               | 483         |
|    mean_reward                  | 51.3        |
|    victory_rate                 | 0           |
| time/                           |             |
|    total_timesteps              | 1000008     |
| train/                          |             |
|    approx_kl                    | 0.007605774 |
|    clip_fraction                | 0.0799      |
|    clip_range                   | 0.2         |
|    entropy_loss                 | -1.53       |
|    explained_variance           | 0.928       |
|    learning_rate                | 0.0003      |
|    loss                         | -0.00961    |
|    n_updates                    | 200         |
|    policy_gradient_loss         | -0.00463    |
|    value_loss                   | 0.048       |
-------------------------------------------------
New best model by deterministic victory rate!
---------------------------------
| rollout/           |          |
|    ep_len_mean     | 332      |
|    ep_rew_mean     | 57.8     |
| time/              |          |
|    fps             | 542      |
|    iterations      | 41       |
|    time_elapsed    | 1856     |
|    total_timesteps | 1007616  |
---------------------------------
VecNormalize stats saved: /home/runner/work/Disciples2-RL/Disciples2-RL/github_experiments/123/green_dragon_minimal/green_dragon/seed123-green_dragon_minimal-green_dragon-30769514652-1/models/vecnormalize.pkl

Финальная модель сохранена: /home/runner/work/Disciples2-RL/Disciples2-RL/github_experiments/123/green_dragon_minimal/green_dragon/seed123-green_dragon_minimal-green_dragon-30769514652-1/models/final_model.zip

============================================================
ИТОГИ ОБУЧЕНИЯ:
  Побед: 2
  Поражений: 3746
  Таймаутов: 1
  Побед бота столицы над врагами: 0
  Перестановок юнитов: 183482
  Терминальные поражения по противникам:
    enemy_40: 514 — Гарнизон города II уровня: Молох и Сектант
    enemy_42: 394 — Руины: Людоед
    enemy_16: 343 — Два Берсеркера и Сектант
    enemy_10: 316 — Один Оккультист
    enemy_12: 252 — Рыцарь смерти и Зомби
    enemy_17: 246 — Оборотень и Зомби
    enemy_19: 202 — Мантикора
    enemy_31: 156 — Зелёный дракон — цель карты
    enemy_15: 155 — Два Гнома воина и Алхимик
    enemy_3: 150 — Два Ополченца и Лучник
    enemy_5: 148 — Три Скваера
    enemy_41: 116 — Гарнизон города III уровня: Имперский рыцарь и Патриарх
    enemy_21: 110 — Два Адских рыцаря, Толстый бес и Колдунья
    enemy_4: 99 — Копейщик и Служка
    enemy_11: 96 — Кракен в озере
    enemy_20: 86 — Тиамат
    enemy_7: 70 — Скелет и Призрак
    enemy_13: 68 — Два Орка
    enemy_14: 68 — Два Тёмных эльфа мясника и Призрак
    enemy_6: 46 — Демон и Одержимый
    enemy_1: 40 — Один Орк
    enemy_18: 32 — Дикий кентавр
    enemy_9: 16 — Два Одержимых и Колдунья
    enemy_8: 13 — Два Крестьянина и Инкуб
    enemy_2: 10 — Два Гоблина и Гоблин лучник
  Winrate: 0.1%
============================================================
  График призывов за эпизод: /home/runner/work/Disciples2-RL/Disciples2-RL/github_experiments/123/green_dragon_minimal/green_dragon/seed123-green_dragon_minimal-green_dragon-30769514652-1/plots/campaign_summoned_units_per_episode.png
  График призывов за всё обучение: /home/runner/work/Disciples2-RL/Disciples2-RL/github_experiments/123/green_dragon_minimal/green_dragon/seed123-green_dragon_minimal-green_dragon-30769514652-1/plots/campaign_summoned_units_cumulative.png
  График найма за эпизод: /home/runner/work/Disciples2-RL/Disciples2-RL/github_experiments/123/green_dragon_minimal/green_dragon/seed123-green_dragon_minimal-green_dragon-30769514652-1/plots/campaign_hired_units_per_episode.png
  График найма за всё обучение: /home/runner/work/Disciples2-RL/Disciples2-RL/github_experiments/123/green_dragon_minimal/green_dragon/seed123-green_dragon_minimal-green_dragon-30769514652-1/plots/campaign_hired_units_cumulative.png
  График перестановок юнитов за эпизод: /home/runner/work/Disciples2-RL/Disciples2-RL/github_experiments/123/green_dragon_minimal/green_dragon/seed123-green_dragon_minimal-green_dragon-30769514652-1/plots/campaign_unit_swaps_per_episode.png
  График боевых предметов: /home/runner/work/Disciples2-RL/Disciples2-RL/github_experiments/123/green_dragon_minimal/green_dragon/seed123-green_dragon_minimal-green_dragon-30769514652-1/plots/campaign_battle_item_activity.png
  График побед бота столицы за эпизод: /home/runner/work/Disciples2-RL/Disciples2-RL/github_experiments/123/green_dragon_minimal/green_dragon/seed123-green_dragon_minimal-green_dragon-30769514652-1/plots/campaign_scripted_bot_victories_per_episode.png
  График применения заклинаний: /home/runner/work/Disciples2-RL/Disciples2-RL/github_experiments/123/green_dragon_minimal/green_dragon/seed123-green_dragon_minimal-green_dragon-30769514652-1/plots/campaign_spell_cast_activity.png
