Проверка среды CampaignEnv...
Среда прошла проверку!
[INFO] Comet disabled, running without experiment tracking
Создание 12 параллельных сред (subproc)...
Инициализация MaskablePPO...
Using cpu device

============================================================
Запуск обучения Campaign Agent
Всего шагов: 1,000,000
Параллельных сред: 12
VecEnv: subproc
VecEnv start method: forkserver
Seed: 137
Checkpoint каждые: 500,000 шагов
Evaluation каждые: 83,334 шагов
Eval deterministic эпизодов: 20
Eval stochastic эпизодов: 0
Eval лимит шагов на эпизод: 5000
Campaign map: trade_train
Campaign objective: all_enemies
System resources at training start:
  Platform: Linux 6.17.0-1022-azure (x86_64)
  Python: 3.14.7
  PyTorch: 2.14.0+cpu
  Training device: cpu
  CPU model: AMD EPYC 7763 64-Core Processor
  CPU vendor: AuthenticAMD
  Logical CPUs visible: 4
  Process CPU affinity: 4
  Sockets: 1
  Cores per socket: 2
  Threads per core: 2
  CPU max MHz: unknown
  CPU min MHz: unknown
  L1d cache: 64 KiB (2 instances)
  L1i cache: 64 KiB (2 instances)
  L2 cache: 1 MiB (2 instances)
  L3 cache: 32 MiB (1 instance)
  Virtualization: AMD-V
  Hypervisor: Microsoft
  RAM total: 15.61 GiB
  RAM available at start: 13.98 GiB
  Disk total: 144.26 GiB
  Disk free at start: 74.55 GiB
  Torch intra-op threads: 4
  Torch inter-op threads: 2
  OMP_NUM_THREADS: 4
  MKL_NUM_THREADS: 4
  OPENBLAS_NUM_THREADS: 4
  GitHub runner OS: Linux
  GitHub runner architecture: X64
  GitHub runner environment: github-hosted
PPO n_steps: 2,048
PPO batch_size: 512
PPO n_epochs: 5
PPO learning_rate: 0.0003
PPO clip_range: 0.2
PPO ent_coef: 0.01
PPO gamma: 0.995
PPO gae_lambda: 0.95
PPO target_kl: disabled
PPO gradient batches per rollout: 240
VecCheckNan: disabled
Freeze action layout: enabled
Empire territory: enabled
Torch threads per process: 4
Diagnostics: disabled
Wall-clock training limit: disabled
Run ID: seed137-trade_train-all_enemies-35475149363-1
============================================================

Logging to /home/runner/work/Disciples2-RL/Disciples2-RL/github_experiments/137/trade_train/all_enemies/seed137-trade_train-all_enemies-35475149363-1/tensorboard/MaskablePPO_1
---------------------------------
| rollout/           |          |
|    ep_len_mean     | 769      |
|    ep_rew_mean     | -59.8    |
| time/              |          |
|    fps             | 570      |
|    iterations      | 1        |
|    time_elapsed    | 43       |
|    total_timesteps | 24576    |
---------------------------------
-----------------------------------------
| rollout/                |             |
|    ep_len_mean          | 773         |
|    ep_rew_mean          | -53.6       |
| time/                   |             |
|    fps                  | 552         |
|    iterations           | 2           |
|    time_elapsed         | 88          |
|    total_timesteps      | 49152       |
| train/                  |             |
|    approx_kl            | 0.010120828 |
|    clip_fraction        | 0.0484      |
|    clip_range           | 0.2         |
|    entropy_loss         | -2.23       |
|    explained_variance   | 0.296       |
|    learning_rate        | 0.0003      |
|    loss                 | -0.022      |
|    n_updates            | 5           |
|    policy_gradient_loss | -0.00623    |
|    value_loss           | 0.0282      |
-----------------------------------------
-----------------------------------------
| rollout/                |             |
|    ep_len_mean          | 841         |
|    ep_rew_mean          | -68.3       |
| time/                   |             |
|    fps                  | 547         |
|    iterations           | 3           |
|    time_elapsed         | 134         |
|    total_timesteps      | 73728       |
| train/                  |             |
|    approx_kl            | 0.008223224 |
|    clip_fraction        | 0.0461      |
|    clip_range           | 0.2         |
|    entropy_loss         | -2.17       |
|    explained_variance   | 0.535       |
|    learning_rate        | 0.0003      |
|    loss                 | -0.0261     |
|    n_updates            | 10          |
|    policy_gradient_loss | -0.00553    |
|    value_loss           | 0.0131      |
-----------------------------------------
-----------------------------------------
| rollout/                |             |
|    ep_len_mean          | 868         |
|    ep_rew_mean          | -54.3       |
| time/                   |             |
|    fps                  | 545         |
|    iterations           | 4           |
|    time_elapsed         | 180         |
|    total_timesteps      | 98304       |
| train/                  |             |
|    approx_kl            | 0.008958469 |
|    clip_fraction        | 0.0622      |
|    clip_range           | 0.2         |
|    entropy_loss         | -2.18       |
|    explained_variance   | 0.615       |
|    learning_rate        | 0.0003      |
|    loss                 | -0.0191     |
|    n_updates            | 15          |
|    policy_gradient_loss | -0.00618    |
|    value_loss           | 0.0176      |
-----------------------------------------
------------------------------------------
| rollout/                |              |
|    ep_len_mean          | 881          |
|    ep_rew_mean          | -43          |
| time/                   |              |
|    fps                  | 541          |
|    iterations           | 5            |
|    time_elapsed         | 226          |
|    total_timesteps      | 122880       |
| train/                  |              |
|    approx_kl            | 0.0078084306 |
|    clip_fraction        | 0.0518       |
|    clip_range           | 0.2          |
|    entropy_loss         | -2.2         |
|    explained_variance   | 0.598        |
|    learning_rate        | 0.0003       |
|    loss                 | -0.0141      |
|    n_updates            | 20           |
|    policy_gradient_loss | -0.00705     |
|    value_loss           | 0.0182       |
------------------------------------------
-----------------------------------------
| rollout/                |             |
|    ep_len_mean          | 856         |
|    ep_rew_mean          | -27.8       |
| time/                   |             |
|    fps                  | 540         |
|    iterations           | 6           |
|    time_elapsed         | 272         |
|    total_timesteps      | 147456      |
| train/                  |             |
|    approx_kl            | 0.008137611 |
|    clip_fraction        | 0.0426      |
|    clip_range           | 0.2         |
|    entropy_loss         | -2.18       |
|    explained_variance   | 0.476       |
|    learning_rate        | 0.0003      |
|    loss                 | -0.0299     |
|    n_updates            | 25          |
|    policy_gradient_loss | -0.00694    |
|    value_loss           | 0.0192      |
-----------------------------------------
-----------------------------------------
| rollout/                |             |
|    ep_len_mean          | 730         |
|    ep_rew_mean          | -18.3       |
| time/                   |             |
|    fps                  | 540         |
|    iterations           | 7           |
|    time_elapsed         | 318         |
|    total_timesteps      | 172032      |
| train/                  |             |
|    approx_kl            | 0.009750394 |
|    clip_fraction        | 0.0643      |
|    clip_range           | 0.2         |
|    entropy_loss         | -2.15       |
|    explained_variance   | 0.663       |
|    learning_rate        | 0.0003      |
|    loss                 | -0.026      |
|    n_updates            | 30          |
|    policy_gradient_loss | -0.00768    |
|    value_loss           | 0.0108      |
-----------------------------------------
-----------------------------------------
| rollout/                |             |
|    ep_len_mean          | 637         |
|    ep_rew_mean          | -9.31       |
| time/                   |             |
|    fps                  | 539         |
|    iterations           | 8           |
|    time_elapsed         | 364         |
|    total_timesteps      | 196608      |
| train/                  |             |
|    approx_kl            | 0.008162518 |
|    clip_fraction        | 0.0517      |
|    clip_range           | 0.2         |
|    entropy_loss         | -2.16       |
|    explained_variance   | 0.804       |
|    learning_rate        | 0.0003      |
|    loss                 | -0.0313     |
|    n_updates            | 35          |
|    policy_gradient_loss | -0.00603    |
|    value_loss           | 0.00994     |
-----------------------------------------
-----------------------------------------
| rollout/                |             |
|    ep_len_mean          | 574         |
|    ep_rew_mean          | 6.02        |
| time/                   |             |
|    fps                  | 540         |
|    iterations           | 9           |
|    time_elapsed         | 409         |
|    total_timesteps      | 221184      |
| train/                  |             |
|    approx_kl            | 0.008413433 |
|    clip_fraction        | 0.0547      |
|    clip_range           | 0.2         |
|    entropy_loss         | -2.17       |
|    explained_variance   | 0.574       |
|    learning_rate        | 0.0003      |
|    loss                 | -0.0309     |
|    n_updates            | 40          |
|    policy_gradient_loss | -0.00612    |
|    value_loss           | 0.0105      |
-----------------------------------------
-----------------------------------------
| rollout/                |             |
|    ep_len_mean          | 459         |
|    ep_rew_mean          | 15.3        |
| time/                   |             |
|    fps                  | 540         |
|    iterations           | 10          |
|    time_elapsed         | 454         |
|    total_timesteps      | 245760      |
| train/                  |             |
|    approx_kl            | 0.009855382 |
|    clip_fraction        | 0.0743      |
|    clip_range           | 0.2         |
|    entropy_loss         | -2.16       |
|    explained_variance   | 0.78        |
|    learning_rate        | 0.0003      |
|    loss                 | -0.00866    |
|    n_updates            | 45          |
|    policy_gradient_loss | -0.0084     |
|    value_loss           | 0.00828     |
-----------------------------------------
-----------------------------------------
| rollout/                |             |
|    ep_len_mean          | 343         |
|    ep_rew_mean          | 25          |
| time/                   |             |
|    fps                  | 541         |
|    iterations           | 11          |
|    time_elapsed         | 499         |
|    total_timesteps      | 270336      |
| train/                  |             |
|    approx_kl            | 0.007389913 |
|    clip_fraction        | 0.0575      |
|    clip_range           | 0.2         |
|    entropy_loss         | -2.19       |
|    explained_variance   | 0.834       |
|    learning_rate        | 0.0003      |
|    loss                 | -0.0336     |
|    n_updates            | 50          |
|    policy_gradient_loss | -0.0072     |
|    value_loss           | 0.00891     |
-----------------------------------------
-----------------------------------------
| rollout/                |             |
|    ep_len_mean          | 367         |
|    ep_rew_mean          | 25.5        |
| time/                   |             |
|    fps                  | 541         |
|    iterations           | 12          |
|    time_elapsed         | 544         |
|    total_timesteps      | 294912      |
| train/                  |             |
|    approx_kl            | 0.008932304 |
|    clip_fraction        | 0.088       |
|    clip_range           | 0.2         |
|    entropy_loss         | -2.19       |
|    explained_variance   | 0.7         |
|    learning_rate        | 0.0003      |
|    loss                 | -0.0323     |
|    n_updates            | 55          |
|    policy_gradient_loss | -0.00736    |
|    value_loss           | 0.012       |
-----------------------------------------
----------------------------------------
| rollout/                |            |
|    ep_len_mean          | 386        |
|    ep_rew_mean          | 25.8       |
| time/                   |            |
|    fps                  | 541        |
|    iterations           | 13         |
|    time_elapsed         | 590        |
|    total_timesteps      | 319488     |
| train/                  |            |
|    approx_kl            | 0.00942538 |
|    clip_fraction        | 0.0725     |
|    clip_range           | 0.2        |
|    entropy_loss         | -2.15      |
|    explained_variance   | 0.796      |
|    learning_rate        | 0.0003     |
|    loss                 | -0.0304    |
|    n_updates            | 60         |
|    policy_gradient_loss | -0.00702   |
|    value_loss           | 0.00859    |
----------------------------------------
------------------------------------------
| rollout/                |              |
|    ep_len_mean          | 334          |
|    ep_rew_mean          | 29.6         |
| time/                   |              |
|    fps                  | 541          |
|    iterations           | 14           |
|    time_elapsed         | 635          |
|    total_timesteps      | 344064       |
| train/                  |              |
|    approx_kl            | 0.0104954885 |
|    clip_fraction        | 0.0946       |
|    clip_range           | 0.2          |
|    entropy_loss         | -2.13        |
|    explained_variance   | 0.829        |
|    learning_rate        | 0.0003       |
|    loss                 | -0.0175      |
|    n_updates            | 65           |
|    policy_gradient_loss | -0.00665     |
|    value_loss           | 0.00622      |
------------------------------------------
-----------------------------------------
| rollout/                |             |
|    ep_len_mean          | 253         |
|    ep_rew_mean          | 34.4        |
| time/                   |             |
|    fps                  | 542         |
|    iterations           | 15          |
|    time_elapsed         | 679         |
|    total_timesteps      | 368640      |
| train/                  |             |
|    approx_kl            | 0.011613719 |
|    clip_fraction        | 0.15        |
|    clip_range           | 0.2         |
|    entropy_loss         | -2.09       |
|    explained_variance   | 0.879       |
|    learning_rate        | 0.0003      |
|    loss                 | -0.0392     |
|    n_updates            | 70          |
|    policy_gradient_loss | -0.00762    |
|    value_loss           | 0.00397     |
-----------------------------------------
-----------------------------------------
| rollout/                |             |
|    ep_len_mean          | 196         |
|    ep_rew_mean          | 35          |
| time/                   |             |
|    fps                  | 542         |
|    iterations           | 16          |
|    time_elapsed         | 724         |
|    total_timesteps      | 393216      |
| train/                  |             |
|    approx_kl            | 0.011097672 |
|    clip_fraction        | 0.117       |
|    clip_range           | 0.2         |
|    entropy_loss         | -2.1        |
|    explained_variance   | 0.912       |
|    learning_rate        | 0.0003      |
|    loss                 | -0.0281     |
|    n_updates            | 75          |
|    policy_gradient_loss | -0.00711    |
|    value_loss           | 0.00356     |
-----------------------------------------
-----------------------------------------
| rollout/                |             |
|    ep_len_mean          | 150         |
|    ep_rew_mean          | 33.4        |
| time/                   |             |
|    fps                  | 543         |
|    iterations           | 17          |
|    time_elapsed         | 768         |
|    total_timesteps      | 417792      |
| train/                  |             |
|    approx_kl            | 0.008784272 |
|    clip_fraction        | 0.0967      |
|    clip_range           | 0.2         |
|    entropy_loss         | -2.08       |
|    explained_variance   | 0.911       |
|    learning_rate        | 0.0003      |
|    loss                 | -0.0168     |
|    n_updates            | 80          |
|    policy_gradient_loss | -0.00646    |
|    value_loss           | 0.0046      |
-----------------------------------------
-----------------------------------------
| rollout/                |             |
|    ep_len_mean          | 144         |
|    ep_rew_mean          | 35.8        |
| time/                   |             |
|    fps                  | 544         |
|    iterations           | 18          |
|    time_elapsed         | 812         |
|    total_timesteps      | 442368      |
| train/                  |             |
|    approx_kl            | 0.008033424 |
|    clip_fraction        | 0.0604      |
|    clip_range           | 0.2         |
|    entropy_loss         | -2.06       |
|    explained_variance   | 0.9         |
|    learning_rate        | 0.0003      |
|    loss                 | -0.015      |
|    n_updates            | 85          |
|    policy_gradient_loss | -0.00473    |
|    value_loss           | 0.0067      |
-----------------------------------------
------------------------------------------
| rollout/                |              |
|    ep_len_mean          | 152          |
|    ep_rew_mean          | 35.8         |
| time/                   |              |
|    fps                  | 544          |
|    iterations           | 19           |
|    time_elapsed         | 857          |
|    total_timesteps      | 466944       |
| train/                  |              |
|    approx_kl            | 0.0074634403 |
|    clip_fraction        | 0.0587       |
|    clip_range           | 0.2          |
|    entropy_loss         | -2.01        |
|    explained_variance   | 0.933        |
|    learning_rate        | 0.0003       |
|    loss                 | -0.0192      |
|    n_updates            | 90           |
|    policy_gradient_loss | -0.00347     |
|    value_loss           | 0.00445      |
------------------------------------------
-----------------------------------------
| rollout/                |             |
|    ep_len_mean          | 161         |
|    ep_rew_mean          | 34.7        |
| time/                   |             |
|    fps                  | 544         |
|    iterations           | 20          |
|    time_elapsed         | 902         |
|    total_timesteps      | 491520      |
| train/                  |             |
|    approx_kl            | 0.008727451 |
|    clip_fraction        | 0.0776      |
|    clip_range           | 0.2         |
|    entropy_loss         | -2.01       |
|    explained_variance   | 0.935       |
|    learning_rate        | 0.0003      |
|    loss                 | -0.0268     |
|    n_updates            | 95          |
|    policy_gradient_loss | -0.00409    |
|    value_loss           | 0.00432     |
-----------------------------------------
[Checkpoint] Saved at 500000 steps > /home/runner/work/Disciples2-RL/Disciples2-RL/github_experiments/137/trade_train/all_enemies/seed137-trade_train-all_enemies-35475149363-1/checkpoints/campaign_ppo_step_500000.zip
-----------------------------------------
| rollout/                |             |
|    ep_len_mean          | 169         |
|    ep_rew_mean          | 35.5        |
| time/                   |             |
|    fps                  | 545         |
|    iterations           | 21          |
|    time_elapsed         | 946         |
|    total_timesteps      | 516096      |
| train/                  |             |
|    approx_kl            | 0.008778258 |
|    clip_fraction        | 0.0613      |
|    clip_range           | 0.2         |
|    entropy_loss         | -1.97       |
|    explained_variance   | 0.945       |
|    learning_rate        | 0.0003      |
|    loss                 | -0.0229     |
|    n_updates            | 100         |
|    policy_gradient_loss | -0.00389    |
|    value_loss           | 0.00359     |
-----------------------------------------
------------------------------------------
| rollout/                |              |
|    ep_len_mean          | 147          |
|    ep_rew_mean          | 36.2         |
| time/                   |              |
|    fps                  | 545          |
|    iterations           | 22           |
|    time_elapsed         | 991          |
|    total_timesteps      | 540672       |
| train/                  |              |
|    approx_kl            | 0.0085937185 |
|    clip_fraction        | 0.0788       |
|    clip_range           | 0.2          |
|    entropy_loss         | -1.96        |
|    explained_variance   | 0.957        |
|    learning_rate        | 0.0003       |
|    loss                 | -0.0271      |
|    n_updates            | 105          |
|    policy_gradient_loss | -0.00378     |
|    value_loss           | 0.00264      |
------------------------------------------
-----------------------------------------
| rollout/                |             |
|    ep_len_mean          | 159         |
|    ep_rew_mean          | 35.7        |
| time/                   |             |
|    fps                  | 545         |
|    iterations           | 23          |
|    time_elapsed         | 1035        |
|    total_timesteps      | 565248      |
| train/                  |             |
|    approx_kl            | 0.008412496 |
|    clip_fraction        | 0.0731      |
|    clip_range           | 0.2         |
|    entropy_loss         | -1.97       |
|    explained_variance   | 0.958       |
|    learning_rate        | 0.0003      |
|    loss                 | -0.0182     |
|    n_updates            | 110         |
|    policy_gradient_loss | -0.00396    |
|    value_loss           | 0.00309     |
-----------------------------------------
-----------------------------------------
| rollout/                |             |
|    ep_len_mean          | 152         |
|    ep_rew_mean          | 35.9        |
| time/                   |             |
|    fps                  | 546         |
|    iterations           | 24          |
|    time_elapsed         | 1079        |
|    total_timesteps      | 589824      |
| train/                  |             |
|    approx_kl            | 0.009175825 |
|    clip_fraction        | 0.075       |
|    clip_range           | 0.2         |
|    entropy_loss         | -1.97       |
|    explained_variance   | 0.958       |
|    learning_rate        | 0.0003      |
|    loss                 | -0.0121     |
|    n_updates            | 115         |
|    policy_gradient_loss | -0.00345    |
|    value_loss           | 0.00299     |
-----------------------------------------
-----------------------------------------
| rollout/                |             |
|    ep_len_mean          | 169         |
|    ep_rew_mean          | 35.3        |
| time/                   |             |
|    fps                  | 546         |
|    iterations           | 25          |
|    time_elapsed         | 1124        |
|    total_timesteps      | 614400      |
| train/                  |             |
|    approx_kl            | 0.007915114 |
|    clip_fraction        | 0.0706      |
|    clip_range           | 0.2         |
|    entropy_loss         | -1.95       |
|    explained_variance   | 0.954       |
|    learning_rate        | 0.0003      |
|    loss                 | -0.024      |
|    n_updates            | 120         |
|    policy_gradient_loss | -0.00532    |
|    value_loss           | 0.00347     |
-----------------------------------------
-----------------------------------------
| rollout/                |             |
|    ep_len_mean          | 197         |
|    ep_rew_mean          | 36.3        |
| time/                   |             |
|    fps                  | 546         |
|    iterations           | 26          |
|    time_elapsed         | 1169        |
|    total_timesteps      | 638976      |
| train/                  |             |
|    approx_kl            | 0.009144803 |
|    clip_fraction        | 0.0856      |
|    clip_range           | 0.2         |
|    entropy_loss         | -1.97       |
|    explained_variance   | 0.955       |
|    learning_rate        | 0.0003      |
|    loss                 | -0.021      |
|    n_updates            | 125         |
|    policy_gradient_loss | -0.0048     |
|    value_loss           | 0.00316     |
-----------------------------------------
----------------------------------------
| rollout/                |            |
|    ep_len_mean          | 215        |
|    ep_rew_mean          | 36.2       |
| time/                   |            |
|    fps                  | 546        |
|    iterations           | 27         |
|    time_elapsed         | 1215       |
|    total_timesteps      | 663552     |
| train/                  |            |
|    approx_kl            | 0.00904259 |
|    clip_fraction        | 0.0947     |
|    clip_range           | 0.2        |
|    entropy_loss         | -1.97      |
|    explained_variance   | 0.957      |
|    learning_rate        | 0.0003     |
|    loss                 | -0.019     |
|    n_updates            | 130        |
|    policy_gradient_loss | -0.00474   |
|    value_loss           | 0.00284    |
----------------------------------------
-----------------------------------------
| rollout/                |             |
|    ep_len_mean          | 226         |
|    ep_rew_mean          | 36.5        |
| time/                   |             |
|    fps                  | 546         |
|    iterations           | 28          |
|    time_elapsed         | 1259        |
|    total_timesteps      | 688128      |
| train/                  |             |
|    approx_kl            | 0.008143953 |
|    clip_fraction        | 0.0819      |
|    clip_range           | 0.2         |
|    entropy_loss         | -1.96       |
|    explained_variance   | 0.962       |
|    learning_rate        | 0.0003      |
|    loss                 | -0.0249     |
|    n_updates            | 135         |
|    policy_gradient_loss | -0.00441    |
|    value_loss           | 0.00258     |
-----------------------------------------
------------------------------------------
| rollout/                |              |
|    ep_len_mean          | 239          |
|    ep_rew_mean          | 36.4         |
| time/                   |              |
|    fps                  | 546          |
|    iterations           | 29           |
|    time_elapsed         | 1304         |
|    total_timesteps      | 712704       |
| train/                  |              |
|    approx_kl            | 0.0068945563 |
|    clip_fraction        | 0.0565       |
|    clip_range           | 0.2          |
|    entropy_loss         | -1.93        |
|    explained_variance   | 0.966        |
|    learning_rate        | 0.0003       |
|    loss                 | -0.0219      |
|    n_updates            | 140          |
|    policy_gradient_loss | -0.00317     |
|    value_loss           | 0.00214      |
------------------------------------------
-----------------------------------------
| rollout/                |             |
|    ep_len_mean          | 245         |
|    ep_rew_mean          | 36.9        |
| time/                   |             |
|    fps                  | 546         |
|    iterations           | 30          |
|    time_elapsed         | 1349        |
|    total_timesteps      | 737280      |
| train/                  |             |
|    approx_kl            | 0.008725057 |
|    clip_fraction        | 0.0836      |
|    clip_range           | 0.2         |
|    entropy_loss         | -1.95       |
|    explained_variance   | 0.961       |
|    learning_rate        | 0.0003      |
|    loss                 | -0.0286     |
|    n_updates            | 145         |
|    policy_gradient_loss | -0.00404    |
|    value_loss           | 0.00257     |
-----------------------------------------
------------------------------------------
| rollout/                |              |
|    ep_len_mean          | 259          |
|    ep_rew_mean          | 36.2         |
| time/                   |              |
|    fps                  | 546          |
|    iterations           | 31           |
|    time_elapsed         | 1394         |
|    total_timesteps      | 761856       |
| train/                  |              |
|    approx_kl            | 0.0108974865 |
|    clip_fraction        | 0.0946       |
|    clip_range           | 0.2          |
|    entropy_loss         | -1.96        |
|    explained_variance   | 0.961        |
|    learning_rate        | 0.0003       |
|    loss                 | -0.0261      |
|    n_updates            | 150          |
|    policy_gradient_loss | -0.00374     |
|    value_loss           | 0.00249      |
------------------------------------------
------------------------------------------
| rollout/                |              |
|    ep_len_mean          | 286          |
|    ep_rew_mean          | 35.8         |
| time/                   |              |
|    fps                  | 546          |
|    iterations           | 32           |
|    time_elapsed         | 1439         |
|    total_timesteps      | 786432       |
| train/                  |              |
|    approx_kl            | 0.0076107453 |
|    clip_fraction        | 0.074        |
|    clip_range           | 0.2          |
|    entropy_loss         | -1.95        |
|    explained_variance   | 0.968        |
|    learning_rate        | 0.0003       |
|    loss                 | -0.0186      |
|    n_updates            | 155          |
|    policy_gradient_loss | -0.003       |
|    value_loss           | 0.00231      |
------------------------------------------
-----------------------------------------
| rollout/                |             |
|    ep_len_mean          | 315         |
|    ep_rew_mean          | 36.3        |
| time/                   |             |
|    fps                  | 546         |
|    iterations           | 33          |
|    time_elapsed         | 1484        |
|    total_timesteps      | 811008      |
| train/                  |             |
|    approx_kl            | 0.008758604 |
|    clip_fraction        | 0.0809      |
|    clip_range           | 0.2         |
|    entropy_loss         | -1.97       |
|    explained_variance   | 0.972       |
|    learning_rate        | 0.0003      |
|    loss                 | -0.0219     |
|    n_updates            | 160         |
|    policy_gradient_loss | -0.00538    |
|    value_loss           | 0.0019      |
-----------------------------------------
---------------------------------------
| rollout/                |           |
|    ep_len_mean          | 298       |
|    ep_rew_mean          | 38.2      |
| time/                   |           |
|    fps                  | 546       |
|    iterations           | 34        |
|    time_elapsed         | 1530      |
|    total_timesteps      | 835584    |
| train/                  |           |
|    approx_kl            | 0.0095785 |
|    clip_fraction        | 0.0986    |
|    clip_range           | 0.2       |
|    entropy_loss         | -1.99     |
|    explained_variance   | 0.959     |
|    learning_rate        | 0.0003    |
|    loss                 | -0.0291   |
|    n_updates            | 165       |
|    policy_gradient_loss | -0.00532  |
|    value_loss           | 0.00282   |
---------------------------------------
----------------------------------------
| rollout/                |            |
|    ep_len_mean          | 308        |
|    ep_rew_mean          | 37.4       |
| time/                   |            |
|    fps                  | 545        |
|    iterations           | 35         |
|    time_elapsed         | 1575       |
|    total_timesteps      | 860160     |
| train/                  |            |
|    approx_kl            | 0.00942733 |
|    clip_fraction        | 0.0983     |
|    clip_range           | 0.2        |
|    entropy_loss         | -1.97      |
|    explained_variance   | 0.938      |
|    learning_rate        | 0.0003     |
|    loss                 | -0.0257    |
|    n_updates            | 170        |
|    policy_gradient_loss | -0.00643   |
|    value_loss           | 0.00433    |
----------------------------------------
------------------------------------------
| rollout/                |              |
|    ep_len_mean          | 297          |
|    ep_rew_mean          | 37.8         |
| time/                   |              |
|    fps                  | 545          |
|    iterations           | 36           |
|    time_elapsed         | 1620         |
|    total_timesteps      | 884736       |
| train/                  |              |
|    approx_kl            | 0.0090673035 |
|    clip_fraction        | 0.0985       |
|    clip_range           | 0.2          |
|    entropy_loss         | -1.96        |
|    explained_variance   | 0.931        |
|    learning_rate        | 0.0003       |
|    loss                 | -0.0166      |
|    n_updates            | 175          |
|    policy_gradient_loss | -0.00538     |
|    value_loss           | 0.00456      |
------------------------------------------
------------------------------------------
| rollout/                |              |
|    ep_len_mean          | 289          |
|    ep_rew_mean          | 38.6         |
| time/                   |              |
|    fps                  | 545          |
|    iterations           | 37           |
|    time_elapsed         | 1666         |
|    total_timesteps      | 909312       |
| train/                  |              |
|    approx_kl            | 0.0071022795 |
|    clip_fraction        | 0.0683       |
|    clip_range           | 0.2          |
|    entropy_loss         | -1.93        |
|    explained_variance   | 0.937        |
|    learning_rate        | 0.0003       |
|    loss                 | -0.028       |
|    n_updates            | 180          |
|    policy_gradient_loss | -0.00532     |
|    value_loss           | 0.00439      |
------------------------------------------
-----------------------------------------
| rollout/                |             |
|    ep_len_mean          | 288         |
|    ep_rew_mean          | 38          |
| time/                   |             |
|    fps                  | 545         |
|    iterations           | 38          |
|    time_elapsed         | 1711        |
|    total_timesteps      | 933888      |
| train/                  |             |
|    approx_kl            | 0.008346936 |
|    clip_fraction        | 0.0875      |
|    clip_range           | 0.2         |
|    entropy_loss         | -1.95       |
|    explained_variance   | 0.945       |
|    learning_rate        | 0.0003      |
|    loss                 | -0.0269     |
|    n_updates            | 185         |
|    policy_gradient_loss | -0.00501    |
|    value_loss           | 0.00413     |
-----------------------------------------
-----------------------------------------
| rollout/                |             |
|    ep_len_mean          | 339         |
|    ep_rew_mean          | 38.6        |
| time/                   |             |
|    fps                  | 545         |
|    iterations           | 39          |
|    time_elapsed         | 1757        |
|    total_timesteps      | 958464      |
| train/                  |             |
|    approx_kl            | 0.008570993 |
|    clip_fraction        | 0.086       |
|    clip_range           | 0.2         |
|    entropy_loss         | -1.97       |
|    explained_variance   | 0.936       |
|    learning_rate        | 0.0003      |
|    loss                 | -0.0195     |
|    n_updates            | 190         |
|    policy_gradient_loss | -0.00545    |
|    value_loss           | 0.0047      |
-----------------------------------------
----------------------------------------
| rollout/                |            |
|    ep_len_mean          | 365        |
|    ep_rew_mean          | 38.6       |
| time/                   |            |
|    fps                  | 545        |
|    iterations           | 40         |
|    time_elapsed         | 1802       |
|    total_timesteps      | 983040     |
| train/                  |            |
|    approx_kl            | 0.00839684 |
|    clip_fraction        | 0.0861     |
|    clip_range           | 0.2        |
|    entropy_loss         | -1.98      |
|    explained_variance   | 0.945      |
|    learning_rate        | 0.0003     |
|    loss                 | -0.0188    |
|    n_updates            | 195        |
|    policy_gradient_loss | -0.00491   |
|    value_loss           | 0.00357    |
----------------------------------------
[Checkpoint] Saved at 1000000 steps > /home/runner/work/Disciples2-RL/Disciples2-RL/github_experiments/137/trade_train/all_enemies/seed137-trade_train-all_enemies-35475149363-1/checkpoints/campaign_ppo_step_1000000.zip
Eval num_timesteps=1000008, det_reward=36.45 +/- 0.48
Episode length: det=370.75 +/- 14.11
Victory rate: det=0.00%
-------------------------------------------------
| eval/                           |             |
|    deterministic_mean_ep_length | 371         |
|    deterministic_mean_reward    | 36.5        |
|    deterministic_victory_rate   | 0           |
|    mean_ep_length               | 371         |
|    mean_reward                  | 36.5        |
|    victory_rate                 | 0           |
| time/                           |             |
|    total_timesteps              | 1000008     |
| train/                          |             |
|    approx_kl                    | 0.009166027 |
|    clip_fraction                | 0.0875      |
|    clip_range                   | 0.2         |
|    entropy_loss                 | -1.99       |
|    explained_variance           | 0.946       |
|    learning_rate                | 0.0003      |
|    loss                         | -0.0308     |
|    n_updates                    | 200         |
|    policy_gradient_loss         | -0.00655    |
|    value_loss                   | 0.00333     |
-------------------------------------------------
New best model by deterministic victory rate!
---------------------------------
| rollout/           |          |
|    ep_len_mean     | 364      |
|    ep_rew_mean     | 37       |
| time/              |          |
|    fps             | 538      |
|    iterations      | 41       |
|    time_elapsed    | 1871     |
|    total_timesteps | 1007616  |
---------------------------------
VecNormalize stats saved: /home/runner/work/Disciples2-RL/Disciples2-RL/github_experiments/137/trade_train/all_enemies/seed137-trade_train-all_enemies-35475149363-1/models/vecnormalize.pkl

Финальная модель сохранена: /home/runner/work/Disciples2-RL/Disciples2-RL/github_experiments/137/trade_train/all_enemies/seed137-trade_train-all_enemies-35475149363-1/models/final_model.zip

============================================================
ИТОГИ ОБУЧЕНИЯ:
  Побед: 0
  Поражений: 3695
  Таймаутов: 2
  Побед бота столицы над врагами: 0
  Перестановок юнитов: 195152
  Терминальные поражения по противникам:
    enemy_4: 2472 — Король гномов и Старый ветеран впереди; Архидруид и Огнеметчик позади
    enemy_3: 414 — Скелет рыцарь и Лорд тьмы впереди; Архилич и Сущий позади
    enemy_5: 392 — Орочья королевская стража: Король орков
    enemy_2: 220 — Кентавр дикарь и Кентавр латник впереди; Солнечная танцовщица и Смотритель позади
    enemy_6: 115 — Орочий дозор: Орк впереди и Гоблин лучник позади
    enemy_1: 82 — Имперский рыцарь и Рыцарь на пегасе впереди; Патриарх и Волшебник позади
  Winrate: 0.0%
============================================================
  График призывов за эпизод: /home/runner/work/Disciples2-RL/Disciples2-RL/github_experiments/137/trade_train/all_enemies/seed137-trade_train-all_enemies-35475149363-1/plots/campaign_summoned_units_per_episode.png
  График призывов за всё обучение: /home/runner/work/Disciples2-RL/Disciples2-RL/github_experiments/137/trade_train/all_enemies/seed137-trade_train-all_enemies-35475149363-1/plots/campaign_summoned_units_cumulative.png
  График найма за эпизод: /home/runner/work/Disciples2-RL/Disciples2-RL/github_experiments/137/trade_train/all_enemies/seed137-trade_train-all_enemies-35475149363-1/plots/campaign_hired_units_per_episode.png
  График найма за всё обучение: /home/runner/work/Disciples2-RL/Disciples2-RL/github_experiments/137/trade_train/all_enemies/seed137-trade_train-all_enemies-35475149363-1/plots/campaign_hired_units_cumulative.png
  График перестановок юнитов за эпизод: /home/runner/work/Disciples2-RL/Disciples2-RL/github_experiments/137/trade_train/all_enemies/seed137-trade_train-all_enemies-35475149363-1/plots/campaign_unit_swaps_per_episode.png
  График боевых предметов: /home/runner/work/Disciples2-RL/Disciples2-RL/github_experiments/137/trade_train/all_enemies/seed137-trade_train-all_enemies-35475149363-1/plots/campaign_battle_item_activity.png
  График побед бота столицы за эпизод: /home/runner/work/Disciples2-RL/Disciples2-RL/github_experiments/137/trade_train/all_enemies/seed137-trade_train-all_enemies-35475149363-1/plots/campaign_scripted_bot_victories_per_episode.png
  График применения заклинаний: /home/runner/work/Disciples2-RL/Disciples2-RL/github_experiments/137/trade_train/all_enemies/seed137-trade_train-all_enemies-35475149363-1/plots/campaign_spell_cast_activity.png
