Проверка среды CampaignEnv...
Среда прошла проверку!
[INFO] Comet disabled, running without experiment tracking
Создание 12 параллельных сред (subproc)...
Инициализация MaskablePPO...
Using cpu device

============================================================
Запуск обучения Campaign Agent
Всего шагов: 1,000,000
Параллельных сред: 12
VecEnv: subproc
VecEnv start method: forkserver
Seed: 136
Checkpoint каждые: 500,000 шагов
Evaluation каждые: 83,334 шагов
Eval deterministic эпизодов: 20
Eval stochastic эпизодов: 0
Eval лимит шагов на эпизод: 5000
Campaign map: magic_train
Campaign objective: all_enemies
System resources at training start:
  Platform: Linux 6.17.0-1022-azure (x86_64)
  Python: 3.14.7
  PyTorch: 2.14.0+cpu
  Training device: cpu
  CPU model: AMD EPYC 7763 64-Core Processor
  CPU vendor: AuthenticAMD
  Logical CPUs visible: 4
  Process CPU affinity: 4
  Sockets: 1
  Cores per socket: 2
  Threads per core: 2
  CPU max MHz: unknown
  CPU min MHz: unknown
  L1d cache: 64 KiB (2 instances)
  L1i cache: 64 KiB (2 instances)
  L2 cache: 1 MiB (2 instances)
  L3 cache: 32 MiB (1 instance)
  Virtualization: AMD-V
  Hypervisor: Microsoft
  RAM total: 15.62 GiB
  RAM available at start: 13.96 GiB
  Disk total: 144.26 GiB
  Disk free at start: 75.06 GiB
  Torch intra-op threads: 4
  Torch inter-op threads: 2
  OMP_NUM_THREADS: 4
  MKL_NUM_THREADS: 4
  OPENBLAS_NUM_THREADS: 4
  GitHub runner OS: Linux
  GitHub runner architecture: X64
  GitHub runner environment: github-hosted
PPO n_steps: 2,048
PPO batch_size: 512
PPO n_epochs: 5
PPO learning_rate: 0.0003
PPO clip_range: 0.2
PPO ent_coef: 0.01
PPO gamma: 0.995
PPO gae_lambda: 0.95
PPO target_kl: disabled
PPO gradient batches per rollout: 240
VecCheckNan: disabled
Freeze action layout: enabled
Empire territory: enabled
Torch threads per process: 4
Diagnostics: disabled
Wall-clock training limit: disabled
Run ID: seed136-magic_train-all_enemies-34889323837-1
============================================================

Logging to /home/runner/work/Disciples2-RL/Disciples2-RL/github_experiments/136/magic_train/all_enemies/seed136-magic_train-all_enemies-34889323837-1/tensorboard/MaskablePPO_1
------------------------------
| time/              |       |
|    fps             | 487   |
|    iterations      | 1     |
|    time_elapsed    | 50    |
|    total_timesteps | 24576 |
------------------------------
------------------------------------------
| time/                   |              |
|    fps                  | 479          |
|    iterations           | 2            |
|    time_elapsed         | 102          |
|    total_timesteps      | 49152        |
| train/                  |              |
|    approx_kl            | 0.0104266675 |
|    clip_fraction        | 0.0677       |
|    clip_range           | 0.2          |
|    entropy_loss         | -2.31        |
|    explained_variance   | 0.0532       |
|    learning_rate        | 0.0003       |
|    loss                 | 0.00789      |
|    n_updates            | 5            |
|    policy_gradient_loss | -0.00483     |
|    value_loss           | 0.105        |
------------------------------------------
-----------------------------------------
| rollout/                |             |
|    ep_len_mean          | 4.13e+03    |
|    ep_rew_mean          | -95.6       |
| time/                   |             |
|    fps                  | 475         |
|    iterations           | 3           |
|    time_elapsed         | 154         |
|    total_timesteps      | 73728       |
| train/                  |             |
|    approx_kl            | 0.010142772 |
|    clip_fraction        | 0.0568      |
|    clip_range           | 0.2         |
|    entropy_loss         | -2.25       |
|    explained_variance   | 0.0658      |
|    learning_rate        | 0.0003      |
|    loss                 | -0.0317     |
|    n_updates            | 10          |
|    policy_gradient_loss | -0.00472    |
|    value_loss           | 0.00709     |
-----------------------------------------
-----------------------------------------
| rollout/                |             |
|    ep_len_mean          | 4.13e+03    |
|    ep_rew_mean          | -95.6       |
| time/                   |             |
|    fps                  | 472         |
|    iterations           | 4           |
|    time_elapsed         | 208         |
|    total_timesteps      | 98304       |
| train/                  |             |
|    approx_kl            | 0.008855796 |
|    clip_fraction        | 0.0643      |
|    clip_range           | 0.2         |
|    entropy_loss         | -2.27       |
|    explained_variance   | 0.517       |
|    learning_rate        | 0.0003      |
|    loss                 | -0.018      |
|    n_updates            | 15          |
|    policy_gradient_loss | -0.00549    |
|    value_loss           | 0.0168      |
-----------------------------------------
------------------------------------------
| rollout/                |              |
|    ep_len_mean          | 4.11e+03     |
|    ep_rew_mean          | -95.6        |
| time/                   |              |
|    fps                  | 474          |
|    iterations           | 5            |
|    time_elapsed         | 259          |
|    total_timesteps      | 122880       |
| train/                  |              |
|    approx_kl            | 0.0074693547 |
|    clip_fraction        | 0.0568       |
|    clip_range           | 0.2          |
|    entropy_loss         | -2.26        |
|    explained_variance   | 0.825        |
|    learning_rate        | 0.0003       |
|    loss                 | -0.0355      |
|    n_updates            | 20           |
|    policy_gradient_loss | -0.00349     |
|    value_loss           | 0.00907      |
------------------------------------------
-----------------------------------------
| rollout/                |             |
|    ep_len_mean          | 4.11e+03    |
|    ep_rew_mean          | -98.3       |
| time/                   |             |
|    fps                  | 473         |
|    iterations           | 6           |
|    time_elapsed         | 311         |
|    total_timesteps      | 147456      |
| train/                  |             |
|    approx_kl            | 0.011453626 |
|    clip_fraction        | 0.106       |
|    clip_range           | 0.2         |
|    entropy_loss         | -2.23       |
|    explained_variance   | 0.703       |
|    learning_rate        | 0.0003      |
|    loss                 | -0.0255     |
|    n_updates            | 25          |
|    policy_gradient_loss | -0.00716    |
|    value_loss           | 0.0219      |
-----------------------------------------
-----------------------------------------
| rollout/                |             |
|    ep_len_mean          | 4.1e+03     |
|    ep_rew_mean          | -103        |
| time/                   |             |
|    fps                  | 473         |
|    iterations           | 7           |
|    time_elapsed         | 363         |
|    total_timesteps      | 172032      |
| train/                  |             |
|    approx_kl            | 0.011190089 |
|    clip_fraction        | 0.112       |
|    clip_range           | 0.2         |
|    entropy_loss         | -2.24       |
|    explained_variance   | 0.914       |
|    learning_rate        | 0.0003      |
|    loss                 | -0.0205     |
|    n_updates            | 30          |
|    policy_gradient_loss | -0.00534    |
|    value_loss           | 0.0162      |
-----------------------------------------
-----------------------------------------
| rollout/                |             |
|    ep_len_mean          | 4.1e+03     |
|    ep_rew_mean          | -107        |
| time/                   |             |
|    fps                  | 475         |
|    iterations           | 8           |
|    time_elapsed         | 413         |
|    total_timesteps      | 196608      |
| train/                  |             |
|    approx_kl            | 0.009529534 |
|    clip_fraction        | 0.0781      |
|    clip_range           | 0.2         |
|    entropy_loss         | -2.22       |
|    explained_variance   | 0.858       |
|    learning_rate        | 0.0003      |
|    loss                 | -0.0274     |
|    n_updates            | 35          |
|    policy_gradient_loss | -0.00641    |
|    value_loss           | 0.014       |
-----------------------------------------
-----------------------------------------
| rollout/                |             |
|    ep_len_mean          | 4.1e+03     |
|    ep_rew_mean          | -113        |
| time/                   |             |
|    fps                  | 474         |
|    iterations           | 9           |
|    time_elapsed         | 465         |
|    total_timesteps      | 221184      |
| train/                  |             |
|    approx_kl            | 0.011074749 |
|    clip_fraction        | 0.131       |
|    clip_range           | 0.2         |
|    entropy_loss         | -2.12       |
|    explained_variance   | 0.918       |
|    learning_rate        | 0.0003      |
|    loss                 | -0.00612    |
|    n_updates            | 40          |
|    policy_gradient_loss | -0.00596    |
|    value_loss           | 0.0204      |
-----------------------------------------
------------------------------------------
| rollout/                |              |
|    ep_len_mean          | 4.1e+03      |
|    ep_rew_mean          | -112         |
| time/                   |              |
|    fps                  | 474          |
|    iterations           | 10           |
|    time_elapsed         | 518          |
|    total_timesteps      | 245760       |
| train/                  |              |
|    approx_kl            | 0.0100929225 |
|    clip_fraction        | 0.0897       |
|    clip_range           | 0.2          |
|    entropy_loss         | -2.23        |
|    explained_variance   | 0.869        |
|    learning_rate        | 0.0003       |
|    loss                 | -0.0106      |
|    n_updates            | 45           |
|    policy_gradient_loss | -0.0069      |
|    value_loss           | 0.0105       |
------------------------------------------
-----------------------------------------
| rollout/                |             |
|    ep_len_mean          | 4.1e+03     |
|    ep_rew_mean          | -113        |
| time/                   |             |
|    fps                  | 473         |
|    iterations           | 11          |
|    time_elapsed         | 570         |
|    total_timesteps      | 270336      |
| train/                  |             |
|    approx_kl            | 0.008911776 |
|    clip_fraction        | 0.0539      |
|    clip_range           | 0.2         |
|    entropy_loss         | -2.15       |
|    explained_variance   | 0.851       |
|    learning_rate        | 0.0003      |
|    loss                 | -0.0284     |
|    n_updates            | 50          |
|    policy_gradient_loss | -0.00314    |
|    value_loss           | 0.0334      |
-----------------------------------------
-----------------------------------------
| rollout/                |             |
|    ep_len_mean          | 4.1e+03     |
|    ep_rew_mean          | -113        |
| time/                   |             |
|    fps                  | 474         |
|    iterations           | 12          |
|    time_elapsed         | 621         |
|    total_timesteps      | 294912      |
| train/                  |             |
|    approx_kl            | 0.009590284 |
|    clip_fraction        | 0.0878      |
|    clip_range           | 0.2         |
|    entropy_loss         | -2.2        |
|    explained_variance   | 0.825       |
|    learning_rate        | 0.0003      |
|    loss                 | -0.0152     |
|    n_updates            | 55          |
|    policy_gradient_loss | -0.00479    |
|    value_loss           | 0.0177      |
-----------------------------------------
-----------------------------------------
| rollout/                |             |
|    ep_len_mean          | 4.1e+03     |
|    ep_rew_mean          | -117        |
| time/                   |             |
|    fps                  | 474         |
|    iterations           | 13          |
|    time_elapsed         | 673         |
|    total_timesteps      | 319488      |
| train/                  |             |
|    approx_kl            | 0.012971752 |
|    clip_fraction        | 0.0963      |
|    clip_range           | 0.2         |
|    entropy_loss         | -2.09       |
|    explained_variance   | 0.787       |
|    learning_rate        | 0.0003      |
|    loss                 | -0.00291    |
|    n_updates            | 60          |
|    policy_gradient_loss | -0.00417    |
|    value_loss           | 0.0438      |
-----------------------------------------
-----------------------------------------
| rollout/                |             |
|    ep_len_mean          | 4.1e+03     |
|    ep_rew_mean          | -117        |
| time/                   |             |
|    fps                  | 474         |
|    iterations           | 14          |
|    time_elapsed         | 724         |
|    total_timesteps      | 344064      |
| train/                  |             |
|    approx_kl            | 0.008870672 |
|    clip_fraction        | 0.0509      |
|    clip_range           | 0.2         |
|    entropy_loss         | -2.22       |
|    explained_variance   | 0.919       |
|    learning_rate        | 0.0003      |
|    loss                 | -0.0315     |
|    n_updates            | 65          |
|    policy_gradient_loss | -0.00525    |
|    value_loss           | 0.023       |
-----------------------------------------
-----------------------------------------
| rollout/                |             |
|    ep_len_mean          | 4.14e+03    |
|    ep_rew_mean          | -117        |
| time/                   |             |
|    fps                  | 475         |
|    iterations           | 15          |
|    time_elapsed         | 776         |
|    total_timesteps      | 368640      |
| train/                  |             |
|    approx_kl            | 0.018121615 |
|    clip_fraction        | 0.148       |
|    clip_range           | 0.2         |
|    entropy_loss         | -2.01       |
|    explained_variance   | 0.534       |
|    learning_rate        | 0.0003      |
|    loss                 | -0.00661    |
|    n_updates            | 70          |
|    policy_gradient_loss | -0.0053     |
|    value_loss           | 0.0911      |
-----------------------------------------
-----------------------------------------
| rollout/                |             |
|    ep_len_mean          | 4.14e+03    |
|    ep_rew_mean          | -117        |
| time/                   |             |
|    fps                  | 474         |
|    iterations           | 16          |
|    time_elapsed         | 827         |
|    total_timesteps      | 393216      |
| train/                  |             |
|    approx_kl            | 0.010890701 |
|    clip_fraction        | 0.0946      |
|    clip_range           | 0.2         |
|    entropy_loss         | -2.17       |
|    explained_variance   | 0.975       |
|    learning_rate        | 0.0003      |
|    loss                 | -0.028      |
|    n_updates            | 75          |
|    policy_gradient_loss | -0.00596    |
|    value_loss           | 0.0257      |
-----------------------------------------
-----------------------------------------
| rollout/                |             |
|    ep_len_mean          | 4.16e+03    |
|    ep_rew_mean          | -115        |
| time/                   |             |
|    fps                  | 475         |
|    iterations           | 17          |
|    time_elapsed         | 878         |
|    total_timesteps      | 417792      |
| train/                  |             |
|    approx_kl            | 0.015254314 |
|    clip_fraction        | 0.0916      |
|    clip_range           | 0.2         |
|    entropy_loss         | -2.06       |
|    explained_variance   | 0.947       |
|    learning_rate        | 0.0003      |
|    loss                 | -0.0139     |
|    n_updates            | 80          |
|    policy_gradient_loss | -0.00364    |
|    value_loss           | 0.0243      |
-----------------------------------------
------------------------------------------
| rollout/                |              |
|    ep_len_mean          | 4.16e+03     |
|    ep_rew_mean          | -115         |
| time/                   |              |
|    fps                  | 475          |
|    iterations           | 18           |
|    time_elapsed         | 930          |
|    total_timesteps      | 442368       |
| train/                  |              |
|    approx_kl            | 0.0131301405 |
|    clip_fraction        | 0.131        |
|    clip_range           | 0.2          |
|    entropy_loss         | -2.12        |
|    explained_variance   | 0.99         |
|    learning_rate        | 0.0003       |
|    loss                 | -0.0291      |
|    n_updates            | 85           |
|    policy_gradient_loss | -0.00581     |
|    value_loss           | 0.0173       |
------------------------------------------
-----------------------------------------
| rollout/                |             |
|    ep_len_mean          | 4.19e+03    |
|    ep_rew_mean          | -115        |
| time/                   |             |
|    fps                  | 476         |
|    iterations           | 19          |
|    time_elapsed         | 980         |
|    total_timesteps      | 466944      |
| train/                  |             |
|    approx_kl            | 0.010349519 |
|    clip_fraction        | 0.0821      |
|    clip_range           | 0.2         |
|    entropy_loss         | -2.07       |
|    explained_variance   | 0.969       |
|    learning_rate        | 0.0003      |
|    loss                 | -0.0229     |
|    n_updates            | 90          |
|    policy_gradient_loss | -0.0032     |
|    value_loss           | 0.0114      |
-----------------------------------------
------------------------------------------
| rollout/                |              |
|    ep_len_mean          | 4.19e+03     |
|    ep_rew_mean          | -115         |
| time/                   |              |
|    fps                  | 476          |
|    iterations           | 20           |
|    time_elapsed         | 1032         |
|    total_timesteps      | 491520       |
| train/                  |              |
|    approx_kl            | 0.0103909215 |
|    clip_fraction        | 0.0774       |
|    clip_range           | 0.2          |
|    entropy_loss         | -2.09        |
|    explained_variance   | 0.989        |
|    learning_rate        | 0.0003       |
|    loss                 | -0.0142      |
|    n_updates            | 95           |
|    policy_gradient_loss | -0.00428     |
|    value_loss           | 0.0166       |
------------------------------------------
[Checkpoint] Saved at 500000 steps > /home/runner/work/Disciples2-RL/Disciples2-RL/github_experiments/136/magic_train/all_enemies/seed136-magic_train-all_enemies-34889323837-1/checkpoints/campaign_ppo_step_500000.zip
-----------------------------------------
| rollout/                |             |
|    ep_len_mean          | 4.22e+03    |
|    ep_rew_mean          | -118        |
| time/                   |             |
|    fps                  | 477         |
|    iterations           | 21          |
|    time_elapsed         | 1081        |
|    total_timesteps      | 516096      |
| train/                  |             |
|    approx_kl            | 0.013972682 |
|    clip_fraction        | 0.139       |
|    clip_range           | 0.2         |
|    entropy_loss         | -2.04       |
|    explained_variance   | 0.983       |
|    learning_rate        | 0.0003      |
|    loss                 | -0.0259     |
|    n_updates            | 100         |
|    policy_gradient_loss | -0.00617    |
|    value_loss           | 0.00496     |
-----------------------------------------
----------------------------------------
| rollout/                |            |
|    ep_len_mean          | 4.22e+03   |
|    ep_rew_mean          | -118       |
| time/                   |            |
|    fps                  | 477        |
|    iterations           | 22         |
|    time_elapsed         | 1132       |
|    total_timesteps      | 540672     |
| train/                  |            |
|    approx_kl            | 0.01035614 |
|    clip_fraction        | 0.0941     |
|    clip_range           | 0.2        |
|    entropy_loss         | -2.05      |
|    explained_variance   | 0.989      |
|    learning_rate        | 0.0003     |
|    loss                 | -0.00673   |
|    n_updates            | 105        |
|    policy_gradient_loss | -0.0052    |
|    value_loss           | 0.0245     |
----------------------------------------
-----------------------------------------
| rollout/                |             |
|    ep_len_mean          | 4.24e+03    |
|    ep_rew_mean          | -119        |
| time/                   |             |
|    fps                  | 477         |
|    iterations           | 23          |
|    time_elapsed         | 1183        |
|    total_timesteps      | 565248      |
| train/                  |             |
|    approx_kl            | 0.013349589 |
|    clip_fraction        | 0.141       |
|    clip_range           | 0.2         |
|    entropy_loss         | -2.08       |
|    explained_variance   | 0.969       |
|    learning_rate        | 0.0003      |
|    loss                 | -0.0221     |
|    n_updates            | 110         |
|    policy_gradient_loss | -0.00874    |
|    value_loss           | 0.00539     |
-----------------------------------------
-----------------------------------------
| rollout/                |             |
|    ep_len_mean          | 4.24e+03    |
|    ep_rew_mean          | -119        |
| time/                   |             |
|    fps                  | 477         |
|    iterations           | 24          |
|    time_elapsed         | 1234        |
|    total_timesteps      | 589824      |
| train/                  |             |
|    approx_kl            | 0.009463619 |
|    clip_fraction        | 0.0718      |
|    clip_range           | 0.2         |
|    entropy_loss         | -2.02       |
|    explained_variance   | 0.987       |
|    learning_rate        | 0.0003      |
|    loss                 | -0.0224     |
|    n_updates            | 115         |
|    policy_gradient_loss | -0.00512    |
|    value_loss           | 0.0227      |
-----------------------------------------
-----------------------------------------
| rollout/                |             |
|    ep_len_mean          | 4.26e+03    |
|    ep_rew_mean          | -116        |
| time/                   |             |
|    fps                  | 478         |
|    iterations           | 25          |
|    time_elapsed         | 1285        |
|    total_timesteps      | 614400      |
| train/                  |             |
|    approx_kl            | 0.012975462 |
|    clip_fraction        | 0.122       |
|    clip_range           | 0.2         |
|    entropy_loss         | -2.12       |
|    explained_variance   | 0.958       |
|    learning_rate        | 0.0003      |
|    loss                 | -0.0365     |
|    n_updates            | 120         |
|    policy_gradient_loss | -0.00671    |
|    value_loss           | 0.00578     |
-----------------------------------------
-----------------------------------------
| rollout/                |             |
|    ep_len_mean          | 4.26e+03    |
|    ep_rew_mean          | -116        |
| time/                   |             |
|    fps                  | 477         |
|    iterations           | 26          |
|    time_elapsed         | 1337        |
|    total_timesteps      | 638976      |
| train/                  |             |
|    approx_kl            | 0.009735926 |
|    clip_fraction        | 0.0812      |
|    clip_range           | 0.2         |
|    entropy_loss         | -1.95       |
|    explained_variance   | 0.988       |
|    learning_rate        | 0.0003      |
|    loss                 | -0.0155     |
|    n_updates            | 125         |
|    policy_gradient_loss | -0.00484    |
|    value_loss           | 0.0151      |
-----------------------------------------
-----------------------------------------
| rollout/                |             |
|    ep_len_mean          | 4.29e+03    |
|    ep_rew_mean          | -115        |
| time/                   |             |
|    fps                  | 478         |
|    iterations           | 27          |
|    time_elapsed         | 1387        |
|    total_timesteps      | 663552      |
| train/                  |             |
|    approx_kl            | 0.009617775 |
|    clip_fraction        | 0.0856      |
|    clip_range           | 0.2         |
|    entropy_loss         | -2.17       |
|    explained_variance   | 0.966       |
|    learning_rate        | 0.0003      |
|    loss                 | -0.0306     |
|    n_updates            | 130         |
|    policy_gradient_loss | -0.00509    |
|    value_loss           | 0.00395     |
-----------------------------------------
-----------------------------------------
| rollout/                |             |
|    ep_len_mean          | 4.29e+03    |
|    ep_rew_mean          | -115        |
| time/                   |             |
|    fps                  | 478         |
|    iterations           | 28          |
|    time_elapsed         | 1439        |
|    total_timesteps      | 688128      |
| train/                  |             |
|    approx_kl            | 0.010893625 |
|    clip_fraction        | 0.0882      |
|    clip_range           | 0.2         |
|    entropy_loss         | -1.95       |
|    explained_variance   | 0.989       |
|    learning_rate        | 0.0003      |
|    loss                 | -0.00877    |
|    n_updates            | 135         |
|    policy_gradient_loss | -0.005      |
|    value_loss           | 0.0141      |
-----------------------------------------
-----------------------------------------
| rollout/                |             |
|    ep_len_mean          | 4.3e+03     |
|    ep_rew_mean          | -111        |
| time/                   |             |
|    fps                  | 478         |
|    iterations           | 29          |
|    time_elapsed         | 1489        |
|    total_timesteps      | 712704      |
| train/                  |             |
|    approx_kl            | 0.008788046 |
|    clip_fraction        | 0.0839      |
|    clip_range           | 0.2         |
|    entropy_loss         | -2.16       |
|    explained_variance   | 0.957       |
|    learning_rate        | 0.0003      |
|    loss                 | -0.0321     |
|    n_updates            | 140         |
|    policy_gradient_loss | -0.00736    |
|    value_loss           | 0.0026      |
-----------------------------------------
----------------------------------------
| rollout/                |            |
|    ep_len_mean          | 4.3e+03    |
|    ep_rew_mean          | -111       |
| time/                   |            |
|    fps                  | 478        |
|    iterations           | 30         |
|    time_elapsed         | 1540       |
|    total_timesteps      | 737280     |
| train/                  |            |
|    approx_kl            | 0.00918463 |
|    clip_fraction        | 0.0933     |
|    clip_range           | 0.2        |
|    entropy_loss         | -1.96      |
|    explained_variance   | 0.985      |
|    learning_rate        | 0.0003     |
|    loss                 | -0.0265    |
|    n_updates            | 145        |
|    policy_gradient_loss | -0.0059    |
|    value_loss           | 0.018      |
----------------------------------------
-----------------------------------------
| rollout/                |             |
|    ep_len_mean          | 4.3e+03     |
|    ep_rew_mean          | -112        |
| time/                   |             |
|    fps                  | 478         |
|    iterations           | 31          |
|    time_elapsed         | 1590        |
|    total_timesteps      | 761856      |
| train/                  |             |
|    approx_kl            | 0.010082106 |
|    clip_fraction        | 0.117       |
|    clip_range           | 0.2         |
|    entropy_loss         | -2.16       |
|    explained_variance   | 0.938       |
|    learning_rate        | 0.0003      |
|    loss                 | -0.0387     |
|    n_updates            | 150         |
|    policy_gradient_loss | -0.00865    |
|    value_loss           | 0.00366     |
-----------------------------------------
-----------------------------------------
| rollout/                |             |
|    ep_len_mean          | 4.3e+03     |
|    ep_rew_mean          | -112        |
| time/                   |             |
|    fps                  | 478         |
|    iterations           | 32          |
|    time_elapsed         | 1643        |
|    total_timesteps      | 786432      |
| train/                  |             |
|    approx_kl            | 0.009093084 |
|    clip_fraction        | 0.104       |
|    clip_range           | 0.2         |
|    entropy_loss         | -1.91       |
|    explained_variance   | 0.979       |
|    learning_rate        | 0.0003      |
|    loss                 | -0.0205     |
|    n_updates            | 155         |
|    policy_gradient_loss | -0.00453    |
|    value_loss           | 0.0122      |
-----------------------------------------
-----------------------------------------
| rollout/                |             |
|    ep_len_mean          | 4.3e+03     |
|    ep_rew_mean          | -112        |
| time/                   |             |
|    fps                  | 478         |
|    iterations           | 33          |
|    time_elapsed         | 1694        |
|    total_timesteps      | 811008      |
| train/                  |             |
|    approx_kl            | 0.010522909 |
|    clip_fraction        | 0.108       |
|    clip_range           | 0.2         |
|    entropy_loss         | -2.16       |
|    explained_variance   | 0.968       |
|    learning_rate        | 0.0003      |
|    loss                 | -0.0296     |
|    n_updates            | 160         |
|    policy_gradient_loss | -0.00724    |
|    value_loss           | 0.00392     |
-----------------------------------------
-----------------------------------------
| rollout/                |             |
|    ep_len_mean          | 4.29e+03    |
|    ep_rew_mean          | -112        |
| time/                   |             |
|    fps                  | 478         |
|    iterations           | 34          |
|    time_elapsed         | 1745        |
|    total_timesteps      | 835584      |
| train/                  |             |
|    approx_kl            | 0.009497165 |
|    clip_fraction        | 0.0975      |
|    clip_range           | 0.2         |
|    entropy_loss         | -1.95       |
|    explained_variance   | 0.961       |
|    learning_rate        | 0.0003      |
|    loss                 | -0.0195     |
|    n_updates            | 165         |
|    policy_gradient_loss | -0.00459    |
|    value_loss           | 0.0116      |
-----------------------------------------
-----------------------------------------
| rollout/                |             |
|    ep_len_mean          | 4.29e+03    |
|    ep_rew_mean          | -112        |
| time/                   |             |
|    fps                  | 479         |
|    iterations           | 35          |
|    time_elapsed         | 1795        |
|    total_timesteps      | 860160      |
| train/                  |             |
|    approx_kl            | 0.008865275 |
|    clip_fraction        | 0.0769      |
|    clip_range           | 0.2         |
|    entropy_loss         | -2.15       |
|    explained_variance   | 0.983       |
|    learning_rate        | 0.0003      |
|    loss                 | -0.0176     |
|    n_updates            | 170         |
|    policy_gradient_loss | -0.00662    |
|    value_loss           | 0.00563     |
-----------------------------------------
-----------------------------------------
| rollout/                |             |
|    ep_len_mean          | 4.29e+03    |
|    ep_rew_mean          | -113        |
| time/                   |             |
|    fps                  | 479         |
|    iterations           | 36          |
|    time_elapsed         | 1845        |
|    total_timesteps      | 884736      |
| train/                  |             |
|    approx_kl            | 0.010040503 |
|    clip_fraction        | 0.103       |
|    clip_range           | 0.2         |
|    entropy_loss         | -1.95       |
|    explained_variance   | 0.969       |
|    learning_rate        | 0.0003      |
|    loss                 | -0.0288     |
|    n_updates            | 175         |
|    policy_gradient_loss | -0.00719    |
|    value_loss           | 0.00614     |
-----------------------------------------
-----------------------------------------
| rollout/                |             |
|    ep_len_mean          | 4.29e+03    |
|    ep_rew_mean          | -113        |
| time/                   |             |
|    fps                  | 479         |
|    iterations           | 37          |
|    time_elapsed         | 1896        |
|    total_timesteps      | 909312      |
| train/                  |             |
|    approx_kl            | 0.010226323 |
|    clip_fraction        | 0.108       |
|    clip_range           | 0.2         |
|    entropy_loss         | -2.09       |
|    explained_variance   | 0.986       |
|    learning_rate        | 0.0003      |
|    loss                 | -0.0302     |
|    n_updates            | 180         |
|    policy_gradient_loss | -0.00786    |
|    value_loss           | 0.0106      |
-----------------------------------------
------------------------------------------
| rollout/                |              |
|    ep_len_mean          | 4.28e+03     |
|    ep_rew_mean          | -111         |
| time/                   |              |
|    fps                  | 479          |
|    iterations           | 38           |
|    time_elapsed         | 1947         |
|    total_timesteps      | 933888       |
| train/                  |              |
|    approx_kl            | 0.0115971705 |
|    clip_fraction        | 0.101        |
|    clip_range           | 0.2          |
|    entropy_loss         | -2.05        |
|    explained_variance   | 0.956        |
|    learning_rate        | 0.0003       |
|    loss                 | -0.0187      |
|    n_updates            | 185          |
|    policy_gradient_loss | -0.00536     |
|    value_loss           | 0.00602      |
------------------------------------------
-----------------------------------------
| rollout/                |             |
|    ep_len_mean          | 4.28e+03    |
|    ep_rew_mean          | -111        |
| time/                   |             |
|    fps                  | 479         |
|    iterations           | 39          |
|    time_elapsed         | 1998        |
|    total_timesteps      | 958464      |
| train/                  |             |
|    approx_kl            | 0.010527072 |
|    clip_fraction        | 0.11        |
|    clip_range           | 0.2         |
|    entropy_loss         | -2.09       |
|    explained_variance   | 0.986       |
|    learning_rate        | 0.0003      |
|    loss                 | -0.024      |
|    n_updates            | 190         |
|    policy_gradient_loss | -0.0066     |
|    value_loss           | 0.0116      |
-----------------------------------------
-----------------------------------------
| rollout/                |             |
|    ep_len_mean          | 4.27e+03    |
|    ep_rew_mean          | -109        |
| time/                   |             |
|    fps                  | 479         |
|    iterations           | 40          |
|    time_elapsed         | 2050        |
|    total_timesteps      | 983040      |
| train/                  |             |
|    approx_kl            | 0.009682126 |
|    clip_fraction        | 0.0763      |
|    clip_range           | 0.2         |
|    entropy_loss         | -2.04       |
|    explained_variance   | 0.959       |
|    learning_rate        | 0.0003      |
|    loss                 | -0.0138     |
|    n_updates            | 195         |
|    policy_gradient_loss | -0.00411    |
|    value_loss           | 0.00567     |
-----------------------------------------
[Checkpoint] Saved at 1000000 steps > /home/runner/work/Disciples2-RL/Disciples2-RL/github_experiments/136/magic_train/all_enemies/seed136-magic_train-all_enemies-34889323837-1/checkpoints/campaign_ppo_step_1000000.zip
Eval num_timesteps=1000008, det_reward=-98.93 +/- 0.00
Episode length: det=3124.00 +/- 0.00
Victory rate: det=100.00%
-------------------------------------------------
| eval/                           |             |
|    deterministic_mean_ep_length | 3.12e+03    |
|    deterministic_mean_reward    | -98.9       |
|    deterministic_victory_rate   | 1           |
|    mean_ep_length               | 3.12e+03    |
|    mean_reward                  | -98.9       |
|    victory_rate                 | 1           |
| time/                           |             |
|    total_timesteps              | 1000008     |
| train/                          |             |
|    approx_kl                    | 0.010285165 |
|    clip_fraction                | 0.103       |
|    clip_range                   | 0.2         |
|    entropy_loss                 | -2.08       |
|    explained_variance           | 0.988       |
|    learning_rate                | 0.0003      |
|    loss                         | -0.0269     |
|    n_updates                    | 200         |
|    policy_gradient_loss         | -0.0063     |
|    value_loss                   | 0.0129      |
-------------------------------------------------
New best model by deterministic victory rate!
---------------------------------
| rollout/           |          |
|    ep_len_mean     | 4.27e+03 |
|    ep_rew_mean     | -109     |
| time/              |          |
|    fps             | 439      |
|    iterations      | 41       |
|    time_elapsed    | 2290     |
|    total_timesteps | 1007616  |
---------------------------------
VecNormalize stats saved: /home/runner/work/Disciples2-RL/Disciples2-RL/github_experiments/136/magic_train/all_enemies/seed136-magic_train-all_enemies-34889323837-1/models/vecnormalize.pkl

Финальная модель сохранена: /home/runner/work/Disciples2-RL/Disciples2-RL/github_experiments/136/magic_train/all_enemies/seed136-magic_train-all_enemies-34889323837-1/models/final_model.zip

============================================================
ИТОГИ ОБУЧЕНИЯ:
  Побед: 0
  Поражений: 0
  Таймаутов: 228
  Побед бота столицы над врагами: 0
  Перестановок юнитов: 195141
  Winrate: 0.0%
============================================================
  График призывов за эпизод: /home/runner/work/Disciples2-RL/Disciples2-RL/github_experiments/136/magic_train/all_enemies/seed136-magic_train-all_enemies-34889323837-1/plots/campaign_summoned_units_per_episode.png
  График призывов за всё обучение: /home/runner/work/Disciples2-RL/Disciples2-RL/github_experiments/136/magic_train/all_enemies/seed136-magic_train-all_enemies-34889323837-1/plots/campaign_summoned_units_cumulative.png
  График найма за эпизод: /home/runner/work/Disciples2-RL/Disciples2-RL/github_experiments/136/magic_train/all_enemies/seed136-magic_train-all_enemies-34889323837-1/plots/campaign_hired_units_per_episode.png
  График найма за всё обучение: /home/runner/work/Disciples2-RL/Disciples2-RL/github_experiments/136/magic_train/all_enemies/seed136-magic_train-all_enemies-34889323837-1/plots/campaign_hired_units_cumulative.png
  График перестановок юнитов за эпизод: /home/runner/work/Disciples2-RL/Disciples2-RL/github_experiments/136/magic_train/all_enemies/seed136-magic_train-all_enemies-34889323837-1/plots/campaign_unit_swaps_per_episode.png
  График боевых предметов: /home/runner/work/Disciples2-RL/Disciples2-RL/github_experiments/136/magic_train/all_enemies/seed136-magic_train-all_enemies-34889323837-1/plots/campaign_battle_item_activity.png
  График побед бота столицы за эпизод: /home/runner/work/Disciples2-RL/Disciples2-RL/github_experiments/136/magic_train/all_enemies/seed136-magic_train-all_enemies-34889323837-1/plots/campaign_scripted_bot_victories_per_episode.png
  График применения заклинаний: /home/runner/work/Disciples2-RL/Disciples2-RL/github_experiments/136/magic_train/all_enemies/seed136-magic_train-all_enemies-34889323837-1/plots/campaign_spell_cast_activity.png
