Проверка среды CampaignEnv...
Среда прошла проверку!
[INFO] Comet disabled, running without experiment tracking
Создание 12 параллельных сред (subproc)...
Инициализация MaskablePPO...
Using cpu device

============================================================
Запуск обучения Campaign Agent
Всего шагов: 1,000,000
Параллельных сред: 12
VecEnv: subproc
VecEnv start method: forkserver
Seed: 130
Checkpoint каждые: 500,000 шагов
Evaluation каждые: 83,334 шагов
Eval deterministic эпизодов: 20
Eval stochastic эпизодов: 0
Eval лимит шагов на эпизод: 5000
Campaign map: siege_train
Campaign objective: target_enemy
System resources at training start:
  Platform: Linux 6.17.0-1022-azure (x86_64)
  Python: 3.14.7
  PyTorch: 2.13.0+cpu
  Training device: cpu
  CPU model: INTEL(R) XEON(R) PLATINUM 8573C
  CPU vendor: GenuineIntel
  Logical CPUs visible: 4
  Process CPU affinity: 4
  Sockets: 1
  Cores per socket: 2
  Threads per core: 2
  CPU max MHz: 2300.0000
  CPU min MHz: 800.0000
  L1d cache: 96 KiB (2 instances)
  L1i cache: 64 KiB (2 instances)
  L2 cache: 4 MiB (2 instances)
  L3 cache: 260 MiB (1 instance)
  Virtualization: VT-x
  Hypervisor: Microsoft
  RAM total: 15.61 GiB
  RAM available at start: 13.89 GiB
  Disk total: 144.26 GiB
  Disk free at start: 78.13 GiB
  Torch intra-op threads: 4
  Torch inter-op threads: 2
  OMP_NUM_THREADS: 4
  MKL_NUM_THREADS: 4
  OPENBLAS_NUM_THREADS: 4
  GitHub runner OS: Linux
  GitHub runner architecture: X64
  GitHub runner environment: github-hosted
PPO n_steps: 2,048
PPO batch_size: 512
PPO n_epochs: 5
PPO learning_rate: 0.0003
PPO clip_range: 0.2
PPO ent_coef: 0.01
PPO gamma: 0.995
PPO gae_lambda: 0.95
PPO target_kl: disabled
PPO gradient batches per rollout: 240
VecCheckNan: disabled
Freeze action layout: enabled
Empire territory: enabled
Torch threads per process: 4
Diagnostics: disabled
Wall-clock training limit: disabled
Run ID: seed130-siege_train-target_enemy-32582127187-1
============================================================

Logging to /home/runner/work/Disciples2-RL/Disciples2-RL/github_experiments/130/siege_train/target_enemy/seed130-siege_train-target_enemy-32582127187-1/tensorboard/MaskablePPO_1
---------------------------------
| rollout/           |          |
|    ep_len_mean     | 278      |
|    ep_rew_mean     | 59.5     |
| time/              |          |
|    fps             | 687      |
|    iterations      | 1        |
|    time_elapsed    | 35       |
|    total_timesteps | 24576    |
---------------------------------
-----------------------------------------
| rollout/                |             |
|    ep_len_mean          | 234         |
|    ep_rew_mean          | 63          |
| time/                   |             |
|    fps                  | 663         |
|    iterations           | 2           |
|    time_elapsed         | 74          |
|    total_timesteps      | 49152       |
| train/                  |             |
|    approx_kl            | 0.017278535 |
|    clip_fraction        | 0.163       |
|    clip_range           | 0.2         |
|    entropy_loss         | -2.36       |
|    explained_variance   | -0.0493     |
|    learning_rate        | 0.0003      |
|    loss                 | -0.00314    |
|    n_updates            | 5           |
|    policy_gradient_loss | -0.00684    |
|    value_loss           | 0.0711      |
-----------------------------------------
-----------------------------------------
| rollout/                |             |
|    ep_len_mean          | 194         |
|    ep_rew_mean          | 64.7        |
| time/                   |             |
|    fps                  | 650         |
|    iterations           | 3           |
|    time_elapsed         | 113         |
|    total_timesteps      | 73728       |
| train/                  |             |
|    approx_kl            | 0.012401727 |
|    clip_fraction        | 0.117       |
|    clip_range           | 0.2         |
|    entropy_loss         | -2.34       |
|    explained_variance   | 0.858       |
|    learning_rate        | 0.0003      |
|    loss                 | -0.0277     |
|    n_updates            | 10          |
|    policy_gradient_loss | -0.00876    |
|    value_loss           | 0.0376      |
-----------------------------------------
-----------------------------------------
| rollout/                |             |
|    ep_len_mean          | 181         |
|    ep_rew_mean          | 67          |
| time/                   |             |
|    fps                  | 640         |
|    iterations           | 4           |
|    time_elapsed         | 153         |
|    total_timesteps      | 98304       |
| train/                  |             |
|    approx_kl            | 0.012238462 |
|    clip_fraction        | 0.127       |
|    clip_range           | 0.2         |
|    entropy_loss         | -2.33       |
|    explained_variance   | 0.918       |
|    learning_rate        | 0.0003      |
|    loss                 | -0.0166     |
|    n_updates            | 15          |
|    policy_gradient_loss | -0.0101     |
|    value_loss           | 0.0479      |
-----------------------------------------
-----------------------------------------
| rollout/                |             |
|    ep_len_mean          | 170         |
|    ep_rew_mean          | 67.6        |
| time/                   |             |
|    fps                  | 632         |
|    iterations           | 5           |
|    time_elapsed         | 194         |
|    total_timesteps      | 122880      |
| train/                  |             |
|    approx_kl            | 0.010607556 |
|    clip_fraction        | 0.123       |
|    clip_range           | 0.2         |
|    entropy_loss         | -2.28       |
|    explained_variance   | 0.935       |
|    learning_rate        | 0.0003      |
|    loss                 | -0.00736    |
|    n_updates            | 20          |
|    policy_gradient_loss | -0.0114     |
|    value_loss           | 0.057       |
-----------------------------------------
-----------------------------------------
| rollout/                |             |
|    ep_len_mean          | 186         |
|    ep_rew_mean          | 68.5        |
| time/                   |             |
|    fps                  | 628         |
|    iterations           | 6           |
|    time_elapsed         | 234         |
|    total_timesteps      | 147456      |
| train/                  |             |
|    approx_kl            | 0.011360649 |
|    clip_fraction        | 0.122       |
|    clip_range           | 0.2         |
|    entropy_loss         | -2.26       |
|    explained_variance   | 0.946       |
|    learning_rate        | 0.0003      |
|    loss                 | -0.0096     |
|    n_updates            | 25          |
|    policy_gradient_loss | -0.0111     |
|    value_loss           | 0.0559      |
-----------------------------------------
-----------------------------------------
| rollout/                |             |
|    ep_len_mean          | 184         |
|    ep_rew_mean          | 71.3        |
| time/                   |             |
|    fps                  | 627         |
|    iterations           | 7           |
|    time_elapsed         | 274         |
|    total_timesteps      | 172032      |
| train/                  |             |
|    approx_kl            | 0.009506044 |
|    clip_fraction        | 0.0922      |
|    clip_range           | 0.2         |
|    entropy_loss         | -2.24       |
|    explained_variance   | 0.95        |
|    learning_rate        | 0.0003      |
|    loss                 | -0.00805    |
|    n_updates            | 30          |
|    policy_gradient_loss | -0.00926    |
|    value_loss           | 0.0533      |
-----------------------------------------
-----------------------------------------
| rollout/                |             |
|    ep_len_mean          | 244         |
|    ep_rew_mean          | 70.6        |
| time/                   |             |
|    fps                  | 623         |
|    iterations           | 8           |
|    time_elapsed         | 315         |
|    total_timesteps      | 196608      |
| train/                  |             |
|    approx_kl            | 0.009848771 |
|    clip_fraction        | 0.1         |
|    clip_range           | 0.2         |
|    entropy_loss         | -2.21       |
|    explained_variance   | 0.944       |
|    learning_rate        | 0.0003      |
|    loss                 | -0.00955    |
|    n_updates            | 35          |
|    policy_gradient_loss | -0.00858    |
|    value_loss           | 0.0609      |
-----------------------------------------
-----------------------------------------
| rollout/                |             |
|    ep_len_mean          | 250         |
|    ep_rew_mean          | 70.7        |
| time/                   |             |
|    fps                  | 621         |
|    iterations           | 9           |
|    time_elapsed         | 356         |
|    total_timesteps      | 221184      |
| train/                  |             |
|    approx_kl            | 0.009422803 |
|    clip_fraction        | 0.0762      |
|    clip_range           | 0.2         |
|    entropy_loss         | -2.18       |
|    explained_variance   | 0.943       |
|    learning_rate        | 0.0003      |
|    loss                 | 0.00875     |
|    n_updates            | 40          |
|    policy_gradient_loss | -0.00699    |
|    value_loss           | 0.0487      |
-----------------------------------------
-----------------------------------------
| rollout/                |             |
|    ep_len_mean          | 290         |
|    ep_rew_mean          | 70.8        |
| time/                   |             |
|    fps                  | 622         |
|    iterations           | 10          |
|    time_elapsed         | 394         |
|    total_timesteps      | 245760      |
| train/                  |             |
|    approx_kl            | 0.009020607 |
|    clip_fraction        | 0.0716      |
|    clip_range           | 0.2         |
|    entropy_loss         | -2.16       |
|    explained_variance   | 0.946       |
|    learning_rate        | 0.0003      |
|    loss                 | -0.00483    |
|    n_updates            | 45          |
|    policy_gradient_loss | -0.00752    |
|    value_loss           | 0.0444      |
-----------------------------------------
-----------------------------------------
| rollout/                |             |
|    ep_len_mean          | 321         |
|    ep_rew_mean          | 72.9        |
| time/                   |             |
|    fps                  | 622         |
|    iterations           | 11          |
|    time_elapsed         | 434         |
|    total_timesteps      | 270336      |
| train/                  |             |
|    approx_kl            | 0.010222982 |
|    clip_fraction        | 0.109       |
|    clip_range           | 0.2         |
|    entropy_loss         | -2.14       |
|    explained_variance   | 0.955       |
|    learning_rate        | 0.0003      |
|    loss                 | -0.00185    |
|    n_updates            | 50          |
|    policy_gradient_loss | -0.00917    |
|    value_loss           | 0.0312      |
-----------------------------------------
------------------------------------------
| rollout/                |              |
|    ep_len_mean          | 305          |
|    ep_rew_mean          | 77           |
| time/                   |              |
|    fps                  | 623          |
|    iterations           | 12           |
|    time_elapsed         | 473          |
|    total_timesteps      | 294912       |
| train/                  |              |
|    approx_kl            | 0.0093727475 |
|    clip_fraction        | 0.0789       |
|    clip_range           | 0.2          |
|    entropy_loss         | -2.13        |
|    explained_variance   | 0.942        |
|    learning_rate        | 0.0003       |
|    loss                 | -0.0096      |
|    n_updates            | 55           |
|    policy_gradient_loss | -0.00738     |
|    value_loss           | 0.0382       |
------------------------------------------
------------------------------------------
| rollout/                |              |
|    ep_len_mean          | 245          |
|    ep_rew_mean          | 78.6         |
| time/                   |              |
|    fps                  | 624          |
|    iterations           | 13           |
|    time_elapsed         | 511          |
|    total_timesteps      | 319488       |
| train/                  |              |
|    approx_kl            | 0.0099466555 |
|    clip_fraction        | 0.0957       |
|    clip_range           | 0.2          |
|    entropy_loss         | -2.1         |
|    explained_variance   | 0.948        |
|    learning_rate        | 0.0003       |
|    loss                 | -0.0206      |
|    n_updates            | 60           |
|    policy_gradient_loss | -0.00835     |
|    value_loss           | 0.0353       |
------------------------------------------
-----------------------------------------
| rollout/                |             |
|    ep_len_mean          | 223         |
|    ep_rew_mean          | 79.3        |
| time/                   |             |
|    fps                  | 624         |
|    iterations           | 14          |
|    time_elapsed         | 550         |
|    total_timesteps      | 344064      |
| train/                  |             |
|    approx_kl            | 0.008478253 |
|    clip_fraction        | 0.071       |
|    clip_range           | 0.2         |
|    entropy_loss         | -2.06       |
|    explained_variance   | 0.94        |
|    learning_rate        | 0.0003      |
|    loss                 | 0.00254     |
|    n_updates            | 65          |
|    policy_gradient_loss | -0.00699    |
|    value_loss           | 0.043       |
-----------------------------------------
-----------------------------------------
| rollout/                |             |
|    ep_len_mean          | 220         |
|    ep_rew_mean          | 80.4        |
| time/                   |             |
|    fps                  | 625         |
|    iterations           | 15          |
|    time_elapsed         | 589         |
|    total_timesteps      | 368640      |
| train/                  |             |
|    approx_kl            | 0.008073945 |
|    clip_fraction        | 0.0747      |
|    clip_range           | 0.2         |
|    entropy_loss         | -2.06       |
|    explained_variance   | 0.938       |
|    learning_rate        | 0.0003      |
|    loss                 | 0.00846     |
|    n_updates            | 70          |
|    policy_gradient_loss | -0.00613    |
|    value_loss           | 0.0556      |
-----------------------------------------
-----------------------------------------
| rollout/                |             |
|    ep_len_mean          | 210         |
|    ep_rew_mean          | 81          |
| time/                   |             |
|    fps                  | 625         |
|    iterations           | 16          |
|    time_elapsed         | 628         |
|    total_timesteps      | 393216      |
| train/                  |             |
|    approx_kl            | 0.007953777 |
|    clip_fraction        | 0.0711      |
|    clip_range           | 0.2         |
|    entropy_loss         | -2.02       |
|    explained_variance   | 0.937       |
|    learning_rate        | 0.0003      |
|    loss                 | -0.00606    |
|    n_updates            | 75          |
|    policy_gradient_loss | -0.00681    |
|    value_loss           | 0.0557      |
-----------------------------------------
----------------------------------------
| rollout/                |            |
|    ep_len_mean          | 245        |
|    ep_rew_mean          | 83.9       |
| time/                   |            |
|    fps                  | 625        |
|    iterations           | 17         |
|    time_elapsed         | 667        |
|    total_timesteps      | 417792     |
| train/                  |            |
|    approx_kl            | 0.00839494 |
|    clip_fraction        | 0.06       |
|    clip_range           | 0.2        |
|    entropy_loss         | -1.99      |
|    explained_variance   | 0.933      |
|    learning_rate        | 0.0003     |
|    loss                 | 0.0154     |
|    n_updates            | 80         |
|    policy_gradient_loss | -0.00608   |
|    value_loss           | 0.0679     |
----------------------------------------
-----------------------------------------
| rollout/                |             |
|    ep_len_mean          | 222         |
|    ep_rew_mean          | 81.5        |
| time/                   |             |
|    fps                  | 626         |
|    iterations           | 18          |
|    time_elapsed         | 706         |
|    total_timesteps      | 442368      |
| train/                  |             |
|    approx_kl            | 0.007817344 |
|    clip_fraction        | 0.0711      |
|    clip_range           | 0.2         |
|    entropy_loss         | -1.96       |
|    explained_variance   | 0.938       |
|    learning_rate        | 0.0003      |
|    loss                 | -0.0116     |
|    n_updates            | 85          |
|    policy_gradient_loss | -0.00704    |
|    value_loss           | 0.0569      |
-----------------------------------------
-----------------------------------------
| rollout/                |             |
|    ep_len_mean          | 231         |
|    ep_rew_mean          | 83.1        |
| time/                   |             |
|    fps                  | 627         |
|    iterations           | 19          |
|    time_elapsed         | 744         |
|    total_timesteps      | 466944      |
| train/                  |             |
|    approx_kl            | 0.007703694 |
|    clip_fraction        | 0.0664      |
|    clip_range           | 0.2         |
|    entropy_loss         | -1.93       |
|    explained_variance   | 0.942       |
|    learning_rate        | 0.0003      |
|    loss                 | -0.000692   |
|    n_updates            | 90          |
|    policy_gradient_loss | -0.00561    |
|    value_loss           | 0.0581      |
-----------------------------------------
------------------------------------------
| rollout/                |              |
|    ep_len_mean          | 238          |
|    ep_rew_mean          | 84.5         |
| time/                   |              |
|    fps                  | 628          |
|    iterations           | 20           |
|    time_elapsed         | 782          |
|    total_timesteps      | 491520       |
| train/                  |              |
|    approx_kl            | 0.0073231044 |
|    clip_fraction        | 0.0623       |
|    clip_range           | 0.2          |
|    entropy_loss         | -1.92        |
|    explained_variance   | 0.938        |
|    learning_rate        | 0.0003       |
|    loss                 | 0.00493      |
|    n_updates            | 95           |
|    policy_gradient_loss | -0.0052      |
|    value_loss           | 0.0667       |
------------------------------------------
[Checkpoint] Saved at 500000 steps > /home/runner/work/Disciples2-RL/Disciples2-RL/github_experiments/130/siege_train/target_enemy/seed130-siege_train-target_enemy-32582127187-1/checkpoints/campaign_ppo_step_500000.zip
-----------------------------------------
| rollout/                |             |
|    ep_len_mean          | 243         |
|    ep_rew_mean          | 85.1        |
| time/                   |             |
|    fps                  | 629         |
|    iterations           | 21          |
|    time_elapsed         | 820         |
|    total_timesteps      | 516096      |
| train/                  |             |
|    approx_kl            | 0.008504811 |
|    clip_fraction        | 0.0747      |
|    clip_range           | 0.2         |
|    entropy_loss         | -1.91       |
|    explained_variance   | 0.942       |
|    learning_rate        | 0.0003      |
|    loss                 | 0.0154      |
|    n_updates            | 100         |
|    policy_gradient_loss | -0.00601    |
|    value_loss           | 0.0593      |
-----------------------------------------
-----------------------------------------
| rollout/                |             |
|    ep_len_mean          | 248         |
|    ep_rew_mean          | 84.5        |
| time/                   |             |
|    fps                  | 629         |
|    iterations           | 22          |
|    time_elapsed         | 858         |
|    total_timesteps      | 540672      |
| train/                  |             |
|    approx_kl            | 0.008410142 |
|    clip_fraction        | 0.0679      |
|    clip_range           | 0.2         |
|    entropy_loss         | -1.89       |
|    explained_variance   | 0.942       |
|    learning_rate        | 0.0003      |
|    loss                 | 0.0172      |
|    n_updates            | 105         |
|    policy_gradient_loss | -0.00579    |
|    value_loss           | 0.0596      |
-----------------------------------------
-----------------------------------------
| rollout/                |             |
|    ep_len_mean          | 241         |
|    ep_rew_mean          | 84.5        |
| time/                   |             |
|    fps                  | 629         |
|    iterations           | 23          |
|    time_elapsed         | 897         |
|    total_timesteps      | 565248      |
| train/                  |             |
|    approx_kl            | 0.007895612 |
|    clip_fraction        | 0.059       |
|    clip_range           | 0.2         |
|    entropy_loss         | -1.89       |
|    explained_variance   | 0.936       |
|    learning_rate        | 0.0003      |
|    loss                 | -0.00276    |
|    n_updates            | 110         |
|    policy_gradient_loss | -0.0046     |
|    value_loss           | 0.0615      |
-----------------------------------------
----------------------------------------
| rollout/                |            |
|    ep_len_mean          | 255        |
|    ep_rew_mean          | 86.5       |
| time/                   |            |
|    fps                  | 629        |
|    iterations           | 24         |
|    time_elapsed         | 936        |
|    total_timesteps      | 589824     |
| train/                  |            |
|    approx_kl            | 0.01004403 |
|    clip_fraction        | 0.0645     |
|    clip_range           | 0.2        |
|    entropy_loss         | -1.84      |
|    explained_variance   | 0.939      |
|    learning_rate        | 0.0003     |
|    loss                 | 0.00289    |
|    n_updates            | 115        |
|    policy_gradient_loss | -0.00726   |
|    value_loss           | 0.0687     |
----------------------------------------
-----------------------------------------
| rollout/                |             |
|    ep_len_mean          | 259         |
|    ep_rew_mean          | 82.7        |
| time/                   |             |
|    fps                  | 629         |
|    iterations           | 25          |
|    time_elapsed         | 975         |
|    total_timesteps      | 614400      |
| train/                  |             |
|    approx_kl            | 0.009554993 |
|    clip_fraction        | 0.0748      |
|    clip_range           | 0.2         |
|    entropy_loss         | -1.85       |
|    explained_variance   | 0.943       |
|    learning_rate        | 0.0003      |
|    loss                 | 0.00232     |
|    n_updates            | 120         |
|    policy_gradient_loss | -0.00785    |
|    value_loss           | 0.0554      |
-----------------------------------------
-----------------------------------------
| rollout/                |             |
|    ep_len_mean          | 220         |
|    ep_rew_mean          | 86.4        |
| time/                   |             |
|    fps                  | 630         |
|    iterations           | 26          |
|    time_elapsed         | 1013        |
|    total_timesteps      | 638976      |
| train/                  |             |
|    approx_kl            | 0.008537398 |
|    clip_fraction        | 0.0738      |
|    clip_range           | 0.2         |
|    entropy_loss         | -1.87       |
|    explained_variance   | 0.94        |
|    learning_rate        | 0.0003      |
|    loss                 | -0.00255    |
|    n_updates            | 125         |
|    policy_gradient_loss | -0.00581    |
|    value_loss           | 0.0646      |
-----------------------------------------
-----------------------------------------
| rollout/                |             |
|    ep_len_mean          | 241         |
|    ep_rew_mean          | 88.4        |
| time/                   |             |
|    fps                  | 631         |
|    iterations           | 27          |
|    time_elapsed         | 1051        |
|    total_timesteps      | 663552      |
| train/                  |             |
|    approx_kl            | 0.008262173 |
|    clip_fraction        | 0.077       |
|    clip_range           | 0.2         |
|    entropy_loss         | -1.81       |
|    explained_variance   | 0.942       |
|    learning_rate        | 0.0003      |
|    loss                 | 0.018       |
|    n_updates            | 130         |
|    policy_gradient_loss | -0.00519    |
|    value_loss           | 0.0703      |
-----------------------------------------
-----------------------------------------
| rollout/                |             |
|    ep_len_mean          | 240         |
|    ep_rew_mean          | 88.1        |
| time/                   |             |
|    fps                  | 631         |
|    iterations           | 28          |
|    time_elapsed         | 1089        |
|    total_timesteps      | 688128      |
| train/                  |             |
|    approx_kl            | 0.007925006 |
|    clip_fraction        | 0.0625      |
|    clip_range           | 0.2         |
|    entropy_loss         | -1.82       |
|    explained_variance   | 0.941       |
|    learning_rate        | 0.0003      |
|    loss                 | 0.00882     |
|    n_updates            | 135         |
|    policy_gradient_loss | -0.00554    |
|    value_loss           | 0.0658      |
-----------------------------------------
------------------------------------------
| rollout/                |              |
|    ep_len_mean          | 255          |
|    ep_rew_mean          | 87.5         |
| time/                   |              |
|    fps                  | 631          |
|    iterations           | 29           |
|    time_elapsed         | 1128         |
|    total_timesteps      | 712704       |
| train/                  |              |
|    approx_kl            | 0.0076953606 |
|    clip_fraction        | 0.0687       |
|    clip_range           | 0.2          |
|    entropy_loss         | -1.82        |
|    explained_variance   | 0.946        |
|    learning_rate        | 0.0003       |
|    loss                 | 0.0143       |
|    n_updates            | 140          |
|    policy_gradient_loss | -0.0047      |
|    value_loss           | 0.0626       |
------------------------------------------
-----------------------------------------
| rollout/                |             |
|    ep_len_mean          | 240         |
|    ep_rew_mean          | 86.9        |
| time/                   |             |
|    fps                  | 631         |
|    iterations           | 30          |
|    time_elapsed         | 1167        |
|    total_timesteps      | 737280      |
| train/                  |             |
|    approx_kl            | 0.008380267 |
|    clip_fraction        | 0.068       |
|    clip_range           | 0.2         |
|    entropy_loss         | -1.82       |
|    explained_variance   | 0.942       |
|    learning_rate        | 0.0003      |
|    loss                 | 0.0132      |
|    n_updates            | 145         |
|    policy_gradient_loss | -0.00611    |
|    value_loss           | 0.068       |
-----------------------------------------
-----------------------------------------
| rollout/                |             |
|    ep_len_mean          | 252         |
|    ep_rew_mean          | 87.6        |
| time/                   |             |
|    fps                  | 631         |
|    iterations           | 31          |
|    time_elapsed         | 1205        |
|    total_timesteps      | 761856      |
| train/                  |             |
|    approx_kl            | 0.007476061 |
|    clip_fraction        | 0.0668      |
|    clip_range           | 0.2         |
|    entropy_loss         | -1.81       |
|    explained_variance   | 0.946       |
|    learning_rate        | 0.0003      |
|    loss                 | 0.000288    |
|    n_updates            | 150         |
|    policy_gradient_loss | -0.00544    |
|    value_loss           | 0.0621      |
-----------------------------------------
-----------------------------------------
| rollout/                |             |
|    ep_len_mean          | 260         |
|    ep_rew_mean          | 89.9        |
| time/                   |             |
|    fps                  | 632         |
|    iterations           | 32          |
|    time_elapsed         | 1244        |
|    total_timesteps      | 786432      |
| train/                  |             |
|    approx_kl            | 0.008363582 |
|    clip_fraction        | 0.0714      |
|    clip_range           | 0.2         |
|    entropy_loss         | -1.8        |
|    explained_variance   | 0.948       |
|    learning_rate        | 0.0003      |
|    loss                 | 0.00493     |
|    n_updates            | 155         |
|    policy_gradient_loss | -0.00434    |
|    value_loss           | 0.0605      |
-----------------------------------------
------------------------------------------
| rollout/                |              |
|    ep_len_mean          | 245          |
|    ep_rew_mean          | 89.5         |
| time/                   |              |
|    fps                  | 632          |
|    iterations           | 33           |
|    time_elapsed         | 1282         |
|    total_timesteps      | 811008       |
| train/                  |              |
|    approx_kl            | 0.0071595297 |
|    clip_fraction        | 0.0644       |
|    clip_range           | 0.2          |
|    entropy_loss         | -1.79        |
|    explained_variance   | 0.945        |
|    learning_rate        | 0.0003       |
|    loss                 | 0.0158       |
|    n_updates            | 160          |
|    policy_gradient_loss | -0.0059      |
|    value_loss           | 0.0608       |
------------------------------------------
----------------------------------------
| rollout/                |            |
|    ep_len_mean          | 239        |
|    ep_rew_mean          | 89.8       |
| time/                   |            |
|    fps                  | 633        |
|    iterations           | 34         |
|    time_elapsed         | 1319       |
|    total_timesteps      | 835584     |
| train/                  |            |
|    approx_kl            | 0.00955926 |
|    clip_fraction        | 0.0782     |
|    clip_range           | 0.2        |
|    entropy_loss         | -1.79      |
|    explained_variance   | 0.943      |
|    learning_rate        | 0.0003     |
|    loss                 | 0.0175     |
|    n_updates            | 165        |
|    policy_gradient_loss | -0.0062    |
|    value_loss           | 0.064      |
----------------------------------------
------------------------------------------
| rollout/                |              |
|    ep_len_mean          | 245          |
|    ep_rew_mean          | 89.4         |
| time/                   |              |
|    fps                  | 633          |
|    iterations           | 35           |
|    time_elapsed         | 1356         |
|    total_timesteps      | 860160       |
| train/                  |              |
|    approx_kl            | 0.0069797686 |
|    clip_fraction        | 0.0782       |
|    clip_range           | 0.2          |
|    entropy_loss         | -1.78        |
|    explained_variance   | 0.947        |
|    learning_rate        | 0.0003       |
|    loss                 | 0.00902      |
|    n_updates            | 170          |
|    policy_gradient_loss | -0.00412     |
|    value_loss           | 0.0598       |
------------------------------------------
-----------------------------------------
| rollout/                |             |
|    ep_len_mean          | 269         |
|    ep_rew_mean          | 89          |
| time/                   |             |
|    fps                  | 634         |
|    iterations           | 36          |
|    time_elapsed         | 1394        |
|    total_timesteps      | 884736      |
| train/                  |             |
|    approx_kl            | 0.007715892 |
|    clip_fraction        | 0.0695      |
|    clip_range           | 0.2         |
|    entropy_loss         | -1.79       |
|    explained_variance   | 0.95        |
|    learning_rate        | 0.0003      |
|    loss                 | 0.0161      |
|    n_updates            | 175         |
|    policy_gradient_loss | -0.0053     |
|    value_loss           | 0.0608      |
-----------------------------------------
-----------------------------------------
| rollout/                |             |
|    ep_len_mean          | 265         |
|    ep_rew_mean          | 89.9        |
| time/                   |             |
|    fps                  | 634         |
|    iterations           | 37          |
|    time_elapsed         | 1432        |
|    total_timesteps      | 909312      |
| train/                  |             |
|    approx_kl            | 0.006778445 |
|    clip_fraction        | 0.065       |
|    clip_range           | 0.2         |
|    entropy_loss         | -1.8        |
|    explained_variance   | 0.95        |
|    learning_rate        | 0.0003      |
|    loss                 | -0.00218    |
|    n_updates            | 180         |
|    policy_gradient_loss | -0.0042     |
|    value_loss           | 0.0602      |
-----------------------------------------
------------------------------------------
| rollout/                |              |
|    ep_len_mean          | 257          |
|    ep_rew_mean          | 91.2         |
| time/                   |              |
|    fps                  | 634          |
|    iterations           | 38           |
|    time_elapsed         | 1471         |
|    total_timesteps      | 933888       |
| train/                  |              |
|    approx_kl            | 0.0077692866 |
|    clip_fraction        | 0.0594       |
|    clip_range           | 0.2          |
|    entropy_loss         | -1.78        |
|    explained_variance   | 0.948        |
|    learning_rate        | 0.0003       |
|    loss                 | -0.00729     |
|    n_updates            | 185          |
|    policy_gradient_loss | -0.00523     |
|    value_loss           | 0.0596       |
------------------------------------------
-----------------------------------------
| rollout/                |             |
|    ep_len_mean          | 241         |
|    ep_rew_mean          | 90.7        |
| time/                   |             |
|    fps                  | 634         |
|    iterations           | 39          |
|    time_elapsed         | 1510        |
|    total_timesteps      | 958464      |
| train/                  |             |
|    approx_kl            | 0.010613694 |
|    clip_fraction        | 0.0715      |
|    clip_range           | 0.2         |
|    entropy_loss         | -1.77       |
|    explained_variance   | 0.952       |
|    learning_rate        | 0.0003      |
|    loss                 | 0.00994     |
|    n_updates            | 190         |
|    policy_gradient_loss | -0.00683    |
|    value_loss           | 0.0551      |
-----------------------------------------
------------------------------------------
| rollout/                |              |
|    ep_len_mean          | 250          |
|    ep_rew_mean          | 89.8         |
| time/                   |              |
|    fps                  | 634          |
|    iterations           | 40           |
|    time_elapsed         | 1549         |
|    total_timesteps      | 983040       |
| train/                  |              |
|    approx_kl            | 0.0075111226 |
|    clip_fraction        | 0.077        |
|    clip_range           | 0.2          |
|    entropy_loss         | -1.75        |
|    explained_variance   | 0.953        |
|    learning_rate        | 0.0003       |
|    loss                 | -0.0103      |
|    n_updates            | 195          |
|    policy_gradient_loss | -0.00425     |
|    value_loss           | 0.0587       |
------------------------------------------
[Checkpoint] Saved at 1000000 steps > /home/runner/work/Disciples2-RL/Disciples2-RL/github_experiments/130/siege_train/target_enemy/seed130-siege_train-target_enemy-32582127187-1/checkpoints/campaign_ppo_step_1000000.zip
Eval num_timesteps=1000008, det_reward=93.55 +/- 5.18
Episode length: det=218.80 +/- 51.42
Victory rate: det=0.00%
-------------------------------------------------
| eval/                           |             |
|    deterministic_mean_ep_length | 219         |
|    deterministic_mean_reward    | 93.5        |
|    deterministic_victory_rate   | 0           |
|    mean_ep_length               | 219         |
|    mean_reward                  | 93.5        |
|    victory_rate                 | 0           |
| time/                           |             |
|    total_timesteps              | 1000008     |
| train/                          |             |
|    approx_kl                    | 0.008230611 |
|    clip_fraction                | 0.0696      |
|    clip_range                   | 0.2         |
|    entropy_loss                 | -1.75       |
|    explained_variance           | 0.952       |
|    learning_rate                | 0.0003      |
|    loss                         | 0.00201     |
|    n_updates                    | 200         |
|    policy_gradient_loss         | -0.00421    |
|    value_loss                   | 0.0563      |
-------------------------------------------------
New best model by deterministic victory rate!
---------------------------------
| rollout/           |          |
|    ep_len_mean     | 272      |
|    ep_rew_mean     | 91.1     |
| time/              |          |
|    fps             | 629      |
|    iterations      | 41       |
|    time_elapsed    | 1600     |
|    total_timesteps | 1007616  |
---------------------------------
VecNormalize stats saved: /home/runner/work/Disciples2-RL/Disciples2-RL/github_experiments/130/siege_train/target_enemy/seed130-siege_train-target_enemy-32582127187-1/models/vecnormalize.pkl

Финальная модель сохранена: /home/runner/work/Disciples2-RL/Disciples2-RL/github_experiments/130/siege_train/target_enemy/seed130-siege_train-target_enemy-32582127187-1/models/final_model.zip

============================================================
ИТОГИ ОБУЧЕНИЯ:
  Побед: 0
  Поражений: 4213
  Таймаутов: 0
  Побед бота столицы над врагами: 0
  Перестановок юнитов: 171749
  Терминальные поражения по противникам:
    enemy_5: 1014 — Орочий заслон: два Орка и Гоблин-старейшина
    enemy_7: 435 — Имперский патруль: два Рыцаря и Маг
    enemy_100: 430 — Осадная армия Империи
    enemy_4: 276 — Мёртвый патруль: два Воина и Адепт
    enemy_20: 252 — Последний рубеж: Король гномов, Владыка рун, Защитник Веры, Архидруид, Отшельник и Архилич
    enemy_3: 206 — Имперское ополчение: два Скваера и Служка
    enemy_24: 202 — Наёмный патруль: Разбойник и Ополченец впереди; Гоблин лучник позади
    enemy_6: 180 — Горный дозор: два Гнома-воина и Арбалетчик
    enemy_12: 163 — Гномьи ветераны: два Ветерана, Друид и Алхимик
    enemy_23: 162 — Шайка: два Разбойника; Гоблин лучник позади
    enemy_9: 157 — Берсерки: два Берсерка, Колдун и Ведьма
    enemy_25: 123 — Ополчение с магом: Крестьянин и Ополченец впереди; Адепт позади
    enemy_14: 121 — Дикая стража: два Кентавра-дикаря, Архонт и Теург
    enemy_8: 111 — Чумной отряд: два Зомби, Призрак и Чернокнижник
    enemy_10: 103 — Орден охотников: Имперский рыцарь, Охотник на ведьм и Священник
    enemy_2: 58 — Дозор II: два Гоблина и Гоблин-лучник
    enemy_18: 58 — Храмовая элита: Защитник Веры, Мастер клинка, Белый маг и Прорицательница
    enemy_16: 56 — Небесный орден: Ангел, Паладин, Белый маг и Аббатиса
    enemy_11: 25 — Костяная гвардия: два Скелета-воина, Некромант и Дух
    enemy_22: 23 — Смешанный дозор: Гоблин и Бес; Гоблин лучник позади
    enemy_13: 22 — Тёмный конклав: два Тёмных паладина, Демонолог и Колдунья
    enemy_21: 15 — Бедное ополчение: два Крестьянина; Гоблин лучник позади
    enemy_17: 13 — Адская гвардия: два Адских рыцаря, Инкуб и Пандемонеус
    enemy_15: 5 — Старшая гвардия: Ветеран, Старый ветеран, Архидруид и Отшельник
    enemy_19: 2 — Высшая нежить: два Скелета-призрака, Архилич и Сущий
    enemy_1: 1 — Дозор I: один Гоблин
  Winrate: 0.0%
============================================================
  График призывов за эпизод: /home/runner/work/Disciples2-RL/Disciples2-RL/github_experiments/130/siege_train/target_enemy/seed130-siege_train-target_enemy-32582127187-1/plots/campaign_summoned_units_per_episode.png
  График призывов за всё обучение: /home/runner/work/Disciples2-RL/Disciples2-RL/github_experiments/130/siege_train/target_enemy/seed130-siege_train-target_enemy-32582127187-1/plots/campaign_summoned_units_cumulative.png
  График найма за эпизод: /home/runner/work/Disciples2-RL/Disciples2-RL/github_experiments/130/siege_train/target_enemy/seed130-siege_train-target_enemy-32582127187-1/plots/campaign_hired_units_per_episode.png
  График найма за всё обучение: /home/runner/work/Disciples2-RL/Disciples2-RL/github_experiments/130/siege_train/target_enemy/seed130-siege_train-target_enemy-32582127187-1/plots/campaign_hired_units_cumulative.png
  График перестановок юнитов за эпизод: /home/runner/work/Disciples2-RL/Disciples2-RL/github_experiments/130/siege_train/target_enemy/seed130-siege_train-target_enemy-32582127187-1/plots/campaign_unit_swaps_per_episode.png
  График боевых предметов: /home/runner/work/Disciples2-RL/Disciples2-RL/github_experiments/130/siege_train/target_enemy/seed130-siege_train-target_enemy-32582127187-1/plots/campaign_battle_item_activity.png
  График побед бота столицы за эпизод: /home/runner/work/Disciples2-RL/Disciples2-RL/github_experiments/130/siege_train/target_enemy/seed130-siege_train-target_enemy-32582127187-1/plots/campaign_scripted_bot_victories_per_episode.png
  График применения заклинаний: /home/runner/work/Disciples2-RL/Disciples2-RL/github_experiments/130/siege_train/target_enemy/seed130-siege_train-target_enemy-32582127187-1/plots/campaign_spell_cast_activity.png
