Проверка среды CampaignEnv...
Среда прошла проверку!
[INFO] Comet disabled, running without experiment tracking
Создание 12 параллельных сред (subproc)...
Инициализация MaskablePPO...
Using cpu device

============================================================
Запуск обучения Campaign Agent
Всего шагов: 1,000,000
Параллельных сред: 12
VecEnv: subproc
VecEnv start method: forkserver
Seed: 126
Checkpoint каждые: 500,000 шагов
Evaluation каждые: 83,334 шагов
Eval deterministic эпизодов: 20
Eval stochastic эпизодов: 0
Eval лимит шагов на эпизод: 5000
Campaign map: small
Campaign objective: dragon
System resources at training start:
  Platform: Linux 6.17.0-1020-azure (x86_64)
  Python: 3.14.6
  PyTorch: 2.13.0+cpu
  Training device: cpu
  CPU model: AMD EPYC 7763 64-Core Processor
  CPU vendor: AuthenticAMD
  Logical CPUs visible: 4
  Process CPU affinity: 4
  Sockets: 1
  Cores per socket: 2
  Threads per core: 2
  CPU max MHz: unknown
  CPU min MHz: unknown
  L1d cache: 64 KiB (2 instances)
  L1i cache: 64 KiB (2 instances)
  L2 cache: 1 MiB (2 instances)
  L3 cache: 32 MiB (1 instance)
  Virtualization: AMD-V
  Hypervisor: Microsoft
  RAM total: 15.61 GiB
  RAM available at start: 13.92 GiB
  Disk total: 144.26 GiB
  Disk free at start: 80.88 GiB
  Torch intra-op threads: 4
  Torch inter-op threads: 2
  OMP_NUM_THREADS: 4
  MKL_NUM_THREADS: 4
  OPENBLAS_NUM_THREADS: 4
  GitHub runner OS: Linux
  GitHub runner architecture: X64
  GitHub runner environment: github-hosted
PPO n_steps: 2,048
PPO batch_size: 512
PPO n_epochs: 5
PPO learning_rate: 0.0003
PPO clip_range: 0.2
PPO ent_coef: 0.01
PPO gamma: 0.995
PPO gae_lambda: 0.95
PPO target_kl: disabled
PPO gradient batches per rollout: 240
VecCheckNan: disabled
Freeze action layout: enabled
Empire territory: enabled
Torch threads per process: 4
Diagnostics: disabled
Wall-clock training limit: disabled
Run ID: seed126-small-green_dragon-31459181645-1
============================================================

Logging to /home/runner/work/Disciples2-RL/Disciples2-RL/github_experiments/126/small/green_dragon/seed126-small-green_dragon-31459181645-1/tensorboard/MaskablePPO_1
---------------------------------
| rollout/           |          |
|    ep_len_mean     | 98.6     |
|    ep_rew_mean     | -4.86    |
| time/              |          |
|    fps             | 472      |
|    iterations      | 1        |
|    time_elapsed    | 52       |
|    total_timesteps | 24576    |
---------------------------------
-----------------------------------------
| rollout/                |             |
|    ep_len_mean          | 114         |
|    ep_rew_mean          | -3.58       |
| time/                   |             |
|    fps                  | 446         |
|    iterations           | 2           |
|    time_elapsed         | 110         |
|    total_timesteps      | 49152       |
| train/                  |             |
|    approx_kl            | 0.010911676 |
|    clip_fraction        | 0.102       |
|    clip_range           | 0.2         |
|    entropy_loss         | -2.22       |
|    explained_variance   | 0.0424      |
|    learning_rate        | 0.0003      |
|    loss                 | 0.162       |
|    n_updates            | 5           |
|    policy_gradient_loss | -0.00821    |
|    value_loss           | 0.501       |
-----------------------------------------
-----------------------------------------
| rollout/                |             |
|    ep_len_mean          | 150         |
|    ep_rew_mean          | -1.67       |
| time/                   |             |
|    fps                  | 444         |
|    iterations           | 3           |
|    time_elapsed         | 166         |
|    total_timesteps      | 73728       |
| train/                  |             |
|    approx_kl            | 0.009679923 |
|    clip_fraction        | 0.102       |
|    clip_range           | 0.2         |
|    entropy_loss         | -2.13       |
|    explained_variance   | 0.564       |
|    learning_rate        | 0.0003      |
|    loss                 | 0.0998      |
|    n_updates            | 10          |
|    policy_gradient_loss | -0.0113     |
|    value_loss           | 0.307       |
-----------------------------------------
-----------------------------------------
| rollout/                |             |
|    ep_len_mean          | 184         |
|    ep_rew_mean          | -2.69       |
| time/                   |             |
|    fps                  | 443         |
|    iterations           | 4           |
|    time_elapsed         | 221         |
|    total_timesteps      | 98304       |
| train/                  |             |
|    approx_kl            | 0.010671523 |
|    clip_fraction        | 0.11        |
|    clip_range           | 0.2         |
|    entropy_loss         | -2.08       |
|    explained_variance   | 0.739       |
|    learning_rate        | 0.0003      |
|    loss                 | 0.0561      |
|    n_updates            | 15          |
|    policy_gradient_loss | -0.0109     |
|    value_loss           | 0.19        |
-----------------------------------------
-----------------------------------------
| rollout/                |             |
|    ep_len_mean          | 204         |
|    ep_rew_mean          | 2.11        |
| time/                   |             |
|    fps                  | 443         |
|    iterations           | 5           |
|    time_elapsed         | 277         |
|    total_timesteps      | 122880      |
| train/                  |             |
|    approx_kl            | 0.010157627 |
|    clip_fraction        | 0.107       |
|    clip_range           | 0.2         |
|    entropy_loss         | -2.06       |
|    explained_variance   | 0.848       |
|    learning_rate        | 0.0003      |
|    loss                 | 0.032       |
|    n_updates            | 20          |
|    policy_gradient_loss | -0.00983    |
|    value_loss           | 0.116       |
-----------------------------------------
-----------------------------------------
| rollout/                |             |
|    ep_len_mean          | 204         |
|    ep_rew_mean          | 5.49        |
| time/                   |             |
|    fps                  | 442         |
|    iterations           | 6           |
|    time_elapsed         | 333         |
|    total_timesteps      | 147456      |
| train/                  |             |
|    approx_kl            | 0.010313046 |
|    clip_fraction        | 0.109       |
|    clip_range           | 0.2         |
|    entropy_loss         | -2.04       |
|    explained_variance   | 0.859       |
|    learning_rate        | 0.0003      |
|    loss                 | 0.0154      |
|    n_updates            | 25          |
|    policy_gradient_loss | -0.00916    |
|    value_loss           | 0.0992      |
-----------------------------------------
-----------------------------------------
| rollout/                |             |
|    ep_len_mean          | 193         |
|    ep_rew_mean          | 8.14        |
| time/                   |             |
|    fps                  | 440         |
|    iterations           | 7           |
|    time_elapsed         | 390         |
|    total_timesteps      | 172032      |
| train/                  |             |
|    approx_kl            | 0.010128994 |
|    clip_fraction        | 0.116       |
|    clip_range           | 0.2         |
|    entropy_loss         | -2.02       |
|    explained_variance   | 0.828       |
|    learning_rate        | 0.0003      |
|    loss                 | 0.0236      |
|    n_updates            | 30          |
|    policy_gradient_loss | -0.00959    |
|    value_loss           | 0.0946      |
-----------------------------------------
-----------------------------------------
| rollout/                |             |
|    ep_len_mean          | 173         |
|    ep_rew_mean          | 9.24        |
| time/                   |             |
|    fps                  | 438         |
|    iterations           | 8           |
|    time_elapsed         | 448         |
|    total_timesteps      | 196608      |
| train/                  |             |
|    approx_kl            | 0.008591078 |
|    clip_fraction        | 0.0857      |
|    clip_range           | 0.2         |
|    entropy_loss         | -1.97       |
|    explained_variance   | 0.82        |
|    learning_rate        | 0.0003      |
|    loss                 | 0.0106      |
|    n_updates            | 35          |
|    policy_gradient_loss | -0.0075     |
|    value_loss           | 0.077       |
-----------------------------------------
-----------------------------------------
| rollout/                |             |
|    ep_len_mean          | 161         |
|    ep_rew_mean          | 11.5        |
| time/                   |             |
|    fps                  | 437         |
|    iterations           | 9           |
|    time_elapsed         | 506         |
|    total_timesteps      | 221184      |
| train/                  |             |
|    approx_kl            | 0.008430847 |
|    clip_fraction        | 0.0888      |
|    clip_range           | 0.2         |
|    entropy_loss         | -1.93       |
|    explained_variance   | 0.849       |
|    learning_rate        | 0.0003      |
|    loss                 | 0.0104      |
|    n_updates            | 40          |
|    policy_gradient_loss | -0.0081     |
|    value_loss           | 0.0718      |
-----------------------------------------
-----------------------------------------
| rollout/                |             |
|    ep_len_mean          | 161         |
|    ep_rew_mean          | 12.1        |
| time/                   |             |
|    fps                  | 435         |
|    iterations           | 10          |
|    time_elapsed         | 563         |
|    total_timesteps      | 245760      |
| train/                  |             |
|    approx_kl            | 0.008269988 |
|    clip_fraction        | 0.0801      |
|    clip_range           | 0.2         |
|    entropy_loss         | -1.88       |
|    explained_variance   | 0.845       |
|    learning_rate        | 0.0003      |
|    loss                 | 0.0286      |
|    n_updates            | 45          |
|    policy_gradient_loss | -0.00706    |
|    value_loss           | 0.0834      |
-----------------------------------------
-----------------------------------------
| rollout/                |             |
|    ep_len_mean          | 155         |
|    ep_rew_mean          | 14.8        |
| time/                   |             |
|    fps                  | 436         |
|    iterations           | 11          |
|    time_elapsed         | 619         |
|    total_timesteps      | 270336      |
| train/                  |             |
|    approx_kl            | 0.008770433 |
|    clip_fraction        | 0.092       |
|    clip_range           | 0.2         |
|    entropy_loss         | -1.83       |
|    explained_variance   | 0.85        |
|    learning_rate        | 0.0003      |
|    loss                 | 0.00992     |
|    n_updates            | 50          |
|    policy_gradient_loss | -0.00803    |
|    value_loss           | 0.081       |
-----------------------------------------
------------------------------------------
| rollout/                |              |
|    ep_len_mean          | 150          |
|    ep_rew_mean          | 16.7         |
| time/                   |              |
|    fps                  | 436          |
|    iterations           | 12           |
|    time_elapsed         | 674          |
|    total_timesteps      | 294912       |
| train/                  |              |
|    approx_kl            | 0.0070810462 |
|    clip_fraction        | 0.0645       |
|    clip_range           | 0.2          |
|    entropy_loss         | -1.78        |
|    explained_variance   | 0.847        |
|    learning_rate        | 0.0003       |
|    loss                 | 0.0205       |
|    n_updates            | 55           |
|    policy_gradient_loss | -0.00582     |
|    value_loss           | 0.0897       |
------------------------------------------
------------------------------------------
| rollout/                |              |
|    ep_len_mean          | 148          |
|    ep_rew_mean          | 17.5         |
| time/                   |              |
|    fps                  | 437          |
|    iterations           | 13           |
|    time_elapsed         | 730          |
|    total_timesteps      | 319488       |
| train/                  |              |
|    approx_kl            | 0.0067035784 |
|    clip_fraction        | 0.0655       |
|    clip_range           | 0.2          |
|    entropy_loss         | -1.74        |
|    explained_variance   | 0.85         |
|    learning_rate        | 0.0003       |
|    loss                 | 0.0199       |
|    n_updates            | 60           |
|    policy_gradient_loss | -0.00578     |
|    value_loss           | 0.0846       |
------------------------------------------
-----------------------------------------
| rollout/                |             |
|    ep_len_mean          | 145         |
|    ep_rew_mean          | 18.3        |
| time/                   |             |
|    fps                  | 437         |
|    iterations           | 14          |
|    time_elapsed         | 786         |
|    total_timesteps      | 344064      |
| train/                  |             |
|    approx_kl            | 0.006366367 |
|    clip_fraction        | 0.0529      |
|    clip_range           | 0.2         |
|    entropy_loss         | -1.7        |
|    explained_variance   | 0.845       |
|    learning_rate        | 0.0003      |
|    loss                 | 0.0306      |
|    n_updates            | 65          |
|    policy_gradient_loss | -0.00462    |
|    value_loss           | 0.0916      |
-----------------------------------------
-----------------------------------------
| rollout/                |             |
|    ep_len_mean          | 144         |
|    ep_rew_mean          | 17.6        |
| time/                   |             |
|    fps                  | 437         |
|    iterations           | 15          |
|    time_elapsed         | 842         |
|    total_timesteps      | 368640      |
| train/                  |             |
|    approx_kl            | 0.007871217 |
|    clip_fraction        | 0.0669      |
|    clip_range           | 0.2         |
|    entropy_loss         | -1.67       |
|    explained_variance   | 0.824       |
|    learning_rate        | 0.0003      |
|    loss                 | 0.0245      |
|    n_updates            | 70          |
|    policy_gradient_loss | -0.00556    |
|    value_loss           | 0.104       |
-----------------------------------------
------------------------------------------
| rollout/                |              |
|    ep_len_mean          | 147          |
|    ep_rew_mean          | 21.6         |
| time/                   |              |
|    fps                  | 437          |
|    iterations           | 16           |
|    time_elapsed         | 898          |
|    total_timesteps      | 393216       |
| train/                  |              |
|    approx_kl            | 0.0060250927 |
|    clip_fraction        | 0.0599       |
|    clip_range           | 0.2          |
|    entropy_loss         | -1.66        |
|    explained_variance   | 0.828        |
|    learning_rate        | 0.0003       |
|    loss                 | 0.0201       |
|    n_updates            | 75           |
|    policy_gradient_loss | -0.005       |
|    value_loss           | 0.102        |
------------------------------------------
-----------------------------------------
| rollout/                |             |
|    ep_len_mean          | 147         |
|    ep_rew_mean          | 20.6        |
| time/                   |             |
|    fps                  | 437         |
|    iterations           | 17          |
|    time_elapsed         | 954         |
|    total_timesteps      | 417792      |
| train/                  |             |
|    approx_kl            | 0.007206558 |
|    clip_fraction        | 0.069       |
|    clip_range           | 0.2         |
|    entropy_loss         | -1.61       |
|    explained_variance   | 0.764       |
|    learning_rate        | 0.0003      |
|    loss                 | 0.0648      |
|    n_updates            | 80          |
|    policy_gradient_loss | -0.00522    |
|    value_loss           | 0.145       |
-----------------------------------------
-----------------------------------------
| rollout/                |             |
|    ep_len_mean          | 157         |
|    ep_rew_mean          | 23.1        |
| time/                   |             |
|    fps                  | 437         |
|    iterations           | 18          |
|    time_elapsed         | 1010        |
|    total_timesteps      | 442368      |
| train/                  |             |
|    approx_kl            | 0.007061319 |
|    clip_fraction        | 0.0638      |
|    clip_range           | 0.2         |
|    entropy_loss         | -1.6        |
|    explained_variance   | 0.855       |
|    learning_rate        | 0.0003      |
|    loss                 | 0.0236      |
|    n_updates            | 85          |
|    policy_gradient_loss | -0.00497    |
|    value_loss           | 0.0969      |
-----------------------------------------
-----------------------------------------
| rollout/                |             |
|    ep_len_mean          | 159         |
|    ep_rew_mean          | 23.5        |
| time/                   |             |
|    fps                  | 437         |
|    iterations           | 19          |
|    time_elapsed         | 1067        |
|    total_timesteps      | 466944      |
| train/                  |             |
|    approx_kl            | 0.007974329 |
|    clip_fraction        | 0.0715      |
|    clip_range           | 0.2         |
|    entropy_loss         | -1.64       |
|    explained_variance   | 0.898       |
|    learning_rate        | 0.0003      |
|    loss                 | 0.0151      |
|    n_updates            | 90          |
|    policy_gradient_loss | -0.00541    |
|    value_loss           | 0.099       |
-----------------------------------------
------------------------------------------
| rollout/                |              |
|    ep_len_mean          | 171          |
|    ep_rew_mean          | 25.2         |
| time/                   |              |
|    fps                  | 436          |
|    iterations           | 20           |
|    time_elapsed         | 1124         |
|    total_timesteps      | 491520       |
| train/                  |              |
|    approx_kl            | 0.0066207014 |
|    clip_fraction        | 0.0587       |
|    clip_range           | 0.2          |
|    entropy_loss         | -1.62        |
|    explained_variance   | 0.914        |
|    learning_rate        | 0.0003       |
|    loss                 | 0.0214       |
|    n_updates            | 95           |
|    policy_gradient_loss | -0.00433     |
|    value_loss           | 0.0997       |
------------------------------------------
[Checkpoint] Saved at 500000 steps > /home/runner/work/Disciples2-RL/Disciples2-RL/github_experiments/126/small/green_dragon/seed126-small-green_dragon-31459181645-1/checkpoints/campaign_ppo_step_500000.zip
-----------------------------------------
| rollout/                |             |
|    ep_len_mean          | 178         |
|    ep_rew_mean          | 27.6        |
| time/                   |             |
|    fps                  | 436         |
|    iterations           | 21          |
|    time_elapsed         | 1181        |
|    total_timesteps      | 516096      |
| train/                  |             |
|    approx_kl            | 0.006813985 |
|    clip_fraction        | 0.0665      |
|    clip_range           | 0.2         |
|    entropy_loss         | -1.57       |
|    explained_variance   | 0.877       |
|    learning_rate        | 0.0003      |
|    loss                 | 0.0237      |
|    n_updates            | 100         |
|    policy_gradient_loss | -0.00456    |
|    value_loss           | 0.0949      |
-----------------------------------------
-----------------------------------------
| rollout/                |             |
|    ep_len_mean          | 204         |
|    ep_rew_mean          | 18.4        |
| time/                   |             |
|    fps                  | 437         |
|    iterations           | 22          |
|    time_elapsed         | 1235        |
|    total_timesteps      | 540672      |
| train/                  |             |
|    approx_kl            | 0.006305208 |
|    clip_fraction        | 0.0592      |
|    clip_range           | 0.2         |
|    entropy_loss         | -1.56       |
|    explained_variance   | 0.911       |
|    learning_rate        | 0.0003      |
|    loss                 | 0.0212      |
|    n_updates            | 105         |
|    policy_gradient_loss | -0.00432    |
|    value_loss           | 0.0859      |
-----------------------------------------
------------------------------------------
| rollout/                |              |
|    ep_len_mean          | 174          |
|    ep_rew_mean          | 27.1         |
| time/                   |              |
|    fps                  | 437          |
|    iterations           | 23           |
|    time_elapsed         | 1291         |
|    total_timesteps      | 565248       |
| train/                  |              |
|    approx_kl            | 0.0062258733 |
|    clip_fraction        | 0.0578       |
|    clip_range           | 0.2          |
|    entropy_loss         | -1.54        |
|    explained_variance   | 0.928        |
|    learning_rate        | 0.0003       |
|    loss                 | 0.0222       |
|    n_updates            | 110          |
|    policy_gradient_loss | -0.00398     |
|    value_loss           | 0.0952       |
------------------------------------------
-----------------------------------------
| rollout/                |             |
|    ep_len_mean          | 245         |
|    ep_rew_mean          | 25.8        |
| time/                   |             |
|    fps                  | 437         |
|    iterations           | 24          |
|    time_elapsed         | 1348        |
|    total_timesteps      | 589824      |
| train/                  |             |
|    approx_kl            | 0.006808435 |
|    clip_fraction        | 0.0643      |
|    clip_range           | 0.2         |
|    entropy_loss         | -1.55       |
|    explained_variance   | 0.944       |
|    learning_rate        | 0.0003      |
|    loss                 | 0.0188      |
|    n_updates            | 115         |
|    policy_gradient_loss | -0.00395    |
|    value_loss           | 0.0776      |
-----------------------------------------
-----------------------------------------
| rollout/                |             |
|    ep_len_mean          | 238         |
|    ep_rew_mean          | 25.5        |
| time/                   |             |
|    fps                  | 438         |
|    iterations           | 25          |
|    time_elapsed         | 1402        |
|    total_timesteps      | 614400      |
| train/                  |             |
|    approx_kl            | 0.007292475 |
|    clip_fraction        | 0.0647      |
|    clip_range           | 0.2         |
|    entropy_loss         | -1.55       |
|    explained_variance   | 0.956       |
|    learning_rate        | 0.0003      |
|    loss                 | 0.0101      |
|    n_updates            | 120         |
|    policy_gradient_loss | -0.00489    |
|    value_loss           | 0.0646      |
-----------------------------------------
------------------------------------------
| rollout/                |              |
|    ep_len_mean          | 199          |
|    ep_rew_mean          | 28.7         |
| time/                   |              |
|    fps                  | 438          |
|    iterations           | 26           |
|    time_elapsed         | 1455         |
|    total_timesteps      | 638976       |
| train/                  |              |
|    approx_kl            | 0.0068585165 |
|    clip_fraction        | 0.0668       |
|    clip_range           | 0.2          |
|    entropy_loss         | -1.59        |
|    explained_variance   | 0.902        |
|    learning_rate        | 0.0003       |
|    loss                 | 0.0219       |
|    n_updates            | 125          |
|    policy_gradient_loss | -0.00411     |
|    value_loss           | 0.0941       |
------------------------------------------
------------------------------------------
| rollout/                |              |
|    ep_len_mean          | 240          |
|    ep_rew_mean          | 25.6         |
| time/                   |              |
|    fps                  | 439          |
|    iterations           | 27           |
|    time_elapsed         | 1509         |
|    total_timesteps      | 663552       |
| train/                  |              |
|    approx_kl            | 0.0064621256 |
|    clip_fraction        | 0.0606       |
|    clip_range           | 0.2          |
|    entropy_loss         | -1.61        |
|    explained_variance   | 0.948        |
|    learning_rate        | 0.0003       |
|    loss                 | 0.00413      |
|    n_updates            | 130          |
|    policy_gradient_loss | -0.00467     |
|    value_loss           | 0.0629       |
------------------------------------------
------------------------------------------
| rollout/                |              |
|    ep_len_mean          | 250          |
|    ep_rew_mean          | 25.1         |
| time/                   |              |
|    fps                  | 439          |
|    iterations           | 28           |
|    time_elapsed         | 1565         |
|    total_timesteps      | 688128       |
| train/                  |              |
|    approx_kl            | 0.0063837194 |
|    clip_fraction        | 0.0658       |
|    clip_range           | 0.2          |
|    entropy_loss         | -1.58        |
|    explained_variance   | 0.966        |
|    learning_rate        | 0.0003       |
|    loss                 | 0.0101       |
|    n_updates            | 135          |
|    policy_gradient_loss | -0.00405     |
|    value_loss           | 0.057        |
------------------------------------------
------------------------------------------
| rollout/                |              |
|    ep_len_mean          | 247          |
|    ep_rew_mean          | 26.9         |
| time/                   |              |
|    fps                  | 439          |
|    iterations           | 29           |
|    time_elapsed         | 1620         |
|    total_timesteps      | 712704       |
| train/                  |              |
|    approx_kl            | 0.0062595005 |
|    clip_fraction        | 0.055        |
|    clip_range           | 0.2          |
|    entropy_loss         | -1.55        |
|    explained_variance   | 0.97         |
|    learning_rate        | 0.0003       |
|    loss                 | -0.000434    |
|    n_updates            | 140          |
|    policy_gradient_loss | -0.00443     |
|    value_loss           | 0.0554       |
------------------------------------------
------------------------------------------
| rollout/                |              |
|    ep_len_mean          | 246          |
|    ep_rew_mean          | 25.5         |
| time/                   |              |
|    fps                  | 440          |
|    iterations           | 30           |
|    time_elapsed         | 1674         |
|    total_timesteps      | 737280       |
| train/                  |              |
|    approx_kl            | 0.0057884534 |
|    clip_fraction        | 0.0566       |
|    clip_range           | 0.2          |
|    entropy_loss         | -1.5         |
|    explained_variance   | 0.967        |
|    learning_rate        | 0.0003       |
|    loss                 | -0.0016      |
|    n_updates            | 145          |
|    policy_gradient_loss | -0.0035      |
|    value_loss           | 0.0512       |
------------------------------------------
-----------------------------------------
| rollout/                |             |
|    ep_len_mean          | 198         |
|    ep_rew_mean          | 33.1        |
| time/                   |             |
|    fps                  | 440         |
|    iterations           | 31          |
|    time_elapsed         | 1728        |
|    total_timesteps      | 761856      |
| train/                  |             |
|    approx_kl            | 0.005408343 |
|    clip_fraction        | 0.0592      |
|    clip_range           | 0.2         |
|    entropy_loss         | -1.52       |
|    explained_variance   | 0.956       |
|    learning_rate        | 0.0003      |
|    loss                 | 0.00455     |
|    n_updates            | 150         |
|    policy_gradient_loss | -0.00348    |
|    value_loss           | 0.0551      |
-----------------------------------------
------------------------------------------
| rollout/                |              |
|    ep_len_mean          | 202          |
|    ep_rew_mean          | 33.8         |
| time/                   |              |
|    fps                  | 441          |
|    iterations           | 32           |
|    time_elapsed         | 1780         |
|    total_timesteps      | 786432       |
| train/                  |              |
|    approx_kl            | 0.0069592926 |
|    clip_fraction        | 0.0762       |
|    clip_range           | 0.2          |
|    entropy_loss         | -1.48        |
|    explained_variance   | 0.955        |
|    learning_rate        | 0.0003       |
|    loss                 | -0.00125     |
|    n_updates            | 155          |
|    policy_gradient_loss | -0.00556     |
|    value_loss           | 0.045        |
------------------------------------------
-----------------------------------------
| rollout/                |             |
|    ep_len_mean          | 248         |
|    ep_rew_mean          | 29.1        |
| time/                   |             |
|    fps                  | 442         |
|    iterations           | 33          |
|    time_elapsed         | 1834        |
|    total_timesteps      | 811008      |
| train/                  |             |
|    approx_kl            | 0.005549666 |
|    clip_fraction        | 0.0558      |
|    clip_range           | 0.2         |
|    entropy_loss         | -1.45       |
|    explained_variance   | 0.977       |
|    learning_rate        | 0.0003      |
|    loss                 | 0.00354     |
|    n_updates            | 160         |
|    policy_gradient_loss | -0.00296    |
|    value_loss           | 0.0409      |
-----------------------------------------
-----------------------------------------
| rollout/                |             |
|    ep_len_mean          | 339         |
|    ep_rew_mean          | 19.3        |
| time/                   |             |
|    fps                  | 442         |
|    iterations           | 34          |
|    time_elapsed         | 1889        |
|    total_timesteps      | 835584      |
| train/                  |             |
|    approx_kl            | 0.005540151 |
|    clip_fraction        | 0.0486      |
|    clip_range           | 0.2         |
|    entropy_loss         | -1.39       |
|    explained_variance   | 0.983       |
|    learning_rate        | 0.0003      |
|    loss                 | -0.0106     |
|    n_updates            | 165         |
|    policy_gradient_loss | -0.00385    |
|    value_loss           | 0.0377      |
-----------------------------------------
-----------------------------------------
| rollout/                |             |
|    ep_len_mean          | 239         |
|    ep_rew_mean          | 31.2        |
| time/                   |             |
|    fps                  | 442         |
|    iterations           | 35          |
|    time_elapsed         | 1944        |
|    total_timesteps      | 860160      |
| train/                  |             |
|    approx_kl            | 0.005962416 |
|    clip_fraction        | 0.0521      |
|    clip_range           | 0.2         |
|    entropy_loss         | -1.37       |
|    explained_variance   | 0.979       |
|    learning_rate        | 0.0003      |
|    loss                 | 0.0127      |
|    n_updates            | 170         |
|    policy_gradient_loss | -0.00427    |
|    value_loss           | 0.043       |
-----------------------------------------
-----------------------------------------
| rollout/                |             |
|    ep_len_mean          | 254         |
|    ep_rew_mean          | 33.1        |
| time/                   |             |
|    fps                  | 442         |
|    iterations           | 36          |
|    time_elapsed         | 2001        |
|    total_timesteps      | 884736      |
| train/                  |             |
|    approx_kl            | 0.005924923 |
|    clip_fraction        | 0.0554      |
|    clip_range           | 0.2         |
|    entropy_loss         | -1.37       |
|    explained_variance   | 0.972       |
|    learning_rate        | 0.0003      |
|    loss                 | 0.00269     |
|    n_updates            | 175         |
|    policy_gradient_loss | -0.00388    |
|    value_loss           | 0.0442      |
-----------------------------------------
-----------------------------------------
| rollout/                |             |
|    ep_len_mean          | 242         |
|    ep_rew_mean          | 33.3        |
| time/                   |             |
|    fps                  | 441         |
|    iterations           | 37          |
|    time_elapsed         | 2058        |
|    total_timesteps      | 909312      |
| train/                  |             |
|    approx_kl            | 0.005885862 |
|    clip_fraction        | 0.058       |
|    clip_range           | 0.2         |
|    entropy_loss         | -1.36       |
|    explained_variance   | 0.977       |
|    learning_rate        | 0.0003      |
|    loss                 | 0.0016      |
|    n_updates            | 180         |
|    policy_gradient_loss | -0.0037     |
|    value_loss           | 0.0388      |
-----------------------------------------
------------------------------------------
| rollout/                |              |
|    ep_len_mean          | 342          |
|    ep_rew_mean          | 27.8         |
| time/                   |              |
|    fps                  | 441          |
|    iterations           | 38           |
|    time_elapsed         | 2114         |
|    total_timesteps      | 933888       |
| train/                  |              |
|    approx_kl            | 0.0060550957 |
|    clip_fraction        | 0.0516       |
|    clip_range           | 0.2          |
|    entropy_loss         | -1.3         |
|    explained_variance   | 0.981        |
|    learning_rate        | 0.0003       |
|    loss                 | 0.0018       |
|    n_updates            | 185          |
|    policy_gradient_loss | -0.00365     |
|    value_loss           | 0.0335       |
------------------------------------------
-----------------------------------------
| rollout/                |             |
|    ep_len_mean          | 184         |
|    ep_rew_mean          | 38.4        |
| time/                   |             |
|    fps                  | 441         |
|    iterations           | 39          |
|    time_elapsed         | 2168        |
|    total_timesteps      | 958464      |
| train/                  |             |
|    approx_kl            | 0.006728396 |
|    clip_fraction        | 0.0563      |
|    clip_range           | 0.2         |
|    entropy_loss         | -1.32       |
|    explained_variance   | 0.984       |
|    learning_rate        | 0.0003      |
|    loss                 | -0.00862    |
|    n_updates            | 190         |
|    policy_gradient_loss | -0.00411    |
|    value_loss           | 0.0283      |
-----------------------------------------
------------------------------------------
| rollout/                |              |
|    ep_len_mean          | 289          |
|    ep_rew_mean          | 31           |
| time/                   |              |
|    fps                  | 442          |
|    iterations           | 40           |
|    time_elapsed         | 2222         |
|    total_timesteps      | 983040       |
| train/                  |              |
|    approx_kl            | 0.0058469065 |
|    clip_fraction        | 0.0575       |
|    clip_range           | 0.2          |
|    entropy_loss         | -1.31        |
|    explained_variance   | 0.971        |
|    learning_rate        | 0.0003       |
|    loss                 | 0.00709      |
|    n_updates            | 195          |
|    policy_gradient_loss | -0.00307     |
|    value_loss           | 0.0451       |
------------------------------------------
[Checkpoint] Saved at 1000000 steps > /home/runner/work/Disciples2-RL/Disciples2-RL/github_experiments/126/small/green_dragon/seed126-small-green_dragon-31459181645-1/checkpoints/campaign_ppo_step_1000000.zip
Eval num_timesteps=1000008, det_reward=12.67 +/- 177.45
Episode length: det=418.05 +/- 1021.47
Victory rate: det=0.00%
--------------------------------------------------
| eval/                           |              |
|    deterministic_mean_ep_length | 418          |
|    deterministic_mean_reward    | 12.7         |
|    deterministic_victory_rate   | 0            |
|    mean_ep_length               | 418          |
|    mean_reward                  | 12.7         |
|    victory_rate                 | 0            |
| time/                           |              |
|    total_timesteps              | 1000008      |
| train/                          |              |
|    approx_kl                    | 0.0061815977 |
|    clip_fraction                | 0.0591       |
|    clip_range                   | 0.2          |
|    entropy_loss                 | -1.34        |
|    explained_variance           | 0.978        |
|    learning_rate                | 0.0003       |
|    loss                         | -0.00816     |
|    n_updates                    | 200          |
|    policy_gradient_loss         | -0.0046      |
|    value_loss                   | 0.0337       |
--------------------------------------------------
New best model by deterministic victory rate!
---------------------------------
| rollout/           |          |
|    ep_len_mean     | 258      |
|    ep_rew_mean     | 39.5     |
| time/              |          |
|    fps             | 436      |
|    iterations      | 41       |
|    time_elapsed    | 2308     |
|    total_timesteps | 1007616  |
---------------------------------
VecNormalize stats saved: /home/runner/work/Disciples2-RL/Disciples2-RL/github_experiments/126/small/green_dragon/seed126-small-green_dragon-31459181645-1/models/vecnormalize.pkl

Финальная модель сохранена: /home/runner/work/Disciples2-RL/Disciples2-RL/github_experiments/126/small/green_dragon/seed126-small-green_dragon-31459181645-1/models/final_model.zip

============================================================
ИТОГИ ОБУЧЕНИЯ:
  Побед: 2
  Поражений: 5270
  Таймаутов: 6
  Побед бота столицы над врагами: 0
  Перестановок юнитов: 203648
  Терминальные поражения по противникам:
    enemy_31: 815 — Отряд: зеленый дракон
    enemy_29: 580 — Отряд: 3 скваера на передней линии
    enemy_25: 489 — Отряд: копейщик спереди и служка сзади
    enemy_23: 461 — Отряд: волк на передней линии
    enemy_15: 459 — Отряд: 2 привидения спереди, вампир сзади
    enemy_7: 383 — Отряд: воин + привидение спереди, колдун + призрак + привидение сзади
    enemy_61: 359 — Отряд: Зомби, Призрак
    enemy_34: 334 — Отряд Порта Полонис: Воин спереди, Колдун, Нигош (Носферату) и Привидение сзади
    enemy_74: 326 — Руины (43, 34): Лорд Тьмы, Лич
    enemy_17: 236 — Отряд: воин спереди, 2 призрака и привидение сзади
    enemy_65: 199 — Отряд: Кентавр копейщик, Рейнджер
    enemy_27: 180 — Отряд: скваер в центре и 2 крестьянина на передней линии
    enemy_19: 98 — Отряд: зомби спереди, привидение сзади
    enemy_21: 96 — Отряд: зомби спереди, привидение сзади
    enemy_3: 46 — Отряд: орк чемпион на передней линии
    enemy_9: 38 — Отряд: тамплиер спереди, колдун и призрак сзади
    enemy_35: 36 — Отряд Соругириллы: Унфегра (Королева личей), Виверна
    enemy_11: 36 — Отряд: оборотень спереди и тень сзади
    enemy_59: 20 — Отряд: Зомби
    enemy_63: 15 — Отряд: Разбойник
    enemy_57: 14 — Отряд: Призрак, Привидение, Воин
    enemy_5: 11 — Отряд: орк чемпион на передней линии
    enemy_70: 8 — Руины (15, 9): Орк, Гоблин, Гоблин
    enemy_13: 5 — Отряд: 2 зомби спереди и привидение сзади
    enemy_69: 5 — Внутренний гарнизон Соругириллы: Зомби, Воин
    enemy_43: 5 — Отряд: Призрак, Тамплиер
    enemy_68: 4 — Внутренний гарнизон Порта Полонис: Зомби, Воин
    enemy_49: 3 — Отряд: Гном
    enemy_47: 3 — Отряд: Призрак, Привидение, Привидение, Воин
    enemy_1: 2 — Отряд: волк на передней линии
    enemy_39: 2 — Отряд: Волк, Варвар
    enemy_53: 2 — Отряд: Скваер, Ополченец
  Winrate: 0.0%
============================================================
  График призывов за эпизод: /home/runner/work/Disciples2-RL/Disciples2-RL/github_experiments/126/small/green_dragon/seed126-small-green_dragon-31459181645-1/plots/campaign_summoned_units_per_episode.png
  График призывов за всё обучение: /home/runner/work/Disciples2-RL/Disciples2-RL/github_experiments/126/small/green_dragon/seed126-small-green_dragon-31459181645-1/plots/campaign_summoned_units_cumulative.png
  График найма за эпизод: /home/runner/work/Disciples2-RL/Disciples2-RL/github_experiments/126/small/green_dragon/seed126-small-green_dragon-31459181645-1/plots/campaign_hired_units_per_episode.png
  График найма за всё обучение: /home/runner/work/Disciples2-RL/Disciples2-RL/github_experiments/126/small/green_dragon/seed126-small-green_dragon-31459181645-1/plots/campaign_hired_units_cumulative.png
  График перестановок юнитов за эпизод: /home/runner/work/Disciples2-RL/Disciples2-RL/github_experiments/126/small/green_dragon/seed126-small-green_dragon-31459181645-1/plots/campaign_unit_swaps_per_episode.png
  График боевых предметов: /home/runner/work/Disciples2-RL/Disciples2-RL/github_experiments/126/small/green_dragon/seed126-small-green_dragon-31459181645-1/plots/campaign_battle_item_activity.png
  График побед бота столицы за эпизод: /home/runner/work/Disciples2-RL/Disciples2-RL/github_experiments/126/small/green_dragon/seed126-small-green_dragon-31459181645-1/plots/campaign_scripted_bot_victories_per_episode.png
  График применения заклинаний: /home/runner/work/Disciples2-RL/Disciples2-RL/github_experiments/126/small/green_dragon/seed126-small-green_dragon-31459181645-1/plots/campaign_spell_cast_activity.png
