Проверка среды CampaignEnv...
Среда прошла проверку!
[INFO] Comet disabled, running without experiment tracking
Создание 12 параллельных сред (subproc)...
Инициализация MaskablePPO...
Using cpu device

============================================================
Запуск обучения Campaign Agent
Всего шагов: 1,000,000
Параллельных сред: 12
VecEnv: subproc
VecEnv start method: forkserver
Seed: 135
Checkpoint каждые: 500,000 шагов
Evaluation каждые: 83,334 шагов
Eval deterministic эпизодов: 20
Eval stochastic эпизодов: 0
Eval лимит шагов на эпизод: 5000
Campaign map: formation_train
Campaign objective: all_enemies
System resources at training start:
  Platform: Linux 6.17.0-1022-azure (x86_64)
  Python: 3.14.7
  PyTorch: 2.14.0+cpu
  Training device: cpu
  CPU model: AMD EPYC 9V74 80-Core Processor
  CPU vendor: AuthenticAMD
  Logical CPUs visible: 4
  Process CPU affinity: 4
  Sockets: 1
  Cores per socket: 2
  Threads per core: 2
  CPU max MHz: unknown
  CPU min MHz: unknown
  L1d cache: 64 KiB (2 instances)
  L1i cache: 64 KiB (2 instances)
  L2 cache: 2 MiB (2 instances)
  L3 cache: 32 MiB (1 instance)
  Virtualization: AMD-V
  Hypervisor: Microsoft
  RAM total: 15.61 GiB
  RAM available at start: 13.83 GiB
  Disk total: 144.26 GiB
  Disk free at start: 75.58 GiB
  Torch intra-op threads: 4
  Torch inter-op threads: 2
  OMP_NUM_THREADS: 4
  MKL_NUM_THREADS: 4
  OPENBLAS_NUM_THREADS: 4
  GitHub runner OS: Linux
  GitHub runner architecture: X64
  GitHub runner environment: github-hosted
PPO n_steps: 2,048
PPO batch_size: 512
PPO n_epochs: 5
PPO learning_rate: 0.0003
PPO clip_range: 0.2
PPO ent_coef: 0.01
PPO gamma: 0.995
PPO gae_lambda: 0.95
PPO target_kl: disabled
PPO gradient batches per rollout: 240
VecCheckNan: disabled
Freeze action layout: enabled
Empire territory: enabled
Torch threads per process: 4
Diagnostics: disabled
Wall-clock training limit: disabled
Run ID: seed135-formation_train-all_enemies-34416061399-1
============================================================

Logging to /home/runner/work/Disciples2-RL/Disciples2-RL/github_experiments/135/formation_train/all_enemies/seed135-formation_train-all_enemies-34416061399-1/tensorboard/MaskablePPO_1
---------------------------------
| rollout/           |          |
|    ep_len_mean     | 1.34e+03 |
|    ep_rew_mean     | -61      |
| time/              |          |
|    fps             | 627      |
|    iterations      | 1        |
|    time_elapsed    | 39       |
|    total_timesteps | 24576    |
---------------------------------
------------------------------------------
| rollout/                |              |
|    ep_len_mean          | 2.33e+03     |
|    ep_rew_mean          | -141         |
| time/                   |              |
|    fps                  | 601          |
|    iterations           | 2            |
|    time_elapsed         | 81           |
|    total_timesteps      | 49152        |
| train/                  |              |
|    approx_kl            | 0.0068459082 |
|    clip_fraction        | 0.0348       |
|    clip_range           | 0.2          |
|    entropy_loss         | -2.27        |
|    explained_variance   | 0.181        |
|    learning_rate        | 0.0003       |
|    loss                 | 0.0461       |
|    n_updates            | 5            |
|    policy_gradient_loss | -0.00364     |
|    value_loss           | 0.158        |
------------------------------------------
-----------------------------------------
| rollout/                |             |
|    ep_len_mean          | 2.38e+03    |
|    ep_rew_mean          | -167        |
| time/                   |             |
|    fps                  | 595         |
|    iterations           | 3           |
|    time_elapsed         | 123         |
|    total_timesteps      | 73728       |
| train/                  |             |
|    approx_kl            | 0.007826408 |
|    clip_fraction        | 0.042       |
|    clip_range           | 0.2         |
|    entropy_loss         | -2.23       |
|    explained_variance   | 0.351       |
|    learning_rate        | 0.0003      |
|    loss                 | -0.025      |
|    n_updates            | 10          |
|    policy_gradient_loss | -0.00474    |
|    value_loss           | 0.0169      |
-----------------------------------------
-----------------------------------------
| rollout/                |             |
|    ep_len_mean          | 2.73e+03    |
|    ep_rew_mean          | -202        |
| time/                   |             |
|    fps                  | 591         |
|    iterations           | 4           |
|    time_elapsed         | 166         |
|    total_timesteps      | 98304       |
| train/                  |             |
|    approx_kl            | 0.008083881 |
|    clip_fraction        | 0.0552      |
|    clip_range           | 0.2         |
|    entropy_loss         | -2.22       |
|    explained_variance   | 0.842       |
|    learning_rate        | 0.0003      |
|    loss                 | -0.0352     |
|    n_updates            | 15          |
|    policy_gradient_loss | -0.0061     |
|    value_loss           | 0.00533     |
-----------------------------------------
-----------------------------------------
| rollout/                |             |
|    ep_len_mean          | 2.84e+03    |
|    ep_rew_mean          | -213        |
| time/                   |             |
|    fps                  | 588         |
|    iterations           | 5           |
|    time_elapsed         | 208         |
|    total_timesteps      | 122880      |
| train/                  |             |
|    approx_kl            | 0.010227173 |
|    clip_fraction        | 0.0703      |
|    clip_range           | 0.2         |
|    entropy_loss         | -2.22       |
|    explained_variance   | 0.828       |
|    learning_rate        | 0.0003      |
|    loss                 | -0.0189     |
|    n_updates            | 20          |
|    policy_gradient_loss | -0.00553    |
|    value_loss           | 0.00845     |
-----------------------------------------
-----------------------------------------
| rollout/                |             |
|    ep_len_mean          | 2.97e+03    |
|    ep_rew_mean          | -226        |
| time/                   |             |
|    fps                  | 588         |
|    iterations           | 6           |
|    time_elapsed         | 250         |
|    total_timesteps      | 147456      |
| train/                  |             |
|    approx_kl            | 0.011215682 |
|    clip_fraction        | 0.0898      |
|    clip_range           | 0.2         |
|    entropy_loss         | -2.21       |
|    explained_variance   | 0.851       |
|    learning_rate        | 0.0003      |
|    loss                 | -0.0312     |
|    n_updates            | 25          |
|    policy_gradient_loss | -0.00639    |
|    value_loss           | 0.0059      |
-----------------------------------------
----------------------------------------
| rollout/                |            |
|    ep_len_mean          | 2.97e+03   |
|    ep_rew_mean          | -233       |
| time/                   |            |
|    fps                  | 593        |
|    iterations           | 7          |
|    time_elapsed         | 289        |
|    total_timesteps      | 172032     |
| train/                  |            |
|    approx_kl            | 0.00959085 |
|    clip_fraction        | 0.0618     |
|    clip_range           | 0.2        |
|    entropy_loss         | -2.19      |
|    explained_variance   | 0.765      |
|    learning_rate        | 0.0003     |
|    loss                 | -0.0268    |
|    n_updates            | 30         |
|    policy_gradient_loss | -0.00515   |
|    value_loss           | 0.0123     |
----------------------------------------
-----------------------------------------
| rollout/                |             |
|    ep_len_mean          | 3.02e+03    |
|    ep_rew_mean          | -231        |
| time/                   |             |
|    fps                  | 598         |
|    iterations           | 8           |
|    time_elapsed         | 328         |
|    total_timesteps      | 196608      |
| train/                  |             |
|    approx_kl            | 0.009300624 |
|    clip_fraction        | 0.0556      |
|    clip_range           | 0.2         |
|    entropy_loss         | -2.21       |
|    explained_variance   | 0.885       |
|    learning_rate        | 0.0003      |
|    loss                 | -0.0294     |
|    n_updates            | 35          |
|    policy_gradient_loss | -0.00551    |
|    value_loss           | 0.0101      |
-----------------------------------------
------------------------------------------
| rollout/                |              |
|    ep_len_mean          | 3.14e+03     |
|    ep_rew_mean          | -257         |
| time/                   |              |
|    fps                  | 603          |
|    iterations           | 9            |
|    time_elapsed         | 366          |
|    total_timesteps      | 221184       |
| train/                  |              |
|    approx_kl            | 0.0087399455 |
|    clip_fraction        | 0.0395       |
|    clip_range           | 0.2          |
|    entropy_loss         | -2.18        |
|    explained_variance   | 0.946        |
|    learning_rate        | 0.0003       |
|    loss                 | -0.0203      |
|    n_updates            | 40           |
|    policy_gradient_loss | -0.00313     |
|    value_loss           | 0.00484      |
------------------------------------------
-----------------------------------------
| rollout/                |             |
|    ep_len_mean          | 3.18e+03    |
|    ep_rew_mean          | -261        |
| time/                   |             |
|    fps                  | 608         |
|    iterations           | 10          |
|    time_elapsed         | 404         |
|    total_timesteps      | 245760      |
| train/                  |             |
|    approx_kl            | 0.010433336 |
|    clip_fraction        | 0.0788      |
|    clip_range           | 0.2         |
|    entropy_loss         | -2.2        |
|    explained_variance   | 0.939       |
|    learning_rate        | 0.0003      |
|    loss                 | -0.0276     |
|    n_updates            | 45          |
|    policy_gradient_loss | -0.00574    |
|    value_loss           | 0.00736     |
-----------------------------------------
-----------------------------------------
| rollout/                |             |
|    ep_len_mean          | 3.1e+03     |
|    ep_rew_mean          | -249        |
| time/                   |             |
|    fps                  | 611         |
|    iterations           | 11          |
|    time_elapsed         | 441         |
|    total_timesteps      | 270336      |
| train/                  |             |
|    approx_kl            | 0.010059706 |
|    clip_fraction        | 0.0636      |
|    clip_range           | 0.2         |
|    entropy_loss         | -2.19       |
|    explained_variance   | 0.887       |
|    learning_rate        | 0.0003      |
|    loss                 | -0.0327     |
|    n_updates            | 50          |
|    policy_gradient_loss | -0.00591    |
|    value_loss           | 0.00621     |
-----------------------------------------
-----------------------------------------
| rollout/                |             |
|    ep_len_mean          | 3.09e+03    |
|    ep_rew_mean          | -247        |
| time/                   |             |
|    fps                  | 613         |
|    iterations           | 12          |
|    time_elapsed         | 480         |
|    total_timesteps      | 294912      |
| train/                  |             |
|    approx_kl            | 0.008365863 |
|    clip_fraction        | 0.0533      |
|    clip_range           | 0.2         |
|    entropy_loss         | -2.19       |
|    explained_variance   | 0.935       |
|    learning_rate        | 0.0003      |
|    loss                 | -0.0236     |
|    n_updates            | 55          |
|    policy_gradient_loss | -0.00583    |
|    value_loss           | 0.0127      |
-----------------------------------------
-----------------------------------------
| rollout/                |             |
|    ep_len_mean          | 3.13e+03    |
|    ep_rew_mean          | -256        |
| time/                   |             |
|    fps                  | 615         |
|    iterations           | 13          |
|    time_elapsed         | 519         |
|    total_timesteps      | 319488      |
| train/                  |             |
|    approx_kl            | 0.008208029 |
|    clip_fraction        | 0.0523      |
|    clip_range           | 0.2         |
|    entropy_loss         | -2.2        |
|    explained_variance   | 0.961       |
|    learning_rate        | 0.0003      |
|    loss                 | -0.0165     |
|    n_updates            | 60          |
|    policy_gradient_loss | -0.00526    |
|    value_loss           | 0.00598     |
-----------------------------------------
------------------------------------------
| rollout/                |              |
|    ep_len_mean          | 3.15e+03     |
|    ep_rew_mean          | -261         |
| time/                   |              |
|    fps                  | 617          |
|    iterations           | 14           |
|    time_elapsed         | 557          |
|    total_timesteps      | 344064       |
| train/                  |              |
|    approx_kl            | 0.0090007335 |
|    clip_fraction        | 0.0457       |
|    clip_range           | 0.2          |
|    entropy_loss         | -2.24        |
|    explained_variance   | 0.98         |
|    learning_rate        | 0.0003       |
|    loss                 | -0.0237      |
|    n_updates            | 65           |
|    policy_gradient_loss | -0.00505     |
|    value_loss           | 0.00906      |
------------------------------------------
-----------------------------------------
| rollout/                |             |
|    ep_len_mean          | 3.27e+03    |
|    ep_rew_mean          | -276        |
| time/                   |             |
|    fps                  | 618         |
|    iterations           | 15          |
|    time_elapsed         | 595         |
|    total_timesteps      | 368640      |
| train/                  |             |
|    approx_kl            | 0.008060091 |
|    clip_fraction        | 0.0528      |
|    clip_range           | 0.2         |
|    entropy_loss         | -2.18       |
|    explained_variance   | 0.976       |
|    learning_rate        | 0.0003      |
|    loss                 | -0.0278     |
|    n_updates            | 70          |
|    policy_gradient_loss | -0.00551    |
|    value_loss           | 0.0037      |
-----------------------------------------
-----------------------------------------
| rollout/                |             |
|    ep_len_mean          | 3.16e+03    |
|    ep_rew_mean          | -268        |
| time/                   |             |
|    fps                  | 620         |
|    iterations           | 16          |
|    time_elapsed         | 633         |
|    total_timesteps      | 393216      |
| train/                  |             |
|    approx_kl            | 0.008854604 |
|    clip_fraction        | 0.0467      |
|    clip_range           | 0.2         |
|    entropy_loss         | -2.2        |
|    explained_variance   | 0.965       |
|    learning_rate        | 0.0003      |
|    loss                 | -0.0246     |
|    n_updates            | 75          |
|    policy_gradient_loss | -0.00448    |
|    value_loss           | 0.0102      |
-----------------------------------------
------------------------------------------
| rollout/                |              |
|    ep_len_mean          | 2.98e+03     |
|    ep_rew_mean          | -252         |
| time/                   |              |
|    fps                  | 621          |
|    iterations           | 17           |
|    time_elapsed         | 672          |
|    total_timesteps      | 417792       |
| train/                  |              |
|    approx_kl            | 0.0072081513 |
|    clip_fraction        | 0.0424       |
|    clip_range           | 0.2          |
|    entropy_loss         | -2.15        |
|    explained_variance   | 0.936        |
|    learning_rate        | 0.0003       |
|    loss                 | -0.0191      |
|    n_updates            | 80           |
|    policy_gradient_loss | -0.00508     |
|    value_loss           | 0.0141       |
------------------------------------------
------------------------------------------
| rollout/                |              |
|    ep_len_mean          | 2.8e+03      |
|    ep_rew_mean          | -235         |
| time/                   |              |
|    fps                  | 621          |
|    iterations           | 18           |
|    time_elapsed         | 711          |
|    total_timesteps      | 442368       |
| train/                  |              |
|    approx_kl            | 0.0077381716 |
|    clip_fraction        | 0.0411       |
|    clip_range           | 0.2          |
|    entropy_loss         | -2.19        |
|    explained_variance   | 0.961        |
|    learning_rate        | 0.0003       |
|    loss                 | -0.0274      |
|    n_updates            | 85           |
|    policy_gradient_loss | -0.0046      |
|    value_loss           | 0.00994      |
------------------------------------------
-----------------------------------------
| rollout/                |             |
|    ep_len_mean          | 2.62e+03    |
|    ep_rew_mean          | -224        |
| time/                   |             |
|    fps                  | 622         |
|    iterations           | 19          |
|    time_elapsed         | 749         |
|    total_timesteps      | 466944      |
| train/                  |             |
|    approx_kl            | 0.008939101 |
|    clip_fraction        | 0.0667      |
|    clip_range           | 0.2         |
|    entropy_loss         | -2.16       |
|    explained_variance   | 0.97        |
|    learning_rate        | 0.0003      |
|    loss                 | -0.0303     |
|    n_updates            | 90          |
|    policy_gradient_loss | -0.00592    |
|    value_loss           | 0.0125      |
-----------------------------------------
-----------------------------------------
| rollout/                |             |
|    ep_len_mean          | 2.49e+03    |
|    ep_rew_mean          | -208        |
| time/                   |             |
|    fps                  | 624         |
|    iterations           | 20          |
|    time_elapsed         | 787         |
|    total_timesteps      | 491520      |
| train/                  |             |
|    approx_kl            | 0.008000791 |
|    clip_fraction        | 0.0391      |
|    clip_range           | 0.2         |
|    entropy_loss         | -2.17       |
|    explained_variance   | 0.977       |
|    learning_rate        | 0.0003      |
|    loss                 | -0.0283     |
|    n_updates            | 95          |
|    policy_gradient_loss | -0.00574    |
|    value_loss           | 0.00819     |
-----------------------------------------
[Checkpoint] Saved at 500000 steps > /home/runner/work/Disciples2-RL/Disciples2-RL/github_experiments/135/formation_train/all_enemies/seed135-formation_train-all_enemies-34416061399-1/checkpoints/campaign_ppo_step_500000.zip
-----------------------------------------
| rollout/                |             |
|    ep_len_mean          | 2.33e+03    |
|    ep_rew_mean          | -194        |
| time/                   |             |
|    fps                  | 625         |
|    iterations           | 21          |
|    time_elapsed         | 825         |
|    total_timesteps      | 516096      |
| train/                  |             |
|    approx_kl            | 0.008029831 |
|    clip_fraction        | 0.0551      |
|    clip_range           | 0.2         |
|    entropy_loss         | -2.13       |
|    explained_variance   | 0.909       |
|    learning_rate        | 0.0003      |
|    loss                 | -0.0211     |
|    n_updates            | 100         |
|    policy_gradient_loss | -0.00472    |
|    value_loss           | 0.014       |
-----------------------------------------
-----------------------------------------
| rollout/                |             |
|    ep_len_mean          | 2.23e+03    |
|    ep_rew_mean          | -180        |
| time/                   |             |
|    fps                  | 626         |
|    iterations           | 22          |
|    time_elapsed         | 863         |
|    total_timesteps      | 540672      |
| train/                  |             |
|    approx_kl            | 0.007796859 |
|    clip_fraction        | 0.0461      |
|    clip_range           | 0.2         |
|    entropy_loss         | -2.12       |
|    explained_variance   | 0.944       |
|    learning_rate        | 0.0003      |
|    loss                 | -0.0294     |
|    n_updates            | 105         |
|    policy_gradient_loss | -0.00533    |
|    value_loss           | 0.0149      |
-----------------------------------------
-----------------------------------------
| rollout/                |             |
|    ep_len_mean          | 2.09e+03    |
|    ep_rew_mean          | -157        |
| time/                   |             |
|    fps                  | 626         |
|    iterations           | 23          |
|    time_elapsed         | 902         |
|    total_timesteps      | 565248      |
| train/                  |             |
|    approx_kl            | 0.008546759 |
|    clip_fraction        | 0.0483      |
|    clip_range           | 0.2         |
|    entropy_loss         | -2.11       |
|    explained_variance   | 0.945       |
|    learning_rate        | 0.0003      |
|    loss                 | -0.0144     |
|    n_updates            | 110         |
|    policy_gradient_loss | -0.00431    |
|    value_loss           | 0.0155      |
-----------------------------------------
------------------------------------------
| rollout/                |              |
|    ep_len_mean          | 2.04e+03     |
|    ep_rew_mean          | -149         |
| time/                   |              |
|    fps                  | 627          |
|    iterations           | 24           |
|    time_elapsed         | 940          |
|    total_timesteps      | 589824       |
| train/                  |              |
|    approx_kl            | 0.0052135666 |
|    clip_fraction        | 0.0218       |
|    clip_range           | 0.2          |
|    entropy_loss         | -2.09        |
|    explained_variance   | 0.857        |
|    learning_rate        | 0.0003       |
|    loss                 | -0.0156      |
|    n_updates            | 115          |
|    policy_gradient_loss | -0.00271     |
|    value_loss           | 0.0181       |
------------------------------------------
-----------------------------------------
| rollout/                |             |
|    ep_len_mean          | 1.94e+03    |
|    ep_rew_mean          | -138        |
| time/                   |             |
|    fps                  | 627         |
|    iterations           | 25          |
|    time_elapsed         | 979         |
|    total_timesteps      | 614400      |
| train/                  |             |
|    approx_kl            | 0.008068687 |
|    clip_fraction        | 0.0643      |
|    clip_range           | 0.2         |
|    entropy_loss         | -2.13       |
|    explained_variance   | 0.912       |
|    learning_rate        | 0.0003      |
|    loss                 | -0.0202     |
|    n_updates            | 120         |
|    policy_gradient_loss | -0.00501    |
|    value_loss           | 0.0122      |
-----------------------------------------
-----------------------------------------
| rollout/                |             |
|    ep_len_mean          | 1.75e+03    |
|    ep_rew_mean          | -113        |
| time/                   |             |
|    fps                  | 628         |
|    iterations           | 26          |
|    time_elapsed         | 1017        |
|    total_timesteps      | 638976      |
| train/                  |             |
|    approx_kl            | 0.007614789 |
|    clip_fraction        | 0.0557      |
|    clip_range           | 0.2         |
|    entropy_loss         | -2.08       |
|    explained_variance   | 0.909       |
|    learning_rate        | 0.0003      |
|    loss                 | -0.0149     |
|    n_updates            | 125         |
|    policy_gradient_loss | -0.00454    |
|    value_loss           | 0.0166      |
-----------------------------------------
-----------------------------------------
| rollout/                |             |
|    ep_len_mean          | 1.54e+03    |
|    ep_rew_mean          | -94         |
| time/                   |             |
|    fps                  | 628         |
|    iterations           | 27          |
|    time_elapsed         | 1056        |
|    total_timesteps      | 663552      |
| train/                  |             |
|    approx_kl            | 0.009464733 |
|    clip_fraction        | 0.0583      |
|    clip_range           | 0.2         |
|    entropy_loss         | -2.1        |
|    explained_variance   | 0.894       |
|    learning_rate        | 0.0003      |
|    loss                 | -0.0238     |
|    n_updates            | 130         |
|    policy_gradient_loss | -0.00439    |
|    value_loss           | 0.0132      |
-----------------------------------------
-----------------------------------------
| rollout/                |             |
|    ep_len_mean          | 1.28e+03    |
|    ep_rew_mean          | -71.2       |
| time/                   |             |
|    fps                  | 628         |
|    iterations           | 28          |
|    time_elapsed         | 1094        |
|    total_timesteps      | 688128      |
| train/                  |             |
|    approx_kl            | 0.009151625 |
|    clip_fraction        | 0.0707      |
|    clip_range           | 0.2         |
|    entropy_loss         | -2.11       |
|    explained_variance   | 0.919       |
|    learning_rate        | 0.0003      |
|    loss                 | -0.0185     |
|    n_updates            | 135         |
|    policy_gradient_loss | -0.00513    |
|    value_loss           | 0.0212      |
-----------------------------------------
-----------------------------------------
| rollout/                |             |
|    ep_len_mean          | 1.07e+03    |
|    ep_rew_mean          | -56.3       |
| time/                   |             |
|    fps                  | 628         |
|    iterations           | 29          |
|    time_elapsed         | 1134        |
|    total_timesteps      | 712704      |
| train/                  |             |
|    approx_kl            | 0.008074383 |
|    clip_fraction        | 0.0576      |
|    clip_range           | 0.2         |
|    entropy_loss         | -2.08       |
|    explained_variance   | 0.952       |
|    learning_rate        | 0.0003      |
|    loss                 | -0.0227     |
|    n_updates            | 140         |
|    policy_gradient_loss | -0.0048     |
|    value_loss           | 0.0126      |
-----------------------------------------
-----------------------------------------
| rollout/                |             |
|    ep_len_mean          | 978         |
|    ep_rew_mean          | -50.9       |
| time/                   |             |
|    fps                  | 628         |
|    iterations           | 30          |
|    time_elapsed         | 1173        |
|    total_timesteps      | 737280      |
| train/                  |             |
|    approx_kl            | 0.009904535 |
|    clip_fraction        | 0.0849      |
|    clip_range           | 0.2         |
|    entropy_loss         | -2.1        |
|    explained_variance   | 0.917       |
|    learning_rate        | 0.0003      |
|    loss                 | -0.0103     |
|    n_updates            | 145         |
|    policy_gradient_loss | -0.00648    |
|    value_loss           | 0.0192      |
-----------------------------------------
-----------------------------------------
| rollout/                |             |
|    ep_len_mean          | 1.03e+03    |
|    ep_rew_mean          | -51.5       |
| time/                   |             |
|    fps                  | 627         |
|    iterations           | 31          |
|    time_elapsed         | 1213        |
|    total_timesteps      | 761856      |
| train/                  |             |
|    approx_kl            | 0.008258146 |
|    clip_fraction        | 0.0726      |
|    clip_range           | 0.2         |
|    entropy_loss         | -2.09       |
|    explained_variance   | 0.922       |
|    learning_rate        | 0.0003      |
|    loss                 | -0.0312     |
|    n_updates            | 150         |
|    policy_gradient_loss | -0.00511    |
|    value_loss           | 0.0144      |
-----------------------------------------
-----------------------------------------
| rollout/                |             |
|    ep_len_mean          | 725         |
|    ep_rew_mean          | -29.4       |
| time/                   |             |
|    fps                  | 629         |
|    iterations           | 32          |
|    time_elapsed         | 1250        |
|    total_timesteps      | 786432      |
| train/                  |             |
|    approx_kl            | 0.008375897 |
|    clip_fraction        | 0.0695      |
|    clip_range           | 0.2         |
|    entropy_loss         | -2.08       |
|    explained_variance   | 0.919       |
|    learning_rate        | 0.0003      |
|    loss                 | -0.0274     |
|    n_updates            | 155         |
|    policy_gradient_loss | -0.00515    |
|    value_loss           | 0.0167      |
-----------------------------------------
-----------------------------------------
| rollout/                |             |
|    ep_len_mean          | 370         |
|    ep_rew_mean          | -10.9       |
| time/                   |             |
|    fps                  | 630         |
|    iterations           | 33          |
|    time_elapsed         | 1285        |
|    total_timesteps      | 811008      |
| train/                  |             |
|    approx_kl            | 0.008422405 |
|    clip_fraction        | 0.0548      |
|    clip_range           | 0.2         |
|    entropy_loss         | -2.04       |
|    explained_variance   | 0.82        |
|    learning_rate        | 0.0003      |
|    loss                 | -0.0205     |
|    n_updates            | 160         |
|    policy_gradient_loss | -0.00449    |
|    value_loss           | 0.0435      |
-----------------------------------------
------------------------------------------
| rollout/                |              |
|    ep_len_mean          | 307          |
|    ep_rew_mean          | -6.49        |
| time/                   |              |
|    fps                  | 632          |
|    iterations           | 34           |
|    time_elapsed         | 1321         |
|    total_timesteps      | 835584       |
| train/                  |              |
|    approx_kl            | 0.0081357155 |
|    clip_fraction        | 0.0676       |
|    clip_range           | 0.2          |
|    entropy_loss         | -2.01        |
|    explained_variance   | 0.818        |
|    learning_rate        | 0.0003       |
|    loss                 | -0.0105      |
|    n_updates            | 165          |
|    policy_gradient_loss | -0.00514     |
|    value_loss           | 0.0361       |
------------------------------------------
-----------------------------------------
| rollout/                |             |
|    ep_len_mean          | 285         |
|    ep_rew_mean          | -6.85       |
| time/                   |             |
|    fps                  | 633         |
|    iterations           | 35          |
|    time_elapsed         | 1357        |
|    total_timesteps      | 860160      |
| train/                  |             |
|    approx_kl            | 0.005421666 |
|    clip_fraction        | 0.0365      |
|    clip_range           | 0.2         |
|    entropy_loss         | -1.99       |
|    explained_variance   | 0.851       |
|    learning_rate        | 0.0003      |
|    loss                 | -0.00147    |
|    n_updates            | 170         |
|    policy_gradient_loss | -0.00315    |
|    value_loss           | 0.0466      |
-----------------------------------------
------------------------------------------
| rollout/                |              |
|    ep_len_mean          | 307          |
|    ep_rew_mean          | -7.6         |
| time/                   |              |
|    fps                  | 634          |
|    iterations           | 36           |
|    time_elapsed         | 1393         |
|    total_timesteps      | 884736       |
| train/                  |              |
|    approx_kl            | 0.0064242505 |
|    clip_fraction        | 0.059        |
|    clip_range           | 0.2          |
|    entropy_loss         | -1.98        |
|    explained_variance   | 0.857        |
|    learning_rate        | 0.0003       |
|    loss                 | -0.0156      |
|    n_updates            | 175          |
|    policy_gradient_loss | -0.00453     |
|    value_loss           | 0.0415       |
------------------------------------------
-----------------------------------------
| rollout/                |             |
|    ep_len_mean          | 283         |
|    ep_rew_mean          | -2.97       |
| time/                   |             |
|    fps                  | 636         |
|    iterations           | 37          |
|    time_elapsed         | 1429        |
|    total_timesteps      | 909312      |
| train/                  |             |
|    approx_kl            | 0.008704768 |
|    clip_fraction        | 0.07        |
|    clip_range           | 0.2         |
|    entropy_loss         | -1.99       |
|    explained_variance   | 0.815       |
|    learning_rate        | 0.0003      |
|    loss                 | -0.00243    |
|    n_updates            | 180         |
|    policy_gradient_loss | -0.00461    |
|    value_loss           | 0.057       |
-----------------------------------------
------------------------------------------
| rollout/                |              |
|    ep_len_mean          | 294          |
|    ep_rew_mean          | 0.0342       |
| time/                   |              |
|    fps                  | 637          |
|    iterations           | 38           |
|    time_elapsed         | 1465         |
|    total_timesteps      | 933888       |
| train/                  |              |
|    approx_kl            | 0.0075946525 |
|    clip_fraction        | 0.0689       |
|    clip_range           | 0.2          |
|    entropy_loss         | -2           |
|    explained_variance   | 0.762        |
|    learning_rate        | 0.0003       |
|    loss                 | 0.00689      |
|    n_updates            | 185          |
|    policy_gradient_loss | -0.0041      |
|    value_loss           | 0.0732       |
------------------------------------------
-----------------------------------------
| rollout/                |             |
|    ep_len_mean          | 298         |
|    ep_rew_mean          | -3.08       |
| time/                   |             |
|    fps                  | 638         |
|    iterations           | 39          |
|    time_elapsed         | 1501        |
|    total_timesteps      | 958464      |
| train/                  |             |
|    approx_kl            | 0.007588692 |
|    clip_fraction        | 0.058       |
|    clip_range           | 0.2         |
|    entropy_loss         | -1.99       |
|    explained_variance   | 0.758       |
|    learning_rate        | 0.0003      |
|    loss                 | 0.00859     |
|    n_updates            | 190         |
|    policy_gradient_loss | -0.00423    |
|    value_loss           | 0.062       |
-----------------------------------------
------------------------------------------
| rollout/                |              |
|    ep_len_mean          | 392          |
|    ep_rew_mean          | -8.28        |
| time/                   |              |
|    fps                  | 638          |
|    iterations           | 40           |
|    time_elapsed         | 1539         |
|    total_timesteps      | 983040       |
| train/                  |              |
|    approx_kl            | 0.0082085645 |
|    clip_fraction        | 0.0654       |
|    clip_range           | 0.2          |
|    entropy_loss         | -2.01        |
|    explained_variance   | 0.878        |
|    learning_rate        | 0.0003       |
|    loss                 | -0.0179      |
|    n_updates            | 195          |
|    policy_gradient_loss | -0.00429     |
|    value_loss           | 0.0416       |
------------------------------------------
[Checkpoint] Saved at 1000000 steps > /home/runner/work/Disciples2-RL/Disciples2-RL/github_experiments/135/formation_train/all_enemies/seed135-formation_train-all_enemies-34416061399-1/checkpoints/campaign_ppo_step_1000000.zip
Eval num_timesteps=1000008, det_reward=5.30 +/- 0.03
Episode length: det=170.25 +/- 1.41
Victory rate: det=0.00%
-------------------------------------------------
| eval/                           |             |
|    deterministic_mean_ep_length | 170         |
|    deterministic_mean_reward    | 5.3         |
|    deterministic_victory_rate   | 0           |
|    mean_ep_length               | 170         |
|    mean_reward                  | 5.3         |
|    victory_rate                 | 0           |
| time/                           |             |
|    total_timesteps              | 1000008     |
| train/                          |             |
|    approx_kl                    | 0.008395511 |
|    clip_fraction                | 0.0665      |
|    clip_range                   | 0.2         |
|    entropy_loss                 | -2.01       |
|    explained_variance           | 0.824       |
|    learning_rate                | 0.0003      |
|    loss                         | -0.00757    |
|    n_updates                    | 200         |
|    policy_gradient_loss         | -0.00486    |
|    value_loss                   | 0.0596      |
-------------------------------------------------
New best model by deterministic victory rate!
---------------------------------
| rollout/           |          |
|    ep_len_mean     | 310      |
|    ep_rew_mean     | -2.5     |
| time/              |          |
|    fps             | 636      |
|    iterations      | 41       |
|    time_elapsed    | 1582     |
|    total_timesteps | 1007616  |
---------------------------------
VecNormalize stats saved: /home/runner/work/Disciples2-RL/Disciples2-RL/github_experiments/135/formation_train/all_enemies/seed135-formation_train-all_enemies-34416061399-1/models/vecnormalize.pkl

Финальная модель сохранена: /home/runner/work/Disciples2-RL/Disciples2-RL/github_experiments/135/formation_train/all_enemies/seed135-formation_train-all_enemies-34416061399-1/models/final_model.zip

============================================================
ИТОГИ ОБУЧЕНИЯ:
  Побед: 150
  Поражений: 863
  Таймаутов: 134
  Побед бота столицы над врагами: 0
  Перестановок юнитов: 214986
  Терминальные поражения по противникам:
    enemy_1: 863 — Ангел, Мастер клинка и Защитник Веры впереди; Ученик позади
  Winrate: 13.1%
============================================================
  График призывов за эпизод: /home/runner/work/Disciples2-RL/Disciples2-RL/github_experiments/135/formation_train/all_enemies/seed135-formation_train-all_enemies-34416061399-1/plots/campaign_summoned_units_per_episode.png
  График призывов за всё обучение: /home/runner/work/Disciples2-RL/Disciples2-RL/github_experiments/135/formation_train/all_enemies/seed135-formation_train-all_enemies-34416061399-1/plots/campaign_summoned_units_cumulative.png
  График найма за эпизод: /home/runner/work/Disciples2-RL/Disciples2-RL/github_experiments/135/formation_train/all_enemies/seed135-formation_train-all_enemies-34416061399-1/plots/campaign_hired_units_per_episode.png
  График найма за всё обучение: /home/runner/work/Disciples2-RL/Disciples2-RL/github_experiments/135/formation_train/all_enemies/seed135-formation_train-all_enemies-34416061399-1/plots/campaign_hired_units_cumulative.png
  График перестановок юнитов за эпизод: /home/runner/work/Disciples2-RL/Disciples2-RL/github_experiments/135/formation_train/all_enemies/seed135-formation_train-all_enemies-34416061399-1/plots/campaign_unit_swaps_per_episode.png
  График боевых предметов: /home/runner/work/Disciples2-RL/Disciples2-RL/github_experiments/135/formation_train/all_enemies/seed135-formation_train-all_enemies-34416061399-1/plots/campaign_battle_item_activity.png
  График побед бота столицы за эпизод: /home/runner/work/Disciples2-RL/Disciples2-RL/github_experiments/135/formation_train/all_enemies/seed135-formation_train-all_enemies-34416061399-1/plots/campaign_scripted_bot_victories_per_episode.png
  График применения заклинаний: /home/runner/work/Disciples2-RL/Disciples2-RL/github_experiments/135/formation_train/all_enemies/seed135-formation_train-all_enemies-34416061399-1/plots/campaign_spell_cast_activity.png
