Проверка среды CampaignEnv...
Среда прошла проверку!
[INFO] Comet disabled, running without experiment tracking
Создание 12 параллельных сред (subproc)...
Инициализация MaskablePPO...
Using cpu device

============================================================
Запуск обучения Campaign Agent
Всего шагов: 1,000,000
Параллельных сред: 12
VecEnv: subproc
VecEnv start method: forkserver
Seed: 120
Checkpoint каждые: 500,000 шагов
Evaluation каждые: 83,334 шагов
Eval deterministic эпизодов: 20
Eval stochastic эпизодов: 0
Eval лимит шагов на эпизод: 5000
Campaign map: siege_train
Campaign objective: target_enemy
System resources at training start:
  Platform: Linux 6.17.0-1020-azure (x86_64)
  Python: 3.14.6
  PyTorch: 2.13.0+cpu
  Training device: cpu
  CPU model: AMD EPYC 7763 64-Core Processor
  CPU vendor: AuthenticAMD
  Logical CPUs visible: 4
  Process CPU affinity: 4
  Sockets: 1
  Cores per socket: 2
  Threads per core: 2
  CPU max MHz: unknown
  CPU min MHz: unknown
  L1d cache: 64 KiB (2 instances)
  L1i cache: 64 KiB (2 instances)
  L2 cache: 1 MiB (2 instances)
  L3 cache: 32 MiB (1 instance)
  Virtualization: AMD-V
  Hypervisor: Microsoft
  RAM total: 15.61 GiB
  RAM available at start: 13.86 GiB
  Disk total: 144.26 GiB
  Disk free at start: 83.28 GiB
  Torch intra-op threads: 4
  Torch inter-op threads: 2
  OMP_NUM_THREADS: 4
  MKL_NUM_THREADS: 4
  OPENBLAS_NUM_THREADS: 4
  GitHub runner OS: Linux
  GitHub runner architecture: X64
  GitHub runner environment: github-hosted
PPO n_steps: 2,048
PPO batch_size: 512
PPO n_epochs: 5
PPO learning_rate: 0.0003
PPO clip_range: 0.2
PPO ent_coef: 0.01
PPO gamma: 0.995
PPO gae_lambda: 0.95
PPO target_kl: disabled
PPO gradient batches per rollout: 240
VecCheckNan: disabled
Freeze action layout: enabled
Empire territory: enabled
Torch threads per process: 4
Diagnostics: disabled
Wall-clock training limit: disabled
Run ID: seed120-siege_train-target_enemy-30209968496-1
============================================================

Logging to /home/runner/work/Disciples2-RL/Disciples2-RL/github_experiments/120/siege_train/target_enemy/seed120-siege_train-target_enemy-30209968496-1/tensorboard/MaskablePPO_1
---------------------------------
| rollout/           |          |
|    ep_len_mean     | 300      |
|    ep_rew_mean     | 59.2     |
| time/              |          |
|    fps             | 484      |
|    iterations      | 1        |
|    time_elapsed    | 50       |
|    total_timesteps | 24576    |
---------------------------------
-----------------------------------------
| rollout/                |             |
|    ep_len_mean          | 307         |
|    ep_rew_mean          | 61.1        |
| time/                   |             |
|    fps                  | 463         |
|    iterations           | 2           |
|    time_elapsed         | 105         |
|    total_timesteps      | 49152       |
| train/                  |             |
|    approx_kl            | 0.011677273 |
|    clip_fraction        | 0.0668      |
|    clip_range           | 0.2         |
|    entropy_loss         | -2.35       |
|    explained_variance   | 0.0269      |
|    learning_rate        | 0.0003      |
|    loss                 | 0.00355     |
|    n_updates            | 5           |
|    policy_gradient_loss | -0.00634    |
|    value_loss           | 0.0612      |
-----------------------------------------
-----------------------------------------
| rollout/                |             |
|    ep_len_mean          | 338         |
|    ep_rew_mean          | 59.6        |
| time/                   |             |
|    fps                  | 457         |
|    iterations           | 3           |
|    time_elapsed         | 161         |
|    total_timesteps      | 73728       |
| train/                  |             |
|    approx_kl            | 0.015151183 |
|    clip_fraction        | 0.126       |
|    clip_range           | 0.2         |
|    entropy_loss         | -2.32       |
|    explained_variance   | 0.863       |
|    learning_rate        | 0.0003      |
|    loss                 | -0.0166     |
|    n_updates            | 10          |
|    policy_gradient_loss | -0.00665    |
|    value_loss           | 0.0314      |
-----------------------------------------
-----------------------------------------
| rollout/                |             |
|    ep_len_mean          | 368         |
|    ep_rew_mean          | 58.9        |
| time/                   |             |
|    fps                  | 450         |
|    iterations           | 4           |
|    time_elapsed         | 218         |
|    total_timesteps      | 98304       |
| train/                  |             |
|    approx_kl            | 0.009431876 |
|    clip_fraction        | 0.0702      |
|    clip_range           | 0.2         |
|    entropy_loss         | -2.29       |
|    explained_variance   | 0.942       |
|    learning_rate        | 0.0003      |
|    loss                 | -0.0297     |
|    n_updates            | 15          |
|    policy_gradient_loss | -0.0091     |
|    value_loss           | 0.0217      |
-----------------------------------------
-----------------------------------------
| rollout/                |             |
|    ep_len_mean          | 326         |
|    ep_rew_mean          | 61.8        |
| time/                   |             |
|    fps                  | 449         |
|    iterations           | 5           |
|    time_elapsed         | 273         |
|    total_timesteps      | 122880      |
| train/                  |             |
|    approx_kl            | 0.010331181 |
|    clip_fraction        | 0.0975      |
|    clip_range           | 0.2         |
|    entropy_loss         | -2.26       |
|    explained_variance   | 0.949       |
|    learning_rate        | 0.0003      |
|    loss                 | -0.0212     |
|    n_updates            | 20          |
|    policy_gradient_loss | -0.00742    |
|    value_loss           | 0.0247      |
-----------------------------------------
-----------------------------------------
| rollout/                |             |
|    ep_len_mean          | 326         |
|    ep_rew_mean          | 65.2        |
| time/                   |             |
|    fps                  | 447         |
|    iterations           | 6           |
|    time_elapsed         | 329         |
|    total_timesteps      | 147456      |
| train/                  |             |
|    approx_kl            | 0.008281036 |
|    clip_fraction        | 0.0721      |
|    clip_range           | 0.2         |
|    entropy_loss         | -2.25       |
|    explained_variance   | 0.944       |
|    learning_rate        | 0.0003      |
|    loss                 | -0.0226     |
|    n_updates            | 25          |
|    policy_gradient_loss | -0.00786    |
|    value_loss           | 0.0329      |
-----------------------------------------
----------------------------------------
| rollout/                |            |
|    ep_len_mean          | 320        |
|    ep_rew_mean          | 66.8       |
| time/                   |            |
|    fps                  | 447        |
|    iterations           | 7          |
|    time_elapsed         | 384        |
|    total_timesteps      | 172032     |
| train/                  |            |
|    approx_kl            | 0.00650974 |
|    clip_fraction        | 0.0619     |
|    clip_range           | 0.2        |
|    entropy_loss         | -2.21      |
|    explained_variance   | 0.946      |
|    learning_rate        | 0.0003     |
|    loss                 | -0.00467   |
|    n_updates            | 30         |
|    policy_gradient_loss | -0.00766   |
|    value_loss           | 0.0318     |
----------------------------------------
-----------------------------------------
| rollout/                |             |
|    ep_len_mean          | 281         |
|    ep_rew_mean          | 66.9        |
| time/                   |             |
|    fps                  | 448         |
|    iterations           | 8           |
|    time_elapsed         | 438         |
|    total_timesteps      | 196608      |
| train/                  |             |
|    approx_kl            | 0.009228107 |
|    clip_fraction        | 0.0711      |
|    clip_range           | 0.2         |
|    entropy_loss         | -2.22       |
|    explained_variance   | 0.95        |
|    learning_rate        | 0.0003      |
|    loss                 | -0.0175     |
|    n_updates            | 35          |
|    policy_gradient_loss | -0.00814    |
|    value_loss           | 0.0309      |
-----------------------------------------
-----------------------------------------
| rollout/                |             |
|    ep_len_mean          | 307         |
|    ep_rew_mean          | 70.1        |
| time/                   |             |
|    fps                  | 447         |
|    iterations           | 9           |
|    time_elapsed         | 493         |
|    total_timesteps      | 221184      |
| train/                  |             |
|    approx_kl            | 0.010457578 |
|    clip_fraction        | 0.106       |
|    clip_range           | 0.2         |
|    entropy_loss         | -2.19       |
|    explained_variance   | 0.948       |
|    learning_rate        | 0.0003      |
|    loss                 | -0.0138     |
|    n_updates            | 40          |
|    policy_gradient_loss | -0.00964    |
|    value_loss           | 0.0378      |
-----------------------------------------
-----------------------------------------
| rollout/                |             |
|    ep_len_mean          | 317         |
|    ep_rew_mean          | 70.7        |
| time/                   |             |
|    fps                  | 448         |
|    iterations           | 10          |
|    time_elapsed         | 548         |
|    total_timesteps      | 245760      |
| train/                  |             |
|    approx_kl            | 0.010923703 |
|    clip_fraction        | 0.125       |
|    clip_range           | 0.2         |
|    entropy_loss         | -2.16       |
|    explained_variance   | 0.951       |
|    learning_rate        | 0.0003      |
|    loss                 | -0.013      |
|    n_updates            | 45          |
|    policy_gradient_loss | -0.00957    |
|    value_loss           | 0.033       |
-----------------------------------------
-----------------------------------------
| rollout/                |             |
|    ep_len_mean          | 302         |
|    ep_rew_mean          | 75.3        |
| time/                   |             |
|    fps                  | 447         |
|    iterations           | 11          |
|    time_elapsed         | 604         |
|    total_timesteps      | 270336      |
| train/                  |             |
|    approx_kl            | 0.009565464 |
|    clip_fraction        | 0.0982      |
|    clip_range           | 0.2         |
|    entropy_loss         | -2.14       |
|    explained_variance   | 0.95        |
|    learning_rate        | 0.0003      |
|    loss                 | -0.00939    |
|    n_updates            | 50          |
|    policy_gradient_loss | -0.00887    |
|    value_loss           | 0.0334      |
-----------------------------------------
-----------------------------------------
| rollout/                |             |
|    ep_len_mean          | 306         |
|    ep_rew_mean          | 77.3        |
| time/                   |             |
|    fps                  | 446         |
|    iterations           | 12          |
|    time_elapsed         | 660         |
|    total_timesteps      | 294912      |
| train/                  |             |
|    approx_kl            | 0.009755022 |
|    clip_fraction        | 0.0915      |
|    clip_range           | 0.2         |
|    entropy_loss         | -2.12       |
|    explained_variance   | 0.951       |
|    learning_rate        | 0.0003      |
|    loss                 | -0.0271     |
|    n_updates            | 55          |
|    policy_gradient_loss | -0.00725    |
|    value_loss           | 0.035       |
-----------------------------------------
----------------------------------------
| rollout/                |            |
|    ep_len_mean          | 288        |
|    ep_rew_mean          | 77.9       |
| time/                   |            |
|    fps                  | 446        |
|    iterations           | 13         |
|    time_elapsed         | 715        |
|    total_timesteps      | 319488     |
| train/                  |            |
|    approx_kl            | 0.01187909 |
|    clip_fraction        | 0.0926     |
|    clip_range           | 0.2        |
|    entropy_loss         | -2.07      |
|    explained_variance   | 0.945      |
|    learning_rate        | 0.0003     |
|    loss                 | -0.0117    |
|    n_updates            | 60         |
|    policy_gradient_loss | -0.008     |
|    value_loss           | 0.0357     |
----------------------------------------
---------------------------------------
| rollout/                |           |
|    ep_len_mean          | 251       |
|    ep_rew_mean          | 78.3      |
| time/                   |           |
|    fps                  | 447       |
|    iterations           | 14        |
|    time_elapsed         | 768       |
|    total_timesteps      | 344064    |
| train/                  |           |
|    approx_kl            | 0.0084611 |
|    clip_fraction        | 0.077     |
|    clip_range           | 0.2       |
|    entropy_loss         | -2.03     |
|    explained_variance   | 0.947     |
|    learning_rate        | 0.0003    |
|    loss                 | -0.0158   |
|    n_updates            | 65        |
|    policy_gradient_loss | -0.00709  |
|    value_loss           | 0.0374    |
---------------------------------------
-----------------------------------------
| rollout/                |             |
|    ep_len_mean          | 273         |
|    ep_rew_mean          | 77.2        |
| time/                   |             |
|    fps                  | 448         |
|    iterations           | 15          |
|    time_elapsed         | 821         |
|    total_timesteps      | 368640      |
| train/                  |             |
|    approx_kl            | 0.009081629 |
|    clip_fraction        | 0.0716      |
|    clip_range           | 0.2         |
|    entropy_loss         | -2.02       |
|    explained_variance   | 0.948       |
|    learning_rate        | 0.0003      |
|    loss                 | -0.0105     |
|    n_updates            | 70          |
|    policy_gradient_loss | -0.00958    |
|    value_loss           | 0.041       |
-----------------------------------------
------------------------------------------
| rollout/                |              |
|    ep_len_mean          | 231          |
|    ep_rew_mean          | 80.2         |
| time/                   |              |
|    fps                  | 450          |
|    iterations           | 16           |
|    time_elapsed         | 872          |
|    total_timesteps      | 393216       |
| train/                  |              |
|    approx_kl            | 0.0078107924 |
|    clip_fraction        | 0.0753       |
|    clip_range           | 0.2          |
|    entropy_loss         | -2.03        |
|    explained_variance   | 0.947        |
|    learning_rate        | 0.0003       |
|    loss                 | -0.00121     |
|    n_updates            | 75           |
|    policy_gradient_loss | -0.0075      |
|    value_loss           | 0.039        |
------------------------------------------
-----------------------------------------
| rollout/                |             |
|    ep_len_mean          | 241         |
|    ep_rew_mean          | 81.2        |
| time/                   |             |
|    fps                  | 451         |
|    iterations           | 17          |
|    time_elapsed         | 925         |
|    total_timesteps      | 417792      |
| train/                  |             |
|    approx_kl            | 0.010197576 |
|    clip_fraction        | 0.0803      |
|    clip_range           | 0.2         |
|    entropy_loss         | -1.96       |
|    explained_variance   | 0.945       |
|    learning_rate        | 0.0003      |
|    loss                 | -0.0112     |
|    n_updates            | 80          |
|    policy_gradient_loss | -0.00699    |
|    value_loss           | 0.0435      |
-----------------------------------------
-----------------------------------------
| rollout/                |             |
|    ep_len_mean          | 242         |
|    ep_rew_mean          | 81          |
| time/                   |             |
|    fps                  | 452         |
|    iterations           | 18          |
|    time_elapsed         | 978         |
|    total_timesteps      | 442368      |
| train/                  |             |
|    approx_kl            | 0.008462441 |
|    clip_fraction        | 0.0693      |
|    clip_range           | 0.2         |
|    entropy_loss         | -1.98       |
|    explained_variance   | 0.938       |
|    learning_rate        | 0.0003      |
|    loss                 | -0.0109     |
|    n_updates            | 85          |
|    policy_gradient_loss | -0.00606    |
|    value_loss           | 0.0487      |
-----------------------------------------
-----------------------------------------
| rollout/                |             |
|    ep_len_mean          | 244         |
|    ep_rew_mean          | 83.4        |
| time/                   |             |
|    fps                  | 452         |
|    iterations           | 19          |
|    time_elapsed         | 1032        |
|    total_timesteps      | 466944      |
| train/                  |             |
|    approx_kl            | 0.007190678 |
|    clip_fraction        | 0.0678      |
|    clip_range           | 0.2         |
|    entropy_loss         | -1.97       |
|    explained_variance   | 0.94        |
|    learning_rate        | 0.0003      |
|    loss                 | -0.0129     |
|    n_updates            | 90          |
|    policy_gradient_loss | -0.00442    |
|    value_loss           | 0.0472      |
-----------------------------------------
-----------------------------------------
| rollout/                |             |
|    ep_len_mean          | 245         |
|    ep_rew_mean          | 82.6        |
| time/                   |             |
|    fps                  | 452         |
|    iterations           | 20          |
|    time_elapsed         | 1087        |
|    total_timesteps      | 491520      |
| train/                  |             |
|    approx_kl            | 0.008017175 |
|    clip_fraction        | 0.0801      |
|    clip_range           | 0.2         |
|    entropy_loss         | -1.95       |
|    explained_variance   | 0.941       |
|    learning_rate        | 0.0003      |
|    loss                 | 0.00692     |
|    n_updates            | 95          |
|    policy_gradient_loss | -0.00642    |
|    value_loss           | 0.0469      |
-----------------------------------------
[Checkpoint] Saved at 500000 steps > /home/runner/work/Disciples2-RL/Disciples2-RL/github_experiments/120/siege_train/target_enemy/seed120-siege_train-target_enemy-30209968496-1/checkpoints/campaign_ppo_step_500000.zip
----------------------------------------
| rollout/                |            |
|    ep_len_mean          | 235        |
|    ep_rew_mean          | 84.4       |
| time/                   |            |
|    fps                  | 452        |
|    iterations           | 21         |
|    time_elapsed         | 1139       |
|    total_timesteps      | 516096     |
| train/                  |            |
|    approx_kl            | 0.00789231 |
|    clip_fraction        | 0.0695     |
|    clip_range           | 0.2        |
|    entropy_loss         | -1.94      |
|    explained_variance   | 0.933      |
|    learning_rate        | 0.0003     |
|    loss                 | -0.00682   |
|    n_updates            | 100        |
|    policy_gradient_loss | -0.00687   |
|    value_loss           | 0.0545     |
----------------------------------------
-----------------------------------------
| rollout/                |             |
|    ep_len_mean          | 219         |
|    ep_rew_mean          | 83.2        |
| time/                   |             |
|    fps                  | 453         |
|    iterations           | 22          |
|    time_elapsed         | 1191        |
|    total_timesteps      | 540672      |
| train/                  |             |
|    approx_kl            | 0.006802306 |
|    clip_fraction        | 0.0533      |
|    clip_range           | 0.2         |
|    entropy_loss         | -1.92       |
|    explained_variance   | 0.934       |
|    learning_rate        | 0.0003      |
|    loss                 | 0.00503     |
|    n_updates            | 105         |
|    policy_gradient_loss | -0.0042     |
|    value_loss           | 0.0573      |
-----------------------------------------
----------------------------------------
| rollout/                |            |
|    ep_len_mean          | 244        |
|    ep_rew_mean          | 85.1       |
| time/                   |            |
|    fps                  | 454        |
|    iterations           | 23         |
|    time_elapsed         | 1244       |
|    total_timesteps      | 565248     |
| train/                  |            |
|    approx_kl            | 0.00810023 |
|    clip_fraction        | 0.0737     |
|    clip_range           | 0.2        |
|    entropy_loss         | -1.9       |
|    explained_variance   | 0.936      |
|    learning_rate        | 0.0003     |
|    loss                 | 0.00536    |
|    n_updates            | 110        |
|    policy_gradient_loss | -0.00543   |
|    value_loss           | 0.054      |
----------------------------------------
-----------------------------------------
| rollout/                |             |
|    ep_len_mean          | 250         |
|    ep_rew_mean          | 84.6        |
| time/                   |             |
|    fps                  | 454         |
|    iterations           | 24          |
|    time_elapsed         | 1297        |
|    total_timesteps      | 589824      |
| train/                  |             |
|    approx_kl            | 0.007443629 |
|    clip_fraction        | 0.0718      |
|    clip_range           | 0.2         |
|    entropy_loss         | -1.88       |
|    explained_variance   | 0.937       |
|    learning_rate        | 0.0003      |
|    loss                 | -0.00518    |
|    n_updates            | 115         |
|    policy_gradient_loss | -0.00561    |
|    value_loss           | 0.0536      |
-----------------------------------------
-----------------------------------------
| rollout/                |             |
|    ep_len_mean          | 234         |
|    ep_rew_mean          | 86.4        |
| time/                   |             |
|    fps                  | 454         |
|    iterations           | 25          |
|    time_elapsed         | 1350        |
|    total_timesteps      | 614400      |
| train/                  |             |
|    approx_kl            | 0.009195272 |
|    clip_fraction        | 0.0735      |
|    clip_range           | 0.2         |
|    entropy_loss         | -1.87       |
|    explained_variance   | 0.932       |
|    learning_rate        | 0.0003      |
|    loss                 | 0.0255      |
|    n_updates            | 120         |
|    policy_gradient_loss | -0.00727    |
|    value_loss           | 0.0614      |
-----------------------------------------
------------------------------------------
| rollout/                |              |
|    ep_len_mean          | 276          |
|    ep_rew_mean          | 87.3         |
| time/                   |              |
|    fps                  | 455          |
|    iterations           | 26           |
|    time_elapsed         | 1403         |
|    total_timesteps      | 638976       |
| train/                  |              |
|    approx_kl            | 0.0074425936 |
|    clip_fraction        | 0.0667       |
|    clip_range           | 0.2          |
|    entropy_loss         | -1.84        |
|    explained_variance   | 0.935        |
|    learning_rate        | 0.0003       |
|    loss                 | 0.0161       |
|    n_updates            | 125          |
|    policy_gradient_loss | -0.00553     |
|    value_loss           | 0.0583       |
------------------------------------------
-----------------------------------------
| rollout/                |             |
|    ep_len_mean          | 254         |
|    ep_rew_mean          | 85.4        |
| time/                   |             |
|    fps                  | 455         |
|    iterations           | 27          |
|    time_elapsed         | 1455        |
|    total_timesteps      | 663552      |
| train/                  |             |
|    approx_kl            | 0.007473674 |
|    clip_fraction        | 0.0716      |
|    clip_range           | 0.2         |
|    entropy_loss         | -1.88       |
|    explained_variance   | 0.938       |
|    learning_rate        | 0.0003      |
|    loss                 | -0.00656    |
|    n_updates            | 130         |
|    policy_gradient_loss | -0.00488    |
|    value_loss           | 0.0503      |
-----------------------------------------
------------------------------------------
| rollout/                |              |
|    ep_len_mean          | 296          |
|    ep_rew_mean          | 86.1         |
| time/                   |              |
|    fps                  | 456          |
|    iterations           | 28           |
|    time_elapsed         | 1508         |
|    total_timesteps      | 688128       |
| train/                  |              |
|    approx_kl            | 0.0075978986 |
|    clip_fraction        | 0.0717       |
|    clip_range           | 0.2          |
|    entropy_loss         | -1.84        |
|    explained_variance   | 0.936        |
|    learning_rate        | 0.0003       |
|    loss                 | 0.0263       |
|    n_updates            | 135          |
|    policy_gradient_loss | -0.00543     |
|    value_loss           | 0.0587       |
------------------------------------------
-----------------------------------------
| rollout/                |             |
|    ep_len_mean          | 285         |
|    ep_rew_mean          | 85.9        |
| time/                   |             |
|    fps                  | 456         |
|    iterations           | 29          |
|    time_elapsed         | 1562        |
|    total_timesteps      | 712704      |
| train/                  |             |
|    approx_kl            | 0.008428841 |
|    clip_fraction        | 0.078       |
|    clip_range           | 0.2         |
|    entropy_loss         | -1.91       |
|    explained_variance   | 0.944       |
|    learning_rate        | 0.0003      |
|    loss                 | -0.00526    |
|    n_updates            | 140         |
|    policy_gradient_loss | -0.00548    |
|    value_loss           | 0.0467      |
-----------------------------------------
-----------------------------------------
| rollout/                |             |
|    ep_len_mean          | 265         |
|    ep_rew_mean          | 86.2        |
| time/                   |             |
|    fps                  | 456         |
|    iterations           | 30          |
|    time_elapsed         | 1615        |
|    total_timesteps      | 737280      |
| train/                  |             |
|    approx_kl            | 0.007989858 |
|    clip_fraction        | 0.0733      |
|    clip_range           | 0.2         |
|    entropy_loss         | -1.89       |
|    explained_variance   | 0.942       |
|    learning_rate        | 0.0003      |
|    loss                 | 0.00705     |
|    n_updates            | 145         |
|    policy_gradient_loss | -0.00504    |
|    value_loss           | 0.0537      |
-----------------------------------------
-----------------------------------------
| rollout/                |             |
|    ep_len_mean          | 242         |
|    ep_rew_mean          | 89          |
| time/                   |             |
|    fps                  | 456         |
|    iterations           | 31          |
|    time_elapsed         | 1669        |
|    total_timesteps      | 761856      |
| train/                  |             |
|    approx_kl            | 0.007695003 |
|    clip_fraction        | 0.0618      |
|    clip_range           | 0.2         |
|    entropy_loss         | -1.85       |
|    explained_variance   | 0.942       |
|    learning_rate        | 0.0003      |
|    loss                 | -0.00732    |
|    n_updates            | 150         |
|    policy_gradient_loss | -0.00521    |
|    value_loss           | 0.0608      |
-----------------------------------------
-----------------------------------------
| rollout/                |             |
|    ep_len_mean          | 236         |
|    ep_rew_mean          | 87.8        |
| time/                   |             |
|    fps                  | 456         |
|    iterations           | 32          |
|    time_elapsed         | 1722        |
|    total_timesteps      | 786432      |
| train/                  |             |
|    approx_kl            | 0.009391547 |
|    clip_fraction        | 0.0715      |
|    clip_range           | 0.2         |
|    entropy_loss         | -1.82       |
|    explained_variance   | 0.938       |
|    learning_rate        | 0.0003      |
|    loss                 | -0.000375   |
|    n_updates            | 155         |
|    policy_gradient_loss | -0.00616    |
|    value_loss           | 0.0634      |
-----------------------------------------
-----------------------------------------
| rollout/                |             |
|    ep_len_mean          | 215         |
|    ep_rew_mean          | 88.6        |
| time/                   |             |
|    fps                  | 456         |
|    iterations           | 33          |
|    time_elapsed         | 1776        |
|    total_timesteps      | 811008      |
| train/                  |             |
|    approx_kl            | 0.009211696 |
|    clip_fraction        | 0.0763      |
|    clip_range           | 0.2         |
|    entropy_loss         | -1.82       |
|    explained_variance   | 0.942       |
|    learning_rate        | 0.0003      |
|    loss                 | -0.0123     |
|    n_updates            | 160         |
|    policy_gradient_loss | -0.00768    |
|    value_loss           | 0.059       |
-----------------------------------------
-----------------------------------------
| rollout/                |             |
|    ep_len_mean          | 242         |
|    ep_rew_mean          | 90.3        |
| time/                   |             |
|    fps                  | 456         |
|    iterations           | 34          |
|    time_elapsed         | 1829        |
|    total_timesteps      | 835584      |
| train/                  |             |
|    approx_kl            | 0.007949489 |
|    clip_fraction        | 0.0777      |
|    clip_range           | 0.2         |
|    entropy_loss         | -1.78       |
|    explained_variance   | 0.941       |
|    learning_rate        | 0.0003      |
|    loss                 | 0.00963     |
|    n_updates            | 165         |
|    policy_gradient_loss | -0.00488    |
|    value_loss           | 0.0668      |
-----------------------------------------
-----------------------------------------
| rollout/                |             |
|    ep_len_mean          | 245         |
|    ep_rew_mean          | 90.5        |
| time/                   |             |
|    fps                  | 456         |
|    iterations           | 35          |
|    time_elapsed         | 1883        |
|    total_timesteps      | 860160      |
| train/                  |             |
|    approx_kl            | 0.007817765 |
|    clip_fraction        | 0.0726      |
|    clip_range           | 0.2         |
|    entropy_loss         | -1.8        |
|    explained_variance   | 0.942       |
|    learning_rate        | 0.0003      |
|    loss                 | 0.00349     |
|    n_updates            | 170         |
|    policy_gradient_loss | -0.00411    |
|    value_loss           | 0.0592      |
-----------------------------------------
----------------------------------------
| rollout/                |            |
|    ep_len_mean          | 229        |
|    ep_rew_mean          | 90.9       |
| time/                   |            |
|    fps                  | 456        |
|    iterations           | 36         |
|    time_elapsed         | 1936       |
|    total_timesteps      | 884736     |
| train/                  |            |
|    approx_kl            | 0.00843333 |
|    clip_fraction        | 0.0802     |
|    clip_range           | 0.2        |
|    entropy_loss         | -1.8       |
|    explained_variance   | 0.942      |
|    learning_rate        | 0.0003     |
|    loss                 | 0.0117     |
|    n_updates            | 175        |
|    policy_gradient_loss | -0.00464   |
|    value_loss           | 0.0591     |
----------------------------------------
-----------------------------------------
| rollout/                |             |
|    ep_len_mean          | 235         |
|    ep_rew_mean          | 91.1        |
| time/                   |             |
|    fps                  | 456         |
|    iterations           | 37          |
|    time_elapsed         | 1989        |
|    total_timesteps      | 909312      |
| train/                  |             |
|    approx_kl            | 0.010513435 |
|    clip_fraction        | 0.0637      |
|    clip_range           | 0.2         |
|    entropy_loss         | -1.77       |
|    explained_variance   | 0.94        |
|    learning_rate        | 0.0003      |
|    loss                 | 0.0131      |
|    n_updates            | 180         |
|    policy_gradient_loss | -0.00729    |
|    value_loss           | 0.0643      |
-----------------------------------------
-----------------------------------------
| rollout/                |             |
|    ep_len_mean          | 230         |
|    ep_rew_mean          | 89.8        |
| time/                   |             |
|    fps                  | 457         |
|    iterations           | 38          |
|    time_elapsed         | 2041        |
|    total_timesteps      | 933888      |
| train/                  |             |
|    approx_kl            | 0.007367986 |
|    clip_fraction        | 0.0649      |
|    clip_range           | 0.2         |
|    entropy_loss         | -1.77       |
|    explained_variance   | 0.937       |
|    learning_rate        | 0.0003      |
|    loss                 | 0.000946    |
|    n_updates            | 185         |
|    policy_gradient_loss | -0.00405    |
|    value_loss           | 0.0685      |
-----------------------------------------
-----------------------------------------
| rollout/                |             |
|    ep_len_mean          | 209         |
|    ep_rew_mean          | 90.8        |
| time/                   |             |
|    fps                  | 457         |
|    iterations           | 39          |
|    time_elapsed         | 2093        |
|    total_timesteps      | 958464      |
| train/                  |             |
|    approx_kl            | 0.008780566 |
|    clip_fraction        | 0.0673      |
|    clip_range           | 0.2         |
|    entropy_loss         | -1.76       |
|    explained_variance   | 0.938       |
|    learning_rate        | 0.0003      |
|    loss                 | 0.0123      |
|    n_updates            | 190         |
|    policy_gradient_loss | -0.00416    |
|    value_loss           | 0.0689      |
-----------------------------------------
------------------------------------------
| rollout/                |              |
|    ep_len_mean          | 220          |
|    ep_rew_mean          | 89.5         |
| time/                   |              |
|    fps                  | 458          |
|    iterations           | 40           |
|    time_elapsed         | 2145         |
|    total_timesteps      | 983040       |
| train/                  |              |
|    approx_kl            | 0.0087127425 |
|    clip_fraction        | 0.084        |
|    clip_range           | 0.2          |
|    entropy_loss         | -1.72        |
|    explained_variance   | 0.934        |
|    learning_rate        | 0.0003       |
|    loss                 | 0.00555      |
|    n_updates            | 195          |
|    policy_gradient_loss | -0.00511     |
|    value_loss           | 0.0773       |
------------------------------------------
[Checkpoint] Saved at 1000000 steps > /home/runner/work/Disciples2-RL/Disciples2-RL/github_experiments/120/siege_train/target_enemy/seed120-siege_train-target_enemy-30209968496-1/checkpoints/campaign_ppo_step_1000000.zip
Eval num_timesteps=1000008, det_reward=68.86 +/- 0.06
Episode length: det=69.00 +/- 2.19
Victory rate: det=0.00%
-------------------------------------------------
| eval/                           |             |
|    deterministic_mean_ep_length | 69          |
|    deterministic_mean_reward    | 68.9        |
|    deterministic_victory_rate   | 0           |
|    mean_ep_length               | 69          |
|    mean_reward                  | 68.9        |
|    victory_rate                 | 0           |
| time/                           |             |
|    total_timesteps              | 1000008     |
| train/                          |             |
|    approx_kl                    | 0.008878249 |
|    clip_fraction                | 0.0899      |
|    clip_range                   | 0.2         |
|    entropy_loss                 | -1.76       |
|    explained_variance           | 0.938       |
|    learning_rate                | 0.0003      |
|    loss                         | 0.00669     |
|    n_updates                    | 200         |
|    policy_gradient_loss         | -0.00525    |
|    value_loss                   | 0.0747      |
-------------------------------------------------
New best model by deterministic victory rate!
---------------------------------
| rollout/           |          |
|    ep_len_mean     | 230      |
|    ep_rew_mean     | 88.9     |
| time/              |          |
|    fps             | 457      |
|    iterations      | 41       |
|    time_elapsed    | 2202     |
|    total_timesteps | 1007616  |
---------------------------------
VecNormalize stats saved: /home/runner/work/Disciples2-RL/Disciples2-RL/github_experiments/120/siege_train/target_enemy/seed120-siege_train-target_enemy-30209968496-1/models/vecnormalize.pkl

Финальная модель сохранена: /home/runner/work/Disciples2-RL/Disciples2-RL/github_experiments/120/siege_train/target_enemy/seed120-siege_train-target_enemy-30209968496-1/models/final_model.zip

============================================================
ИТОГИ ОБУЧЕНИЯ:
  Побед: 0
  Поражений: 3860
  Таймаутов: 0
  Побед бота столицы над врагами: 0
  Перестановок юнитов: 167239
  Терминальные поражения по противникам:
    enemy_5: 930 — Орочий заслон: два Орка и Гоблин-старейшина
    enemy_100: 656 — Осадная армия Империи
    enemy_4: 408 — Мёртвый патруль: два Воина и Адепт
    enemy_24: 243 — Наёмный патруль: Разбойник и Ополченец впереди; Гоблин лучник позади
    enemy_6: 238 — Горный дозор: два Гнома-воина и Арбалетчик
    enemy_7: 194 — Имперский патруль: два Рыцаря и Маг
    enemy_8: 181 — Чумной отряд: два Зомби, Призрак и Чернокнижник
    enemy_25: 131 — Ополчение с магом: Крестьянин и Ополченец впереди; Адепт позади
    enemy_23: 125 — Шайка: два Разбойника; Гоблин лучник позади
    enemy_3: 111 — Имперское ополчение: два Скваера и Служка
    enemy_11: 107 — Костяная гвардия: два Скелета-воина, Некромант и Дух
    enemy_10: 100 — Орден охотников: Имперский рыцарь, Охотник на ведьм и Священник
    enemy_12: 78 — Гномьи ветераны: два Ветерана, Друид и Алхимик
    enemy_2: 66 — Дозор II: два Гоблина и Гоблин-лучник
    enemy_9: 50 — Берсерки: два Берсерка, Колдун и Ведьма
    enemy_14: 39 — Дикая стража: два Кентавра-дикаря, Архонт и Теург
    enemy_19: 38 — Высшая нежить: два Скелета-призрака, Архилич и Сущий
    enemy_16: 37 — Небесный орден: Ангел, Паладин, Белый маг и Аббатиса
    enemy_20: 33 — Последний рубеж: Король гномов, Владыка рун, Защитник Веры, Архидруид, Отшельник и Архилич
    enemy_18: 32 — Храмовая элита: Защитник Веры, Мастер клинка, Белый маг и Прорицательница
    enemy_13: 22 — Тёмный конклав: два Тёмных паладина, Демонолог и Колдунья
    enemy_15: 20 — Старшая гвардия: Ветеран, Старый ветеран, Архидруид и Отшельник
    enemy_17: 10 — Адская гвардия: два Адских рыцаря, Инкуб и Пандемонеус
    enemy_22: 8 — Смешанный дозор: Гоблин и Бес; Гоблин лучник позади
    enemy_21: 2 — Бедное ополчение: два Крестьянина; Гоблин лучник позади
    enemy_1: 1 — Дозор I: один Гоблин
  Winrate: 0.0%
============================================================
  График призывов за эпизод: /home/runner/work/Disciples2-RL/Disciples2-RL/github_experiments/120/siege_train/target_enemy/seed120-siege_train-target_enemy-30209968496-1/plots/campaign_summoned_units_per_episode.png
  График призывов за всё обучение: /home/runner/work/Disciples2-RL/Disciples2-RL/github_experiments/120/siege_train/target_enemy/seed120-siege_train-target_enemy-30209968496-1/plots/campaign_summoned_units_cumulative.png
  График найма за эпизод: /home/runner/work/Disciples2-RL/Disciples2-RL/github_experiments/120/siege_train/target_enemy/seed120-siege_train-target_enemy-30209968496-1/plots/campaign_hired_units_per_episode.png
  График найма за всё обучение: /home/runner/work/Disciples2-RL/Disciples2-RL/github_experiments/120/siege_train/target_enemy/seed120-siege_train-target_enemy-30209968496-1/plots/campaign_hired_units_cumulative.png
  График перестановок юнитов за эпизод: /home/runner/work/Disciples2-RL/Disciples2-RL/github_experiments/120/siege_train/target_enemy/seed120-siege_train-target_enemy-30209968496-1/plots/campaign_unit_swaps_per_episode.png
  График боевых предметов: /home/runner/work/Disciples2-RL/Disciples2-RL/github_experiments/120/siege_train/target_enemy/seed120-siege_train-target_enemy-30209968496-1/plots/campaign_battle_item_activity.png
  График побед бота столицы за эпизод: /home/runner/work/Disciples2-RL/Disciples2-RL/github_experiments/120/siege_train/target_enemy/seed120-siege_train-target_enemy-30209968496-1/plots/campaign_scripted_bot_victories_per_episode.png
  График применения заклинаний: /home/runner/work/Disciples2-RL/Disciples2-RL/github_experiments/120/siege_train/target_enemy/seed120-siege_train-target_enemy-30209968496-1/plots/campaign_spell_cast_activity.png
