Проверка среды CampaignEnv...
Среда прошла проверку!
[INFO] Comet disabled, running without experiment tracking
Создание 12 параллельных сред (subproc)...
Инициализация MaskablePPO...
Using cpu device

============================================================
Запуск обучения Campaign Agent
Всего шагов: 1,000,000
Параллельных сред: 12
VecEnv: subproc
VecEnv start method: forkserver
Seed: 120
Checkpoint каждые: 500,000 шагов
Evaluation каждые: 83,334 шагов
Eval deterministic эпизодов: 20
Eval stochastic эпизодов: 0
Eval лимит шагов на эпизод: 5000
Campaign map: builder
Campaign objective: build_all
System resources at training start:
  Platform: Linux 6.17.0-1020-azure (x86_64)
  Python: 3.14.6
  PyTorch: 2.13.0+cpu
  Training device: cpu
  CPU model: INTEL(R) XEON(R) PLATINUM 8573C
  CPU vendor: GenuineIntel
  Logical CPUs visible: 4
  Process CPU affinity: 4
  Sockets: 1
  Cores per socket: 2
  Threads per core: 2
  CPU max MHz: 2300.0000
  CPU min MHz: 800.0000
  L1d cache: 96 KiB (2 instances)
  L1i cache: 64 KiB (2 instances)
  L2 cache: 4 MiB (2 instances)
  L3 cache: 260 MiB (1 instance)
  Virtualization: VT-x
  Hypervisor: Microsoft
  RAM total: 15.61 GiB
  RAM available at start: 13.80 GiB
  Disk total: 144.26 GiB
  Disk free at start: 83.37 GiB
  Torch intra-op threads: 4
  Torch inter-op threads: 2
  OMP_NUM_THREADS: 4
  MKL_NUM_THREADS: 4
  OPENBLAS_NUM_THREADS: 4
  GitHub runner OS: Linux
  GitHub runner architecture: X64
  GitHub runner environment: github-hosted
PPO n_steps: 2,048
PPO batch_size: 512
PPO n_epochs: 5
PPO learning_rate: 0.0003
PPO clip_range: 0.2
PPO ent_coef: 0.01
PPO gamma: 0.995
PPO gae_lambda: 0.95
PPO target_kl: disabled
PPO gradient batches per rollout: 240
VecCheckNan: disabled
Freeze action layout: enabled
Empire territory: enabled
Torch threads per process: 4
Diagnostics: disabled
Wall-clock training limit: disabled
Run ID: seed120-builder-build_all-30171878222-1
============================================================

Logging to /home/runner/work/Disciples2-RL/Disciples2-RL/github_experiments/120/builder/build_all/seed120-builder-build_all-30171878222-1/tensorboard/MaskablePPO_1
---------------------------------
| rollout/           |          |
|    ep_len_mean     | 1.92e+03 |
|    ep_rew_mean     | 71.9     |
| time/              |          |
|    fps             | 744      |
|    iterations      | 1        |
|    time_elapsed    | 33       |
|    total_timesteps | 24576    |
---------------------------------
-----------------------------------------
| rollout/                |             |
|    ep_len_mean          | 2.13e+03    |
|    ep_rew_mean          | 73.3        |
| time/                   |             |
|    fps                  | 714         |
|    iterations           | 2           |
|    time_elapsed         | 68          |
|    total_timesteps      | 49152       |
| train/                  |             |
|    approx_kl            | 0.011623113 |
|    clip_fraction        | 0.089       |
|    clip_range           | 0.2         |
|    entropy_loss         | -2.24       |
|    explained_variance   | 0.0962      |
|    learning_rate        | 0.0003      |
|    loss                 | 0.103       |
|    n_updates            | 5           |
|    policy_gradient_loss | -0.00448    |
|    value_loss           | 0.216       |
-----------------------------------------
-----------------------------------------
| rollout/                |             |
|    ep_len_mean          | 2.14e+03    |
|    ep_rew_mean          | 72.6        |
| time/                   |             |
|    fps                  | 722         |
|    iterations           | 3           |
|    time_elapsed         | 102         |
|    total_timesteps      | 73728       |
| train/                  |             |
|    approx_kl            | 0.004654139 |
|    clip_fraction        | 0.0281      |
|    clip_range           | 0.2         |
|    entropy_loss         | -2.21       |
|    explained_variance   | 0.23        |
|    learning_rate        | 0.0003      |
|    loss                 | 0.015       |
|    n_updates            | 10          |
|    policy_gradient_loss | -0.00302    |
|    value_loss           | 0.217       |
-----------------------------------------
-----------------------------------------
| rollout/                |             |
|    ep_len_mean          | 2.15e+03    |
|    ep_rew_mean          | 74.1        |
| time/                   |             |
|    fps                  | 715         |
|    iterations           | 4           |
|    time_elapsed         | 137         |
|    total_timesteps      | 98304       |
| train/                  |             |
|    approx_kl            | 0.007927065 |
|    clip_fraction        | 0.0424      |
|    clip_range           | 0.2         |
|    entropy_loss         | -2.23       |
|    explained_variance   | 0.75        |
|    learning_rate        | 0.0003      |
|    loss                 | -0.0017     |
|    n_updates            | 15          |
|    policy_gradient_loss | -0.0024     |
|    value_loss           | 0.0759      |
-----------------------------------------
------------------------------------------
| rollout/                |              |
|    ep_len_mean          | 2.15e+03     |
|    ep_rew_mean          | 72.9         |
| time/                   |              |
|    fps                  | 700          |
|    iterations           | 5            |
|    time_elapsed         | 175          |
|    total_timesteps      | 122880       |
| train/                  |              |
|    approx_kl            | 0.0073356726 |
|    clip_fraction        | 0.0692       |
|    clip_range           | 0.2          |
|    entropy_loss         | -2.19        |
|    explained_variance   | 0.857        |
|    learning_rate        | 0.0003       |
|    loss                 | -0.00885     |
|    n_updates            | 20           |
|    policy_gradient_loss | -0.00395     |
|    value_loss           | 0.057        |
------------------------------------------
-----------------------------------------
| rollout/                |             |
|    ep_len_mean          | 2.14e+03    |
|    ep_rew_mean          | 74.9        |
| time/                   |             |
|    fps                  | 684         |
|    iterations           | 6           |
|    time_elapsed         | 215         |
|    total_timesteps      | 147456      |
| train/                  |             |
|    approx_kl            | 0.008485503 |
|    clip_fraction        | 0.0627      |
|    clip_range           | 0.2         |
|    entropy_loss         | -2.18       |
|    explained_variance   | 0.916       |
|    learning_rate        | 0.0003      |
|    loss                 | -0.014      |
|    n_updates            | 25          |
|    policy_gradient_loss | -0.00339    |
|    value_loss           | 0.0699      |
-----------------------------------------
------------------------------------------
| rollout/                |              |
|    ep_len_mean          | 2.13e+03     |
|    ep_rew_mean          | 74.6         |
| time/                   |              |
|    fps                  | 683          |
|    iterations           | 7            |
|    time_elapsed         | 251          |
|    total_timesteps      | 172032       |
| train/                  |              |
|    approx_kl            | 0.0073122024 |
|    clip_fraction        | 0.0419       |
|    clip_range           | 0.2          |
|    entropy_loss         | -2.18        |
|    explained_variance   | 0.953        |
|    learning_rate        | 0.0003       |
|    loss                 | 0.00232      |
|    n_updates            | 30           |
|    policy_gradient_loss | -0.00192     |
|    value_loss           | 0.0417       |
------------------------------------------
-----------------------------------------
| rollout/                |             |
|    ep_len_mean          | 2.11e+03    |
|    ep_rew_mean          | 74.4        |
| time/                   |             |
|    fps                  | 679         |
|    iterations           | 8           |
|    time_elapsed         | 289         |
|    total_timesteps      | 196608      |
| train/                  |             |
|    approx_kl            | 0.006777743 |
|    clip_fraction        | 0.0402      |
|    clip_range           | 0.2         |
|    entropy_loss         | -2.13       |
|    explained_variance   | 0.965       |
|    learning_rate        | 0.0003      |
|    loss                 | -0.00732    |
|    n_updates            | 35          |
|    policy_gradient_loss | -0.00258    |
|    value_loss           | 0.0341      |
-----------------------------------------
-----------------------------------------
| rollout/                |             |
|    ep_len_mean          | 2.11e+03    |
|    ep_rew_mean          | 74.7        |
| time/                   |             |
|    fps                  | 671         |
|    iterations           | 9           |
|    time_elapsed         | 329         |
|    total_timesteps      | 221184      |
| train/                  |             |
|    approx_kl            | 0.008691255 |
|    clip_fraction        | 0.0664      |
|    clip_range           | 0.2         |
|    entropy_loss         | -2.14       |
|    explained_variance   | 0.974       |
|    learning_rate        | 0.0003      |
|    loss                 | -0.0223     |
|    n_updates            | 40          |
|    policy_gradient_loss | -0.00372    |
|    value_loss           | 0.0326      |
-----------------------------------------
-----------------------------------------
| rollout/                |             |
|    ep_len_mean          | 2.11e+03    |
|    ep_rew_mean          | 76.1        |
| time/                   |             |
|    fps                  | 663         |
|    iterations           | 10          |
|    time_elapsed         | 370         |
|    total_timesteps      | 245760      |
| train/                  |             |
|    approx_kl            | 0.008137858 |
|    clip_fraction        | 0.06        |
|    clip_range           | 0.2         |
|    entropy_loss         | -2.16       |
|    explained_variance   | 0.983       |
|    learning_rate        | 0.0003      |
|    loss                 | -0.0224     |
|    n_updates            | 45          |
|    policy_gradient_loss | -0.0046     |
|    value_loss           | 0.0294      |
-----------------------------------------
-----------------------------------------
| rollout/                |             |
|    ep_len_mean          | 2.1e+03     |
|    ep_rew_mean          | 76.9        |
| time/                   |             |
|    fps                  | 654         |
|    iterations           | 11          |
|    time_elapsed         | 413         |
|    total_timesteps      | 270336      |
| train/                  |             |
|    approx_kl            | 0.006588245 |
|    clip_fraction        | 0.0383      |
|    clip_range           | 0.2         |
|    entropy_loss         | -2.12       |
|    explained_variance   | 0.988       |
|    learning_rate        | 0.0003      |
|    loss                 | -0.0124     |
|    n_updates            | 50          |
|    policy_gradient_loss | -0.00364    |
|    value_loss           | 0.0253      |
-----------------------------------------
-----------------------------------------
| rollout/                |             |
|    ep_len_mean          | 2.08e+03    |
|    ep_rew_mean          | 79.8        |
| time/                   |             |
|    fps                  | 641         |
|    iterations           | 12          |
|    time_elapsed         | 459         |
|    total_timesteps      | 294912      |
| train/                  |             |
|    approx_kl            | 0.009185798 |
|    clip_fraction        | 0.0859      |
|    clip_range           | 0.2         |
|    entropy_loss         | -2.12       |
|    explained_variance   | 0.991       |
|    learning_rate        | 0.0003      |
|    loss                 | -0.0209     |
|    n_updates            | 55          |
|    policy_gradient_loss | -0.00547    |
|    value_loss           | 0.014       |
-----------------------------------------
-----------------------------------------
| rollout/                |             |
|    ep_len_mean          | 2.06e+03    |
|    ep_rew_mean          | 83.5        |
| time/                   |             |
|    fps                  | 629         |
|    iterations           | 13          |
|    time_elapsed         | 507         |
|    total_timesteps      | 319488      |
| train/                  |             |
|    approx_kl            | 0.008508327 |
|    clip_fraction        | 0.0734      |
|    clip_range           | 0.2         |
|    entropy_loss         | -2.12       |
|    explained_variance   | 0.991       |
|    learning_rate        | 0.0003      |
|    loss                 | -0.0182     |
|    n_updates            | 60          |
|    policy_gradient_loss | -0.00575    |
|    value_loss           | 0.0156      |
-----------------------------------------
-----------------------------------------
| rollout/                |             |
|    ep_len_mean          | 2.04e+03    |
|    ep_rew_mean          | 86.5        |
| time/                   |             |
|    fps                  | 619         |
|    iterations           | 14          |
|    time_elapsed         | 555         |
|    total_timesteps      | 344064      |
| train/                  |             |
|    approx_kl            | 0.008697964 |
|    clip_fraction        | 0.0814      |
|    clip_range           | 0.2         |
|    entropy_loss         | -2.11       |
|    explained_variance   | 0.993       |
|    learning_rate        | 0.0003      |
|    loss                 | -0.02       |
|    n_updates            | 65          |
|    policy_gradient_loss | -0.00531    |
|    value_loss           | 0.0127      |
-----------------------------------------
-----------------------------------------
| rollout/                |             |
|    ep_len_mean          | 2.03e+03    |
|    ep_rew_mean          | 90.4        |
| time/                   |             |
|    fps                  | 609         |
|    iterations           | 15          |
|    time_elapsed         | 604         |
|    total_timesteps      | 368640      |
| train/                  |             |
|    approx_kl            | 0.009143534 |
|    clip_fraction        | 0.0763      |
|    clip_range           | 0.2         |
|    entropy_loss         | -2.1        |
|    explained_variance   | 0.99        |
|    learning_rate        | 0.0003      |
|    loss                 | -0.0179     |
|    n_updates            | 70          |
|    policy_gradient_loss | -0.00605    |
|    value_loss           | 0.0228      |
-----------------------------------------
-----------------------------------------
| rollout/                |             |
|    ep_len_mean          | 2.02e+03    |
|    ep_rew_mean          | 94.3        |
| time/                   |             |
|    fps                  | 601         |
|    iterations           | 16          |
|    time_elapsed         | 653         |
|    total_timesteps      | 393216      |
| train/                  |             |
|    approx_kl            | 0.007973007 |
|    clip_fraction        | 0.0556      |
|    clip_range           | 0.2         |
|    entropy_loss         | -2.09       |
|    explained_variance   | 0.995       |
|    learning_rate        | 0.0003      |
|    loss                 | -0.0167     |
|    n_updates            | 75          |
|    policy_gradient_loss | -0.00507    |
|    value_loss           | 0.0113      |
-----------------------------------------
-----------------------------------------
| rollout/                |             |
|    ep_len_mean          | 2.02e+03    |
|    ep_rew_mean          | 96.6        |
| time/                   |             |
|    fps                  | 595         |
|    iterations           | 17          |
|    time_elapsed         | 701         |
|    total_timesteps      | 417792      |
| train/                  |             |
|    approx_kl            | 0.008752537 |
|    clip_fraction        | 0.0544      |
|    clip_range           | 0.2         |
|    entropy_loss         | -2.08       |
|    explained_variance   | 0.996       |
|    learning_rate        | 0.0003      |
|    loss                 | -0.0214     |
|    n_updates            | 80          |
|    policy_gradient_loss | -0.00429    |
|    value_loss           | 0.0146      |
-----------------------------------------
-----------------------------------------
| rollout/                |             |
|    ep_len_mean          | 2.01e+03    |
|    ep_rew_mean          | 98.7        |
| time/                   |             |
|    fps                  | 587         |
|    iterations           | 18          |
|    time_elapsed         | 752         |
|    total_timesteps      | 442368      |
| train/                  |             |
|    approx_kl            | 0.009716296 |
|    clip_fraction        | 0.0907      |
|    clip_range           | 0.2         |
|    entropy_loss         | -2.07       |
|    explained_variance   | 0.997       |
|    learning_rate        | 0.0003      |
|    loss                 | -0.0262     |
|    n_updates            | 85          |
|    policy_gradient_loss | -0.00771    |
|    value_loss           | 0.00579     |
-----------------------------------------
-----------------------------------------
| rollout/                |             |
|    ep_len_mean          | 2.01e+03    |
|    ep_rew_mean          | 101         |
| time/                   |             |
|    fps                  | 582         |
|    iterations           | 19          |
|    time_elapsed         | 801         |
|    total_timesteps      | 466944      |
| train/                  |             |
|    approx_kl            | 0.010140707 |
|    clip_fraction        | 0.0965      |
|    clip_range           | 0.2         |
|    entropy_loss         | -2.07       |
|    explained_variance   | 0.998       |
|    learning_rate        | 0.0003      |
|    loss                 | -0.0193     |
|    n_updates            | 90          |
|    policy_gradient_loss | -0.00667    |
|    value_loss           | 0.00485     |
-----------------------------------------
-----------------------------------------
| rollout/                |             |
|    ep_len_mean          | 2.01e+03    |
|    ep_rew_mean          | 101         |
| time/                   |             |
|    fps                  | 577         |
|    iterations           | 20          |
|    time_elapsed         | 851         |
|    total_timesteps      | 491520      |
| train/                  |             |
|    approx_kl            | 0.009259092 |
|    clip_fraction        | 0.0749      |
|    clip_range           | 0.2         |
|    entropy_loss         | -2.05       |
|    explained_variance   | 0.998       |
|    learning_rate        | 0.0003      |
|    loss                 | -0.0331     |
|    n_updates            | 95          |
|    policy_gradient_loss | -0.00488    |
|    value_loss           | 0.00452     |
-----------------------------------------
[Checkpoint] Saved at 500000 steps > /home/runner/work/Disciples2-RL/Disciples2-RL/github_experiments/120/builder/build_all/seed120-builder-build_all-30171878222-1/checkpoints/campaign_ppo_step_500000.zip
-----------------------------------------
| rollout/                |             |
|    ep_len_mean          | 2.02e+03    |
|    ep_rew_mean          | 100         |
| time/                   |             |
|    fps                  | 573         |
|    iterations           | 21          |
|    time_elapsed         | 899         |
|    total_timesteps      | 516096      |
| train/                  |             |
|    approx_kl            | 0.009430145 |
|    clip_fraction        | 0.0828      |
|    clip_range           | 0.2         |
|    entropy_loss         | -2.03       |
|    explained_variance   | 0.998       |
|    learning_rate        | 0.0003      |
|    loss                 | -0.0293     |
|    n_updates            | 100         |
|    policy_gradient_loss | -0.00545    |
|    value_loss           | 0.00422     |
-----------------------------------------
------------------------------------------
| rollout/                |              |
|    ep_len_mean          | 2.03e+03     |
|    ep_rew_mean          | 100          |
| time/                   |              |
|    fps                  | 569          |
|    iterations           | 22           |
|    time_elapsed         | 948          |
|    total_timesteps      | 540672       |
| train/                  |              |
|    approx_kl            | 0.0071684136 |
|    clip_fraction        | 0.0593       |
|    clip_range           | 0.2          |
|    entropy_loss         | -2.03        |
|    explained_variance   | 0.999        |
|    learning_rate        | 0.0003       |
|    loss                 | -0.0199      |
|    n_updates            | 105          |
|    policy_gradient_loss | -0.00526     |
|    value_loss           | 0.0036       |
------------------------------------------
-----------------------------------------
| rollout/                |             |
|    ep_len_mean          | 2.05e+03    |
|    ep_rew_mean          | 99.2        |
| time/                   |             |
|    fps                  | 566         |
|    iterations           | 23          |
|    time_elapsed         | 998         |
|    total_timesteps      | 565248      |
| train/                  |             |
|    approx_kl            | 0.008427949 |
|    clip_fraction        | 0.0819      |
|    clip_range           | 0.2         |
|    entropy_loss         | -2.02       |
|    explained_variance   | 0.999       |
|    learning_rate        | 0.0003      |
|    loss                 | -0.0283     |
|    n_updates            | 110         |
|    policy_gradient_loss | -0.00666    |
|    value_loss           | 0.00423     |
-----------------------------------------
------------------------------------------
| rollout/                |              |
|    ep_len_mean          | 2.06e+03     |
|    ep_rew_mean          | 99.1         |
| time/                   |              |
|    fps                  | 562          |
|    iterations           | 24           |
|    time_elapsed         | 1048         |
|    total_timesteps      | 589824       |
| train/                  |              |
|    approx_kl            | 0.0088761505 |
|    clip_fraction        | 0.0956       |
|    clip_range           | 0.2          |
|    entropy_loss         | -2.03        |
|    explained_variance   | 0.999        |
|    learning_rate        | 0.0003       |
|    loss                 | -0.034       |
|    n_updates            | 115          |
|    policy_gradient_loss | -0.00756     |
|    value_loss           | 0.00342      |
------------------------------------------
-----------------------------------------
| rollout/                |             |
|    ep_len_mean          | 2.07e+03    |
|    ep_rew_mean          | 99.3        |
| time/                   |             |
|    fps                  | 558         |
|    iterations           | 25          |
|    time_elapsed         | 1099        |
|    total_timesteps      | 614400      |
| train/                  |             |
|    approx_kl            | 0.010079169 |
|    clip_fraction        | 0.0982      |
|    clip_range           | 0.2         |
|    entropy_loss         | -2.02       |
|    explained_variance   | 0.999       |
|    learning_rate        | 0.0003      |
|    loss                 | -0.0271     |
|    n_updates            | 120         |
|    policy_gradient_loss | -0.00726    |
|    value_loss           | 0.00302     |
-----------------------------------------
-----------------------------------------
| rollout/                |             |
|    ep_len_mean          | 2.07e+03    |
|    ep_rew_mean          | 99.4        |
| time/                   |             |
|    fps                  | 556         |
|    iterations           | 26          |
|    time_elapsed         | 1148        |
|    total_timesteps      | 638976      |
| train/                  |             |
|    approx_kl            | 0.008016816 |
|    clip_fraction        | 0.0614      |
|    clip_range           | 0.2         |
|    entropy_loss         | -1.99       |
|    explained_variance   | 0.999       |
|    learning_rate        | 0.0003      |
|    loss                 | -0.0237     |
|    n_updates            | 125         |
|    policy_gradient_loss | -0.00592    |
|    value_loss           | 0.00349     |
-----------------------------------------
-----------------------------------------
| rollout/                |             |
|    ep_len_mean          | 2.07e+03    |
|    ep_rew_mean          | 99.2        |
| time/                   |             |
|    fps                  | 553         |
|    iterations           | 27          |
|    time_elapsed         | 1198        |
|    total_timesteps      | 663552      |
| train/                  |             |
|    approx_kl            | 0.007244028 |
|    clip_fraction        | 0.0667      |
|    clip_range           | 0.2         |
|    entropy_loss         | -1.98       |
|    explained_variance   | 0.999       |
|    learning_rate        | 0.0003      |
|    loss                 | -0.0217     |
|    n_updates            | 130         |
|    policy_gradient_loss | -0.00588    |
|    value_loss           | 0.00333     |
-----------------------------------------
-----------------------------------------
| rollout/                |             |
|    ep_len_mean          | 2.07e+03    |
|    ep_rew_mean          | 100         |
| time/                   |             |
|    fps                  | 550         |
|    iterations           | 28          |
|    time_elapsed         | 1249        |
|    total_timesteps      | 688128      |
| train/                  |             |
|    approx_kl            | 0.008514089 |
|    clip_fraction        | 0.0802      |
|    clip_range           | 0.2         |
|    entropy_loss         | -1.99       |
|    explained_variance   | 0.999       |
|    learning_rate        | 0.0003      |
|    loss                 | -0.0264     |
|    n_updates            | 135         |
|    policy_gradient_loss | -0.00698    |
|    value_loss           | 0.00336     |
-----------------------------------------
-----------------------------------------
| rollout/                |             |
|    ep_len_mean          | 2.06e+03    |
|    ep_rew_mean          | 101         |
| time/                   |             |
|    fps                  | 547         |
|    iterations           | 29          |
|    time_elapsed         | 1300        |
|    total_timesteps      | 712704      |
| train/                  |             |
|    approx_kl            | 0.009906367 |
|    clip_fraction        | 0.0727      |
|    clip_range           | 0.2         |
|    entropy_loss         | -2          |
|    explained_variance   | 0.999       |
|    learning_rate        | 0.0003      |
|    loss                 | -0.0248     |
|    n_updates            | 140         |
|    policy_gradient_loss | -0.00549    |
|    value_loss           | 0.00345     |
-----------------------------------------
-----------------------------------------
| rollout/                |             |
|    ep_len_mean          | 2.06e+03    |
|    ep_rew_mean          | 103         |
| time/                   |             |
|    fps                  | 545         |
|    iterations           | 30          |
|    time_elapsed         | 1351        |
|    total_timesteps      | 737280      |
| train/                  |             |
|    approx_kl            | 0.007840785 |
|    clip_fraction        | 0.0748      |
|    clip_range           | 0.2         |
|    entropy_loss         | -2          |
|    explained_variance   | 0.999       |
|    learning_rate        | 0.0003      |
|    loss                 | -0.0272     |
|    n_updates            | 145         |
|    policy_gradient_loss | -0.00565    |
|    value_loss           | 0.00317     |
-----------------------------------------
-----------------------------------------
| rollout/                |             |
|    ep_len_mean          | 2.06e+03    |
|    ep_rew_mean          | 104         |
| time/                   |             |
|    fps                  | 542         |
|    iterations           | 31          |
|    time_elapsed         | 1403        |
|    total_timesteps      | 761856      |
| train/                  |             |
|    approx_kl            | 0.009535904 |
|    clip_fraction        | 0.106       |
|    clip_range           | 0.2         |
|    entropy_loss         | -2          |
|    explained_variance   | 0.999       |
|    learning_rate        | 0.0003      |
|    loss                 | -0.0368     |
|    n_updates            | 150         |
|    policy_gradient_loss | -0.00685    |
|    value_loss           | 0.0026      |
-----------------------------------------
-----------------------------------------
| rollout/                |             |
|    ep_len_mean          | 2.06e+03    |
|    ep_rew_mean          | 105         |
| time/                   |             |
|    fps                  | 539         |
|    iterations           | 32          |
|    time_elapsed         | 1456        |
|    total_timesteps      | 786432      |
| train/                  |             |
|    approx_kl            | 0.007069439 |
|    clip_fraction        | 0.0585      |
|    clip_range           | 0.2         |
|    entropy_loss         | -2.01       |
|    explained_variance   | 0.999       |
|    learning_rate        | 0.0003      |
|    loss                 | -0.0362     |
|    n_updates            | 155         |
|    policy_gradient_loss | -0.00442    |
|    value_loss           | 0.0026      |
-----------------------------------------
-----------------------------------------
| rollout/                |             |
|    ep_len_mean          | 2.06e+03    |
|    ep_rew_mean          | 106         |
| time/                   |             |
|    fps                  | 537         |
|    iterations           | 33          |
|    time_elapsed         | 1509        |
|    total_timesteps      | 811008      |
| train/                  |             |
|    approx_kl            | 0.009779567 |
|    clip_fraction        | 0.101       |
|    clip_range           | 0.2         |
|    entropy_loss         | -1.98       |
|    explained_variance   | 0.999       |
|    learning_rate        | 0.0003      |
|    loss                 | -0.0321     |
|    n_updates            | 160         |
|    policy_gradient_loss | -0.00729    |
|    value_loss           | 0.00233     |
-----------------------------------------
-----------------------------------------
| rollout/                |             |
|    ep_len_mean          | 2.07e+03    |
|    ep_rew_mean          | 107         |
| time/                   |             |
|    fps                  | 535         |
|    iterations           | 34          |
|    time_elapsed         | 1559        |
|    total_timesteps      | 835584      |
| train/                  |             |
|    approx_kl            | 0.008446099 |
|    clip_fraction        | 0.0799      |
|    clip_range           | 0.2         |
|    entropy_loss         | -1.95       |
|    explained_variance   | 0.999       |
|    learning_rate        | 0.0003      |
|    loss                 | -0.0277     |
|    n_updates            | 165         |
|    policy_gradient_loss | -0.00664    |
|    value_loss           | 0.00278     |
-----------------------------------------
-----------------------------------------
| rollout/                |             |
|    ep_len_mean          | 2.07e+03    |
|    ep_rew_mean          | 108         |
| time/                   |             |
|    fps                  | 533         |
|    iterations           | 35          |
|    time_elapsed         | 1611        |
|    total_timesteps      | 860160      |
| train/                  |             |
|    approx_kl            | 0.008567275 |
|    clip_fraction        | 0.0839      |
|    clip_range           | 0.2         |
|    entropy_loss         | -1.94       |
|    explained_variance   | 0.998       |
|    learning_rate        | 0.0003      |
|    loss                 | -0.0173     |
|    n_updates            | 170         |
|    policy_gradient_loss | -0.00596    |
|    value_loss           | 0.00421     |
-----------------------------------------
-----------------------------------------
| rollout/                |             |
|    ep_len_mean          | 2.06e+03    |
|    ep_rew_mean          | 108         |
| time/                   |             |
|    fps                  | 531         |
|    iterations           | 36          |
|    time_elapsed         | 1663        |
|    total_timesteps      | 884736      |
| train/                  |             |
|    approx_kl            | 0.008794592 |
|    clip_fraction        | 0.0757      |
|    clip_range           | 0.2         |
|    entropy_loss         | -1.95       |
|    explained_variance   | 0.999       |
|    learning_rate        | 0.0003      |
|    loss                 | -0.0247     |
|    n_updates            | 175         |
|    policy_gradient_loss | -0.00585    |
|    value_loss           | 0.00295     |
-----------------------------------------
----------------------------------------
| rollout/                |            |
|    ep_len_mean          | 2.07e+03   |
|    ep_rew_mean          | 108        |
| time/                   |            |
|    fps                  | 529        |
|    iterations           | 37         |
|    time_elapsed         | 1716       |
|    total_timesteps      | 909312     |
| train/                  |            |
|    approx_kl            | 0.00818434 |
|    clip_fraction        | 0.0826     |
|    clip_range           | 0.2        |
|    entropy_loss         | -1.95      |
|    explained_variance   | 0.999      |
|    learning_rate        | 0.0003     |
|    loss                 | -0.0173    |
|    n_updates            | 180        |
|    policy_gradient_loss | -0.00645   |
|    value_loss           | 0.00287    |
----------------------------------------
-----------------------------------------
| rollout/                |             |
|    ep_len_mean          | 2.07e+03    |
|    ep_rew_mean          | 109         |
| time/                   |             |
|    fps                  | 528         |
|    iterations           | 38          |
|    time_elapsed         | 1768        |
|    total_timesteps      | 933888      |
| train/                  |             |
|    approx_kl            | 0.008296221 |
|    clip_fraction        | 0.083       |
|    clip_range           | 0.2         |
|    entropy_loss         | -1.95       |
|    explained_variance   | 0.999       |
|    learning_rate        | 0.0003      |
|    loss                 | -0.0232     |
|    n_updates            | 185         |
|    policy_gradient_loss | -0.00544    |
|    value_loss           | 0.0027      |
-----------------------------------------
-----------------------------------------
| rollout/                |             |
|    ep_len_mean          | 2.07e+03    |
|    ep_rew_mean          | 109         |
| time/                   |             |
|    fps                  | 526         |
|    iterations           | 39          |
|    time_elapsed         | 1822        |
|    total_timesteps      | 958464      |
| train/                  |             |
|    approx_kl            | 0.007510602 |
|    clip_fraction        | 0.0522      |
|    clip_range           | 0.2         |
|    entropy_loss         | -1.94       |
|    explained_variance   | 0.999       |
|    learning_rate        | 0.0003      |
|    loss                 | -0.0263     |
|    n_updates            | 190         |
|    policy_gradient_loss | -0.00497    |
|    value_loss           | 0.00341     |
-----------------------------------------
-----------------------------------------
| rollout/                |             |
|    ep_len_mean          | 2.07e+03    |
|    ep_rew_mean          | 109         |
| time/                   |             |
|    fps                  | 524         |
|    iterations           | 40          |
|    time_elapsed         | 1873        |
|    total_timesteps      | 983040      |
| train/                  |             |
|    approx_kl            | 0.009120159 |
|    clip_fraction        | 0.0851      |
|    clip_range           | 0.2         |
|    entropy_loss         | -1.94       |
|    explained_variance   | 0.999       |
|    learning_rate        | 0.0003      |
|    loss                 | -0.0288     |
|    n_updates            | 195         |
|    policy_gradient_loss | -0.00686    |
|    value_loss           | 0.00203     |
-----------------------------------------
[Checkpoint] Saved at 1000000 steps > /home/runner/work/Disciples2-RL/Disciples2-RL/github_experiments/120/builder/build_all/seed120-builder-build_all-30171878222-1/checkpoints/campaign_ppo_step_1000000.zip
Eval num_timesteps=1000008, det_reward=67.55 +/- 0.00
Episode length: det=2052.10 +/- 0.30
Victory rate: det=100.00%
-------------------------------------------------
| eval/                           |             |
|    deterministic_mean_ep_length | 2.05e+03    |
|    deterministic_mean_reward    | 67.6        |
|    deterministic_victory_rate   | 1           |
|    mean_ep_length               | 2.05e+03    |
|    mean_reward                  | 67.6        |
|    victory_rate                 | 1           |
| time/                           |             |
|    total_timesteps              | 1000008     |
| train/                          |             |
|    approx_kl                    | 0.008609842 |
|    clip_fraction                | 0.073       |
|    clip_range                   | 0.2         |
|    entropy_loss                 | -1.93       |
|    explained_variance           | 0.998       |
|    learning_rate                | 0.0003      |
|    loss                         | -0.0215     |
|    n_updates                    | 200         |
|    policy_gradient_loss         | -0.00507    |
|    value_loss                   | 0.0047      |
-------------------------------------------------
New best model by deterministic victory rate!
---------------------------------
| rollout/           |          |
|    ep_len_mean     | 2.07e+03 |
|    ep_rew_mean     | 109      |
| time/              |          |
|    fps             | 487      |
|    iterations      | 41       |
|    time_elapsed    | 2066     |
|    total_timesteps | 1007616  |
---------------------------------
VecNormalize stats saved: /home/runner/work/Disciples2-RL/Disciples2-RL/github_experiments/120/builder/build_all/seed120-builder-build_all-30171878222-1/models/vecnormalize.pkl

Финальная модель сохранена: /home/runner/work/Disciples2-RL/Disciples2-RL/github_experiments/120/builder/build_all/seed120-builder-build_all-30171878222-1/models/final_model.zip

============================================================
ИТОГИ ОБУЧЕНИЯ:
  Побед: 481
  Поражений: 0
  Таймаутов: 0
  Побед бота столицы над врагами: 0
  Перестановок юнитов: 211971
  Winrate: 100.0%
============================================================
  График призывов за эпизод: /home/runner/work/Disciples2-RL/Disciples2-RL/github_experiments/120/builder/build_all/seed120-builder-build_all-30171878222-1/plots/campaign_summoned_units_per_episode.png
  График призывов за всё обучение: /home/runner/work/Disciples2-RL/Disciples2-RL/github_experiments/120/builder/build_all/seed120-builder-build_all-30171878222-1/plots/campaign_summoned_units_cumulative.png
  График найма за эпизод: /home/runner/work/Disciples2-RL/Disciples2-RL/github_experiments/120/builder/build_all/seed120-builder-build_all-30171878222-1/plots/campaign_hired_units_per_episode.png
  График найма за всё обучение: /home/runner/work/Disciples2-RL/Disciples2-RL/github_experiments/120/builder/build_all/seed120-builder-build_all-30171878222-1/plots/campaign_hired_units_cumulative.png
  График перестановок юнитов за эпизод: /home/runner/work/Disciples2-RL/Disciples2-RL/github_experiments/120/builder/build_all/seed120-builder-build_all-30171878222-1/plots/campaign_unit_swaps_per_episode.png
  График боевых предметов: /home/runner/work/Disciples2-RL/Disciples2-RL/github_experiments/120/builder/build_all/seed120-builder-build_all-30171878222-1/plots/campaign_battle_item_activity.png
  График побед бота столицы за эпизод: /home/runner/work/Disciples2-RL/Disciples2-RL/github_experiments/120/builder/build_all/seed120-builder-build_all-30171878222-1/plots/campaign_scripted_bot_victories_per_episode.png
  График применения заклинаний: /home/runner/work/Disciples2-RL/Disciples2-RL/github_experiments/120/builder/build_all/seed120-builder-build_all-30171878222-1/plots/campaign_spell_cast_activity.png
