Модель: C:\Users\Admin\Desktop\disciple\realnewdisciples-main\Big_map\campaign_models\offline-1783782510\best\best_model.zip
VecNormalize: C:\Users\Admin\Desktop\disciple\realnewdisciples-main\Big_map\campaign_models\offline-1783782510\best\best_vecnormalize.pkl
Отчёты: C:\Users\Admin\Desktop\disciple\realnewdisciples-main\Big_map\battlebugs

================================================================================
Конфигурация 03/33 завершена: Превращение и копирование
100 боёв: BLUE 50 побед, RED 50 побед, без победителя 0, аварий 0; багов 0 (0 типов).
- Воспроизводимых багов автоматические проверки не нашли.
Отчёт: C:\Users\Admin\Desktop\disciple\realnewdisciples-main\Big_map\battlebugs\03_превращение_и_копирование\report.md
================================================================================

================================================================================
Конфигурация 05/33 завершена: Свободная колонна Мастера оккультиста
100 боёв: BLUE 63 побед, RED 37 побед, без победителя 0, аварий 0; багов 0 (0 типов).
- Воспроизводимых багов автоматические проверки не нашли.
Отчёт: C:\Users\Admin\Desktop\disciple\realnewdisciples-main\Big_map\battlebugs\05_свободная_колонна_мастера_оккультиста\report.md
================================================================================

================================================================================
Конфигурация 07/33 завершена: Призыв против воскрешения
100 боёв: BLUE 3 побед, RED 97 побед, без победителя 0, аварий 0; багов 0 (0 типов).
- Воспроизводимых багов автоматические проверки не нашли.
Отчёт: C:\Users\Admin\Desktop\disciple\realnewdisciples-main\Big_map\battlebugs\07_призыв_против_воскрешения\report.md
================================================================================

================================================================================
Конфигурация 13/33 завершена: Оккультист стирает слабые трупы
100 боёв: BLUE 0 побед, RED 100 побед, без победителя 0, аварий 0; багов 4 (1 типов).
- Патриарх воскрешает с 50% max HP вместо фиксированных 50 HP оригинала: 4
Отчёт: C:\Users\Admin\Desktop\disciple\realnewdisciples-main\Big_map\battlebugs\13_оккультист_стирает_слабые_трупы\report.md
================================================================================

================================================================================
Конфигурация 14/33 завершена: Массовое окаменение против иммунитетов
100 боёв: BLUE 50 побед, RED 50 побед, без победителя 0, аварий 0; багов 0 (0 типов).
- Воспроизводимых багов автоматические проверки не нашли.
Отчёт: C:\Users\Admin\Desktop\disciple\realnewdisciples-main\Big_map\battlebugs\14_массовое_окаменение_против_иммунитетов\report.md
================================================================================

================================================================================
Конфигурация 17/33 завершена: Три источника периодического урона
100 боёв: BLUE 50 побед, RED 50 побед, без победителя 0, аварий 0; багов 0 (0 типов).
- Воспроизводимых багов автоматические проверки не нашли.
Отчёт: C:\Users\Admin\Desktop\disciple\realnewdisciples-main\Big_map\battlebugs\17_три_источника_периодического_урона\report.md
================================================================================

================================================================================
Конфигурация 19/33 завершена: Два разрушителя брони
100 боёв: BLUE 22 побед, RED 78 побед, без победителя 0, аварий 0; багов 176 (1 типов).
- Патриарх воскрешает с 50% max HP вместо фиксированных 50 HP оригинала: 176
Отчёт: C:\Users\Admin\Desktop\disciple\realnewdisciples-main\Big_map\battlebugs\19_два_разрушителя_брони\report.md
================================================================================

================================================================================
Конфигурация 27/33 завершена: Копирование превращённых и призванных
100 боёв: BLUE 50 побед, RED 50 побед, без победителя 0, аварий 0; багов 0 (0 типов).
- Воспроизводимых багов автоматические проверки не нашли.
Отчёт: C:\Users\Admin\Desktop\disciple\realnewdisciples-main\Big_map\battlebugs\27_копирование_превращённых_и_призванных\report.md
================================================================================

================================================================================
Конфигурация 29/33 завершена: Колонка освобождается после смерти большого
100 боёв: BLUE 50 побед, RED 50 побед, без победителя 0, аварий 0; багов 0 (0 типов).
- Воспроизводимых багов автоматические проверки не нашли.
Отчёт: C:\Users\Admin\Desktop\disciple\realnewdisciples-main\Big_map\battlebugs\29_колонка_освобождается_после_смерти_большого\report.md
================================================================================

================================================================================
Конфигурация 30/33 завершена: Большие иммунные цели и поддержка
100 боёв: BLUE 50 побед, RED 50 побед, без победителя 0, аварий 0; багов 0 (0 типов).
- Воспроизводимых багов автоматические проверки не нашли.
Отчёт: C:\Users\Admin\Desktop\disciple\realnewdisciples-main\Big_map\battlebugs\30_большие_иммунные_цели_и_поддержка\report.md
================================================================================

================================================================================
Конфигурация 31/33 завершена: Стражи столиц против временных эффектов
100 боёв: BLUE 57 побед, RED 43 побед, без победителя 0, аварий 0; багов 0 (0 типов).
- Воспроизводимых багов автоматические проверки не нашли.
Отчёт: C:\Users\Admin\Desktop\disciple\realnewdisciples-main\Big_map\battlebugs\31_стражи_столиц_против_временных_эффектов\report.md
================================================================================
