Проверка среды CampaignEnv...
Среда прошла проверку!
[INFO] Comet disabled, running without experiment tracking
Создание 12 параллельных сред (subproc)...
Инициализация MaskablePPO...
Using cpu device

============================================================
Запуск обучения Campaign Agent
Всего шагов: 1,500,000
Параллельных сред: 12
VecEnv: subproc
VecEnv start method: forkserver
Seed: 142
Checkpoint каждые: 500,000 шагов
Evaluation каждые: 83,334 шагов
Eval deterministic эпизодов: 20
Eval stochastic эпизодов: 0
Eval лимит шагов на эпизод: 5000
Campaign map: scroll_train
Campaign objective: all_enemies
System resources at training start:
  Platform: Linux 6.17.0-1022-azure (x86_64)
  Python: 3.14.7
  PyTorch: 2.14.0+cpu
  Training device: cpu
  CPU model: AMD EPYC 7763 64-Core Processor
  CPU vendor: AuthenticAMD
  Logical CPUs visible: 4
  Process CPU affinity: 4
  Sockets: 1
  Cores per socket: 2
  Threads per core: 2
  CPU max MHz: unknown
  CPU min MHz: unknown
  L1d cache: 64 KiB (2 instances)
  L1i cache: 64 KiB (2 instances)
  L2 cache: 1 MiB (2 instances)
  L3 cache: 32 MiB (1 instance)
  Virtualization: AMD-V
  Hypervisor: Microsoft
  RAM total: 15.61 GiB
  RAM available at start: 13.94 GiB
  Disk total: 144.26 GiB
  Disk free at start: 73.79 GiB
  Torch intra-op threads: 4
  Torch inter-op threads: 2
  OMP_NUM_THREADS: 4
  MKL_NUM_THREADS: 4
  OPENBLAS_NUM_THREADS: 4
  GitHub runner OS: Linux
  GitHub runner architecture: X64
  GitHub runner environment: github-hosted
PPO n_steps: 2,048
PPO batch_size: 512
PPO n_epochs: 5
PPO learning_rate: 0.0003
PPO clip_range: 0.2
PPO ent_coef: 0.01
PPO gamma: 0.995
PPO gae_lambda: 0.95
PPO target_kl: disabled
PPO gradient batches per rollout: 240
VecCheckNan: disabled
Freeze action layout: enabled
Empire territory: enabled
Scripted capital bot: disabled
Starting roster: classic party (Одержимый, Одержимый, Архидьявол, Сектант)
Torch threads per process: 4
Diagnostics: disabled
Wall-clock training limit: disabled
Run ID: seed142-scroll_train-all_enemies-36906933801-1
============================================================

Logging to /home/runner/work/Disciples2-RL/Disciples2-RL/github_experiments/142/scroll_train/all_enemies/seed142-scroll_train-all_enemies-36906933801-1/tensorboard/MaskablePPO_1
---------------------------------
| rollout/           |          |
|    ep_len_mean     | 92       |
|    ep_rew_mean     | 15.4     |
| time/              |          |
|    fps             | 268      |
|    iterations      | 1        |
|    time_elapsed    | 91       |
|    total_timesteps | 24576    |
---------------------------------
-----------------------------------------
| rollout/                |             |
|    ep_len_mean          | 80.3        |
|    ep_rew_mean          | 15.9        |
| time/                   |             |
|    fps                  | 262         |
|    iterations           | 2           |
|    time_elapsed         | 187         |
|    total_timesteps      | 49152       |
| train/                  |             |
|    approx_kl            | 0.012449995 |
|    clip_fraction        | 0.147       |
|    clip_range           | 0.2         |
|    entropy_loss         | -3.57       |
|    explained_variance   | -0.0105     |
|    learning_rate        | 0.0003      |
|    loss                 | 0.101       |
|    n_updates            | 5           |
|    policy_gradient_loss | -0.0165     |
|    value_loss           | 0.513       |
-----------------------------------------
----------------------------------------
| rollout/                |            |
|    ep_len_mean          | 69.5       |
|    ep_rew_mean          | 16.3       |
| time/                   |            |
|    fps                  | 259        |
|    iterations           | 3          |
|    time_elapsed         | 284        |
|    total_timesteps      | 73728      |
| train/                  |            |
|    approx_kl            | 0.01479575 |
|    clip_fraction        | 0.223      |
|    clip_range           | 0.2        |
|    entropy_loss         | -3.55      |
|    explained_variance   | 0.485      |
|    learning_rate        | 0.0003     |
|    loss                 | 0.0144     |
|    n_updates            | 10         |
|    policy_gradient_loss | -0.0243    |
|    value_loss           | 0.214      |
----------------------------------------
-----------------------------------------
| rollout/                |             |
|    ep_len_mean          | 56.5        |
|    ep_rew_mean          | 16.7        |
| time/                   |             |
|    fps                  | 257         |
|    iterations           | 4           |
|    time_elapsed         | 381         |
|    total_timesteps      | 98304       |
| train/                  |             |
|    approx_kl            | 0.017727166 |
|    clip_fraction        | 0.268       |
|    clip_range           | 0.2         |
|    entropy_loss         | -3.55       |
|    explained_variance   | 0.521       |
|    learning_rate        | 0.0003      |
|    loss                 | -0.0171     |
|    n_updates            | 15          |
|    policy_gradient_loss | -0.026      |
|    value_loss           | 0.122       |
-----------------------------------------
-----------------------------------------
| rollout/                |             |
|    ep_len_mean          | 47.4        |
|    ep_rew_mean          | 17          |
| time/                   |             |
|    fps                  | 255         |
|    iterations           | 5           |
|    time_elapsed         | 481         |
|    total_timesteps      | 122880      |
| train/                  |             |
|    approx_kl            | 0.019288203 |
|    clip_fraction        | 0.231       |
|    clip_range           | 0.2         |
|    entropy_loss         | -3.51       |
|    explained_variance   | 0.517       |
|    learning_rate        | 0.0003      |
|    loss                 | -0.029      |
|    n_updates            | 20          |
|    policy_gradient_loss | -0.0248     |
|    value_loss           | 0.0773      |
-----------------------------------------
-----------------------------------------
| rollout/                |             |
|    ep_len_mean          | 38.8        |
|    ep_rew_mean          | 17.2        |
| time/                   |             |
|    fps                  | 253         |
|    iterations           | 6           |
|    time_elapsed         | 581         |
|    total_timesteps      | 147456      |
| train/                  |             |
|    approx_kl            | 0.023426453 |
|    clip_fraction        | 0.229       |
|    clip_range           | 0.2         |
|    entropy_loss         | -3.51       |
|    explained_variance   | 0.736       |
|    learning_rate        | 0.0003      |
|    loss                 | -0.0394     |
|    n_updates            | 25          |
|    policy_gradient_loss | -0.0207     |
|    value_loss           | 0.0432      |
-----------------------------------------
-----------------------------------------
| rollout/                |             |
|    ep_len_mean          | 32.3        |
|    ep_rew_mean          | 17.3        |
| time/                   |             |
|    fps                  | 252         |
|    iterations           | 7           |
|    time_elapsed         | 681         |
|    total_timesteps      | 172032      |
| train/                  |             |
|    approx_kl            | 0.026190214 |
|    clip_fraction        | 0.225       |
|    clip_range           | 0.2         |
|    entropy_loss         | -3.42       |
|    explained_variance   | 0.891       |
|    learning_rate        | 0.0003      |
|    loss                 | -0.0328     |
|    n_updates            | 30          |
|    policy_gradient_loss | -0.02       |
|    value_loss           | 0.0275      |
-----------------------------------------
-----------------------------------------
| rollout/                |             |
|    ep_len_mean          | 27.6        |
|    ep_rew_mean          | 17.5        |
| time/                   |             |
|    fps                  | 251         |
|    iterations           | 8           |
|    time_elapsed         | 781         |
|    total_timesteps      | 196608      |
| train/                  |             |
|    approx_kl            | 0.016207352 |
|    clip_fraction        | 0.209       |
|    clip_range           | 0.2         |
|    entropy_loss         | -3.26       |
|    explained_variance   | 0.96        |
|    learning_rate        | 0.0003      |
|    loss                 | -0.0517     |
|    n_updates            | 35          |
|    policy_gradient_loss | -0.0189     |
|    value_loss           | 0.016       |
-----------------------------------------
-----------------------------------------
| rollout/                |             |
|    ep_len_mean          | 25.7        |
|    ep_rew_mean          | 17.5        |
| time/                   |             |
|    fps                  | 250         |
|    iterations           | 9           |
|    time_elapsed         | 881         |
|    total_timesteps      | 221184      |
| train/                  |             |
|    approx_kl            | 0.013569557 |
|    clip_fraction        | 0.212       |
|    clip_range           | 0.2         |
|    entropy_loss         | -3.11       |
|    explained_variance   | 0.983       |
|    learning_rate        | 0.0003      |
|    loss                 | -0.0383     |
|    n_updates            | 40          |
|    policy_gradient_loss | -0.0204     |
|    value_loss           | 0.00958     |
-----------------------------------------
----------------------------------------
| rollout/                |            |
|    ep_len_mean          | 22.9       |
|    ep_rew_mean          | 17.5       |
| time/                   |            |
|    fps                  | 250        |
|    iterations           | 10         |
|    time_elapsed         | 982        |
|    total_timesteps      | 245760     |
| train/                  |            |
|    approx_kl            | 0.01668922 |
|    clip_fraction        | 0.224      |
|    clip_range           | 0.2        |
|    entropy_loss         | -2.99      |
|    explained_variance   | 0.99       |
|    learning_rate        | 0.0003     |
|    loss                 | -0.0538    |
|    n_updates            | 45         |
|    policy_gradient_loss | -0.022     |
|    value_loss           | 0.00736    |
----------------------------------------
-----------------------------------------
| rollout/                |             |
|    ep_len_mean          | 20.1        |
|    ep_rew_mean          | 17.6        |
| time/                   |             |
|    fps                  | 249         |
|    iterations           | 11          |
|    time_elapsed         | 1083        |
|    total_timesteps      | 270336      |
| train/                  |             |
|    approx_kl            | 0.017943768 |
|    clip_fraction        | 0.203       |
|    clip_range           | 0.2         |
|    entropy_loss         | -2.81       |
|    explained_variance   | 0.993       |
|    learning_rate        | 0.0003      |
|    loss                 | -0.07       |
|    n_updates            | 50          |
|    policy_gradient_loss | -0.022      |
|    value_loss           | 0.00492     |
-----------------------------------------
-----------------------------------------
| rollout/                |             |
|    ep_len_mean          | 18.2        |
|    ep_rew_mean          | 17.6        |
| time/                   |             |
|    fps                  | 249         |
|    iterations           | 12          |
|    time_elapsed         | 1184        |
|    total_timesteps      | 294912      |
| train/                  |             |
|    approx_kl            | 0.012625858 |
|    clip_fraction        | 0.18        |
|    clip_range           | 0.2         |
|    entropy_loss         | -2.65       |
|    explained_variance   | 0.995       |
|    learning_rate        | 0.0003      |
|    loss                 | -0.0537     |
|    n_updates            | 55          |
|    policy_gradient_loss | -0.021      |
|    value_loss           | 0.00356     |
-----------------------------------------
-----------------------------------------
| rollout/                |             |
|    ep_len_mean          | 17.3        |
|    ep_rew_mean          | 17.6        |
| time/                   |             |
|    fps                  | 248         |
|    iterations           | 13          |
|    time_elapsed         | 1283        |
|    total_timesteps      | 319488      |
| train/                  |             |
|    approx_kl            | 0.013435974 |
|    clip_fraction        | 0.18        |
|    clip_range           | 0.2         |
|    entropy_loss         | -2.48       |
|    explained_variance   | 0.996       |
|    learning_rate        | 0.0003      |
|    loss                 | -0.0483     |
|    n_updates            | 60          |
|    policy_gradient_loss | -0.0214     |
|    value_loss           | 0.00259     |
-----------------------------------------
-----------------------------------------
| rollout/                |             |
|    ep_len_mean          | 16.4        |
|    ep_rew_mean          | 17.7        |
| time/                   |             |
|    fps                  | 248         |
|    iterations           | 14          |
|    time_elapsed         | 1381        |
|    total_timesteps      | 344064      |
| train/                  |             |
|    approx_kl            | 0.016606748 |
|    clip_fraction        | 0.157       |
|    clip_range           | 0.2         |
|    entropy_loss         | -2.3        |
|    explained_variance   | 0.997       |
|    learning_rate        | 0.0003      |
|    loss                 | -0.0451     |
|    n_updates            | 65          |
|    policy_gradient_loss | -0.0208     |
|    value_loss           | 0.00244     |
-----------------------------------------
-----------------------------------------
| rollout/                |             |
|    ep_len_mean          | 15.6        |
|    ep_rew_mean          | 17.9        |
| time/                   |             |
|    fps                  | 249         |
|    iterations           | 15          |
|    time_elapsed         | 1476        |
|    total_timesteps      | 368640      |
| train/                  |             |
|    approx_kl            | 0.017503051 |
|    clip_fraction        | 0.155       |
|    clip_range           | 0.2         |
|    entropy_loss         | -2.01       |
|    explained_variance   | 0.997       |
|    learning_rate        | 0.0003      |
|    loss                 | -0.0488     |
|    n_updates            | 70          |
|    policy_gradient_loss | -0.0222     |
|    value_loss           | 0.00243     |
-----------------------------------------
-----------------------------------------
| rollout/                |             |
|    ep_len_mean          | 15.8        |
|    ep_rew_mean          | 18          |
| time/                   |             |
|    fps                  | 250         |
|    iterations           | 16          |
|    time_elapsed         | 1568        |
|    total_timesteps      | 393216      |
| train/                  |             |
|    approx_kl            | 0.016598059 |
|    clip_fraction        | 0.17        |
|    clip_range           | 0.2         |
|    entropy_loss         | -1.72       |
|    explained_variance   | 0.997       |
|    learning_rate        | 0.0003      |
|    loss                 | -0.0479     |
|    n_updates            | 75          |
|    policy_gradient_loss | -0.0273     |
|    value_loss           | 0.00198     |
-----------------------------------------
-----------------------------------------
| rollout/                |             |
|    ep_len_mean          | 14.6        |
|    ep_rew_mean          | 18          |
| time/                   |             |
|    fps                  | 251         |
|    iterations           | 17          |
|    time_elapsed         | 1658        |
|    total_timesteps      | 417792      |
| train/                  |             |
|    approx_kl            | 0.012809657 |
|    clip_fraction        | 0.208       |
|    clip_range           | 0.2         |
|    entropy_loss         | -1.41       |
|    explained_variance   | 0.998       |
|    learning_rate        | 0.0003      |
|    loss                 | -0.0332     |
|    n_updates            | 80          |
|    policy_gradient_loss | -0.027      |
|    value_loss           | 0.00153     |
-----------------------------------------
-----------------------------------------
| rollout/                |             |
|    ep_len_mean          | 14.3        |
|    ep_rew_mean          | 18          |
| time/                   |             |
|    fps                  | 253         |
|    iterations           | 18          |
|    time_elapsed         | 1747        |
|    total_timesteps      | 442368      |
| train/                  |             |
|    approx_kl            | 0.011189486 |
|    clip_fraction        | 0.17        |
|    clip_range           | 0.2         |
|    entropy_loss         | -1.16       |
|    explained_variance   | 0.999       |
|    learning_rate        | 0.0003      |
|    loss                 | -0.0356     |
|    n_updates            | 85          |
|    policy_gradient_loss | -0.0236     |
|    value_loss           | 0.00107     |
-----------------------------------------
-----------------------------------------
| rollout/                |             |
|    ep_len_mean          | 13.7        |
|    ep_rew_mean          | 18          |
| time/                   |             |
|    fps                  | 254         |
|    iterations           | 19          |
|    time_elapsed         | 1835        |
|    total_timesteps      | 466944      |
| train/                  |             |
|    approx_kl            | 0.009128133 |
|    clip_fraction        | 0.13        |
|    clip_range           | 0.2         |
|    entropy_loss         | -0.959      |
|    explained_variance   | 0.999       |
|    learning_rate        | 0.0003      |
|    loss                 | -0.0256     |
|    n_updates            | 90          |
|    policy_gradient_loss | -0.0166     |
|    value_loss           | 0.000944    |
-----------------------------------------
------------------------------------------
| rollout/                |              |
|    ep_len_mean          | 13.7         |
|    ep_rew_mean          | 18           |
| time/                   |              |
|    fps                  | 255          |
|    iterations           | 20           |
|    time_elapsed         | 1921         |
|    total_timesteps      | 491520       |
| train/                  |              |
|    approx_kl            | 0.0059051123 |
|    clip_fraction        | 0.0783       |
|    clip_range           | 0.2          |
|    entropy_loss         | -0.807       |
|    explained_variance   | 0.999        |
|    learning_rate        | 0.0003       |
|    loss                 | -0.0235      |
|    n_updates            | 95           |
|    policy_gradient_loss | -0.0116      |
|    value_loss           | 0.000856     |
------------------------------------------
[Checkpoint] Saved at 500000 steps > /home/runner/work/Disciples2-RL/Disciples2-RL/github_experiments/142/scroll_train/all_enemies/seed142-scroll_train-all_enemies-36906933801-1/checkpoints/campaign_ppo_step_500000.zip
------------------------------------------
| rollout/                |              |
|    ep_len_mean          | 13.2         |
|    ep_rew_mean          | 18           |
| time/                   |              |
|    fps                  | 257          |
|    iterations           | 21           |
|    time_elapsed         | 2006         |
|    total_timesteps      | 516096       |
| train/                  |              |
|    approx_kl            | 0.0039853095 |
|    clip_fraction        | 0.0625       |
|    clip_range           | 0.2          |
|    entropy_loss         | -0.688       |
|    explained_variance   | 0.999        |
|    learning_rate        | 0.0003       |
|    loss                 | -0.0213      |
|    n_updates            | 100          |
|    policy_gradient_loss | -0.00933     |
|    value_loss           | 0.000635     |
------------------------------------------
-----------------------------------------
| rollout/                |             |
|    ep_len_mean          | 13.1        |
|    ep_rew_mean          | 18          |
| time/                   |             |
|    fps                  | 258         |
|    iterations           | 22          |
|    time_elapsed         | 2091        |
|    total_timesteps      | 540672      |
| train/                  |             |
|    approx_kl            | 0.004452307 |
|    clip_fraction        | 0.0532      |
|    clip_range           | 0.2         |
|    entropy_loss         | -0.596      |
|    explained_variance   | 0.999       |
|    learning_rate        | 0.0003      |
|    loss                 | -0.0127     |
|    n_updates            | 105         |
|    policy_gradient_loss | -0.00699    |
|    value_loss           | 0.000523    |
-----------------------------------------
------------------------------------------
| rollout/                |              |
|    ep_len_mean          | 13.1         |
|    ep_rew_mean          | 18           |
| time/                   |              |
|    fps                  | 259          |
|    iterations           | 23           |
|    time_elapsed         | 2176         |
|    total_timesteps      | 565248       |
| train/                  |              |
|    approx_kl            | 0.0027782582 |
|    clip_fraction        | 0.0349       |
|    clip_range           | 0.2          |
|    entropy_loss         | -0.53        |
|    explained_variance   | 0.999        |
|    learning_rate        | 0.0003       |
|    loss                 | -0.016       |
|    n_updates            | 110          |
|    policy_gradient_loss | -0.00654     |
|    value_loss           | 0.000493     |
------------------------------------------
-----------------------------------------
| rollout/                |             |
|    ep_len_mean          | 13.2        |
|    ep_rew_mean          | 18          |
| time/                   |             |
|    fps                  | 260         |
|    iterations           | 24          |
|    time_elapsed         | 2260        |
|    total_timesteps      | 589824      |
| train/                  |             |
|    approx_kl            | 0.006529479 |
|    clip_fraction        | 0.0484      |
|    clip_range           | 0.2         |
|    entropy_loss         | -0.458      |
|    explained_variance   | 0.999       |
|    learning_rate        | 0.0003      |
|    loss                 | -0.012      |
|    n_updates            | 115         |
|    policy_gradient_loss | -0.00625    |
|    value_loss           | 0.000454    |
-----------------------------------------
------------------------------------------
| rollout/                |              |
|    ep_len_mean          | 12.8         |
|    ep_rew_mean          | 18           |
| time/                   |              |
|    fps                  | 261          |
|    iterations           | 25           |
|    time_elapsed         | 2345         |
|    total_timesteps      | 614400       |
| train/                  |              |
|    approx_kl            | 0.0021331583 |
|    clip_fraction        | 0.0287       |
|    clip_range           | 0.2          |
|    entropy_loss         | -0.397       |
|    explained_variance   | 0.999        |
|    learning_rate        | 0.0003       |
|    loss                 | -0.00537     |
|    n_updates            | 120          |
|    policy_gradient_loss | -0.0044      |
|    value_loss           | 0.000386     |
------------------------------------------
------------------------------------------
| rollout/                |              |
|    ep_len_mean          | 12.9         |
|    ep_rew_mean          | 18           |
| time/                   |              |
|    fps                  | 263          |
|    iterations           | 26           |
|    time_elapsed         | 2428         |
|    total_timesteps      | 638976       |
| train/                  |              |
|    approx_kl            | 0.0029245568 |
|    clip_fraction        | 0.0219       |
|    clip_range           | 0.2          |
|    entropy_loss         | -0.353       |
|    explained_variance   | 1            |
|    learning_rate        | 0.0003       |
|    loss                 | 0.0046       |
|    n_updates            | 125          |
|    policy_gradient_loss | -0.00306     |
|    value_loss           | 0.000328     |
------------------------------------------
------------------------------------------
| rollout/                |              |
|    ep_len_mean          | 12.7         |
|    ep_rew_mean          | 18           |
| time/                   |              |
|    fps                  | 264          |
|    iterations           | 27           |
|    time_elapsed         | 2513         |
|    total_timesteps      | 663552       |
| train/                  |              |
|    approx_kl            | 0.0008731293 |
|    clip_fraction        | 0.00584      |
|    clip_range           | 0.2          |
|    entropy_loss         | -0.33        |
|    explained_variance   | 0.999        |
|    learning_rate        | 0.0003       |
|    loss                 | -0.00542     |
|    n_updates            | 130          |
|    policy_gradient_loss | -0.00259     |
|    value_loss           | 0.000383     |
------------------------------------------
------------------------------------------
| rollout/                |              |
|    ep_len_mean          | 12.8         |
|    ep_rew_mean          | 18           |
| time/                   |              |
|    fps                  | 264          |
|    iterations           | 28           |
|    time_elapsed         | 2597         |
|    total_timesteps      | 688128       |
| train/                  |              |
|    approx_kl            | 0.0022617567 |
|    clip_fraction        | 0.0232       |
|    clip_range           | 0.2          |
|    entropy_loss         | -0.313       |
|    explained_variance   | 1            |
|    learning_rate        | 0.0003       |
|    loss                 | 0.000595     |
|    n_updates            | 135          |
|    policy_gradient_loss | -0.00217     |
|    value_loss           | 0.00025      |
------------------------------------------
------------------------------------------
| rollout/                |              |
|    ep_len_mean          | 12.6         |
|    ep_rew_mean          | 18           |
| time/                   |              |
|    fps                  | 265          |
|    iterations           | 29           |
|    time_elapsed         | 2682         |
|    total_timesteps      | 712704       |
| train/                  |              |
|    approx_kl            | 0.0020046493 |
|    clip_fraction        | 0.0112       |
|    clip_range           | 0.2          |
|    entropy_loss         | -0.312       |
|    explained_variance   | 1            |
|    learning_rate        | 0.0003       |
|    loss                 | -0.000457    |
|    n_updates            | 140          |
|    policy_gradient_loss | -0.00226     |
|    value_loss           | 0.000227     |
------------------------------------------
-----------------------------------------
| rollout/                |             |
|    ep_len_mean          | 12.9        |
|    ep_rew_mean          | 18.1        |
| time/                   |             |
|    fps                  | 266         |
|    iterations           | 30          |
|    time_elapsed         | 2767        |
|    total_timesteps      | 737280      |
| train/                  |             |
|    approx_kl            | 0.002419917 |
|    clip_fraction        | 0.0197      |
|    clip_range           | 0.2         |
|    entropy_loss         | -0.313      |
|    explained_variance   | 1           |
|    learning_rate        | 0.0003      |
|    loss                 | -0.00454    |
|    n_updates            | 145         |
|    policy_gradient_loss | -0.00192    |
|    value_loss           | 0.000324    |
-----------------------------------------
------------------------------------------
| rollout/                |              |
|    ep_len_mean          | 12.7         |
|    ep_rew_mean          | 18.1         |
| time/                   |              |
|    fps                  | 267          |
|    iterations           | 31           |
|    time_elapsed         | 2852         |
|    total_timesteps      | 761856       |
| train/                  |              |
|    approx_kl            | 0.0019762886 |
|    clip_fraction        | 0.0164       |
|    clip_range           | 0.2          |
|    entropy_loss         | -0.309       |
|    explained_variance   | 1            |
|    learning_rate        | 0.0003       |
|    loss                 | -0.0062      |
|    n_updates            | 150          |
|    policy_gradient_loss | -0.00353     |
|    value_loss           | 0.000355     |
------------------------------------------
------------------------------------------
| rollout/                |              |
|    ep_len_mean          | 12.8         |
|    ep_rew_mean          | 18           |
| time/                   |              |
|    fps                  | 267          |
|    iterations           | 32           |
|    time_elapsed         | 2936         |
|    total_timesteps      | 786432       |
| train/                  |              |
|    approx_kl            | 0.0022938864 |
|    clip_fraction        | 0.0208       |
|    clip_range           | 0.2          |
|    entropy_loss         | -0.3         |
|    explained_variance   | 0.999        |
|    learning_rate        | 0.0003       |
|    loss                 | -0.00605     |
|    n_updates            | 155          |
|    policy_gradient_loss | -0.00409     |
|    value_loss           | 0.000434     |
------------------------------------------
------------------------------------------
| rollout/                |              |
|    ep_len_mean          | 12.8         |
|    ep_rew_mean          | 18.1         |
| time/                   |              |
|    fps                  | 268          |
|    iterations           | 33           |
|    time_elapsed         | 3021         |
|    total_timesteps      | 811008       |
| train/                  |              |
|    approx_kl            | 0.0026281225 |
|    clip_fraction        | 0.0209       |
|    clip_range           | 0.2          |
|    entropy_loss         | -0.305       |
|    explained_variance   | 0.999        |
|    learning_rate        | 0.0003       |
|    loss                 | -0.00716     |
|    n_updates            | 160          |
|    policy_gradient_loss | -0.00438     |
|    value_loss           | 0.000434     |
------------------------------------------
------------------------------------------
| rollout/                |              |
|    ep_len_mean          | 12.9         |
|    ep_rew_mean          | 18.1         |
| time/                   |              |
|    fps                  | 269          |
|    iterations           | 34           |
|    time_elapsed         | 3106         |
|    total_timesteps      | 835584       |
| train/                  |              |
|    approx_kl            | 0.0012574118 |
|    clip_fraction        | 0.0143       |
|    clip_range           | 0.2          |
|    entropy_loss         | -0.302       |
|    explained_variance   | 0.999        |
|    learning_rate        | 0.0003       |
|    loss                 | -0.00391     |
|    n_updates            | 165          |
|    policy_gradient_loss | -0.00484     |
|    value_loss           | 0.000541     |
------------------------------------------
------------------------------------------
| rollout/                |              |
|    ep_len_mean          | 13.1         |
|    ep_rew_mean          | 18.1         |
| time/                   |              |
|    fps                  | 269          |
|    iterations           | 35           |
|    time_elapsed         | 3191         |
|    total_timesteps      | 860160       |
| train/                  |              |
|    approx_kl            | 0.0023415063 |
|    clip_fraction        | 0.0301       |
|    clip_range           | 0.2          |
|    entropy_loss         | -0.31        |
|    explained_variance   | 0.999        |
|    learning_rate        | 0.0003       |
|    loss                 | -0.0149      |
|    n_updates            | 170          |
|    policy_gradient_loss | -0.00649     |
|    value_loss           | 0.000705     |
------------------------------------------
------------------------------------------
| rollout/                |              |
|    ep_len_mean          | 12.9         |
|    ep_rew_mean          | 18.1         |
| time/                   |              |
|    fps                  | 270          |
|    iterations           | 36           |
|    time_elapsed         | 3276         |
|    total_timesteps      | 884736       |
| train/                  |              |
|    approx_kl            | 0.0026908757 |
|    clip_fraction        | 0.0367       |
|    clip_range           | 0.2          |
|    entropy_loss         | -0.319       |
|    explained_variance   | 0.999        |
|    learning_rate        | 0.0003       |
|    loss                 | -0.022       |
|    n_updates            | 175          |
|    policy_gradient_loss | -0.00856     |
|    value_loss           | 0.000791     |
------------------------------------------
-----------------------------------------
| rollout/                |             |
|    ep_len_mean          | 13.1        |
|    ep_rew_mean          | 18.1        |
| time/                   |             |
|    fps                  | 270         |
|    iterations           | 37          |
|    time_elapsed         | 3361        |
|    total_timesteps      | 909312      |
| train/                  |             |
|    approx_kl            | 0.006061179 |
|    clip_fraction        | 0.054       |
|    clip_range           | 0.2         |
|    entropy_loss         | -0.34       |
|    explained_variance   | 0.999       |
|    learning_rate        | 0.0003      |
|    loss                 | -0.019      |
|    n_updates            | 180         |
|    policy_gradient_loss | -0.0115     |
|    value_loss           | 0.000983    |
-----------------------------------------
------------------------------------------
| rollout/                |              |
|    ep_len_mean          | 13.3         |
|    ep_rew_mean          | 18.2         |
| time/                   |              |
|    fps                  | 270          |
|    iterations           | 38           |
|    time_elapsed         | 3446         |
|    total_timesteps      | 933888       |
| train/                  |              |
|    approx_kl            | 0.0068796794 |
|    clip_fraction        | 0.0745       |
|    clip_range           | 0.2          |
|    entropy_loss         | -0.345       |
|    explained_variance   | 0.998        |
|    learning_rate        | 0.0003       |
|    loss                 | -0.0147      |
|    n_updates            | 185          |
|    policy_gradient_loss | -0.0112      |
|    value_loss           | 0.00129      |
------------------------------------------
------------------------------------------
| rollout/                |              |
|    ep_len_mean          | 13.5         |
|    ep_rew_mean          | 18.3         |
| time/                   |              |
|    fps                  | 271          |
|    iterations           | 39           |
|    time_elapsed         | 3531         |
|    total_timesteps      | 958464       |
| train/                  |              |
|    approx_kl            | 0.0077335536 |
|    clip_fraction        | 0.0951       |
|    clip_range           | 0.2          |
|    entropy_loss         | -0.355       |
|    explained_variance   | 0.997        |
|    learning_rate        | 0.0003       |
|    loss                 | -0.021       |
|    n_updates            | 190          |
|    policy_gradient_loss | -0.0152      |
|    value_loss           | 0.00136      |
------------------------------------------
-----------------------------------------
| rollout/                |             |
|    ep_len_mean          | 13.7        |
|    ep_rew_mean          | 18.4        |
| time/                   |             |
|    fps                  | 271         |
|    iterations           | 40          |
|    time_elapsed         | 3616        |
|    total_timesteps      | 983040      |
| train/                  |             |
|    approx_kl            | 0.005405349 |
|    clip_fraction        | 0.0756      |
|    clip_range           | 0.2         |
|    entropy_loss         | -0.356      |
|    explained_variance   | 0.998       |
|    learning_rate        | 0.0003      |
|    loss                 | -0.0238     |
|    n_updates            | 195         |
|    policy_gradient_loss | -0.0164     |
|    value_loss           | 0.00137     |
-----------------------------------------
[Checkpoint] Saved at 1000000 steps > /home/runner/work/Disciples2-RL/Disciples2-RL/github_experiments/142/scroll_train/all_enemies/seed142-scroll_train-all_enemies-36906933801-1/checkpoints/campaign_ppo_step_1000000.zip
Eval num_timesteps=1000008, det_reward=18.54 +/- 0.00
Episode length: det=13.55 +/- 0.74
Victory rate: det=100.00%
-------------------------------------------------
| eval/                           |             |
|    deterministic_mean_ep_length | 13.6        |
|    deterministic_mean_reward    | 18.5        |
|    deterministic_victory_rate   | 1           |
|    mean_ep_length               | 13.6        |
|    mean_reward                  | 18.5        |
|    victory_rate                 | 1           |
| time/                           |             |
|    total_timesteps              | 1000008     |
| train/                          |             |
|    approx_kl                    | 0.006691672 |
|    clip_fraction                | 0.0632      |
|    clip_range                   | 0.2         |
|    entropy_loss                 | -0.356      |
|    explained_variance           | 0.998       |
|    learning_rate                | 0.0003      |
|    loss                         | -0.0204     |
|    n_updates                    | 200         |
|    policy_gradient_loss         | -0.0108     |
|    value_loss                   | 0.00147     |
-------------------------------------------------
New best model by deterministic victory rate!
---------------------------------
| rollout/           |          |
|    ep_len_mean     | 13.9     |
|    ep_rew_mean     | 18.4     |
| time/              |          |
|    fps             | 271      |
|    iterations      | 41       |
|    time_elapsed    | 3704     |
|    total_timesteps | 1007616  |
---------------------------------
-----------------------------------------
| rollout/                |             |
|    ep_len_mean          | 13.6        |
|    ep_rew_mean          | 18.5        |
| time/                   |             |
|    fps                  | 272         |
|    iterations           | 42          |
|    time_elapsed         | 3792        |
|    total_timesteps      | 1032192     |
| train/                  |             |
|    approx_kl            | 0.004992608 |
|    clip_fraction        | 0.0415      |
|    clip_range           | 0.2         |
|    entropy_loss         | -0.343      |
|    explained_variance   | 0.998       |
|    learning_rate        | 0.0003      |
|    loss                 | -0.0209     |
|    n_updates            | 205         |
|    policy_gradient_loss | -0.00659    |
|    value_loss           | 0.00153     |
-----------------------------------------
-----------------------------------------
| rollout/                |             |
|    ep_len_mean          | 14.8        |
|    ep_rew_mean          | 18.5        |
| time/                   |             |
|    fps                  | 272         |
|    iterations           | 43          |
|    time_elapsed         | 3881        |
|    total_timesteps      | 1056768     |
| train/                  |             |
|    approx_kl            | 0.013580347 |
|    clip_fraction        | 0.0467      |
|    clip_range           | 0.2         |
|    entropy_loss         | -0.338      |
|    explained_variance   | 0.998       |
|    learning_rate        | 0.0003      |
|    loss                 | -0.0117     |
|    n_updates            | 210         |
|    policy_gradient_loss | -0.00367    |
|    value_loss           | 0.000835    |
-----------------------------------------
-----------------------------------------
| rollout/                |             |
|    ep_len_mean          | 14.6        |
|    ep_rew_mean          | 18.5        |
| time/                   |             |
|    fps                  | 272         |
|    iterations           | 44          |
|    time_elapsed         | 3971        |
|    total_timesteps      | 1081344     |
| train/                  |             |
|    approx_kl            | 0.024006315 |
|    clip_fraction        | 0.0966      |
|    clip_range           | 0.2         |
|    entropy_loss         | -0.472      |
|    explained_variance   | 0.982       |
|    learning_rate        | 0.0003      |
|    loss                 | -0.0111     |
|    n_updates            | 215         |
|    policy_gradient_loss | -0.0108     |
|    value_loss           | 0.00579     |
-----------------------------------------
-----------------------------------------
| rollout/                |             |
|    ep_len_mean          | 14.2        |
|    ep_rew_mean          | 18.5        |
| time/                   |             |
|    fps                  | 272         |
|    iterations           | 45          |
|    time_elapsed         | 4061        |
|    total_timesteps      | 1105920     |
| train/                  |             |
|    approx_kl            | 0.011925372 |
|    clip_fraction        | 0.0878      |
|    clip_range           | 0.2         |
|    entropy_loss         | -0.473      |
|    explained_variance   | 0.99        |
|    learning_rate        | 0.0003      |
|    loss                 | -0.00398    |
|    n_updates            | 220         |
|    policy_gradient_loss | -0.0113     |
|    value_loss           | 0.00432     |
-----------------------------------------
-----------------------------------------
| rollout/                |             |
|    ep_len_mean          | 14.8        |
|    ep_rew_mean          | 18.5        |
| time/                   |             |
|    fps                  | 272         |
|    iterations           | 46          |
|    time_elapsed         | 4150        |
|    total_timesteps      | 1130496     |
| train/                  |             |
|    approx_kl            | 0.009211521 |
|    clip_fraction        | 0.0616      |
|    clip_range           | 0.2         |
|    entropy_loss         | -0.393      |
|    explained_variance   | 0.996       |
|    learning_rate        | 0.0003      |
|    loss                 | -0.00551    |
|    n_updates            | 225         |
|    policy_gradient_loss | -0.00515    |
|    value_loss           | 0.00224     |
-----------------------------------------
------------------------------------------
| rollout/                |              |
|    ep_len_mean          | 14.1         |
|    ep_rew_mean          | 18.5         |
| time/                   |              |
|    fps                  | 272          |
|    iterations           | 47           |
|    time_elapsed         | 4238         |
|    total_timesteps      | 1155072      |
| train/                  |              |
|    approx_kl            | 0.0053977338 |
|    clip_fraction        | 0.049        |
|    clip_range           | 0.2          |
|    entropy_loss         | -0.365       |
|    explained_variance   | 0.997        |
|    learning_rate        | 0.0003       |
|    loss                 | -0.00518     |
|    n_updates            | 230          |
|    policy_gradient_loss | -0.00411     |
|    value_loss           | 0.00153      |
------------------------------------------
------------------------------------------
| rollout/                |              |
|    ep_len_mean          | 13.9         |
|    ep_rew_mean          | 18.5         |
| time/                   |              |
|    fps                  | 272          |
|    iterations           | 48           |
|    time_elapsed         | 4326         |
|    total_timesteps      | 1179648      |
| train/                  |              |
|    approx_kl            | 0.0035695278 |
|    clip_fraction        | 0.0385       |
|    clip_range           | 0.2          |
|    entropy_loss         | -0.335       |
|    explained_variance   | 0.998        |
|    learning_rate        | 0.0003       |
|    loss                 | -0.00549     |
|    n_updates            | 235          |
|    policy_gradient_loss | -0.00161     |
|    value_loss           | 0.00113      |
------------------------------------------
------------------------------------------
| rollout/                |              |
|    ep_len_mean          | 13.8         |
|    ep_rew_mean          | 18.5         |
| time/                   |              |
|    fps                  | 272          |
|    iterations           | 49           |
|    time_elapsed         | 4414         |
|    total_timesteps      | 1204224      |
| train/                  |              |
|    approx_kl            | 0.0028523272 |
|    clip_fraction        | 0.0297       |
|    clip_range           | 0.2          |
|    entropy_loss         | -0.311       |
|    explained_variance   | 0.999        |
|    learning_rate        | 0.0003       |
|    loss                 | -0.00931     |
|    n_updates            | 240          |
|    policy_gradient_loss | -0.00169     |
|    value_loss           | 0.000624     |
------------------------------------------
------------------------------------------
| rollout/                |              |
|    ep_len_mean          | 14           |
|    ep_rew_mean          | 18.5         |
| time/                   |              |
|    fps                  | 272          |
|    iterations           | 50           |
|    time_elapsed         | 4503         |
|    total_timesteps      | 1228800      |
| train/                  |              |
|    approx_kl            | 0.0034720574 |
|    clip_fraction        | 0.0264       |
|    clip_range           | 0.2          |
|    entropy_loss         | -0.295       |
|    explained_variance   | 0.999        |
|    learning_rate        | 0.0003       |
|    loss                 | -0.00761     |
|    n_updates            | 245          |
|    policy_gradient_loss | -0.00259     |
|    value_loss           | 0.000529     |
------------------------------------------
------------------------------------------
| rollout/                |              |
|    ep_len_mean          | 13.7         |
|    ep_rew_mean          | 18.5         |
| time/                   |              |
|    fps                  | 272          |
|    iterations           | 51           |
|    time_elapsed         | 4591         |
|    total_timesteps      | 1253376      |
| train/                  |              |
|    approx_kl            | 0.0055430257 |
|    clip_fraction        | 0.0336       |
|    clip_range           | 0.2          |
|    entropy_loss         | -0.285       |
|    explained_variance   | 0.999        |
|    learning_rate        | 0.0003       |
|    loss                 | -0.018       |
|    n_updates            | 250          |
|    policy_gradient_loss | -0.00466     |
|    value_loss           | 0.000711     |
------------------------------------------
------------------------------------------
| rollout/                |              |
|    ep_len_mean          | 13.7         |
|    ep_rew_mean          | 18.5         |
| time/                   |              |
|    fps                  | 273          |
|    iterations           | 52           |
|    time_elapsed         | 4679         |
|    total_timesteps      | 1277952      |
| train/                  |              |
|    approx_kl            | 0.0016551785 |
|    clip_fraction        | 0.0168       |
|    clip_range           | 0.2          |
|    entropy_loss         | -0.267       |
|    explained_variance   | 0.999        |
|    learning_rate        | 0.0003       |
|    loss                 | -0.00473     |
|    n_updates            | 255          |
|    policy_gradient_loss | -0.000127    |
|    value_loss           | 0.000492     |
------------------------------------------
------------------------------------------
| rollout/                |              |
|    ep_len_mean          | 13.6         |
|    ep_rew_mean          | 18.5         |
| time/                   |              |
|    fps                  | 273          |
|    iterations           | 53           |
|    time_elapsed         | 4767         |
|    total_timesteps      | 1302528      |
| train/                  |              |
|    approx_kl            | 0.0021835894 |
|    clip_fraction        | 0.0248       |
|    clip_range           | 0.2          |
|    entropy_loss         | -0.265       |
|    explained_variance   | 0.999        |
|    learning_rate        | 0.0003       |
|    loss                 | -0.00972     |
|    n_updates            | 260          |
|    policy_gradient_loss | -0.001       |
|    value_loss           | 0.000452     |
------------------------------------------
-----------------------------------------
| rollout/                |             |
|    ep_len_mean          | 13.7        |
|    ep_rew_mean          | 18.5        |
| time/                   |             |
|    fps                  | 273         |
|    iterations           | 54          |
|    time_elapsed         | 4856        |
|    total_timesteps      | 1327104     |
| train/                  |             |
|    approx_kl            | 0.003320488 |
|    clip_fraction        | 0.0402      |
|    clip_range           | 0.2         |
|    entropy_loss         | -0.268      |
|    explained_variance   | 0.999       |
|    learning_rate        | 0.0003      |
|    loss                 | 0.000345    |
|    n_updates            | 265         |
|    policy_gradient_loss | -0.00219    |
|    value_loss           | 0.000422    |
-----------------------------------------
-----------------------------------------
| rollout/                |             |
|    ep_len_mean          | 14.8        |
|    ep_rew_mean          | 18.2        |
| time/                   |             |
|    fps                  | 273         |
|    iterations           | 55          |
|    time_elapsed         | 4949        |
|    total_timesteps      | 1351680     |
| train/                  |             |
|    approx_kl            | 0.058449615 |
|    clip_fraction        | 0.0729      |
|    clip_range           | 0.2         |
|    entropy_loss         | -0.296      |
|    explained_variance   | 0.999       |
|    learning_rate        | 0.0003      |
|    loss                 | 0.00156     |
|    n_updates            | 270         |
|    policy_gradient_loss | -0.00524    |
|    value_loss           | 0.000398    |
-----------------------------------------
----------------------------------------
| rollout/                |            |
|    ep_len_mean          | 14         |
|    ep_rew_mean          | 18.5       |
| time/                   |            |
|    fps                  | 273        |
|    iterations           | 56         |
|    time_elapsed         | 5040       |
|    total_timesteps      | 1376256    |
| train/                  |            |
|    approx_kl            | 0.06901745 |
|    clip_fraction        | 0.185      |
|    clip_range           | 0.2        |
|    entropy_loss         | -0.624     |
|    explained_variance   | 0.989      |
|    learning_rate        | 0.0003     |
|    loss                 | -0.0366    |
|    n_updates            | 275        |
|    policy_gradient_loss | -0.0292    |
|    value_loss           | 0.00365    |
----------------------------------------
-----------------------------------------
| rollout/                |             |
|    ep_len_mean          | 14          |
|    ep_rew_mean          | 18.4        |
| time/                   |             |
|    fps                  | 273         |
|    iterations           | 57          |
|    time_elapsed         | 5128        |
|    total_timesteps      | 1400832     |
| train/                  |             |
|    approx_kl            | 0.012537095 |
|    clip_fraction        | 0.0717      |
|    clip_range           | 0.2         |
|    entropy_loss         | -0.378      |
|    explained_variance   | 0.996       |
|    learning_rate        | 0.0003      |
|    loss                 | -0.0265     |
|    n_updates            | 280         |
|    policy_gradient_loss | -0.0161     |
|    value_loss           | 0.00213     |
-----------------------------------------
-----------------------------------------
| rollout/                |             |
|    ep_len_mean          | 13.8        |
|    ep_rew_mean          | 18.5        |
| time/                   |             |
|    fps                  | 273         |
|    iterations           | 58          |
|    time_elapsed         | 5217        |
|    total_timesteps      | 1425408     |
| train/                  |             |
|    approx_kl            | 0.005203194 |
|    clip_fraction        | 0.0341      |
|    clip_range           | 0.2         |
|    entropy_loss         | -0.315      |
|    explained_variance   | 0.999       |
|    learning_rate        | 0.0003      |
|    loss                 | -0.0149     |
|    n_updates            | 285         |
|    policy_gradient_loss | -0.00548    |
|    value_loss           | 0.000705    |
-----------------------------------------
-----------------------------------------
| rollout/                |             |
|    ep_len_mean          | 13.8        |
|    ep_rew_mean          | 18.5        |
| time/                   |             |
|    fps                  | 273         |
|    iterations           | 59          |
|    time_elapsed         | 5306        |
|    total_timesteps      | 1449984     |
| train/                  |             |
|    approx_kl            | 0.003864656 |
|    clip_fraction        | 0.0276      |
|    clip_range           | 0.2         |
|    entropy_loss         | -0.299      |
|    explained_variance   | 0.999       |
|    learning_rate        | 0.0003      |
|    loss                 | -0.00429    |
|    n_updates            | 290         |
|    policy_gradient_loss | -0.00237    |
|    value_loss           | 0.000472    |
-----------------------------------------
------------------------------------------
| rollout/                |              |
|    ep_len_mean          | 13.8         |
|    ep_rew_mean          | 18.5         |
| time/                   |              |
|    fps                  | 273          |
|    iterations           | 60           |
|    time_elapsed         | 5396         |
|    total_timesteps      | 1474560      |
| train/                  |              |
|    approx_kl            | 0.0028973774 |
|    clip_fraction        | 0.0167       |
|    clip_range           | 0.2          |
|    entropy_loss         | -0.289       |
|    explained_variance   | 0.999        |
|    learning_rate        | 0.0003       |
|    loss                 | -0.00436     |
|    n_updates            | 295          |
|    policy_gradient_loss | -0.00178     |
|    value_loss           | 0.000468     |
------------------------------------------
------------------------------------------
| rollout/                |              |
|    ep_len_mean          | 13.8         |
|    ep_rew_mean          | 18.5         |
| time/                   |              |
|    fps                  | 273          |
|    iterations           | 61           |
|    time_elapsed         | 5485         |
|    total_timesteps      | 1499136      |
| train/                  |              |
|    approx_kl            | 0.0028363627 |
|    clip_fraction        | 0.0248       |
|    clip_range           | 0.2          |
|    entropy_loss         | -0.278       |
|    explained_variance   | 0.999        |
|    learning_rate        | 0.0003       |
|    loss                 | -0.0122      |
|    n_updates            | 300          |
|    policy_gradient_loss | -0.000721    |
|    value_loss           | 0.000469     |
------------------------------------------
[Checkpoint] Saved at 1500000 steps > /home/runner/work/Disciples2-RL/Disciples2-RL/github_experiments/142/scroll_train/all_enemies/seed142-scroll_train-all_enemies-36906933801-1/checkpoints/campaign_ppo_step_1500000.zip
------------------------------------------
| rollout/                |              |
|    ep_len_mean          | 13.7         |
|    ep_rew_mean          | 18.5         |
| time/                   |              |
|    fps                  | 273          |
|    iterations           | 62           |
|    time_elapsed         | 5576         |
|    total_timesteps      | 1523712      |
| train/                  |              |
|    approx_kl            | 0.0039553237 |
|    clip_fraction        | 0.0431       |
|    clip_range           | 0.2          |
|    entropy_loss         | -0.272       |
|    explained_variance   | 0.999        |
|    learning_rate        | 0.0003       |
|    loss                 | 0.000308     |
|    n_updates            | 305          |
|    policy_gradient_loss | -0.00217     |
|    value_loss           | 0.000378     |
------------------------------------------
VecNormalize stats saved: /home/runner/work/Disciples2-RL/Disciples2-RL/github_experiments/142/scroll_train/all_enemies/seed142-scroll_train-all_enemies-36906933801-1/models/vecnormalize.pkl

Финальная модель сохранена: /home/runner/work/Disciples2-RL/Disciples2-RL/github_experiments/142/scroll_train/all_enemies/seed142-scroll_train-all_enemies-36906933801-1/models/final_model.zip

============================================================
ИТОГИ ОБУЧЕНИЯ:
  Побед: 98278
  Поражений: 0
  Таймаутов: 0
  Побед бота столицы над врагами: 0
  Перестановок юнитов: 19205
  Winrate: 100.0%
============================================================
  График призывов за эпизод: /home/runner/work/Disciples2-RL/Disciples2-RL/github_experiments/142/scroll_train/all_enemies/seed142-scroll_train-all_enemies-36906933801-1/plots/campaign_summoned_units_per_episode.png
  График призывов за всё обучение: /home/runner/work/Disciples2-RL/Disciples2-RL/github_experiments/142/scroll_train/all_enemies/seed142-scroll_train-all_enemies-36906933801-1/plots/campaign_summoned_units_cumulative.png
  График найма за эпизод: /home/runner/work/Disciples2-RL/Disciples2-RL/github_experiments/142/scroll_train/all_enemies/seed142-scroll_train-all_enemies-36906933801-1/plots/campaign_hired_units_per_episode.png
  График найма за всё обучение: /home/runner/work/Disciples2-RL/Disciples2-RL/github_experiments/142/scroll_train/all_enemies/seed142-scroll_train-all_enemies-36906933801-1/plots/campaign_hired_units_cumulative.png
  График перестановок юнитов за эпизод: /home/runner/work/Disciples2-RL/Disciples2-RL/github_experiments/142/scroll_train/all_enemies/seed142-scroll_train-all_enemies-36906933801-1/plots/campaign_unit_swaps_per_episode.png
  График боевых предметов: /home/runner/work/Disciples2-RL/Disciples2-RL/github_experiments/142/scroll_train/all_enemies/seed142-scroll_train-all_enemies-36906933801-1/plots/campaign_battle_item_activity.png
  График побед бота столицы за эпизод: /home/runner/work/Disciples2-RL/Disciples2-RL/github_experiments/142/scroll_train/all_enemies/seed142-scroll_train-all_enemies-36906933801-1/plots/campaign_scripted_bot_victories_per_episode.png
  График применения заклинаний: /home/runner/work/Disciples2-RL/Disciples2-RL/github_experiments/142/scroll_train/all_enemies/seed142-scroll_train-all_enemies-36906933801-1/plots/campaign_spell_cast_activity.png
