Проверка среды CampaignEnv...
Среда прошла проверку!
[INFO] Comet disabled, running without experiment tracking
Создание 12 параллельных сред (subproc)...
Инициализация MaskablePPO...
Using cpu device

============================================================
Запуск обучения Campaign Agent
Всего шагов: 1,000,000
Параллельных сред: 12
VecEnv: subproc
VecEnv start method: forkserver
Seed: 135
Checkpoint каждые: 500,000 шагов
Evaluation каждые: 83,334 шагов
Eval deterministic эпизодов: 20
Eval stochastic эпизодов: 0
Eval лимит шагов на эпизод: 5000
Campaign map: hire_train
Campaign objective: orc
System resources at training start:
  Platform: Linux 6.17.0-1022-azure (x86_64)
  Python: 3.14.7
  PyTorch: 2.14.0+cpu
  Training device: cpu
  CPU model: INTEL(R) XEON(R) PLATINUM 8573C
  CPU vendor: GenuineIntel
  Logical CPUs visible: 4
  Process CPU affinity: 4
  Sockets: 1
  Cores per socket: 2
  Threads per core: 2
  CPU max MHz: 2300.0000
  CPU min MHz: 800.0000
  L1d cache: 96 KiB (2 instances)
  L1i cache: 64 KiB (2 instances)
  L2 cache: 4 MiB (2 instances)
  L3 cache: 260 MiB (1 instance)
  Virtualization: VT-x
  Hypervisor: Microsoft
  RAM total: 15.61 GiB
  RAM available at start: 13.86 GiB
  Disk total: 144.26 GiB
  Disk free at start: 75.56 GiB
  Torch intra-op threads: 4
  Torch inter-op threads: 2
  OMP_NUM_THREADS: 4
  MKL_NUM_THREADS: 4
  OPENBLAS_NUM_THREADS: 4
  GitHub runner OS: Linux
  GitHub runner architecture: X64
  GitHub runner environment: github-hosted
PPO n_steps: 2,048
PPO batch_size: 512
PPO n_epochs: 5
PPO learning_rate: 0.0003
PPO clip_range: 0.2
PPO ent_coef: 0.01
PPO gamma: 0.995
PPO gae_lambda: 0.95
PPO target_kl: disabled
PPO gradient batches per rollout: 240
VecCheckNan: disabled
Freeze action layout: enabled
Empire territory: enabled
Torch threads per process: 4
Diagnostics: disabled
Wall-clock training limit: disabled
Run ID: seed135-hire_train-orc-34438250949-1
============================================================

Logging to /home/runner/work/Disciples2-RL/Disciples2-RL/github_experiments/135/hire_train/orc/seed135-hire_train-orc-34438250949-1/tensorboard/MaskablePPO_1
---------------------------------
| rollout/           |          |
|    ep_len_mean     | 1.14e+03 |
|    ep_rew_mean     | -36.7    |
| time/              |          |
|    fps             | 726      |
|    iterations      | 1        |
|    time_elapsed    | 33       |
|    total_timesteps | 24576    |
---------------------------------
-----------------------------------------
| rollout/                |             |
|    ep_len_mean          | 1.54e+03    |
|    ep_rew_mean          | -68.1       |
| time/                   |             |
|    fps                  | 699         |
|    iterations           | 2           |
|    time_elapsed         | 70          |
|    total_timesteps      | 49152       |
| train/                  |             |
|    approx_kl            | 0.009220519 |
|    clip_fraction        | 0.074       |
|    clip_range           | 0.2         |
|    entropy_loss         | -2.2        |
|    explained_variance   | 0.697       |
|    learning_rate        | 0.0003      |
|    loss                 | -0.0175     |
|    n_updates            | 5           |
|    policy_gradient_loss | -0.00499    |
|    value_loss           | 0.0872      |
-----------------------------------------
-----------------------------------------
| rollout/                |             |
|    ep_len_mean          | 1.11e+03    |
|    ep_rew_mean          | -50.6       |
| time/                   |             |
|    fps                  | 695         |
|    iterations           | 3           |
|    time_elapsed         | 105         |
|    total_timesteps      | 73728       |
| train/                  |             |
|    approx_kl            | 0.010450434 |
|    clip_fraction        | 0.101       |
|    clip_range           | 0.2         |
|    entropy_loss         | -2.17       |
|    explained_variance   | 0.525       |
|    learning_rate        | 0.0003      |
|    loss                 | 0.0467      |
|    n_updates            | 10          |
|    policy_gradient_loss | -0.00546    |
|    value_loss           | 0.182       |
-----------------------------------------
-----------------------------------------
| rollout/                |             |
|    ep_len_mean          | 373         |
|    ep_rew_mean          | -0.614      |
| time/                   |             |
|    fps                  | 694         |
|    iterations           | 4           |
|    time_elapsed         | 141         |
|    total_timesteps      | 98304       |
| train/                  |             |
|    approx_kl            | 0.009760049 |
|    clip_fraction        | 0.1         |
|    clip_range           | 0.2         |
|    entropy_loss         | -2.14       |
|    explained_variance   | 0.411       |
|    learning_rate        | 0.0003      |
|    loss                 | 0.0499      |
|    n_updates            | 15          |
|    policy_gradient_loss | -0.00706    |
|    value_loss           | 0.166       |
-----------------------------------------
-----------------------------------------
| rollout/                |             |
|    ep_len_mean          | 215         |
|    ep_rew_mean          | 11.6        |
| time/                   |             |
|    fps                  | 694         |
|    iterations           | 5           |
|    time_elapsed         | 176         |
|    total_timesteps      | 122880      |
| train/                  |             |
|    approx_kl            | 0.009492668 |
|    clip_fraction        | 0.13        |
|    clip_range           | 0.2         |
|    entropy_loss         | -2.15       |
|    explained_variance   | 0.309       |
|    learning_rate        | 0.0003      |
|    loss                 | 0.0309      |
|    n_updates            | 20          |
|    policy_gradient_loss | -0.00804    |
|    value_loss           | 0.24        |
-----------------------------------------
-----------------------------------------
| rollout/                |             |
|    ep_len_mean          | 134         |
|    ep_rew_mean          | 30.9        |
| time/                   |             |
|    fps                  | 694         |
|    iterations           | 6           |
|    time_elapsed         | 212         |
|    total_timesteps      | 147456      |
| train/                  |             |
|    approx_kl            | 0.011052552 |
|    clip_fraction        | 0.14        |
|    clip_range           | 0.2         |
|    entropy_loss         | -2.13       |
|    explained_variance   | 0.468       |
|    learning_rate        | 0.0003      |
|    loss                 | 0.0443      |
|    n_updates            | 25          |
|    policy_gradient_loss | -0.00845    |
|    value_loss           | 0.189       |
-----------------------------------------
----------------------------------------
| rollout/                |            |
|    ep_len_mean          | 115        |
|    ep_rew_mean          | 45.8       |
| time/                   |            |
|    fps                  | 696        |
|    iterations           | 7          |
|    time_elapsed         | 247        |
|    total_timesteps      | 172032     |
| train/                  |            |
|    approx_kl            | 0.00911797 |
|    clip_fraction        | 0.0854     |
|    clip_range           | 0.2        |
|    entropy_loss         | -2.09      |
|    explained_variance   | 0.537      |
|    learning_rate        | 0.0003     |
|    loss                 | 0.164      |
|    n_updates            | 30         |
|    policy_gradient_loss | -0.00775   |
|    value_loss           | 0.384      |
----------------------------------------
-----------------------------------------
| rollout/                |             |
|    ep_len_mean          | 96.5        |
|    ep_rew_mean          | 68.3        |
| time/                   |             |
|    fps                  | 697         |
|    iterations           | 8           |
|    time_elapsed         | 281         |
|    total_timesteps      | 196608      |
| train/                  |             |
|    approx_kl            | 0.011315706 |
|    clip_fraction        | 0.112       |
|    clip_range           | 0.2         |
|    entropy_loss         | -2.02       |
|    explained_variance   | 0.611       |
|    learning_rate        | 0.0003      |
|    loss                 | 0.255       |
|    n_updates            | 35          |
|    policy_gradient_loss | -0.0104     |
|    value_loss           | 0.6         |
-----------------------------------------
-----------------------------------------
| rollout/                |             |
|    ep_len_mean          | 82.1        |
|    ep_rew_mean          | 82.1        |
| time/                   |             |
|    fps                  | 697         |
|    iterations           | 9           |
|    time_elapsed         | 316         |
|    total_timesteps      | 221184      |
| train/                  |             |
|    approx_kl            | 0.012179129 |
|    clip_fraction        | 0.103       |
|    clip_range           | 0.2         |
|    entropy_loss         | -1.93       |
|    explained_variance   | 0.622       |
|    learning_rate        | 0.0003      |
|    loss                 | 0.431       |
|    n_updates            | 40          |
|    policy_gradient_loss | -0.00925    |
|    value_loss           | 0.841       |
-----------------------------------------
-----------------------------------------
| rollout/                |             |
|    ep_len_mean          | 73.4        |
|    ep_rew_mean          | 86.9        |
| time/                   |             |
|    fps                  | 698         |
|    iterations           | 10          |
|    time_elapsed         | 351         |
|    total_timesteps      | 245760      |
| train/                  |             |
|    approx_kl            | 0.010060271 |
|    clip_fraction        | 0.0834      |
|    clip_range           | 0.2         |
|    entropy_loss         | -1.87       |
|    explained_variance   | 0.612       |
|    learning_rate        | 0.0003      |
|    loss                 | 0.376       |
|    n_updates            | 45          |
|    policy_gradient_loss | -0.00751    |
|    value_loss           | 1.01        |
-----------------------------------------
-----------------------------------------
| rollout/                |             |
|    ep_len_mean          | 68.1        |
|    ep_rew_mean          | 94.9        |
| time/                   |             |
|    fps                  | 698         |
|    iterations           | 11          |
|    time_elapsed         | 386         |
|    total_timesteps      | 270336      |
| train/                  |             |
|    approx_kl            | 0.009369303 |
|    clip_fraction        | 0.0848      |
|    clip_range           | 0.2         |
|    entropy_loss         | -1.78       |
|    explained_variance   | 0.528       |
|    learning_rate        | 0.0003      |
|    loss                 | 0.413       |
|    n_updates            | 50          |
|    policy_gradient_loss | -0.00682    |
|    value_loss           | 1.12        |
-----------------------------------------
-----------------------------------------
| rollout/                |             |
|    ep_len_mean          | 63.2        |
|    ep_rew_mean          | 96.8        |
| time/                   |             |
|    fps                  | 699         |
|    iterations           | 12          |
|    time_elapsed         | 421         |
|    total_timesteps      | 294912      |
| train/                  |             |
|    approx_kl            | 0.008830182 |
|    clip_fraction        | 0.0871      |
|    clip_range           | 0.2         |
|    entropy_loss         | -1.72       |
|    explained_variance   | 0.465       |
|    learning_rate        | 0.0003      |
|    loss                 | 0.47        |
|    n_updates            | 55          |
|    policy_gradient_loss | -0.00663    |
|    value_loss           | 1.06        |
-----------------------------------------
-----------------------------------------
| rollout/                |             |
|    ep_len_mean          | 61.7        |
|    ep_rew_mean          | 98.9        |
| time/                   |             |
|    fps                  | 700         |
|    iterations           | 13          |
|    time_elapsed         | 456         |
|    total_timesteps      | 319488      |
| train/                  |             |
|    approx_kl            | 0.010329804 |
|    clip_fraction        | 0.0657      |
|    clip_range           | 0.2         |
|    entropy_loss         | -1.69       |
|    explained_variance   | 0.452       |
|    learning_rate        | 0.0003      |
|    loss                 | 0.501       |
|    n_updates            | 60          |
|    policy_gradient_loss | -0.00627    |
|    value_loss           | 0.994       |
-----------------------------------------
-----------------------------------------
| rollout/                |             |
|    ep_len_mean          | 58          |
|    ep_rew_mean          | 110         |
| time/                   |             |
|    fps                  | 701         |
|    iterations           | 14          |
|    time_elapsed         | 490         |
|    total_timesteps      | 344064      |
| train/                  |             |
|    approx_kl            | 0.008306778 |
|    clip_fraction        | 0.0517      |
|    clip_range           | 0.2         |
|    entropy_loss         | -1.62       |
|    explained_variance   | 0.407       |
|    learning_rate        | 0.0003      |
|    loss                 | 0.426       |
|    n_updates            | 65          |
|    policy_gradient_loss | -0.00509    |
|    value_loss           | 0.941       |
-----------------------------------------
------------------------------------------
| rollout/                |              |
|    ep_len_mean          | 58.6         |
|    ep_rew_mean          | 122          |
| time/                   |              |
|    fps                  | 701          |
|    iterations           | 15           |
|    time_elapsed         | 525          |
|    total_timesteps      | 368640       |
| train/                  |              |
|    approx_kl            | 0.0077362345 |
|    clip_fraction        | 0.0689       |
|    clip_range           | 0.2          |
|    entropy_loss         | -1.6         |
|    explained_variance   | 0.404        |
|    learning_rate        | 0.0003       |
|    loss                 | 0.488        |
|    n_updates            | 70           |
|    policy_gradient_loss | -0.00406     |
|    value_loss           | 0.882        |
------------------------------------------
-----------------------------------------
| rollout/                |             |
|    ep_len_mean          | 57.5        |
|    ep_rew_mean          | 128         |
| time/                   |             |
|    fps                  | 702         |
|    iterations           | 16          |
|    time_elapsed         | 560         |
|    total_timesteps      | 393216      |
| train/                  |             |
|    approx_kl            | 0.007773848 |
|    clip_fraction        | 0.0679      |
|    clip_range           | 0.2         |
|    entropy_loss         | -1.55       |
|    explained_variance   | 0.477       |
|    learning_rate        | 0.0003      |
|    loss                 | 0.348       |
|    n_updates            | 75          |
|    policy_gradient_loss | -0.00534    |
|    value_loss           | 0.706       |
-----------------------------------------
------------------------------------------
| rollout/                |              |
|    ep_len_mean          | 53.9         |
|    ep_rew_mean          | 128          |
| time/                   |              |
|    fps                  | 702          |
|    iterations           | 17           |
|    time_elapsed         | 594          |
|    total_timesteps      | 417792       |
| train/                  |              |
|    approx_kl            | 0.0056827087 |
|    clip_fraction        | 0.0515       |
|    clip_range           | 0.2          |
|    entropy_loss         | -1.52        |
|    explained_variance   | 0.393        |
|    learning_rate        | 0.0003       |
|    loss                 | 0.237        |
|    n_updates            | 80           |
|    policy_gradient_loss | -0.00334     |
|    value_loss           | 0.68         |
------------------------------------------
------------------------------------------
| rollout/                |              |
|    ep_len_mean          | 54.1         |
|    ep_rew_mean          | 127          |
| time/                   |              |
|    fps                  | 703          |
|    iterations           | 18           |
|    time_elapsed         | 629          |
|    total_timesteps      | 442368       |
| train/                  |              |
|    approx_kl            | 0.0057049603 |
|    clip_fraction        | 0.053        |
|    clip_range           | 0.2          |
|    entropy_loss         | -1.45        |
|    explained_variance   | 0.41         |
|    learning_rate        | 0.0003       |
|    loss                 | 0.307        |
|    n_updates            | 85           |
|    policy_gradient_loss | -0.00362     |
|    value_loss           | 0.509        |
------------------------------------------
-----------------------------------------
| rollout/                |             |
|    ep_len_mean          | 51.3        |
|    ep_rew_mean          | 131         |
| time/                   |             |
|    fps                  | 703         |
|    iterations           | 19          |
|    time_elapsed         | 664         |
|    total_timesteps      | 466944      |
| train/                  |             |
|    approx_kl            | 0.005914316 |
|    clip_fraction        | 0.0523      |
|    clip_range           | 0.2         |
|    entropy_loss         | -1.42       |
|    explained_variance   | 0.412       |
|    learning_rate        | 0.0003      |
|    loss                 | 0.263       |
|    n_updates            | 90          |
|    policy_gradient_loss | -0.00375    |
|    value_loss           | 0.538       |
-----------------------------------------
------------------------------------------
| rollout/                |              |
|    ep_len_mean          | 51.2         |
|    ep_rew_mean          | 131          |
| time/                   |              |
|    fps                  | 702          |
|    iterations           | 20           |
|    time_elapsed         | 699          |
|    total_timesteps      | 491520       |
| train/                  |              |
|    approx_kl            | 0.0041634054 |
|    clip_fraction        | 0.0458       |
|    clip_range           | 0.2          |
|    entropy_loss         | -1.4         |
|    explained_variance   | 0.396        |
|    learning_rate        | 0.0003       |
|    loss                 | 0.219        |
|    n_updates            | 95           |
|    policy_gradient_loss | -0.00317     |
|    value_loss           | 0.537        |
------------------------------------------
[Checkpoint] Saved at 500000 steps > /home/runner/work/Disciples2-RL/Disciples2-RL/github_experiments/135/hire_train/orc/seed135-hire_train-orc-34438250949-1/checkpoints/campaign_ppo_step_500000.zip
------------------------------------------
| rollout/                |              |
|    ep_len_mean          | 50.9         |
|    ep_rew_mean          | 129          |
| time/                   |              |
|    fps                  | 703          |
|    iterations           | 21           |
|    time_elapsed         | 734          |
|    total_timesteps      | 516096       |
| train/                  |              |
|    approx_kl            | 0.0058061494 |
|    clip_fraction        | 0.0541       |
|    clip_range           | 0.2          |
|    entropy_loss         | -1.35        |
|    explained_variance   | 0.39         |
|    learning_rate        | 0.0003       |
|    loss                 | 0.153        |
|    n_updates            | 100          |
|    policy_gradient_loss | -0.00379     |
|    value_loss           | 0.42         |
------------------------------------------
------------------------------------------
| rollout/                |              |
|    ep_len_mean          | 49.5         |
|    ep_rew_mean          | 140          |
| time/                   |              |
|    fps                  | 702          |
|    iterations           | 22           |
|    time_elapsed         | 769          |
|    total_timesteps      | 540672       |
| train/                  |              |
|    approx_kl            | 0.0057818503 |
|    clip_fraction        | 0.0535       |
|    clip_range           | 0.2          |
|    entropy_loss         | -1.35        |
|    explained_variance   | 0.364        |
|    learning_rate        | 0.0003       |
|    loss                 | 0.225        |
|    n_updates            | 105          |
|    policy_gradient_loss | -0.00349     |
|    value_loss           | 0.492        |
------------------------------------------
-----------------------------------------
| rollout/                |             |
|    ep_len_mean          | 48.7        |
|    ep_rew_mean          | 139         |
| time/                   |             |
|    fps                  | 702         |
|    iterations           | 23          |
|    time_elapsed         | 804         |
|    total_timesteps      | 565248      |
| train/                  |             |
|    approx_kl            | 0.005412894 |
|    clip_fraction        | 0.0557      |
|    clip_range           | 0.2         |
|    entropy_loss         | -1.34       |
|    explained_variance   | 0.378       |
|    learning_rate        | 0.0003      |
|    loss                 | 0.119       |
|    n_updates            | 110         |
|    policy_gradient_loss | -0.00344    |
|    value_loss           | 0.326       |
-----------------------------------------
------------------------------------------
| rollout/                |              |
|    ep_len_mean          | 47.6         |
|    ep_rew_mean          | 138          |
| time/                   |              |
|    fps                  | 702          |
|    iterations           | 24           |
|    time_elapsed         | 839          |
|    total_timesteps      | 589824       |
| train/                  |              |
|    approx_kl            | 0.0053477264 |
|    clip_fraction        | 0.0569       |
|    clip_range           | 0.2          |
|    entropy_loss         | -1.3         |
|    explained_variance   | 0.401        |
|    learning_rate        | 0.0003       |
|    loss                 | 0.134        |
|    n_updates            | 115          |
|    policy_gradient_loss | -0.004       |
|    value_loss           | 0.348        |
------------------------------------------
------------------------------------------
| rollout/                |              |
|    ep_len_mean          | 48.3         |
|    ep_rew_mean          | 140          |
| time/                   |              |
|    fps                  | 703          |
|    iterations           | 25           |
|    time_elapsed         | 873          |
|    total_timesteps      | 614400       |
| train/                  |              |
|    approx_kl            | 0.0073287594 |
|    clip_fraction        | 0.0527       |
|    clip_range           | 0.2          |
|    entropy_loss         | -1.28        |
|    explained_variance   | 0.358        |
|    learning_rate        | 0.0003       |
|    loss                 | 0.211        |
|    n_updates            | 120          |
|    policy_gradient_loss | -0.00366     |
|    value_loss           | 0.387        |
------------------------------------------
------------------------------------------
| rollout/                |              |
|    ep_len_mean          | 47.4         |
|    ep_rew_mean          | 137          |
| time/                   |              |
|    fps                  | 703          |
|    iterations           | 26           |
|    time_elapsed         | 908          |
|    total_timesteps      | 638976       |
| train/                  |              |
|    approx_kl            | 0.0064181145 |
|    clip_fraction        | 0.0546       |
|    clip_range           | 0.2          |
|    entropy_loss         | -1.23        |
|    explained_variance   | 0.365        |
|    learning_rate        | 0.0003       |
|    loss                 | 0.0968       |
|    n_updates            | 125          |
|    policy_gradient_loss | -0.00289     |
|    value_loss           | 0.288        |
------------------------------------------
-----------------------------------------
| rollout/                |             |
|    ep_len_mean          | 47.3        |
|    ep_rew_mean          | 138         |
| time/                   |             |
|    fps                  | 702         |
|    iterations           | 27          |
|    time_elapsed         | 943         |
|    total_timesteps      | 663552      |
| train/                  |             |
|    approx_kl            | 0.004431947 |
|    clip_fraction        | 0.0491      |
|    clip_range           | 0.2         |
|    entropy_loss         | -1.2        |
|    explained_variance   | 0.364       |
|    learning_rate        | 0.0003      |
|    loss                 | 0.153       |
|    n_updates            | 130         |
|    policy_gradient_loss | -0.00321    |
|    value_loss           | 0.319       |
-----------------------------------------
-----------------------------------------
| rollout/                |             |
|    ep_len_mean          | 45.5        |
|    ep_rew_mean          | 144         |
| time/                   |             |
|    fps                  | 702         |
|    iterations           | 28          |
|    time_elapsed         | 979         |
|    total_timesteps      | 688128      |
| train/                  |             |
|    approx_kl            | 0.005144618 |
|    clip_fraction        | 0.0516      |
|    clip_range           | 0.2         |
|    entropy_loss         | -1.19       |
|    explained_variance   | 0.354       |
|    learning_rate        | 0.0003      |
|    loss                 | 0.127       |
|    n_updates            | 135         |
|    policy_gradient_loss | -0.00363    |
|    value_loss           | 0.294       |
-----------------------------------------
------------------------------------------
| rollout/                |              |
|    ep_len_mean          | 46.1         |
|    ep_rew_mean          | 141          |
| time/                   |              |
|    fps                  | 702          |
|    iterations           | 29           |
|    time_elapsed         | 1014         |
|    total_timesteps      | 712704       |
| train/                  |              |
|    approx_kl            | 0.0059059807 |
|    clip_fraction        | 0.0604       |
|    clip_range           | 0.2          |
|    entropy_loss         | -1.17        |
|    explained_variance   | 0.401        |
|    learning_rate        | 0.0003       |
|    loss                 | 0.11         |
|    n_updates            | 140          |
|    policy_gradient_loss | -0.00383     |
|    value_loss           | 0.247        |
------------------------------------------
-----------------------------------------
| rollout/                |             |
|    ep_len_mean          | 44.7        |
|    ep_rew_mean          | 141         |
| time/                   |             |
|    fps                  | 702         |
|    iterations           | 30          |
|    time_elapsed         | 1048        |
|    total_timesteps      | 737280      |
| train/                  |             |
|    approx_kl            | 0.005929453 |
|    clip_fraction        | 0.0648      |
|    clip_range           | 0.2         |
|    entropy_loss         | -1.13       |
|    explained_variance   | 0.378       |
|    learning_rate        | 0.0003      |
|    loss                 | 0.0795      |
|    n_updates            | 145         |
|    policy_gradient_loss | -0.00486    |
|    value_loss           | 0.169       |
-----------------------------------------
-----------------------------------------
| rollout/                |             |
|    ep_len_mean          | 45.1        |
|    ep_rew_mean          | 143         |
| time/                   |             |
|    fps                  | 702         |
|    iterations           | 31          |
|    time_elapsed         | 1084        |
|    total_timesteps      | 761856      |
| train/                  |             |
|    approx_kl            | 0.005125237 |
|    clip_fraction        | 0.0406      |
|    clip_range           | 0.2         |
|    entropy_loss         | -1.07       |
|    explained_variance   | 0.405       |
|    learning_rate        | 0.0003      |
|    loss                 | 0.0663      |
|    n_updates            | 150         |
|    policy_gradient_loss | -0.00259    |
|    value_loss           | 0.205       |
-----------------------------------------
-----------------------------------------
| rollout/                |             |
|    ep_len_mean          | 44.2        |
|    ep_rew_mean          | 143         |
| time/                   |             |
|    fps                  | 702         |
|    iterations           | 32          |
|    time_elapsed         | 1119        |
|    total_timesteps      | 786432      |
| train/                  |             |
|    approx_kl            | 0.005398732 |
|    clip_fraction        | 0.0538      |
|    clip_range           | 0.2         |
|    entropy_loss         | -1.01       |
|    explained_variance   | 0.455       |
|    learning_rate        | 0.0003      |
|    loss                 | 0.0748      |
|    n_updates            | 155         |
|    policy_gradient_loss | -0.00388    |
|    value_loss           | 0.126       |
-----------------------------------------
-----------------------------------------
| rollout/                |             |
|    ep_len_mean          | 44          |
|    ep_rew_mean          | 142         |
| time/                   |             |
|    fps                  | 702         |
|    iterations           | 33          |
|    time_elapsed         | 1154        |
|    total_timesteps      | 811008      |
| train/                  |             |
|    approx_kl            | 0.004274551 |
|    clip_fraction        | 0.0574      |
|    clip_range           | 0.2         |
|    entropy_loss         | -1.04       |
|    explained_variance   | 0.443       |
|    learning_rate        | 0.0003      |
|    loss                 | 0.0484      |
|    n_updates            | 160         |
|    policy_gradient_loss | -0.00225    |
|    value_loss           | 0.144       |
-----------------------------------------
----------------------------------------
| rollout/                |            |
|    ep_len_mean          | 44.5       |
|    ep_rew_mean          | 143        |
| time/                   |            |
|    fps                  | 702        |
|    iterations           | 34         |
|    time_elapsed         | 1189       |
|    total_timesteps      | 835584     |
| train/                  |            |
|    approx_kl            | 0.00593707 |
|    clip_fraction        | 0.069      |
|    clip_range           | 0.2        |
|    entropy_loss         | -1.03      |
|    explained_variance   | 0.474      |
|    learning_rate        | 0.0003     |
|    loss                 | 0.0311     |
|    n_updates            | 165        |
|    policy_gradient_loss | -0.00345   |
|    value_loss           | 0.104      |
----------------------------------------
-----------------------------------------
| rollout/                |             |
|    ep_len_mean          | 43.2        |
|    ep_rew_mean          | 143         |
| time/                   |             |
|    fps                  | 702         |
|    iterations           | 35          |
|    time_elapsed         | 1223        |
|    total_timesteps      | 860160      |
| train/                  |             |
|    approx_kl            | 0.006091787 |
|    clip_fraction        | 0.0609      |
|    clip_range           | 0.2         |
|    entropy_loss         | -1.06       |
|    explained_variance   | 0.496       |
|    learning_rate        | 0.0003      |
|    loss                 | 0.0247      |
|    n_updates            | 170         |
|    policy_gradient_loss | -0.00423    |
|    value_loss           | 0.1         |
-----------------------------------------
------------------------------------------
| rollout/                |              |
|    ep_len_mean          | 43           |
|    ep_rew_mean          | 146          |
| time/                   |              |
|    fps                  | 702          |
|    iterations           | 36           |
|    time_elapsed         | 1258         |
|    total_timesteps      | 884736       |
| train/                  |              |
|    approx_kl            | 0.0050899344 |
|    clip_fraction        | 0.0511       |
|    clip_range           | 0.2          |
|    entropy_loss         | -1.02        |
|    explained_variance   | 0.46         |
|    learning_rate        | 0.0003       |
|    loss                 | 0.0846       |
|    n_updates            | 175          |
|    policy_gradient_loss | -0.00309     |
|    value_loss           | 0.0995       |
------------------------------------------
-----------------------------------------
| rollout/                |             |
|    ep_len_mean          | 43.2        |
|    ep_rew_mean          | 142         |
| time/                   |             |
|    fps                  | 702         |
|    iterations           | 37          |
|    time_elapsed         | 1293        |
|    total_timesteps      | 909312      |
| train/                  |             |
|    approx_kl            | 0.005953513 |
|    clip_fraction        | 0.0583      |
|    clip_range           | 0.2         |
|    entropy_loss         | -1.01       |
|    explained_variance   | 0.575       |
|    learning_rate        | 0.0003      |
|    loss                 | -0.00529    |
|    n_updates            | 180         |
|    policy_gradient_loss | -0.00334    |
|    value_loss           | 0.0638      |
-----------------------------------------
------------------------------------------
| rollout/                |              |
|    ep_len_mean          | 42.4         |
|    ep_rew_mean          | 144          |
| time/                   |              |
|    fps                  | 702          |
|    iterations           | 38           |
|    time_elapsed         | 1328         |
|    total_timesteps      | 933888       |
| train/                  |              |
|    approx_kl            | 0.0057666176 |
|    clip_fraction        | 0.0475       |
|    clip_range           | 0.2          |
|    entropy_loss         | -0.954       |
|    explained_variance   | 0.553        |
|    learning_rate        | 0.0003       |
|    loss                 | 0.0283       |
|    n_updates            | 185          |
|    policy_gradient_loss | -0.0028      |
|    value_loss           | 0.0781       |
------------------------------------------
------------------------------------------
| rollout/                |              |
|    ep_len_mean          | 42.5         |
|    ep_rew_mean          | 146          |
| time/                   |              |
|    fps                  | 702          |
|    iterations           | 39           |
|    time_elapsed         | 1363         |
|    total_timesteps      | 958464       |
| train/                  |              |
|    approx_kl            | 0.0054926313 |
|    clip_fraction        | 0.0596       |
|    clip_range           | 0.2          |
|    entropy_loss         | -0.934       |
|    explained_variance   | 0.516        |
|    learning_rate        | 0.0003       |
|    loss                 | 0.00717      |
|    n_updates            | 190          |
|    policy_gradient_loss | -0.0027      |
|    value_loss           | 0.0747       |
------------------------------------------
-----------------------------------------
| rollout/                |             |
|    ep_len_mean          | 42.4        |
|    ep_rew_mean          | 144         |
| time/                   |             |
|    fps                  | 703         |
|    iterations           | 40          |
|    time_elapsed         | 1398        |
|    total_timesteps      | 983040      |
| train/                  |             |
|    approx_kl            | 0.003464995 |
|    clip_fraction        | 0.0412      |
|    clip_range           | 0.2         |
|    entropy_loss         | -0.961      |
|    explained_variance   | 0.61        |
|    learning_rate        | 0.0003      |
|    loss                 | 0.0495      |
|    n_updates            | 195         |
|    policy_gradient_loss | -0.00186    |
|    value_loss           | 0.0585      |
-----------------------------------------
[Checkpoint] Saved at 1000000 steps > /home/runner/work/Disciples2-RL/Disciples2-RL/github_experiments/135/hire_train/orc/seed135-hire_train-orc-34438250949-1/checkpoints/campaign_ppo_step_1000000.zip
Eval num_timesteps=1000008, det_reward=145.67 +/- 0.03
Episode length: det=38.40 +/- 0.73
Victory rate: det=100.00%
--------------------------------------------------
| eval/                           |              |
|    deterministic_mean_ep_length | 38.4         |
|    deterministic_mean_reward    | 146          |
|    deterministic_victory_rate   | 1            |
|    mean_ep_length               | 38.4         |
|    mean_reward                  | 146          |
|    victory_rate                 | 1            |
| time/                           |              |
|    total_timesteps              | 1000008      |
| train/                          |              |
|    approx_kl                    | 0.0038203953 |
|    clip_fraction                | 0.061        |
|    clip_range                   | 0.2          |
|    entropy_loss                 | -0.991       |
|    explained_variance           | 0.609        |
|    learning_rate                | 0.0003       |
|    loss                         | 0.00735      |
|    n_updates                    | 200          |
|    policy_gradient_loss         | -0.00142     |
|    value_loss                   | 0.0574       |
--------------------------------------------------
New best model by deterministic victory rate!
---------------------------------
| rollout/           |          |
|    ep_len_mean     | 42.2     |
|    ep_rew_mean     | 146      |
| time/              |          |
|    fps             | 702      |
|    iterations      | 41       |
|    time_elapsed    | 1434     |
|    total_timesteps | 1007616  |
---------------------------------
VecNormalize stats saved: /home/runner/work/Disciples2-RL/Disciples2-RL/github_experiments/135/hire_train/orc/seed135-hire_train-orc-34438250949-1/models/vecnormalize.pkl

Финальная модель сохранена: /home/runner/work/Disciples2-RL/Disciples2-RL/github_experiments/135/hire_train/orc/seed135-hire_train-orc-34438250949-1/models/final_model.zip

============================================================
ИТОГИ ОБУЧЕНИЯ:
  Побед: 14957
  Поражений: 2285
  Таймаутов: 1
  Побед бота столицы над врагами: 0
  Перестановок юнитов: 164496
  Терминальные поражения по противникам:
    enemy_1: 2285 — Целевой отряд: Орк слева, два Гоблина впереди и Гоблин лучник сзади
  Winrate: 86.7%
============================================================
  График призывов за эпизод: /home/runner/work/Disciples2-RL/Disciples2-RL/github_experiments/135/hire_train/orc/seed135-hire_train-orc-34438250949-1/plots/campaign_summoned_units_per_episode.png
  График призывов за всё обучение: /home/runner/work/Disciples2-RL/Disciples2-RL/github_experiments/135/hire_train/orc/seed135-hire_train-orc-34438250949-1/plots/campaign_summoned_units_cumulative.png
  График найма за эпизод: /home/runner/work/Disciples2-RL/Disciples2-RL/github_experiments/135/hire_train/orc/seed135-hire_train-orc-34438250949-1/plots/campaign_hired_units_per_episode.png
  График найма за всё обучение: /home/runner/work/Disciples2-RL/Disciples2-RL/github_experiments/135/hire_train/orc/seed135-hire_train-orc-34438250949-1/plots/campaign_hired_units_cumulative.png
  График перестановок юнитов за эпизод: /home/runner/work/Disciples2-RL/Disciples2-RL/github_experiments/135/hire_train/orc/seed135-hire_train-orc-34438250949-1/plots/campaign_unit_swaps_per_episode.png
  График боевых предметов: /home/runner/work/Disciples2-RL/Disciples2-RL/github_experiments/135/hire_train/orc/seed135-hire_train-orc-34438250949-1/plots/campaign_battle_item_activity.png
  График побед бота столицы за эпизод: /home/runner/work/Disciples2-RL/Disciples2-RL/github_experiments/135/hire_train/orc/seed135-hire_train-orc-34438250949-1/plots/campaign_scripted_bot_victories_per_episode.png
  График применения заклинаний: /home/runner/work/Disciples2-RL/Disciples2-RL/github_experiments/135/hire_train/orc/seed135-hire_train-orc-34438250949-1/plots/campaign_spell_cast_activity.png
