Проверка среды CampaignEnv...
Среда прошла проверку!
[INFO] Comet disabled, running without experiment tracking
Создание 12 параллельных сред (subproc)...
Инициализация MaskablePPO...
Using cpu device

============================================================
Запуск обучения Campaign Agent
Всего шагов: 1,000,000
Параллельных сред: 12
VecEnv: subproc
VecEnv start method: forkserver
Seed: 127
Checkpoint каждые: 500,000 шагов
Evaluation каждые: 83,334 шагов
Eval deterministic эпизодов: 20
Eval stochastic эпизодов: 0
Eval лимит шагов на эпизод: 5000
Campaign map: super_last_stand
Campaign objective: waves
System resources at training start:
  Platform: Linux 6.17.0-1022-azure (x86_64)
  Python: 3.14.7
  PyTorch: 2.13.0+cpu
  Training device: cpu
  CPU model: AMD EPYC 9V74 80-Core Processor
  CPU vendor: AuthenticAMD
  Logical CPUs visible: 4
  Process CPU affinity: 4
  Sockets: 1
  Cores per socket: 2
  Threads per core: 2
  CPU max MHz: unknown
  CPU min MHz: unknown
  L1d cache: 64 KiB (2 instances)
  L1i cache: 64 KiB (2 instances)
  L2 cache: 2 MiB (2 instances)
  L3 cache: 32 MiB (1 instance)
  Virtualization: AMD-V
  Hypervisor: Microsoft
  RAM total: 15.61 GiB
  RAM available at start: 13.94 GiB
  Disk total: 144.26 GiB
  Disk free at start: 80.22 GiB
  Torch intra-op threads: 4
  Torch inter-op threads: 2
  OMP_NUM_THREADS: 4
  MKL_NUM_THREADS: 4
  OPENBLAS_NUM_THREADS: 4
  GitHub runner OS: Linux
  GitHub runner architecture: X64
  GitHub runner environment: github-hosted
PPO n_steps: 2,048
PPO batch_size: 512
PPO n_epochs: 5
PPO learning_rate: 0.0003
PPO clip_range: 0.2
PPO ent_coef: 0.01
PPO gamma: 0.995
PPO gae_lambda: 0.95
PPO target_kl: disabled
PPO gradient batches per rollout: 240
VecCheckNan: disabled
Freeze action layout: enabled
Empire territory: enabled
Torch threads per process: 4
Diagnostics: disabled
Wall-clock training limit: disabled
Run ID: seed127-super_last_stand-waves-31771732931-1
============================================================

Logging to /home/runner/work/Disciples2-RL/Disciples2-RL/github_experiments/127/super_last_stand/waves/seed127-super_last_stand-waves-31771732931-1/tensorboard/MaskablePPO_1
---------------------------------
| rollout/           |          |
|    ep_len_mean     | 364      |
|    ep_rew_mean     | 3.37     |
| time/              |          |
|    fps             | 441      |
|    iterations      | 1        |
|    time_elapsed    | 55       |
|    total_timesteps | 24576    |
---------------------------------
-----------------------------------------
| rollout/                |             |
|    ep_len_mean          | 415         |
|    ep_rew_mean          | 12.5        |
| time/                   |             |
|    fps                  | 407         |
|    iterations           | 2           |
|    time_elapsed         | 120         |
|    total_timesteps      | 49152       |
| train/                  |             |
|    approx_kl            | 0.011072792 |
|    clip_fraction        | 0.0831      |
|    clip_range           | 0.2         |
|    entropy_loss         | -2.33       |
|    explained_variance   | -0.404      |
|    learning_rate        | 0.0003      |
|    loss                 | -0.0125     |
|    n_updates            | 5           |
|    policy_gradient_loss | -0.00912    |
|    value_loss           | 0.0617      |
-----------------------------------------
-----------------------------------------
| rollout/                |             |
|    ep_len_mean          | 395         |
|    ep_rew_mean          | 26.8        |
| time/                   |             |
|    fps                  | 395         |
|    iterations           | 3           |
|    time_elapsed         | 186         |
|    total_timesteps      | 73728       |
| train/                  |             |
|    approx_kl            | 0.010623872 |
|    clip_fraction        | 0.094       |
|    clip_range           | 0.2         |
|    entropy_loss         | -2.35       |
|    explained_variance   | 0.367       |
|    learning_rate        | 0.0003      |
|    loss                 | -0.00407    |
|    n_updates            | 10          |
|    policy_gradient_loss | -0.0114     |
|    value_loss           | 0.0482      |
-----------------------------------------
-----------------------------------------
| rollout/                |             |
|    ep_len_mean          | 374         |
|    ep_rew_mean          | 39.7        |
| time/                   |             |
|    fps                  | 391         |
|    iterations           | 4           |
|    time_elapsed         | 251         |
|    total_timesteps      | 98304       |
| train/                  |             |
|    approx_kl            | 0.009582873 |
|    clip_fraction        | 0.092       |
|    clip_range           | 0.2         |
|    entropy_loss         | -2.35       |
|    explained_variance   | 0.563       |
|    learning_rate        | 0.0003      |
|    loss                 | -0.0126     |
|    n_updates            | 15          |
|    policy_gradient_loss | -0.0116     |
|    value_loss           | 0.0442      |
-----------------------------------------
-----------------------------------------
| rollout/                |             |
|    ep_len_mean          | 348         |
|    ep_rew_mean          | 50.6        |
| time/                   |             |
|    fps                  | 390         |
|    iterations           | 5           |
|    time_elapsed         | 314         |
|    total_timesteps      | 122880      |
| train/                  |             |
|    approx_kl            | 0.008843187 |
|    clip_fraction        | 0.0851      |
|    clip_range           | 0.2         |
|    entropy_loss         | -2.35       |
|    explained_variance   | 0.676       |
|    learning_rate        | 0.0003      |
|    loss                 | -0.0171     |
|    n_updates            | 20          |
|    policy_gradient_loss | -0.0107     |
|    value_loss           | 0.0495      |
-----------------------------------------
-----------------------------------------
| rollout/                |             |
|    ep_len_mean          | 365         |
|    ep_rew_mean          | 63.8        |
| time/                   |             |
|    fps                  | 390         |
|    iterations           | 6           |
|    time_elapsed         | 378         |
|    total_timesteps      | 147456      |
| train/                  |             |
|    approx_kl            | 0.008414327 |
|    clip_fraction        | 0.0826      |
|    clip_range           | 0.2         |
|    entropy_loss         | -2.34       |
|    explained_variance   | 0.684       |
|    learning_rate        | 0.0003      |
|    loss                 | 0.00659     |
|    n_updates            | 25          |
|    policy_gradient_loss | -0.00981    |
|    value_loss           | 0.0611      |
-----------------------------------------
-----------------------------------------
| rollout/                |             |
|    ep_len_mean          | 379         |
|    ep_rew_mean          | 74.4        |
| time/                   |             |
|    fps                  | 389         |
|    iterations           | 7           |
|    time_elapsed         | 441         |
|    total_timesteps      | 172032      |
| train/                  |             |
|    approx_kl            | 0.009673655 |
|    clip_fraction        | 0.0916      |
|    clip_range           | 0.2         |
|    entropy_loss         | -2.32       |
|    explained_variance   | 0.747       |
|    learning_rate        | 0.0003      |
|    loss                 | -0.0134     |
|    n_updates            | 30          |
|    policy_gradient_loss | -0.0111     |
|    value_loss           | 0.0507      |
-----------------------------------------
-----------------------------------------
| rollout/                |             |
|    ep_len_mean          | 423         |
|    ep_rew_mean          | 90.5        |
| time/                   |             |
|    fps                  | 388         |
|    iterations           | 8           |
|    time_elapsed         | 506         |
|    total_timesteps      | 196608      |
| train/                  |             |
|    approx_kl            | 0.009373146 |
|    clip_fraction        | 0.0974      |
|    clip_range           | 0.2         |
|    entropy_loss         | -2.35       |
|    explained_variance   | 0.806       |
|    learning_rate        | 0.0003      |
|    loss                 | -0.00301    |
|    n_updates            | 35          |
|    policy_gradient_loss | -0.0105     |
|    value_loss           | 0.0437      |
-----------------------------------------
-----------------------------------------
| rollout/                |             |
|    ep_len_mean          | 478         |
|    ep_rew_mean          | 101         |
| time/                   |             |
|    fps                  | 387         |
|    iterations           | 9           |
|    time_elapsed         | 571         |
|    total_timesteps      | 221184      |
| train/                  |             |
|    approx_kl            | 0.009058233 |
|    clip_fraction        | 0.0949      |
|    clip_range           | 0.2         |
|    entropy_loss         | -2.29       |
|    explained_variance   | 0.83        |
|    learning_rate        | 0.0003      |
|    loss                 | -0.0212     |
|    n_updates            | 40          |
|    policy_gradient_loss | -0.0101     |
|    value_loss           | 0.0439      |
-----------------------------------------
-----------------------------------------
| rollout/                |             |
|    ep_len_mean          | 450         |
|    ep_rew_mean          | 109         |
| time/                   |             |
|    fps                  | 388         |
|    iterations           | 10          |
|    time_elapsed         | 633         |
|    total_timesteps      | 245760      |
| train/                  |             |
|    approx_kl            | 0.009495199 |
|    clip_fraction        | 0.0856      |
|    clip_range           | 0.2         |
|    entropy_loss         | -2.27       |
|    explained_variance   | 0.853       |
|    learning_rate        | 0.0003      |
|    loss                 | -0.000503   |
|    n_updates            | 45          |
|    policy_gradient_loss | -0.00908    |
|    value_loss           | 0.0529      |
-----------------------------------------
-----------------------------------------
| rollout/                |             |
|    ep_len_mean          | 397         |
|    ep_rew_mean          | 113         |
| time/                   |             |
|    fps                  | 388         |
|    iterations           | 11          |
|    time_elapsed         | 695         |
|    total_timesteps      | 270336      |
| train/                  |             |
|    approx_kl            | 0.008538976 |
|    clip_fraction        | 0.0897      |
|    clip_range           | 0.2         |
|    entropy_loss         | -2.26       |
|    explained_variance   | 0.85        |
|    learning_rate        | 0.0003      |
|    loss                 | -0.00908    |
|    n_updates            | 50          |
|    policy_gradient_loss | -0.0096     |
|    value_loss           | 0.0579      |
-----------------------------------------
-----------------------------------------
| rollout/                |             |
|    ep_len_mean          | 389         |
|    ep_rew_mean          | 119         |
| time/                   |             |
|    fps                  | 389         |
|    iterations           | 12          |
|    time_elapsed         | 757         |
|    total_timesteps      | 294912      |
| train/                  |             |
|    approx_kl            | 0.010994281 |
|    clip_fraction        | 0.0937      |
|    clip_range           | 0.2         |
|    entropy_loss         | -2.26       |
|    explained_variance   | 0.873       |
|    learning_rate        | 0.0003      |
|    loss                 | -0.00309    |
|    n_updates            | 55          |
|    policy_gradient_loss | -0.00985    |
|    value_loss           | 0.0476      |
-----------------------------------------
-----------------------------------------
| rollout/                |             |
|    ep_len_mean          | 487         |
|    ep_rew_mean          | 127         |
| time/                   |             |
|    fps                  | 389         |
|    iterations           | 13          |
|    time_elapsed         | 820         |
|    total_timesteps      | 319488      |
| train/                  |             |
|    approx_kl            | 0.010295198 |
|    clip_fraction        | 0.105       |
|    clip_range           | 0.2         |
|    entropy_loss         | -2.25       |
|    explained_variance   | 0.888       |
|    learning_rate        | 0.0003      |
|    loss                 | -0.0135     |
|    n_updates            | 60          |
|    policy_gradient_loss | -0.0106     |
|    value_loss           | 0.046       |
-----------------------------------------
-----------------------------------------
| rollout/                |             |
|    ep_len_mean          | 499         |
|    ep_rew_mean          | 133         |
| time/                   |             |
|    fps                  | 388         |
|    iterations           | 14          |
|    time_elapsed         | 885         |
|    total_timesteps      | 344064      |
| train/                  |             |
|    approx_kl            | 0.010532606 |
|    clip_fraction        | 0.0896      |
|    clip_range           | 0.2         |
|    entropy_loss         | -2.18       |
|    explained_variance   | 0.884       |
|    learning_rate        | 0.0003      |
|    loss                 | -0.0128     |
|    n_updates            | 65          |
|    policy_gradient_loss | -0.0096     |
|    value_loss           | 0.0435      |
-----------------------------------------
----------------------------------------
| rollout/                |            |
|    ep_len_mean          | 408        |
|    ep_rew_mean          | 143        |
| time/                   |            |
|    fps                  | 389        |
|    iterations           | 15         |
|    time_elapsed         | 947        |
|    total_timesteps      | 368640     |
| train/                  |            |
|    approx_kl            | 0.00808186 |
|    clip_fraction        | 0.0644     |
|    clip_range           | 0.2        |
|    entropy_loss         | -2.14      |
|    explained_variance   | 0.871      |
|    learning_rate        | 0.0003     |
|    loss                 | -0.0073    |
|    n_updates            | 70         |
|    policy_gradient_loss | -0.00752   |
|    value_loss           | 0.0443     |
----------------------------------------
-----------------------------------------
| rollout/                |             |
|    ep_len_mean          | 397         |
|    ep_rew_mean          | 150         |
| time/                   |             |
|    fps                  | 388         |
|    iterations           | 16          |
|    time_elapsed         | 1011        |
|    total_timesteps      | 393216      |
| train/                  |             |
|    approx_kl            | 0.008947077 |
|    clip_fraction        | 0.0684      |
|    clip_range           | 0.2         |
|    entropy_loss         | -2.09       |
|    explained_variance   | 0.895       |
|    learning_rate        | 0.0003      |
|    loss                 | -0.00862    |
|    n_updates            | 75          |
|    policy_gradient_loss | -0.00741    |
|    value_loss           | 0.0405      |
-----------------------------------------
-----------------------------------------
| rollout/                |             |
|    ep_len_mean          | 376         |
|    ep_rew_mean          | 152         |
| time/                   |             |
|    fps                  | 389         |
|    iterations           | 17          |
|    time_elapsed         | 1072        |
|    total_timesteps      | 417792      |
| train/                  |             |
|    approx_kl            | 0.007362886 |
|    clip_fraction        | 0.061       |
|    clip_range           | 0.2         |
|    entropy_loss         | -2.05       |
|    explained_variance   | 0.91        |
|    learning_rate        | 0.0003      |
|    loss                 | -0.0154     |
|    n_updates            | 80          |
|    policy_gradient_loss | -0.00622    |
|    value_loss           | 0.0356      |
-----------------------------------------
------------------------------------------
| rollout/                |              |
|    ep_len_mean          | 361          |
|    ep_rew_mean          | 153          |
| time/                   |              |
|    fps                  | 389          |
|    iterations           | 18           |
|    time_elapsed         | 1134         |
|    total_timesteps      | 442368       |
| train/                  |              |
|    approx_kl            | 0.0083225155 |
|    clip_fraction        | 0.073        |
|    clip_range           | 0.2          |
|    entropy_loss         | -2.02        |
|    explained_variance   | 0.914        |
|    learning_rate        | 0.0003       |
|    loss                 | -0.00827     |
|    n_updates            | 85           |
|    policy_gradient_loss | -0.00713     |
|    value_loss           | 0.0361       |
------------------------------------------
-----------------------------------------
| rollout/                |             |
|    ep_len_mean          | 342         |
|    ep_rew_mean          | 154         |
| time/                   |             |
|    fps                  | 389         |
|    iterations           | 19          |
|    time_elapsed         | 1197        |
|    total_timesteps      | 466944      |
| train/                  |             |
|    approx_kl            | 0.007589761 |
|    clip_fraction        | 0.0689      |
|    clip_range           | 0.2         |
|    entropy_loss         | -1.98       |
|    explained_variance   | 0.905       |
|    learning_rate        | 0.0003      |
|    loss                 | -0.0021     |
|    n_updates            | 90          |
|    policy_gradient_loss | -0.00771    |
|    value_loss           | 0.0436      |
-----------------------------------------
------------------------------------------
| rollout/                |              |
|    ep_len_mean          | 338          |
|    ep_rew_mean          | 152          |
| time/                   |              |
|    fps                  | 390          |
|    iterations           | 20           |
|    time_elapsed         | 1259         |
|    total_timesteps      | 491520       |
| train/                  |              |
|    approx_kl            | 0.0075723245 |
|    clip_fraction        | 0.0627       |
|    clip_range           | 0.2          |
|    entropy_loss         | -1.96        |
|    explained_variance   | 0.927        |
|    learning_rate        | 0.0003       |
|    loss                 | -0.00709     |
|    n_updates            | 95           |
|    policy_gradient_loss | -0.00532     |
|    value_loss           | 0.0417       |
------------------------------------------
[Checkpoint] Saved at 500000 steps > /home/runner/work/Disciples2-RL/Disciples2-RL/github_experiments/127/super_last_stand/waves/seed127-super_last_stand-waves-31771732931-1/checkpoints/campaign_ppo_step_500000.zip
-----------------------------------------
| rollout/                |             |
|    ep_len_mean          | 341         |
|    ep_rew_mean          | 155         |
| time/                   |             |
|    fps                  | 390         |
|    iterations           | 21          |
|    time_elapsed         | 1321        |
|    total_timesteps      | 516096      |
| train/                  |             |
|    approx_kl            | 0.007740891 |
|    clip_fraction        | 0.0627      |
|    clip_range           | 0.2         |
|    entropy_loss         | -1.92       |
|    explained_variance   | 0.908       |
|    learning_rate        | 0.0003      |
|    loss                 | -0.00851    |
|    n_updates            | 100         |
|    policy_gradient_loss | -0.006      |
|    value_loss           | 0.0508      |
-----------------------------------------
-----------------------------------------
| rollout/                |             |
|    ep_len_mean          | 329         |
|    ep_rew_mean          | 151         |
| time/                   |             |
|    fps                  | 390         |
|    iterations           | 22          |
|    time_elapsed         | 1384        |
|    total_timesteps      | 540672      |
| train/                  |             |
|    approx_kl            | 0.007445529 |
|    clip_fraction        | 0.0631      |
|    clip_range           | 0.2         |
|    entropy_loss         | -1.91       |
|    explained_variance   | 0.925       |
|    learning_rate        | 0.0003      |
|    loss                 | -0.00493    |
|    n_updates            | 105         |
|    policy_gradient_loss | -0.00614    |
|    value_loss           | 0.0441      |
-----------------------------------------
------------------------------------------
| rollout/                |              |
|    ep_len_mean          | 337          |
|    ep_rew_mean          | 157          |
| time/                   |              |
|    fps                  | 389          |
|    iterations           | 23           |
|    time_elapsed         | 1450         |
|    total_timesteps      | 565248       |
| train/                  |              |
|    approx_kl            | 0.0069867037 |
|    clip_fraction        | 0.0651       |
|    clip_range           | 0.2          |
|    entropy_loss         | -1.87        |
|    explained_variance   | 0.921        |
|    learning_rate        | 0.0003       |
|    loss                 | -0.0138      |
|    n_updates            | 110          |
|    policy_gradient_loss | -0.0065      |
|    value_loss           | 0.0458       |
------------------------------------------
------------------------------------------
| rollout/                |              |
|    ep_len_mean          | 343          |
|    ep_rew_mean          | 160          |
| time/                   |              |
|    fps                  | 388          |
|    iterations           | 24           |
|    time_elapsed         | 1516         |
|    total_timesteps      | 589824       |
| train/                  |              |
|    approx_kl            | 0.0069147185 |
|    clip_fraction        | 0.0592       |
|    clip_range           | 0.2          |
|    entropy_loss         | -1.84        |
|    explained_variance   | 0.936        |
|    learning_rate        | 0.0003       |
|    loss                 | -0.0127      |
|    n_updates            | 115          |
|    policy_gradient_loss | -0.00577     |
|    value_loss           | 0.0387       |
------------------------------------------
-----------------------------------------
| rollout/                |             |
|    ep_len_mean          | 338         |
|    ep_rew_mean          | 156         |
| time/                   |             |
|    fps                  | 388         |
|    iterations           | 25          |
|    time_elapsed         | 1579        |
|    total_timesteps      | 614400      |
| train/                  |             |
|    approx_kl            | 0.007605814 |
|    clip_fraction        | 0.0679      |
|    clip_range           | 0.2         |
|    entropy_loss         | -1.82       |
|    explained_variance   | 0.94        |
|    learning_rate        | 0.0003      |
|    loss                 | -0.0231     |
|    n_updates            | 120         |
|    policy_gradient_loss | -0.00578    |
|    value_loss           | 0.0404      |
-----------------------------------------
---------------------------------------
| rollout/                |           |
|    ep_len_mean          | 343       |
|    ep_rew_mean          | 166       |
| time/                   |           |
|    fps                  | 387       |
|    iterations           | 26        |
|    time_elapsed         | 1648      |
|    total_timesteps      | 638976    |
| train/                  |           |
|    approx_kl            | 0.0073711 |
|    clip_fraction        | 0.0665    |
|    clip_range           | 0.2       |
|    entropy_loss         | -1.81     |
|    explained_variance   | 0.935     |
|    learning_rate        | 0.0003    |
|    loss                 | -0.00438  |
|    n_updates            | 125       |
|    policy_gradient_loss | -0.00581  |
|    value_loss           | 0.0423    |
---------------------------------------
------------------------------------------
| rollout/                |              |
|    ep_len_mean          | 367          |
|    ep_rew_mean          | 173          |
| time/                   |              |
|    fps                  | 387          |
|    iterations           | 27           |
|    time_elapsed         | 1714         |
|    total_timesteps      | 663552       |
| train/                  |              |
|    approx_kl            | 0.0076143923 |
|    clip_fraction        | 0.0651       |
|    clip_range           | 0.2          |
|    entropy_loss         | -1.8         |
|    explained_variance   | 0.94         |
|    learning_rate        | 0.0003       |
|    loss                 | 0.00121      |
|    n_updates            | 130          |
|    policy_gradient_loss | -0.00563     |
|    value_loss           | 0.0388       |
------------------------------------------
------------------------------------------
| rollout/                |              |
|    ep_len_mean          | 365          |
|    ep_rew_mean          | 175          |
| time/                   |              |
|    fps                  | 386          |
|    iterations           | 28           |
|    time_elapsed         | 1781         |
|    total_timesteps      | 688128       |
| train/                  |              |
|    approx_kl            | 0.0070332363 |
|    clip_fraction        | 0.0542       |
|    clip_range           | 0.2          |
|    entropy_loss         | -1.77        |
|    explained_variance   | 0.944        |
|    learning_rate        | 0.0003       |
|    loss                 | -0.0134      |
|    n_updates            | 135          |
|    policy_gradient_loss | -0.00463     |
|    value_loss           | 0.0346       |
------------------------------------------
-----------------------------------------
| rollout/                |             |
|    ep_len_mean          | 356         |
|    ep_rew_mean          | 177         |
| time/                   |             |
|    fps                  | 385         |
|    iterations           | 29          |
|    time_elapsed         | 1847        |
|    total_timesteps      | 712704      |
| train/                  |             |
|    approx_kl            | 0.006841769 |
|    clip_fraction        | 0.0521      |
|    clip_range           | 0.2         |
|    entropy_loss         | -1.77       |
|    explained_variance   | 0.934       |
|    learning_rate        | 0.0003      |
|    loss                 | -0.00754    |
|    n_updates            | 140         |
|    policy_gradient_loss | -0.00459    |
|    value_loss           | 0.0387      |
-----------------------------------------
------------------------------------------
| rollout/                |              |
|    ep_len_mean          | 343          |
|    ep_rew_mean          | 174          |
| time/                   |              |
|    fps                  | 384          |
|    iterations           | 30           |
|    time_elapsed         | 1915         |
|    total_timesteps      | 737280       |
| train/                  |              |
|    approx_kl            | 0.0070701265 |
|    clip_fraction        | 0.058        |
|    clip_range           | 0.2          |
|    entropy_loss         | -1.73        |
|    explained_variance   | 0.932        |
|    learning_rate        | 0.0003       |
|    loss                 | -0.00218     |
|    n_updates            | 145          |
|    policy_gradient_loss | -0.00546     |
|    value_loss           | 0.0393       |
------------------------------------------
------------------------------------------
| rollout/                |              |
|    ep_len_mean          | 361          |
|    ep_rew_mean          | 182          |
| time/                   |              |
|    fps                  | 384          |
|    iterations           | 31           |
|    time_elapsed         | 1981         |
|    total_timesteps      | 761856       |
| train/                  |              |
|    approx_kl            | 0.0071036094 |
|    clip_fraction        | 0.0638       |
|    clip_range           | 0.2          |
|    entropy_loss         | -1.76        |
|    explained_variance   | 0.908        |
|    learning_rate        | 0.0003       |
|    loss                 | 0.00404      |
|    n_updates            | 150          |
|    policy_gradient_loss | -0.00523     |
|    value_loss           | 0.0573       |
------------------------------------------
-----------------------------------------
| rollout/                |             |
|    ep_len_mean          | 348         |
|    ep_rew_mean          | 178         |
| time/                   |             |
|    fps                  | 384         |
|    iterations           | 32          |
|    time_elapsed         | 2047        |
|    total_timesteps      | 786432      |
| train/                  |             |
|    approx_kl            | 0.006405892 |
|    clip_fraction        | 0.0576      |
|    clip_range           | 0.2         |
|    entropy_loss         | -1.74       |
|    explained_variance   | 0.927       |
|    learning_rate        | 0.0003      |
|    loss                 | -0.00994    |
|    n_updates            | 155         |
|    policy_gradient_loss | -0.00502    |
|    value_loss           | 0.0433      |
-----------------------------------------
-----------------------------------------
| rollout/                |             |
|    ep_len_mean          | 314         |
|    ep_rew_mean          | 169         |
| time/                   |             |
|    fps                  | 384         |
|    iterations           | 33          |
|    time_elapsed         | 2111        |
|    total_timesteps      | 811008      |
| train/                  |             |
|    approx_kl            | 0.007822397 |
|    clip_fraction        | 0.07        |
|    clip_range           | 0.2         |
|    entropy_loss         | -1.72       |
|    explained_variance   | 0.927       |
|    learning_rate        | 0.0003      |
|    loss                 | -0.000946   |
|    n_updates            | 160         |
|    policy_gradient_loss | -0.00575    |
|    value_loss           | 0.0464      |
-----------------------------------------
-----------------------------------------
| rollout/                |             |
|    ep_len_mean          | 318         |
|    ep_rew_mean          | 172         |
| time/                   |             |
|    fps                  | 384         |
|    iterations           | 34          |
|    time_elapsed         | 2171        |
|    total_timesteps      | 835584      |
| train/                  |             |
|    approx_kl            | 0.007316089 |
|    clip_fraction        | 0.0702      |
|    clip_range           | 0.2         |
|    entropy_loss         | -1.72       |
|    explained_variance   | 0.91        |
|    learning_rate        | 0.0003      |
|    loss                 | 0.000766    |
|    n_updates            | 165         |
|    policy_gradient_loss | -0.00525    |
|    value_loss           | 0.0611      |
-----------------------------------------
-----------------------------------------
| rollout/                |             |
|    ep_len_mean          | 380         |
|    ep_rew_mean          | 175         |
| time/                   |             |
|    fps                  | 385         |
|    iterations           | 35          |
|    time_elapsed         | 2233        |
|    total_timesteps      | 860160      |
| train/                  |             |
|    approx_kl            | 0.008933508 |
|    clip_fraction        | 0.0696      |
|    clip_range           | 0.2         |
|    entropy_loss         | -1.75       |
|    explained_variance   | 0.921       |
|    learning_rate        | 0.0003      |
|    loss                 | -0.00781    |
|    n_updates            | 170         |
|    policy_gradient_loss | -0.00555    |
|    value_loss           | 0.0538      |
-----------------------------------------
------------------------------------------
| rollout/                |              |
|    ep_len_mean          | 387          |
|    ep_rew_mean          | 173          |
| time/                   |              |
|    fps                  | 385          |
|    iterations           | 36           |
|    time_elapsed         | 2297         |
|    total_timesteps      | 884736       |
| train/                  |              |
|    approx_kl            | 0.0072966125 |
|    clip_fraction        | 0.0625       |
|    clip_range           | 0.2          |
|    entropy_loss         | -1.72        |
|    explained_variance   | 0.94         |
|    learning_rate        | 0.0003       |
|    loss                 | -0.00875     |
|    n_updates            | 175          |
|    policy_gradient_loss | -0.00508     |
|    value_loss           | 0.039        |
------------------------------------------
------------------------------------------
| rollout/                |              |
|    ep_len_mean          | 336          |
|    ep_rew_mean          | 187          |
| time/                   |              |
|    fps                  | 385          |
|    iterations           | 37           |
|    time_elapsed         | 2361         |
|    total_timesteps      | 909312       |
| train/                  |              |
|    approx_kl            | 0.0069993255 |
|    clip_fraction        | 0.0701       |
|    clip_range           | 0.2          |
|    entropy_loss         | -1.65        |
|    explained_variance   | 0.923        |
|    learning_rate        | 0.0003       |
|    loss                 | -0.00618     |
|    n_updates            | 180          |
|    policy_gradient_loss | -0.0058      |
|    value_loss           | 0.0441       |
------------------------------------------
------------------------------------------
| rollout/                |              |
|    ep_len_mean          | 337          |
|    ep_rew_mean          | 188          |
| time/                   |              |
|    fps                  | 385          |
|    iterations           | 38           |
|    time_elapsed         | 2423         |
|    total_timesteps      | 933888       |
| train/                  |              |
|    approx_kl            | 0.0062111258 |
|    clip_fraction        | 0.0532       |
|    clip_range           | 0.2          |
|    entropy_loss         | -1.66        |
|    explained_variance   | 0.921        |
|    learning_rate        | 0.0003       |
|    loss                 | -0.00343     |
|    n_updates            | 185          |
|    policy_gradient_loss | -0.00456     |
|    value_loss           | 0.0464       |
------------------------------------------
-----------------------------------------
| rollout/                |             |
|    ep_len_mean          | 334         |
|    ep_rew_mean          | 183         |
| time/                   |             |
|    fps                  | 385         |
|    iterations           | 39          |
|    time_elapsed         | 2484        |
|    total_timesteps      | 958464      |
| train/                  |             |
|    approx_kl            | 0.006670078 |
|    clip_fraction        | 0.0601      |
|    clip_range           | 0.2         |
|    entropy_loss         | -1.66       |
|    explained_variance   | 0.949       |
|    learning_rate        | 0.0003      |
|    loss                 | -0.0114     |
|    n_updates            | 190         |
|    policy_gradient_loss | -0.00518    |
|    value_loss           | 0.0382      |
-----------------------------------------
-----------------------------------------
| rollout/                |             |
|    ep_len_mean          | 375         |
|    ep_rew_mean          | 165         |
| time/                   |             |
|    fps                  | 385         |
|    iterations           | 40          |
|    time_elapsed         | 2546        |
|    total_timesteps      | 983040      |
| train/                  |             |
|    approx_kl            | 0.008516521 |
|    clip_fraction        | 0.0674      |
|    clip_range           | 0.2         |
|    entropy_loss         | -1.71       |
|    explained_variance   | 0.946       |
|    learning_rate        | 0.0003      |
|    loss                 | -0.00119    |
|    n_updates            | 195         |
|    policy_gradient_loss | -0.00511    |
|    value_loss           | 0.0408      |
-----------------------------------------
[Checkpoint] Saved at 1000000 steps > /home/runner/work/Disciples2-RL/Disciples2-RL/github_experiments/127/super_last_stand/waves/seed127-super_last_stand-waves-31771732931-1/checkpoints/campaign_ppo_step_1000000.zip
Eval num_timesteps=1000008, det_reward=179.91 +/- 27.35
Episode length: det=324.05 +/- 83.85
Victory rate: det=0.00%
--------------------------------------------------
| eval/                           |              |
|    deterministic_mean_ep_length | 324          |
|    deterministic_mean_reward    | 180          |
|    deterministic_victory_rate   | 0            |
|    mean_ep_length               | 324          |
|    mean_reward                  | 180          |
|    victory_rate                 | 0            |
| time/                           |              |
|    total_timesteps              | 1000008      |
| train/                          |              |
|    approx_kl                    | 0.0095978975 |
|    clip_fraction                | 0.0699       |
|    clip_range                   | 0.2          |
|    entropy_loss                 | -1.74        |
|    explained_variance           | 0.939        |
|    learning_rate                | 0.0003       |
|    loss                         | -0.00729     |
|    n_updates                    | 200          |
|    policy_gradient_loss         | -0.00536     |
|    value_loss                   | 0.0492       |
--------------------------------------------------
New best model by deterministic victory rate!
---------------------------------
| rollout/           |          |
|    ep_len_mean     | 393      |
|    ep_rew_mean     | 175      |
| time/              |          |
|    fps             | 382      |
|    iterations      | 41       |
|    time_elapsed    | 2634     |
|    total_timesteps | 1007616  |
---------------------------------
VecNormalize stats saved: /home/runner/work/Disciples2-RL/Disciples2-RL/github_experiments/127/super_last_stand/waves/seed127-super_last_stand-waves-31771732931-1/models/vecnormalize.pkl

Финальная модель сохранена: /home/runner/work/Disciples2-RL/Disciples2-RL/github_experiments/127/super_last_stand/waves/seed127-super_last_stand-waves-31771732931-1/models/final_model.zip

============================================================
ИТОГИ ОБУЧЕНИЯ:
  Побед: 0
  Поражений: 2721
  Таймаутов: 0
  Побед бота столицы над врагами: 0
  Перестановок юнитов: 167466
  Терминальные поражения по противникам:
    enemy_112: 395 — Волна 4 — «Первая сталь» (~1300); Гномы
    enemy_113: 324 — Волна 5 — «Гвардия героев» (~1650); Люди
    enemy_114: 282 — Волна 5 — «Гвардия героев» (~1650); Эльфы
    enemy_110: 218 — Волна 4 — «Первая сталь» (~1300); Люди
    enemy_111: 198 — Волна 4 — «Первая сталь» (~1300); Эльфы
    enemy_10: 187 — Гарнизон города тёмных эльфов
    enemy_70: 183 — Руины: Тролль, Людоед и Гоблин старейшина
    enemy_115: 182 — Волна 5 — «Гвардия героев» (~1650); Гномы
    enemy_109: 140 — Волна 3 — «Разведка боем» (~1050); Гномы
    enemy_2: 125 — Один Мастер оккультист
    enemy_116: 87 — Волна 6 — «Стальной прилив» (~1850); Люди
    enemy_117: 83 — Волна 6 — «Стальной прилив» (~1850); Эльфы
    enemy_108: 73 — Волна 3 — «Разведка боем» (~1050); Эльфы
    enemy_107: 51 — Волна 3 — «Разведка боем» (~1050); Люди
    enemy_106: 32 — Волна 2 — «Регулярные роты» (~770); Гномы
    enemy_118: 20 — Волна 6 — «Стальной прилив» (~1850); Гномы
    enemy_120: 18 — Волна 7 — «Цвет трёх народов» (~2100); Эльфы
    enemy_71: 17 — Забытые эльфийские руины: нейтральный грифон, эльфийский оракул, лорд эльфов и эльф-рейнджер
    enemy_105: 16 — Волна 2 — «Регулярные роты» (~770); Эльфы
    enemy_3: 16 — Морской змей и Кракен охраняют драгоценность в озере
    enemy_104: 13 — Волна 2 — «Регулярные роты» (~770); Люди
    enemy_119: 12 — Волна 7 — «Цвет трёх народов» (~2100); Люди
    enemy_11: 10 — Гарнизон города сильных варваров
    enemy_101: 9 — Волна 1 — «Первая волна»; Люди
    enemy_121: 7 — Волна 7 — «Цвет трёх народов» (~2100); Гномы
    enemy_122: 5 — Волна 8 — «Ярость ветеранов» (~2350); Люди
    enemy_1: 4 — Один Орк
    enemy_125: 3 — Волна 9 — «Предвестники бури» (~2500); Люди
    enemy_103: 2 — Волна 1 — «Первая волна»; Гномы
    enemy_132: 2 — Волна 11 — «Судный час»; Эльфы
    enemy_131: 2 — Волна 11 — «Судный час»; Люди
    enemy_124: 2 — Волна 8 — «Ярость ветеранов» (~2350); Гномы
    enemy_126: 1 — Волна 9 — «Предвестники бури» (~2500); Эльфы
    enemy_102: 1 — Волна 1 — «Первая волна»; Эльфы
    enemy_123: 1 — Волна 8 — «Ярость ветеранов» (~2350); Эльфы
  Winrate: 0.0%
============================================================
  График призывов за эпизод: /home/runner/work/Disciples2-RL/Disciples2-RL/github_experiments/127/super_last_stand/waves/seed127-super_last_stand-waves-31771732931-1/plots/campaign_summoned_units_per_episode.png
  График призывов за всё обучение: /home/runner/work/Disciples2-RL/Disciples2-RL/github_experiments/127/super_last_stand/waves/seed127-super_last_stand-waves-31771732931-1/plots/campaign_summoned_units_cumulative.png
  График найма за эпизод: /home/runner/work/Disciples2-RL/Disciples2-RL/github_experiments/127/super_last_stand/waves/seed127-super_last_stand-waves-31771732931-1/plots/campaign_hired_units_per_episode.png
  График найма за всё обучение: /home/runner/work/Disciples2-RL/Disciples2-RL/github_experiments/127/super_last_stand/waves/seed127-super_last_stand-waves-31771732931-1/plots/campaign_hired_units_cumulative.png
  График перестановок юнитов за эпизод: /home/runner/work/Disciples2-RL/Disciples2-RL/github_experiments/127/super_last_stand/waves/seed127-super_last_stand-waves-31771732931-1/plots/campaign_unit_swaps_per_episode.png
  График боевых предметов: /home/runner/work/Disciples2-RL/Disciples2-RL/github_experiments/127/super_last_stand/waves/seed127-super_last_stand-waves-31771732931-1/plots/campaign_battle_item_activity.png
  График побед бота столицы за эпизод: /home/runner/work/Disciples2-RL/Disciples2-RL/github_experiments/127/super_last_stand/waves/seed127-super_last_stand-waves-31771732931-1/plots/campaign_scripted_bot_victories_per_episode.png
  График применения заклинаний: /home/runner/work/Disciples2-RL/Disciples2-RL/github_experiments/127/super_last_stand/waves/seed127-super_last_stand-waves-31771732931-1/plots/campaign_spell_cast_activity.png
