Проверка среды CampaignEnv...
Среда прошла проверку!
[INFO] Comet disabled, running without experiment tracking
Создание 12 параллельных сред (subproc)...
Инициализация MaskablePPO...
Using cpu device

============================================================
Запуск обучения Campaign Agent
Всего шагов: 1,000,000
Параллельных сред: 12
VecEnv: subproc
VecEnv start method: forkserver
Seed: 132
Checkpoint каждые: 500,000 шагов
Evaluation каждые: 83,334 шагов
Eval deterministic эпизодов: 20
Eval stochastic эпизодов: 0
Eval лимит шагов на эпизод: 5000
Campaign map: small
Campaign objective: blue_dragon
System resources at training start:
  Platform: Linux 6.17.0-1022-azure (x86_64)
  Python: 3.14.7
  PyTorch: 2.13.0+cpu
  Training device: cpu
  CPU model: INTEL(R) XEON(R) PLATINUM 8573C
  CPU vendor: GenuineIntel
  Logical CPUs visible: 4
  Process CPU affinity: 4
  Sockets: 1
  Cores per socket: 2
  Threads per core: 2
  CPU max MHz: 2300.0000
  CPU min MHz: 800.0000
  L1d cache: 96 KiB (2 instances)
  L1i cache: 64 KiB (2 instances)
  L2 cache: 4 MiB (2 instances)
  L3 cache: 260 MiB (1 instance)
  Virtualization: VT-x
  Hypervisor: Microsoft
  RAM total: 15.61 GiB
  RAM available at start: 13.87 GiB
  Disk total: 144.26 GiB
  Disk free at start: 77.45 GiB
  Torch intra-op threads: 4
  Torch inter-op threads: 2
  OMP_NUM_THREADS: 4
  MKL_NUM_THREADS: 4
  OPENBLAS_NUM_THREADS: 4
  GitHub runner OS: Linux
  GitHub runner architecture: X64
  GitHub runner environment: github-hosted
PPO n_steps: 2,048
PPO batch_size: 512
PPO n_epochs: 5
PPO learning_rate: 0.0003
PPO clip_range: 0.2
PPO ent_coef: 0.01
PPO gamma: 0.995
PPO gae_lambda: 0.95
PPO target_kl: disabled
PPO gradient batches per rollout: 240
VecCheckNan: disabled
Freeze action layout: enabled
Empire territory: enabled
Torch threads per process: 4
Diagnostics: disabled
Wall-clock training limit: disabled
Run ID: seed132-small-blue_dragon-32941336561-1
============================================================

Logging to /home/runner/work/Disciples2-RL/Disciples2-RL/github_experiments/132/small/blue_dragon/seed132-small-blue_dragon-32941336561-1/tensorboard/MaskablePPO_1
---------------------------------
| rollout/           |          |
|    ep_len_mean     | 98.5     |
|    ep_rew_mean     | -5.46    |
| time/              |          |
|    fps             | 718      |
|    iterations      | 1        |
|    time_elapsed    | 34       |
|    total_timesteps | 24576    |
---------------------------------
-----------------------------------------
| rollout/                |             |
|    ep_len_mean          | 111         |
|    ep_rew_mean          | -3.83       |
| time/                   |             |
|    fps                  | 694         |
|    iterations           | 2           |
|    time_elapsed         | 70          |
|    total_timesteps      | 49152       |
| train/                  |             |
|    approx_kl            | 0.010619074 |
|    clip_fraction        | 0.0884      |
|    clip_range           | 0.2         |
|    entropy_loss         | -2.21       |
|    explained_variance   | 0.0943      |
|    learning_rate        | 0.0003      |
|    loss                 | 0.205       |
|    n_updates            | 5           |
|    policy_gradient_loss | -0.00819    |
|    value_loss           | 0.592       |
-----------------------------------------
-----------------------------------------
| rollout/                |             |
|    ep_len_mean          | 146         |
|    ep_rew_mean          | -1.07       |
| time/                   |             |
|    fps                  | 690         |
|    iterations           | 3           |
|    time_elapsed         | 106         |
|    total_timesteps      | 73728       |
| train/                  |             |
|    approx_kl            | 0.011672534 |
|    clip_fraction        | 0.132       |
|    clip_range           | 0.2         |
|    entropy_loss         | -2.15       |
|    explained_variance   | 0.604       |
|    learning_rate        | 0.0003      |
|    loss                 | 0.111       |
|    n_updates            | 10          |
|    policy_gradient_loss | -0.0126     |
|    value_loss           | 0.291       |
-----------------------------------------
-----------------------------------------
| rollout/                |             |
|    ep_len_mean          | 218         |
|    ep_rew_mean          | -3.44       |
| time/                   |             |
|    fps                  | 684         |
|    iterations           | 4           |
|    time_elapsed         | 143         |
|    total_timesteps      | 98304       |
| train/                  |             |
|    approx_kl            | 0.011436927 |
|    clip_fraction        | 0.142       |
|    clip_range           | 0.2         |
|    entropy_loss         | -2.09       |
|    explained_variance   | 0.72        |
|    learning_rate        | 0.0003      |
|    loss                 | 0.06        |
|    n_updates            | 15          |
|    policy_gradient_loss | -0.0136     |
|    value_loss           | 0.236       |
-----------------------------------------
------------------------------------------
| rollout/                |              |
|    ep_len_mean          | 270          |
|    ep_rew_mean          | -7.56        |
| time/                   |              |
|    fps                  | 679          |
|    iterations           | 5            |
|    time_elapsed         | 180          |
|    total_timesteps      | 122880       |
| train/                  |              |
|    approx_kl            | 0.0102718035 |
|    clip_fraction        | 0.097        |
|    clip_range           | 0.2          |
|    entropy_loss         | -2.09        |
|    explained_variance   | 0.813        |
|    learning_rate        | 0.0003       |
|    loss                 | 0.0594       |
|    n_updates            | 20           |
|    policy_gradient_loss | -0.00921     |
|    value_loss           | 0.167        |
------------------------------------------
-----------------------------------------
| rollout/                |             |
|    ep_len_mean          | 372         |
|    ep_rew_mean          | -6.02       |
| time/                   |             |
|    fps                  | 677         |
|    iterations           | 6           |
|    time_elapsed         | 217         |
|    total_timesteps      | 147456      |
| train/                  |             |
|    approx_kl            | 0.009191331 |
|    clip_fraction        | 0.0759      |
|    clip_range           | 0.2         |
|    entropy_loss         | -2.12       |
|    explained_variance   | 0.875       |
|    learning_rate        | 0.0003      |
|    loss                 | 0.00466     |
|    n_updates            | 25          |
|    policy_gradient_loss | -0.0067     |
|    value_loss           | 0.0834      |
-----------------------------------------
-----------------------------------------
| rollout/                |             |
|    ep_len_mean          | 237         |
|    ep_rew_mean          | 7.19        |
| time/                   |             |
|    fps                  | 676         |
|    iterations           | 7           |
|    time_elapsed         | 254         |
|    total_timesteps      | 172032      |
| train/                  |             |
|    approx_kl            | 0.010364037 |
|    clip_fraction        | 0.118       |
|    clip_range           | 0.2         |
|    entropy_loss         | -2.08       |
|    explained_variance   | 0.893       |
|    learning_rate        | 0.0003      |
|    loss                 | 0.0021      |
|    n_updates            | 30          |
|    policy_gradient_loss | -0.00921    |
|    value_loss           | 0.0593      |
-----------------------------------------
-----------------------------------------
| rollout/                |             |
|    ep_len_mean          | 204         |
|    ep_rew_mean          | 9.42        |
| time/                   |             |
|    fps                  | 676         |
|    iterations           | 8           |
|    time_elapsed         | 290         |
|    total_timesteps      | 196608      |
| train/                  |             |
|    approx_kl            | 0.010306939 |
|    clip_fraction        | 0.103       |
|    clip_range           | 0.2         |
|    entropy_loss         | -2.04       |
|    explained_variance   | 0.856       |
|    learning_rate        | 0.0003      |
|    loss                 | -0.00182    |
|    n_updates            | 35          |
|    policy_gradient_loss | -0.00873    |
|    value_loss           | 0.0573      |
-----------------------------------------
-----------------------------------------
| rollout/                |             |
|    ep_len_mean          | 179         |
|    ep_rew_mean          | 11.1        |
| time/                   |             |
|    fps                  | 677         |
|    iterations           | 9           |
|    time_elapsed         | 326         |
|    total_timesteps      | 221184      |
| train/                  |             |
|    approx_kl            | 0.009774796 |
|    clip_fraction        | 0.111       |
|    clip_range           | 0.2         |
|    entropy_loss         | -1.95       |
|    explained_variance   | 0.862       |
|    learning_rate        | 0.0003      |
|    loss                 | -0.00593    |
|    n_updates            | 40          |
|    policy_gradient_loss | -0.00854    |
|    value_loss           | 0.0438      |
-----------------------------------------
-----------------------------------------
| rollout/                |             |
|    ep_len_mean          | 166         |
|    ep_rew_mean          | 14.5        |
| time/                   |             |
|    fps                  | 679         |
|    iterations           | 10          |
|    time_elapsed         | 361         |
|    total_timesteps      | 245760      |
| train/                  |             |
|    approx_kl            | 0.009153609 |
|    clip_fraction        | 0.097       |
|    clip_range           | 0.2         |
|    entropy_loss         | -1.91       |
|    explained_variance   | 0.842       |
|    learning_rate        | 0.0003      |
|    loss                 | -0.00259    |
|    n_updates            | 45          |
|    policy_gradient_loss | -0.00814    |
|    value_loss           | 0.0459      |
-----------------------------------------
-----------------------------------------
| rollout/                |             |
|    ep_len_mean          | 168         |
|    ep_rew_mean          | 14.8        |
| time/                   |             |
|    fps                  | 679         |
|    iterations           | 11          |
|    time_elapsed         | 397         |
|    total_timesteps      | 270336      |
| train/                  |             |
|    approx_kl            | 0.007590639 |
|    clip_fraction        | 0.0759      |
|    clip_range           | 0.2         |
|    entropy_loss         | -1.9        |
|    explained_variance   | 0.801       |
|    learning_rate        | 0.0003      |
|    loss                 | 0.00434     |
|    n_updates            | 50          |
|    policy_gradient_loss | -0.00633    |
|    value_loss           | 0.0507      |
-----------------------------------------
-----------------------------------------
| rollout/                |             |
|    ep_len_mean          | 158         |
|    ep_rew_mean          | 14.8        |
| time/                   |             |
|    fps                  | 679         |
|    iterations           | 12          |
|    time_elapsed         | 433         |
|    total_timesteps      | 294912      |
| train/                  |             |
|    approx_kl            | 0.008905617 |
|    clip_fraction        | 0.0886      |
|    clip_range           | 0.2         |
|    entropy_loss         | -1.85       |
|    explained_variance   | 0.816       |
|    learning_rate        | 0.0003      |
|    loss                 | -0.00961    |
|    n_updates            | 55          |
|    policy_gradient_loss | -0.00776    |
|    value_loss           | 0.0492      |
-----------------------------------------
----------------------------------------
| rollout/                |            |
|    ep_len_mean          | 203        |
|    ep_rew_mean          | 8.53       |
| time/                   |            |
|    fps                  | 680        |
|    iterations           | 13         |
|    time_elapsed         | 469        |
|    total_timesteps      | 319488     |
| train/                  |            |
|    approx_kl            | 0.00862448 |
|    clip_fraction        | 0.0798     |
|    clip_range           | 0.2        |
|    entropy_loss         | -1.83      |
|    explained_variance   | 0.862      |
|    learning_rate        | 0.0003     |
|    loss                 | -0.00217   |
|    n_updates            | 60         |
|    policy_gradient_loss | -0.00661   |
|    value_loss           | 0.0476     |
----------------------------------------
-----------------------------------------
| rollout/                |             |
|    ep_len_mean          | 165         |
|    ep_rew_mean          | 19.3        |
| time/                   |             |
|    fps                  | 681         |
|    iterations           | 14          |
|    time_elapsed         | 504         |
|    total_timesteps      | 344064      |
| train/                  |             |
|    approx_kl            | 0.007754477 |
|    clip_fraction        | 0.077       |
|    clip_range           | 0.2         |
|    entropy_loss         | -1.81       |
|    explained_variance   | 0.863       |
|    learning_rate        | 0.0003      |
|    loss                 | -0.00387    |
|    n_updates            | 65          |
|    policy_gradient_loss | -0.00653    |
|    value_loss           | 0.052       |
-----------------------------------------
-----------------------------------------
| rollout/                |             |
|    ep_len_mean          | 149         |
|    ep_rew_mean          | 18.2        |
| time/                   |             |
|    fps                  | 682         |
|    iterations           | 15          |
|    time_elapsed         | 539         |
|    total_timesteps      | 368640      |
| train/                  |             |
|    approx_kl            | 0.008387915 |
|    clip_fraction        | 0.0829      |
|    clip_range           | 0.2         |
|    entropy_loss         | -1.77       |
|    explained_variance   | 0.787       |
|    learning_rate        | 0.0003      |
|    loss                 | -0.00923    |
|    n_updates            | 70          |
|    policy_gradient_loss | -0.00699    |
|    value_loss           | 0.0549      |
-----------------------------------------
------------------------------------------
| rollout/                |              |
|    ep_len_mean          | 153          |
|    ep_rew_mean          | 21           |
| time/                   |              |
|    fps                  | 683          |
|    iterations           | 16           |
|    time_elapsed         | 575          |
|    total_timesteps      | 393216       |
| train/                  |              |
|    approx_kl            | 0.0060871956 |
|    clip_fraction        | 0.0506       |
|    clip_range           | 0.2          |
|    entropy_loss         | -1.77        |
|    explained_variance   | 0.816        |
|    learning_rate        | 0.0003       |
|    loss                 | 0.00759      |
|    n_updates            | 75           |
|    policy_gradient_loss | -0.00425     |
|    value_loss           | 0.0615       |
------------------------------------------
------------------------------------------
| rollout/                |              |
|    ep_len_mean          | 157          |
|    ep_rew_mean          | 22.6         |
| time/                   |              |
|    fps                  | 684          |
|    iterations           | 17           |
|    time_elapsed         | 610          |
|    total_timesteps      | 417792       |
| train/                  |              |
|    approx_kl            | 0.0069080046 |
|    clip_fraction        | 0.0632       |
|    clip_range           | 0.2          |
|    entropy_loss         | -1.75        |
|    explained_variance   | 0.805        |
|    learning_rate        | 0.0003       |
|    loss                 | 0.00877      |
|    n_updates            | 80           |
|    policy_gradient_loss | -0.00526     |
|    value_loss           | 0.0671       |
------------------------------------------
-----------------------------------------
| rollout/                |             |
|    ep_len_mean          | 172         |
|    ep_rew_mean          | 22.6        |
| time/                   |             |
|    fps                  | 685         |
|    iterations           | 18          |
|    time_elapsed         | 645         |
|    total_timesteps      | 442368      |
| train/                  |             |
|    approx_kl            | 0.007375618 |
|    clip_fraction        | 0.0709      |
|    clip_range           | 0.2         |
|    entropy_loss         | -1.73       |
|    explained_variance   | 0.805       |
|    learning_rate        | 0.0003      |
|    loss                 | 0.00899     |
|    n_updates            | 85          |
|    policy_gradient_loss | -0.00598    |
|    value_loss           | 0.073       |
-----------------------------------------
-----------------------------------------
| rollout/                |             |
|    ep_len_mean          | 167         |
|    ep_rew_mean          | 23          |
| time/                   |             |
|    fps                  | 685         |
|    iterations           | 19          |
|    time_elapsed         | 680         |
|    total_timesteps      | 466944      |
| train/                  |             |
|    approx_kl            | 0.007300874 |
|    clip_fraction        | 0.0708      |
|    clip_range           | 0.2         |
|    entropy_loss         | -1.76       |
|    explained_variance   | 0.819       |
|    learning_rate        | 0.0003      |
|    loss                 | 0.00884     |
|    n_updates            | 90          |
|    policy_gradient_loss | -0.00566    |
|    value_loss           | 0.0716      |
-----------------------------------------
------------------------------------------
| rollout/                |              |
|    ep_len_mean          | 173          |
|    ep_rew_mean          | 23.7         |
| time/                   |              |
|    fps                  | 686          |
|    iterations           | 20           |
|    time_elapsed         | 716          |
|    total_timesteps      | 491520       |
| train/                  |              |
|    approx_kl            | 0.0073170215 |
|    clip_fraction        | 0.0699       |
|    clip_range           | 0.2          |
|    entropy_loss         | -1.73        |
|    explained_variance   | 0.853        |
|    learning_rate        | 0.0003       |
|    loss                 | 0.00633      |
|    n_updates            | 95           |
|    policy_gradient_loss | -0.00616     |
|    value_loss           | 0.0654       |
------------------------------------------
[Checkpoint] Saved at 500000 steps > /home/runner/work/Disciples2-RL/Disciples2-RL/github_experiments/132/small/blue_dragon/seed132-small-blue_dragon-32941336561-1/checkpoints/campaign_ppo_step_500000.zip
------------------------------------------
| rollout/                |              |
|    ep_len_mean          | 164          |
|    ep_rew_mean          | 24.8         |
| time/                   |              |
|    fps                  | 687          |
|    iterations           | 21           |
|    time_elapsed         | 751          |
|    total_timesteps      | 516096       |
| train/                  |              |
|    approx_kl            | 0.0067320825 |
|    clip_fraction        | 0.0616       |
|    clip_range           | 0.2          |
|    entropy_loss         | -1.74        |
|    explained_variance   | 0.844        |
|    learning_rate        | 0.0003       |
|    loss                 | 0.0101       |
|    n_updates            | 100          |
|    policy_gradient_loss | -0.00455     |
|    value_loss           | 0.0742       |
------------------------------------------
------------------------------------------
| rollout/                |              |
|    ep_len_mean          | 178          |
|    ep_rew_mean          | 29.9         |
| time/                   |              |
|    fps                  | 688          |
|    iterations           | 22           |
|    time_elapsed         | 785          |
|    total_timesteps      | 540672       |
| train/                  |              |
|    approx_kl            | 0.0065977983 |
|    clip_fraction        | 0.0687       |
|    clip_range           | 0.2          |
|    entropy_loss         | -1.69        |
|    explained_variance   | 0.844        |
|    learning_rate        | 0.0003       |
|    loss                 | 0.0105       |
|    n_updates            | 105          |
|    policy_gradient_loss | -0.0059      |
|    value_loss           | 0.0788       |
------------------------------------------
------------------------------------------
| rollout/                |              |
|    ep_len_mean          | 163          |
|    ep_rew_mean          | 26.3         |
| time/                   |              |
|    fps                  | 689          |
|    iterations           | 23           |
|    time_elapsed         | 820          |
|    total_timesteps      | 565248       |
| train/                  |              |
|    approx_kl            | 0.0065522133 |
|    clip_fraction        | 0.0722       |
|    clip_range           | 0.2          |
|    entropy_loss         | -1.67        |
|    explained_variance   | 0.845        |
|    learning_rate        | 0.0003       |
|    loss                 | 0.0171       |
|    n_updates            | 110          |
|    policy_gradient_loss | -0.00613     |
|    value_loss           | 0.0767       |
------------------------------------------
-----------------------------------------
| rollout/                |             |
|    ep_len_mean          | 170         |
|    ep_rew_mean          | 29.5        |
| time/                   |             |
|    fps                  | 689         |
|    iterations           | 24          |
|    time_elapsed         | 855         |
|    total_timesteps      | 589824      |
| train/                  |             |
|    approx_kl            | 0.007142072 |
|    clip_fraction        | 0.0773      |
|    clip_range           | 0.2         |
|    entropy_loss         | -1.64       |
|    explained_variance   | 0.851       |
|    learning_rate        | 0.0003      |
|    loss                 | 0.0202      |
|    n_updates            | 115         |
|    policy_gradient_loss | -0.00618    |
|    value_loss           | 0.0796      |
-----------------------------------------
------------------------------------------
| rollout/                |              |
|    ep_len_mean          | 171          |
|    ep_rew_mean          | 31.2         |
| time/                   |              |
|    fps                  | 690          |
|    iterations           | 25           |
|    time_elapsed         | 889          |
|    total_timesteps      | 614400       |
| train/                  |              |
|    approx_kl            | 0.0076472186 |
|    clip_fraction        | 0.0797       |
|    clip_range           | 0.2          |
|    entropy_loss         | -1.62        |
|    explained_variance   | 0.866        |
|    learning_rate        | 0.0003       |
|    loss                 | 0.00762      |
|    n_updates            | 120          |
|    policy_gradient_loss | -0.0052      |
|    value_loss           | 0.0771       |
------------------------------------------
------------------------------------------
| rollout/                |              |
|    ep_len_mean          | 183          |
|    ep_rew_mean          | 32.7         |
| time/                   |              |
|    fps                  | 690          |
|    iterations           | 26           |
|    time_elapsed         | 924          |
|    total_timesteps      | 638976       |
| train/                  |              |
|    approx_kl            | 0.0065263943 |
|    clip_fraction        | 0.0693       |
|    clip_range           | 0.2          |
|    entropy_loss         | -1.58        |
|    explained_variance   | 0.91         |
|    learning_rate        | 0.0003       |
|    loss                 | 0.0122       |
|    n_updates            | 125          |
|    policy_gradient_loss | -0.00528     |
|    value_loss           | 0.0681       |
------------------------------------------
------------------------------------------
| rollout/                |              |
|    ep_len_mean          | 232          |
|    ep_rew_mean          | 29.2         |
| time/                   |              |
|    fps                  | 691          |
|    iterations           | 27           |
|    time_elapsed         | 960          |
|    total_timesteps      | 663552       |
| train/                  |              |
|    approx_kl            | 0.0073384508 |
|    clip_fraction        | 0.075        |
|    clip_range           | 0.2          |
|    entropy_loss         | -1.59        |
|    explained_variance   | 0.952        |
|    learning_rate        | 0.0003       |
|    loss                 | -0.00307     |
|    n_updates            | 130          |
|    policy_gradient_loss | -0.00469     |
|    value_loss           | 0.0571       |
------------------------------------------
-----------------------------------------
| rollout/                |             |
|    ep_len_mean          | 258         |
|    ep_rew_mean          | 24.3        |
| time/                   |             |
|    fps                  | 691         |
|    iterations           | 28          |
|    time_elapsed         | 995         |
|    total_timesteps      | 688128      |
| train/                  |             |
|    approx_kl            | 0.006905856 |
|    clip_fraction        | 0.0686      |
|    clip_range           | 0.2         |
|    entropy_loss         | -1.57       |
|    explained_variance   | 0.966       |
|    learning_rate        | 0.0003      |
|    loss                 | -0.00572    |
|    n_updates            | 135         |
|    policy_gradient_loss | -0.00465    |
|    value_loss           | 0.0516      |
-----------------------------------------
-----------------------------------------
| rollout/                |             |
|    ep_len_mean          | 262         |
|    ep_rew_mean          | 25.1        |
| time/                   |             |
|    fps                  | 691         |
|    iterations           | 29          |
|    time_elapsed         | 1031        |
|    total_timesteps      | 712704      |
| train/                  |             |
|    approx_kl            | 0.007114649 |
|    clip_fraction        | 0.0768      |
|    clip_range           | 0.2         |
|    entropy_loss         | -1.56       |
|    explained_variance   | 0.965       |
|    learning_rate        | 0.0003      |
|    loss                 | -0.000881   |
|    n_updates            | 140         |
|    policy_gradient_loss | -0.0053     |
|    value_loss           | 0.0535      |
-----------------------------------------
-----------------------------------------
| rollout/                |             |
|    ep_len_mean          | 274         |
|    ep_rew_mean          | 23.9        |
| time/                   |             |
|    fps                  | 691         |
|    iterations           | 30          |
|    time_elapsed         | 1066        |
|    total_timesteps      | 737280      |
| train/                  |             |
|    approx_kl            | 0.007281263 |
|    clip_fraction        | 0.0686      |
|    clip_range           | 0.2         |
|    entropy_loss         | -1.59       |
|    explained_variance   | 0.974       |
|    learning_rate        | 0.0003      |
|    loss                 | -0.00463    |
|    n_updates            | 145         |
|    policy_gradient_loss | -0.00512    |
|    value_loss           | 0.0452      |
-----------------------------------------
------------------------------------------
| rollout/                |              |
|    ep_len_mean          | 294          |
|    ep_rew_mean          | 26           |
| time/                   |              |
|    fps                  | 691          |
|    iterations           | 31           |
|    time_elapsed         | 1102         |
|    total_timesteps      | 761856       |
| train/                  |              |
|    approx_kl            | 0.0064175627 |
|    clip_fraction        | 0.062        |
|    clip_range           | 0.2          |
|    entropy_loss         | -1.6         |
|    explained_variance   | 0.977        |
|    learning_rate        | 0.0003       |
|    loss                 | -0.00378     |
|    n_updates            | 150          |
|    policy_gradient_loss | -0.00365     |
|    value_loss           | 0.0432       |
------------------------------------------
-----------------------------------------
| rollout/                |             |
|    ep_len_mean          | 234         |
|    ep_rew_mean          | 29.3        |
| time/                   |             |
|    fps                  | 691         |
|    iterations           | 32          |
|    time_elapsed         | 1137        |
|    total_timesteps      | 786432      |
| train/                  |             |
|    approx_kl            | 0.006781547 |
|    clip_fraction        | 0.0644      |
|    clip_range           | 0.2         |
|    entropy_loss         | -1.56       |
|    explained_variance   | 0.98        |
|    learning_rate        | 0.0003      |
|    loss                 | -0.00769    |
|    n_updates            | 155         |
|    policy_gradient_loss | -0.00439    |
|    value_loss           | 0.0358      |
-----------------------------------------
------------------------------------------
| rollout/                |              |
|    ep_len_mean          | 240          |
|    ep_rew_mean          | 34.6         |
| time/                   |              |
|    fps                  | 691          |
|    iterations           | 33           |
|    time_elapsed         | 1172         |
|    total_timesteps      | 811008       |
| train/                  |              |
|    approx_kl            | 0.0067604347 |
|    clip_fraction        | 0.0697       |
|    clip_range           | 0.2          |
|    entropy_loss         | -1.51        |
|    explained_variance   | 0.963        |
|    learning_rate        | 0.0003       |
|    loss                 | -0.00804     |
|    n_updates            | 160          |
|    policy_gradient_loss | -0.00561     |
|    value_loss           | 0.0472       |
------------------------------------------
------------------------------------------
| rollout/                |              |
|    ep_len_mean          | 233          |
|    ep_rew_mean          | 36.1         |
| time/                   |              |
|    fps                  | 691          |
|    iterations           | 34           |
|    time_elapsed         | 1207         |
|    total_timesteps      | 835584       |
| train/                  |              |
|    approx_kl            | 0.0066668526 |
|    clip_fraction        | 0.0692       |
|    clip_range           | 0.2          |
|    entropy_loss         | -1.47        |
|    explained_variance   | 0.965        |
|    learning_rate        | 0.0003       |
|    loss                 | -0.00291     |
|    n_updates            | 165          |
|    policy_gradient_loss | -0.00422     |
|    value_loss           | 0.0427       |
------------------------------------------
-----------------------------------------
| rollout/                |             |
|    ep_len_mean          | 358         |
|    ep_rew_mean          | 20.2        |
| time/                   |             |
|    fps                  | 691         |
|    iterations           | 35          |
|    time_elapsed         | 1243        |
|    total_timesteps      | 860160      |
| train/                  |             |
|    approx_kl            | 0.005696334 |
|    clip_fraction        | 0.0556      |
|    clip_range           | 0.2         |
|    entropy_loss         | -1.49       |
|    explained_variance   | 0.983       |
|    learning_rate        | 0.0003      |
|    loss                 | 0.000518    |
|    n_updates            | 170         |
|    policy_gradient_loss | -0.00395    |
|    value_loss           | 0.0228      |
-----------------------------------------
-----------------------------------------
| rollout/                |             |
|    ep_len_mean          | 349         |
|    ep_rew_mean          | 21.1        |
| time/                   |             |
|    fps                  | 691         |
|    iterations           | 36          |
|    time_elapsed         | 1279        |
|    total_timesteps      | 884736      |
| train/                  |             |
|    approx_kl            | 0.005910417 |
|    clip_fraction        | 0.0528      |
|    clip_range           | 0.2         |
|    entropy_loss         | -1.49       |
|    explained_variance   | 0.986       |
|    learning_rate        | 0.0003      |
|    loss                 | -0.00823    |
|    n_updates            | 175         |
|    policy_gradient_loss | -0.00433    |
|    value_loss           | 0.0207      |
-----------------------------------------
------------------------------------------
| rollout/                |              |
|    ep_len_mean          | 284          |
|    ep_rew_mean          | 31.5         |
| time/                   |              |
|    fps                  | 691          |
|    iterations           | 37           |
|    time_elapsed         | 1314         |
|    total_timesteps      | 909312       |
| train/                  |              |
|    approx_kl            | 0.0068226024 |
|    clip_fraction        | 0.0716       |
|    clip_range           | 0.2          |
|    entropy_loss         | -1.51        |
|    explained_variance   | 0.975        |
|    learning_rate        | 0.0003       |
|    loss                 | -0.0123      |
|    n_updates            | 180          |
|    policy_gradient_loss | -0.00416     |
|    value_loss           | 0.0349       |
------------------------------------------
-----------------------------------------
| rollout/                |             |
|    ep_len_mean          | 417         |
|    ep_rew_mean          | 18.9        |
| time/                   |             |
|    fps                  | 691         |
|    iterations           | 38          |
|    time_elapsed         | 1350        |
|    total_timesteps      | 933888      |
| train/                  |             |
|    approx_kl            | 0.007125365 |
|    clip_fraction        | 0.0658      |
|    clip_range           | 0.2         |
|    entropy_loss         | -1.58       |
|    explained_variance   | 0.984       |
|    learning_rate        | 0.0003      |
|    loss                 | -0.0102     |
|    n_updates            | 185         |
|    policy_gradient_loss | -0.00466    |
|    value_loss           | 0.0205      |
-----------------------------------------
------------------------------------------
| rollout/                |              |
|    ep_len_mean          | 495          |
|    ep_rew_mean          | 13.8         |
| time/                   |              |
|    fps                  | 690          |
|    iterations           | 39           |
|    time_elapsed         | 1387         |
|    total_timesteps      | 958464       |
| train/                  |              |
|    approx_kl            | 0.0067264624 |
|    clip_fraction        | 0.0653       |
|    clip_range           | 0.2          |
|    entropy_loss         | -1.63        |
|    explained_variance   | 0.984        |
|    learning_rate        | 0.0003       |
|    loss                 | -0.0202      |
|    n_updates            | 190          |
|    policy_gradient_loss | -0.00474     |
|    value_loss           | 0.016        |
------------------------------------------
-----------------------------------------
| rollout/                |             |
|    ep_len_mean          | 601         |
|    ep_rew_mean          | 0.0977      |
| time/                   |             |
|    fps                  | 690         |
|    iterations           | 40          |
|    time_elapsed         | 1423        |
|    total_timesteps      | 983040      |
| train/                  |             |
|    approx_kl            | 0.006879768 |
|    clip_fraction        | 0.0695      |
|    clip_range           | 0.2         |
|    entropy_loss         | -1.57       |
|    explained_variance   | 0.989       |
|    learning_rate        | 0.0003      |
|    loss                 | -0.0133     |
|    n_updates            | 195         |
|    policy_gradient_loss | -0.00406    |
|    value_loss           | 0.0147      |
-----------------------------------------
[Checkpoint] Saved at 1000000 steps > /home/runner/work/Disciples2-RL/Disciples2-RL/github_experiments/132/small/blue_dragon/seed132-small-blue_dragon-32941336561-1/checkpoints/campaign_ppo_step_1000000.zip
Eval num_timesteps=1000008, det_reward=-85.77 +/- 260.21
Episode length: det=1343.50 +/- 2041.26
Victory rate: det=0.00%
-------------------------------------------------
| eval/                           |             |
|    deterministic_mean_ep_length | 1.34e+03    |
|    deterministic_mean_reward    | -85.8       |
|    deterministic_victory_rate   | 0           |
|    mean_ep_length               | 1.34e+03    |
|    mean_reward                  | -85.8       |
|    victory_rate                 | 0           |
| time/                           |             |
|    total_timesteps              | 1000008     |
| train/                          |             |
|    approx_kl                    | 0.007273371 |
|    clip_fraction                | 0.0666      |
|    clip_range                   | 0.2         |
|    entropy_loss                 | -1.57       |
|    explained_variance           | 0.987       |
|    learning_rate                | 0.0003      |
|    loss                         | -0.0181     |
|    n_updates                    | 200         |
|    policy_gradient_loss         | -0.00486    |
|    value_loss                   | 0.0167      |
-------------------------------------------------
New best model by deterministic victory rate!
---------------------------------
| rollout/           |          |
|    ep_len_mean     | 605      |
|    ep_rew_mean     | -0.352   |
| time/              |          |
|    fps             | 659      |
|    iterations      | 41       |
|    time_elapsed    | 1528     |
|    total_timesteps | 1007616  |
---------------------------------
VecNormalize stats saved: /home/runner/work/Disciples2-RL/Disciples2-RL/github_experiments/132/small/blue_dragon/seed132-small-blue_dragon-32941336561-1/models/vecnormalize.pkl

Финальная модель сохранена: /home/runner/work/Disciples2-RL/Disciples2-RL/github_experiments/132/small/blue_dragon/seed132-small-blue_dragon-32941336561-1/models/final_model.zip

============================================================
ИТОГИ ОБУЧЕНИЯ:
  Побед: 0
  Поражений: 4726
  Таймаутов: 16
  Побед бота столицы над врагами: 0
  Перестановок юнитов: 203914
  Терминальные поражения по противникам:
    enemy_31: 1061 — Отряд: зеленый дракон
    enemy_29: 547 — Отряд: 3 скваера на передней линии
    enemy_25: 490 — Отряд: копейщик спереди и служка сзади
    enemy_15: 398 — Отряд: 2 привидения спереди, вампир сзади
    enemy_23: 366 — Отряд: волк на передней линии
    enemy_74: 313 — Руины (43, 34): Лорд Тьмы, Лич
    enemy_61: 287 — Отряд: Зомби, Призрак
    enemy_7: 284 — Отряд: воин + привидение спереди, колдун + призрак + привидение сзади
    enemy_65: 262 — Отряд: Кентавр копейщик, Рейнджер
    enemy_27: 190 — Отряд: скваер в центре и 2 крестьянина на передней линии
    enemy_34: 189 — Отряд Порта Полонис: Воин спереди, Колдун, Нигош (Носферату) и Привидение сзади
    enemy_17: 110 — Отряд: воин спереди, 2 призрака и привидение сзади
    enemy_19: 82 — Отряд: зомби спереди, привидение сзади
    enemy_21: 68 — Отряд: зомби спереди, привидение сзади
    enemy_3: 14 — Отряд: орк чемпион на передней линии
    enemy_59: 13 — Отряд: Зомби
    enemy_9: 11 — Отряд: тамплиер спереди, колдун и призрак сзади
    enemy_35: 10 — Отряд Соругириллы: Унфегра (Королева личей), Виверна
    enemy_63: 9 — Отряд: Разбойник
    enemy_57: 8 — Отряд: Призрак, Привидение, Воин
    enemy_5: 5 — Отряд: орк чемпион на передней линии
    enemy_11: 3 — Отряд: оборотень спереди и тень сзади
    enemy_69: 2 — Внутренний гарнизон Соругириллы: Зомби, Воин
    enemy_47: 2 — Отряд: Призрак, Привидение, Привидение, Воин
    enemy_75: 1 — Страж столицы Империи: Мизраэль
    enemy_68: 1 — Внутренний гарнизон Порта Полонис: Зомби, Воин
  Winrate: 0.0%
============================================================
  График призывов за эпизод: /home/runner/work/Disciples2-RL/Disciples2-RL/github_experiments/132/small/blue_dragon/seed132-small-blue_dragon-32941336561-1/plots/campaign_summoned_units_per_episode.png
  График призывов за всё обучение: /home/runner/work/Disciples2-RL/Disciples2-RL/github_experiments/132/small/blue_dragon/seed132-small-blue_dragon-32941336561-1/plots/campaign_summoned_units_cumulative.png
  График найма за эпизод: /home/runner/work/Disciples2-RL/Disciples2-RL/github_experiments/132/small/blue_dragon/seed132-small-blue_dragon-32941336561-1/plots/campaign_hired_units_per_episode.png
  График найма за всё обучение: /home/runner/work/Disciples2-RL/Disciples2-RL/github_experiments/132/small/blue_dragon/seed132-small-blue_dragon-32941336561-1/plots/campaign_hired_units_cumulative.png
  График перестановок юнитов за эпизод: /home/runner/work/Disciples2-RL/Disciples2-RL/github_experiments/132/small/blue_dragon/seed132-small-blue_dragon-32941336561-1/plots/campaign_unit_swaps_per_episode.png
  График боевых предметов: /home/runner/work/Disciples2-RL/Disciples2-RL/github_experiments/132/small/blue_dragon/seed132-small-blue_dragon-32941336561-1/plots/campaign_battle_item_activity.png
  График побед бота столицы за эпизод: /home/runner/work/Disciples2-RL/Disciples2-RL/github_experiments/132/small/blue_dragon/seed132-small-blue_dragon-32941336561-1/plots/campaign_scripted_bot_victories_per_episode.png
  График применения заклинаний: /home/runner/work/Disciples2-RL/Disciples2-RL/github_experiments/132/small/blue_dragon/seed132-small-blue_dragon-32941336561-1/plots/campaign_spell_cast_activity.png
