Проверка среды CampaignEnv...
Среда прошла проверку!
[INFO] Comet disabled, running without experiment tracking
Создание 12 параллельных сред (subproc)...
Инициализация MaskablePPO...
Using cpu device

============================================================
Запуск обучения Campaign Agent
Всего шагов: 1,000,000
Параллельных сред: 12
VecEnv: subproc
VecEnv start method: forkserver
Seed: 134
Checkpoint каждые: 500,000 шагов
Evaluation каждые: 83,334 шагов
Eval deterministic эпизодов: 20
Eval stochastic эпизодов: 0
Eval лимит шагов на эпизод: 5000
Campaign map: default
Campaign objective: blue_dragon
System resources at training start:
  Platform: Linux 6.17.0-1022-azure (x86_64)
  Python: 3.14.7
  PyTorch: 2.13.0+cpu
  Training device: cpu
  CPU model: AMD EPYC 7763 64-Core Processor
  CPU vendor: AuthenticAMD
  Logical CPUs visible: 4
  Process CPU affinity: 4
  Sockets: 1
  Cores per socket: 2
  Threads per core: 2
  CPU max MHz: unknown
  CPU min MHz: unknown
  L1d cache: 64 KiB (2 instances)
  L1i cache: 64 KiB (2 instances)
  L2 cache: 1 MiB (2 instances)
  L3 cache: 32 MiB (1 instance)
  Virtualization: AMD-V
  Hypervisor: Microsoft
  RAM total: 15.61 GiB
  RAM available at start: 13.86 GiB
  Disk total: 144.26 GiB
  Disk free at start: 75.95 GiB
  Torch intra-op threads: 4
  Torch inter-op threads: 2
  OMP_NUM_THREADS: 4
  MKL_NUM_THREADS: 4
  OPENBLAS_NUM_THREADS: 4
  GitHub runner OS: Linux
  GitHub runner architecture: X64
  GitHub runner environment: github-hosted
PPO n_steps: 2,048
PPO batch_size: 512
PPO n_epochs: 5
PPO learning_rate: 0.0003
PPO clip_range: 0.2
PPO ent_coef: 0.01
PPO gamma: 0.995
PPO gae_lambda: 0.95
PPO target_kl: disabled
PPO gradient batches per rollout: 240
VecCheckNan: disabled
Freeze action layout: enabled
Empire territory: enabled
Torch threads per process: 4
Diagnostics: disabled
Wall-clock training limit: disabled
Run ID: seed134-default-blue_dragon-33816903453-1
============================================================

Logging to /home/runner/work/Disciples2-RL/Disciples2-RL/github_experiments/134/default/blue_dragon/seed134-default-blue_dragon-33816903453-1/tensorboard/MaskablePPO_1
---------------------------------
| rollout/           |          |
|    ep_len_mean     | 526      |
|    ep_rew_mean     | 154      |
| time/              |          |
|    fps             | 391      |
|    iterations      | 1        |
|    time_elapsed    | 62       |
|    total_timesteps | 24576    |
---------------------------------
-----------------------------------------
| rollout/                |             |
|    ep_len_mean          | 2.3e+03     |
|    ep_rew_mean          | 106         |
| time/                   |             |
|    fps                  | 372         |
|    iterations           | 2           |
|    time_elapsed         | 131         |
|    total_timesteps      | 49152       |
| train/                  |             |
|    approx_kl            | 0.008903001 |
|    clip_fraction        | 0.0562      |
|    clip_range           | 0.2         |
|    entropy_loss         | -2.25       |
|    explained_variance   | 0.116       |
|    learning_rate        | 0.0003      |
|    loss                 | -0.0101     |
|    n_updates            | 5           |
|    policy_gradient_loss | -0.00549    |
|    value_loss           | 0.121       |
-----------------------------------------
-----------------------------------------
| rollout/                |             |
|    ep_len_mean          | 2.41e+03    |
|    ep_rew_mean          | 83.1        |
| time/                   |             |
|    fps                  | 368         |
|    iterations           | 3           |
|    time_elapsed         | 199         |
|    total_timesteps      | 73728       |
| train/                  |             |
|    approx_kl            | 0.010043182 |
|    clip_fraction        | 0.0766      |
|    clip_range           | 0.2         |
|    entropy_loss         | -2.25       |
|    explained_variance   | 0.295       |
|    learning_rate        | 0.0003      |
|    loss                 | 0.076       |
|    n_updates            | 10          |
|    policy_gradient_loss | -0.00495    |
|    value_loss           | 0.0823      |
-----------------------------------------
-----------------------------------------
| rollout/                |             |
|    ep_len_mean          | 1.54e+03    |
|    ep_rew_mean          | 122         |
| time/                   |             |
|    fps                  | 368         |
|    iterations           | 4           |
|    time_elapsed         | 266         |
|    total_timesteps      | 98304       |
| train/                  |             |
|    approx_kl            | 0.008076876 |
|    clip_fraction        | 0.0585      |
|    clip_range           | 0.2         |
|    entropy_loss         | -2.17       |
|    explained_variance   | 0.448       |
|    learning_rate        | 0.0003      |
|    loss                 | 0.0896      |
|    n_updates            | 15          |
|    policy_gradient_loss | -0.00448    |
|    value_loss           | 0.318       |
-----------------------------------------
------------------------------------------
| rollout/                |              |
|    ep_len_mean          | 1.39e+03     |
|    ep_rew_mean          | 124          |
| time/                   |              |
|    fps                  | 369          |
|    iterations           | 5            |
|    time_elapsed         | 332          |
|    total_timesteps      | 122880       |
| train/                  |              |
|    approx_kl            | 0.0064503415 |
|    clip_fraction        | 0.0419       |
|    clip_range           | 0.2          |
|    entropy_loss         | -2.1         |
|    explained_variance   | 0.657        |
|    learning_rate        | 0.0003       |
|    loss                 | 0.123        |
|    n_updates            | 20           |
|    policy_gradient_loss | -0.00445     |
|    value_loss           | 0.362        |
------------------------------------------
-----------------------------------------
| rollout/                |             |
|    ep_len_mean          | 1.42e+03    |
|    ep_rew_mean          | 112         |
| time/                   |             |
|    fps                  | 370         |
|    iterations           | 6           |
|    time_elapsed         | 397         |
|    total_timesteps      | 147456      |
| train/                  |             |
|    approx_kl            | 0.007323038 |
|    clip_fraction        | 0.0318      |
|    clip_range           | 0.2         |
|    entropy_loss         | -1.85       |
|    explained_variance   | 0.788       |
|    learning_rate        | 0.0003      |
|    loss                 | 0.0436      |
|    n_updates            | 25          |
|    policy_gradient_loss | -0.00408    |
|    value_loss           | 0.144       |
-----------------------------------------
------------------------------------------
| rollout/                |              |
|    ep_len_mean          | 1.48e+03     |
|    ep_rew_mean          | 105          |
| time/                   |              |
|    fps                  | 371          |
|    iterations           | 7            |
|    time_elapsed         | 462          |
|    total_timesteps      | 172032       |
| train/                  |              |
|    approx_kl            | 0.0067610345 |
|    clip_fraction        | 0.0211       |
|    clip_range           | 0.2          |
|    entropy_loss         | -1.82        |
|    explained_variance   | 0.855        |
|    learning_rate        | 0.0003       |
|    loss                 | 0.0551       |
|    n_updates            | 30           |
|    policy_gradient_loss | -0.00353     |
|    value_loss           | 0.17         |
------------------------------------------
-----------------------------------------
| rollout/                |             |
|    ep_len_mean          | 1.56e+03    |
|    ep_rew_mean          | 89.6        |
| time/                   |             |
|    fps                  | 371         |
|    iterations           | 8           |
|    time_elapsed         | 528         |
|    total_timesteps      | 196608      |
| train/                  |             |
|    approx_kl            | 0.008357679 |
|    clip_fraction        | 0.0605      |
|    clip_range           | 0.2         |
|    entropy_loss         | -1.85       |
|    explained_variance   | 0.874       |
|    learning_rate        | 0.0003      |
|    loss                 | 0.0224      |
|    n_updates            | 35          |
|    policy_gradient_loss | -0.00303    |
|    value_loss           | 0.103       |
-----------------------------------------
-----------------------------------------
| rollout/                |             |
|    ep_len_mean          | 1.56e+03    |
|    ep_rew_mean          | 73.7        |
| time/                   |             |
|    fps                  | 372         |
|    iterations           | 9           |
|    time_elapsed         | 593         |
|    total_timesteps      | 221184      |
| train/                  |             |
|    approx_kl            | 0.006895587 |
|    clip_fraction        | 0.0495      |
|    clip_range           | 0.2         |
|    entropy_loss         | -1.91       |
|    explained_variance   | 0.891       |
|    learning_rate        | 0.0003      |
|    loss                 | 0.00693     |
|    n_updates            | 40          |
|    policy_gradient_loss | -0.00298    |
|    value_loss           | 0.0757      |
-----------------------------------------
-----------------------------------------
| rollout/                |             |
|    ep_len_mean          | 1.6e+03     |
|    ep_rew_mean          | 69          |
| time/                   |             |
|    fps                  | 371         |
|    iterations           | 10          |
|    time_elapsed         | 661         |
|    total_timesteps      | 245760      |
| train/                  |             |
|    approx_kl            | 0.009243752 |
|    clip_fraction        | 0.0878      |
|    clip_range           | 0.2         |
|    entropy_loss         | -2          |
|    explained_variance   | 0.909       |
|    learning_rate        | 0.0003      |
|    loss                 | 0.00709     |
|    n_updates            | 45          |
|    policy_gradient_loss | -0.0039     |
|    value_loss           | 0.087       |
-----------------------------------------
-----------------------------------------
| rollout/                |             |
|    ep_len_mean          | 1.79e+03    |
|    ep_rew_mean          | 48.2        |
| time/                   |             |
|    fps                  | 371         |
|    iterations           | 11          |
|    time_elapsed         | 728         |
|    total_timesteps      | 270336      |
| train/                  |             |
|    approx_kl            | 0.010033182 |
|    clip_fraction        | 0.0978      |
|    clip_range           | 0.2         |
|    entropy_loss         | -2.09       |
|    explained_variance   | 0.9         |
|    learning_rate        | 0.0003      |
|    loss                 | 0.0128      |
|    n_updates            | 50          |
|    policy_gradient_loss | -0.00453    |
|    value_loss           | 0.0844      |
-----------------------------------------
-----------------------------------------
| rollout/                |             |
|    ep_len_mean          | 1.82e+03    |
|    ep_rew_mean          | 40.7        |
| time/                   |             |
|    fps                  | 370         |
|    iterations           | 12          |
|    time_elapsed         | 796         |
|    total_timesteps      | 294912      |
| train/                  |             |
|    approx_kl            | 0.007537696 |
|    clip_fraction        | 0.0666      |
|    clip_range           | 0.2         |
|    entropy_loss         | -2.13       |
|    explained_variance   | 0.93        |
|    learning_rate        | 0.0003      |
|    loss                 | 0.0231      |
|    n_updates            | 55          |
|    policy_gradient_loss | -0.00383    |
|    value_loss           | 0.132       |
-----------------------------------------
-----------------------------------------
| rollout/                |             |
|    ep_len_mean          | 1.77e+03    |
|    ep_rew_mean          | 45.7        |
| time/                   |             |
|    fps                  | 370         |
|    iterations           | 13          |
|    time_elapsed         | 863         |
|    total_timesteps      | 319488      |
| train/                  |             |
|    approx_kl            | 0.009264522 |
|    clip_fraction        | 0.0671      |
|    clip_range           | 0.2         |
|    entropy_loss         | -2.11       |
|    explained_variance   | 0.908       |
|    learning_rate        | 0.0003      |
|    loss                 | 0.0507      |
|    n_updates            | 60          |
|    policy_gradient_loss | -0.00513    |
|    value_loss           | 0.14        |
-----------------------------------------
------------------------------------------
| rollout/                |              |
|    ep_len_mean          | 756          |
|    ep_rew_mean          | 120          |
| time/                   |              |
|    fps                  | 369          |
|    iterations           | 14           |
|    time_elapsed         | 930          |
|    total_timesteps      | 344064       |
| train/                  |              |
|    approx_kl            | 0.0085523175 |
|    clip_fraction        | 0.0685       |
|    clip_range           | 0.2          |
|    entropy_loss         | -2.1         |
|    explained_variance   | 0.941        |
|    learning_rate        | 0.0003       |
|    loss                 | 0.0195       |
|    n_updates            | 65           |
|    policy_gradient_loss | -0.00457     |
|    value_loss           | 0.16         |
------------------------------------------
------------------------------------------
| rollout/                |              |
|    ep_len_mean          | 621          |
|    ep_rew_mean          | 124          |
| time/                   |              |
|    fps                  | 369          |
|    iterations           | 15           |
|    time_elapsed         | 997          |
|    total_timesteps      | 368640       |
| train/                  |              |
|    approx_kl            | 0.0084684165 |
|    clip_fraction        | 0.0717       |
|    clip_range           | 0.2          |
|    entropy_loss         | -2.02        |
|    explained_variance   | 0.948        |
|    learning_rate        | 0.0003       |
|    loss                 | 0.0393       |
|    n_updates            | 70           |
|    policy_gradient_loss | -0.00599     |
|    value_loss           | 0.211        |
------------------------------------------
-----------------------------------------
| rollout/                |             |
|    ep_len_mean          | 277         |
|    ep_rew_mean          | 125         |
| time/                   |             |
|    fps                  | 370         |
|    iterations           | 16          |
|    time_elapsed         | 1062        |
|    total_timesteps      | 393216      |
| train/                  |             |
|    approx_kl            | 0.010122716 |
|    clip_fraction        | 0.0869      |
|    clip_range           | 0.2         |
|    entropy_loss         | -2.05       |
|    explained_variance   | 0.946       |
|    learning_rate        | 0.0003      |
|    loss                 | 0.0855      |
|    n_updates            | 75          |
|    policy_gradient_loss | -0.00509    |
|    value_loss           | 0.172       |
-----------------------------------------
-----------------------------------------
| rollout/                |             |
|    ep_len_mean          | 256         |
|    ep_rew_mean          | 123         |
| time/                   |             |
|    fps                  | 370         |
|    iterations           | 17          |
|    time_elapsed         | 1128        |
|    total_timesteps      | 417792      |
| train/                  |             |
|    approx_kl            | 0.011825267 |
|    clip_fraction        | 0.0987      |
|    clip_range           | 0.2         |
|    entropy_loss         | -1.92       |
|    explained_variance   | 0.973       |
|    learning_rate        | 0.0003      |
|    loss                 | 0.0235      |
|    n_updates            | 80          |
|    policy_gradient_loss | -0.00702    |
|    value_loss           | 0.117       |
-----------------------------------------
-----------------------------------------
| rollout/                |             |
|    ep_len_mean          | 156         |
|    ep_rew_mean          | 123         |
| time/                   |             |
|    fps                  | 370         |
|    iterations           | 18          |
|    time_elapsed         | 1194        |
|    total_timesteps      | 442368      |
| train/                  |             |
|    approx_kl            | 0.009247708 |
|    clip_fraction        | 0.0781      |
|    clip_range           | 0.2         |
|    entropy_loss         | -1.87       |
|    explained_variance   | 0.944       |
|    learning_rate        | 0.0003      |
|    loss                 | 0.0227      |
|    n_updates            | 85          |
|    policy_gradient_loss | -0.0056     |
|    value_loss           | 0.142       |
-----------------------------------------
-----------------------------------------
| rollout/                |             |
|    ep_len_mean          | 141         |
|    ep_rew_mean          | 122         |
| time/                   |             |
|    fps                  | 370         |
|    iterations           | 19          |
|    time_elapsed         | 1260        |
|    total_timesteps      | 466944      |
| train/                  |             |
|    approx_kl            | 0.008530788 |
|    clip_fraction        | 0.0773      |
|    clip_range           | 0.2         |
|    entropy_loss         | -1.82       |
|    explained_variance   | 0.977       |
|    learning_rate        | 0.0003      |
|    loss                 | 0.0208      |
|    n_updates            | 90          |
|    policy_gradient_loss | -0.00421    |
|    value_loss           | 0.0904      |
-----------------------------------------
-----------------------------------------
| rollout/                |             |
|    ep_len_mean          | 123         |
|    ep_rew_mean          | 123         |
| time/                   |             |
|    fps                  | 370         |
|    iterations           | 20          |
|    time_elapsed         | 1327        |
|    total_timesteps      | 491520      |
| train/                  |             |
|    approx_kl            | 0.010199117 |
|    clip_fraction        | 0.111       |
|    clip_range           | 0.2         |
|    entropy_loss         | -1.79       |
|    explained_variance   | 0.988       |
|    learning_rate        | 0.0003      |
|    loss                 | -0.00773    |
|    n_updates            | 95          |
|    policy_gradient_loss | -0.00667    |
|    value_loss           | 0.057       |
-----------------------------------------
[Checkpoint] Saved at 500000 steps > /home/runner/work/Disciples2-RL/Disciples2-RL/github_experiments/134/default/blue_dragon/seed134-default-blue_dragon-33816903453-1/checkpoints/campaign_ppo_step_500000.zip
-----------------------------------------
| rollout/                |             |
|    ep_len_mean          | 81.1        |
|    ep_rew_mean          | 122         |
| time/                   |             |
|    fps                  | 369         |
|    iterations           | 21          |
|    time_elapsed         | 1396        |
|    total_timesteps      | 516096      |
| train/                  |             |
|    approx_kl            | 0.009704654 |
|    clip_fraction        | 0.106       |
|    clip_range           | 0.2         |
|    entropy_loss         | -1.67       |
|    explained_variance   | 0.966       |
|    learning_rate        | 0.0003      |
|    loss                 | 0.0157      |
|    n_updates            | 100         |
|    policy_gradient_loss | -0.00715    |
|    value_loss           | 0.103       |
-----------------------------------------
-----------------------------------------
| rollout/                |             |
|    ep_len_mean          | 68.1        |
|    ep_rew_mean          | 122         |
| time/                   |             |
|    fps                  | 369         |
|    iterations           | 22          |
|    time_elapsed         | 1465        |
|    total_timesteps      | 540672      |
| train/                  |             |
|    approx_kl            | 0.010666095 |
|    clip_fraction        | 0.121       |
|    clip_range           | 0.2         |
|    entropy_loss         | -1.57       |
|    explained_variance   | 0.971       |
|    learning_rate        | 0.0003      |
|    loss                 | 0.00216     |
|    n_updates            | 105         |
|    policy_gradient_loss | -0.00796    |
|    value_loss           | 0.0569      |
-----------------------------------------
------------------------------------------
| rollout/                |              |
|    ep_len_mean          | 67.4         |
|    ep_rew_mean          | 123          |
| time/                   |              |
|    fps                  | 368          |
|    iterations           | 23           |
|    time_elapsed         | 1534         |
|    total_timesteps      | 565248       |
| train/                  |              |
|    approx_kl            | 0.0106352465 |
|    clip_fraction        | 0.141        |
|    clip_range           | 0.2          |
|    entropy_loss         | -1.51        |
|    explained_variance   | 0.989        |
|    learning_rate        | 0.0003       |
|    loss                 | -0.0109      |
|    n_updates            | 110          |
|    policy_gradient_loss | -0.00984     |
|    value_loss           | 0.0217       |
------------------------------------------
-----------------------------------------
| rollout/                |             |
|    ep_len_mean          | 108         |
|    ep_rew_mean          | 120         |
| time/                   |             |
|    fps                  | 368         |
|    iterations           | 24          |
|    time_elapsed         | 1602        |
|    total_timesteps      | 589824      |
| train/                  |             |
|    approx_kl            | 0.011888519 |
|    clip_fraction        | 0.135       |
|    clip_range           | 0.2         |
|    entropy_loss         | -1.49       |
|    explained_variance   | 0.988       |
|    learning_rate        | 0.0003      |
|    loss                 | -0.0148     |
|    n_updates            | 115         |
|    policy_gradient_loss | -0.00993    |
|    value_loss           | 0.0226      |
-----------------------------------------
-----------------------------------------
| rollout/                |             |
|    ep_len_mean          | 58.6        |
|    ep_rew_mean          | 124         |
| time/                   |             |
|    fps                  | 367         |
|    iterations           | 25          |
|    time_elapsed         | 1669        |
|    total_timesteps      | 614400      |
| train/                  |             |
|    approx_kl            | 0.011883517 |
|    clip_fraction        | 0.151       |
|    clip_range           | 0.2         |
|    entropy_loss         | -1.39       |
|    explained_variance   | 0.993       |
|    learning_rate        | 0.0003      |
|    loss                 | -0.0267     |
|    n_updates            | 120         |
|    policy_gradient_loss | -0.0141     |
|    value_loss           | 0.0132      |
-----------------------------------------
----------------------------------------
| rollout/                |            |
|    ep_len_mean          | 60.4       |
|    ep_rew_mean          | 124        |
| time/                   |            |
|    fps                  | 367        |
|    iterations           | 26         |
|    time_elapsed         | 1738       |
|    total_timesteps      | 638976     |
| train/                  |            |
|    approx_kl            | 0.01041985 |
|    clip_fraction        | 0.137      |
|    clip_range           | 0.2        |
|    entropy_loss         | -1.28      |
|    explained_variance   | 0.926      |
|    learning_rate        | 0.0003     |
|    loss                 | -0.0152    |
|    n_updates            | 125        |
|    policy_gradient_loss | -0.0107    |
|    value_loss           | 0.0256     |
----------------------------------------
-----------------------------------------
| rollout/                |             |
|    ep_len_mean          | 52.8        |
|    ep_rew_mean          | 124         |
| time/                   |             |
|    fps                  | 367         |
|    iterations           | 27          |
|    time_elapsed         | 1806        |
|    total_timesteps      | 663552      |
| train/                  |             |
|    approx_kl            | 0.010033425 |
|    clip_fraction        | 0.148       |
|    clip_range           | 0.2         |
|    entropy_loss         | -1.18       |
|    explained_variance   | 0.935       |
|    learning_rate        | 0.0003      |
|    loss                 | -0.0155     |
|    n_updates            | 130         |
|    policy_gradient_loss | -0.0102     |
|    value_loss           | 0.028       |
-----------------------------------------
-----------------------------------------
| rollout/                |             |
|    ep_len_mean          | 50          |
|    ep_rew_mean          | 124         |
| time/                   |             |
|    fps                  | 367         |
|    iterations           | 28          |
|    time_elapsed         | 1873        |
|    total_timesteps      | 688128      |
| train/                  |             |
|    approx_kl            | 0.010206341 |
|    clip_fraction        | 0.141       |
|    clip_range           | 0.2         |
|    entropy_loss         | -1.1        |
|    explained_variance   | 0.934       |
|    learning_rate        | 0.0003      |
|    loss                 | -0.0221     |
|    n_updates            | 135         |
|    policy_gradient_loss | -0.0108     |
|    value_loss           | 0.0223      |
-----------------------------------------
-----------------------------------------
| rollout/                |             |
|    ep_len_mean          | 48          |
|    ep_rew_mean          | 125         |
| time/                   |             |
|    fps                  | 366         |
|    iterations           | 29          |
|    time_elapsed         | 1943        |
|    total_timesteps      | 712704      |
| train/                  |             |
|    approx_kl            | 0.010291214 |
|    clip_fraction        | 0.154       |
|    clip_range           | 0.2         |
|    entropy_loss         | -0.938      |
|    explained_variance   | 0.585       |
|    learning_rate        | 0.0003      |
|    loss                 | -0.0146     |
|    n_updates            | 140         |
|    policy_gradient_loss | -0.0131     |
|    value_loss           | 0.0064      |
-----------------------------------------
----------------------------------------
| rollout/                |            |
|    ep_len_mean          | 47.7       |
|    ep_rew_mean          | 124        |
| time/                   |            |
|    fps                  | 366        |
|    iterations           | 30         |
|    time_elapsed         | 2010       |
|    total_timesteps      | 737280     |
| train/                  |            |
|    approx_kl            | 0.00846463 |
|    clip_fraction        | 0.118      |
|    clip_range           | 0.2        |
|    entropy_loss         | -0.837     |
|    explained_variance   | 0.681      |
|    learning_rate        | 0.0003     |
|    loss                 | -0.0163    |
|    n_updates            | 145        |
|    policy_gradient_loss | -0.012     |
|    value_loss           | 0.005      |
----------------------------------------
-----------------------------------------
| rollout/                |             |
|    ep_len_mean          | 46.3        |
|    ep_rew_mean          | 125         |
| time/                   |             |
|    fps                  | 366         |
|    iterations           | 31          |
|    time_elapsed         | 2077        |
|    total_timesteps      | 761856      |
| train/                  |             |
|    approx_kl            | 0.007973682 |
|    clip_fraction        | 0.109       |
|    clip_range           | 0.2         |
|    entropy_loss         | -0.758      |
|    explained_variance   | 0.657       |
|    learning_rate        | 0.0003      |
|    loss                 | -0.0154     |
|    n_updates            | 150         |
|    policy_gradient_loss | -0.00978    |
|    value_loss           | 0.00547     |
-----------------------------------------
------------------------------------------
| rollout/                |              |
|    ep_len_mean          | 45.5         |
|    ep_rew_mean          | 125          |
| time/                   |              |
|    fps                  | 366          |
|    iterations           | 32           |
|    time_elapsed         | 2146         |
|    total_timesteps      | 786432       |
| train/                  |              |
|    approx_kl            | 0.0061529167 |
|    clip_fraction        | 0.0837       |
|    clip_range           | 0.2          |
|    entropy_loss         | -0.708       |
|    explained_variance   | 0.676        |
|    learning_rate        | 0.0003       |
|    loss                 | -0.0198      |
|    n_updates            | 155          |
|    policy_gradient_loss | -0.00599     |
|    value_loss           | 0.00599      |
------------------------------------------
-----------------------------------------
| rollout/                |             |
|    ep_len_mean          | 44.7        |
|    ep_rew_mean          | 126         |
| time/                   |             |
|    fps                  | 366         |
|    iterations           | 33          |
|    time_elapsed         | 2214        |
|    total_timesteps      | 811008      |
| train/                  |             |
|    approx_kl            | 0.007208332 |
|    clip_fraction        | 0.0864      |
|    clip_range           | 0.2         |
|    entropy_loss         | -0.664      |
|    explained_variance   | 0.642       |
|    learning_rate        | 0.0003      |
|    loss                 | -0.0156     |
|    n_updates            | 160         |
|    policy_gradient_loss | -0.00732    |
|    value_loss           | 0.00699     |
-----------------------------------------
-----------------------------------------
| rollout/                |             |
|    ep_len_mean          | 45.4        |
|    ep_rew_mean          | 126         |
| time/                   |             |
|    fps                  | 365         |
|    iterations           | 34          |
|    time_elapsed         | 2283        |
|    total_timesteps      | 835584      |
| train/                  |             |
|    approx_kl            | 0.006549356 |
|    clip_fraction        | 0.0771      |
|    clip_range           | 0.2         |
|    entropy_loss         | -0.628      |
|    explained_variance   | 0.7         |
|    learning_rate        | 0.0003      |
|    loss                 | -0.00701    |
|    n_updates            | 165         |
|    policy_gradient_loss | -0.00759    |
|    value_loss           | 0.0052      |
-----------------------------------------
------------------------------------------
| rollout/                |              |
|    ep_len_mean          | 44.8         |
|    ep_rew_mean          | 127          |
| time/                   |              |
|    fps                  | 365          |
|    iterations           | 35           |
|    time_elapsed         | 2350         |
|    total_timesteps      | 860160       |
| train/                  |              |
|    approx_kl            | 0.0053193658 |
|    clip_fraction        | 0.0825       |
|    clip_range           | 0.2          |
|    entropy_loss         | -0.572       |
|    explained_variance   | 0.736        |
|    learning_rate        | 0.0003       |
|    loss                 | -0.00702     |
|    n_updates            | 170          |
|    policy_gradient_loss | -0.00911     |
|    value_loss           | 0.00508      |
------------------------------------------
------------------------------------------
| rollout/                |              |
|    ep_len_mean          | 45.2         |
|    ep_rew_mean          | 128          |
| time/                   |              |
|    fps                  | 366          |
|    iterations           | 36           |
|    time_elapsed         | 2417         |
|    total_timesteps      | 884736       |
| train/                  |              |
|    approx_kl            | 0.0057253446 |
|    clip_fraction        | 0.078        |
|    clip_range           | 0.2          |
|    entropy_loss         | -0.547       |
|    explained_variance   | 0.738        |
|    learning_rate        | 0.0003       |
|    loss                 | -0.0128      |
|    n_updates            | 175          |
|    policy_gradient_loss | -0.00932     |
|    value_loss           | 0.00534      |
------------------------------------------
-----------------------------------------
| rollout/                |             |
|    ep_len_mean          | 46.2        |
|    ep_rew_mean          | 129         |
| time/                   |             |
|    fps                  | 366         |
|    iterations           | 37          |
|    time_elapsed         | 2484        |
|    total_timesteps      | 909312      |
| train/                  |             |
|    approx_kl            | 0.006342765 |
|    clip_fraction        | 0.0804      |
|    clip_range           | 0.2         |
|    entropy_loss         | -0.527      |
|    explained_variance   | 0.76        |
|    learning_rate        | 0.0003      |
|    loss                 | -0.0217     |
|    n_updates            | 180         |
|    policy_gradient_loss | -0.00985    |
|    value_loss           | 0.00565     |
-----------------------------------------
-----------------------------------------
| rollout/                |             |
|    ep_len_mean          | 52.5        |
|    ep_rew_mean          | 132         |
| time/                   |             |
|    fps                  | 365         |
|    iterations           | 38          |
|    time_elapsed         | 2552        |
|    total_timesteps      | 933888      |
| train/                  |             |
|    approx_kl            | 0.008225159 |
|    clip_fraction        | 0.0758      |
|    clip_range           | 0.2         |
|    entropy_loss         | -0.576      |
|    explained_variance   | 0.912       |
|    learning_rate        | 0.0003      |
|    loss                 | -0.00191    |
|    n_updates            | 185         |
|    policy_gradient_loss | -0.00695    |
|    value_loss           | 0.00831     |
-----------------------------------------
-----------------------------------------
| rollout/                |             |
|    ep_len_mean          | 48.7        |
|    ep_rew_mean          | 133         |
| time/                   |             |
|    fps                  | 365         |
|    iterations           | 39          |
|    time_elapsed         | 2620        |
|    total_timesteps      | 958464      |
| train/                  |             |
|    approx_kl            | 0.012574867 |
|    clip_fraction        | 0.0845      |
|    clip_range           | 0.2         |
|    entropy_loss         | -0.748      |
|    explained_variance   | 0.97        |
|    learning_rate        | 0.0003      |
|    loss                 | -0.0246     |
|    n_updates            | 190         |
|    policy_gradient_loss | -0.00496    |
|    value_loss           | 0.0097      |
-----------------------------------------
-----------------------------------------
| rollout/                |             |
|    ep_len_mean          | 50.7        |
|    ep_rew_mean          | 134         |
| time/                   |             |
|    fps                  | 365         |
|    iterations           | 40          |
|    time_elapsed         | 2686        |
|    total_timesteps      | 983040      |
| train/                  |             |
|    approx_kl            | 0.008994553 |
|    clip_fraction        | 0.0663      |
|    clip_range           | 0.2         |
|    entropy_loss         | -0.714      |
|    explained_variance   | 0.983       |
|    learning_rate        | 0.0003      |
|    loss                 | 0.00127     |
|    n_updates            | 195         |
|    policy_gradient_loss | -0.00444    |
|    value_loss           | 0.0109      |
-----------------------------------------
[Checkpoint] Saved at 1000000 steps > /home/runner/work/Disciples2-RL/Disciples2-RL/github_experiments/134/default/blue_dragon/seed134-default-blue_dragon-33816903453-1/checkpoints/campaign_ppo_step_1000000.zip
Eval num_timesteps=1000008, det_reward=135.82 +/- 0.01
Episode length: det=48.55 +/- 0.80
Victory rate: det=100.00%
-------------------------------------------------
| eval/                           |             |
|    deterministic_mean_ep_length | 48.5        |
|    deterministic_mean_reward    | 136         |
|    deterministic_victory_rate   | 1           |
|    mean_ep_length               | 48.5        |
|    mean_reward                  | 136         |
|    victory_rate                 | 1           |
| time/                           |             |
|    total_timesteps              | 1000008     |
| train/                          |             |
|    approx_kl                    | 0.007654779 |
|    clip_fraction                | 0.0713      |
|    clip_range                   | 0.2         |
|    entropy_loss                 | -0.898      |
|    explained_variance           | 0.99        |
|    learning_rate                | 0.0003      |
|    loss                         | -0.0204     |
|    n_updates                    | 200         |
|    policy_gradient_loss         | -0.0039     |
|    value_loss                   | 0.00907     |
-------------------------------------------------
New best model by deterministic victory rate!
---------------------------------
| rollout/           |          |
|    ep_len_mean     | 94.3     |
|    ep_rew_mean     | 130      |
| time/              |          |
|    fps             | 365      |
|    iterations      | 41       |
|    time_elapsed    | 2759     |
|    total_timesteps | 1007616  |
---------------------------------
VecNormalize stats saved: /home/runner/work/Disciples2-RL/Disciples2-RL/github_experiments/134/default/blue_dragon/seed134-default-blue_dragon-33816903453-1/models/vecnormalize.pkl

Финальная модель сохранена: /home/runner/work/Disciples2-RL/Disciples2-RL/github_experiments/134/default/blue_dragon/seed134-default-blue_dragon-33816903453-1/models/final_model.zip

============================================================
ИТОГИ ОБУЧЕНИЯ:
  Побед: 10274
  Поражений: 8
  Таймаутов: 37
  Побед бота столицы над врагами: 0
  Перестановок юнитов: 166007
  Терминальные поражения по противникам:
    enemy_75: 8 — Страж столицы Империи: Мизраэль
  Winrate: 99.6%
============================================================
  График призывов за эпизод: /home/runner/work/Disciples2-RL/Disciples2-RL/github_experiments/134/default/blue_dragon/seed134-default-blue_dragon-33816903453-1/plots/campaign_summoned_units_per_episode.png
  График призывов за всё обучение: /home/runner/work/Disciples2-RL/Disciples2-RL/github_experiments/134/default/blue_dragon/seed134-default-blue_dragon-33816903453-1/plots/campaign_summoned_units_cumulative.png
  График найма за эпизод: /home/runner/work/Disciples2-RL/Disciples2-RL/github_experiments/134/default/blue_dragon/seed134-default-blue_dragon-33816903453-1/plots/campaign_hired_units_per_episode.png
  График найма за всё обучение: /home/runner/work/Disciples2-RL/Disciples2-RL/github_experiments/134/default/blue_dragon/seed134-default-blue_dragon-33816903453-1/plots/campaign_hired_units_cumulative.png
  График перестановок юнитов за эпизод: /home/runner/work/Disciples2-RL/Disciples2-RL/github_experiments/134/default/blue_dragon/seed134-default-blue_dragon-33816903453-1/plots/campaign_unit_swaps_per_episode.png
  График боевых предметов: /home/runner/work/Disciples2-RL/Disciples2-RL/github_experiments/134/default/blue_dragon/seed134-default-blue_dragon-33816903453-1/plots/campaign_battle_item_activity.png
  График побед бота столицы за эпизод: /home/runner/work/Disciples2-RL/Disciples2-RL/github_experiments/134/default/blue_dragon/seed134-default-blue_dragon-33816903453-1/plots/campaign_scripted_bot_victories_per_episode.png
  График применения заклинаний: /home/runner/work/Disciples2-RL/Disciples2-RL/github_experiments/134/default/blue_dragon/seed134-default-blue_dragon-33816903453-1/plots/campaign_spell_cast_activity.png
