Проверка среды CampaignEnv...
Среда прошла проверку!
[INFO] Comet disabled, running without experiment tracking
Создание 12 параллельных сред (subproc)...
Инициализация MaskablePPO...
Using cpu device

============================================================
Запуск обучения Campaign Agent
Всего шагов: 1,000,000
Параллельных сред: 12
VecEnv: subproc
VecEnv start method: forkserver
Seed: 137
Checkpoint каждые: 500,000 шагов
Evaluation каждые: 83,334 шагов
Eval deterministic эпизодов: 20
Eval stochastic эпизодов: 0
Eval лимит шагов на эпизод: 5000
Campaign map: small
Campaign objective: cities
System resources at training start:
  Platform: Linux 6.17.0-1022-azure (x86_64)
  Python: 3.14.7
  PyTorch: 2.14.0+cpu
  Training device: cpu
  CPU model: AMD EPYC 7763 64-Core Processor
  CPU vendor: AuthenticAMD
  Logical CPUs visible: 4
  Process CPU affinity: 4
  Sockets: 1
  Cores per socket: 2
  Threads per core: 2
  CPU max MHz: unknown
  CPU min MHz: unknown
  L1d cache: 64 KiB (2 instances)
  L1i cache: 64 KiB (2 instances)
  L2 cache: 1 MiB (2 instances)
  L3 cache: 32 MiB (1 instance)
  Virtualization: AMD-V
  Hypervisor: Microsoft
  RAM total: 15.61 GiB
  RAM available at start: 13.89 GiB
  Disk total: 144.26 GiB
  Disk free at start: 74.83 GiB
  Torch intra-op threads: 4
  Torch inter-op threads: 2
  OMP_NUM_THREADS: 4
  MKL_NUM_THREADS: 4
  OPENBLAS_NUM_THREADS: 4
  GitHub runner OS: Linux
  GitHub runner architecture: X64
  GitHub runner environment: github-hosted
PPO n_steps: 2,048
PPO batch_size: 512
PPO n_epochs: 5
PPO learning_rate: 0.0003
PPO clip_range: 0.2
PPO ent_coef: 0.01
PPO gamma: 0.995
PPO gae_lambda: 0.95
PPO target_kl: disabled
PPO gradient batches per rollout: 240
VecCheckNan: disabled
Freeze action layout: enabled
Empire territory: enabled
Torch threads per process: 4
Diagnostics: disabled
Wall-clock training limit: disabled
Run ID: seed137-small-cities-35151636320-1
============================================================

Logging to /home/runner/work/Disciples2-RL/Disciples2-RL/github_experiments/137/small/cities/seed137-small-cities-35151636320-1/tensorboard/MaskablePPO_1
---------------------------------
| rollout/           |          |
|    ep_len_mean     | 109      |
|    ep_rew_mean     | -5.53    |
| time/              |          |
|    fps             | 487      |
|    iterations      | 1        |
|    time_elapsed    | 50       |
|    total_timesteps | 24576    |
---------------------------------
----------------------------------------
| rollout/                |            |
|    ep_len_mean          | 126        |
|    ep_rew_mean          | -3.2       |
| time/                   |            |
|    fps                  | 476        |
|    iterations           | 2          |
|    time_elapsed         | 103        |
|    total_timesteps      | 49152      |
| train/                  |            |
|    approx_kl            | 0.01084257 |
|    clip_fraction        | 0.101      |
|    clip_range           | 0.2        |
|    entropy_loss         | -2.24      |
|    explained_variance   | -0.315     |
|    learning_rate        | 0.0003     |
|    loss                 | 0.121      |
|    n_updates            | 5          |
|    policy_gradient_loss | -0.00753   |
|    value_loss           | 0.5        |
----------------------------------------
-----------------------------------------
| rollout/                |             |
|    ep_len_mean          | 151         |
|    ep_rew_mean          | -2.49       |
| time/                   |             |
|    fps                  | 469         |
|    iterations           | 3           |
|    time_elapsed         | 156         |
|    total_timesteps      | 73728       |
| train/                  |             |
|    approx_kl            | 0.010624857 |
|    clip_fraction        | 0.13        |
|    clip_range           | 0.2         |
|    entropy_loss         | -2.2        |
|    explained_variance   | 0.513       |
|    learning_rate        | 0.0003      |
|    loss                 | 0.0246      |
|    n_updates            | 10          |
|    policy_gradient_loss | -0.0124     |
|    value_loss           | 0.142       |
-----------------------------------------
-----------------------------------------
| rollout/                |             |
|    ep_len_mean          | 242         |
|    ep_rew_mean          | -6.61       |
| time/                   |             |
|    fps                  | 463         |
|    iterations           | 4           |
|    time_elapsed         | 211         |
|    total_timesteps      | 98304       |
| train/                  |             |
|    approx_kl            | 0.011743523 |
|    clip_fraction        | 0.117       |
|    clip_range           | 0.2         |
|    entropy_loss         | -2.13       |
|    explained_variance   | 0.685       |
|    learning_rate        | 0.0003      |
|    loss                 | 0.00873     |
|    n_updates            | 15          |
|    policy_gradient_loss | -0.0117     |
|    value_loss           | 0.0816      |
-----------------------------------------
----------------------------------------
| rollout/                |            |
|    ep_len_mean          | 279        |
|    ep_rew_mean          | -5.65      |
| time/                   |            |
|    fps                  | 458        |
|    iterations           | 5          |
|    time_elapsed         | 267        |
|    total_timesteps      | 122880     |
| train/                  |            |
|    approx_kl            | 0.01057931 |
|    clip_fraction        | 0.101      |
|    clip_range           | 0.2        |
|    entropy_loss         | -2.07      |
|    explained_variance   | 0.847      |
|    learning_rate        | 0.0003     |
|    loss                 | -0.00919   |
|    n_updates            | 20         |
|    policy_gradient_loss | -0.00881   |
|    value_loss           | 0.0536     |
----------------------------------------
-----------------------------------------
| rollout/                |             |
|    ep_len_mean          | 220         |
|    ep_rew_mean          | 3.08        |
| time/                   |             |
|    fps                  | 457         |
|    iterations           | 6           |
|    time_elapsed         | 322         |
|    total_timesteps      | 147456      |
| train/                  |             |
|    approx_kl            | 0.009339145 |
|    clip_fraction        | 0.0872      |
|    clip_range           | 0.2         |
|    entropy_loss         | -2.08       |
|    explained_variance   | 0.86        |
|    learning_rate        | 0.0003      |
|    loss                 | -0.00694    |
|    n_updates            | 25          |
|    policy_gradient_loss | -0.0075     |
|    value_loss           | 0.0488      |
-----------------------------------------
-----------------------------------------
| rollout/                |             |
|    ep_len_mean          | 179         |
|    ep_rew_mean          | 6.22        |
| time/                   |             |
|    fps                  | 457         |
|    iterations           | 7           |
|    time_elapsed         | 375         |
|    total_timesteps      | 172032      |
| train/                  |             |
|    approx_kl            | 0.009612198 |
|    clip_fraction        | 0.106       |
|    clip_range           | 0.2         |
|    entropy_loss         | -2.02       |
|    explained_variance   | 0.862       |
|    learning_rate        | 0.0003      |
|    loss                 | -0.00539    |
|    n_updates            | 30          |
|    policy_gradient_loss | -0.00981    |
|    value_loss           | 0.0486      |
-----------------------------------------
-----------------------------------------
| rollout/                |             |
|    ep_len_mean          | 184         |
|    ep_rew_mean          | 8.64        |
| time/                   |             |
|    fps                  | 457         |
|    iterations           | 8           |
|    time_elapsed         | 429         |
|    total_timesteps      | 196608      |
| train/                  |             |
|    approx_kl            | 0.009556451 |
|    clip_fraction        | 0.108       |
|    clip_range           | 0.2         |
|    entropy_loss         | -1.99       |
|    explained_variance   | 0.814       |
|    learning_rate        | 0.0003      |
|    loss                 | 0.00552     |
|    n_updates            | 35          |
|    policy_gradient_loss | -0.00982    |
|    value_loss           | 0.0533      |
-----------------------------------------
-----------------------------------------
| rollout/                |             |
|    ep_len_mean          | 178         |
|    ep_rew_mean          | 12.3        |
| time/                   |             |
|    fps                  | 458         |
|    iterations           | 9           |
|    time_elapsed         | 482         |
|    total_timesteps      | 221184      |
| train/                  |             |
|    approx_kl            | 0.009190358 |
|    clip_fraction        | 0.094       |
|    clip_range           | 0.2         |
|    entropy_loss         | -1.95       |
|    explained_variance   | 0.814       |
|    learning_rate        | 0.0003      |
|    loss                 | -0.00306    |
|    n_updates            | 40          |
|    policy_gradient_loss | -0.00907    |
|    value_loss           | 0.0473      |
-----------------------------------------
-----------------------------------------
| rollout/                |             |
|    ep_len_mean          | 163         |
|    ep_rew_mean          | 13.5        |
| time/                   |             |
|    fps                  | 459         |
|    iterations           | 10          |
|    time_elapsed         | 535         |
|    total_timesteps      | 245760      |
| train/                  |             |
|    approx_kl            | 0.008847005 |
|    clip_fraction        | 0.0869      |
|    clip_range           | 0.2         |
|    entropy_loss         | -1.88       |
|    explained_variance   | 0.759       |
|    learning_rate        | 0.0003      |
|    loss                 | -0.00362    |
|    n_updates            | 45          |
|    policy_gradient_loss | -0.00749    |
|    value_loss           | 0.0614      |
-----------------------------------------
-----------------------------------------
| rollout/                |             |
|    ep_len_mean          | 151         |
|    ep_rew_mean          | 15.1        |
| time/                   |             |
|    fps                  | 460         |
|    iterations           | 11          |
|    time_elapsed         | 587         |
|    total_timesteps      | 270336      |
| train/                  |             |
|    approx_kl            | 0.008638788 |
|    clip_fraction        | 0.0892      |
|    clip_range           | 0.2         |
|    entropy_loss         | -1.83       |
|    explained_variance   | 0.741       |
|    learning_rate        | 0.0003      |
|    loss                 | -0.000668   |
|    n_updates            | 50          |
|    policy_gradient_loss | -0.00761    |
|    value_loss           | 0.0596      |
-----------------------------------------
-----------------------------------------
| rollout/                |             |
|    ep_len_mean          | 185         |
|    ep_rew_mean          | 12.9        |
| time/                   |             |
|    fps                  | 460         |
|    iterations           | 12          |
|    time_elapsed         | 640         |
|    total_timesteps      | 294912      |
| train/                  |             |
|    approx_kl            | 0.007519228 |
|    clip_fraction        | 0.0703      |
|    clip_range           | 0.2         |
|    entropy_loss         | -1.82       |
|    explained_variance   | 0.746       |
|    learning_rate        | 0.0003      |
|    loss                 | 0.00483     |
|    n_updates            | 55          |
|    policy_gradient_loss | -0.00592    |
|    value_loss           | 0.0573      |
-----------------------------------------
-----------------------------------------
| rollout/                |             |
|    ep_len_mean          | 183         |
|    ep_rew_mean          | 13.1        |
| time/                   |             |
|    fps                  | 461         |
|    iterations           | 13          |
|    time_elapsed         | 692         |
|    total_timesteps      | 319488      |
| train/                  |             |
|    approx_kl            | 0.007786034 |
|    clip_fraction        | 0.0798      |
|    clip_range           | 0.2         |
|    entropy_loss         | -1.81       |
|    explained_variance   | 0.781       |
|    learning_rate        | 0.0003      |
|    loss                 | -0.0132     |
|    n_updates            | 60          |
|    policy_gradient_loss | -0.00599    |
|    value_loss           | 0.0585      |
-----------------------------------------
------------------------------------------
| rollout/                |              |
|    ep_len_mean          | 166          |
|    ep_rew_mean          | 17.5         |
| time/                   |              |
|    fps                  | 461          |
|    iterations           | 14           |
|    time_elapsed         | 745          |
|    total_timesteps      | 344064       |
| train/                  |              |
|    approx_kl            | 0.0078121293 |
|    clip_fraction        | 0.0681       |
|    clip_range           | 0.2          |
|    entropy_loss         | -1.78        |
|    explained_variance   | 0.775        |
|    learning_rate        | 0.0003       |
|    loss                 | 0.00283      |
|    n_updates            | 65           |
|    policy_gradient_loss | -0.0057      |
|    value_loss           | 0.0734       |
------------------------------------------
-----------------------------------------
| rollout/                |             |
|    ep_len_mean          | 182         |
|    ep_rew_mean          | 18.5        |
| time/                   |             |
|    fps                  | 461         |
|    iterations           | 15          |
|    time_elapsed         | 798         |
|    total_timesteps      | 368640      |
| train/                  |             |
|    approx_kl            | 0.006548248 |
|    clip_fraction        | 0.0553      |
|    clip_range           | 0.2         |
|    entropy_loss         | -1.81       |
|    explained_variance   | 0.804       |
|    learning_rate        | 0.0003      |
|    loss                 | 0.00532     |
|    n_updates            | 70          |
|    policy_gradient_loss | -0.00487    |
|    value_loss           | 0.0735      |
-----------------------------------------
------------------------------------------
| rollout/                |              |
|    ep_len_mean          | 253          |
|    ep_rew_mean          | 13.2         |
| time/                   |              |
|    fps                  | 459          |
|    iterations           | 16           |
|    time_elapsed         | 855          |
|    total_timesteps      | 393216       |
| train/                  |              |
|    approx_kl            | 0.0076941475 |
|    clip_fraction        | 0.0643       |
|    clip_range           | 0.2          |
|    entropy_loss         | -1.83        |
|    explained_variance   | 0.881        |
|    learning_rate        | 0.0003       |
|    loss                 | 0.0103       |
|    n_updates            | 75           |
|    policy_gradient_loss | -0.00439     |
|    value_loss           | 0.0535       |
------------------------------------------
-----------------------------------------
| rollout/                |             |
|    ep_len_mean          | 215         |
|    ep_rew_mean          | 16          |
| time/                   |             |
|    fps                  | 458         |
|    iterations           | 17          |
|    time_elapsed         | 910         |
|    total_timesteps      | 417792      |
| train/                  |             |
|    approx_kl            | 0.007994398 |
|    clip_fraction        | 0.0706      |
|    clip_range           | 0.2         |
|    entropy_loss         | -1.86       |
|    explained_variance   | 0.861       |
|    learning_rate        | 0.0003      |
|    loss                 | -4.72e-05   |
|    n_updates            | 80          |
|    policy_gradient_loss | -0.00605    |
|    value_loss           | 0.0623      |
-----------------------------------------
-----------------------------------------
| rollout/                |             |
|    ep_len_mean          | 219         |
|    ep_rew_mean          | 23.6        |
| time/                   |             |
|    fps                  | 457         |
|    iterations           | 18          |
|    time_elapsed         | 966         |
|    total_timesteps      | 442368      |
| train/                  |             |
|    approx_kl            | 0.007905707 |
|    clip_fraction        | 0.072       |
|    clip_range           | 0.2         |
|    entropy_loss         | -1.82       |
|    explained_variance   | 0.856       |
|    learning_rate        | 0.0003      |
|    loss                 | 0.00661     |
|    n_updates            | 85          |
|    policy_gradient_loss | -0.00444    |
|    value_loss           | 0.0596      |
-----------------------------------------
-----------------------------------------
| rollout/                |             |
|    ep_len_mean          | 215         |
|    ep_rew_mean          | 24.8        |
| time/                   |             |
|    fps                  | 457         |
|    iterations           | 19          |
|    time_elapsed         | 1020        |
|    total_timesteps      | 466944      |
| train/                  |             |
|    approx_kl            | 0.006920114 |
|    clip_fraction        | 0.0656      |
|    clip_range           | 0.2         |
|    entropy_loss         | -1.82       |
|    explained_variance   | 0.857       |
|    learning_rate        | 0.0003      |
|    loss                 | -0.0084     |
|    n_updates            | 90          |
|    policy_gradient_loss | -0.00465    |
|    value_loss           | 0.0543      |
-----------------------------------------
------------------------------------------
| rollout/                |              |
|    ep_len_mean          | 225          |
|    ep_rew_mean          | 23.8         |
| time/                   |              |
|    fps                  | 456          |
|    iterations           | 20           |
|    time_elapsed         | 1076         |
|    total_timesteps      | 491520       |
| train/                  |              |
|    approx_kl            | 0.0067664646 |
|    clip_fraction        | 0.0619       |
|    clip_range           | 0.2          |
|    entropy_loss         | -1.78        |
|    explained_variance   | 0.851        |
|    learning_rate        | 0.0003       |
|    loss                 | -0.000543    |
|    n_updates            | 95           |
|    policy_gradient_loss | -0.00501     |
|    value_loss           | 0.0605       |
------------------------------------------
[Checkpoint] Saved at 500000 steps > /home/runner/work/Disciples2-RL/Disciples2-RL/github_experiments/137/small/cities/seed137-small-cities-35151636320-1/checkpoints/campaign_ppo_step_500000.zip
-----------------------------------------
| rollout/                |             |
|    ep_len_mean          | 200         |
|    ep_rew_mean          | 26.3        |
| time/                   |             |
|    fps                  | 456         |
|    iterations           | 21          |
|    time_elapsed         | 1130        |
|    total_timesteps      | 516096      |
| train/                  |             |
|    approx_kl            | 0.006817404 |
|    clip_fraction        | 0.0601      |
|    clip_range           | 0.2         |
|    entropy_loss         | -1.82       |
|    explained_variance   | 0.826       |
|    learning_rate        | 0.0003      |
|    loss                 | 0.0192      |
|    n_updates            | 100         |
|    policy_gradient_loss | -0.00474    |
|    value_loss           | 0.0658      |
-----------------------------------------
-----------------------------------------
| rollout/                |             |
|    ep_len_mean          | 217         |
|    ep_rew_mean          | 24.6        |
| time/                   |             |
|    fps                  | 455         |
|    iterations           | 22          |
|    time_elapsed         | 1187        |
|    total_timesteps      | 540672      |
| train/                  |             |
|    approx_kl            | 0.006512579 |
|    clip_fraction        | 0.0634      |
|    clip_range           | 0.2         |
|    entropy_loss         | -1.77       |
|    explained_variance   | 0.81        |
|    learning_rate        | 0.0003      |
|    loss                 | 0.00817     |
|    n_updates            | 105         |
|    policy_gradient_loss | -0.00413    |
|    value_loss           | 0.0663      |
-----------------------------------------
-----------------------------------------
| rollout/                |             |
|    ep_len_mean          | 204         |
|    ep_rew_mean          | 26.3        |
| time/                   |             |
|    fps                  | 455         |
|    iterations           | 23          |
|    time_elapsed         | 1241        |
|    total_timesteps      | 565248      |
| train/                  |             |
|    approx_kl            | 0.007180734 |
|    clip_fraction        | 0.0741      |
|    clip_range           | 0.2         |
|    entropy_loss         | -1.76       |
|    explained_variance   | 0.877       |
|    learning_rate        | 0.0003      |
|    loss                 | 0.009       |
|    n_updates            | 110         |
|    policy_gradient_loss | -0.00579    |
|    value_loss           | 0.0606      |
-----------------------------------------
----------------------------------------
| rollout/                |            |
|    ep_len_mean          | 199        |
|    ep_rew_mean          | 28.6       |
| time/                   |            |
|    fps                  | 455        |
|    iterations           | 24         |
|    time_elapsed         | 1296       |
|    total_timesteps      | 589824     |
| train/                  |            |
|    approx_kl            | 0.00702537 |
|    clip_fraction        | 0.0615     |
|    clip_range           | 0.2        |
|    entropy_loss         | -1.75      |
|    explained_variance   | 0.812      |
|    learning_rate        | 0.0003     |
|    loss                 | -0.00675   |
|    n_updates            | 115        |
|    policy_gradient_loss | -0.00513   |
|    value_loss           | 0.0656     |
----------------------------------------
-----------------------------------------
| rollout/                |             |
|    ep_len_mean          | 244         |
|    ep_rew_mean          | 31.5        |
| time/                   |             |
|    fps                  | 454         |
|    iterations           | 25          |
|    time_elapsed         | 1351        |
|    total_timesteps      | 614400      |
| train/                  |             |
|    approx_kl            | 0.006583674 |
|    clip_fraction        | 0.065       |
|    clip_range           | 0.2         |
|    entropy_loss         | -1.74       |
|    explained_variance   | 0.79        |
|    learning_rate        | 0.0003      |
|    loss                 | 0.00826     |
|    n_updates            | 120         |
|    policy_gradient_loss | -0.0047     |
|    value_loss           | 0.0759      |
-----------------------------------------
-----------------------------------------
| rollout/                |             |
|    ep_len_mean          | 198         |
|    ep_rew_mean          | 30.2        |
| time/                   |             |
|    fps                  | 454         |
|    iterations           | 26          |
|    time_elapsed         | 1404        |
|    total_timesteps      | 638976      |
| train/                  |             |
|    approx_kl            | 0.006439362 |
|    clip_fraction        | 0.058       |
|    clip_range           | 0.2         |
|    entropy_loss         | -1.74       |
|    explained_variance   | 0.823       |
|    learning_rate        | 0.0003      |
|    loss                 | 0.00117     |
|    n_updates            | 125         |
|    policy_gradient_loss | -0.00518    |
|    value_loss           | 0.0668      |
-----------------------------------------
------------------------------------------
| rollout/                |              |
|    ep_len_mean          | 198          |
|    ep_rew_mean          | 32.4         |
| time/                   |              |
|    fps                  | 455          |
|    iterations           | 27           |
|    time_elapsed         | 1457         |
|    total_timesteps      | 663552       |
| train/                  |              |
|    approx_kl            | 0.0069830604 |
|    clip_fraction        | 0.0645       |
|    clip_range           | 0.2          |
|    entropy_loss         | -1.69        |
|    explained_variance   | 0.784        |
|    learning_rate        | 0.0003       |
|    loss                 | 0.00876      |
|    n_updates            | 130          |
|    policy_gradient_loss | -0.00485     |
|    value_loss           | 0.0817       |
------------------------------------------
-----------------------------------------
| rollout/                |             |
|    ep_len_mean          | 224         |
|    ep_rew_mean          | 32.5        |
| time/                   |             |
|    fps                  | 454         |
|    iterations           | 28          |
|    time_elapsed         | 1512        |
|    total_timesteps      | 688128      |
| train/                  |             |
|    approx_kl            | 0.007151814 |
|    clip_fraction        | 0.0657      |
|    clip_range           | 0.2         |
|    entropy_loss         | -1.66       |
|    explained_variance   | 0.77        |
|    learning_rate        | 0.0003      |
|    loss                 | 0.00608     |
|    n_updates            | 135         |
|    policy_gradient_loss | -0.00495    |
|    value_loss           | 0.0864      |
-----------------------------------------
------------------------------------------
| rollout/                |              |
|    ep_len_mean          | 233          |
|    ep_rew_mean          | 33.9         |
| time/                   |              |
|    fps                  | 454          |
|    iterations           | 29           |
|    time_elapsed         | 1566         |
|    total_timesteps      | 712704       |
| train/                  |              |
|    approx_kl            | 0.0067434087 |
|    clip_fraction        | 0.063        |
|    clip_range           | 0.2          |
|    entropy_loss         | -1.67        |
|    explained_variance   | 0.821        |
|    learning_rate        | 0.0003       |
|    loss                 | 0.013        |
|    n_updates            | 140          |
|    policy_gradient_loss | -0.00389     |
|    value_loss           | 0.0811       |
------------------------------------------
-----------------------------------------
| rollout/                |             |
|    ep_len_mean          | 245         |
|    ep_rew_mean          | 39.6        |
| time/                   |             |
|    fps                  | 455         |
|    iterations           | 30          |
|    time_elapsed         | 1619        |
|    total_timesteps      | 737280      |
| train/                  |             |
|    approx_kl            | 0.006478514 |
|    clip_fraction        | 0.0662      |
|    clip_range           | 0.2         |
|    entropy_loss         | -1.67       |
|    explained_variance   | 0.772       |
|    learning_rate        | 0.0003      |
|    loss                 | 0.0165      |
|    n_updates            | 145         |
|    policy_gradient_loss | -0.00494    |
|    value_loss           | 0.0835      |
-----------------------------------------
-----------------------------------------
| rollout/                |             |
|    ep_len_mean          | 234         |
|    ep_rew_mean          | 34.9        |
| time/                   |             |
|    fps                  | 455         |
|    iterations           | 31          |
|    time_elapsed         | 1672        |
|    total_timesteps      | 761856      |
| train/                  |             |
|    approx_kl            | 0.006019534 |
|    clip_fraction        | 0.0605      |
|    clip_range           | 0.2         |
|    entropy_loss         | -1.68       |
|    explained_variance   | 0.794       |
|    learning_rate        | 0.0003      |
|    loss                 | 0.0177      |
|    n_updates            | 150         |
|    policy_gradient_loss | -0.00424    |
|    value_loss           | 0.0897      |
-----------------------------------------
------------------------------------------
| rollout/                |              |
|    ep_len_mean          | 262          |
|    ep_rew_mean          | 40           |
| time/                   |              |
|    fps                  | 455          |
|    iterations           | 32           |
|    time_elapsed         | 1726         |
|    total_timesteps      | 786432       |
| train/                  |              |
|    approx_kl            | 0.0074186395 |
|    clip_fraction        | 0.066        |
|    clip_range           | 0.2          |
|    entropy_loss         | -1.7         |
|    explained_variance   | 0.816        |
|    learning_rate        | 0.0003       |
|    loss                 | 0.0226       |
|    n_updates            | 155          |
|    policy_gradient_loss | -0.00478     |
|    value_loss           | 0.0862       |
------------------------------------------
-----------------------------------------
| rollout/                |             |
|    ep_len_mean          | 273         |
|    ep_rew_mean          | 37.9        |
| time/                   |             |
|    fps                  | 455         |
|    iterations           | 33          |
|    time_elapsed         | 1779        |
|    total_timesteps      | 811008      |
| train/                  |             |
|    approx_kl            | 0.006463539 |
|    clip_fraction        | 0.0674      |
|    clip_range           | 0.2         |
|    entropy_loss         | -1.7        |
|    explained_variance   | 0.724       |
|    learning_rate        | 0.0003      |
|    loss                 | 0.0191      |
|    n_updates            | 160         |
|    policy_gradient_loss | -0.00484    |
|    value_loss           | 0.0929      |
-----------------------------------------
------------------------------------------
| rollout/                |              |
|    ep_len_mean          | 245          |
|    ep_rew_mean          | 42.7         |
| time/                   |              |
|    fps                  | 456          |
|    iterations           | 34           |
|    time_elapsed         | 1832         |
|    total_timesteps      | 835584       |
| train/                  |              |
|    approx_kl            | 0.0067593143 |
|    clip_fraction        | 0.0626       |
|    clip_range           | 0.2          |
|    entropy_loss         | -1.7         |
|    explained_variance   | 0.78         |
|    learning_rate        | 0.0003       |
|    loss                 | 0.00918      |
|    n_updates            | 165          |
|    policy_gradient_loss | -0.00441     |
|    value_loss           | 0.083        |
------------------------------------------
-----------------------------------------
| rollout/                |             |
|    ep_len_mean          | 245         |
|    ep_rew_mean          | 44          |
| time/                   |             |
|    fps                  | 456         |
|    iterations           | 35          |
|    time_elapsed         | 1885        |
|    total_timesteps      | 860160      |
| train/                  |             |
|    approx_kl            | 0.005800344 |
|    clip_fraction        | 0.0589      |
|    clip_range           | 0.2         |
|    entropy_loss         | -1.65       |
|    explained_variance   | 0.788       |
|    learning_rate        | 0.0003      |
|    loss                 | 0.0142      |
|    n_updates            | 170         |
|    policy_gradient_loss | -0.00433    |
|    value_loss           | 0.0892      |
-----------------------------------------
-----------------------------------------
| rollout/                |             |
|    ep_len_mean          | 268         |
|    ep_rew_mean          | 48.1        |
| time/                   |             |
|    fps                  | 456         |
|    iterations           | 36          |
|    time_elapsed         | 1939        |
|    total_timesteps      | 884736      |
| train/                  |             |
|    approx_kl            | 0.007099479 |
|    clip_fraction        | 0.0692      |
|    clip_range           | 0.2         |
|    entropy_loss         | -1.62       |
|    explained_variance   | 0.796       |
|    learning_rate        | 0.0003      |
|    loss                 | 0.0147      |
|    n_updates            | 175         |
|    policy_gradient_loss | -0.00511    |
|    value_loss           | 0.0914      |
-----------------------------------------
------------------------------------------
| rollout/                |              |
|    ep_len_mean          | 268          |
|    ep_rew_mean          | 48.1         |
| time/                   |              |
|    fps                  | 455          |
|    iterations           | 37           |
|    time_elapsed         | 1995         |
|    total_timesteps      | 909312       |
| train/                  |              |
|    approx_kl            | 0.0065522925 |
|    clip_fraction        | 0.0669       |
|    clip_range           | 0.2          |
|    entropy_loss         | -1.6         |
|    explained_variance   | 0.808        |
|    learning_rate        | 0.0003       |
|    loss                 | 0.0255       |
|    n_updates            | 180          |
|    policy_gradient_loss | -0.00514     |
|    value_loss           | 0.0945       |
------------------------------------------
------------------------------------------
| rollout/                |              |
|    ep_len_mean          | 281          |
|    ep_rew_mean          | 47.5         |
| time/                   |              |
|    fps                  | 454          |
|    iterations           | 38           |
|    time_elapsed         | 2054         |
|    total_timesteps      | 933888       |
| train/                  |              |
|    approx_kl            | 0.0071596783 |
|    clip_fraction        | 0.0736       |
|    clip_range           | 0.2          |
|    entropy_loss         | -1.67        |
|    explained_variance   | 0.825        |
|    learning_rate        | 0.0003       |
|    loss                 | 0.0153       |
|    n_updates            | 185          |
|    policy_gradient_loss | -0.00489     |
|    value_loss           | 0.1          |
------------------------------------------
------------------------------------------
| rollout/                |              |
|    ep_len_mean          | 302          |
|    ep_rew_mean          | 42.5         |
| time/                   |              |
|    fps                  | 453          |
|    iterations           | 39           |
|    time_elapsed         | 2113         |
|    total_timesteps      | 958464       |
| train/                  |              |
|    approx_kl            | 0.0072392575 |
|    clip_fraction        | 0.0617       |
|    clip_range           | 0.2          |
|    entropy_loss         | -1.65        |
|    explained_variance   | 0.854        |
|    learning_rate        | 0.0003       |
|    loss                 | 0.0171       |
|    n_updates            | 190          |
|    policy_gradient_loss | -0.00393     |
|    value_loss           | 0.0909       |
------------------------------------------
------------------------------------------
| rollout/                |              |
|    ep_len_mean          | 333          |
|    ep_rew_mean          | 40.2         |
| time/                   |              |
|    fps                  | 453          |
|    iterations           | 40           |
|    time_elapsed         | 2169         |
|    total_timesteps      | 983040       |
| train/                  |              |
|    approx_kl            | 0.0074101724 |
|    clip_fraction        | 0.0678       |
|    clip_range           | 0.2          |
|    entropy_loss         | -1.76        |
|    explained_variance   | 0.896        |
|    learning_rate        | 0.0003       |
|    loss                 | 0.0168       |
|    n_updates            | 195          |
|    policy_gradient_loss | -0.00454     |
|    value_loss           | 0.0695       |
------------------------------------------
[Checkpoint] Saved at 1000000 steps > /home/runner/work/Disciples2-RL/Disciples2-RL/github_experiments/137/small/cities/seed137-small-cities-35151636320-1/checkpoints/campaign_ppo_step_1000000.zip
Eval num_timesteps=1000008, det_reward=11.37 +/- 141.53
Episode length: det=1868.85 +/- 1823.00
Victory rate: det=0.00%
-------------------------------------------------
| eval/                           |             |
|    deterministic_mean_ep_length | 1.87e+03    |
|    deterministic_mean_reward    | 11.4        |
|    deterministic_victory_rate   | 0           |
|    mean_ep_length               | 1.87e+03    |
|    mean_reward                  | 11.4        |
|    victory_rate                 | 0           |
| time/                           |             |
|    total_timesteps              | 1000008     |
| train/                          |             |
|    approx_kl                    | 0.007268414 |
|    clip_fraction                | 0.0714      |
|    clip_range                   | 0.2         |
|    entropy_loss                 | -1.76       |
|    explained_variance           | 0.895       |
|    learning_rate                | 0.0003      |
|    loss                         | 0.0123      |
|    n_updates                    | 200         |
|    policy_gradient_loss         | -0.00476    |
|    value_loss                   | 0.062       |
-------------------------------------------------
New best model by deterministic victory rate!
---------------------------------
| rollout/           |          |
|    ep_len_mean     | 456      |
|    ep_rew_mean     | 34.1     |
| time/              |          |
|    fps             | 425      |
|    iterations      | 41       |
|    time_elapsed    | 2369     |
|    total_timesteps | 1007616  |
---------------------------------
VecNormalize stats saved: /home/runner/work/Disciples2-RL/Disciples2-RL/github_experiments/137/small/cities/seed137-small-cities-35151636320-1/models/vecnormalize.pkl

Финальная модель сохранена: /home/runner/work/Disciples2-RL/Disciples2-RL/github_experiments/137/small/cities/seed137-small-cities-35151636320-1/models/final_model.zip

============================================================
ИТОГИ ОБУЧЕНИЯ:
  Побед: 2
  Поражений: 4754
  Таймаутов: 4
  Побед бота столицы над врагами: 0
  Перестановок юнитов: 208866
  Терминальные поражения по противникам:
    enemy_7: 1538 — Отряд: воин + привидение спереди, колдун + призрак + привидение сзади
    enemy_29: 547 — Отряд: 3 скваера на передней линии
    enemy_15: 425 — Отряд: 2 привидения спереди, вампир сзади
    enemy_23: 402 — Отряд: волк на передней линии
    enemy_25: 394 — Отряд: копейщик спереди и служка сзади
    enemy_3: 191 — Отряд: орк чемпион на передней линии
    enemy_27: 165 — Отряд: скваер в центре и 2 крестьянина на передней линии
    enemy_70: 150 — Руины (15, 9): Орк, Гоблин, Гоблин
    enemy_75: 140 — Страж столицы Империи: Мизраэль
    enemy_9: 124 — Отряд: тамплиер спереди, колдун и призрак сзади
    enemy_5: 101 — Отряд: орк чемпион на передней линии
    enemy_39: 91 — Отряд: Волк, Варвар
    enemy_31: 78 — Отряд: зеленый дракон
    enemy_34: 63 — Отряд Порта Полонис: Воин спереди, Колдун, Нигош (Носферату) и Привидение сзади
    enemy_37: 63 — Отряд: Гном, Травница, Алхимик
    enemy_17: 59 — Отряд: воин спереди, 2 призрака и привидение сзади
    enemy_11: 42 — Отряд: оборотень спереди и тень сзади
    enemy_1: 35 — Отряд: волк на передней линии
    enemy_21: 31 — Отряд: зомби спереди, привидение сзади
    enemy_41: 28 — Отряд: Гном, Метатель топоров
    enemy_61: 26 — Отряд: Зомби, Призрак
    enemy_65: 11 — Отряд: Кентавр копейщик, Рейнджер
    enemy_63: 11 — Отряд: Разбойник
    enemy_35: 10 — Отряд Соругириллы: Унфегра (Королева личей), Виверна
    enemy_49: 7 — Отряд: Гном
    enemy_69: 5 — Внутренний гарнизон Соругириллы: Зомби, Воин
    enemy_59: 4 — Отряд: Зомби
    enemy_57: 3 — Отряд: Призрак, Привидение, Воин
    enemy_47: 3 — Отряд: Призрак, Привидение, Привидение, Воин
    enemy_13: 3 — Отряд: 2 зомби спереди и привидение сзади
    enemy_74: 2 — Руины (43, 34): Лорд Тьмы, Лич
    enemy_45: 1 — Отряд: Головорез
    enemy_68: 1 — Внутренний гарнизон Порта Полонис: Зомби, Воин
  Winrate: 0.0%
============================================================
  График призывов за эпизод: /home/runner/work/Disciples2-RL/Disciples2-RL/github_experiments/137/small/cities/seed137-small-cities-35151636320-1/plots/campaign_summoned_units_per_episode.png
  График призывов за всё обучение: /home/runner/work/Disciples2-RL/Disciples2-RL/github_experiments/137/small/cities/seed137-small-cities-35151636320-1/plots/campaign_summoned_units_cumulative.png
  График найма за эпизод: /home/runner/work/Disciples2-RL/Disciples2-RL/github_experiments/137/small/cities/seed137-small-cities-35151636320-1/plots/campaign_hired_units_per_episode.png
  График найма за всё обучение: /home/runner/work/Disciples2-RL/Disciples2-RL/github_experiments/137/small/cities/seed137-small-cities-35151636320-1/plots/campaign_hired_units_cumulative.png
  График перестановок юнитов за эпизод: /home/runner/work/Disciples2-RL/Disciples2-RL/github_experiments/137/small/cities/seed137-small-cities-35151636320-1/plots/campaign_unit_swaps_per_episode.png
  График боевых предметов: /home/runner/work/Disciples2-RL/Disciples2-RL/github_experiments/137/small/cities/seed137-small-cities-35151636320-1/plots/campaign_battle_item_activity.png
  График побед бота столицы за эпизод: /home/runner/work/Disciples2-RL/Disciples2-RL/github_experiments/137/small/cities/seed137-small-cities-35151636320-1/plots/campaign_scripted_bot_victories_per_episode.png
  График применения заклинаний: /home/runner/work/Disciples2-RL/Disciples2-RL/github_experiments/137/small/cities/seed137-small-cities-35151636320-1/plots/campaign_spell_cast_activity.png
