Проверка среды CampaignEnv...
Среда прошла проверку!
[INFO] Comet disabled, running without experiment tracking
Создание 12 параллельных сред (subproc)...
Инициализация MaskablePPO...
Using cpu device

============================================================
Запуск обучения Campaign Agent
Всего шагов: 1,000,000
Параллельных сред: 12
VecEnv: subproc
VecEnv start method: forkserver
Seed: 129
Checkpoint каждые: 500,000 шагов
Evaluation каждые: 83,334 шагов
Eval deterministic эпизодов: 20
Eval stochastic эпизодов: 0
Eval лимит шагов на эпизод: 5000
Campaign map: hire_train
Campaign objective: orc
System resources at training start:
  Platform: Linux 6.17.0-1022-azure (x86_64)
  Python: 3.14.7
  PyTorch: 2.13.0+cpu
  Training device: cpu
  CPU model: AMD EPYC 7763 64-Core Processor
  CPU vendor: AuthenticAMD
  Logical CPUs visible: 4
  Process CPU affinity: 4
  Sockets: 1
  Cores per socket: 2
  Threads per core: 2
  CPU max MHz: unknown
  CPU min MHz: unknown
  L1d cache: 64 KiB (2 instances)
  L1i cache: 64 KiB (2 instances)
  L2 cache: 1 MiB (2 instances)
  L3 cache: 32 MiB (1 instance)
  Virtualization: AMD-V
  Hypervisor: Microsoft
  RAM total: 15.61 GiB
  RAM available at start: 13.94 GiB
  Disk total: 144.26 GiB
  Disk free at start: 79.24 GiB
  Torch intra-op threads: 4
  Torch inter-op threads: 2
  OMP_NUM_THREADS: 4
  MKL_NUM_THREADS: 4
  OPENBLAS_NUM_THREADS: 4
  GitHub runner OS: Linux
  GitHub runner architecture: X64
  GitHub runner environment: github-hosted
PPO n_steps: 2,048
PPO batch_size: 512
PPO n_epochs: 5
PPO learning_rate: 0.0003
PPO clip_range: 0.2
PPO ent_coef: 0.01
PPO gamma: 0.995
PPO gae_lambda: 0.95
PPO target_kl: disabled
PPO gradient batches per rollout: 240
VecCheckNan: disabled
Freeze action layout: enabled
Empire territory: enabled
Torch threads per process: 4
Diagnostics: disabled
Wall-clock training limit: disabled
Run ID: seed129-hire_train-orc-32272044004-1
============================================================

Logging to /home/runner/work/Disciples2-RL/Disciples2-RL/github_experiments/129/hire_train/orc/seed129-hire_train-orc-32272044004-1/tensorboard/MaskablePPO_1
---------------------------------
| rollout/           |          |
|    ep_len_mean     | 1.09e+03 |
|    ep_rew_mean     | -85.4    |
| time/              |          |
|    fps             | 566      |
|    iterations      | 1        |
|    time_elapsed    | 43       |
|    total_timesteps | 24576    |
---------------------------------
------------------------------------------
| rollout/                |              |
|    ep_len_mean          | 1.23e+03     |
|    ep_rew_mean          | -73.1        |
| time/                   |              |
|    fps                  | 548          |
|    iterations           | 2            |
|    time_elapsed         | 89           |
|    total_timesteps      | 49152        |
| train/                  |              |
|    approx_kl            | 0.0070602316 |
|    clip_fraction        | 0.0284       |
|    clip_range           | 0.2          |
|    entropy_loss         | -2.2         |
|    explained_variance   | 0.283        |
|    learning_rate        | 0.0003       |
|    loss                 | -0.0232      |
|    n_updates            | 5            |
|    policy_gradient_loss | -0.00345     |
|    value_loss           | 0.0243       |
------------------------------------------
-----------------------------------------
| rollout/                |             |
|    ep_len_mean          | 770         |
|    ep_rew_mean          | -45         |
| time/                   |             |
|    fps                  | 548         |
|    iterations           | 3           |
|    time_elapsed         | 134         |
|    total_timesteps      | 73728       |
| train/                  |             |
|    approx_kl            | 0.009081971 |
|    clip_fraction        | 0.0888      |
|    clip_range           | 0.2         |
|    entropy_loss         | -2.17       |
|    explained_variance   | 0.149       |
|    learning_rate        | 0.0003      |
|    loss                 | 0.0394      |
|    n_updates            | 10          |
|    policy_gradient_loss | -0.00618    |
|    value_loss           | 0.144       |
-----------------------------------------
-----------------------------------------
| rollout/                |             |
|    ep_len_mean          | 370         |
|    ep_rew_mean          | -7.41       |
| time/                   |             |
|    fps                  | 545         |
|    iterations           | 4           |
|    time_elapsed         | 180         |
|    total_timesteps      | 98304       |
| train/                  |             |
|    approx_kl            | 0.009239959 |
|    clip_fraction        | 0.0893      |
|    clip_range           | 0.2         |
|    entropy_loss         | -2.15       |
|    explained_variance   | 0.305       |
|    learning_rate        | 0.0003      |
|    loss                 | -0.00326    |
|    n_updates            | 15          |
|    policy_gradient_loss | -0.00899    |
|    value_loss           | 0.11        |
-----------------------------------------
-----------------------------------------
| rollout/                |             |
|    ep_len_mean          | 266         |
|    ep_rew_mean          | 25.6        |
| time/                   |             |
|    fps                  | 544         |
|    iterations           | 5           |
|    time_elapsed         | 225         |
|    total_timesteps      | 122880      |
| train/                  |             |
|    approx_kl            | 0.009746441 |
|    clip_fraction        | 0.0987      |
|    clip_range           | 0.2         |
|    entropy_loss         | -2.12       |
|    explained_variance   | 0.377       |
|    learning_rate        | 0.0003      |
|    loss                 | 0.0284      |
|    n_updates            | 20          |
|    policy_gradient_loss | -0.00889    |
|    value_loss           | 0.133       |
-----------------------------------------
-----------------------------------------
| rollout/                |             |
|    ep_len_mean          | 204         |
|    ep_rew_mean          | 31.3        |
| time/                   |             |
|    fps                  | 545         |
|    iterations           | 6           |
|    time_elapsed         | 270         |
|    total_timesteps      | 147456      |
| train/                  |             |
|    approx_kl            | 0.009410254 |
|    clip_fraction        | 0.102       |
|    clip_range           | 0.2         |
|    entropy_loss         | -2.1        |
|    explained_variance   | 0.479       |
|    learning_rate        | 0.0003      |
|    loss                 | 0.0623      |
|    n_updates            | 25          |
|    policy_gradient_loss | -0.00825    |
|    value_loss           | 0.256       |
-----------------------------------------
------------------------------------------
| rollout/                |              |
|    ep_len_mean          | 166          |
|    ep_rew_mean          | 55.3         |
| time/                   |              |
|    fps                  | 546          |
|    iterations           | 7            |
|    time_elapsed         | 314          |
|    total_timesteps      | 172032       |
| train/                  |              |
|    approx_kl            | 0.0116538005 |
|    clip_fraction        | 0.124        |
|    clip_range           | 0.2          |
|    entropy_loss         | -2.1         |
|    explained_variance   | 0.527        |
|    learning_rate        | 0.0003       |
|    loss                 | 0.088        |
|    n_updates            | 30           |
|    policy_gradient_loss | -0.00963     |
|    value_loss           | 0.317        |
------------------------------------------
-----------------------------------------
| rollout/                |             |
|    ep_len_mean          | 135         |
|    ep_rew_mean          | 62.2        |
| time/                   |             |
|    fps                  | 545         |
|    iterations           | 8           |
|    time_elapsed         | 360         |
|    total_timesteps      | 196608      |
| train/                  |             |
|    approx_kl            | 0.010600091 |
|    clip_fraction        | 0.0924      |
|    clip_range           | 0.2         |
|    entropy_loss         | -2.06       |
|    explained_variance   | 0.613       |
|    learning_rate        | 0.0003      |
|    loss                 | 0.166       |
|    n_updates            | 35          |
|    policy_gradient_loss | -0.0073     |
|    value_loss           | 0.434       |
-----------------------------------------
-----------------------------------------
| rollout/                |             |
|    ep_len_mean          | 114         |
|    ep_rew_mean          | 60.5        |
| time/                   |             |
|    fps                  | 546         |
|    iterations           | 9           |
|    time_elapsed         | 405         |
|    total_timesteps      | 221184      |
| train/                  |             |
|    approx_kl            | 0.009774699 |
|    clip_fraction        | 0.113       |
|    clip_range           | 0.2         |
|    entropy_loss         | -2.04       |
|    explained_variance   | 0.635       |
|    learning_rate        | 0.0003      |
|    loss                 | 0.308       |
|    n_updates            | 40          |
|    policy_gradient_loss | -0.00985    |
|    value_loss           | 0.607       |
-----------------------------------------
-----------------------------------------
| rollout/                |             |
|    ep_len_mean          | 99.9        |
|    ep_rew_mean          | 81.6        |
| time/                   |             |
|    fps                  | 546         |
|    iterations           | 10          |
|    time_elapsed         | 449         |
|    total_timesteps      | 245760      |
| train/                  |             |
|    approx_kl            | 0.009606046 |
|    clip_fraction        | 0.115       |
|    clip_range           | 0.2         |
|    entropy_loss         | -2          |
|    explained_variance   | 0.597       |
|    learning_rate        | 0.0003      |
|    loss                 | 0.333       |
|    n_updates            | 45          |
|    policy_gradient_loss | -0.00804    |
|    value_loss           | 0.755       |
-----------------------------------------
-----------------------------------------
| rollout/                |             |
|    ep_len_mean          | 87.1        |
|    ep_rew_mean          | 80          |
| time/                   |             |
|    fps                  | 546         |
|    iterations           | 11          |
|    time_elapsed         | 494         |
|    total_timesteps      | 270336      |
| train/                  |             |
|    approx_kl            | 0.008785526 |
|    clip_fraction        | 0.091       |
|    clip_range           | 0.2         |
|    entropy_loss         | -1.94       |
|    explained_variance   | 0.597       |
|    learning_rate        | 0.0003      |
|    loss                 | 0.33        |
|    n_updates            | 50          |
|    policy_gradient_loss | -0.00665    |
|    value_loss           | 0.854       |
-----------------------------------------
-----------------------------------------
| rollout/                |             |
|    ep_len_mean          | 76.7        |
|    ep_rew_mean          | 89.8        |
| time/                   |             |
|    fps                  | 545         |
|    iterations           | 12          |
|    time_elapsed         | 540         |
|    total_timesteps      | 294912      |
| train/                  |             |
|    approx_kl            | 0.011691908 |
|    clip_fraction        | 0.0963      |
|    clip_range           | 0.2         |
|    entropy_loss         | -1.89       |
|    explained_variance   | 0.546       |
|    learning_rate        | 0.0003      |
|    loss                 | 0.455       |
|    n_updates            | 55          |
|    policy_gradient_loss | -0.00631    |
|    value_loss           | 0.973       |
-----------------------------------------
-----------------------------------------
| rollout/                |             |
|    ep_len_mean          | 72.2        |
|    ep_rew_mean          | 92          |
| time/                   |             |
|    fps                  | 546         |
|    iterations           | 13          |
|    time_elapsed         | 584         |
|    total_timesteps      | 319488      |
| train/                  |             |
|    approx_kl            | 0.008559062 |
|    clip_fraction        | 0.0534      |
|    clip_range           | 0.2         |
|    entropy_loss         | -1.83       |
|    explained_variance   | 0.48        |
|    learning_rate        | 0.0003      |
|    loss                 | 0.385       |
|    n_updates            | 60          |
|    policy_gradient_loss | -0.00554    |
|    value_loss           | 0.983       |
-----------------------------------------
------------------------------------------
| rollout/                |              |
|    ep_len_mean          | 71.9         |
|    ep_rew_mean          | 112          |
| time/                   |              |
|    fps                  | 548          |
|    iterations           | 14           |
|    time_elapsed         | 627          |
|    total_timesteps      | 344064       |
| train/                  |              |
|    approx_kl            | 0.0076875146 |
|    clip_fraction        | 0.0458       |
|    clip_range           | 0.2          |
|    entropy_loss         | -1.79        |
|    explained_variance   | 0.439        |
|    learning_rate        | 0.0003       |
|    loss                 | 0.339        |
|    n_updates            | 65           |
|    policy_gradient_loss | -0.00426     |
|    value_loss           | 0.97         |
------------------------------------------
-----------------------------------------
| rollout/                |             |
|    ep_len_mean          | 69.8        |
|    ep_rew_mean          | 104         |
| time/                   |             |
|    fps                  | 549         |
|    iterations           | 15          |
|    time_elapsed         | 671         |
|    total_timesteps      | 368640      |
| train/                  |             |
|    approx_kl            | 0.007267989 |
|    clip_fraction        | 0.0482      |
|    clip_range           | 0.2         |
|    entropy_loss         | -1.75       |
|    explained_variance   | 0.461       |
|    learning_rate        | 0.0003      |
|    loss                 | 0.38        |
|    n_updates            | 70          |
|    policy_gradient_loss | -0.00405    |
|    value_loss           | 0.899       |
-----------------------------------------
-----------------------------------------
| rollout/                |             |
|    ep_len_mean          | 63.8        |
|    ep_rew_mean          | 120         |
| time/                   |             |
|    fps                  | 549         |
|    iterations           | 16          |
|    time_elapsed         | 715         |
|    total_timesteps      | 393216      |
| train/                  |             |
|    approx_kl            | 0.008221001 |
|    clip_fraction        | 0.0482      |
|    clip_range           | 0.2         |
|    entropy_loss         | -1.72       |
|    explained_variance   | 0.454       |
|    learning_rate        | 0.0003      |
|    loss                 | 0.381       |
|    n_updates            | 75          |
|    policy_gradient_loss | -0.00484    |
|    value_loss           | 0.879       |
-----------------------------------------
------------------------------------------
| rollout/                |              |
|    ep_len_mean          | 62           |
|    ep_rew_mean          | 124          |
| time/                   |              |
|    fps                  | 549          |
|    iterations           | 17           |
|    time_elapsed         | 760          |
|    total_timesteps      | 417792       |
| train/                  |              |
|    approx_kl            | 0.0072831474 |
|    clip_fraction        | 0.0441       |
|    clip_range           | 0.2          |
|    entropy_loss         | -1.67        |
|    explained_variance   | 0.414        |
|    learning_rate        | 0.0003       |
|    loss                 | 0.52         |
|    n_updates            | 80           |
|    policy_gradient_loss | -0.00324     |
|    value_loss           | 0.896        |
------------------------------------------
------------------------------------------
| rollout/                |              |
|    ep_len_mean          | 59.9         |
|    ep_rew_mean          | 125          |
| time/                   |              |
|    fps                  | 549          |
|    iterations           | 18           |
|    time_elapsed         | 804          |
|    total_timesteps      | 442368       |
| train/                  |              |
|    approx_kl            | 0.0062621124 |
|    clip_fraction        | 0.0494       |
|    clip_range           | 0.2          |
|    entropy_loss         | -1.65        |
|    explained_variance   | 0.417        |
|    learning_rate        | 0.0003       |
|    loss                 | 0.406        |
|    n_updates            | 85           |
|    policy_gradient_loss | -0.00321     |
|    value_loss           | 0.795        |
------------------------------------------
------------------------------------------
| rollout/                |              |
|    ep_len_mean          | 58.5         |
|    ep_rew_mean          | 129          |
| time/                   |              |
|    fps                  | 550          |
|    iterations           | 19           |
|    time_elapsed         | 847          |
|    total_timesteps      | 466944       |
| train/                  |              |
|    approx_kl            | 0.0064950637 |
|    clip_fraction        | 0.0529       |
|    clip_range           | 0.2          |
|    entropy_loss         | -1.62        |
|    explained_variance   | 0.424        |
|    learning_rate        | 0.0003       |
|    loss                 | 0.401        |
|    n_updates            | 90           |
|    policy_gradient_loss | -0.00372     |
|    value_loss           | 0.75         |
------------------------------------------
----------------------------------------
| rollout/                |            |
|    ep_len_mean          | 55.4       |
|    ep_rew_mean          | 125        |
| time/                   |            |
|    fps                  | 551        |
|    iterations           | 20         |
|    time_elapsed         | 891        |
|    total_timesteps      | 491520     |
| train/                  |            |
|    approx_kl            | 0.00810974 |
|    clip_fraction        | 0.059      |
|    clip_range           | 0.2        |
|    entropy_loss         | -1.58      |
|    explained_variance   | 0.352      |
|    learning_rate        | 0.0003     |
|    loss                 | 0.423      |
|    n_updates            | 95         |
|    policy_gradient_loss | -0.00476   |
|    value_loss           | 0.703      |
----------------------------------------
[Checkpoint] Saved at 500000 steps > /home/runner/work/Disciples2-RL/Disciples2-RL/github_experiments/129/hire_train/orc/seed129-hire_train-orc-32272044004-1/checkpoints/campaign_ppo_step_500000.zip
------------------------------------------
| rollout/                |              |
|    ep_len_mean          | 56.5         |
|    ep_rew_mean          | 133          |
| time/                   |              |
|    fps                  | 552          |
|    iterations           | 21           |
|    time_elapsed         | 933          |
|    total_timesteps      | 516096       |
| train/                  |              |
|    approx_kl            | 0.0056560426 |
|    clip_fraction        | 0.0449       |
|    clip_range           | 0.2          |
|    entropy_loss         | -1.55        |
|    explained_variance   | 0.38         |
|    learning_rate        | 0.0003       |
|    loss                 | 0.298        |
|    n_updates            | 100          |
|    policy_gradient_loss | -0.00301     |
|    value_loss           | 0.637        |
------------------------------------------
------------------------------------------
| rollout/                |              |
|    ep_len_mean          | 54.7         |
|    ep_rew_mean          | 124          |
| time/                   |              |
|    fps                  | 553          |
|    iterations           | 22           |
|    time_elapsed         | 976          |
|    total_timesteps      | 540672       |
| train/                  |              |
|    approx_kl            | 0.0062710084 |
|    clip_fraction        | 0.0593       |
|    clip_range           | 0.2          |
|    entropy_loss         | -1.54        |
|    explained_variance   | 0.383        |
|    learning_rate        | 0.0003       |
|    loss                 | 0.255        |
|    n_updates            | 105          |
|    policy_gradient_loss | -0.00395     |
|    value_loss           | 0.556        |
------------------------------------------
----------------------------------------
| rollout/                |            |
|    ep_len_mean          | 53.6       |
|    ep_rew_mean          | 132        |
| time/                   |            |
|    fps                  | 554        |
|    iterations           | 23         |
|    time_elapsed         | 1019       |
|    total_timesteps      | 565248     |
| train/                  |            |
|    approx_kl            | 0.00825798 |
|    clip_fraction        | 0.0675     |
|    clip_range           | 0.2        |
|    entropy_loss         | -1.5       |
|    explained_variance   | 0.32       |
|    learning_rate        | 0.0003     |
|    loss                 | 0.319      |
|    n_updates            | 110        |
|    policy_gradient_loss | -0.00444   |
|    value_loss           | 0.647      |
----------------------------------------
------------------------------------------
| rollout/                |              |
|    ep_len_mean          | 53.2         |
|    ep_rew_mean          | 130          |
| time/                   |              |
|    fps                  | 555          |
|    iterations           | 24           |
|    time_elapsed         | 1062         |
|    total_timesteps      | 589824       |
| train/                  |              |
|    approx_kl            | 0.0049188733 |
|    clip_fraction        | 0.0409       |
|    clip_range           | 0.2          |
|    entropy_loss         | -1.46        |
|    explained_variance   | 0.331        |
|    learning_rate        | 0.0003       |
|    loss                 | 0.272        |
|    n_updates            | 115          |
|    policy_gradient_loss | -0.00241     |
|    value_loss           | 0.496        |
------------------------------------------
-----------------------------------------
| rollout/                |             |
|    ep_len_mean          | 51.6        |
|    ep_rew_mean          | 133         |
| time/                   |             |
|    fps                  | 555         |
|    iterations           | 25          |
|    time_elapsed         | 1106        |
|    total_timesteps      | 614400      |
| train/                  |             |
|    approx_kl            | 0.005315173 |
|    clip_fraction        | 0.0582      |
|    clip_range           | 0.2         |
|    entropy_loss         | -1.42       |
|    explained_variance   | 0.365       |
|    learning_rate        | 0.0003      |
|    loss                 | 0.211       |
|    n_updates            | 120         |
|    policy_gradient_loss | -0.00375    |
|    value_loss           | 0.516       |
-----------------------------------------
-----------------------------------------
| rollout/                |             |
|    ep_len_mean          | 50.1        |
|    ep_rew_mean          | 138         |
| time/                   |             |
|    fps                  | 555         |
|    iterations           | 26          |
|    time_elapsed         | 1149        |
|    total_timesteps      | 638976      |
| train/                  |             |
|    approx_kl            | 0.006467804 |
|    clip_fraction        | 0.0542      |
|    clip_range           | 0.2         |
|    entropy_loss         | -1.4        |
|    explained_variance   | 0.318       |
|    learning_rate        | 0.0003      |
|    loss                 | 0.146       |
|    n_updates            | 125         |
|    policy_gradient_loss | -0.00367    |
|    value_loss           | 0.459       |
-----------------------------------------
-----------------------------------------
| rollout/                |             |
|    ep_len_mean          | 49.9        |
|    ep_rew_mean          | 132         |
| time/                   |             |
|    fps                  | 556         |
|    iterations           | 27          |
|    time_elapsed         | 1193        |
|    total_timesteps      | 663552      |
| train/                  |             |
|    approx_kl            | 0.005037004 |
|    clip_fraction        | 0.0496      |
|    clip_range           | 0.2         |
|    entropy_loss         | -1.35       |
|    explained_variance   | 0.326       |
|    learning_rate        | 0.0003      |
|    loss                 | 0.242       |
|    n_updates            | 130         |
|    policy_gradient_loss | -0.00314    |
|    value_loss           | 0.451       |
-----------------------------------------
------------------------------------------
| rollout/                |              |
|    ep_len_mean          | 48.9         |
|    ep_rew_mean          | 134          |
| time/                   |              |
|    fps                  | 555          |
|    iterations           | 28           |
|    time_elapsed         | 1237         |
|    total_timesteps      | 688128       |
| train/                  |              |
|    approx_kl            | 0.0048158905 |
|    clip_fraction        | 0.0552       |
|    clip_range           | 0.2          |
|    entropy_loss         | -1.34        |
|    explained_variance   | 0.312        |
|    learning_rate        | 0.0003       |
|    loss                 | 0.141        |
|    n_updates            | 135          |
|    policy_gradient_loss | -0.00348     |
|    value_loss           | 0.417        |
------------------------------------------
-----------------------------------------
| rollout/                |             |
|    ep_len_mean          | 48.7        |
|    ep_rew_mean          | 138         |
| time/                   |             |
|    fps                  | 556         |
|    iterations           | 29          |
|    time_elapsed         | 1280        |
|    total_timesteps      | 712704      |
| train/                  |             |
|    approx_kl            | 0.004773466 |
|    clip_fraction        | 0.0458      |
|    clip_range           | 0.2         |
|    entropy_loss         | -1.33       |
|    explained_variance   | 0.345       |
|    learning_rate        | 0.0003      |
|    loss                 | 0.233       |
|    n_updates            | 140         |
|    policy_gradient_loss | -0.00302    |
|    value_loss           | 0.417       |
-----------------------------------------
------------------------------------------
| rollout/                |              |
|    ep_len_mean          | 48.8         |
|    ep_rew_mean          | 138          |
| time/                   |              |
|    fps                  | 557          |
|    iterations           | 30           |
|    time_elapsed         | 1322         |
|    total_timesteps      | 737280       |
| train/                  |              |
|    approx_kl            | 0.0047941445 |
|    clip_fraction        | 0.0427       |
|    clip_range           | 0.2          |
|    entropy_loss         | -1.34        |
|    explained_variance   | 0.359        |
|    learning_rate        | 0.0003       |
|    loss                 | 0.148        |
|    n_updates            | 145          |
|    policy_gradient_loss | -0.00355     |
|    value_loss           | 0.393        |
------------------------------------------
----------------------------------------
| rollout/                |            |
|    ep_len_mean          | 48.1       |
|    ep_rew_mean          | 142        |
| time/                   |            |
|    fps                  | 557        |
|    iterations           | 31         |
|    time_elapsed         | 1366       |
|    total_timesteps      | 761856     |
| train/                  |            |
|    approx_kl            | 0.00589389 |
|    clip_fraction        | 0.0453     |
|    clip_range           | 0.2        |
|    entropy_loss         | -1.31      |
|    explained_variance   | 0.356      |
|    learning_rate        | 0.0003     |
|    loss                 | 0.167      |
|    n_updates            | 150        |
|    policy_gradient_loss | -0.0041    |
|    value_loss           | 0.323      |
----------------------------------------
-----------------------------------------
| rollout/                |             |
|    ep_len_mean          | 46.3        |
|    ep_rew_mean          | 143         |
| time/                   |             |
|    fps                  | 557         |
|    iterations           | 32          |
|    time_elapsed         | 1409        |
|    total_timesteps      | 786432      |
| train/                  |             |
|    approx_kl            | 0.006462646 |
|    clip_fraction        | 0.0678      |
|    clip_range           | 0.2         |
|    entropy_loss         | -1.26       |
|    explained_variance   | 0.414       |
|    learning_rate        | 0.0003      |
|    loss                 | 0.172       |
|    n_updates            | 155         |
|    policy_gradient_loss | -0.00432    |
|    value_loss           | 0.269       |
-----------------------------------------
-----------------------------------------
| rollout/                |             |
|    ep_len_mean          | 45.9        |
|    ep_rew_mean          | 138         |
| time/                   |             |
|    fps                  | 558         |
|    iterations           | 33          |
|    time_elapsed         | 1452        |
|    total_timesteps      | 811008      |
| train/                  |             |
|    approx_kl            | 0.005770903 |
|    clip_fraction        | 0.0476      |
|    clip_range           | 0.2         |
|    entropy_loss         | -1.24       |
|    explained_variance   | 0.361       |
|    learning_rate        | 0.0003      |
|    loss                 | 0.101       |
|    n_updates            | 160         |
|    policy_gradient_loss | -0.00325    |
|    value_loss           | 0.298       |
-----------------------------------------
------------------------------------------
| rollout/                |              |
|    ep_len_mean          | 46.4         |
|    ep_rew_mean          | 142          |
| time/                   |              |
|    fps                  | 558          |
|    iterations           | 34           |
|    time_elapsed         | 1495         |
|    total_timesteps      | 835584       |
| train/                  |              |
|    approx_kl            | 0.0063310466 |
|    clip_fraction        | 0.066        |
|    clip_range           | 0.2          |
|    entropy_loss         | -1.25        |
|    explained_variance   | 0.345        |
|    learning_rate        | 0.0003       |
|    loss                 | 0.131        |
|    n_updates            | 165          |
|    policy_gradient_loss | -0.00429     |
|    value_loss           | 0.338        |
------------------------------------------
-----------------------------------------
| rollout/                |             |
|    ep_len_mean          | 45.8        |
|    ep_rew_mean          | 139         |
| time/                   |             |
|    fps                  | 558         |
|    iterations           | 35          |
|    time_elapsed         | 1539        |
|    total_timesteps      | 860160      |
| train/                  |             |
|    approx_kl            | 0.005559914 |
|    clip_fraction        | 0.0627      |
|    clip_range           | 0.2         |
|    entropy_loss         | -1.23       |
|    explained_variance   | 0.364       |
|    learning_rate        | 0.0003      |
|    loss                 | 0.134       |
|    n_updates            | 170         |
|    policy_gradient_loss | -0.00352    |
|    value_loss           | 0.271       |
-----------------------------------------
-----------------------------------------
| rollout/                |             |
|    ep_len_mean          | 44.5        |
|    ep_rew_mean          | 143         |
| time/                   |             |
|    fps                  | 558         |
|    iterations           | 36          |
|    time_elapsed         | 1585        |
|    total_timesteps      | 884736      |
| train/                  |             |
|    approx_kl            | 0.005672311 |
|    clip_fraction        | 0.0493      |
|    clip_range           | 0.2         |
|    entropy_loss         | -1.2        |
|    explained_variance   | 0.364       |
|    learning_rate        | 0.0003      |
|    loss                 | 0.129       |
|    n_updates            | 175         |
|    policy_gradient_loss | -0.00336    |
|    value_loss           | 0.236       |
-----------------------------------------
-----------------------------------------
| rollout/                |             |
|    ep_len_mean          | 44.8        |
|    ep_rew_mean          | 142         |
| time/                   |             |
|    fps                  | 558         |
|    iterations           | 37          |
|    time_elapsed         | 1629        |
|    total_timesteps      | 909312      |
| train/                  |             |
|    approx_kl            | 0.005782086 |
|    clip_fraction        | 0.0644      |
|    clip_range           | 0.2         |
|    entropy_loss         | -1.18       |
|    explained_variance   | 0.421       |
|    learning_rate        | 0.0003      |
|    loss                 | 0.129       |
|    n_updates            | 180         |
|    policy_gradient_loss | -0.00371    |
|    value_loss           | 0.205       |
-----------------------------------------
-----------------------------------------
| rollout/                |             |
|    ep_len_mean          | 43.6        |
|    ep_rew_mean          | 142         |
| time/                   |             |
|    fps                  | 558         |
|    iterations           | 38          |
|    time_elapsed         | 1672        |
|    total_timesteps      | 933888      |
| train/                  |             |
|    approx_kl            | 0.004739111 |
|    clip_fraction        | 0.0469      |
|    clip_range           | 0.2         |
|    entropy_loss         | -1.14       |
|    explained_variance   | 0.355       |
|    learning_rate        | 0.0003      |
|    loss                 | 0.0714      |
|    n_updates            | 185         |
|    policy_gradient_loss | -0.0027     |
|    value_loss           | 0.208       |
-----------------------------------------
-----------------------------------------
| rollout/                |             |
|    ep_len_mean          | 44.4        |
|    ep_rew_mean          | 142         |
| time/                   |             |
|    fps                  | 558         |
|    iterations           | 39          |
|    time_elapsed         | 1715        |
|    total_timesteps      | 958464      |
| train/                  |             |
|    approx_kl            | 0.004731514 |
|    clip_fraction        | 0.0475      |
|    clip_range           | 0.2         |
|    entropy_loss         | -1.14       |
|    explained_variance   | 0.408       |
|    learning_rate        | 0.0003      |
|    loss                 | 0.0375      |
|    n_updates            | 190         |
|    policy_gradient_loss | -0.00223    |
|    value_loss           | 0.158       |
-----------------------------------------
------------------------------------------
| rollout/                |              |
|    ep_len_mean          | 43.7         |
|    ep_rew_mean          | 142          |
| time/                   |              |
|    fps                  | 559          |
|    iterations           | 40           |
|    time_elapsed         | 1758         |
|    total_timesteps      | 983040       |
| train/                  |              |
|    approx_kl            | 0.0041941255 |
|    clip_fraction        | 0.0385       |
|    clip_range           | 0.2          |
|    entropy_loss         | -1.11        |
|    explained_variance   | 0.422        |
|    learning_rate        | 0.0003       |
|    loss                 | 0.0614       |
|    n_updates            | 195          |
|    policy_gradient_loss | -0.00195     |
|    value_loss           | 0.182        |
------------------------------------------
[Checkpoint] Saved at 1000000 steps > /home/runner/work/Disciples2-RL/Disciples2-RL/github_experiments/129/hire_train/orc/seed129-hire_train-orc-32272044004-1/checkpoints/campaign_ppo_step_1000000.zip
Eval num_timesteps=1000008, det_reward=145.63 +/- 0.05
Episode length: det=39.35 +/- 0.79
Victory rate: det=100.00%
--------------------------------------------------
| eval/                           |              |
|    deterministic_mean_ep_length | 39.4         |
|    deterministic_mean_reward    | 146          |
|    deterministic_victory_rate   | 1            |
|    mean_ep_length               | 39.4         |
|    mean_reward                  | 146          |
|    victory_rate                 | 1            |
| time/                           |              |
|    total_timesteps              | 1000008      |
| train/                          |              |
|    approx_kl                    | 0.0043338854 |
|    clip_fraction                | 0.0453       |
|    clip_range                   | 0.2          |
|    entropy_loss                 | -1.1         |
|    explained_variance           | 0.383        |
|    learning_rate                | 0.0003       |
|    loss                         | 0.062        |
|    n_updates                    | 200          |
|    policy_gradient_loss         | -0.00294     |
|    value_loss                   | 0.211        |
--------------------------------------------------
New best model by deterministic victory rate!
---------------------------------
| rollout/           |          |
|    ep_len_mean     | 43.2     |
|    ep_rew_mean     | 144      |
| time/              |          |
|    fps             | 558      |
|    iterations      | 41       |
|    time_elapsed    | 1803     |
|    total_timesteps | 1007616  |
---------------------------------
VecNormalize stats saved: /home/runner/work/Disciples2-RL/Disciples2-RL/github_experiments/129/hire_train/orc/seed129-hire_train-orc-32272044004-1/models/vecnormalize.pkl

Финальная модель сохранена: /home/runner/work/Disciples2-RL/Disciples2-RL/github_experiments/129/hire_train/orc/seed129-hire_train-orc-32272044004-1/models/final_model.zip

============================================================
ИТОГИ ОБУЧЕНИЯ:
  Побед: 13039
  Поражений: 2576
  Таймаутов: 0
  Побед бота столицы над врагами: 0
  Перестановок юнитов: 170979
  Терминальные поражения по противникам:
    enemy_1: 2576 — Целевой отряд: Орк слева, два Гоблина впереди и Гоблин лучник сзади
  Winrate: 83.5%
============================================================
  График призывов за эпизод: /home/runner/work/Disciples2-RL/Disciples2-RL/github_experiments/129/hire_train/orc/seed129-hire_train-orc-32272044004-1/plots/campaign_summoned_units_per_episode.png
  График призывов за всё обучение: /home/runner/work/Disciples2-RL/Disciples2-RL/github_experiments/129/hire_train/orc/seed129-hire_train-orc-32272044004-1/plots/campaign_summoned_units_cumulative.png
  График найма за эпизод: /home/runner/work/Disciples2-RL/Disciples2-RL/github_experiments/129/hire_train/orc/seed129-hire_train-orc-32272044004-1/plots/campaign_hired_units_per_episode.png
  График найма за всё обучение: /home/runner/work/Disciples2-RL/Disciples2-RL/github_experiments/129/hire_train/orc/seed129-hire_train-orc-32272044004-1/plots/campaign_hired_units_cumulative.png
  График перестановок юнитов за эпизод: /home/runner/work/Disciples2-RL/Disciples2-RL/github_experiments/129/hire_train/orc/seed129-hire_train-orc-32272044004-1/plots/campaign_unit_swaps_per_episode.png
  График боевых предметов: /home/runner/work/Disciples2-RL/Disciples2-RL/github_experiments/129/hire_train/orc/seed129-hire_train-orc-32272044004-1/plots/campaign_battle_item_activity.png
  График побед бота столицы за эпизод: /home/runner/work/Disciples2-RL/Disciples2-RL/github_experiments/129/hire_train/orc/seed129-hire_train-orc-32272044004-1/plots/campaign_scripted_bot_victories_per_episode.png
  График применения заклинаний: /home/runner/work/Disciples2-RL/Disciples2-RL/github_experiments/129/hire_train/orc/seed129-hire_train-orc-32272044004-1/plots/campaign_spell_cast_activity.png
