Проверка среды CampaignEnv...
Среда прошла проверку!
[INFO] Comet disabled, running without experiment tracking
Создание 12 параллельных сред (subproc)...
Инициализация MaskablePPO...
Using cpu device

============================================================
Запуск обучения Campaign Agent
Всего шагов: 1,000,000
Параллельных сред: 12
VecEnv: subproc
VecEnv start method: forkserver
Seed: 121
Checkpoint каждые: 500,000 шагов
Evaluation каждые: 83,334 шагов
Eval deterministic эпизодов: 20
Eval stochastic эпизодов: 0
Eval лимит шагов на эпизод: 5000
Campaign map: default
Campaign objective: cities
System resources at training start:
  Platform: Linux 6.17.0-1020-azure (x86_64)
  Python: 3.14.6
  PyTorch: 2.13.0+cpu
  Training device: cpu
  CPU model: AMD EPYC 9V74 80-Core Processor
  CPU vendor: AuthenticAMD
  Logical CPUs visible: 4
  Process CPU affinity: 4
  Sockets: 1
  Cores per socket: 2
  Threads per core: 2
  CPU max MHz: unknown
  CPU min MHz: unknown
  L1d cache: 64 KiB (2 instances)
  L1i cache: 64 KiB (2 instances)
  L2 cache: 2 MiB (2 instances)
  L3 cache: 32 MiB (1 instance)
  Virtualization: AMD-V
  Hypervisor: Microsoft
  RAM total: 15.61 GiB
  RAM available at start: 13.91 GiB
  Disk total: 144.26 GiB
  Disk free at start: 84.08 GiB
  Torch intra-op threads: 4
  Torch inter-op threads: 2
  OMP_NUM_THREADS: 4
  MKL_NUM_THREADS: 4
  OPENBLAS_NUM_THREADS: 4
  GitHub runner OS: Linux
  GitHub runner architecture: X64
  GitHub runner environment: github-hosted
PPO n_steps: 2,048
PPO batch_size: 512
PPO n_epochs: 5
PPO learning_rate: 0.0003
PPO clip_range: 0.2
PPO ent_coef: 0.01
PPO gamma: 0.995
PPO gae_lambda: 0.95
PPO target_kl: disabled
PPO gradient batches per rollout: 240
VecCheckNan: disabled
Freeze action layout: enabled
Empire territory: enabled
Torch threads per process: 4
Diagnostics: disabled
Wall-clock training limit: disabled
Run ID: seed121-default-cities-30236007683-1
============================================================

Logging to /home/runner/work/Disciples2-RL/Disciples2-RL/github_experiments/121/default/cities/seed121-default-cities-30236007683-1/tensorboard/MaskablePPO_1
------------------------------
| time/              |       |
|    fps             | 370   |
|    iterations      | 1     |
|    time_elapsed    | 66    |
|    total_timesteps | 24576 |
------------------------------
------------------------------------------
| rollout/                |              |
|    ep_len_mean          | 3.12e+03     |
|    ep_rew_mean          | 126          |
| time/                   |              |
|    fps                  | 350          |
|    iterations           | 2            |
|    time_elapsed         | 140          |
|    total_timesteps      | 49152        |
| train/                  |              |
|    approx_kl            | 0.0078111948 |
|    clip_fraction        | 0.0406       |
|    clip_range           | 0.2          |
|    entropy_loss         | -2.26        |
|    explained_variance   | 0.0487       |
|    learning_rate        | 0.0003       |
|    loss                 | 0.00703      |
|    n_updates            | 5            |
|    policy_gradient_loss | -0.00467     |
|    value_loss           | 0.111        |
------------------------------------------
----------------------------------------
| rollout/                |            |
|    ep_len_mean          | 4.38e+03   |
|    ep_rew_mean          | 56.7       |
| time/                   |            |
|    fps                  | 346        |
|    iterations           | 3          |
|    time_elapsed         | 213        |
|    total_timesteps      | 73728      |
| train/                  |            |
|    approx_kl            | 0.00948462 |
|    clip_fraction        | 0.0765     |
|    clip_range           | 0.2        |
|    entropy_loss         | -2.25      |
|    explained_variance   | 0.334      |
|    learning_rate        | 0.0003     |
|    loss                 | -0.00755   |
|    n_updates            | 10         |
|    policy_gradient_loss | -0.00528   |
|    value_loss           | 0.0529     |
----------------------------------------
-----------------------------------------
| rollout/                |             |
|    ep_len_mean          | 4.18e+03    |
|    ep_rew_mean          | 65.1        |
| time/                   |             |
|    fps                  | 345         |
|    iterations           | 4           |
|    time_elapsed         | 284         |
|    total_timesteps      | 98304       |
| train/                  |             |
|    approx_kl            | 0.008193366 |
|    clip_fraction        | 0.0623      |
|    clip_range           | 0.2         |
|    entropy_loss         | -2.21       |
|    explained_variance   | 0.649       |
|    learning_rate        | 0.0003      |
|    loss                 | -0.00837    |
|    n_updates            | 15          |
|    policy_gradient_loss | -0.00523    |
|    value_loss           | 0.0554      |
-----------------------------------------
----------------------------------------
| rollout/                |            |
|    ep_len_mean          | 4.5e+03    |
|    ep_rew_mean          | 43.8       |
| time/                   |            |
|    fps                  | 343        |
|    iterations           | 5          |
|    time_elapsed         | 357        |
|    total_timesteps      | 122880     |
| train/                  |            |
|    approx_kl            | 0.00716329 |
|    clip_fraction        | 0.0451     |
|    clip_range           | 0.2        |
|    entropy_loss         | -2.19      |
|    explained_variance   | 0.58       |
|    learning_rate        | 0.0003     |
|    loss                 | -0.015     |
|    n_updates            | 20         |
|    policy_gradient_loss | -0.00426   |
|    value_loss           | 0.0396     |
----------------------------------------
-----------------------------------------
| rollout/                |             |
|    ep_len_mean          | 4.21e+03    |
|    ep_rew_mean          | 56.3        |
| time/                   |             |
|    fps                  | 343         |
|    iterations           | 6           |
|    time_elapsed         | 429         |
|    total_timesteps      | 147456      |
| train/                  |             |
|    approx_kl            | 0.010240569 |
|    clip_fraction        | 0.11        |
|    clip_range           | 0.2         |
|    entropy_loss         | -2.17       |
|    explained_variance   | 0.905       |
|    learning_rate        | 0.0003      |
|    loss                 | -0.0244     |
|    n_updates            | 25          |
|    policy_gradient_loss | -0.00674    |
|    value_loss           | 0.0145      |
-----------------------------------------
-----------------------------------------
| rollout/                |             |
|    ep_len_mean          | 3.93e+03    |
|    ep_rew_mean          | 66.4        |
| time/                   |             |
|    fps                  | 340         |
|    iterations           | 7           |
|    time_elapsed         | 504         |
|    total_timesteps      | 172032      |
| train/                  |             |
|    approx_kl            | 0.008623252 |
|    clip_fraction        | 0.0712      |
|    clip_range           | 0.2         |
|    entropy_loss         | -2.18       |
|    explained_variance   | 0.697       |
|    learning_rate        | 0.0003      |
|    loss                 | -0.000822   |
|    n_updates            | 30          |
|    policy_gradient_loss | -0.00482    |
|    value_loss           | 0.0638      |
-----------------------------------------
-----------------------------------------
| rollout/                |             |
|    ep_len_mean          | 4.03e+03    |
|    ep_rew_mean          | 67.5        |
| time/                   |             |
|    fps                  | 339         |
|    iterations           | 8           |
|    time_elapsed         | 578         |
|    total_timesteps      | 196608      |
| train/                  |             |
|    approx_kl            | 0.008454537 |
|    clip_fraction        | 0.0808      |
|    clip_range           | 0.2         |
|    entropy_loss         | -2.17       |
|    explained_variance   | 0.767       |
|    learning_rate        | 0.0003      |
|    loss                 | -0.0097     |
|    n_updates            | 35          |
|    policy_gradient_loss | -0.00606    |
|    value_loss           | 0.0596      |
-----------------------------------------
-----------------------------------------
| rollout/                |             |
|    ep_len_mean          | 4.12e+03    |
|    ep_rew_mean          | 74.2        |
| time/                   |             |
|    fps                  | 340         |
|    iterations           | 9           |
|    time_elapsed         | 650         |
|    total_timesteps      | 221184      |
| train/                  |             |
|    approx_kl            | 0.009098477 |
|    clip_fraction        | 0.0948      |
|    clip_range           | 0.2         |
|    entropy_loss         | -2.14       |
|    explained_variance   | 0.808       |
|    learning_rate        | 0.0003      |
|    loss                 | -0.0209     |
|    n_updates            | 40          |
|    policy_gradient_loss | -0.00742    |
|    value_loss           | 0.0302      |
-----------------------------------------
-----------------------------------------
| rollout/                |             |
|    ep_len_mean          | 4.17e+03    |
|    ep_rew_mean          | 77.4        |
| time/                   |             |
|    fps                  | 340         |
|    iterations           | 10          |
|    time_elapsed         | 722         |
|    total_timesteps      | 245760      |
| train/                  |             |
|    approx_kl            | 0.008387361 |
|    clip_fraction        | 0.0714      |
|    clip_range           | 0.2         |
|    entropy_loss         | -2.13       |
|    explained_variance   | 0.912       |
|    learning_rate        | 0.0003      |
|    loss                 | -0.0184     |
|    n_updates            | 45          |
|    policy_gradient_loss | -0.00723    |
|    value_loss           | 0.0369      |
-----------------------------------------
-----------------------------------------
| rollout/                |             |
|    ep_len_mean          | 4.23e+03    |
|    ep_rew_mean          | 83.1        |
| time/                   |             |
|    fps                  | 340         |
|    iterations           | 11          |
|    time_elapsed         | 793         |
|    total_timesteps      | 270336      |
| train/                  |             |
|    approx_kl            | 0.008146581 |
|    clip_fraction        | 0.0775      |
|    clip_range           | 0.2         |
|    entropy_loss         | -2.13       |
|    explained_variance   | 0.858       |
|    learning_rate        | 0.0003      |
|    loss                 | -0.0158     |
|    n_updates            | 50          |
|    policy_gradient_loss | -0.00711    |
|    value_loss           | 0.0244      |
-----------------------------------------
-----------------------------------------
| rollout/                |             |
|    ep_len_mean          | 4.07e+03    |
|    ep_rew_mean          | 86.7        |
| time/                   |             |
|    fps                  | 340         |
|    iterations           | 12          |
|    time_elapsed         | 865         |
|    total_timesteps      | 294912      |
| train/                  |             |
|    approx_kl            | 0.008328699 |
|    clip_fraction        | 0.0794      |
|    clip_range           | 0.2         |
|    entropy_loss         | -2.07       |
|    explained_variance   | 0.871       |
|    learning_rate        | 0.0003      |
|    loss                 | -0.0251     |
|    n_updates            | 55          |
|    policy_gradient_loss | -0.00644    |
|    value_loss           | 0.0366      |
-----------------------------------------
----------------------------------------
| rollout/                |            |
|    ep_len_mean          | 4.06e+03   |
|    ep_rew_mean          | 83.8       |
| time/                   |            |
|    fps                  | 340        |
|    iterations           | 13         |
|    time_elapsed         | 937        |
|    total_timesteps      | 319488     |
| train/                  |            |
|    approx_kl            | 0.00897513 |
|    clip_fraction        | 0.0872     |
|    clip_range           | 0.2        |
|    entropy_loss         | -2.09      |
|    explained_variance   | 0.789      |
|    learning_rate        | 0.0003     |
|    loss                 | -0.023     |
|    n_updates            | 60         |
|    policy_gradient_loss | -0.00666   |
|    value_loss           | 0.0325     |
----------------------------------------
-----------------------------------------
| rollout/                |             |
|    ep_len_mean          | 3.98e+03    |
|    ep_rew_mean          | 92.1        |
| time/                   |             |
|    fps                  | 340         |
|    iterations           | 14          |
|    time_elapsed         | 1010        |
|    total_timesteps      | 344064      |
| train/                  |             |
|    approx_kl            | 0.008608782 |
|    clip_fraction        | 0.0838      |
|    clip_range           | 0.2         |
|    entropy_loss         | -2.12       |
|    explained_variance   | 0.891       |
|    learning_rate        | 0.0003      |
|    loss                 | -0.028      |
|    n_updates            | 65          |
|    policy_gradient_loss | -0.00621    |
|    value_loss           | 0.0276      |
-----------------------------------------
-----------------------------------------
| rollout/                |             |
|    ep_len_mean          | 3.84e+03    |
|    ep_rew_mean          | 98.3        |
| time/                   |             |
|    fps                  | 340         |
|    iterations           | 15          |
|    time_elapsed         | 1083        |
|    total_timesteps      | 368640      |
| train/                  |             |
|    approx_kl            | 0.008245113 |
|    clip_fraction        | 0.077       |
|    clip_range           | 0.2         |
|    entropy_loss         | -2.12       |
|    explained_variance   | 0.841       |
|    learning_rate        | 0.0003      |
|    loss                 | -0.00294    |
|    n_updates            | 70          |
|    policy_gradient_loss | -0.0063     |
|    value_loss           | 0.0555      |
-----------------------------------------
-----------------------------------------
| rollout/                |             |
|    ep_len_mean          | 3.71e+03    |
|    ep_rew_mean          | 103         |
| time/                   |             |
|    fps                  | 339         |
|    iterations           | 16          |
|    time_elapsed         | 1156        |
|    total_timesteps      | 393216      |
| train/                  |             |
|    approx_kl            | 0.009993992 |
|    clip_fraction        | 0.113       |
|    clip_range           | 0.2         |
|    entropy_loss         | -2.06       |
|    explained_variance   | 0.879       |
|    learning_rate        | 0.0003      |
|    loss                 | -0.00787    |
|    n_updates            | 75          |
|    policy_gradient_loss | -0.00587    |
|    value_loss           | 0.0378      |
-----------------------------------------
-----------------------------------------
| rollout/                |             |
|    ep_len_mean          | 3.4e+03     |
|    ep_rew_mean          | 116         |
| time/                   |             |
|    fps                  | 340         |
|    iterations           | 17          |
|    time_elapsed         | 1227        |
|    total_timesteps      | 417792      |
| train/                  |             |
|    approx_kl            | 0.009260655 |
|    clip_fraction        | 0.104       |
|    clip_range           | 0.2         |
|    entropy_loss         | -2.12       |
|    explained_variance   | 0.872       |
|    learning_rate        | 0.0003      |
|    loss                 | -0.0117     |
|    n_updates            | 80          |
|    policy_gradient_loss | -0.00751    |
|    value_loss           | 0.0427      |
-----------------------------------------
-----------------------------------------
| rollout/                |             |
|    ep_len_mean          | 3.14e+03    |
|    ep_rew_mean          | 130         |
| time/                   |             |
|    fps                  | 339         |
|    iterations           | 18          |
|    time_elapsed         | 1301        |
|    total_timesteps      | 442368      |
| train/                  |             |
|    approx_kl            | 0.010909316 |
|    clip_fraction        | 0.119       |
|    clip_range           | 0.2         |
|    entropy_loss         | -2.09       |
|    explained_variance   | 0.922       |
|    learning_rate        | 0.0003      |
|    loss                 | -0.0092     |
|    n_updates            | 85          |
|    policy_gradient_loss | -0.00697    |
|    value_loss           | 0.037       |
-----------------------------------------
-----------------------------------------
| rollout/                |             |
|    ep_len_mean          | 3.05e+03    |
|    ep_rew_mean          | 134         |
| time/                   |             |
|    fps                  | 340         |
|    iterations           | 19          |
|    time_elapsed         | 1373        |
|    total_timesteps      | 466944      |
| train/                  |             |
|    approx_kl            | 0.008619986 |
|    clip_fraction        | 0.09        |
|    clip_range           | 0.2         |
|    entropy_loss         | -2.14       |
|    explained_variance   | 0.903       |
|    learning_rate        | 0.0003      |
|    loss                 | -0.0203     |
|    n_updates            | 90          |
|    policy_gradient_loss | -0.00547    |
|    value_loss           | 0.0408      |
-----------------------------------------
-----------------------------------------
| rollout/                |             |
|    ep_len_mean          | 2.52e+03    |
|    ep_rew_mean          | 143         |
| time/                   |             |
|    fps                  | 340         |
|    iterations           | 20          |
|    time_elapsed         | 1445        |
|    total_timesteps      | 491520      |
| train/                  |             |
|    approx_kl            | 0.009719531 |
|    clip_fraction        | 0.107       |
|    clip_range           | 0.2         |
|    entropy_loss         | -2.12       |
|    explained_variance   | 0.93        |
|    learning_rate        | 0.0003      |
|    loss                 | -0.0102     |
|    n_updates            | 95          |
|    policy_gradient_loss | -0.00805    |
|    value_loss           | 0.0309      |
-----------------------------------------
[Checkpoint] Saved at 500000 steps > /home/runner/work/Disciples2-RL/Disciples2-RL/github_experiments/121/default/cities/seed121-default-cities-30236007683-1/checkpoints/campaign_ppo_step_500000.zip
-----------------------------------------
| rollout/                |             |
|    ep_len_mean          | 2.23e+03    |
|    ep_rew_mean          | 145         |
| time/                   |             |
|    fps                  | 340         |
|    iterations           | 21          |
|    time_elapsed         | 1516        |
|    total_timesteps      | 516096      |
| train/                  |             |
|    approx_kl            | 0.009034547 |
|    clip_fraction        | 0.103       |
|    clip_range           | 0.2         |
|    entropy_loss         | -2.09       |
|    explained_variance   | 0.905       |
|    learning_rate        | 0.0003      |
|    loss                 | -0.0116     |
|    n_updates            | 100         |
|    policy_gradient_loss | -0.0064     |
|    value_loss           | 0.0393      |
-----------------------------------------
-----------------------------------------
| rollout/                |             |
|    ep_len_mean          | 1.9e+03     |
|    ep_rew_mean          | 152         |
| time/                   |             |
|    fps                  | 340         |
|    iterations           | 22          |
|    time_elapsed         | 1588        |
|    total_timesteps      | 540672      |
| train/                  |             |
|    approx_kl            | 0.009424613 |
|    clip_fraction        | 0.106       |
|    clip_range           | 0.2         |
|    entropy_loss         | -2.06       |
|    explained_variance   | 0.939       |
|    learning_rate        | 0.0003      |
|    loss                 | -0.0213     |
|    n_updates            | 105         |
|    policy_gradient_loss | -0.00566    |
|    value_loss           | 0.0326      |
-----------------------------------------
-----------------------------------------
| rollout/                |             |
|    ep_len_mean          | 1.64e+03    |
|    ep_rew_mean          | 152         |
| time/                   |             |
|    fps                  | 340         |
|    iterations           | 23          |
|    time_elapsed         | 1660        |
|    total_timesteps      | 565248      |
| train/                  |             |
|    approx_kl            | 0.008942448 |
|    clip_fraction        | 0.0951      |
|    clip_range           | 0.2         |
|    entropy_loss         | -2.12       |
|    explained_variance   | 0.943       |
|    learning_rate        | 0.0003      |
|    loss                 | -0.00611    |
|    n_updates            | 110         |
|    policy_gradient_loss | -0.00633    |
|    value_loss           | 0.0374      |
-----------------------------------------
-----------------------------------------
| rollout/                |             |
|    ep_len_mean          | 1.42e+03    |
|    ep_rew_mean          | 148         |
| time/                   |             |
|    fps                  | 340         |
|    iterations           | 24          |
|    time_elapsed         | 1732        |
|    total_timesteps      | 589824      |
| train/                  |             |
|    approx_kl            | 0.008762521 |
|    clip_fraction        | 0.0927      |
|    clip_range           | 0.2         |
|    entropy_loss         | -2.09       |
|    explained_variance   | 0.938       |
|    learning_rate        | 0.0003      |
|    loss                 | -0.00838    |
|    n_updates            | 115         |
|    policy_gradient_loss | -0.00685    |
|    value_loss           | 0.0339      |
-----------------------------------------
------------------------------------------
| rollout/                |              |
|    ep_len_mean          | 1.23e+03     |
|    ep_rew_mean          | 147          |
| time/                   |              |
|    fps                  | 340          |
|    iterations           | 25           |
|    time_elapsed         | 1803         |
|    total_timesteps      | 614400       |
| train/                  |              |
|    approx_kl            | 0.0079589095 |
|    clip_fraction        | 0.0799       |
|    clip_range           | 0.2          |
|    entropy_loss         | -2.04        |
|    explained_variance   | 0.954        |
|    learning_rate        | 0.0003       |
|    loss                 | -0.0259      |
|    n_updates            | 120          |
|    policy_gradient_loss | -0.00456     |
|    value_loss           | 0.0272       |
------------------------------------------
-----------------------------------------
| rollout/                |             |
|    ep_len_mean          | 956         |
|    ep_rew_mean          | 147         |
| time/                   |             |
|    fps                  | 340         |
|    iterations           | 26          |
|    time_elapsed         | 1876        |
|    total_timesteps      | 638976      |
| train/                  |             |
|    approx_kl            | 0.009751607 |
|    clip_fraction        | 0.0977      |
|    clip_range           | 0.2         |
|    entropy_loss         | -2.06       |
|    explained_variance   | 0.962       |
|    learning_rate        | 0.0003      |
|    loss                 | -0.00317    |
|    n_updates            | 125         |
|    policy_gradient_loss | -0.00566    |
|    value_loss           | 0.0339      |
-----------------------------------------
-----------------------------------------
| rollout/                |             |
|    ep_len_mean          | 646         |
|    ep_rew_mean          | 148         |
| time/                   |             |
|    fps                  | 340         |
|    iterations           | 27          |
|    time_elapsed         | 1946        |
|    total_timesteps      | 663552      |
| train/                  |             |
|    approx_kl            | 0.009403625 |
|    clip_fraction        | 0.0962      |
|    clip_range           | 0.2         |
|    entropy_loss         | -2.03       |
|    explained_variance   | 0.952       |
|    learning_rate        | 0.0003      |
|    loss                 | -0.0192     |
|    n_updates            | 130         |
|    policy_gradient_loss | -0.00633    |
|    value_loss           | 0.037       |
-----------------------------------------
-----------------------------------------
| rollout/                |             |
|    ep_len_mean          | 481         |
|    ep_rew_mean          | 143         |
| time/                   |             |
|    fps                  | 340         |
|    iterations           | 28          |
|    time_elapsed         | 2019        |
|    total_timesteps      | 688128      |
| train/                  |             |
|    approx_kl            | 0.009516593 |
|    clip_fraction        | 0.102       |
|    clip_range           | 0.2         |
|    entropy_loss         | -2.02       |
|    explained_variance   | 0.974       |
|    learning_rate        | 0.0003      |
|    loss                 | -0.0318     |
|    n_updates            | 135         |
|    policy_gradient_loss | -0.0065     |
|    value_loss           | 0.0284      |
-----------------------------------------
-----------------------------------------
| rollout/                |             |
|    ep_len_mean          | 290         |
|    ep_rew_mean          | 148         |
| time/                   |             |
|    fps                  | 340         |
|    iterations           | 29          |
|    time_elapsed         | 2090        |
|    total_timesteps      | 712704      |
| train/                  |             |
|    approx_kl            | 0.009072412 |
|    clip_fraction        | 0.0894      |
|    clip_range           | 0.2         |
|    entropy_loss         | -1.89       |
|    explained_variance   | 0.969       |
|    learning_rate        | 0.0003      |
|    loss                 | -0.0127     |
|    n_updates            | 140         |
|    policy_gradient_loss | -0.00604    |
|    value_loss           | 0.0347      |
-----------------------------------------
-----------------------------------------
| rollout/                |             |
|    ep_len_mean          | 311         |
|    ep_rew_mean          | 152         |
| time/                   |             |
|    fps                  | 340         |
|    iterations           | 30          |
|    time_elapsed         | 2162        |
|    total_timesteps      | 737280      |
| train/                  |             |
|    approx_kl            | 0.008487538 |
|    clip_fraction        | 0.0959      |
|    clip_range           | 0.2         |
|    entropy_loss         | -1.83       |
|    explained_variance   | 0.965       |
|    learning_rate        | 0.0003      |
|    loss                 | 0.00756     |
|    n_updates            | 145         |
|    policy_gradient_loss | -0.00533    |
|    value_loss           | 0.0389      |
-----------------------------------------
-----------------------------------------
| rollout/                |             |
|    ep_len_mean          | 323         |
|    ep_rew_mean          | 153         |
| time/                   |             |
|    fps                  | 340         |
|    iterations           | 31          |
|    time_elapsed         | 2234        |
|    total_timesteps      | 761856      |
| train/                  |             |
|    approx_kl            | 0.010877808 |
|    clip_fraction        | 0.131       |
|    clip_range           | 0.2         |
|    entropy_loss         | -1.96       |
|    explained_variance   | 0.975       |
|    learning_rate        | 0.0003      |
|    loss                 | -0.0137     |
|    n_updates            | 150         |
|    policy_gradient_loss | -0.00667    |
|    value_loss           | 0.0207      |
-----------------------------------------
-----------------------------------------
| rollout/                |             |
|    ep_len_mean          | 318         |
|    ep_rew_mean          | 152         |
| time/                   |             |
|    fps                  | 341         |
|    iterations           | 32          |
|    time_elapsed         | 2306        |
|    total_timesteps      | 786432      |
| train/                  |             |
|    approx_kl            | 0.009119655 |
|    clip_fraction        | 0.103       |
|    clip_range           | 0.2         |
|    entropy_loss         | -1.85       |
|    explained_variance   | 0.981       |
|    learning_rate        | 0.0003      |
|    loss                 | -0.0112     |
|    n_updates            | 155         |
|    policy_gradient_loss | -0.00601    |
|    value_loss           | 0.0268      |
-----------------------------------------
-----------------------------------------
| rollout/                |             |
|    ep_len_mean          | 243         |
|    ep_rew_mean          | 152         |
| time/                   |             |
|    fps                  | 341         |
|    iterations           | 33          |
|    time_elapsed         | 2377        |
|    total_timesteps      | 811008      |
| train/                  |             |
|    approx_kl            | 0.009757251 |
|    clip_fraction        | 0.106       |
|    clip_range           | 0.2         |
|    entropy_loss         | -1.8        |
|    explained_variance   | 0.979       |
|    learning_rate        | 0.0003      |
|    loss                 | -0.0144     |
|    n_updates            | 160         |
|    policy_gradient_loss | -0.00517    |
|    value_loss           | 0.0252      |
-----------------------------------------
-----------------------------------------
| rollout/                |             |
|    ep_len_mean          | 193         |
|    ep_rew_mean          | 154         |
| time/                   |             |
|    fps                  | 341         |
|    iterations           | 34          |
|    time_elapsed         | 2448        |
|    total_timesteps      | 835584      |
| train/                  |             |
|    approx_kl            | 0.009048642 |
|    clip_fraction        | 0.0891      |
|    clip_range           | 0.2         |
|    entropy_loss         | -1.7        |
|    explained_variance   | 0.976       |
|    learning_rate        | 0.0003      |
|    loss                 | -0.0181     |
|    n_updates            | 165         |
|    policy_gradient_loss | -0.00387    |
|    value_loss           | 0.0254      |
-----------------------------------------
-----------------------------------------
| rollout/                |             |
|    ep_len_mean          | 222         |
|    ep_rew_mean          | 160         |
| time/                   |             |
|    fps                  | 341         |
|    iterations           | 35          |
|    time_elapsed         | 2522        |
|    total_timesteps      | 860160      |
| train/                  |             |
|    approx_kl            | 0.008454832 |
|    clip_fraction        | 0.0974      |
|    clip_range           | 0.2         |
|    entropy_loss         | -1.57       |
|    explained_variance   | 0.977       |
|    learning_rate        | 0.0003      |
|    loss                 | -0.0126     |
|    n_updates            | 170         |
|    policy_gradient_loss | -0.00556    |
|    value_loss           | 0.0262      |
-----------------------------------------
-----------------------------------------
| rollout/                |             |
|    ep_len_mean          | 194         |
|    ep_rew_mean          | 158         |
| time/                   |             |
|    fps                  | 341         |
|    iterations           | 36          |
|    time_elapsed         | 2593        |
|    total_timesteps      | 884736      |
| train/                  |             |
|    approx_kl            | 0.007832641 |
|    clip_fraction        | 0.0865      |
|    clip_range           | 0.2         |
|    entropy_loss         | -1.61       |
|    explained_variance   | 0.982       |
|    learning_rate        | 0.0003      |
|    loss                 | -0.000583   |
|    n_updates            | 175         |
|    policy_gradient_loss | -0.00418    |
|    value_loss           | 0.0207      |
-----------------------------------------
-----------------------------------------
| rollout/                |             |
|    ep_len_mean          | 209         |
|    ep_rew_mean          | 152         |
| time/                   |             |
|    fps                  | 341         |
|    iterations           | 37          |
|    time_elapsed         | 2663        |
|    total_timesteps      | 909312      |
| train/                  |             |
|    approx_kl            | 0.009862978 |
|    clip_fraction        | 0.0991      |
|    clip_range           | 0.2         |
|    entropy_loss         | -1.58       |
|    explained_variance   | 0.985       |
|    learning_rate        | 0.0003      |
|    loss                 | -0.0144     |
|    n_updates            | 180         |
|    policy_gradient_loss | -0.00426    |
|    value_loss           | 0.019       |
-----------------------------------------
------------------------------------------
| rollout/                |              |
|    ep_len_mean          | 204          |
|    ep_rew_mean          | 165          |
| time/                   |              |
|    fps                  | 341          |
|    iterations           | 38           |
|    time_elapsed         | 2734         |
|    total_timesteps      | 933888       |
| train/                  |              |
|    approx_kl            | 0.0072374954 |
|    clip_fraction        | 0.0718       |
|    clip_range           | 0.2          |
|    entropy_loss         | -1.48        |
|    explained_variance   | 0.986        |
|    learning_rate        | 0.0003       |
|    loss                 | -0.00737     |
|    n_updates            | 185          |
|    policy_gradient_loss | -0.00377     |
|    value_loss           | 0.0188       |
------------------------------------------
-----------------------------------------
| rollout/                |             |
|    ep_len_mean          | 211         |
|    ep_rew_mean          | 166         |
| time/                   |             |
|    fps                  | 341         |
|    iterations           | 39          |
|    time_elapsed         | 2805        |
|    total_timesteps      | 958464      |
| train/                  |             |
|    approx_kl            | 0.007078044 |
|    clip_fraction        | 0.0821      |
|    clip_range           | 0.2         |
|    entropy_loss         | -1.55       |
|    explained_variance   | 0.98        |
|    learning_rate        | 0.0003      |
|    loss                 | -0.017      |
|    n_updates            | 190         |
|    policy_gradient_loss | -0.00419    |
|    value_loss           | 0.0187      |
-----------------------------------------
---------------------------------------
| rollout/                |           |
|    ep_len_mean          | 201       |
|    ep_rew_mean          | 167       |
| time/                   |           |
|    fps                  | 341       |
|    iterations           | 40        |
|    time_elapsed         | 2876      |
|    total_timesteps      | 983040    |
| train/                  |           |
|    approx_kl            | 0.0100474 |
|    clip_fraction        | 0.0979    |
|    clip_range           | 0.2       |
|    entropy_loss         | -1.54     |
|    explained_variance   | 0.982     |
|    learning_rate        | 0.0003    |
|    loss                 | -0.0125   |
|    n_updates            | 195       |
|    policy_gradient_loss | -0.00378  |
|    value_loss           | 0.016     |
---------------------------------------
[Checkpoint] Saved at 1000000 steps > /home/runner/work/Disciples2-RL/Disciples2-RL/github_experiments/121/default/cities/seed121-default-cities-30236007683-1/checkpoints/campaign_ppo_step_1000000.zip
Eval num_timesteps=1000008, det_reward=139.40 +/- 3.16
Episode length: det=80.45 +/- 4.93
Victory rate: det=100.00%
--------------------------------------------------
| eval/                           |              |
|    deterministic_mean_ep_length | 80.5         |
|    deterministic_mean_reward    | 139          |
|    deterministic_victory_rate   | 1            |
|    mean_ep_length               | 80.5         |
|    mean_reward                  | 139          |
|    victory_rate                 | 1            |
| time/                           |              |
|    total_timesteps              | 1000008      |
| train/                          |              |
|    approx_kl                    | 0.0080406135 |
|    clip_fraction                | 0.102        |
|    clip_range                   | 0.2          |
|    entropy_loss                 | -1.43        |
|    explained_variance           | 0.982        |
|    learning_rate                | 0.0003       |
|    loss                         | -0.0158      |
|    n_updates                    | 200          |
|    policy_gradient_loss         | -0.00478     |
|    value_loss                   | 0.0159       |
--------------------------------------------------
New best model by deterministic victory rate!
---------------------------------
| rollout/           |          |
|    ep_len_mean     | 194      |
|    ep_rew_mean     | 168      |
| time/              |          |
|    fps             | 340      |
|    iterations      | 41       |
|    time_elapsed    | 2954     |
|    total_timesteps | 1007616  |
---------------------------------
VecNormalize stats saved: /home/runner/work/Disciples2-RL/Disciples2-RL/github_experiments/121/default/cities/seed121-default-cities-30236007683-1/models/vecnormalize.pkl

Финальная модель сохранена: /home/runner/work/Disciples2-RL/Disciples2-RL/github_experiments/121/default/cities/seed121-default-cities-30236007683-1/models/final_model.zip

============================================================
ИТОГИ ОБУЧЕНИЯ:
  Побед: 1673
  Поражений: 10
  Таймаутов: 34
  Побед бота столицы над врагами: 0
  Перестановок юнитов: 223572
  Терминальные поражения по противникам:
    enemy_75: 10 — Страж столицы Империи: Мизраэль
  Winrate: 97.4%
============================================================
  График призывов за эпизод: /home/runner/work/Disciples2-RL/Disciples2-RL/github_experiments/121/default/cities/seed121-default-cities-30236007683-1/plots/campaign_summoned_units_per_episode.png
  График призывов за всё обучение: /home/runner/work/Disciples2-RL/Disciples2-RL/github_experiments/121/default/cities/seed121-default-cities-30236007683-1/plots/campaign_summoned_units_cumulative.png
  График найма за эпизод: /home/runner/work/Disciples2-RL/Disciples2-RL/github_experiments/121/default/cities/seed121-default-cities-30236007683-1/plots/campaign_hired_units_per_episode.png
  График найма за всё обучение: /home/runner/work/Disciples2-RL/Disciples2-RL/github_experiments/121/default/cities/seed121-default-cities-30236007683-1/plots/campaign_hired_units_cumulative.png
  График перестановок юнитов за эпизод: /home/runner/work/Disciples2-RL/Disciples2-RL/github_experiments/121/default/cities/seed121-default-cities-30236007683-1/plots/campaign_unit_swaps_per_episode.png
  График боевых предметов: /home/runner/work/Disciples2-RL/Disciples2-RL/github_experiments/121/default/cities/seed121-default-cities-30236007683-1/plots/campaign_battle_item_activity.png
  График побед бота столицы за эпизод: /home/runner/work/Disciples2-RL/Disciples2-RL/github_experiments/121/default/cities/seed121-default-cities-30236007683-1/plots/campaign_scripted_bot_victories_per_episode.png
  График применения заклинаний: /home/runner/work/Disciples2-RL/Disciples2-RL/github_experiments/121/default/cities/seed121-default-cities-30236007683-1/plots/campaign_spell_cast_activity.png
