Проверка среды CampaignEnv...
Среда прошла проверку!
[INFO] Comet disabled, running without experiment tracking
Создание 12 параллельных сред (subproc)...
Инициализация MaskablePPO...
Using cpu device

============================================================
Запуск обучения Campaign Agent
Всего шагов: 1,000,000
Параллельных сред: 12
VecEnv: subproc
VecEnv start method: forkserver
Seed: 134
Checkpoint каждые: 500,000 шагов
Evaluation каждые: 83,334 шагов
Eval deterministic эпизодов: 20
Eval stochastic эпизодов: 0
Eval лимит шагов на эпизод: 5000
Campaign map: default
Campaign objective: full_party
System resources at training start:
  Platform: Linux 6.17.0-1022-azure (x86_64)
  Python: 3.14.7
  PyTorch: 2.13.0+cpu
  Training device: cpu
  CPU model: INTEL(R) XEON(R) PLATINUM 8573C
  CPU vendor: GenuineIntel
  Logical CPUs visible: 4
  Process CPU affinity: 4
  Sockets: 1
  Cores per socket: 2
  Threads per core: 2
  CPU max MHz: 2300.0000
  CPU min MHz: 800.0000
  L1d cache: 96 KiB (2 instances)
  L1i cache: 64 KiB (2 instances)
  L2 cache: 4 MiB (2 instances)
  L3 cache: 260 MiB (1 instance)
  Virtualization: VT-x
  Hypervisor: Microsoft
  RAM total: 15.61 GiB
  RAM available at start: 13.82 GiB
  Disk total: 144.26 GiB
  Disk free at start: 76.51 GiB
  Torch intra-op threads: 4
  Torch inter-op threads: 2
  OMP_NUM_THREADS: 4
  MKL_NUM_THREADS: 4
  OPENBLAS_NUM_THREADS: 4
  GitHub runner OS: Linux
  GitHub runner architecture: X64
  GitHub runner environment: github-hosted
PPO n_steps: 2,048
PPO batch_size: 512
PPO n_epochs: 5
PPO learning_rate: 0.0003
PPO clip_range: 0.2
PPO ent_coef: 0.01
PPO gamma: 0.995
PPO gae_lambda: 0.95
PPO target_kl: disabled
PPO gradient batches per rollout: 240
VecCheckNan: disabled
Freeze action layout: enabled
Empire territory: enabled
Torch threads per process: 4
Diagnostics: disabled
Wall-clock training limit: disabled
Run ID: seed134-default-full_party-33837274752-1
============================================================

Logging to /home/runner/work/Disciples2-RL/Disciples2-RL/github_experiments/134/default/full_party/seed134-default-full_party-33837274752-1/tensorboard/MaskablePPO_1
------------------------------
| time/              |       |
|    fps             | 488   |
|    iterations      | 1     |
|    time_elapsed    | 50    |
|    total_timesteps | 24576 |
------------------------------
-----------------------------------------
| rollout/                |             |
|    ep_len_mean          | 2.28e+03    |
|    ep_rew_mean          | 44.4        |
| time/                   |             |
|    fps                  | 481         |
|    iterations           | 2           |
|    time_elapsed         | 102         |
|    total_timesteps      | 49152       |
| train/                  |             |
|    approx_kl            | 0.010387595 |
|    clip_fraction        | 0.0543      |
|    clip_range           | 0.2         |
|    entropy_loss         | -2.26       |
|    explained_variance   | 0.103       |
|    learning_rate        | 0.0003      |
|    loss                 | 0.000818    |
|    n_updates            | 5           |
|    policy_gradient_loss | -0.00666    |
|    value_loss           | 0.102       |
-----------------------------------------
-----------------------------------------
| rollout/                |             |
|    ep_len_mean          | 4.76e+03    |
|    ep_rew_mean          | -15.8       |
| time/                   |             |
|    fps                  | 478         |
|    iterations           | 3           |
|    time_elapsed         | 153         |
|    total_timesteps      | 73728       |
| train/                  |             |
|    approx_kl            | 0.009911716 |
|    clip_fraction        | 0.0839      |
|    clip_range           | 0.2         |
|    entropy_loss         | -2.21       |
|    explained_variance   | 0.385       |
|    learning_rate        | 0.0003      |
|    loss                 | -0.0257     |
|    n_updates            | 10          |
|    policy_gradient_loss | -0.00639    |
|    value_loss           | 0.0251      |
-----------------------------------------
------------------------------------------
| rollout/                |              |
|    ep_len_mean          | 4.47e+03     |
|    ep_rew_mean          | -11.7        |
| time/                   |              |
|    fps                  | 476          |
|    iterations           | 4            |
|    time_elapsed         | 206          |
|    total_timesteps      | 98304        |
| train/                  |              |
|    approx_kl            | 0.0073435954 |
|    clip_fraction        | 0.0531       |
|    clip_range           | 0.2          |
|    entropy_loss         | -2.16        |
|    explained_variance   | 0.69         |
|    learning_rate        | 0.0003       |
|    loss                 | -0.0169      |
|    n_updates            | 15           |
|    policy_gradient_loss | -0.00588     |
|    value_loss           | 0.0334       |
------------------------------------------
-----------------------------------------
| rollout/                |             |
|    ep_len_mean          | 4.7e+03     |
|    ep_rew_mean          | 2.68        |
| time/                   |             |
|    fps                  | 472         |
|    iterations           | 5           |
|    time_elapsed         | 259         |
|    total_timesteps      | 122880      |
| train/                  |             |
|    approx_kl            | 0.009442129 |
|    clip_fraction        | 0.0852      |
|    clip_range           | 0.2         |
|    entropy_loss         | -2.16       |
|    explained_variance   | 0.737       |
|    learning_rate        | 0.0003      |
|    loss                 | -0.0204     |
|    n_updates            | 20          |
|    policy_gradient_loss | -0.00519    |
|    value_loss           | 0.0169      |
-----------------------------------------
-----------------------------------------
| rollout/                |             |
|    ep_len_mean          | 4.44e+03    |
|    ep_rew_mean          | 10.7        |
| time/                   |             |
|    fps                  | 468         |
|    iterations           | 6           |
|    time_elapsed         | 314         |
|    total_timesteps      | 147456      |
| train/                  |             |
|    approx_kl            | 0.010316951 |
|    clip_fraction        | 0.103       |
|    clip_range           | 0.2         |
|    entropy_loss         | -2.21       |
|    explained_variance   | 0.738       |
|    learning_rate        | 0.0003      |
|    loss                 | -0.0196     |
|    n_updates            | 25          |
|    policy_gradient_loss | -0.00974    |
|    value_loss           | 0.0319      |
-----------------------------------------
-----------------------------------------
| rollout/                |             |
|    ep_len_mean          | 4.08e+03    |
|    ep_rew_mean          | 10.5        |
| time/                   |             |
|    fps                  | 465         |
|    iterations           | 7           |
|    time_elapsed         | 369         |
|    total_timesteps      | 172032      |
| train/                  |             |
|    approx_kl            | 0.009470154 |
|    clip_fraction        | 0.0755      |
|    clip_range           | 0.2         |
|    entropy_loss         | -2.15       |
|    explained_variance   | 0.323       |
|    learning_rate        | 0.0003      |
|    loss                 | -0.0104     |
|    n_updates            | 30          |
|    policy_gradient_loss | -0.0063     |
|    value_loss           | 0.0296      |
-----------------------------------------
-----------------------------------------
| rollout/                |             |
|    ep_len_mean          | 4.06e+03    |
|    ep_rew_mean          | 23.4        |
| time/                   |             |
|    fps                  | 463         |
|    iterations           | 8           |
|    time_elapsed         | 424         |
|    total_timesteps      | 196608      |
| train/                  |             |
|    approx_kl            | 0.009271787 |
|    clip_fraction        | 0.0779      |
|    clip_range           | 0.2         |
|    entropy_loss         | -2.19       |
|    explained_variance   | 0.734       |
|    learning_rate        | 0.0003      |
|    loss                 | -0.0184     |
|    n_updates            | 35          |
|    policy_gradient_loss | -0.0073     |
|    value_loss           | 0.0326      |
-----------------------------------------
-----------------------------------------
| rollout/                |             |
|    ep_len_mean          | 4.17e+03    |
|    ep_rew_mean          | 33.1        |
| time/                   |             |
|    fps                  | 461         |
|    iterations           | 9           |
|    time_elapsed         | 479         |
|    total_timesteps      | 221184      |
| train/                  |             |
|    approx_kl            | 0.008819536 |
|    clip_fraction        | 0.0728      |
|    clip_range           | 0.2         |
|    entropy_loss         | -2.19       |
|    explained_variance   | 0.806       |
|    learning_rate        | 0.0003      |
|    loss                 | -0.0246     |
|    n_updates            | 40          |
|    policy_gradient_loss | -0.00664    |
|    value_loss           | 0.0333      |
-----------------------------------------
------------------------------------------
| rollout/                |              |
|    ep_len_mean          | 4.24e+03     |
|    ep_rew_mean          | 35.4         |
| time/                   |              |
|    fps                  | 461          |
|    iterations           | 10           |
|    time_elapsed         | 532          |
|    total_timesteps      | 245760       |
| train/                  |              |
|    approx_kl            | 0.0073015518 |
|    clip_fraction        | 0.0564       |
|    clip_range           | 0.2          |
|    entropy_loss         | -2.16        |
|    explained_variance   | 0.87         |
|    learning_rate        | 0.0003       |
|    loss                 | -0.0143      |
|    n_updates            | 45           |
|    policy_gradient_loss | -0.00513     |
|    value_loss           | 0.0265       |
------------------------------------------
-----------------------------------------
| rollout/                |             |
|    ep_len_mean          | 4.21e+03    |
|    ep_rew_mean          | 47.6        |
| time/                   |             |
|    fps                  | 461         |
|    iterations           | 11          |
|    time_elapsed         | 586         |
|    total_timesteps      | 270336      |
| train/                  |             |
|    approx_kl            | 0.007248243 |
|    clip_fraction        | 0.049       |
|    clip_range           | 0.2         |
|    entropy_loss         | -2.15       |
|    explained_variance   | 0.864       |
|    learning_rate        | 0.0003      |
|    loss                 | -0.0201     |
|    n_updates            | 50          |
|    policy_gradient_loss | -0.00562    |
|    value_loss           | 0.0305      |
-----------------------------------------
-----------------------------------------
| rollout/                |             |
|    ep_len_mean          | 4.22e+03    |
|    ep_rew_mean          | 51.3        |
| time/                   |             |
|    fps                  | 461         |
|    iterations           | 12          |
|    time_elapsed         | 638         |
|    total_timesteps      | 294912      |
| train/                  |             |
|    approx_kl            | 0.008714007 |
|    clip_fraction        | 0.0866      |
|    clip_range           | 0.2         |
|    entropy_loss         | -2.15       |
|    explained_variance   | 0.91        |
|    learning_rate        | 0.0003      |
|    loss                 | -0.0211     |
|    n_updates            | 55          |
|    policy_gradient_loss | -0.0075     |
|    value_loss           | 0.0267      |
-----------------------------------------
-----------------------------------------
| rollout/                |             |
|    ep_len_mean          | 4.26e+03    |
|    ep_rew_mean          | 55.4        |
| time/                   |             |
|    fps                  | 464         |
|    iterations           | 13          |
|    time_elapsed         | 688         |
|    total_timesteps      | 319488      |
| train/                  |             |
|    approx_kl            | 0.008328419 |
|    clip_fraction        | 0.0725      |
|    clip_range           | 0.2         |
|    entropy_loss         | -2.09       |
|    explained_variance   | 0.923       |
|    learning_rate        | 0.0003      |
|    loss                 | -0.0325     |
|    n_updates            | 60          |
|    policy_gradient_loss | -0.00673    |
|    value_loss           | 0.0174      |
-----------------------------------------
-----------------------------------------
| rollout/                |             |
|    ep_len_mean          | 4.28e+03    |
|    ep_rew_mean          | 56.3        |
| time/                   |             |
|    fps                  | 466         |
|    iterations           | 14          |
|    time_elapsed         | 737         |
|    total_timesteps      | 344064      |
| train/                  |             |
|    approx_kl            | 0.008783838 |
|    clip_fraction        | 0.0964      |
|    clip_range           | 0.2         |
|    entropy_loss         | -2.07       |
|    explained_variance   | 0.946       |
|    learning_rate        | 0.0003      |
|    loss                 | -0.0297     |
|    n_updates            | 65          |
|    policy_gradient_loss | -0.00769    |
|    value_loss           | 0.0253      |
-----------------------------------------
-----------------------------------------
| rollout/                |             |
|    ep_len_mean          | 4.33e+03    |
|    ep_rew_mean          | 50.2        |
| time/                   |             |
|    fps                  | 468         |
|    iterations           | 15          |
|    time_elapsed         | 786         |
|    total_timesteps      | 368640      |
| train/                  |             |
|    approx_kl            | 0.007121788 |
|    clip_fraction        | 0.0634      |
|    clip_range           | 0.2         |
|    entropy_loss         | -2.04       |
|    explained_variance   | 0.937       |
|    learning_rate        | 0.0003      |
|    loss                 | -0.027      |
|    n_updates            | 70          |
|    policy_gradient_loss | -0.0049     |
|    value_loss           | 0.014       |
-----------------------------------------
-----------------------------------------
| rollout/                |             |
|    ep_len_mean          | 4.34e+03    |
|    ep_rew_mean          | 51.3        |
| time/                   |             |
|    fps                  | 469         |
|    iterations           | 16          |
|    time_elapsed         | 837         |
|    total_timesteps      | 393216      |
| train/                  |             |
|    approx_kl            | 0.007515844 |
|    clip_fraction        | 0.089       |
|    clip_range           | 0.2         |
|    entropy_loss         | -1.96       |
|    explained_variance   | 0.957       |
|    learning_rate        | 0.0003      |
|    loss                 | -0.0112     |
|    n_updates            | 75          |
|    policy_gradient_loss | -0.00535    |
|    value_loss           | 0.0149      |
-----------------------------------------
----------------------------------------
| rollout/                |            |
|    ep_len_mean          | 4.38e+03   |
|    ep_rew_mean          | 51.8       |
| time/                   |            |
|    fps                  | 470        |
|    iterations           | 17         |
|    time_elapsed         | 888        |
|    total_timesteps      | 417792     |
| train/                  |            |
|    approx_kl            | 0.00779086 |
|    clip_fraction        | 0.0761     |
|    clip_range           | 0.2        |
|    entropy_loss         | -2.1       |
|    explained_variance   | 0.951      |
|    learning_rate        | 0.0003     |
|    loss                 | -0.0194    |
|    n_updates            | 80         |
|    policy_gradient_loss | -0.00515   |
|    value_loss           | 0.0164     |
----------------------------------------
------------------------------------------
| rollout/                |              |
|    ep_len_mean          | 4.41e+03     |
|    ep_rew_mean          | 53.2         |
| time/                   |              |
|    fps                  | 470          |
|    iterations           | 18           |
|    time_elapsed         | 939          |
|    total_timesteps      | 442368       |
| train/                  |              |
|    approx_kl            | 0.0091310125 |
|    clip_fraction        | 0.0923       |
|    clip_range           | 0.2          |
|    entropy_loss         | -2.12        |
|    explained_variance   | 0.964        |
|    learning_rate        | 0.0003       |
|    loss                 | -0.0263      |
|    n_updates            | 85           |
|    policy_gradient_loss | -0.00471     |
|    value_loss           | 0.0122       |
------------------------------------------
------------------------------------------
| rollout/                |              |
|    ep_len_mean          | 4.41e+03     |
|    ep_rew_mean          | 52.1         |
| time/                   |              |
|    fps                  | 471          |
|    iterations           | 19           |
|    time_elapsed         | 989          |
|    total_timesteps      | 466944       |
| train/                  |              |
|    approx_kl            | 0.0075882603 |
|    clip_fraction        | 0.0734       |
|    clip_range           | 0.2          |
|    entropy_loss         | -2.11        |
|    explained_variance   | 0.942        |
|    learning_rate        | 0.0003       |
|    loss                 | -0.0275      |
|    n_updates            | 90           |
|    policy_gradient_loss | -0.00615     |
|    value_loss           | 0.0208       |
------------------------------------------
-----------------------------------------
| rollout/                |             |
|    ep_len_mean          | 4.4e+03     |
|    ep_rew_mean          | 57.6        |
| time/                   |             |
|    fps                  | 472         |
|    iterations           | 20          |
|    time_elapsed         | 1040        |
|    total_timesteps      | 491520      |
| train/                  |             |
|    approx_kl            | 0.007060624 |
|    clip_fraction        | 0.0746      |
|    clip_range           | 0.2         |
|    entropy_loss         | -2.07       |
|    explained_variance   | 0.944       |
|    learning_rate        | 0.0003      |
|    loss                 | -0.024      |
|    n_updates            | 95          |
|    policy_gradient_loss | -0.00501    |
|    value_loss           | 0.0176      |
-----------------------------------------
[Checkpoint] Saved at 500000 steps > /home/runner/work/Disciples2-RL/Disciples2-RL/github_experiments/134/default/full_party/seed134-default-full_party-33837274752-1/checkpoints/campaign_ppo_step_500000.zip
-----------------------------------------
| rollout/                |             |
|    ep_len_mean          | 4.39e+03    |
|    ep_rew_mean          | 62.4        |
| time/                   |             |
|    fps                  | 472         |
|    iterations           | 21          |
|    time_elapsed         | 1091        |
|    total_timesteps      | 516096      |
| train/                  |             |
|    approx_kl            | 0.007989924 |
|    clip_fraction        | 0.0707      |
|    clip_range           | 0.2         |
|    entropy_loss         | -2.08       |
|    explained_variance   | 0.956       |
|    learning_rate        | 0.0003      |
|    loss                 | -0.0167     |
|    n_updates            | 100         |
|    policy_gradient_loss | -0.00513    |
|    value_loss           | 0.0234      |
-----------------------------------------
-----------------------------------------
| rollout/                |             |
|    ep_len_mean          | 4.42e+03    |
|    ep_rew_mean          | 63.8        |
| time/                   |             |
|    fps                  | 473         |
|    iterations           | 22          |
|    time_elapsed         | 1141        |
|    total_timesteps      | 540672      |
| train/                  |             |
|    approx_kl            | 0.007432355 |
|    clip_fraction        | 0.073       |
|    clip_range           | 0.2         |
|    entropy_loss         | -2.01       |
|    explained_variance   | 0.956       |
|    learning_rate        | 0.0003      |
|    loss                 | -0.0196     |
|    n_updates            | 105         |
|    policy_gradient_loss | -0.00324    |
|    value_loss           | 0.0131      |
-----------------------------------------
----------------------------------------
| rollout/                |            |
|    ep_len_mean          | 4.42e+03   |
|    ep_rew_mean          | 63.7       |
| time/                   |            |
|    fps                  | 474        |
|    iterations           | 23         |
|    time_elapsed         | 1192       |
|    total_timesteps      | 565248     |
| train/                  |            |
|    approx_kl            | 0.00853463 |
|    clip_fraction        | 0.0893     |
|    clip_range           | 0.2        |
|    entropy_loss         | -1.98      |
|    explained_variance   | 0.972      |
|    learning_rate        | 0.0003     |
|    loss                 | -0.0116    |
|    n_updates            | 110        |
|    policy_gradient_loss | -0.00481   |
|    value_loss           | 0.0126     |
----------------------------------------
------------------------------------------
| rollout/                |              |
|    ep_len_mean          | 4.41e+03     |
|    ep_rew_mean          | 66           |
| time/                   |              |
|    fps                  | 474          |
|    iterations           | 24           |
|    time_elapsed         | 1242         |
|    total_timesteps      | 589824       |
| train/                  |              |
|    approx_kl            | 0.0069946875 |
|    clip_fraction        | 0.0683       |
|    clip_range           | 0.2          |
|    entropy_loss         | -2.06        |
|    explained_variance   | 0.933        |
|    learning_rate        | 0.0003       |
|    loss                 | -0.014       |
|    n_updates            | 115          |
|    policy_gradient_loss | -0.00437     |
|    value_loss           | 0.0187       |
------------------------------------------
------------------------------------------
| rollout/                |              |
|    ep_len_mean          | 4.57e+03     |
|    ep_rew_mean          | 70.9         |
| time/                   |              |
|    fps                  | 475          |
|    iterations           | 25           |
|    time_elapsed         | 1291         |
|    total_timesteps      | 614400       |
| train/                  |              |
|    approx_kl            | 0.0072771204 |
|    clip_fraction        | 0.0707       |
|    clip_range           | 0.2          |
|    entropy_loss         | -2.04        |
|    explained_variance   | 0.968        |
|    learning_rate        | 0.0003       |
|    loss                 | -0.0268      |
|    n_updates            | 120          |
|    policy_gradient_loss | -0.0049      |
|    value_loss           | 0.0126       |
------------------------------------------
-----------------------------------------
| rollout/                |             |
|    ep_len_mean          | 4.64e+03    |
|    ep_rew_mean          | 74          |
| time/                   |             |
|    fps                  | 476         |
|    iterations           | 26          |
|    time_elapsed         | 1340        |
|    total_timesteps      | 638976      |
| train/                  |             |
|    approx_kl            | 0.008310632 |
|    clip_fraction        | 0.0809      |
|    clip_range           | 0.2         |
|    entropy_loss         | -2.01       |
|    explained_variance   | 0.958       |
|    learning_rate        | 0.0003      |
|    loss                 | -0.0201     |
|    n_updates            | 125         |
|    policy_gradient_loss | -0.00559    |
|    value_loss           | 0.0182      |
-----------------------------------------
-----------------------------------------
| rollout/                |             |
|    ep_len_mean          | 4.7e+03     |
|    ep_rew_mean          | 68.6        |
| time/                   |             |
|    fps                  | 477         |
|    iterations           | 27          |
|    time_elapsed         | 1388        |
|    total_timesteps      | 663552      |
| train/                  |             |
|    approx_kl            | 0.008663696 |
|    clip_fraction        | 0.0739      |
|    clip_range           | 0.2         |
|    entropy_loss         | -2.01       |
|    explained_variance   | 0.944       |
|    learning_rate        | 0.0003      |
|    loss                 | -0.0259     |
|    n_updates            | 130         |
|    policy_gradient_loss | -0.00562    |
|    value_loss           | 0.0165      |
-----------------------------------------
-----------------------------------------
| rollout/                |             |
|    ep_len_mean          | 4.69e+03    |
|    ep_rew_mean          | 66.2        |
| time/                   |             |
|    fps                  | 479         |
|    iterations           | 28          |
|    time_elapsed         | 1435        |
|    total_timesteps      | 688128      |
| train/                  |             |
|    approx_kl            | 0.009059119 |
|    clip_fraction        | 0.11        |
|    clip_range           | 0.2         |
|    entropy_loss         | -2.03       |
|    explained_variance   | 0.962       |
|    learning_rate        | 0.0003      |
|    loss                 | -0.0273     |
|    n_updates            | 135         |
|    policy_gradient_loss | -0.00574    |
|    value_loss           | 0.0154      |
-----------------------------------------
------------------------------------------
| rollout/                |              |
|    ep_len_mean          | 4.69e+03     |
|    ep_rew_mean          | 71.3         |
| time/                   |              |
|    fps                  | 480          |
|    iterations           | 29           |
|    time_elapsed         | 1483         |
|    total_timesteps      | 712704       |
| train/                  |              |
|    approx_kl            | 0.0076548685 |
|    clip_fraction        | 0.0968       |
|    clip_range           | 0.2          |
|    entropy_loss         | -2.07        |
|    explained_variance   | 0.953        |
|    learning_rate        | 0.0003       |
|    loss                 | -0.0241      |
|    n_updates            | 140          |
|    policy_gradient_loss | -0.00527     |
|    value_loss           | 0.0116       |
------------------------------------------
------------------------------------------
| rollout/                |              |
|    ep_len_mean          | 4.75e+03     |
|    ep_rew_mean          | 70.4         |
| time/                   |              |
|    fps                  | 481          |
|    iterations           | 30           |
|    time_elapsed         | 1532         |
|    total_timesteps      | 737280       |
| train/                  |              |
|    approx_kl            | 0.0072815493 |
|    clip_fraction        | 0.0725       |
|    clip_range           | 0.2          |
|    entropy_loss         | -2           |
|    explained_variance   | 0.958        |
|    learning_rate        | 0.0003       |
|    loss                 | -0.018       |
|    n_updates            | 145          |
|    policy_gradient_loss | -0.00478     |
|    value_loss           | 0.0209       |
------------------------------------------
------------------------------------------
| rollout/                |              |
|    ep_len_mean          | 4.73e+03     |
|    ep_rew_mean          | 70.4         |
| time/                   |              |
|    fps                  | 481          |
|    iterations           | 31           |
|    time_elapsed         | 1581         |
|    total_timesteps      | 761856       |
| train/                  |              |
|    approx_kl            | 0.0068124197 |
|    clip_fraction        | 0.0677       |
|    clip_range           | 0.2          |
|    entropy_loss         | -2.07        |
|    explained_variance   | 0.968        |
|    learning_rate        | 0.0003       |
|    loss                 | -0.0268      |
|    n_updates            | 150          |
|    policy_gradient_loss | -0.00417     |
|    value_loss           | 0.0141       |
------------------------------------------
------------------------------------------
| rollout/                |              |
|    ep_len_mean          | 4.7e+03      |
|    ep_rew_mean          | 76.5         |
| time/                   |              |
|    fps                  | 481          |
|    iterations           | 32           |
|    time_elapsed         | 1633         |
|    total_timesteps      | 786432       |
| train/                  |              |
|    approx_kl            | 0.0079762805 |
|    clip_fraction        | 0.0672       |
|    clip_range           | 0.2          |
|    entropy_loss         | -2.06        |
|    explained_variance   | 0.976        |
|    learning_rate        | 0.0003       |
|    loss                 | -0.0155      |
|    n_updates            | 155          |
|    policy_gradient_loss | -0.00539     |
|    value_loss           | 0.0168       |
------------------------------------------
-----------------------------------------
| rollout/                |             |
|    ep_len_mean          | 4.7e+03     |
|    ep_rew_mean          | 81.6        |
| time/                   |             |
|    fps                  | 481         |
|    iterations           | 33          |
|    time_elapsed         | 1685        |
|    total_timesteps      | 811008      |
| train/                  |             |
|    approx_kl            | 0.007800175 |
|    clip_fraction        | 0.0875      |
|    clip_range           | 0.2         |
|    entropy_loss         | -2.04       |
|    explained_variance   | 0.967       |
|    learning_rate        | 0.0003      |
|    loss                 | -0.0319     |
|    n_updates            | 160         |
|    policy_gradient_loss | -0.0067     |
|    value_loss           | 0.0165      |
-----------------------------------------
------------------------------------------
| rollout/                |              |
|    ep_len_mean          | 4.71e+03     |
|    ep_rew_mean          | 91.4         |
| time/                   |              |
|    fps                  | 480          |
|    iterations           | 34           |
|    time_elapsed         | 1737         |
|    total_timesteps      | 835584       |
| train/                  |              |
|    approx_kl            | 0.0073116957 |
|    clip_fraction        | 0.0779       |
|    clip_range           | 0.2          |
|    entropy_loss         | -2           |
|    explained_variance   | 0.966        |
|    learning_rate        | 0.0003       |
|    loss                 | -0.0218      |
|    n_updates            | 165          |
|    policy_gradient_loss | -0.00509     |
|    value_loss           | 0.0149       |
------------------------------------------
------------------------------------------
| rollout/                |              |
|    ep_len_mean          | 4.71e+03     |
|    ep_rew_mean          | 91.4         |
| time/                   |              |
|    fps                  | 480          |
|    iterations           | 35           |
|    time_elapsed         | 1791         |
|    total_timesteps      | 860160       |
| train/                  |              |
|    approx_kl            | 0.0069366847 |
|    clip_fraction        | 0.0741       |
|    clip_range           | 0.2          |
|    entropy_loss         | -1.97        |
|    explained_variance   | 0.966        |
|    learning_rate        | 0.0003       |
|    loss                 | -0.0155      |
|    n_updates            | 170          |
|    policy_gradient_loss | -0.00434     |
|    value_loss           | 0.0176       |
------------------------------------------
-----------------------------------------
| rollout/                |             |
|    ep_len_mean          | 4.68e+03    |
|    ep_rew_mean          | 96.9        |
| time/                   |             |
|    fps                  | 480         |
|    iterations           | 36          |
|    time_elapsed         | 1842        |
|    total_timesteps      | 884736      |
| train/                  |             |
|    approx_kl            | 0.008357141 |
|    clip_fraction        | 0.0857      |
|    clip_range           | 0.2         |
|    entropy_loss         | -2.03       |
|    explained_variance   | 0.961       |
|    learning_rate        | 0.0003      |
|    loss                 | -0.0172     |
|    n_updates            | 175         |
|    policy_gradient_loss | -0.00492    |
|    value_loss           | 0.0113      |
-----------------------------------------
-----------------------------------------
| rollout/                |             |
|    ep_len_mean          | 4.68e+03    |
|    ep_rew_mean          | 98.6        |
| time/                   |             |
|    fps                  | 480         |
|    iterations           | 37          |
|    time_elapsed         | 1892        |
|    total_timesteps      | 909312      |
| train/                  |             |
|    approx_kl            | 0.008306195 |
|    clip_fraction        | 0.0783      |
|    clip_range           | 0.2         |
|    entropy_loss         | -1.9        |
|    explained_variance   | 0.976       |
|    learning_rate        | 0.0003      |
|    loss                 | -0.013      |
|    n_updates            | 180         |
|    policy_gradient_loss | -0.00509    |
|    value_loss           | 0.016       |
-----------------------------------------
------------------------------------------
| rollout/                |              |
|    ep_len_mean          | 4.69e+03     |
|    ep_rew_mean          | 103          |
| time/                   |              |
|    fps                  | 480          |
|    iterations           | 38           |
|    time_elapsed         | 1942         |
|    total_timesteps      | 933888       |
| train/                  |              |
|    approx_kl            | 0.0069580004 |
|    clip_fraction        | 0.0724       |
|    clip_range           | 0.2          |
|    entropy_loss         | -1.94        |
|    explained_variance   | 0.972        |
|    learning_rate        | 0.0003       |
|    loss                 | -0.0107      |
|    n_updates            | 185          |
|    policy_gradient_loss | -0.00439     |
|    value_loss           | 0.0109       |
------------------------------------------
------------------------------------------
| rollout/                |              |
|    ep_len_mean          | 4.74e+03     |
|    ep_rew_mean          | 104          |
| time/                   |              |
|    fps                  | 480          |
|    iterations           | 39           |
|    time_elapsed         | 1992         |
|    total_timesteps      | 958464       |
| train/                  |              |
|    approx_kl            | 0.0074154623 |
|    clip_fraction        | 0.0678       |
|    clip_range           | 0.2          |
|    entropy_loss         | -1.96        |
|    explained_variance   | 0.976        |
|    learning_rate        | 0.0003       |
|    loss                 | -0.0239      |
|    n_updates            | 190          |
|    policy_gradient_loss | -0.00424     |
|    value_loss           | 0.0132       |
------------------------------------------
------------------------------------------
| rollout/                |              |
|    ep_len_mean          | 4.73e+03     |
|    ep_rew_mean          | 103          |
| time/                   |              |
|    fps                  | 481          |
|    iterations           | 40           |
|    time_elapsed         | 2042         |
|    total_timesteps      | 983040       |
| train/                  |              |
|    approx_kl            | 0.0076840688 |
|    clip_fraction        | 0.0771       |
|    clip_range           | 0.2          |
|    entropy_loss         | -1.95        |
|    explained_variance   | 0.964        |
|    learning_rate        | 0.0003       |
|    loss                 | -0.0185      |
|    n_updates            | 195          |
|    policy_gradient_loss | -0.00484     |
|    value_loss           | 0.0161       |
------------------------------------------
[Checkpoint] Saved at 1000000 steps > /home/runner/work/Disciples2-RL/Disciples2-RL/github_experiments/134/default/full_party/seed134-default-full_party-33837274752-1/checkpoints/campaign_ppo_step_1000000.zip
Eval num_timesteps=1000008, det_reward=-168.79 +/- 0.01
Episode length: det=4222.60 +/- 2.11
Victory rate: det=0.00%
-------------------------------------------------
| eval/                           |             |
|    deterministic_mean_ep_length | 4.22e+03    |
|    deterministic_mean_reward    | -169        |
|    deterministic_victory_rate   | 0           |
|    mean_ep_length               | 4.22e+03    |
|    mean_reward                  | -169        |
|    victory_rate                 | 0           |
| time/                           |             |
|    total_timesteps              | 1000008     |
| train/                          |             |
|    approx_kl                    | 0.008724384 |
|    clip_fraction                | 0.102       |
|    clip_range                   | 0.2         |
|    entropy_loss                 | -1.97       |
|    explained_variance           | 0.954       |
|    learning_rate                | 0.0003      |
|    loss                         | -0.00538    |
|    n_updates                    | 200         |
|    policy_gradient_loss         | -0.0054     |
|    value_loss                   | 0.012       |
-------------------------------------------------
New best model by deterministic victory rate!
---------------------------------
| rollout/           |          |
|    ep_len_mean     | 4.73e+03 |
|    ep_rew_mean     | 105      |
| time/              |          |
|    fps             | 423      |
|    iterations      | 41       |
|    time_elapsed    | 2380     |
|    total_timesteps | 1007616  |
---------------------------------
VecNormalize stats saved: /home/runner/work/Disciples2-RL/Disciples2-RL/github_experiments/134/default/full_party/seed134-default-full_party-33837274752-1/models/vecnormalize.pkl

Финальная модель сохранена: /home/runner/work/Disciples2-RL/Disciples2-RL/github_experiments/134/default/full_party/seed134-default-full_party-33837274752-1/models/final_model.zip

============================================================
ИТОГИ ОБУЧЕНИЯ:
  Побед: 0
  Поражений: 27
  Таймаутов: 109
  Побед бота столицы над врагами: 0
  Перестановок юнитов: 240763
  Терминальные поражения по противникам:
    enemy_75: 27 — Страж столицы Империи: Мизраэль
  Winrate: 0.0%
============================================================
  График призывов за эпизод: /home/runner/work/Disciples2-RL/Disciples2-RL/github_experiments/134/default/full_party/seed134-default-full_party-33837274752-1/plots/campaign_summoned_units_per_episode.png
  График призывов за всё обучение: /home/runner/work/Disciples2-RL/Disciples2-RL/github_experiments/134/default/full_party/seed134-default-full_party-33837274752-1/plots/campaign_summoned_units_cumulative.png
  График найма за эпизод: /home/runner/work/Disciples2-RL/Disciples2-RL/github_experiments/134/default/full_party/seed134-default-full_party-33837274752-1/plots/campaign_hired_units_per_episode.png
  График найма за всё обучение: /home/runner/work/Disciples2-RL/Disciples2-RL/github_experiments/134/default/full_party/seed134-default-full_party-33837274752-1/plots/campaign_hired_units_cumulative.png
  График перестановок юнитов за эпизод: /home/runner/work/Disciples2-RL/Disciples2-RL/github_experiments/134/default/full_party/seed134-default-full_party-33837274752-1/plots/campaign_unit_swaps_per_episode.png
  График боевых предметов: /home/runner/work/Disciples2-RL/Disciples2-RL/github_experiments/134/default/full_party/seed134-default-full_party-33837274752-1/plots/campaign_battle_item_activity.png
  График побед бота столицы за эпизод: /home/runner/work/Disciples2-RL/Disciples2-RL/github_experiments/134/default/full_party/seed134-default-full_party-33837274752-1/plots/campaign_scripted_bot_victories_per_episode.png
  График применения заклинаний: /home/runner/work/Disciples2-RL/Disciples2-RL/github_experiments/134/default/full_party/seed134-default-full_party-33837274752-1/plots/campaign_spell_cast_activity.png
