Проверка среды CampaignEnv...
Среда прошла проверку!
[INFO] Comet disabled, running without experiment tracking
Создание 12 параллельных сред (subproc)...
Инициализация MaskablePPO...
Using cpu device

============================================================
Запуск обучения Campaign Agent
Всего шагов: 1,000,000
Параллельных сред: 12
VecEnv: subproc
VecEnv start method: forkserver
Seed: 134
Checkpoint каждые: 500,000 шагов
Evaluation каждые: 83,334 шагов
Eval deterministic эпизодов: 20
Eval stochastic эпизодов: 0
Eval лимит шагов на эпизод: 5000
Campaign map: siege_train
Campaign objective: target_enemy
System resources at training start:
  Platform: Linux 6.17.0-1022-azure (x86_64)
  Python: 3.14.7
  PyTorch: 2.13.0+cpu
  Training device: cpu
  CPU model: AMD EPYC 7763 64-Core Processor
  CPU vendor: AuthenticAMD
  Logical CPUs visible: 4
  Process CPU affinity: 4
  Sockets: 1
  Cores per socket: 2
  Threads per core: 2
  CPU max MHz: unknown
  CPU min MHz: unknown
  L1d cache: 64 KiB (2 instances)
  L1i cache: 64 KiB (2 instances)
  L2 cache: 1 MiB (2 instances)
  L3 cache: 32 MiB (1 instance)
  Virtualization: AMD-V
  Hypervisor: Microsoft
  RAM total: 15.62 GiB
  RAM available at start: 13.89 GiB
  Disk total: 144.26 GiB
  Disk free at start: 76.22 GiB
  Torch intra-op threads: 4
  Torch inter-op threads: 2
  OMP_NUM_THREADS: 4
  MKL_NUM_THREADS: 4
  OPENBLAS_NUM_THREADS: 4
  GitHub runner OS: Linux
  GitHub runner architecture: X64
  GitHub runner environment: github-hosted
PPO n_steps: 2,048
PPO batch_size: 512
PPO n_epochs: 5
PPO learning_rate: 0.0003
PPO clip_range: 0.2
PPO ent_coef: 0.01
PPO gamma: 0.995
PPO gae_lambda: 0.95
PPO target_kl: disabled
PPO gradient batches per rollout: 240
VecCheckNan: disabled
Freeze action layout: enabled
Empire territory: enabled
Torch threads per process: 4
Diagnostics: disabled
Wall-clock training limit: disabled
Run ID: seed134-siege_train-target_enemy-34057882413-1
============================================================

Logging to /home/runner/work/Disciples2-RL/Disciples2-RL/github_experiments/134/siege_train/target_enemy/seed134-siege_train-target_enemy-34057882413-1/tensorboard/MaskablePPO_1
---------------------------------
| rollout/           |          |
|    ep_len_mean     | 303      |
|    ep_rew_mean     | 58.1     |
| time/              |          |
|    fps             | 515      |
|    iterations      | 1        |
|    time_elapsed    | 47       |
|    total_timesteps | 24576    |
---------------------------------
-----------------------------------------
| rollout/                |             |
|    ep_len_mean          | 219         |
|    ep_rew_mean          | 63.1        |
| time/                   |             |
|    fps                  | 486         |
|    iterations           | 2           |
|    time_elapsed         | 100         |
|    total_timesteps      | 49152       |
| train/                  |             |
|    approx_kl            | 0.012457427 |
|    clip_fraction        | 0.126       |
|    clip_range           | 0.2         |
|    entropy_loss         | -2.35       |
|    explained_variance   | 0.0145      |
|    learning_rate        | 0.0003      |
|    loss                 | -0.00863    |
|    n_updates            | 5           |
|    policy_gradient_loss | -0.00713    |
|    value_loss           | 0.0766      |
-----------------------------------------
-----------------------------------------
| rollout/                |             |
|    ep_len_mean          | 183         |
|    ep_rew_mean          | 65.2        |
| time/                   |             |
|    fps                  | 480         |
|    iterations           | 3           |
|    time_elapsed         | 153         |
|    total_timesteps      | 73728       |
| train/                  |             |
|    approx_kl            | 0.013498562 |
|    clip_fraction        | 0.166       |
|    clip_range           | 0.2         |
|    entropy_loss         | -2.33       |
|    explained_variance   | 0.852       |
|    learning_rate        | 0.0003      |
|    loss                 | -0.0269     |
|    n_updates            | 10          |
|    policy_gradient_loss | -0.0108     |
|    value_loss           | 0.0405      |
-----------------------------------------
-----------------------------------------
| rollout/                |             |
|    ep_len_mean          | 163         |
|    ep_rew_mean          | 67.7        |
| time/                   |             |
|    fps                  | 479         |
|    iterations           | 4           |
|    time_elapsed         | 205         |
|    total_timesteps      | 98304       |
| train/                  |             |
|    approx_kl            | 0.012788118 |
|    clip_fraction        | 0.148       |
|    clip_range           | 0.2         |
|    entropy_loss         | -2.31       |
|    explained_variance   | 0.931       |
|    learning_rate        | 0.0003      |
|    loss                 | 5.43e-05    |
|    n_updates            | 15          |
|    policy_gradient_loss | -0.0118     |
|    value_loss           | 0.0446      |
-----------------------------------------
-----------------------------------------
| rollout/                |             |
|    ep_len_mean          | 226         |
|    ep_rew_mean          | 69.7        |
| time/                   |             |
|    fps                  | 476         |
|    iterations           | 5           |
|    time_elapsed         | 257         |
|    total_timesteps      | 122880      |
| train/                  |             |
|    approx_kl            | 0.012195353 |
|    clip_fraction        | 0.135       |
|    clip_range           | 0.2         |
|    entropy_loss         | -2.29       |
|    explained_variance   | 0.945       |
|    learning_rate        | 0.0003      |
|    loss                 | -0.0191     |
|    n_updates            | 20          |
|    policy_gradient_loss | -0.0114     |
|    value_loss           | 0.0564      |
-----------------------------------------
-----------------------------------------
| rollout/                |             |
|    ep_len_mean          | 255         |
|    ep_rew_mean          | 69.5        |
| time/                   |             |
|    fps                  | 475         |
|    iterations           | 6           |
|    time_elapsed         | 310         |
|    total_timesteps      | 147456      |
| train/                  |             |
|    approx_kl            | 0.010121767 |
|    clip_fraction        | 0.0965      |
|    clip_range           | 0.2         |
|    entropy_loss         | -2.26       |
|    explained_variance   | 0.949       |
|    learning_rate        | 0.0003      |
|    loss                 | -0.0065     |
|    n_updates            | 25          |
|    policy_gradient_loss | -0.00937    |
|    value_loss           | 0.0449      |
-----------------------------------------
-----------------------------------------
| rollout/                |             |
|    ep_len_mean          | 283         |
|    ep_rew_mean          | 72.2        |
| time/                   |             |
|    fps                  | 472         |
|    iterations           | 7           |
|    time_elapsed         | 363         |
|    total_timesteps      | 172032      |
| train/                  |             |
|    approx_kl            | 0.010128536 |
|    clip_fraction        | 0.0957      |
|    clip_range           | 0.2         |
|    entropy_loss         | -2.2        |
|    explained_variance   | 0.943       |
|    learning_rate        | 0.0003      |
|    loss                 | -0.0207     |
|    n_updates            | 30          |
|    policy_gradient_loss | -0.00843    |
|    value_loss           | 0.0403      |
-----------------------------------------
-----------------------------------------
| rollout/                |             |
|    ep_len_mean          | 296         |
|    ep_rew_mean          | 73.8        |
| time/                   |             |
|    fps                  | 471         |
|    iterations           | 8           |
|    time_elapsed         | 416         |
|    total_timesteps      | 196608      |
| train/                  |             |
|    approx_kl            | 0.009781227 |
|    clip_fraction        | 0.0888      |
|    clip_range           | 0.2         |
|    entropy_loss         | -2.17       |
|    explained_variance   | 0.947       |
|    learning_rate        | 0.0003      |
|    loss                 | -0.0175     |
|    n_updates            | 35          |
|    policy_gradient_loss | -0.00726    |
|    value_loss           | 0.0369      |
-----------------------------------------
-----------------------------------------
| rollout/                |             |
|    ep_len_mean          | 287         |
|    ep_rew_mean          | 75.8        |
| time/                   |             |
|    fps                  | 471         |
|    iterations           | 9           |
|    time_elapsed         | 469         |
|    total_timesteps      | 221184      |
| train/                  |             |
|    approx_kl            | 0.008209919 |
|    clip_fraction        | 0.0716      |
|    clip_range           | 0.2         |
|    entropy_loss         | -2.15       |
|    explained_variance   | 0.95        |
|    learning_rate        | 0.0003      |
|    loss                 | -0.0102     |
|    n_updates            | 40          |
|    policy_gradient_loss | -0.0074     |
|    value_loss           | 0.0326      |
-----------------------------------------
------------------------------------------
| rollout/                |              |
|    ep_len_mean          | 276          |
|    ep_rew_mean          | 75.6         |
| time/                   |              |
|    fps                  | 471          |
|    iterations           | 10           |
|    time_elapsed         | 521          |
|    total_timesteps      | 245760       |
| train/                  |              |
|    approx_kl            | 0.0077092624 |
|    clip_fraction        | 0.0661       |
|    clip_range           | 0.2          |
|    entropy_loss         | -2.13        |
|    explained_variance   | 0.944        |
|    learning_rate        | 0.0003       |
|    loss                 | -0.00588     |
|    n_updates            | 45           |
|    policy_gradient_loss | -0.00777     |
|    value_loss           | 0.0371       |
------------------------------------------
------------------------------------------
| rollout/                |              |
|    ep_len_mean          | 241          |
|    ep_rew_mean          | 78.1         |
| time/                   |              |
|    fps                  | 471          |
|    iterations           | 11           |
|    time_elapsed         | 573          |
|    total_timesteps      | 270336       |
| train/                  |              |
|    approx_kl            | 0.0090497695 |
|    clip_fraction        | 0.0975       |
|    clip_range           | 0.2          |
|    entropy_loss         | -2.1         |
|    explained_variance   | 0.949        |
|    learning_rate        | 0.0003       |
|    loss                 | -0.0133      |
|    n_updates            | 50           |
|    policy_gradient_loss | -0.00799     |
|    value_loss           | 0.0357       |
------------------------------------------
-----------------------------------------
| rollout/                |             |
|    ep_len_mean          | 243         |
|    ep_rew_mean          | 79.8        |
| time/                   |             |
|    fps                  | 470         |
|    iterations           | 12          |
|    time_elapsed         | 626         |
|    total_timesteps      | 294912      |
| train/                  |             |
|    approx_kl            | 0.007993543 |
|    clip_fraction        | 0.0802      |
|    clip_range           | 0.2         |
|    entropy_loss         | -2.05       |
|    explained_variance   | 0.943       |
|    learning_rate        | 0.0003      |
|    loss                 | 0.000383    |
|    n_updates            | 55          |
|    policy_gradient_loss | -0.00713    |
|    value_loss           | 0.0497      |
-----------------------------------------
-----------------------------------------
| rollout/                |             |
|    ep_len_mean          | 256         |
|    ep_rew_mean          | 79.8        |
| time/                   |             |
|    fps                  | 470         |
|    iterations           | 13          |
|    time_elapsed         | 678         |
|    total_timesteps      | 319488      |
| train/                  |             |
|    approx_kl            | 0.008238354 |
|    clip_fraction        | 0.0738      |
|    clip_range           | 0.2         |
|    entropy_loss         | -2.01       |
|    explained_variance   | 0.94        |
|    learning_rate        | 0.0003      |
|    loss                 | -0.0104     |
|    n_updates            | 60          |
|    policy_gradient_loss | -0.00753    |
|    value_loss           | 0.0509      |
-----------------------------------------
----------------------------------------
| rollout/                |            |
|    ep_len_mean          | 296        |
|    ep_rew_mean          | 81.4       |
| time/                   |            |
|    fps                  | 470        |
|    iterations           | 14         |
|    time_elapsed         | 731        |
|    total_timesteps      | 344064     |
| train/                  |            |
|    approx_kl            | 0.00820827 |
|    clip_fraction        | 0.0849     |
|    clip_range           | 0.2        |
|    entropy_loss         | -2.01      |
|    explained_variance   | 0.937      |
|    learning_rate        | 0.0003     |
|    loss                 | -0.00519   |
|    n_updates            | 65         |
|    policy_gradient_loss | -0.00614   |
|    value_loss           | 0.0514     |
----------------------------------------
-----------------------------------------
| rollout/                |             |
|    ep_len_mean          | 269         |
|    ep_rew_mean          | 81.2        |
| time/                   |             |
|    fps                  | 471         |
|    iterations           | 15          |
|    time_elapsed         | 782         |
|    total_timesteps      | 368640      |
| train/                  |             |
|    approx_kl            | 0.008183056 |
|    clip_fraction        | 0.078       |
|    clip_range           | 0.2         |
|    entropy_loss         | -1.99       |
|    explained_variance   | 0.942       |
|    learning_rate        | 0.0003      |
|    loss                 | -0.00526    |
|    n_updates            | 70          |
|    policy_gradient_loss | -0.00659    |
|    value_loss           | 0.0454      |
-----------------------------------------
-----------------------------------------
| rollout/                |             |
|    ep_len_mean          | 317         |
|    ep_rew_mean          | 79.2        |
| time/                   |             |
|    fps                  | 469         |
|    iterations           | 16          |
|    time_elapsed         | 836         |
|    total_timesteps      | 393216      |
| train/                  |             |
|    approx_kl            | 0.008476782 |
|    clip_fraction        | 0.0789      |
|    clip_range           | 0.2         |
|    entropy_loss         | -1.97       |
|    explained_variance   | 0.944       |
|    learning_rate        | 0.0003      |
|    loss                 | -0.00777    |
|    n_updates            | 75          |
|    policy_gradient_loss | -0.00675    |
|    value_loss           | 0.0462      |
-----------------------------------------
-----------------------------------------
| rollout/                |             |
|    ep_len_mean          | 277         |
|    ep_rew_mean          | 81.9        |
| time/                   |             |
|    fps                  | 470         |
|    iterations           | 17          |
|    time_elapsed         | 888         |
|    total_timesteps      | 417792      |
| train/                  |             |
|    approx_kl            | 0.009071325 |
|    clip_fraction        | 0.0987      |
|    clip_range           | 0.2         |
|    entropy_loss         | -2.02       |
|    explained_variance   | 0.945       |
|    learning_rate        | 0.0003      |
|    loss                 | -0.0133     |
|    n_updates            | 80          |
|    policy_gradient_loss | -0.0071     |
|    value_loss           | 0.0407      |
-----------------------------------------
-----------------------------------------
| rollout/                |             |
|    ep_len_mean          | 266         |
|    ep_rew_mean          | 81.3        |
| time/                   |             |
|    fps                  | 470         |
|    iterations           | 18          |
|    time_elapsed         | 939         |
|    total_timesteps      | 442368      |
| train/                  |             |
|    approx_kl            | 0.008655538 |
|    clip_fraction        | 0.0832      |
|    clip_range           | 0.2         |
|    entropy_loss         | -1.96       |
|    explained_variance   | 0.944       |
|    learning_rate        | 0.0003      |
|    loss                 | 0.00324     |
|    n_updates            | 85          |
|    policy_gradient_loss | -0.00793    |
|    value_loss           | 0.0482      |
-----------------------------------------
-----------------------------------------
| rollout/                |             |
|    ep_len_mean          | 255         |
|    ep_rew_mean          | 84.1        |
| time/                   |             |
|    fps                  | 471         |
|    iterations           | 19          |
|    time_elapsed         | 991         |
|    total_timesteps      | 466944      |
| train/                  |             |
|    approx_kl            | 0.007847029 |
|    clip_fraction        | 0.078       |
|    clip_range           | 0.2         |
|    entropy_loss         | -1.94       |
|    explained_variance   | 0.942       |
|    learning_rate        | 0.0003      |
|    loss                 | -0.00061    |
|    n_updates            | 90          |
|    policy_gradient_loss | -0.00601    |
|    value_loss           | 0.0548      |
-----------------------------------------
-----------------------------------------
| rollout/                |             |
|    ep_len_mean          | 248         |
|    ep_rew_mean          | 84          |
| time/                   |             |
|    fps                  | 471         |
|    iterations           | 20          |
|    time_elapsed         | 1042        |
|    total_timesteps      | 491520      |
| train/                  |             |
|    approx_kl            | 0.008335645 |
|    clip_fraction        | 0.077       |
|    clip_range           | 0.2         |
|    entropy_loss         | -1.92       |
|    explained_variance   | 0.943       |
|    learning_rate        | 0.0003      |
|    loss                 | -0.00437    |
|    n_updates            | 95          |
|    policy_gradient_loss | -0.00602    |
|    value_loss           | 0.0499      |
-----------------------------------------
[Checkpoint] Saved at 500000 steps > /home/runner/work/Disciples2-RL/Disciples2-RL/github_experiments/134/siege_train/target_enemy/seed134-siege_train-target_enemy-34057882413-1/checkpoints/campaign_ppo_step_500000.zip
-----------------------------------------
| rollout/                |             |
|    ep_len_mean          | 284         |
|    ep_rew_mean          | 83.5        |
| time/                   |             |
|    fps                  | 471         |
|    iterations           | 21          |
|    time_elapsed         | 1095        |
|    total_timesteps      | 516096      |
| train/                  |             |
|    approx_kl            | 0.007985653 |
|    clip_fraction        | 0.0806      |
|    clip_range           | 0.2         |
|    entropy_loss         | -1.93       |
|    explained_variance   | 0.943       |
|    learning_rate        | 0.0003      |
|    loss                 | 0.0134      |
|    n_updates            | 100         |
|    policy_gradient_loss | -0.00597    |
|    value_loss           | 0.0619      |
-----------------------------------------
-----------------------------------------
| rollout/                |             |
|    ep_len_mean          | 304         |
|    ep_rew_mean          | 85.5        |
| time/                   |             |
|    fps                  | 471         |
|    iterations           | 22          |
|    time_elapsed         | 1147        |
|    total_timesteps      | 540672      |
| train/                  |             |
|    approx_kl            | 0.009597746 |
|    clip_fraction        | 0.0837      |
|    clip_range           | 0.2         |
|    entropy_loss         | -1.94       |
|    explained_variance   | 0.945       |
|    learning_rate        | 0.0003      |
|    loss                 | 0.0124      |
|    n_updates            | 105         |
|    policy_gradient_loss | -0.00703    |
|    value_loss           | 0.051       |
-----------------------------------------
-----------------------------------------
| rollout/                |             |
|    ep_len_mean          | 267         |
|    ep_rew_mean          | 86.2        |
| time/                   |             |
|    fps                  | 470         |
|    iterations           | 23          |
|    time_elapsed         | 1200        |
|    total_timesteps      | 565248      |
| train/                  |             |
|    approx_kl            | 0.008646374 |
|    clip_fraction        | 0.0909      |
|    clip_range           | 0.2         |
|    entropy_loss         | -1.96       |
|    explained_variance   | 0.949       |
|    learning_rate        | 0.0003      |
|    loss                 | -0.00745    |
|    n_updates            | 110         |
|    policy_gradient_loss | -0.00733    |
|    value_loss           | 0.0453      |
-----------------------------------------
------------------------------------------
| rollout/                |              |
|    ep_len_mean          | 283          |
|    ep_rew_mean          | 85.7         |
| time/                   |              |
|    fps                  | 471          |
|    iterations           | 24           |
|    time_elapsed         | 1251         |
|    total_timesteps      | 589824       |
| train/                  |              |
|    approx_kl            | 0.0068787336 |
|    clip_fraction        | 0.0634       |
|    clip_range           | 0.2          |
|    entropy_loss         | -1.9         |
|    explained_variance   | 0.938        |
|    learning_rate        | 0.0003       |
|    loss                 | -0.0013      |
|    n_updates            | 115          |
|    policy_gradient_loss | -0.00461     |
|    value_loss           | 0.0595       |
------------------------------------------
-----------------------------------------
| rollout/                |             |
|    ep_len_mean          | 294         |
|    ep_rew_mean          | 84.3        |
| time/                   |             |
|    fps                  | 471         |
|    iterations           | 25          |
|    time_elapsed         | 1304        |
|    total_timesteps      | 614400      |
| train/                  |             |
|    approx_kl            | 0.009648574 |
|    clip_fraction        | 0.0812      |
|    clip_range           | 0.2         |
|    entropy_loss         | -1.9        |
|    explained_variance   | 0.945       |
|    learning_rate        | 0.0003      |
|    loss                 | 0.00735     |
|    n_updates            | 120         |
|    policy_gradient_loss | -0.00655    |
|    value_loss           | 0.0543      |
-----------------------------------------
-----------------------------------------
| rollout/                |             |
|    ep_len_mean          | 285         |
|    ep_rew_mean          | 84.6        |
| time/                   |             |
|    fps                  | 471         |
|    iterations           | 26          |
|    time_elapsed         | 1356        |
|    total_timesteps      | 638976      |
| train/                  |             |
|    approx_kl            | 0.008314969 |
|    clip_fraction        | 0.0873      |
|    clip_range           | 0.2         |
|    entropy_loss         | -1.92       |
|    explained_variance   | 0.942       |
|    learning_rate        | 0.0003      |
|    loss                 | -0.00282    |
|    n_updates            | 125         |
|    policy_gradient_loss | -0.00606    |
|    value_loss           | 0.0547      |
-----------------------------------------
-----------------------------------------
| rollout/                |             |
|    ep_len_mean          | 263         |
|    ep_rew_mean          | 87.4        |
| time/                   |             |
|    fps                  | 471         |
|    iterations           | 27          |
|    time_elapsed         | 1407        |
|    total_timesteps      | 663552      |
| train/                  |             |
|    approx_kl            | 0.008599215 |
|    clip_fraction        | 0.0792      |
|    clip_range           | 0.2         |
|    entropy_loss         | -1.87       |
|    explained_variance   | 0.948       |
|    learning_rate        | 0.0003      |
|    loss                 | 0.00227     |
|    n_updates            | 130         |
|    policy_gradient_loss | -0.006      |
|    value_loss           | 0.0513      |
-----------------------------------------
-----------------------------------------
| rollout/                |             |
|    ep_len_mean          | 291         |
|    ep_rew_mean          | 87.1        |
| time/                   |             |
|    fps                  | 471         |
|    iterations           | 28          |
|    time_elapsed         | 1460        |
|    total_timesteps      | 688128      |
| train/                  |             |
|    approx_kl            | 0.012293675 |
|    clip_fraction        | 0.0853      |
|    clip_range           | 0.2         |
|    entropy_loss         | -1.83       |
|    explained_variance   | 0.943       |
|    learning_rate        | 0.0003      |
|    loss                 | -0.00772    |
|    n_updates            | 135         |
|    policy_gradient_loss | -0.00719    |
|    value_loss           | 0.058       |
-----------------------------------------
-----------------------------------------
| rollout/                |             |
|    ep_len_mean          | 264         |
|    ep_rew_mean          | 86.8        |
| time/                   |             |
|    fps                  | 471         |
|    iterations           | 29          |
|    time_elapsed         | 1512        |
|    total_timesteps      | 712704      |
| train/                  |             |
|    approx_kl            | 0.008248334 |
|    clip_fraction        | 0.0818      |
|    clip_range           | 0.2         |
|    entropy_loss         | -1.84       |
|    explained_variance   | 0.95        |
|    learning_rate        | 0.0003      |
|    loss                 | -0.00974    |
|    n_updates            | 140         |
|    policy_gradient_loss | -0.006      |
|    value_loss           | 0.0459      |
-----------------------------------------
-----------------------------------------
| rollout/                |             |
|    ep_len_mean          | 273         |
|    ep_rew_mean          | 88.3        |
| time/                   |             |
|    fps                  | 471         |
|    iterations           | 30          |
|    time_elapsed         | 1563        |
|    total_timesteps      | 737280      |
| train/                  |             |
|    approx_kl            | 0.008186674 |
|    clip_fraction        | 0.0801      |
|    clip_range           | 0.2         |
|    entropy_loss         | -1.82       |
|    explained_variance   | 0.948       |
|    learning_rate        | 0.0003      |
|    loss                 | 0.0102      |
|    n_updates            | 145         |
|    policy_gradient_loss | -0.00611    |
|    value_loss           | 0.0534      |
-----------------------------------------
-----------------------------------------
| rollout/                |             |
|    ep_len_mean          | 244         |
|    ep_rew_mean          | 87.5        |
| time/                   |             |
|    fps                  | 471         |
|    iterations           | 31          |
|    time_elapsed         | 1614        |
|    total_timesteps      | 761856      |
| train/                  |             |
|    approx_kl            | 0.008520373 |
|    clip_fraction        | 0.08        |
|    clip_range           | 0.2         |
|    entropy_loss         | -1.82       |
|    explained_variance   | 0.945       |
|    learning_rate        | 0.0003      |
|    loss                 | -0.00343    |
|    n_updates            | 150         |
|    policy_gradient_loss | -0.00695    |
|    value_loss           | 0.0542      |
-----------------------------------------
-----------------------------------------
| rollout/                |             |
|    ep_len_mean          | 239         |
|    ep_rew_mean          | 88.9        |
| time/                   |             |
|    fps                  | 472         |
|    iterations           | 32          |
|    time_elapsed         | 1665        |
|    total_timesteps      | 786432      |
| train/                  |             |
|    approx_kl            | 0.009668226 |
|    clip_fraction        | 0.0983      |
|    clip_range           | 0.2         |
|    entropy_loss         | -1.81       |
|    explained_variance   | 0.944       |
|    learning_rate        | 0.0003      |
|    loss                 | -0.00929    |
|    n_updates            | 155         |
|    policy_gradient_loss | -0.00591    |
|    value_loss           | 0.0609      |
-----------------------------------------
-----------------------------------------
| rollout/                |             |
|    ep_len_mean          | 265         |
|    ep_rew_mean          | 88.6        |
| time/                   |             |
|    fps                  | 472         |
|    iterations           | 33          |
|    time_elapsed         | 1717        |
|    total_timesteps      | 811008      |
| train/                  |             |
|    approx_kl            | 0.008831141 |
|    clip_fraction        | 0.0876      |
|    clip_range           | 0.2         |
|    entropy_loss         | -1.79       |
|    explained_variance   | 0.941       |
|    learning_rate        | 0.0003      |
|    loss                 | 0.00827     |
|    n_updates            | 160         |
|    policy_gradient_loss | -0.00484    |
|    value_loss           | 0.0691      |
-----------------------------------------
-----------------------------------------
| rollout/                |             |
|    ep_len_mean          | 249         |
|    ep_rew_mean          | 89.7        |
| time/                   |             |
|    fps                  | 472         |
|    iterations           | 34          |
|    time_elapsed         | 1769        |
|    total_timesteps      | 835584      |
| train/                  |             |
|    approx_kl            | 0.007990271 |
|    clip_fraction        | 0.0684      |
|    clip_range           | 0.2         |
|    entropy_loss         | -1.83       |
|    explained_variance   | 0.941       |
|    learning_rate        | 0.0003      |
|    loss                 | 0.00407     |
|    n_updates            | 165         |
|    policy_gradient_loss | -0.00546    |
|    value_loss           | 0.0582      |
-----------------------------------------
------------------------------------------
| rollout/                |              |
|    ep_len_mean          | 250          |
|    ep_rew_mean          | 90.9         |
| time/                   |              |
|    fps                  | 472          |
|    iterations           | 35           |
|    time_elapsed         | 1820         |
|    total_timesteps      | 860160       |
| train/                  |              |
|    approx_kl            | 0.0073354146 |
|    clip_fraction        | 0.0762       |
|    clip_range           | 0.2          |
|    entropy_loss         | -1.79        |
|    explained_variance   | 0.947        |
|    learning_rate        | 0.0003       |
|    loss                 | -0.00663     |
|    n_updates            | 170          |
|    policy_gradient_loss | -0.00619     |
|    value_loss           | 0.06         |
------------------------------------------
-----------------------------------------
| rollout/                |             |
|    ep_len_mean          | 252         |
|    ep_rew_mean          | 90.2        |
| time/                   |             |
|    fps                  | 472         |
|    iterations           | 36          |
|    time_elapsed         | 1871        |
|    total_timesteps      | 884736      |
| train/                  |             |
|    approx_kl            | 0.007945426 |
|    clip_fraction        | 0.0759      |
|    clip_range           | 0.2         |
|    entropy_loss         | -1.79       |
|    explained_variance   | 0.94        |
|    learning_rate        | 0.0003      |
|    loss                 | 0.0203      |
|    n_updates            | 175         |
|    policy_gradient_loss | -0.00505    |
|    value_loss           | 0.0671      |
-----------------------------------------
-----------------------------------------
| rollout/                |             |
|    ep_len_mean          | 266         |
|    ep_rew_mean          | 90.6        |
| time/                   |             |
|    fps                  | 472         |
|    iterations           | 37          |
|    time_elapsed         | 1923        |
|    total_timesteps      | 909312      |
| train/                  |             |
|    approx_kl            | 0.007921603 |
|    clip_fraction        | 0.0803      |
|    clip_range           | 0.2         |
|    entropy_loss         | -1.81       |
|    explained_variance   | 0.936       |
|    learning_rate        | 0.0003      |
|    loss                 | 0.018       |
|    n_updates            | 180         |
|    policy_gradient_loss | -0.00518    |
|    value_loss           | 0.0716      |
-----------------------------------------
-----------------------------------------
| rollout/                |             |
|    ep_len_mean          | 243         |
|    ep_rew_mean          | 89.5        |
| time/                   |             |
|    fps                  | 472         |
|    iterations           | 38          |
|    time_elapsed         | 1974        |
|    total_timesteps      | 933888      |
| train/                  |             |
|    approx_kl            | 0.008486957 |
|    clip_fraction        | 0.0777      |
|    clip_range           | 0.2         |
|    entropy_loss         | -1.79       |
|    explained_variance   | 0.944       |
|    learning_rate        | 0.0003      |
|    loss                 | 0.0123      |
|    n_updates            | 185         |
|    policy_gradient_loss | -0.00742    |
|    value_loss           | 0.0615      |
-----------------------------------------
-----------------------------------------
| rollout/                |             |
|    ep_len_mean          | 241         |
|    ep_rew_mean          | 90.6        |
| time/                   |             |
|    fps                  | 473         |
|    iterations           | 39          |
|    time_elapsed         | 2026        |
|    total_timesteps      | 958464      |
| train/                  |             |
|    approx_kl            | 0.007987577 |
|    clip_fraction        | 0.0798      |
|    clip_range           | 0.2         |
|    entropy_loss         | -1.78       |
|    explained_variance   | 0.939       |
|    learning_rate        | 0.0003      |
|    loss                 | 0.0185      |
|    n_updates            | 190         |
|    policy_gradient_loss | -0.00572    |
|    value_loss           | 0.0715      |
-----------------------------------------
-----------------------------------------
| rollout/                |             |
|    ep_len_mean          | 250         |
|    ep_rew_mean          | 91.4        |
| time/                   |             |
|    fps                  | 472         |
|    iterations           | 40          |
|    time_elapsed         | 2078        |
|    total_timesteps      | 983040      |
| train/                  |             |
|    approx_kl            | 0.008283645 |
|    clip_fraction        | 0.0771      |
|    clip_range           | 0.2         |
|    entropy_loss         | -1.76       |
|    explained_variance   | 0.942       |
|    learning_rate        | 0.0003      |
|    loss                 | 0.0209      |
|    n_updates            | 195         |
|    policy_gradient_loss | -0.00566    |
|    value_loss           | 0.066       |
-----------------------------------------
[Checkpoint] Saved at 1000000 steps > /home/runner/work/Disciples2-RL/Disciples2-RL/github_experiments/134/siege_train/target_enemy/seed134-siege_train-target_enemy-34057882413-1/checkpoints/campaign_ppo_step_1000000.zip
Eval num_timesteps=1000008, det_reward=64.45 +/- 0.04
Episode length: det=386.30 +/- 1.93
Victory rate: det=0.00%
-------------------------------------------------
| eval/                           |             |
|    deterministic_mean_ep_length | 386         |
|    deterministic_mean_reward    | 64.4        |
|    deterministic_victory_rate   | 0           |
|    mean_ep_length               | 386         |
|    mean_reward                  | 64.4        |
|    victory_rate                 | 0           |
| time/                           |             |
|    total_timesteps              | 1000008     |
| train/                          |             |
|    approx_kl                    | 0.009253577 |
|    clip_fraction                | 0.0918      |
|    clip_range                   | 0.2         |
|    entropy_loss                 | -1.77       |
|    explained_variance           | 0.941       |
|    learning_rate                | 0.0003      |
|    loss                         | 0.00636     |
|    n_updates                    | 200         |
|    policy_gradient_loss         | -0.00541    |
|    value_loss                   | 0.0628      |
-------------------------------------------------
New best model by deterministic victory rate!
---------------------------------
| rollout/           |          |
|    ep_len_mean     | 274      |
|    ep_rew_mean     | 90.7     |
| time/              |          |
|    fps             | 466      |
|    iterations      | 41       |
|    time_elapsed    | 2158     |
|    total_timesteps | 1007616  |
---------------------------------
VecNormalize stats saved: /home/runner/work/Disciples2-RL/Disciples2-RL/github_experiments/134/siege_train/target_enemy/seed134-siege_train-target_enemy-34057882413-1/models/vecnormalize.pkl

Финальная модель сохранена: /home/runner/work/Disciples2-RL/Disciples2-RL/github_experiments/134/siege_train/target_enemy/seed134-siege_train-target_enemy-34057882413-1/models/final_model.zip

============================================================
ИТОГИ ОБУЧЕНИЯ:
  Побед: 0
  Поражений: 3900
  Таймаутов: 0
  Побед бота столицы над врагами: 0
  Перестановок юнитов: 170432
  Терминальные поражения по противникам:
    enemy_5: 938 — Орочий заслон: два Орка и Гоблин-старейшина
    enemy_100: 719 — Осадная армия Империи
    enemy_4: 445 — Мёртвый патруль: два Воина и Адепт
    enemy_6: 333 — Горный дозор: два Гнома-воина и Арбалетчик
    enemy_24: 274 — Наёмный патруль: Разбойник и Ополченец впереди; Гоблин лучник позади
    enemy_8: 231 — Чумной отряд: два Зомби, Призрак и Чернокнижник
    enemy_23: 163 — Шайка: два Разбойника; Гоблин лучник позади
    enemy_3: 149 — Имперское ополчение: два Скваера и Служка
    enemy_7: 136 — Имперский патруль: два Рыцаря и Маг
    enemy_11: 105 — Костяная гвардия: два Скелета-воина, Некромант и Дух
    enemy_25: 102 — Ополчение с магом: Крестьянин и Ополченец впереди; Адепт позади
    enemy_10: 89 — Орден охотников: Имперский рыцарь, Охотник на ведьм и Священник
    enemy_2: 72 — Дозор II: два Гоблина и Гоблин-лучник
    enemy_9: 29 — Берсерки: два Берсерка, Колдун и Ведьма
    enemy_13: 22 — Тёмный конклав: два Тёмных паладина, Демонолог и Колдунья
    enemy_12: 20 — Гномьи ветераны: два Ветерана, Друид и Алхимик
    enemy_15: 15 — Старшая гвардия: Ветеран, Старый ветеран, Архидруид и Отшельник
    enemy_21: 12 — Бедное ополчение: два Крестьянина; Гоблин лучник позади
    enemy_22: 11 — Смешанный дозор: Гоблин и Бес; Гоблин лучник позади
    enemy_16: 10 — Небесный орден: Ангел, Паладин, Белый маг и Аббатиса
    enemy_17: 7 — Адская гвардия: два Адских рыцаря, Инкуб и Пандемонеус
    enemy_19: 7 — Высшая нежить: два Скелета-призрака, Архилич и Сущий
    enemy_18: 6 — Храмовая элита: Защитник Веры, Мастер клинка, Белый маг и Прорицательница
    enemy_14: 5 — Дикая стража: два Кентавра-дикаря, Архонт и Теург
  Winrate: 0.0%
============================================================
  График призывов за эпизод: /home/runner/work/Disciples2-RL/Disciples2-RL/github_experiments/134/siege_train/target_enemy/seed134-siege_train-target_enemy-34057882413-1/plots/campaign_summoned_units_per_episode.png
  График призывов за всё обучение: /home/runner/work/Disciples2-RL/Disciples2-RL/github_experiments/134/siege_train/target_enemy/seed134-siege_train-target_enemy-34057882413-1/plots/campaign_summoned_units_cumulative.png
  График найма за эпизод: /home/runner/work/Disciples2-RL/Disciples2-RL/github_experiments/134/siege_train/target_enemy/seed134-siege_train-target_enemy-34057882413-1/plots/campaign_hired_units_per_episode.png
  График найма за всё обучение: /home/runner/work/Disciples2-RL/Disciples2-RL/github_experiments/134/siege_train/target_enemy/seed134-siege_train-target_enemy-34057882413-1/plots/campaign_hired_units_cumulative.png
  График перестановок юнитов за эпизод: /home/runner/work/Disciples2-RL/Disciples2-RL/github_experiments/134/siege_train/target_enemy/seed134-siege_train-target_enemy-34057882413-1/plots/campaign_unit_swaps_per_episode.png
  График боевых предметов: /home/runner/work/Disciples2-RL/Disciples2-RL/github_experiments/134/siege_train/target_enemy/seed134-siege_train-target_enemy-34057882413-1/plots/campaign_battle_item_activity.png
  График побед бота столицы за эпизод: /home/runner/work/Disciples2-RL/Disciples2-RL/github_experiments/134/siege_train/target_enemy/seed134-siege_train-target_enemy-34057882413-1/plots/campaign_scripted_bot_victories_per_episode.png
  График применения заклинаний: /home/runner/work/Disciples2-RL/Disciples2-RL/github_experiments/134/siege_train/target_enemy/seed134-siege_train-target_enemy-34057882413-1/plots/campaign_spell_cast_activity.png
