Проверка среды CampaignEnv...
Среда прошла проверку!
[INFO] Comet disabled, running without experiment tracking
Создание 12 параллельных сред (subproc)...
Инициализация MaskablePPO...
Using cpu device

============================================================
Запуск обучения Campaign Agent
Всего шагов: 1,000,000
Параллельных сред: 12
VecEnv: subproc
VecEnv start method: forkserver
Seed: 127
Checkpoint каждые: 500,000 шагов
Evaluation каждые: 83,334 шагов
Eval deterministic эпизодов: 20
Eval stochastic эпизодов: 0
Eval лимит шагов на эпизод: 5000
Campaign map: default
Campaign objective: dragon
System resources at training start:
  Platform: Linux 6.17.0-1020-azure (x86_64)
  Python: 3.14.6
  PyTorch: 2.13.0+cpu
  Training device: cpu
  CPU model: INTEL(R) XEON(R) PLATINUM 8573C
  CPU vendor: GenuineIntel
  Logical CPUs visible: 4
  Process CPU affinity: 4
  Sockets: 1
  Cores per socket: 2
  Threads per core: 2
  CPU max MHz: 2300.0000
  CPU min MHz: 800.0000
  L1d cache: 96 KiB (2 instances)
  L1i cache: 64 KiB (2 instances)
  L2 cache: 4 MiB (2 instances)
  L3 cache: 260 MiB (1 instance)
  Virtualization: VT-x
  Hypervisor: Microsoft
  RAM total: 15.61 GiB
  RAM available at start: 13.72 GiB
  Disk total: 144.26 GiB
  Disk free at start: 80.54 GiB
  Torch intra-op threads: 4
  Torch inter-op threads: 2
  OMP_NUM_THREADS: 4
  MKL_NUM_THREADS: 4
  OPENBLAS_NUM_THREADS: 4
  GitHub runner OS: Linux
  GitHub runner architecture: X64
  GitHub runner environment: github-hosted
PPO n_steps: 2,048
PPO batch_size: 512
PPO n_epochs: 5
PPO learning_rate: 0.0003
PPO clip_range: 0.2
PPO ent_coef: 0.01
PPO gamma: 0.995
PPO gae_lambda: 0.95
PPO target_kl: disabled
PPO gradient batches per rollout: 240
VecCheckNan: disabled
Freeze action layout: enabled
Empire territory: enabled
Torch threads per process: 4
Diagnostics: disabled
Wall-clock training limit: disabled
Run ID: seed127-default-green_dragon-31669085072-1
============================================================

Logging to /home/runner/work/Disciples2-RL/Disciples2-RL/github_experiments/127/default/green_dragon/seed127-default-green_dragon-31669085072-1/tensorboard/MaskablePPO_1
---------------------------------
| rollout/           |          |
|    ep_len_mean     | 1.1e+03  |
|    ep_rew_mean     | 152      |
| time/              |          |
|    fps             | 543      |
|    iterations      | 1        |
|    time_elapsed    | 45       |
|    total_timesteps | 24576    |
---------------------------------
-----------------------------------------
| rollout/                |             |
|    ep_len_mean          | 1.73e+03    |
|    ep_rew_mean          | 150         |
| time/                   |             |
|    fps                  | 531         |
|    iterations           | 2           |
|    time_elapsed         | 92          |
|    total_timesteps      | 49152       |
| train/                  |             |
|    approx_kl            | 0.009849855 |
|    clip_fraction        | 0.0746      |
|    clip_range           | 0.2         |
|    entropy_loss         | -2.27       |
|    explained_variance   | 0.0777      |
|    learning_rate        | 0.0003      |
|    loss                 | 0.0693      |
|    n_updates            | 5           |
|    policy_gradient_loss | -0.00563    |
|    value_loss           | 0.0964      |
-----------------------------------------
-----------------------------------------
| rollout/                |             |
|    ep_len_mean          | 1.73e+03    |
|    ep_rew_mean          | 124         |
| time/                   |             |
|    fps                  | 532         |
|    iterations           | 3           |
|    time_elapsed         | 138         |
|    total_timesteps      | 73728       |
| train/                  |             |
|    approx_kl            | 0.008522101 |
|    clip_fraction        | 0.0585      |
|    clip_range           | 0.2         |
|    entropy_loss         | -2.19       |
|    explained_variance   | 0.325       |
|    learning_rate        | 0.0003      |
|    loss                 | 0.193       |
|    n_updates            | 10          |
|    policy_gradient_loss | -0.00416    |
|    value_loss           | 0.359       |
-----------------------------------------
----------------------------------------
| rollout/                |            |
|    ep_len_mean          | 1.76e+03   |
|    ep_rew_mean          | 102        |
| time/                   |            |
|    fps                  | 534        |
|    iterations           | 4          |
|    time_elapsed         | 183        |
|    total_timesteps      | 98304      |
| train/                  |            |
|    approx_kl            | 0.00841642 |
|    clip_fraction        | 0.0716     |
|    clip_range           | 0.2        |
|    entropy_loss         | -2.01      |
|    explained_variance   | 0.644      |
|    learning_rate        | 0.0003     |
|    loss                 | 0.103      |
|    n_updates            | 15         |
|    policy_gradient_loss | -0.00471   |
|    value_loss           | 0.224      |
----------------------------------------
-----------------------------------------
| rollout/                |             |
|    ep_len_mean          | 1.58e+03    |
|    ep_rew_mean          | 92.1        |
| time/                   |             |
|    fps                  | 534         |
|    iterations           | 5           |
|    time_elapsed         | 229         |
|    total_timesteps      | 122880      |
| train/                  |             |
|    approx_kl            | 0.008910796 |
|    clip_fraction        | 0.0647      |
|    clip_range           | 0.2         |
|    entropy_loss         | -1.84       |
|    explained_variance   | 0.782       |
|    learning_rate        | 0.0003      |
|    loss                 | 0.0353      |
|    n_updates            | 20          |
|    policy_gradient_loss | -0.00307    |
|    value_loss           | 0.122       |
-----------------------------------------
-----------------------------------------
| rollout/                |             |
|    ep_len_mean          | 1.19e+03    |
|    ep_rew_mean          | 97.9        |
| time/                   |             |
|    fps                  | 534         |
|    iterations           | 6           |
|    time_elapsed         | 275         |
|    total_timesteps      | 147456      |
| train/                  |             |
|    approx_kl            | 0.008859219 |
|    clip_fraction        | 0.0566      |
|    clip_range           | 0.2         |
|    entropy_loss         | -1.95       |
|    explained_variance   | 0.837       |
|    learning_rate        | 0.0003      |
|    loss                 | 0.124       |
|    n_updates            | 25          |
|    policy_gradient_loss | -0.00434    |
|    value_loss           | 0.247       |
-----------------------------------------
------------------------------------------
| rollout/                |              |
|    ep_len_mean          | 933          |
|    ep_rew_mean          | 94.5         |
| time/                   |              |
|    fps                  | 535          |
|    iterations           | 7            |
|    time_elapsed         | 321          |
|    total_timesteps      | 172032       |
| train/                  |              |
|    approx_kl            | 0.0069782236 |
|    clip_fraction        | 0.0484       |
|    clip_range           | 0.2          |
|    entropy_loss         | -1.92        |
|    explained_variance   | 0.833        |
|    learning_rate        | 0.0003       |
|    loss                 | 0.0806       |
|    n_updates            | 30           |
|    policy_gradient_loss | -0.00386     |
|    value_loss           | 0.287        |
------------------------------------------
-----------------------------------------
| rollout/                |             |
|    ep_len_mean          | 701         |
|    ep_rew_mean          | 106         |
| time/                   |             |
|    fps                  | 535         |
|    iterations           | 8           |
|    time_elapsed         | 366         |
|    total_timesteps      | 196608      |
| train/                  |             |
|    approx_kl            | 0.007904931 |
|    clip_fraction        | 0.0473      |
|    clip_range           | 0.2         |
|    entropy_loss         | -1.85       |
|    explained_variance   | 0.92        |
|    learning_rate        | 0.0003      |
|    loss                 | 0.0867      |
|    n_updates            | 35          |
|    policy_gradient_loss | -0.0036     |
|    value_loss           | 0.176       |
-----------------------------------------
-----------------------------------------
| rollout/                |             |
|    ep_len_mean          | 743         |
|    ep_rew_mean          | 96.6        |
| time/                   |             |
|    fps                  | 535         |
|    iterations           | 9           |
|    time_elapsed         | 412         |
|    total_timesteps      | 221184      |
| train/                  |             |
|    approx_kl            | 0.007096388 |
|    clip_fraction        | 0.0323      |
|    clip_range           | 0.2         |
|    entropy_loss         | -1.91       |
|    explained_variance   | 0.934       |
|    learning_rate        | 0.0003      |
|    loss                 | 0.0443      |
|    n_updates            | 40          |
|    policy_gradient_loss | -0.00363    |
|    value_loss           | 0.205       |
-----------------------------------------
-----------------------------------------
| rollout/                |             |
|    ep_len_mean          | 790         |
|    ep_rew_mean          | 88.5        |
| time/                   |             |
|    fps                  | 535         |
|    iterations           | 10          |
|    time_elapsed         | 458         |
|    total_timesteps      | 245760      |
| train/                  |             |
|    approx_kl            | 0.011544076 |
|    clip_fraction        | 0.113       |
|    clip_range           | 0.2         |
|    entropy_loss         | -1.92       |
|    explained_variance   | 0.949       |
|    learning_rate        | 0.0003      |
|    loss                 | 0.0393      |
|    n_updates            | 45          |
|    policy_gradient_loss | -0.00475    |
|    value_loss           | 0.138       |
-----------------------------------------
-----------------------------------------
| rollout/                |             |
|    ep_len_mean          | 786         |
|    ep_rew_mean          | 84.2        |
| time/                   |             |
|    fps                  | 535         |
|    iterations           | 11          |
|    time_elapsed         | 504         |
|    total_timesteps      | 270336      |
| train/                  |             |
|    approx_kl            | 0.010524265 |
|    clip_fraction        | 0.0994      |
|    clip_range           | 0.2         |
|    entropy_loss         | -1.97       |
|    explained_variance   | 0.954       |
|    learning_rate        | 0.0003      |
|    loss                 | 0.000421    |
|    n_updates            | 50          |
|    policy_gradient_loss | -0.0037     |
|    value_loss           | 0.0813      |
-----------------------------------------
-----------------------------------------
| rollout/                |             |
|    ep_len_mean          | 687         |
|    ep_rew_mean          | 88.9        |
| time/                   |             |
|    fps                  | 534         |
|    iterations           | 12          |
|    time_elapsed         | 551         |
|    total_timesteps      | 294912      |
| train/                  |             |
|    approx_kl            | 0.019073563 |
|    clip_fraction        | 0.129       |
|    clip_range           | 0.2         |
|    entropy_loss         | -1.97       |
|    explained_variance   | 0.97        |
|    learning_rate        | 0.0003      |
|    loss                 | -0.00377    |
|    n_updates            | 55          |
|    policy_gradient_loss | -0.00561    |
|    value_loss           | 0.082       |
-----------------------------------------
-----------------------------------------
| rollout/                |             |
|    ep_len_mean          | 290         |
|    ep_rew_mean          | 114         |
| time/                   |             |
|    fps                  | 534         |
|    iterations           | 13          |
|    time_elapsed         | 597         |
|    total_timesteps      | 319488      |
| train/                  |             |
|    approx_kl            | 0.009935136 |
|    clip_fraction        | 0.118       |
|    clip_range           | 0.2         |
|    entropy_loss         | -2.07       |
|    explained_variance   | 0.973       |
|    learning_rate        | 0.0003      |
|    loss                 | 0.00823     |
|    n_updates            | 60          |
|    policy_gradient_loss | -0.00654    |
|    value_loss           | 0.0915      |
-----------------------------------------
-----------------------------------------
| rollout/                |             |
|    ep_len_mean          | 289         |
|    ep_rew_mean          | 115         |
| time/                   |             |
|    fps                  | 534         |
|    iterations           | 14          |
|    time_elapsed         | 644         |
|    total_timesteps      | 344064      |
| train/                  |             |
|    approx_kl            | 0.019528123 |
|    clip_fraction        | 0.1         |
|    clip_range           | 0.2         |
|    entropy_loss         | -2.02       |
|    explained_variance   | 0.983       |
|    learning_rate        | 0.0003      |
|    loss                 | 0.0183      |
|    n_updates            | 65          |
|    policy_gradient_loss | -0.00797    |
|    value_loss           | 0.0999      |
-----------------------------------------
------------------------------------------
| rollout/                |              |
|    ep_len_mean          | 330          |
|    ep_rew_mean          | 113          |
| time/                   |              |
|    fps                  | 533          |
|    iterations           | 15           |
|    time_elapsed         | 691          |
|    total_timesteps      | 368640       |
| train/                  |              |
|    approx_kl            | 0.0073886192 |
|    clip_fraction        | 0.0532       |
|    clip_range           | 0.2          |
|    entropy_loss         | -2           |
|    explained_variance   | 0.965        |
|    learning_rate        | 0.0003       |
|    loss                 | 0.0429       |
|    n_updates            | 70           |
|    policy_gradient_loss | -0.00354     |
|    value_loss           | 0.145        |
------------------------------------------
-----------------------------------------
| rollout/                |             |
|    ep_len_mean          | 506         |
|    ep_rew_mean          | 107         |
| time/                   |             |
|    fps                  | 533         |
|    iterations           | 16          |
|    time_elapsed         | 737         |
|    total_timesteps      | 393216      |
| train/                  |             |
|    approx_kl            | 0.009585169 |
|    clip_fraction        | 0.103       |
|    clip_range           | 0.2         |
|    entropy_loss         | -2.07       |
|    explained_variance   | 0.967       |
|    learning_rate        | 0.0003      |
|    loss                 | 0.0386      |
|    n_updates            | 75          |
|    policy_gradient_loss | -0.00428    |
|    value_loss           | 0.0907      |
-----------------------------------------
------------------------------------------
| rollout/                |              |
|    ep_len_mean          | 143          |
|    ep_rew_mean          | 122          |
| time/                   |              |
|    fps                  | 532          |
|    iterations           | 17           |
|    time_elapsed         | 784          |
|    total_timesteps      | 417792       |
| train/                  |              |
|    approx_kl            | 0.0119609935 |
|    clip_fraction        | 0.121        |
|    clip_range           | 0.2          |
|    entropy_loss         | -2.02        |
|    explained_variance   | 0.982        |
|    learning_rate        | 0.0003       |
|    loss                 | 0.0623       |
|    n_updates            | 80           |
|    policy_gradient_loss | -0.00626     |
|    value_loss           | 0.0789       |
------------------------------------------
-----------------------------------------
| rollout/                |             |
|    ep_len_mean          | 81.5        |
|    ep_rew_mean          | 121         |
| time/                   |             |
|    fps                  | 532         |
|    iterations           | 18          |
|    time_elapsed         | 830         |
|    total_timesteps      | 442368      |
| train/                  |             |
|    approx_kl            | 0.009386488 |
|    clip_fraction        | 0.0965      |
|    clip_range           | 0.2         |
|    entropy_loss         | -1.72       |
|    explained_variance   | 0.983       |
|    learning_rate        | 0.0003      |
|    loss                 | 0.0487      |
|    n_updates            | 85          |
|    policy_gradient_loss | -0.00613    |
|    value_loss           | 0.135       |
-----------------------------------------
-----------------------------------------
| rollout/                |             |
|    ep_len_mean          | 63.7        |
|    ep_rew_mean          | 120         |
| time/                   |             |
|    fps                  | 532         |
|    iterations           | 19          |
|    time_elapsed         | 877         |
|    total_timesteps      | 466944      |
| train/                  |             |
|    approx_kl            | 0.010353229 |
|    clip_fraction        | 0.104       |
|    clip_range           | 0.2         |
|    entropy_loss         | -1.5        |
|    explained_variance   | 0.867       |
|    learning_rate        | 0.0003      |
|    loss                 | 0.0233      |
|    n_updates            | 90          |
|    policy_gradient_loss | -0.00564    |
|    value_loss           | 0.118       |
-----------------------------------------
-----------------------------------------
| rollout/                |             |
|    ep_len_mean          | 53.3        |
|    ep_rew_mean          | 119         |
| time/                   |             |
|    fps                  | 531         |
|    iterations           | 20          |
|    time_elapsed         | 924         |
|    total_timesteps      | 491520      |
| train/                  |             |
|    approx_kl            | 0.008672591 |
|    clip_fraction        | 0.121       |
|    clip_range           | 0.2         |
|    entropy_loss         | -1.3        |
|    explained_variance   | 0.918       |
|    learning_rate        | 0.0003      |
|    loss                 | -0.00165    |
|    n_updates            | 95          |
|    policy_gradient_loss | -0.00797    |
|    value_loss           | 0.0601      |
-----------------------------------------
[Checkpoint] Saved at 500000 steps > /home/runner/work/Disciples2-RL/Disciples2-RL/github_experiments/127/default/green_dragon/seed127-default-green_dragon-31669085072-1/checkpoints/campaign_ppo_step_500000.zip
-----------------------------------------
| rollout/                |             |
|    ep_len_mean          | 53.8        |
|    ep_rew_mean          | 119         |
| time/                   |             |
|    fps                  | 531         |
|    iterations           | 21          |
|    time_elapsed         | 970         |
|    total_timesteps      | 516096      |
| train/                  |             |
|    approx_kl            | 0.009415352 |
|    clip_fraction        | 0.137       |
|    clip_range           | 0.2         |
|    entropy_loss         | -1.17       |
|    explained_variance   | 0.889       |
|    learning_rate        | 0.0003      |
|    loss                 | -0.0171     |
|    n_updates            | 100         |
|    policy_gradient_loss | -0.00857    |
|    value_loss           | 0.0293      |
-----------------------------------------
-----------------------------------------
| rollout/                |             |
|    ep_len_mean          | 49.3        |
|    ep_rew_mean          | 120         |
| time/                   |             |
|    fps                  | 531         |
|    iterations           | 22          |
|    time_elapsed         | 1016        |
|    total_timesteps      | 540672      |
| train/                  |             |
|    approx_kl            | 0.010097749 |
|    clip_fraction        | 0.11        |
|    clip_range           | 0.2         |
|    entropy_loss         | -1.06       |
|    explained_variance   | 0.961       |
|    learning_rate        | 0.0003      |
|    loss                 | -0.0158     |
|    n_updates            | 105         |
|    policy_gradient_loss | -0.0088     |
|    value_loss           | 0.0141      |
-----------------------------------------
----------------------------------------
| rollout/                |            |
|    ep_len_mean          | 46.8       |
|    ep_rew_mean          | 120        |
| time/                   |            |
|    fps                  | 531        |
|    iterations           | 23         |
|    time_elapsed         | 1063       |
|    total_timesteps      | 565248     |
| train/                  |            |
|    approx_kl            | 0.01095429 |
|    clip_fraction        | 0.116      |
|    clip_range           | 0.2        |
|    entropy_loss         | -0.998     |
|    explained_variance   | 0.992      |
|    learning_rate        | 0.0003     |
|    loss                 | -0.00963   |
|    n_updates            | 110        |
|    policy_gradient_loss | -0.0102    |
|    value_loss           | 0.0101     |
----------------------------------------
-----------------------------------------
| rollout/                |             |
|    ep_len_mean          | 44.9        |
|    ep_rew_mean          | 120         |
| time/                   |             |
|    fps                  | 531         |
|    iterations           | 24          |
|    time_elapsed         | 1109        |
|    total_timesteps      | 589824      |
| train/                  |             |
|    approx_kl            | 0.007886887 |
|    clip_fraction        | 0.0978      |
|    clip_range           | 0.2         |
|    entropy_loss         | -0.868      |
|    explained_variance   | 0.996       |
|    learning_rate        | 0.0003      |
|    loss                 | -0.016      |
|    n_updates            | 115         |
|    policy_gradient_loss | -0.0127     |
|    value_loss           | 0.0059      |
-----------------------------------------
-----------------------------------------
| rollout/                |             |
|    ep_len_mean          | 44.6        |
|    ep_rew_mean          | 122         |
| time/                   |             |
|    fps                  | 531         |
|    iterations           | 25          |
|    time_elapsed         | 1156        |
|    total_timesteps      | 614400      |
| train/                  |             |
|    approx_kl            | 0.008373143 |
|    clip_fraction        | 0.0876      |
|    clip_range           | 0.2         |
|    entropy_loss         | -0.771      |
|    explained_variance   | 0.943       |
|    learning_rate        | 0.0003      |
|    loss                 | -0.00356    |
|    n_updates            | 120         |
|    policy_gradient_loss | -0.00841    |
|    value_loss           | 0.0181      |
-----------------------------------------
-----------------------------------------
| rollout/                |             |
|    ep_len_mean          | 46.5        |
|    ep_rew_mean          | 123         |
| time/                   |             |
|    fps                  | 530         |
|    iterations           | 26          |
|    time_elapsed         | 1204        |
|    total_timesteps      | 638976      |
| train/                  |             |
|    approx_kl            | 0.011225059 |
|    clip_fraction        | 0.0892      |
|    clip_range           | 0.2         |
|    entropy_loss         | -0.666      |
|    explained_variance   | 0.524       |
|    learning_rate        | 0.0003      |
|    loss                 | -0.0244     |
|    n_updates            | 125         |
|    policy_gradient_loss | -0.0127     |
|    value_loss           | 0.00513     |
-----------------------------------------
-----------------------------------------
| rollout/                |             |
|    ep_len_mean          | 46.5        |
|    ep_rew_mean          | 124         |
| time/                   |             |
|    fps                  | 530         |
|    iterations           | 27          |
|    time_elapsed         | 1250        |
|    total_timesteps      | 663552      |
| train/                  |             |
|    approx_kl            | 0.007639941 |
|    clip_fraction        | 0.0999      |
|    clip_range           | 0.2         |
|    entropy_loss         | -0.654      |
|    explained_variance   | 0.815       |
|    learning_rate        | 0.0003      |
|    loss                 | -0.0191     |
|    n_updates            | 130         |
|    policy_gradient_loss | -0.015      |
|    value_loss           | 0.00627     |
-----------------------------------------
-----------------------------------------
| rollout/                |             |
|    ep_len_mean          | 46          |
|    ep_rew_mean          | 126         |
| time/                   |             |
|    fps                  | 530         |
|    iterations           | 28          |
|    time_elapsed         | 1297        |
|    total_timesteps      | 688128      |
| train/                  |             |
|    approx_kl            | 0.006381573 |
|    clip_fraction        | 0.0659      |
|    clip_range           | 0.2         |
|    entropy_loss         | -0.612      |
|    explained_variance   | 0.804       |
|    learning_rate        | 0.0003      |
|    loss                 | -0.0115     |
|    n_updates            | 135         |
|    policy_gradient_loss | -0.00755    |
|    value_loss           | 0.00945     |
-----------------------------------------
-----------------------------------------
| rollout/                |             |
|    ep_len_mean          | 45.6        |
|    ep_rew_mean          | 126         |
| time/                   |             |
|    fps                  | 529         |
|    iterations           | 29          |
|    time_elapsed         | 1345        |
|    total_timesteps      | 712704      |
| train/                  |             |
|    approx_kl            | 0.005510241 |
|    clip_fraction        | 0.0717      |
|    clip_range           | 0.2         |
|    entropy_loss         | -0.571      |
|    explained_variance   | 0.739       |
|    learning_rate        | 0.0003      |
|    loss                 | -0.0156     |
|    n_updates            | 140         |
|    policy_gradient_loss | -0.00607    |
|    value_loss           | 0.00511     |
-----------------------------------------
-----------------------------------------
| rollout/                |             |
|    ep_len_mean          | 46.1        |
|    ep_rew_mean          | 127         |
| time/                   |             |
|    fps                  | 529         |
|    iterations           | 30          |
|    time_elapsed         | 1392        |
|    total_timesteps      | 737280      |
| train/                  |             |
|    approx_kl            | 0.004778595 |
|    clip_fraction        | 0.0565      |
|    clip_range           | 0.2         |
|    entropy_loss         | -0.534      |
|    explained_variance   | 0.699       |
|    learning_rate        | 0.0003      |
|    loss                 | 0.000407    |
|    n_updates            | 145         |
|    policy_gradient_loss | -0.00628    |
|    value_loss           | 0.00637     |
-----------------------------------------
------------------------------------------
| rollout/                |              |
|    ep_len_mean          | 46.9         |
|    ep_rew_mean          | 127          |
| time/                   |              |
|    fps                  | 529          |
|    iterations           | 31           |
|    time_elapsed         | 1438         |
|    total_timesteps      | 761856       |
| train/                  |              |
|    approx_kl            | 0.0055606216 |
|    clip_fraction        | 0.065        |
|    clip_range           | 0.2          |
|    entropy_loss         | -0.542       |
|    explained_variance   | 0.848        |
|    learning_rate        | 0.0003       |
|    loss                 | -0.00042     |
|    n_updates            | 150          |
|    policy_gradient_loss | -0.00525     |
|    value_loss           | 0.00977      |
------------------------------------------
------------------------------------------
| rollout/                |              |
|    ep_len_mean          | 46.9         |
|    ep_rew_mean          | 129          |
| time/                   |              |
|    fps                  | 529          |
|    iterations           | 32           |
|    time_elapsed         | 1484         |
|    total_timesteps      | 786432       |
| train/                  |              |
|    approx_kl            | 0.0066705593 |
|    clip_fraction        | 0.0706       |
|    clip_range           | 0.2          |
|    entropy_loss         | -0.633       |
|    explained_variance   | 0.99         |
|    learning_rate        | 0.0003       |
|    loss                 | -0.00566     |
|    n_updates            | 155          |
|    policy_gradient_loss | -0.00651     |
|    value_loss           | 0.00874      |
------------------------------------------
-----------------------------------------
| rollout/                |             |
|    ep_len_mean          | 48.6        |
|    ep_rew_mean          | 130         |
| time/                   |             |
|    fps                  | 529         |
|    iterations           | 33          |
|    time_elapsed         | 1531        |
|    total_timesteps      | 811008      |
| train/                  |             |
|    approx_kl            | 0.005634939 |
|    clip_fraction        | 0.0771      |
|    clip_range           | 0.2         |
|    entropy_loss         | -0.628      |
|    explained_variance   | 0.994       |
|    learning_rate        | 0.0003      |
|    loss                 | -0.0206     |
|    n_updates            | 160         |
|    policy_gradient_loss | -0.00675    |
|    value_loss           | 0.0101      |
-----------------------------------------
-----------------------------------------
| rollout/                |             |
|    ep_len_mean          | 50.6        |
|    ep_rew_mean          | 131         |
| time/                   |             |
|    fps                  | 529         |
|    iterations           | 34          |
|    time_elapsed         | 1577        |
|    total_timesteps      | 835584      |
| train/                  |             |
|    approx_kl            | 0.006057542 |
|    clip_fraction        | 0.0609      |
|    clip_range           | 0.2         |
|    entropy_loss         | -0.669      |
|    explained_variance   | 0.959       |
|    learning_rate        | 0.0003      |
|    loss                 | -0.00228    |
|    n_updates            | 165         |
|    policy_gradient_loss | -0.00433    |
|    value_loss           | 0.0195      |
-----------------------------------------
-----------------------------------------
| rollout/                |             |
|    ep_len_mean          | 50          |
|    ep_rew_mean          | 132         |
| time/                   |             |
|    fps                  | 529         |
|    iterations           | 35          |
|    time_elapsed         | 1624        |
|    total_timesteps      | 860160      |
| train/                  |             |
|    approx_kl            | 0.004824459 |
|    clip_fraction        | 0.0423      |
|    clip_range           | 0.2         |
|    entropy_loss         | -0.772      |
|    explained_variance   | 0.981       |
|    learning_rate        | 0.0003      |
|    loss                 | -0.00119    |
|    n_updates            | 170         |
|    policy_gradient_loss | -0.00353    |
|    value_loss           | 0.0289      |
-----------------------------------------
-----------------------------------------
| rollout/                |             |
|    ep_len_mean          | 50.6        |
|    ep_rew_mean          | 132         |
| time/                   |             |
|    fps                  | 529         |
|    iterations           | 36          |
|    time_elapsed         | 1670        |
|    total_timesteps      | 884736      |
| train/                  |             |
|    approx_kl            | 0.005476631 |
|    clip_fraction        | 0.0565      |
|    clip_range           | 0.2         |
|    entropy_loss         | -0.66       |
|    explained_variance   | 0.993       |
|    learning_rate        | 0.0003      |
|    loss                 | -0.00735    |
|    n_updates            | 175         |
|    policy_gradient_loss | -0.00498    |
|    value_loss           | 0.0187      |
-----------------------------------------
-----------------------------------------
| rollout/                |             |
|    ep_len_mean          | 47.7        |
|    ep_rew_mean          | 131         |
| time/                   |             |
|    fps                  | 529         |
|    iterations           | 37          |
|    time_elapsed         | 1717        |
|    total_timesteps      | 909312      |
| train/                  |             |
|    approx_kl            | 0.005351721 |
|    clip_fraction        | 0.044       |
|    clip_range           | 0.2         |
|    entropy_loss         | -0.614      |
|    explained_variance   | 0.987       |
|    learning_rate        | 0.0003      |
|    loss                 | -0.00236    |
|    n_updates            | 180         |
|    policy_gradient_loss | -0.00328    |
|    value_loss           | 0.0163      |
-----------------------------------------
-----------------------------------------
| rollout/                |             |
|    ep_len_mean          | 148         |
|    ep_rew_mean          | 128         |
| time/                   |             |
|    fps                  | 529         |
|    iterations           | 38          |
|    time_elapsed         | 1763        |
|    total_timesteps      | 933888      |
| train/                  |             |
|    approx_kl            | 0.007708823 |
|    clip_fraction        | 0.0652      |
|    clip_range           | 0.2         |
|    entropy_loss         | -0.667      |
|    explained_variance   | 0.997       |
|    learning_rate        | 0.0003      |
|    loss                 | -0.00963    |
|    n_updates            | 185         |
|    policy_gradient_loss | -0.00489    |
|    value_loss           | 0.00708     |
-----------------------------------------
------------------------------------------
| rollout/                |              |
|    ep_len_mean          | 50.5         |
|    ep_rew_mean          | 132          |
| time/                   |              |
|    fps                  | 529          |
|    iterations           | 39           |
|    time_elapsed         | 1810         |
|    total_timesteps      | 958464       |
| train/                  |              |
|    approx_kl            | 0.0048505017 |
|    clip_fraction        | 0.0472       |
|    clip_range           | 0.2          |
|    entropy_loss         | -0.654       |
|    explained_variance   | 0.997        |
|    learning_rate        | 0.0003       |
|    loss                 | -0.0149      |
|    n_updates            | 190          |
|    policy_gradient_loss | -0.00454     |
|    value_loss           | 0.00888      |
------------------------------------------
------------------------------------------
| rollout/                |              |
|    ep_len_mean          | 49           |
|    ep_rew_mean          | 133          |
| time/                   |              |
|    fps                  | 529          |
|    iterations           | 40           |
|    time_elapsed         | 1856         |
|    total_timesteps      | 983040       |
| train/                  |              |
|    approx_kl            | 0.0036677283 |
|    clip_fraction        | 0.0478       |
|    clip_range           | 0.2          |
|    entropy_loss         | -0.381       |
|    explained_variance   | 0.941        |
|    learning_rate        | 0.0003       |
|    loss                 | -0.000266    |
|    n_updates            | 195          |
|    policy_gradient_loss | -0.00316     |
|    value_loss           | 0.00836      |
------------------------------------------
[Checkpoint] Saved at 1000000 steps > /home/runner/work/Disciples2-RL/Disciples2-RL/github_experiments/127/default/green_dragon/seed127-default-green_dragon-31669085072-1/checkpoints/campaign_ppo_step_1000000.zip
Eval num_timesteps=1000008, det_reward=133.82 +/- 0.00
Episode length: det=48.55 +/- 1.24
Victory rate: det=100.00%
-------------------------------------------------
| eval/                           |             |
|    deterministic_mean_ep_length | 48.5        |
|    deterministic_mean_reward    | 134         |
|    deterministic_victory_rate   | 1           |
|    mean_ep_length               | 48.5        |
|    mean_reward                  | 134         |
|    victory_rate                 | 1           |
| time/                           |             |
|    total_timesteps              | 1000008     |
| train/                          |             |
|    approx_kl                    | 0.008138205 |
|    clip_fraction                | 0.0614      |
|    clip_range                   | 0.2         |
|    entropy_loss                 | -0.539      |
|    explained_variance           | 0.993       |
|    learning_rate                | 0.0003      |
|    loss                         | -0.00778    |
|    n_updates                    | 200         |
|    policy_gradient_loss         | -0.00495    |
|    value_loss                   | 0.00834     |
-------------------------------------------------
New best model by deterministic victory rate!
---------------------------------
| rollout/           |          |
|    ep_len_mean     | 49.7     |
|    ep_rew_mean     | 134      |
| time/              |          |
|    fps             | 528      |
|    iterations      | 41       |
|    time_elapsed    | 1905     |
|    total_timesteps | 1007616  |
---------------------------------
VecNormalize stats saved: /home/runner/work/Disciples2-RL/Disciples2-RL/github_experiments/127/default/green_dragon/seed127-default-green_dragon-31669085072-1/models/vecnormalize.pkl

Финальная модель сохранена: /home/runner/work/Disciples2-RL/Disciples2-RL/github_experiments/127/default/green_dragon/seed127-default-green_dragon-31669085072-1/models/final_model.zip

============================================================
ИТОГИ ОБУЧЕНИЯ:
  Побед: 11798
  Поражений: 3
  Таймаутов: 43
  Побед бота столицы над врагами: 0
  Перестановок юнитов: 133132
  Терминальные поражения по противникам:
    enemy_75: 3 — Страж столицы Империи: Мизраэль
  Winrate: 99.6%
============================================================
  График призывов за эпизод: /home/runner/work/Disciples2-RL/Disciples2-RL/github_experiments/127/default/green_dragon/seed127-default-green_dragon-31669085072-1/plots/campaign_summoned_units_per_episode.png
  График призывов за всё обучение: /home/runner/work/Disciples2-RL/Disciples2-RL/github_experiments/127/default/green_dragon/seed127-default-green_dragon-31669085072-1/plots/campaign_summoned_units_cumulative.png
  График найма за эпизод: /home/runner/work/Disciples2-RL/Disciples2-RL/github_experiments/127/default/green_dragon/seed127-default-green_dragon-31669085072-1/plots/campaign_hired_units_per_episode.png
  График найма за всё обучение: /home/runner/work/Disciples2-RL/Disciples2-RL/github_experiments/127/default/green_dragon/seed127-default-green_dragon-31669085072-1/plots/campaign_hired_units_cumulative.png
  График перестановок юнитов за эпизод: /home/runner/work/Disciples2-RL/Disciples2-RL/github_experiments/127/default/green_dragon/seed127-default-green_dragon-31669085072-1/plots/campaign_unit_swaps_per_episode.png
  График боевых предметов: /home/runner/work/Disciples2-RL/Disciples2-RL/github_experiments/127/default/green_dragon/seed127-default-green_dragon-31669085072-1/plots/campaign_battle_item_activity.png
  График побед бота столицы за эпизод: /home/runner/work/Disciples2-RL/Disciples2-RL/github_experiments/127/default/green_dragon/seed127-default-green_dragon-31669085072-1/plots/campaign_scripted_bot_victories_per_episode.png
  График применения заклинаний: /home/runner/work/Disciples2-RL/Disciples2-RL/github_experiments/127/default/green_dragon/seed127-default-green_dragon-31669085072-1/plots/campaign_spell_cast_activity.png
