Проверка среды CampaignEnv...
Среда прошла проверку!
[INFO] Comet disabled, running without experiment tracking
Создание 12 параллельных сред (subproc)...
Инициализация MaskablePPO...
Using cpu device

============================================================
Запуск обучения Campaign Agent
Всего шагов: 1,000,000
Параллельных сред: 12
VecEnv: subproc
VecEnv start method: forkserver
Seed: 122
Checkpoint каждые: 500,000 шагов
Evaluation каждые: 83,334 шагов
Eval deterministic эпизодов: 20
Eval stochastic эпизодов: 0
Eval лимит шагов на эпизод: 5000
Campaign map: wotans_retribution
Campaign objective: cities
System resources at training start:
  Platform: Linux 6.17.0-1020-azure (x86_64)
  Python: 3.14.6
  PyTorch: 2.13.0+cpu
  Training device: cpu
  CPU model: AMD EPYC 7763 64-Core Processor
  CPU vendor: AuthenticAMD
  Logical CPUs visible: 4
  Process CPU affinity: 4
  Sockets: 1
  Cores per socket: 2
  Threads per core: 2
  CPU max MHz: unknown
  CPU min MHz: unknown
  L1d cache: 64 KiB (2 instances)
  L1i cache: 64 KiB (2 instances)
  L2 cache: 1 MiB (2 instances)
  L3 cache: 32 MiB (1 instance)
  Virtualization: AMD-V
  Hypervisor: Microsoft
  RAM total: 15.61 GiB
  RAM available at start: 13.84 GiB
  Disk total: 144.26 GiB
  Disk free at start: 82.36 GiB
  Torch intra-op threads: 4
  Torch inter-op threads: 2
  OMP_NUM_THREADS: 4
  MKL_NUM_THREADS: 4
  OPENBLAS_NUM_THREADS: 4
  GitHub runner OS: Linux
  GitHub runner architecture: X64
  GitHub runner environment: github-hosted
PPO n_steps: 2,048
PPO batch_size: 512
PPO n_epochs: 5
PPO learning_rate: 0.0003
PPO clip_range: 0.2
PPO ent_coef: 0.01
PPO gamma: 0.995
PPO gae_lambda: 0.95
PPO target_kl: disabled
PPO gradient batches per rollout: 240
VecCheckNan: disabled
Freeze action layout: enabled
Empire territory: enabled
Torch threads per process: 4
Diagnostics: disabled
Wall-clock training limit: disabled
Run ID: seed122-wotans_retribution-cities-30715042485-1
============================================================

Logging to /home/runner/work/Disciples2-RL/Disciples2-RL/github_experiments/122/wotans_retribution/cities/seed122-wotans_retribution-cities-30715042485-1/tensorboard/MaskablePPO_1
---------------------------------
| rollout/           |          |
|    ep_len_mean     | 153      |
|    ep_rew_mean     | -4.45    |
| time/              |          |
|    fps             | 483      |
|    iterations      | 1        |
|    time_elapsed    | 50       |
|    total_timesteps | 24576    |
---------------------------------
------------------------------------------
| rollout/                |              |
|    ep_len_mean          | 189          |
|    ep_rew_mean          | -3.85        |
| time/                   |              |
|    fps                  | 441          |
|    iterations           | 2            |
|    time_elapsed         | 111          |
|    total_timesteps      | 49152        |
| train/                  |              |
|    approx_kl            | 0.0095257405 |
|    clip_fraction        | 0.0974       |
|    clip_range           | 0.2          |
|    entropy_loss         | -2.08        |
|    explained_variance   | -0.1         |
|    learning_rate        | 0.0003       |
|    loss                 | 0.146        |
|    n_updates            | 5            |
|    policy_gradient_loss | -0.0087      |
|    value_loss           | 0.405        |
------------------------------------------
-----------------------------------------
| rollout/                |             |
|    ep_len_mean          | 188         |
|    ep_rew_mean          | 1.14        |
| time/                   |             |
|    fps                  | 432         |
|    iterations           | 3           |
|    time_elapsed         | 170         |
|    total_timesteps      | 73728       |
| train/                  |             |
|    approx_kl            | 0.010311463 |
|    clip_fraction        | 0.0991      |
|    clip_range           | 0.2         |
|    entropy_loss         | -2.04       |
|    explained_variance   | 0.417       |
|    learning_rate        | 0.0003      |
|    loss                 | 0.0343      |
|    n_updates            | 10          |
|    policy_gradient_loss | -0.0105     |
|    value_loss           | 0.165       |
-----------------------------------------
-----------------------------------------
| rollout/                |             |
|    ep_len_mean          | 203         |
|    ep_rew_mean          | 3.25        |
| time/                   |             |
|    fps                  | 429         |
|    iterations           | 4           |
|    time_elapsed         | 228         |
|    total_timesteps      | 98304       |
| train/                  |             |
|    approx_kl            | 0.011451777 |
|    clip_fraction        | 0.127       |
|    clip_range           | 0.2         |
|    entropy_loss         | -2          |
|    explained_variance   | 0.645       |
|    learning_rate        | 0.0003      |
|    loss                 | 0.0438      |
|    n_updates            | 15          |
|    policy_gradient_loss | -0.0109     |
|    value_loss           | 0.127       |
-----------------------------------------
-----------------------------------------
| rollout/                |             |
|    ep_len_mean          | 200         |
|    ep_rew_mean          | 5.15        |
| time/                   |             |
|    fps                  | 426         |
|    iterations           | 5           |
|    time_elapsed         | 288         |
|    total_timesteps      | 122880      |
| train/                  |             |
|    approx_kl            | 0.010817652 |
|    clip_fraction        | 0.115       |
|    clip_range           | 0.2         |
|    entropy_loss         | -2          |
|    explained_variance   | 0.72        |
|    learning_rate        | 0.0003      |
|    loss                 | 0.0215      |
|    n_updates            | 20          |
|    policy_gradient_loss | -0.00941    |
|    value_loss           | 0.131       |
-----------------------------------------
-----------------------------------------
| rollout/                |             |
|    ep_len_mean          | 202         |
|    ep_rew_mean          | 8.06        |
| time/                   |             |
|    fps                  | 425         |
|    iterations           | 6           |
|    time_elapsed         | 346         |
|    total_timesteps      | 147456      |
| train/                  |             |
|    approx_kl            | 0.009625213 |
|    clip_fraction        | 0.0905      |
|    clip_range           | 0.2         |
|    entropy_loss         | -1.97       |
|    explained_variance   | 0.816       |
|    learning_rate        | 0.0003      |
|    loss                 | 0.0286      |
|    n_updates            | 25          |
|    policy_gradient_loss | -0.00799    |
|    value_loss           | 0.119       |
-----------------------------------------
-----------------------------------------
| rollout/                |             |
|    ep_len_mean          | 245         |
|    ep_rew_mean          | 10.4        |
| time/                   |             |
|    fps                  | 423         |
|    iterations           | 7           |
|    time_elapsed         | 405         |
|    total_timesteps      | 172032      |
| train/                  |             |
|    approx_kl            | 0.011239436 |
|    clip_fraction        | 0.112       |
|    clip_range           | 0.2         |
|    entropy_loss         | -1.92       |
|    explained_variance   | 0.805       |
|    learning_rate        | 0.0003      |
|    loss                 | 0.0459      |
|    n_updates            | 30          |
|    policy_gradient_loss | -0.00787    |
|    value_loss           | 0.122       |
-----------------------------------------
-----------------------------------------
| rollout/                |             |
|    ep_len_mean          | 274         |
|    ep_rew_mean          | 11.1        |
| time/                   |             |
|    fps                  | 422         |
|    iterations           | 8           |
|    time_elapsed         | 465         |
|    total_timesteps      | 196608      |
| train/                  |             |
|    approx_kl            | 0.007837373 |
|    clip_fraction        | 0.0608      |
|    clip_range           | 0.2         |
|    entropy_loss         | -1.95       |
|    explained_variance   | 0.863       |
|    learning_rate        | 0.0003      |
|    loss                 | 0.0155      |
|    n_updates            | 35          |
|    policy_gradient_loss | -0.00546    |
|    value_loss           | 0.105       |
-----------------------------------------
-----------------------------------------
| rollout/                |             |
|    ep_len_mean          | 274         |
|    ep_rew_mean          | 14          |
| time/                   |             |
|    fps                  | 420         |
|    iterations           | 9           |
|    time_elapsed         | 526         |
|    total_timesteps      | 221184      |
| train/                  |             |
|    approx_kl            | 0.007019285 |
|    clip_fraction        | 0.0592      |
|    clip_range           | 0.2         |
|    entropy_loss         | -1.92       |
|    explained_variance   | 0.914       |
|    learning_rate        | 0.0003      |
|    loss                 | 0.0285      |
|    n_updates            | 40          |
|    policy_gradient_loss | -0.00496    |
|    value_loss           | 0.0715      |
-----------------------------------------
------------------------------------------
| rollout/                |              |
|    ep_len_mean          | 251          |
|    ep_rew_mean          | 14.2         |
| time/                   |              |
|    fps                  | 419          |
|    iterations           | 10           |
|    time_elapsed         | 586          |
|    total_timesteps      | 245760       |
| train/                  |              |
|    approx_kl            | 0.0073793507 |
|    clip_fraction        | 0.073        |
|    clip_range           | 0.2          |
|    entropy_loss         | -1.92        |
|    explained_variance   | 0.894        |
|    learning_rate        | 0.0003       |
|    loss                 | 0.00282      |
|    n_updates            | 45           |
|    policy_gradient_loss | -0.00561     |
|    value_loss           | 0.0818       |
------------------------------------------
----------------------------------------
| rollout/                |            |
|    ep_len_mean          | 250        |
|    ep_rew_mean          | 15.8       |
| time/                   |            |
|    fps                  | 419        |
|    iterations           | 11         |
|    time_elapsed         | 644        |
|    total_timesteps      | 270336     |
| train/                  |            |
|    approx_kl            | 0.00809737 |
|    clip_fraction        | 0.0801     |
|    clip_range           | 0.2        |
|    entropy_loss         | -1.9       |
|    explained_variance   | 0.899      |
|    learning_rate        | 0.0003     |
|    loss                 | -0.00238   |
|    n_updates            | 50         |
|    policy_gradient_loss | -0.00737   |
|    value_loss           | 0.075      |
----------------------------------------
------------------------------------------
| rollout/                |              |
|    ep_len_mean          | 306          |
|    ep_rew_mean          | 12.1         |
| time/                   |              |
|    fps                  | 418          |
|    iterations           | 12           |
|    time_elapsed         | 704          |
|    total_timesteps      | 294912       |
| train/                  |              |
|    approx_kl            | 0.0071364124 |
|    clip_fraction        | 0.0753       |
|    clip_range           | 0.2          |
|    entropy_loss         | -1.86        |
|    explained_variance   | 0.924        |
|    learning_rate        | 0.0003       |
|    loss                 | 0.00588      |
|    n_updates            | 55           |
|    policy_gradient_loss | -0.00632     |
|    value_loss           | 0.0599       |
------------------------------------------
-----------------------------------------
| rollout/                |             |
|    ep_len_mean          | 247         |
|    ep_rew_mean          | 19.4        |
| time/                   |             |
|    fps                  | 418         |
|    iterations           | 13          |
|    time_elapsed         | 764         |
|    total_timesteps      | 319488      |
| train/                  |             |
|    approx_kl            | 0.008001566 |
|    clip_fraction        | 0.0743      |
|    clip_range           | 0.2         |
|    entropy_loss         | -1.87       |
|    explained_variance   | 0.944       |
|    learning_rate        | 0.0003      |
|    loss                 | 0.000458    |
|    n_updates            | 60          |
|    policy_gradient_loss | -0.00429    |
|    value_loss           | 0.0478      |
-----------------------------------------
-----------------------------------------
| rollout/                |             |
|    ep_len_mean          | 421         |
|    ep_rew_mean          | -0.116      |
| time/                   |             |
|    fps                  | 416         |
|    iterations           | 14          |
|    time_elapsed         | 825         |
|    total_timesteps      | 344064      |
| train/                  |             |
|    approx_kl            | 0.009413413 |
|    clip_fraction        | 0.0919      |
|    clip_range           | 0.2         |
|    entropy_loss         | -1.87       |
|    explained_variance   | 0.978       |
|    learning_rate        | 0.0003      |
|    loss                 | -0.00761    |
|    n_updates            | 65          |
|    policy_gradient_loss | -0.00506    |
|    value_loss           | 0.0273      |
-----------------------------------------
-----------------------------------------
| rollout/                |             |
|    ep_len_mean          | 324         |
|    ep_rew_mean          | 13.2        |
| time/                   |             |
|    fps                  | 416         |
|    iterations           | 15          |
|    time_elapsed         | 884         |
|    total_timesteps      | 368640      |
| train/                  |             |
|    approx_kl            | 0.008204261 |
|    clip_fraction        | 0.0768      |
|    clip_range           | 0.2         |
|    entropy_loss         | -1.89       |
|    explained_variance   | 0.98        |
|    learning_rate        | 0.0003      |
|    loss                 | -0.00729    |
|    n_updates            | 70          |
|    policy_gradient_loss | -0.00485    |
|    value_loss           | 0.0232      |
-----------------------------------------
-----------------------------------------
| rollout/                |             |
|    ep_len_mean          | 315         |
|    ep_rew_mean          | 18.5        |
| time/                   |             |
|    fps                  | 416         |
|    iterations           | 16          |
|    time_elapsed         | 944         |
|    total_timesteps      | 393216      |
| train/                  |             |
|    approx_kl            | 0.008086146 |
|    clip_fraction        | 0.0838      |
|    clip_range           | 0.2         |
|    entropy_loss         | -1.87       |
|    explained_variance   | 0.978       |
|    learning_rate        | 0.0003      |
|    loss                 | -0.0172     |
|    n_updates            | 75          |
|    policy_gradient_loss | -0.00527    |
|    value_loss           | 0.0222      |
-----------------------------------------
-----------------------------------------
| rollout/                |             |
|    ep_len_mean          | 345         |
|    ep_rew_mean          | 11.3        |
| time/                   |             |
|    fps                  | 416         |
|    iterations           | 17          |
|    time_elapsed         | 1003        |
|    total_timesteps      | 417792      |
| train/                  |             |
|    approx_kl            | 0.008037569 |
|    clip_fraction        | 0.0783      |
|    clip_range           | 0.2         |
|    entropy_loss         | -1.9        |
|    explained_variance   | 0.98        |
|    learning_rate        | 0.0003      |
|    loss                 | -0.0271     |
|    n_updates            | 80          |
|    policy_gradient_loss | -0.00632    |
|    value_loss           | 0.0221      |
-----------------------------------------
-----------------------------------------
| rollout/                |             |
|    ep_len_mean          | 352         |
|    ep_rew_mean          | 20.6        |
| time/                   |             |
|    fps                  | 416         |
|    iterations           | 18          |
|    time_elapsed         | 1062        |
|    total_timesteps      | 442368      |
| train/                  |             |
|    approx_kl            | 0.008187636 |
|    clip_fraction        | 0.09        |
|    clip_range           | 0.2         |
|    entropy_loss         | -1.86       |
|    explained_variance   | 0.972       |
|    learning_rate        | 0.0003      |
|    loss                 | -0.0132     |
|    n_updates            | 85          |
|    policy_gradient_loss | -0.0058     |
|    value_loss           | 0.0252      |
-----------------------------------------
-----------------------------------------
| rollout/                |             |
|    ep_len_mean          | 272         |
|    ep_rew_mean          | 27.9        |
| time/                   |             |
|    fps                  | 416         |
|    iterations           | 19          |
|    time_elapsed         | 1119        |
|    total_timesteps      | 466944      |
| train/                  |             |
|    approx_kl            | 0.008357908 |
|    clip_fraction        | 0.0878      |
|    clip_range           | 0.2         |
|    entropy_loss         | -1.76       |
|    explained_variance   | 0.958       |
|    learning_rate        | 0.0003      |
|    loss                 | -0.0121     |
|    n_updates            | 90          |
|    policy_gradient_loss | -0.00569    |
|    value_loss           | 0.0265      |
-----------------------------------------
------------------------------------------
| rollout/                |              |
|    ep_len_mean          | 242          |
|    ep_rew_mean          | 28.3         |
| time/                   |              |
|    fps                  | 417          |
|    iterations           | 20           |
|    time_elapsed         | 1177         |
|    total_timesteps      | 491520       |
| train/                  |              |
|    approx_kl            | 0.0072963447 |
|    clip_fraction        | 0.0786       |
|    clip_range           | 0.2          |
|    entropy_loss         | -1.71        |
|    explained_variance   | 0.936        |
|    learning_rate        | 0.0003       |
|    loss                 | -0.0156      |
|    n_updates            | 95           |
|    policy_gradient_loss | -0.00532     |
|    value_loss           | 0.0255       |
------------------------------------------
[Checkpoint] Saved at 500000 steps > /home/runner/work/Disciples2-RL/Disciples2-RL/github_experiments/122/wotans_retribution/cities/seed122-wotans_retribution-cities-30715042485-1/checkpoints/campaign_ppo_step_500000.zip
-----------------------------------------
| rollout/                |             |
|    ep_len_mean          | 254         |
|    ep_rew_mean          | 32.3        |
| time/                   |             |
|    fps                  | 417         |
|    iterations           | 21          |
|    time_elapsed         | 1235        |
|    total_timesteps      | 516096      |
| train/                  |             |
|    approx_kl            | 0.008954809 |
|    clip_fraction        | 0.0957      |
|    clip_range           | 0.2         |
|    entropy_loss         | -1.7        |
|    explained_variance   | 0.918       |
|    learning_rate        | 0.0003      |
|    loss                 | -0.0108     |
|    n_updates            | 100         |
|    policy_gradient_loss | -0.00613    |
|    value_loss           | 0.0264      |
-----------------------------------------
-----------------------------------------
| rollout/                |             |
|    ep_len_mean          | 252         |
|    ep_rew_mean          | 33.1        |
| time/                   |             |
|    fps                  | 417         |
|    iterations           | 22          |
|    time_elapsed         | 1293        |
|    total_timesteps      | 540672      |
| train/                  |             |
|    approx_kl            | 0.008110675 |
|    clip_fraction        | 0.0825      |
|    clip_range           | 0.2         |
|    entropy_loss         | -1.67       |
|    explained_variance   | 0.905       |
|    learning_rate        | 0.0003      |
|    loss                 | -0.000684   |
|    n_updates            | 105         |
|    policy_gradient_loss | -0.00502    |
|    value_loss           | 0.0275      |
-----------------------------------------
------------------------------------------
| rollout/                |              |
|    ep_len_mean          | 242          |
|    ep_rew_mean          | 32.3         |
| time/                   |              |
|    fps                  | 418          |
|    iterations           | 23           |
|    time_elapsed         | 1351         |
|    total_timesteps      | 565248       |
| train/                  |              |
|    approx_kl            | 0.0067497254 |
|    clip_fraction        | 0.0712       |
|    clip_range           | 0.2          |
|    entropy_loss         | -1.64        |
|    explained_variance   | 0.914        |
|    learning_rate        | 0.0003       |
|    loss                 | -0.00286     |
|    n_updates            | 110          |
|    policy_gradient_loss | -0.00455     |
|    value_loss           | 0.0295       |
------------------------------------------
-----------------------------------------
| rollout/                |             |
|    ep_len_mean          | 251         |
|    ep_rew_mean          | 32.8        |
| time/                   |             |
|    fps                  | 418         |
|    iterations           | 24          |
|    time_elapsed         | 1409        |
|    total_timesteps      | 589824      |
| train/                  |             |
|    approx_kl            | 0.007358502 |
|    clip_fraction        | 0.0774      |
|    clip_range           | 0.2         |
|    entropy_loss         | -1.65       |
|    explained_variance   | 0.918       |
|    learning_rate        | 0.0003      |
|    loss                 | -0.000987   |
|    n_updates            | 115         |
|    policy_gradient_loss | -0.00488    |
|    value_loss           | 0.029       |
-----------------------------------------
------------------------------------------
| rollout/                |              |
|    ep_len_mean          | 241          |
|    ep_rew_mean          | 34.7         |
| time/                   |              |
|    fps                  | 419          |
|    iterations           | 25           |
|    time_elapsed         | 1465         |
|    total_timesteps      | 614400       |
| train/                  |              |
|    approx_kl            | 0.0070313998 |
|    clip_fraction        | 0.0758       |
|    clip_range           | 0.2          |
|    entropy_loss         | -1.65        |
|    explained_variance   | 0.927        |
|    learning_rate        | 0.0003       |
|    loss                 | -0.0189      |
|    n_updates            | 120          |
|    policy_gradient_loss | -0.00418     |
|    value_loss           | 0.0314       |
------------------------------------------
----------------------------------------
| rollout/                |            |
|    ep_len_mean          | 300        |
|    ep_rew_mean          | 28.4       |
| time/                   |            |
|    fps                  | 420        |
|    iterations           | 26         |
|    time_elapsed         | 1521       |
|    total_timesteps      | 638976     |
| train/                  |            |
|    approx_kl            | 0.00817436 |
|    clip_fraction        | 0.0616     |
|    clip_range           | 0.2        |
|    entropy_loss         | -1.68      |
|    explained_variance   | 0.941      |
|    learning_rate        | 0.0003     |
|    loss                 | -0.0224    |
|    n_updates            | 125        |
|    policy_gradient_loss | -0.00443   |
|    value_loss           | 0.0312     |
----------------------------------------
-----------------------------------------
| rollout/                |             |
|    ep_len_mean          | 246         |
|    ep_rew_mean          | 37.4        |
| time/                   |             |
|    fps                  | 420         |
|    iterations           | 27          |
|    time_elapsed         | 1578        |
|    total_timesteps      | 663552      |
| train/                  |             |
|    approx_kl            | 0.009793246 |
|    clip_fraction        | 0.0714      |
|    clip_range           | 0.2         |
|    entropy_loss         | -1.64       |
|    explained_variance   | 0.951       |
|    learning_rate        | 0.0003      |
|    loss                 | -0.0114     |
|    n_updates            | 130         |
|    policy_gradient_loss | -0.00498    |
|    value_loss           | 0.0304      |
-----------------------------------------
------------------------------------------
| rollout/                |              |
|    ep_len_mean          | 226          |
|    ep_rew_mean          | 35.6         |
| time/                   |              |
|    fps                  | 420          |
|    iterations           | 28           |
|    time_elapsed         | 1635         |
|    total_timesteps      | 688128       |
| train/                  |              |
|    approx_kl            | 0.0074613206 |
|    clip_fraction        | 0.0688       |
|    clip_range           | 0.2          |
|    entropy_loss         | -1.61        |
|    explained_variance   | 0.934        |
|    learning_rate        | 0.0003       |
|    loss                 | -0.00907     |
|    n_updates            | 135          |
|    policy_gradient_loss | -0.00372     |
|    value_loss           | 0.034        |
------------------------------------------
-----------------------------------------
| rollout/                |             |
|    ep_len_mean          | 267         |
|    ep_rew_mean          | 37.1        |
| time/                   |             |
|    fps                  | 420         |
|    iterations           | 29          |
|    time_elapsed         | 1695        |
|    total_timesteps      | 712704      |
| train/                  |             |
|    approx_kl            | 0.008020314 |
|    clip_fraction        | 0.0847      |
|    clip_range           | 0.2         |
|    entropy_loss         | -1.59       |
|    explained_variance   | 0.938       |
|    learning_rate        | 0.0003      |
|    loss                 | 0.00349     |
|    n_updates            | 140         |
|    policy_gradient_loss | -0.00457    |
|    value_loss           | 0.0377      |
-----------------------------------------
------------------------------------------
| rollout/                |              |
|    ep_len_mean          | 338          |
|    ep_rew_mean          | 31.1         |
| time/                   |              |
|    fps                  | 420          |
|    iterations           | 30           |
|    time_elapsed         | 1753         |
|    total_timesteps      | 737280       |
| train/                  |              |
|    approx_kl            | 0.0072724246 |
|    clip_fraction        | 0.0777       |
|    clip_range           | 0.2          |
|    entropy_loss         | -1.64        |
|    explained_variance   | 0.965        |
|    learning_rate        | 0.0003       |
|    loss                 | -0.0156      |
|    n_updates            | 145          |
|    policy_gradient_loss | -0.00412     |
|    value_loss           | 0.0306       |
------------------------------------------
------------------------------------------
| rollout/                |              |
|    ep_len_mean          | 272          |
|    ep_rew_mean          | 40.9         |
| time/                   |              |
|    fps                  | 420          |
|    iterations           | 31           |
|    time_elapsed         | 1811         |
|    total_timesteps      | 761856       |
| train/                  |              |
|    approx_kl            | 0.0071525113 |
|    clip_fraction        | 0.0712       |
|    clip_range           | 0.2          |
|    entropy_loss         | -1.56        |
|    explained_variance   | 0.95         |
|    learning_rate        | 0.0003       |
|    loss                 | -0.013       |
|    n_updates            | 150          |
|    policy_gradient_loss | -0.0037      |
|    value_loss           | 0.0325       |
------------------------------------------
-----------------------------------------
| rollout/                |             |
|    ep_len_mean          | 257         |
|    ep_rew_mean          | 42.6        |
| time/                   |             |
|    fps                  | 420         |
|    iterations           | 32          |
|    time_elapsed         | 1868        |
|    total_timesteps      | 786432      |
| train/                  |             |
|    approx_kl            | 0.006925138 |
|    clip_fraction        | 0.0676      |
|    clip_range           | 0.2         |
|    entropy_loss         | -1.59       |
|    explained_variance   | 0.954       |
|    learning_rate        | 0.0003      |
|    loss                 | -0.00834    |
|    n_updates            | 155         |
|    policy_gradient_loss | -0.00442    |
|    value_loss           | 0.0279      |
-----------------------------------------
-----------------------------------------
| rollout/                |             |
|    ep_len_mean          | 239         |
|    ep_rew_mean          | 40.4        |
| time/                   |             |
|    fps                  | 420         |
|    iterations           | 33          |
|    time_elapsed         | 1926        |
|    total_timesteps      | 811008      |
| train/                  |             |
|    approx_kl            | 0.006856248 |
|    clip_fraction        | 0.0685      |
|    clip_range           | 0.2         |
|    entropy_loss         | -1.53       |
|    explained_variance   | 0.952       |
|    learning_rate        | 0.0003      |
|    loss                 | -0.0163     |
|    n_updates            | 160         |
|    policy_gradient_loss | -0.00443    |
|    value_loss           | 0.03        |
-----------------------------------------
-----------------------------------------
| rollout/                |             |
|    ep_len_mean          | 234         |
|    ep_rew_mean          | 42.5        |
| time/                   |             |
|    fps                  | 420         |
|    iterations           | 34          |
|    time_elapsed         | 1986        |
|    total_timesteps      | 835584      |
| train/                  |             |
|    approx_kl            | 0.008016736 |
|    clip_fraction        | 0.0637      |
|    clip_range           | 0.2         |
|    entropy_loss         | -1.52       |
|    explained_variance   | 0.954       |
|    learning_rate        | 0.0003      |
|    loss                 | -0.0172     |
|    n_updates            | 165         |
|    policy_gradient_loss | -0.00327    |
|    value_loss           | 0.0313      |
-----------------------------------------
-----------------------------------------
| rollout/                |             |
|    ep_len_mean          | 317         |
|    ep_rew_mean          | 31.7        |
| time/                   |             |
|    fps                  | 420         |
|    iterations           | 35          |
|    time_elapsed         | 2045        |
|    total_timesteps      | 860160      |
| train/                  |             |
|    approx_kl            | 0.007413843 |
|    clip_fraction        | 0.0664      |
|    clip_range           | 0.2         |
|    entropy_loss         | -1.52       |
|    explained_variance   | 0.966       |
|    learning_rate        | 0.0003      |
|    loss                 | -0.00302    |
|    n_updates            | 170         |
|    policy_gradient_loss | -0.00396    |
|    value_loss           | 0.0319      |
-----------------------------------------
------------------------------------------
| rollout/                |              |
|    ep_len_mean          | 270          |
|    ep_rew_mean          | 41.8         |
| time/                   |              |
|    fps                  | 420          |
|    iterations           | 36           |
|    time_elapsed         | 2103         |
|    total_timesteps      | 884736       |
| train/                  |              |
|    approx_kl            | 0.0083216345 |
|    clip_fraction        | 0.0701       |
|    clip_range           | 0.2          |
|    entropy_loss         | -1.51        |
|    explained_variance   | 0.97         |
|    learning_rate        | 0.0003       |
|    loss                 | -0.0168      |
|    n_updates            | 175          |
|    policy_gradient_loss | -0.00414     |
|    value_loss           | 0.0252       |
------------------------------------------
-----------------------------------------
| rollout/                |             |
|    ep_len_mean          | 221         |
|    ep_rew_mean          | 43.2        |
| time/                   |             |
|    fps                  | 420         |
|    iterations           | 37          |
|    time_elapsed         | 2161        |
|    total_timesteps      | 909312      |
| train/                  |             |
|    approx_kl            | 0.006407566 |
|    clip_fraction        | 0.0588      |
|    clip_range           | 0.2         |
|    entropy_loss         | -1.46       |
|    explained_variance   | 0.951       |
|    learning_rate        | 0.0003      |
|    loss                 | 0.000305    |
|    n_updates            | 180         |
|    policy_gradient_loss | -0.00411    |
|    value_loss           | 0.0313      |
-----------------------------------------
-----------------------------------------
| rollout/                |             |
|    ep_len_mean          | 267         |
|    ep_rew_mean          | 40.8        |
| time/                   |             |
|    fps                  | 420         |
|    iterations           | 38          |
|    time_elapsed         | 2218        |
|    total_timesteps      | 933888      |
| train/                  |             |
|    approx_kl            | 0.006047016 |
|    clip_fraction        | 0.0554      |
|    clip_range           | 0.2         |
|    entropy_loss         | -1.43       |
|    explained_variance   | 0.962       |
|    learning_rate        | 0.0003      |
|    loss                 | -0.00735    |
|    n_updates            | 185         |
|    policy_gradient_loss | -0.00331    |
|    value_loss           | 0.0276      |
-----------------------------------------
------------------------------------------
| rollout/                |              |
|    ep_len_mean          | 244          |
|    ep_rew_mean          | 43.8         |
| time/                   |              |
|    fps                  | 421          |
|    iterations           | 39           |
|    time_elapsed         | 2276         |
|    total_timesteps      | 958464       |
| train/                  |              |
|    approx_kl            | 0.0067022126 |
|    clip_fraction        | 0.0723       |
|    clip_range           | 0.2          |
|    entropy_loss         | -1.41        |
|    explained_variance   | 0.964        |
|    learning_rate        | 0.0003       |
|    loss                 | -0.00473     |
|    n_updates            | 190          |
|    policy_gradient_loss | -0.00316     |
|    value_loss           | 0.0268       |
------------------------------------------
------------------------------------------
| rollout/                |              |
|    ep_len_mean          | 238          |
|    ep_rew_mean          | 47.6         |
| time/                   |              |
|    fps                  | 421          |
|    iterations           | 40           |
|    time_elapsed         | 2333         |
|    total_timesteps      | 983040       |
| train/                  |              |
|    approx_kl            | 0.0070774183 |
|    clip_fraction        | 0.0667       |
|    clip_range           | 0.2          |
|    entropy_loss         | -1.45        |
|    explained_variance   | 0.959        |
|    learning_rate        | 0.0003       |
|    loss                 | -0.015       |
|    n_updates            | 195          |
|    policy_gradient_loss | -0.00376     |
|    value_loss           | 0.0276       |
------------------------------------------
[Checkpoint] Saved at 1000000 steps > /home/runner/work/Disciples2-RL/Disciples2-RL/github_experiments/122/wotans_retribution/cities/seed122-wotans_retribution-cities-30715042485-1/checkpoints/campaign_ppo_step_1000000.zip
Eval num_timesteps=1000008, det_reward=-52.06 +/- 220.08
Episode length: det=1185.55 +/- 1687.80
Victory rate: det=0.00%
--------------------------------------------------
| eval/                           |              |
|    deterministic_mean_ep_length | 1.19e+03     |
|    deterministic_mean_reward    | -52.1        |
|    deterministic_victory_rate   | 0            |
|    mean_ep_length               | 1.19e+03     |
|    mean_reward                  | -52.1        |
|    victory_rate                 | 0            |
| time/                           |              |
|    total_timesteps              | 1000008      |
| train/                          |              |
|    approx_kl                    | 0.0070226383 |
|    clip_fraction                | 0.073        |
|    clip_range                   | 0.2          |
|    entropy_loss                 | -1.42        |
|    explained_variance           | 0.955        |
|    learning_rate                | 0.0003       |
|    loss                         | 0.00395      |
|    n_updates                    | 200          |
|    policy_gradient_loss         | -0.00387     |
|    value_loss                   | 0.0287       |
--------------------------------------------------
New best model by deterministic victory rate!
---------------------------------
| rollout/           |          |
|    ep_len_mean     | 233      |
|    ep_rew_mean     | 48       |
| time/              |          |
|    fps             | 402      |
|    iterations      | 41       |
|    time_elapsed    | 2501     |
|    total_timesteps | 1007616  |
---------------------------------
VecNormalize stats saved: /home/runner/work/Disciples2-RL/Disciples2-RL/github_experiments/122/wotans_retribution/cities/seed122-wotans_retribution-cities-30715042485-1/models/vecnormalize.pkl

Финальная модель сохранена: /home/runner/work/Disciples2-RL/Disciples2-RL/github_experiments/122/wotans_retribution/cities/seed122-wotans_retribution-cities-30715042485-1/models/final_model.zip

============================================================
ИТОГИ ОБУЧЕНИЯ:
  Побед: 0
  Поражений: 3915
  Таймаутов: 0
  Побед бота столицы над врагами: 0
  Перестановок юнитов: 189826
  Терминальные поражения по противникам:
    enemy_1: 702 — ruin_guardian S117RU0000: Варвар, Варвар
    enemy_29: 586 — stack S117KC001f: Вождь варваров
    enemy_26: 477 — stack S117KC001a: Белый медведь, Белый медведь
    enemy_9: 432 — settlement_garrison S117FT0007: Варвар
    enemy_49: 384 — stack S117KC0039: Белый медведь, Белый медведь
    enemy_46: 272 — stack S117KC0036: Вождь варваров
    enemy_39: 215 — stack S117KC002f: Вождь варваров
    enemy_28: 199 — stack S117KC001e: Головорез, Головорез
    enemy_24: 132 — stack S117KC0018: Вождь варваров
    enemy_64: 93 — stack S117KC004d: Волк
    enemy_47: 73 — stack S117KC0037: Волк
    enemy_38: 73 — stack S117KC002e: Дикий гигант, Дикий гигант
    enemy_25: 54 — stack S117KC0019: Разбойник, Разбойник, Разбойник
    enemy_30: 52 — stack S117KC0020: Берсерк
    enemy_48: 44 — stack S117KC0038: Волк
    enemy_37: 43 — stack S117KC002d: Рыцарь на пегасе
    enemy_63: 37 — stack S117KC004c: Разбойник, Головорез
    enemy_11: 37 — stack S117KC0004: Холмовой гигант, Холмовой гигант
    enemy_16: 6 — stack S117KC000f: Холмовой гигант, Холмовой гигант
    enemy_36: 2 — stack S117KC002c: Дикий гигант, Дикий гигант
    enemy_18: 1 — stack S117KC0011: Скальной гигант, Скальной гигант, Холмовой гигант, Холмовой гигант
    enemy_19: 1 — stack S117KC0012: Скальной гигант, Скальной гигант, Холмовой гигант, Холмовой гигант
  Winrate: 0.0%
============================================================
  График призывов за эпизод: /home/runner/work/Disciples2-RL/Disciples2-RL/github_experiments/122/wotans_retribution/cities/seed122-wotans_retribution-cities-30715042485-1/plots/campaign_summoned_units_per_episode.png
  График призывов за всё обучение: /home/runner/work/Disciples2-RL/Disciples2-RL/github_experiments/122/wotans_retribution/cities/seed122-wotans_retribution-cities-30715042485-1/plots/campaign_summoned_units_cumulative.png
  График найма за эпизод: /home/runner/work/Disciples2-RL/Disciples2-RL/github_experiments/122/wotans_retribution/cities/seed122-wotans_retribution-cities-30715042485-1/plots/campaign_hired_units_per_episode.png
  График найма за всё обучение: /home/runner/work/Disciples2-RL/Disciples2-RL/github_experiments/122/wotans_retribution/cities/seed122-wotans_retribution-cities-30715042485-1/plots/campaign_hired_units_cumulative.png
  График перестановок юнитов за эпизод: /home/runner/work/Disciples2-RL/Disciples2-RL/github_experiments/122/wotans_retribution/cities/seed122-wotans_retribution-cities-30715042485-1/plots/campaign_unit_swaps_per_episode.png
  График боевых предметов: /home/runner/work/Disciples2-RL/Disciples2-RL/github_experiments/122/wotans_retribution/cities/seed122-wotans_retribution-cities-30715042485-1/plots/campaign_battle_item_activity.png
  График побед бота столицы за эпизод: /home/runner/work/Disciples2-RL/Disciples2-RL/github_experiments/122/wotans_retribution/cities/seed122-wotans_retribution-cities-30715042485-1/plots/campaign_scripted_bot_victories_per_episode.png
  График применения заклинаний: /home/runner/work/Disciples2-RL/Disciples2-RL/github_experiments/122/wotans_retribution/cities/seed122-wotans_retribution-cities-30715042485-1/plots/campaign_spell_cast_activity.png
