Проверка среды CampaignEnv...
Среда прошла проверку!
[INFO] Comet disabled, running without experiment tracking
Создание 12 параллельных сред (subproc)...
Инициализация MaskablePPO...
Using cpu device

============================================================
Запуск обучения Campaign Agent
Всего шагов: 1,000,000
Параллельных сред: 12
VecEnv: subproc
VecEnv start method: forkserver
Seed: 136
Checkpoint каждые: 500,000 шагов
Evaluation каждые: 83,334 шагов
Eval deterministic эпизодов: 20
Eval stochastic эпизодов: 0
Eval лимит шагов на эпизод: 5000
Campaign map: default
Campaign objective: dragon
System resources at training start:
  Platform: Linux 6.17.0-1022-azure (x86_64)
  Python: 3.14.7
  PyTorch: 2.14.0+cpu
  Training device: cpu
  CPU model: Intel(R) Xeon(R) 6973P-C
  CPU vendor: GenuineIntel
  Logical CPUs visible: 4
  Process CPU affinity: 4
  Sockets: 1
  Cores per socket: 2
  Threads per core: 2
  CPU max MHz: 2600.0000
  CPU min MHz: 800.0000
  L1d cache: 96 KiB (2 instances)
  L1i cache: 128 KiB (2 instances)
  L2 cache: 4 MiB (2 instances)
  L3 cache: 480 MiB (1 instance)
  Virtualization: VT-x
  Hypervisor: Microsoft
  RAM total: 15.61 GiB
  RAM available at start: 13.71 GiB
  Disk total: 144.26 GiB
  Disk free at start: 75.38 GiB
  Torch intra-op threads: 4
  Torch inter-op threads: 2
  OMP_NUM_THREADS: 4
  MKL_NUM_THREADS: 4
  OPENBLAS_NUM_THREADS: 4
  GitHub runner OS: Linux
  GitHub runner architecture: X64
  GitHub runner environment: github-hosted
PPO n_steps: 2,048
PPO batch_size: 512
PPO n_epochs: 5
PPO learning_rate: 0.0003
PPO clip_range: 0.2
PPO ent_coef: 0.01
PPO gamma: 0.995
PPO gae_lambda: 0.95
PPO target_kl: disabled
PPO gradient batches per rollout: 240
VecCheckNan: disabled
Freeze action layout: enabled
Empire territory: enabled
Torch threads per process: 4
Diagnostics: disabled
Wall-clock training limit: disabled
Run ID: seed136-default-green_dragon-34646964012-1
============================================================

Logging to /home/runner/work/Disciples2-RL/Disciples2-RL/github_experiments/136/default/green_dragon/seed136-default-green_dragon-34646964012-1/tensorboard/MaskablePPO_1
------------------------------
| time/              |       |
|    fps             | 639   |
|    iterations      | 1     |
|    time_elapsed    | 38    |
|    total_timesteps | 24576 |
------------------------------
-----------------------------------------
| rollout/                |             |
|    ep_len_mean          | 2.29e+03    |
|    ep_rew_mean          | 128         |
| time/                   |             |
|    fps                  | 616         |
|    iterations           | 2           |
|    time_elapsed         | 79          |
|    total_timesteps      | 49152       |
| train/                  |             |
|    approx_kl            | 0.009101577 |
|    clip_fraction        | 0.0727      |
|    clip_range           | 0.2         |
|    entropy_loss         | -2.26       |
|    explained_variance   | -1.12       |
|    learning_rate        | 0.0003      |
|    loss                 | -0.00968    |
|    n_updates            | 5           |
|    policy_gradient_loss | -0.00481    |
|    value_loss           | 0.0773      |
-----------------------------------------
-----------------------------------------
| rollout/                |             |
|    ep_len_mean          | 2.66e+03    |
|    ep_rew_mean          | 99.7        |
| time/                   |             |
|    fps                  | 611         |
|    iterations           | 3           |
|    time_elapsed         | 120         |
|    total_timesteps      | 73728       |
| train/                  |             |
|    approx_kl            | 0.007309289 |
|    clip_fraction        | 0.042       |
|    clip_range           | 0.2         |
|    entropy_loss         | -2.19       |
|    explained_variance   | 0.233       |
|    learning_rate        | 0.0003      |
|    loss                 | 0.0689      |
|    n_updates            | 10          |
|    policy_gradient_loss | -0.00416    |
|    value_loss           | 0.212       |
-----------------------------------------
-----------------------------------------
| rollout/                |             |
|    ep_len_mean          | 2.08e+03    |
|    ep_rew_mean          | 120         |
| time/                   |             |
|    fps                  | 615         |
|    iterations           | 4           |
|    time_elapsed         | 159         |
|    total_timesteps      | 98304       |
| train/                  |             |
|    approx_kl            | 0.010259349 |
|    clip_fraction        | 0.0799      |
|    clip_range           | 0.2         |
|    entropy_loss         | -2.18       |
|    explained_variance   | 0.515       |
|    learning_rate        | 0.0003      |
|    loss                 | 0.0556      |
|    n_updates            | 15          |
|    policy_gradient_loss | -0.00571    |
|    value_loss           | 0.16        |
-----------------------------------------
-----------------------------------------
| rollout/                |             |
|    ep_len_mean          | 1.91e+03    |
|    ep_rew_mean          | 95.2        |
| time/                   |             |
|    fps                  | 616         |
|    iterations           | 5           |
|    time_elapsed         | 199         |
|    total_timesteps      | 122880      |
| train/                  |             |
|    approx_kl            | 0.007451629 |
|    clip_fraction        | 0.0342      |
|    clip_range           | 0.2         |
|    entropy_loss         | -2.01       |
|    explained_variance   | 0.598       |
|    learning_rate        | 0.0003      |
|    loss                 | 0.0906      |
|    n_updates            | 20          |
|    policy_gradient_loss | -0.00214    |
|    value_loss           | 0.246       |
-----------------------------------------
------------------------------------------
| rollout/                |              |
|    ep_len_mean          | 1.5e+03      |
|    ep_rew_mean          | 96.7         |
| time/                   |              |
|    fps                  | 615          |
|    iterations           | 6            |
|    time_elapsed         | 239          |
|    total_timesteps      | 147456       |
| train/                  |              |
|    approx_kl            | 0.0075161946 |
|    clip_fraction        | 0.0329       |
|    clip_range           | 0.2          |
|    entropy_loss         | -1.93        |
|    explained_variance   | 0.749        |
|    learning_rate        | 0.0003       |
|    loss                 | 0.0303       |
|    n_updates            | 25           |
|    policy_gradient_loss | -0.00416     |
|    value_loss           | 0.163        |
------------------------------------------
----------------------------------------
| rollout/                |            |
|    ep_len_mean          | 793        |
|    ep_rew_mean          | 104        |
| time/                   |            |
|    fps                  | 616        |
|    iterations           | 7          |
|    time_elapsed         | 279        |
|    total_timesteps      | 172032     |
| train/                  |            |
|    approx_kl            | 0.00819691 |
|    clip_fraction        | 0.0561     |
|    clip_range           | 0.2        |
|    entropy_loss         | -1.96      |
|    explained_variance   | 0.887      |
|    learning_rate        | 0.0003     |
|    loss                 | 0.0605     |
|    n_updates            | 30         |
|    policy_gradient_loss | -0.00453   |
|    value_loss           | 0.238      |
----------------------------------------
------------------------------------------
| rollout/                |              |
|    ep_len_mean          | 564          |
|    ep_rew_mean          | 112          |
| time/                   |              |
|    fps                  | 614          |
|    iterations           | 8            |
|    time_elapsed         | 320          |
|    total_timesteps      | 196608       |
| train/                  |              |
|    approx_kl            | 0.0077596046 |
|    clip_fraction        | 0.0604       |
|    clip_range           | 0.2          |
|    entropy_loss         | -1.92        |
|    explained_variance   | 0.909        |
|    learning_rate        | 0.0003       |
|    loss                 | 0.084        |
|    n_updates            | 35           |
|    policy_gradient_loss | -0.00509     |
|    value_loss           | 0.226        |
------------------------------------------
-----------------------------------------
| rollout/                |             |
|    ep_len_mean          | 648         |
|    ep_rew_mean          | 98.7        |
| time/                   |             |
|    fps                  | 611         |
|    iterations           | 9           |
|    time_elapsed         | 361         |
|    total_timesteps      | 221184      |
| train/                  |             |
|    approx_kl            | 0.011161243 |
|    clip_fraction        | 0.116       |
|    clip_range           | 0.2         |
|    entropy_loss         | -1.94       |
|    explained_variance   | 0.948       |
|    learning_rate        | 0.0003      |
|    loss                 | 0.019       |
|    n_updates            | 40          |
|    policy_gradient_loss | -0.006      |
|    value_loss           | 0.109       |
-----------------------------------------
-----------------------------------------
| rollout/                |             |
|    ep_len_mean          | 494         |
|    ep_rew_mean          | 108         |
| time/                   |             |
|    fps                  | 609         |
|    iterations           | 10          |
|    time_elapsed         | 402         |
|    total_timesteps      | 245760      |
| train/                  |             |
|    approx_kl            | 0.011192945 |
|    clip_fraction        | 0.106       |
|    clip_range           | 0.2         |
|    entropy_loss         | -1.98       |
|    explained_variance   | 0.954       |
|    learning_rate        | 0.0003      |
|    loss                 | 0.0325      |
|    n_updates            | 45          |
|    policy_gradient_loss | -0.00652    |
|    value_loss           | 0.133       |
-----------------------------------------
-----------------------------------------
| rollout/                |             |
|    ep_len_mean          | 451         |
|    ep_rew_mean          | 113         |
| time/                   |             |
|    fps                  | 608         |
|    iterations           | 11          |
|    time_elapsed         | 444         |
|    total_timesteps      | 270336      |
| train/                  |             |
|    approx_kl            | 0.010131341 |
|    clip_fraction        | 0.118       |
|    clip_range           | 0.2         |
|    entropy_loss         | -2.02       |
|    explained_variance   | 0.959       |
|    learning_rate        | 0.0003      |
|    loss                 | 0.0128      |
|    n_updates            | 50          |
|    policy_gradient_loss | -0.00648    |
|    value_loss           | 0.133       |
-----------------------------------------
----------------------------------------
| rollout/                |            |
|    ep_len_mean          | 382        |
|    ep_rew_mean          | 112        |
| time/                   |            |
|    fps                  | 607        |
|    iterations           | 12         |
|    time_elapsed         | 485        |
|    total_timesteps      | 294912     |
| train/                  |            |
|    approx_kl            | 0.00976003 |
|    clip_fraction        | 0.0868     |
|    clip_range           | 0.2        |
|    entropy_loss         | -2.04      |
|    explained_variance   | 0.973      |
|    learning_rate        | 0.0003     |
|    loss                 | 0.00617    |
|    n_updates            | 55         |
|    policy_gradient_loss | -0.00576   |
|    value_loss           | 0.0608     |
----------------------------------------
-----------------------------------------
| rollout/                |             |
|    ep_len_mean          | 140         |
|    ep_rew_mean          | 121         |
| time/                   |             |
|    fps                  | 606         |
|    iterations           | 13          |
|    time_elapsed         | 526         |
|    total_timesteps      | 319488      |
| train/                  |             |
|    approx_kl            | 0.013417404 |
|    clip_fraction        | 0.134       |
|    clip_range           | 0.2         |
|    entropy_loss         | -1.88       |
|    explained_variance   | 0.984       |
|    learning_rate        | 0.0003      |
|    loss                 | -0.00218    |
|    n_updates            | 60          |
|    policy_gradient_loss | -0.00789    |
|    value_loss           | 0.0748      |
-----------------------------------------
-----------------------------------------
| rollout/                |             |
|    ep_len_mean          | 128         |
|    ep_rew_mean          | 121         |
| time/                   |             |
|    fps                  | 605         |
|    iterations           | 14          |
|    time_elapsed         | 567         |
|    total_timesteps      | 344064      |
| train/                  |             |
|    approx_kl            | 0.009067658 |
|    clip_fraction        | 0.08        |
|    clip_range           | 0.2         |
|    entropy_loss         | -1.73       |
|    explained_variance   | 0.968       |
|    learning_rate        | 0.0003      |
|    loss                 | 0.0367      |
|    n_updates            | 65          |
|    policy_gradient_loss | -0.00632    |
|    value_loss           | 0.139       |
-----------------------------------------
-----------------------------------------
| rollout/                |             |
|    ep_len_mean          | 74.3        |
|    ep_rew_mean          | 122         |
| time/                   |             |
|    fps                  | 605         |
|    iterations           | 15          |
|    time_elapsed         | 609         |
|    total_timesteps      | 368640      |
| train/                  |             |
|    approx_kl            | 0.008865328 |
|    clip_fraction        | 0.0871      |
|    clip_range           | 0.2         |
|    entropy_loss         | -1.62       |
|    explained_variance   | 0.982       |
|    learning_rate        | 0.0003      |
|    loss                 | 0.00677     |
|    n_updates            | 70          |
|    policy_gradient_loss | -0.00562    |
|    value_loss           | 0.0796      |
-----------------------------------------
-----------------------------------------
| rollout/                |             |
|    ep_len_mean          | 64          |
|    ep_rew_mean          | 121         |
| time/                   |             |
|    fps                  | 605         |
|    iterations           | 16          |
|    time_elapsed         | 649         |
|    total_timesteps      | 393216      |
| train/                  |             |
|    approx_kl            | 0.009569979 |
|    clip_fraction        | 0.0903      |
|    clip_range           | 0.2         |
|    entropy_loss         | -1.56       |
|    explained_variance   | 0.966       |
|    learning_rate        | 0.0003      |
|    loss                 | 0.0152      |
|    n_updates            | 75          |
|    policy_gradient_loss | -0.00553    |
|    value_loss           | 0.0935      |
-----------------------------------------
----------------------------------------
| rollout/                |            |
|    ep_len_mean          | 64         |
|    ep_rew_mean          | 121        |
| time/                   |            |
|    fps                  | 605        |
|    iterations           | 17         |
|    time_elapsed         | 689        |
|    total_timesteps      | 417792     |
| train/                  |            |
|    approx_kl            | 0.00901119 |
|    clip_fraction        | 0.0965     |
|    clip_range           | 0.2        |
|    entropy_loss         | -1.5       |
|    explained_variance   | 0.969      |
|    learning_rate        | 0.0003     |
|    loss                 | 0.0191     |
|    n_updates            | 80         |
|    policy_gradient_loss | -0.0072    |
|    value_loss           | 0.0801     |
----------------------------------------
----------------------------------------
| rollout/                |            |
|    ep_len_mean          | 59         |
|    ep_rew_mean          | 120        |
| time/                   |            |
|    fps                  | 605        |
|    iterations           | 18         |
|    time_elapsed         | 730        |
|    total_timesteps      | 442368     |
| train/                  |            |
|    approx_kl            | 0.01706813 |
|    clip_fraction        | 0.114      |
|    clip_range           | 0.2        |
|    entropy_loss         | -1.37      |
|    explained_variance   | 0.706      |
|    learning_rate        | 0.0003     |
|    loss                 | -0.00902   |
|    n_updates            | 85         |
|    policy_gradient_loss | -0.00726   |
|    value_loss           | 0.0241     |
----------------------------------------
-----------------------------------------
| rollout/                |             |
|    ep_len_mean          | 56.4        |
|    ep_rew_mean          | 120         |
| time/                   |             |
|    fps                  | 603         |
|    iterations           | 19          |
|    time_elapsed         | 773         |
|    total_timesteps      | 466944      |
| train/                  |             |
|    approx_kl            | 0.010185138 |
|    clip_fraction        | 0.134       |
|    clip_range           | 0.2         |
|    entropy_loss         | -1.28       |
|    explained_variance   | 0.692       |
|    learning_rate        | 0.0003      |
|    loss                 | -0.0203     |
|    n_updates            | 90          |
|    policy_gradient_loss | -0.0102     |
|    value_loss           | 0.0105      |
-----------------------------------------
-----------------------------------------
| rollout/                |             |
|    ep_len_mean          | 53.8        |
|    ep_rew_mean          | 120         |
| time/                   |             |
|    fps                  | 602         |
|    iterations           | 20          |
|    time_elapsed         | 815         |
|    total_timesteps      | 491520      |
| train/                  |             |
|    approx_kl            | 0.009676135 |
|    clip_fraction        | 0.142       |
|    clip_range           | 0.2         |
|    entropy_loss         | -1.19       |
|    explained_variance   | 0.812       |
|    learning_rate        | 0.0003      |
|    loss                 | -0.0254     |
|    n_updates            | 95          |
|    policy_gradient_loss | -0.0137     |
|    value_loss           | 0.0063      |
-----------------------------------------
[Checkpoint] Saved at 500000 steps > /home/runner/work/Disciples2-RL/Disciples2-RL/github_experiments/136/default/green_dragon/seed136-default-green_dragon-34646964012-1/checkpoints/campaign_ppo_step_500000.zip
----------------------------------------
| rollout/                |            |
|    ep_len_mean          | 51         |
|    ep_rew_mean          | 120        |
| time/                   |            |
|    fps                  | 602        |
|    iterations           | 21         |
|    time_elapsed         | 856        |
|    total_timesteps      | 516096     |
| train/                  |            |
|    approx_kl            | 0.01315552 |
|    clip_fraction        | 0.135      |
|    clip_range           | 0.2        |
|    entropy_loss         | -1.17      |
|    explained_variance   | 0.975      |
|    learning_rate        | 0.0003     |
|    loss                 | 0.00363    |
|    n_updates            | 100        |
|    policy_gradient_loss | -0.00847   |
|    value_loss           | 0.00971    |
----------------------------------------
-----------------------------------------
| rollout/                |             |
|    ep_len_mean          | 48.1        |
|    ep_rew_mean          | 121         |
| time/                   |             |
|    fps                  | 603         |
|    iterations           | 22          |
|    time_elapsed         | 896         |
|    total_timesteps      | 540672      |
| train/                  |             |
|    approx_kl            | 0.015844693 |
|    clip_fraction        | 0.152       |
|    clip_range           | 0.2         |
|    entropy_loss         | -1.06       |
|    explained_variance   | 0.994       |
|    learning_rate        | 0.0003      |
|    loss                 | -0.0178     |
|    n_updates            | 105         |
|    policy_gradient_loss | -0.012      |
|    value_loss           | 0.00641     |
-----------------------------------------
-----------------------------------------
| rollout/                |             |
|    ep_len_mean          | 47.7        |
|    ep_rew_mean          | 122         |
| time/                   |             |
|    fps                  | 602         |
|    iterations           | 23          |
|    time_elapsed         | 937         |
|    total_timesteps      | 565248      |
| train/                  |             |
|    approx_kl            | 0.013268183 |
|    clip_fraction        | 0.154       |
|    clip_range           | 0.2         |
|    entropy_loss         | -0.916      |
|    explained_variance   | 0.994       |
|    learning_rate        | 0.0003      |
|    loss                 | -0.0262     |
|    n_updates            | 110         |
|    policy_gradient_loss | -0.016      |
|    value_loss           | 0.00655     |
-----------------------------------------
------------------------------------------
| rollout/                |              |
|    ep_len_mean          | 47           |
|    ep_rew_mean          | 123          |
| time/                   |              |
|    fps                  | 602          |
|    iterations           | 24           |
|    time_elapsed         | 979          |
|    total_timesteps      | 589824       |
| train/                  |              |
|    approx_kl            | 0.0118073495 |
|    clip_fraction        | 0.115        |
|    clip_range           | 0.2          |
|    entropy_loss         | -0.814       |
|    explained_variance   | 0.658        |
|    learning_rate        | 0.0003       |
|    loss                 | -0.0207      |
|    n_updates            | 115          |
|    policy_gradient_loss | -0.0142      |
|    value_loss           | 0.00515      |
------------------------------------------
-----------------------------------------
| rollout/                |             |
|    ep_len_mean          | 47.3        |
|    ep_rew_mean          | 125         |
| time/                   |             |
|    fps                  | 602         |
|    iterations           | 25          |
|    time_elapsed         | 1020        |
|    total_timesteps      | 614400      |
| train/                  |             |
|    approx_kl            | 0.008008804 |
|    clip_fraction        | 0.0975      |
|    clip_range           | 0.2         |
|    entropy_loss         | -0.778      |
|    explained_variance   | 0.648       |
|    learning_rate        | 0.0003      |
|    loss                 | -0.0168     |
|    n_updates            | 120         |
|    policy_gradient_loss | -0.0157     |
|    value_loss           | 0.0061      |
-----------------------------------------
------------------------------------------
| rollout/                |              |
|    ep_len_mean          | 47.7         |
|    ep_rew_mean          | 126          |
| time/                   |              |
|    fps                  | 602          |
|    iterations           | 26           |
|    time_elapsed         | 1061         |
|    total_timesteps      | 638976       |
| train/                  |              |
|    approx_kl            | 0.0075995238 |
|    clip_fraction        | 0.0966       |
|    clip_range           | 0.2          |
|    entropy_loss         | -0.704       |
|    explained_variance   | 0.66         |
|    learning_rate        | 0.0003       |
|    loss                 | -0.00993     |
|    n_updates            | 125          |
|    policy_gradient_loss | -0.0133      |
|    value_loss           | 0.00631      |
------------------------------------------
------------------------------------------
| rollout/                |              |
|    ep_len_mean          | 46.1         |
|    ep_rew_mean          | 127          |
| time/                   |              |
|    fps                  | 602          |
|    iterations           | 27           |
|    time_elapsed         | 1102         |
|    total_timesteps      | 663552       |
| train/                  |              |
|    approx_kl            | 0.0070574097 |
|    clip_fraction        | 0.0822       |
|    clip_range           | 0.2          |
|    entropy_loss         | -0.652       |
|    explained_variance   | 0.634        |
|    learning_rate        | 0.0003       |
|    loss                 | -0.0222      |
|    n_updates            | 130          |
|    policy_gradient_loss | -0.0103      |
|    value_loss           | 0.00704      |
------------------------------------------
-----------------------------------------
| rollout/                |             |
|    ep_len_mean          | 47.3        |
|    ep_rew_mean          | 128         |
| time/                   |             |
|    fps                  | 601         |
|    iterations           | 28          |
|    time_elapsed         | 1144        |
|    total_timesteps      | 688128      |
| train/                  |             |
|    approx_kl            | 0.006038122 |
|    clip_fraction        | 0.0744      |
|    clip_range           | 0.2         |
|    entropy_loss         | -0.602      |
|    explained_variance   | 0.731       |
|    learning_rate        | 0.0003      |
|    loss                 | -0.00982    |
|    n_updates            | 135         |
|    policy_gradient_loss | -0.00907    |
|    value_loss           | 0.00623     |
-----------------------------------------
------------------------------------------
| rollout/                |              |
|    ep_len_mean          | 51.3         |
|    ep_rew_mean          | 131          |
| time/                   |              |
|    fps                  | 601          |
|    iterations           | 29           |
|    time_elapsed         | 1185         |
|    total_timesteps      | 712704       |
| train/                  |              |
|    approx_kl            | 0.0062830597 |
|    clip_fraction        | 0.0781       |
|    clip_range           | 0.2          |
|    entropy_loss         | -0.593       |
|    explained_variance   | 0.759        |
|    learning_rate        | 0.0003       |
|    loss                 | -0.0299      |
|    n_updates            | 140          |
|    policy_gradient_loss | -0.0106      |
|    value_loss           | 0.00622      |
------------------------------------------
-----------------------------------------
| rollout/                |             |
|    ep_len_mean          | 80.8        |
|    ep_rew_mean          | 131         |
| time/                   |             |
|    fps                  | 601         |
|    iterations           | 30          |
|    time_elapsed         | 1225        |
|    total_timesteps      | 737280      |
| train/                  |             |
|    approx_kl            | 0.008305569 |
|    clip_fraction        | 0.0909      |
|    clip_range           | 0.2         |
|    entropy_loss         | -0.743      |
|    explained_variance   | 0.925       |
|    learning_rate        | 0.0003      |
|    loss                 | -0.0118     |
|    n_updates            | 145         |
|    policy_gradient_loss | -0.00653    |
|    value_loss           | 0.0135      |
-----------------------------------------
------------------------------------------
| rollout/                |              |
|    ep_len_mean          | 48.8         |
|    ep_rew_mean          | 131          |
| time/                   |              |
|    fps                  | 601          |
|    iterations           | 31           |
|    time_elapsed         | 1265         |
|    total_timesteps      | 761856       |
| train/                  |              |
|    approx_kl            | 0.0070775584 |
|    clip_fraction        | 0.053        |
|    clip_range           | 0.2          |
|    entropy_loss         | -1.08        |
|    explained_variance   | 0.978        |
|    learning_rate        | 0.0003       |
|    loss                 | -0.0032      |
|    n_updates            | 150          |
|    policy_gradient_loss | -0.00431     |
|    value_loss           | 0.0356       |
------------------------------------------
-----------------------------------------
| rollout/                |             |
|    ep_len_mean          | 94.8        |
|    ep_rew_mean          | 133         |
| time/                   |             |
|    fps                  | 602         |
|    iterations           | 32          |
|    time_elapsed         | 1306        |
|    total_timesteps      | 786432      |
| train/                  |             |
|    approx_kl            | 0.012903084 |
|    clip_fraction        | 0.0875      |
|    clip_range           | 0.2         |
|    entropy_loss         | -1.04       |
|    explained_variance   | 0.994       |
|    learning_rate        | 0.0003      |
|    loss                 | 0.0185      |
|    n_updates            | 155         |
|    policy_gradient_loss | -0.00691    |
|    value_loss           | 0.0156      |
-----------------------------------------
-----------------------------------------
| rollout/                |             |
|    ep_len_mean          | 50.1        |
|    ep_rew_mean          | 132         |
| time/                   |             |
|    fps                  | 602         |
|    iterations           | 33          |
|    time_elapsed         | 1346        |
|    total_timesteps      | 811008      |
| train/                  |             |
|    approx_kl            | 0.005214818 |
|    clip_fraction        | 0.0507      |
|    clip_range           | 0.2         |
|    entropy_loss         | -0.959      |
|    explained_variance   | 0.99        |
|    learning_rate        | 0.0003      |
|    loss                 | -0.0035     |
|    n_updates            | 160         |
|    policy_gradient_loss | -0.00309    |
|    value_loss           | 0.0298      |
-----------------------------------------
------------------------------------------
| rollout/                |              |
|    ep_len_mean          | 98.1         |
|    ep_rew_mean          | 129          |
| time/                   |              |
|    fps                  | 601          |
|    iterations           | 34           |
|    time_elapsed         | 1388         |
|    total_timesteps      | 835584       |
| train/                  |              |
|    approx_kl            | 0.0061417925 |
|    clip_fraction        | 0.0534       |
|    clip_range           | 0.2          |
|    entropy_loss         | -0.836       |
|    explained_variance   | 0.989        |
|    learning_rate        | 0.0003       |
|    loss                 | -0.00853     |
|    n_updates            | 165          |
|    policy_gradient_loss | -0.00442     |
|    value_loss           | 0.0272       |
------------------------------------------
------------------------------------------
| rollout/                |              |
|    ep_len_mean          | 71.3         |
|    ep_rew_mean          | 131          |
| time/                   |              |
|    fps                  | 601          |
|    iterations           | 35           |
|    time_elapsed         | 1430         |
|    total_timesteps      | 860160       |
| train/                  |              |
|    approx_kl            | 0.0043212865 |
|    clip_fraction        | 0.0486       |
|    clip_range           | 0.2          |
|    entropy_loss         | -0.656       |
|    explained_variance   | 0.991        |
|    learning_rate        | 0.0003       |
|    loss                 | -0.00463     |
|    n_updates            | 170          |
|    policy_gradient_loss | -0.00432     |
|    value_loss           | 0.0192       |
------------------------------------------
-----------------------------------------
| rollout/                |             |
|    ep_len_mean          | 70.9        |
|    ep_rew_mean          | 132         |
| time/                   |             |
|    fps                  | 600         |
|    iterations           | 36          |
|    time_elapsed         | 1472        |
|    total_timesteps      | 884736      |
| train/                  |             |
|    approx_kl            | 0.005253159 |
|    clip_fraction        | 0.0457      |
|    clip_range           | 0.2         |
|    entropy_loss         | -0.552      |
|    explained_variance   | 0.99        |
|    learning_rate        | 0.0003      |
|    loss                 | -0.00201    |
|    n_updates            | 175         |
|    policy_gradient_loss | -0.00203    |
|    value_loss           | 0.012       |
-----------------------------------------
------------------------------------------
| rollout/                |              |
|    ep_len_mean          | 50.2         |
|    ep_rew_mean          | 134          |
| time/                   |              |
|    fps                  | 600          |
|    iterations           | 37           |
|    time_elapsed         | 1514         |
|    total_timesteps      | 909312       |
| train/                  |              |
|    approx_kl            | 0.0050177877 |
|    clip_fraction        | 0.0404       |
|    clip_range           | 0.2          |
|    entropy_loss         | -0.512       |
|    explained_variance   | 0.989        |
|    learning_rate        | 0.0003       |
|    loss                 | -0.0101      |
|    n_updates            | 180          |
|    policy_gradient_loss | -0.0044      |
|    value_loss           | 0.00943      |
------------------------------------------
------------------------------------------
| rollout/                |              |
|    ep_len_mean          | 50.8         |
|    ep_rew_mean          | 134          |
| time/                   |              |
|    fps                  | 600          |
|    iterations           | 38           |
|    time_elapsed         | 1555         |
|    total_timesteps      | 933888       |
| train/                  |              |
|    approx_kl            | 0.0037499499 |
|    clip_fraction        | 0.0417       |
|    clip_range           | 0.2          |
|    entropy_loss         | -0.474       |
|    explained_variance   | 0.933        |
|    learning_rate        | 0.0003       |
|    loss                 | 0.0018       |
|    n_updates            | 185          |
|    policy_gradient_loss | -0.00378     |
|    value_loss           | 0.0155       |
------------------------------------------
------------------------------------------
| rollout/                |              |
|    ep_len_mean          | 51.7         |
|    ep_rew_mean          | 135          |
| time/                   |              |
|    fps                  | 600          |
|    iterations           | 39           |
|    time_elapsed         | 1597         |
|    total_timesteps      | 958464       |
| train/                  |              |
|    approx_kl            | 0.0032788843 |
|    clip_fraction        | 0.0386       |
|    clip_range           | 0.2          |
|    entropy_loss         | -0.395       |
|    explained_variance   | 0.976        |
|    learning_rate        | 0.0003       |
|    loss                 | -0.0132      |
|    n_updates            | 190          |
|    policy_gradient_loss | -0.00432     |
|    value_loss           | 0.00565      |
------------------------------------------
------------------------------------------
| rollout/                |              |
|    ep_len_mean          | 49.9         |
|    ep_rew_mean          | 134          |
| time/                   |              |
|    fps                  | 600          |
|    iterations           | 40           |
|    time_elapsed         | 1638         |
|    total_timesteps      | 983040       |
| train/                  |              |
|    approx_kl            | 0.0040203016 |
|    clip_fraction        | 0.0409       |
|    clip_range           | 0.2          |
|    entropy_loss         | -0.465       |
|    explained_variance   | 0.97         |
|    learning_rate        | 0.0003       |
|    loss                 | -0.00672     |
|    n_updates            | 195          |
|    policy_gradient_loss | -0.00427     |
|    value_loss           | 0.0206       |
------------------------------------------
[Checkpoint] Saved at 1000000 steps > /home/runner/work/Disciples2-RL/Disciples2-RL/github_experiments/136/default/green_dragon/seed136-default-green_dragon-34646964012-1/checkpoints/campaign_ppo_step_1000000.zip
Eval num_timesteps=1000008, det_reward=135.81 +/- 0.01
Episode length: det=50.90 +/- 1.79
Victory rate: det=100.00%
--------------------------------------------------
| eval/                           |              |
|    deterministic_mean_ep_length | 50.9         |
|    deterministic_mean_reward    | 136          |
|    deterministic_victory_rate   | 1            |
|    mean_ep_length               | 50.9         |
|    mean_reward                  | 136          |
|    victory_rate                 | 1            |
| time/                           |              |
|    total_timesteps              | 1000008      |
| train/                          |              |
|    approx_kl                    | 0.0070915148 |
|    clip_fraction                | 0.0542       |
|    clip_range                   | 0.2          |
|    entropy_loss                 | -0.473       |
|    explained_variance           | 0.99         |
|    learning_rate                | 0.0003       |
|    loss                         | -0.0113      |
|    n_updates                    | 200          |
|    policy_gradient_loss         | -0.00567     |
|    value_loss                   | 0.0112       |
--------------------------------------------------
New best model by deterministic victory rate!
---------------------------------
| rollout/           |          |
|    ep_len_mean     | 50.6     |
|    ep_rew_mean     | 135      |
| time/              |          |
|    fps             | 598      |
|    iterations      | 41       |
|    time_elapsed    | 1682     |
|    total_timesteps | 1007616  |
---------------------------------
VecNormalize stats saved: /home/runner/work/Disciples2-RL/Disciples2-RL/github_experiments/136/default/green_dragon/seed136-default-green_dragon-34646964012-1/models/vecnormalize.pkl

Финальная модель сохранена: /home/runner/work/Disciples2-RL/Disciples2-RL/github_experiments/136/default/green_dragon/seed136-default-green_dragon-34646964012-1/models/final_model.zip

============================================================
ИТОГИ ОБУЧЕНИЯ:
  Побед: 12530
  Поражений: 5
  Таймаутов: 33
  Побед бота столицы над врагами: 0
  Перестановок юнитов: 140031
  Терминальные поражения по противникам:
    enemy_75: 5 — Страж столицы Империи: Мизраэль
  Winrate: 99.7%
============================================================
  График призывов за эпизод: /home/runner/work/Disciples2-RL/Disciples2-RL/github_experiments/136/default/green_dragon/seed136-default-green_dragon-34646964012-1/plots/campaign_summoned_units_per_episode.png
  График призывов за всё обучение: /home/runner/work/Disciples2-RL/Disciples2-RL/github_experiments/136/default/green_dragon/seed136-default-green_dragon-34646964012-1/plots/campaign_summoned_units_cumulative.png
  График найма за эпизод: /home/runner/work/Disciples2-RL/Disciples2-RL/github_experiments/136/default/green_dragon/seed136-default-green_dragon-34646964012-1/plots/campaign_hired_units_per_episode.png
  График найма за всё обучение: /home/runner/work/Disciples2-RL/Disciples2-RL/github_experiments/136/default/green_dragon/seed136-default-green_dragon-34646964012-1/plots/campaign_hired_units_cumulative.png
  График перестановок юнитов за эпизод: /home/runner/work/Disciples2-RL/Disciples2-RL/github_experiments/136/default/green_dragon/seed136-default-green_dragon-34646964012-1/plots/campaign_unit_swaps_per_episode.png
  График боевых предметов: /home/runner/work/Disciples2-RL/Disciples2-RL/github_experiments/136/default/green_dragon/seed136-default-green_dragon-34646964012-1/plots/campaign_battle_item_activity.png
  График побед бота столицы за эпизод: /home/runner/work/Disciples2-RL/Disciples2-RL/github_experiments/136/default/green_dragon/seed136-default-green_dragon-34646964012-1/plots/campaign_scripted_bot_victories_per_episode.png
  График применения заклинаний: /home/runner/work/Disciples2-RL/Disciples2-RL/github_experiments/136/default/green_dragon/seed136-default-green_dragon-34646964012-1/plots/campaign_spell_cast_activity.png
