Проверка среды CampaignEnv...
Среда прошла проверку!
[INFO] Comet disabled, running without experiment tracking
Создание 12 параллельных сред (subproc)...
Инициализация MaskablePPO...
Using cpu device

============================================================
Запуск обучения Campaign Agent
Всего шагов: 1,000,000
Параллельных сред: 12
VecEnv: subproc
VecEnv start method: forkserver
Seed: 126
Checkpoint каждые: 500,000 шагов
Evaluation каждые: 83,334 шагов
Eval deterministic эпизодов: 20
Eval stochastic эпизодов: 0
Eval лимит шагов на эпизод: 5000
Campaign map: formation_train
Campaign objective: all_enemies
System resources at training start:
  Platform: Linux 6.17.0-1020-azure (x86_64)
  Python: 3.14.6
  PyTorch: 2.13.0+cpu
  Training device: cpu
  CPU model: AMD EPYC 7763 64-Core Processor
  CPU vendor: AuthenticAMD
  Logical CPUs visible: 4
  Process CPU affinity: 4
  Sockets: 1
  Cores per socket: 2
  Threads per core: 2
  CPU max MHz: unknown
  CPU min MHz: unknown
  L1d cache: 64 KiB (2 instances)
  L1i cache: 64 KiB (2 instances)
  L2 cache: 1 MiB (2 instances)
  L3 cache: 32 MiB (1 instance)
  Virtualization: AMD-V
  Hypervisor: Microsoft
  RAM total: 15.61 GiB
  RAM available at start: 13.86 GiB
  Disk total: 144.26 GiB
  Disk free at start: 80.72 GiB
  Torch intra-op threads: 4
  Torch inter-op threads: 2
  OMP_NUM_THREADS: 4
  MKL_NUM_THREADS: 4
  OPENBLAS_NUM_THREADS: 4
  GitHub runner OS: Linux
  GitHub runner architecture: X64
  GitHub runner environment: github-hosted
PPO n_steps: 2,048
PPO batch_size: 512
PPO n_epochs: 5
PPO learning_rate: 0.0003
PPO clip_range: 0.2
PPO ent_coef: 0.01
PPO gamma: 0.995
PPO gae_lambda: 0.95
PPO target_kl: disabled
PPO gradient batches per rollout: 240
VecCheckNan: disabled
Freeze action layout: enabled
Empire territory: enabled
Torch threads per process: 4
Diagnostics: disabled
Wall-clock training limit: disabled
Run ID: seed126-formation_train-all_enemies-31557836307-1
============================================================

Logging to /home/runner/work/Disciples2-RL/Disciples2-RL/github_experiments/126/formation_train/all_enemies/seed126-formation_train-all_enemies-31557836307-1/tensorboard/MaskablePPO_1
---------------------------------
| rollout/           |          |
|    ep_len_mean     | 903      |
|    ep_rew_mean     | -66.1    |
| time/              |          |
|    fps             | 528      |
|    iterations      | 1        |
|    time_elapsed    | 46       |
|    total_timesteps | 24576    |
---------------------------------
-----------------------------------------
| rollout/                |             |
|    ep_len_mean          | 2.85e+03    |
|    ep_rew_mean          | -220        |
| time/                   |             |
|    fps                  | 486         |
|    iterations           | 2           |
|    time_elapsed         | 101         |
|    total_timesteps      | 49152       |
| train/                  |             |
|    approx_kl            | 0.006351573 |
|    clip_fraction        | 0.0314      |
|    clip_range           | 0.2         |
|    entropy_loss         | -2.26       |
|    explained_variance   | 0.265       |
|    learning_rate        | 0.0003      |
|    loss                 | 0.00502     |
|    n_updates            | 5           |
|    policy_gradient_loss | -0.00365    |
|    value_loss           | 0.153       |
-----------------------------------------
------------------------------------------
| rollout/                |              |
|    ep_len_mean          | 3.13e+03     |
|    ep_rew_mean          | -250         |
| time/                   |              |
|    fps                  | 480          |
|    iterations           | 3            |
|    time_elapsed         | 153          |
|    total_timesteps      | 73728        |
| train/                  |              |
|    approx_kl            | 0.0077388617 |
|    clip_fraction        | 0.0552       |
|    clip_range           | 0.2          |
|    entropy_loss         | -2.26        |
|    explained_variance   | 0.639        |
|    learning_rate        | 0.0003       |
|    loss                 | -0.0212      |
|    n_updates            | 10           |
|    policy_gradient_loss | -0.00511     |
|    value_loss           | 0.0221       |
------------------------------------------
----------------------------------------
| rollout/                |            |
|    ep_len_mean          | 3.41e+03   |
|    ep_rew_mean          | -264       |
| time/                   |            |
|    fps                  | 476        |
|    iterations           | 4          |
|    time_elapsed         | 206        |
|    total_timesteps      | 98304      |
| train/                  |            |
|    approx_kl            | 0.00990131 |
|    clip_fraction        | 0.0661     |
|    clip_range           | 0.2        |
|    entropy_loss         | -2.23      |
|    explained_variance   | 0.851      |
|    learning_rate        | 0.0003     |
|    loss                 | -0.0341    |
|    n_updates            | 15         |
|    policy_gradient_loss | -0.00537   |
|    value_loss           | 0.00939    |
----------------------------------------
------------------------------------------
| rollout/                |              |
|    ep_len_mean          | 3.39e+03     |
|    ep_rew_mean          | -257         |
| time/                   |              |
|    fps                  | 474          |
|    iterations           | 5            |
|    time_elapsed         | 258          |
|    total_timesteps      | 122880       |
| train/                  |              |
|    approx_kl            | 0.0088227065 |
|    clip_fraction        | 0.0397       |
|    clip_range           | 0.2          |
|    entropy_loss         | -2.21        |
|    explained_variance   | 0.685        |
|    learning_rate        | 0.0003       |
|    loss                 | -0.0225      |
|    n_updates            | 20           |
|    policy_gradient_loss | -0.00405     |
|    value_loss           | 0.0124       |
------------------------------------------
-----------------------------------------
| rollout/                |             |
|    ep_len_mean          | 3.41e+03    |
|    ep_rew_mean          | -253        |
| time/                   |             |
|    fps                  | 472         |
|    iterations           | 6           |
|    time_elapsed         | 311         |
|    total_timesteps      | 147456      |
| train/                  |             |
|    approx_kl            | 0.008163092 |
|    clip_fraction        | 0.0553      |
|    clip_range           | 0.2         |
|    entropy_loss         | -2.2        |
|    explained_variance   | 0.863       |
|    learning_rate        | 0.0003      |
|    loss                 | -0.0331     |
|    n_updates            | 25          |
|    policy_gradient_loss | -0.00483    |
|    value_loss           | 0.00788     |
-----------------------------------------
-----------------------------------------
| rollout/                |             |
|    ep_len_mean          | 2.97e+03    |
|    ep_rew_mean          | -221        |
| time/                   |             |
|    fps                  | 471         |
|    iterations           | 7           |
|    time_elapsed         | 364         |
|    total_timesteps      | 172032      |
| train/                  |             |
|    approx_kl            | 0.008774468 |
|    clip_fraction        | 0.0463      |
|    clip_range           | 0.2         |
|    entropy_loss         | -2.22       |
|    explained_variance   | 0.715       |
|    learning_rate        | 0.0003      |
|    loss                 | -0.0312     |
|    n_updates            | 30          |
|    policy_gradient_loss | -0.00512    |
|    value_loss           | 0.0102      |
-----------------------------------------
-----------------------------------------
| rollout/                |             |
|    ep_len_mean          | 2.92e+03    |
|    ep_rew_mean          | -216        |
| time/                   |             |
|    fps                  | 470         |
|    iterations           | 8           |
|    time_elapsed         | 417         |
|    total_timesteps      | 196608      |
| train/                  |             |
|    approx_kl            | 0.010334277 |
|    clip_fraction        | 0.0688      |
|    clip_range           | 0.2         |
|    entropy_loss         | -2.18       |
|    explained_variance   | 0.755       |
|    learning_rate        | 0.0003      |
|    loss                 | -0.0247     |
|    n_updates            | 35          |
|    policy_gradient_loss | -0.00578    |
|    value_loss           | 0.00864     |
-----------------------------------------
-----------------------------------------
| rollout/                |             |
|    ep_len_mean          | 2.7e+03     |
|    ep_rew_mean          | -202        |
| time/                   |             |
|    fps                  | 471         |
|    iterations           | 9           |
|    time_elapsed         | 468         |
|    total_timesteps      | 221184      |
| train/                  |             |
|    approx_kl            | 0.009500931 |
|    clip_fraction        | 0.0501      |
|    clip_range           | 0.2         |
|    entropy_loss         | -2.18       |
|    explained_variance   | 0.676       |
|    learning_rate        | 0.0003      |
|    loss                 | -0.0261     |
|    n_updates            | 40          |
|    policy_gradient_loss | -0.00436    |
|    value_loss           | 0.027       |
-----------------------------------------
-----------------------------------------
| rollout/                |             |
|    ep_len_mean          | 2.56e+03    |
|    ep_rew_mean          | -192        |
| time/                   |             |
|    fps                  | 472         |
|    iterations           | 10          |
|    time_elapsed         | 520         |
|    total_timesteps      | 245760      |
| train/                  |             |
|    approx_kl            | 0.009603639 |
|    clip_fraction        | 0.0622      |
|    clip_range           | 0.2         |
|    entropy_loss         | -2.19       |
|    explained_variance   | 0.825       |
|    learning_rate        | 0.0003      |
|    loss                 | -0.0223     |
|    n_updates            | 45          |
|    policy_gradient_loss | -0.00597    |
|    value_loss           | 0.0115      |
-----------------------------------------
------------------------------------------
| rollout/                |              |
|    ep_len_mean          | 2.52e+03     |
|    ep_rew_mean          | -190         |
| time/                   |              |
|    fps                  | 472          |
|    iterations           | 11           |
|    time_elapsed         | 572          |
|    total_timesteps      | 270336       |
| train/                  |              |
|    approx_kl            | 0.0078946175 |
|    clip_fraction        | 0.0486       |
|    clip_range           | 0.2          |
|    entropy_loss         | -2.19        |
|    explained_variance   | 0.875        |
|    learning_rate        | 0.0003       |
|    loss                 | -0.0291      |
|    n_updates            | 50           |
|    policy_gradient_loss | -0.00509     |
|    value_loss           | 0.00694      |
------------------------------------------
-----------------------------------------
| rollout/                |             |
|    ep_len_mean          | 1.84e+03    |
|    ep_rew_mean          | -140        |
| time/                   |             |
|    fps                  | 474         |
|    iterations           | 12          |
|    time_elapsed         | 621         |
|    total_timesteps      | 294912      |
| train/                  |             |
|    approx_kl            | 0.008671775 |
|    clip_fraction        | 0.0393      |
|    clip_range           | 0.2         |
|    entropy_loss         | -2.15       |
|    explained_variance   | 0.801       |
|    learning_rate        | 0.0003      |
|    loss                 | -0.0291     |
|    n_updates            | 55          |
|    policy_gradient_loss | -0.00466    |
|    value_loss           | 0.014       |
-----------------------------------------
-----------------------------------------
| rollout/                |             |
|    ep_len_mean          | 1.5e+03     |
|    ep_rew_mean          | -112        |
| time/                   |             |
|    fps                  | 475         |
|    iterations           | 13          |
|    time_elapsed         | 671         |
|    total_timesteps      | 319488      |
| train/                  |             |
|    approx_kl            | 0.009223494 |
|    clip_fraction        | 0.0619      |
|    clip_range           | 0.2         |
|    entropy_loss         | -2.13       |
|    explained_variance   | 0.816       |
|    learning_rate        | 0.0003      |
|    loss                 | -0.0155     |
|    n_updates            | 60          |
|    policy_gradient_loss | -0.00561    |
|    value_loss           | 0.0155      |
-----------------------------------------
-----------------------------------------
| rollout/                |             |
|    ep_len_mean          | 1.19e+03    |
|    ep_rew_mean          | -89.9       |
| time/                   |             |
|    fps                  | 477         |
|    iterations           | 14          |
|    time_elapsed         | 721         |
|    total_timesteps      | 344064      |
| train/                  |             |
|    approx_kl            | 0.008699174 |
|    clip_fraction        | 0.0699      |
|    clip_range           | 0.2         |
|    entropy_loss         | -2.1        |
|    explained_variance   | 0.835       |
|    learning_rate        | 0.0003      |
|    loss                 | -0.0306     |
|    n_updates            | 65          |
|    policy_gradient_loss | -0.00526    |
|    value_loss           | 0.0115      |
-----------------------------------------
-----------------------------------------
| rollout/                |             |
|    ep_len_mean          | 657         |
|    ep_rew_mean          | -42.5       |
| time/                   |             |
|    fps                  | 478         |
|    iterations           | 15          |
|    time_elapsed         | 770         |
|    total_timesteps      | 368640      |
| train/                  |             |
|    approx_kl            | 0.009208024 |
|    clip_fraction        | 0.0692      |
|    clip_range           | 0.2         |
|    entropy_loss         | -2.1        |
|    explained_variance   | 0.822       |
|    learning_rate        | 0.0003      |
|    loss                 | -0.00648    |
|    n_updates            | 70          |
|    policy_gradient_loss | -0.00426    |
|    value_loss           | 0.0289      |
-----------------------------------------
-----------------------------------------
| rollout/                |             |
|    ep_len_mean          | 348         |
|    ep_rew_mean          | -15.5       |
| time/                   |             |
|    fps                  | 479         |
|    iterations           | 16          |
|    time_elapsed         | 819         |
|    total_timesteps      | 393216      |
| train/                  |             |
|    approx_kl            | 0.009791139 |
|    clip_fraction        | 0.0826      |
|    clip_range           | 0.2         |
|    entropy_loss         | -2.04       |
|    explained_variance   | 0.833       |
|    learning_rate        | 0.0003      |
|    loss                 | -0.0218     |
|    n_updates            | 75          |
|    policy_gradient_loss | -0.00567    |
|    value_loss           | 0.0333      |
-----------------------------------------
-----------------------------------------
| rollout/                |             |
|    ep_len_mean          | 326         |
|    ep_rew_mean          | -15.5       |
| time/                   |             |
|    fps                  | 480         |
|    iterations           | 17          |
|    time_elapsed         | 869         |
|    total_timesteps      | 417792      |
| train/                  |             |
|    approx_kl            | 0.008741752 |
|    clip_fraction        | 0.076       |
|    clip_range           | 0.2         |
|    entropy_loss         | -2.01       |
|    explained_variance   | 0.87        |
|    learning_rate        | 0.0003      |
|    loss                 | -0.00502    |
|    n_updates            | 80          |
|    policy_gradient_loss | -0.00489    |
|    value_loss           | 0.0355      |
-----------------------------------------
-----------------------------------------
| rollout/                |             |
|    ep_len_mean          | 213         |
|    ep_rew_mean          | -6.51       |
| time/                   |             |
|    fps                  | 481         |
|    iterations           | 18          |
|    time_elapsed         | 919         |
|    total_timesteps      | 442368      |
| train/                  |             |
|    approx_kl            | 0.009745399 |
|    clip_fraction        | 0.0995      |
|    clip_range           | 0.2         |
|    entropy_loss         | -1.97       |
|    explained_variance   | 0.877       |
|    learning_rate        | 0.0003      |
|    loss                 | -0.0116     |
|    n_updates            | 85          |
|    policy_gradient_loss | -0.00572    |
|    value_loss           | 0.037       |
-----------------------------------------
-----------------------------------------
| rollout/                |             |
|    ep_len_mean          | 246         |
|    ep_rew_mean          | -7.04       |
| time/                   |             |
|    fps                  | 481         |
|    iterations           | 19          |
|    time_elapsed         | 968         |
|    total_timesteps      | 466944      |
| train/                  |             |
|    approx_kl            | 0.009859868 |
|    clip_fraction        | 0.0874      |
|    clip_range           | 0.2         |
|    entropy_loss         | -1.94       |
|    explained_variance   | 0.858       |
|    learning_rate        | 0.0003      |
|    loss                 | 0.00342     |
|    n_updates            | 90          |
|    policy_gradient_loss | -0.00612    |
|    value_loss           | 0.0667      |
-----------------------------------------
-----------------------------------------
| rollout/                |             |
|    ep_len_mean          | 190         |
|    ep_rew_mean          | -7.81       |
| time/                   |             |
|    fps                  | 482         |
|    iterations           | 20          |
|    time_elapsed         | 1018        |
|    total_timesteps      | 491520      |
| train/                  |             |
|    approx_kl            | 0.008332231 |
|    clip_fraction        | 0.0934      |
|    clip_range           | 0.2         |
|    entropy_loss         | -1.92       |
|    explained_variance   | 0.86        |
|    learning_rate        | 0.0003      |
|    loss                 | 0.00872     |
|    n_updates            | 95          |
|    policy_gradient_loss | -0.00557    |
|    value_loss           | 0.0639      |
-----------------------------------------
[Checkpoint] Saved at 500000 steps > /home/runner/work/Disciples2-RL/Disciples2-RL/github_experiments/126/formation_train/all_enemies/seed126-formation_train-all_enemies-31557836307-1/checkpoints/campaign_ppo_step_500000.zip
-----------------------------------------
| rollout/                |             |
|    ep_len_mean          | 154         |
|    ep_rew_mean          | -5.85       |
| time/                   |             |
|    fps                  | 483         |
|    iterations           | 21          |
|    time_elapsed         | 1066        |
|    total_timesteps      | 516096      |
| train/                  |             |
|    approx_kl            | 0.009518568 |
|    clip_fraction        | 0.0859      |
|    clip_range           | 0.2         |
|    entropy_loss         | -1.9        |
|    explained_variance   | 0.844       |
|    learning_rate        | 0.0003      |
|    loss                 | 0.00814     |
|    n_updates            | 100         |
|    policy_gradient_loss | -0.00517    |
|    value_loss           | 0.0661      |
-----------------------------------------
------------------------------------------
| rollout/                |              |
|    ep_len_mean          | 167          |
|    ep_rew_mean          | -3.03        |
| time/                   |              |
|    fps                  | 484          |
|    iterations           | 22           |
|    time_elapsed         | 1116         |
|    total_timesteps      | 540672       |
| train/                  |              |
|    approx_kl            | 0.0073085376 |
|    clip_fraction        | 0.0544       |
|    clip_range           | 0.2          |
|    entropy_loss         | -1.89        |
|    explained_variance   | 0.806        |
|    learning_rate        | 0.0003       |
|    loss                 | 0.0369       |
|    n_updates            | 105          |
|    policy_gradient_loss | -0.00289     |
|    value_loss           | 0.101        |
------------------------------------------
----------------------------------------
| rollout/                |            |
|    ep_len_mean          | 203        |
|    ep_rew_mean          | -4.8       |
| time/                   |            |
|    fps                  | 485        |
|    iterations           | 23         |
|    time_elapsed         | 1164       |
|    total_timesteps      | 565248     |
| train/                  |            |
|    approx_kl            | 0.00615958 |
|    clip_fraction        | 0.0411     |
|    clip_range           | 0.2        |
|    entropy_loss         | -1.9       |
|    explained_variance   | 0.821      |
|    learning_rate        | 0.0003     |
|    loss                 | 0.0184     |
|    n_updates            | 110        |
|    policy_gradient_loss | -0.00237   |
|    value_loss           | 0.108      |
----------------------------------------
-----------------------------------------
| rollout/                |             |
|    ep_len_mean          | 180         |
|    ep_rew_mean          | -5.57       |
| time/                   |             |
|    fps                  | 485         |
|    iterations           | 24          |
|    time_elapsed         | 1214        |
|    total_timesteps      | 589824      |
| train/                  |             |
|    approx_kl            | 0.007697716 |
|    clip_fraction        | 0.0651      |
|    clip_range           | 0.2         |
|    entropy_loss         | -1.91       |
|    explained_variance   | 0.84        |
|    learning_rate        | 0.0003      |
|    loss                 | 0.0272      |
|    n_updates            | 115         |
|    policy_gradient_loss | -0.00382    |
|    value_loss           | 0.0944      |
-----------------------------------------
-----------------------------------------
| rollout/                |             |
|    ep_len_mean          | 236         |
|    ep_rew_mean          | -8.44       |
| time/                   |             |
|    fps                  | 486         |
|    iterations           | 25          |
|    time_elapsed         | 1263        |
|    total_timesteps      | 614400      |
| train/                  |             |
|    approx_kl            | 0.008211624 |
|    clip_fraction        | 0.0605      |
|    clip_range           | 0.2         |
|    entropy_loss         | -1.93       |
|    explained_variance   | 0.852       |
|    learning_rate        | 0.0003      |
|    loss                 | 0.0161      |
|    n_updates            | 120         |
|    policy_gradient_loss | -0.0045     |
|    value_loss           | 0.0995      |
-----------------------------------------
----------------------------------------
| rollout/                |            |
|    ep_len_mean          | 151        |
|    ep_rew_mean          | -4.47      |
| time/                   |            |
|    fps                  | 487        |
|    iterations           | 26         |
|    time_elapsed         | 1311       |
|    total_timesteps      | 638976     |
| train/                  |            |
|    approx_kl            | 0.00838942 |
|    clip_fraction        | 0.0651     |
|    clip_range           | 0.2        |
|    entropy_loss         | -1.93      |
|    explained_variance   | 0.877      |
|    learning_rate        | 0.0003     |
|    loss                 | 0.000294   |
|    n_updates            | 125        |
|    policy_gradient_loss | -0.00414   |
|    value_loss           | 0.0909     |
----------------------------------------
-----------------------------------------
| rollout/                |             |
|    ep_len_mean          | 183         |
|    ep_rew_mean          | -3.64       |
| time/                   |             |
|    fps                  | 487         |
|    iterations           | 27          |
|    time_elapsed         | 1360        |
|    total_timesteps      | 663552      |
| train/                  |             |
|    approx_kl            | 0.007861876 |
|    clip_fraction        | 0.051       |
|    clip_range           | 0.2         |
|    entropy_loss         | -1.91       |
|    explained_variance   | 0.815       |
|    learning_rate        | 0.0003      |
|    loss                 | 0.0204      |
|    n_updates            | 130         |
|    policy_gradient_loss | -0.0044     |
|    value_loss           | 0.105       |
-----------------------------------------
------------------------------------------
| rollout/                |              |
|    ep_len_mean          | 213          |
|    ep_rew_mean          | -6.12        |
| time/                   |              |
|    fps                  | 488          |
|    iterations           | 28           |
|    time_elapsed         | 1409         |
|    total_timesteps      | 688128       |
| train/                  |              |
|    approx_kl            | 0.0065096705 |
|    clip_fraction        | 0.049        |
|    clip_range           | 0.2          |
|    entropy_loss         | -1.91        |
|    explained_variance   | 0.82         |
|    learning_rate        | 0.0003       |
|    loss                 | 0.0254       |
|    n_updates            | 135          |
|    policy_gradient_loss | -0.00409     |
|    value_loss           | 0.103        |
------------------------------------------
------------------------------------------
| rollout/                |              |
|    ep_len_mean          | 251          |
|    ep_rew_mean          | -8.25        |
| time/                   |              |
|    fps                  | 488          |
|    iterations           | 29           |
|    time_elapsed         | 1458         |
|    total_timesteps      | 712704       |
| train/                  |              |
|    approx_kl            | 0.0057159425 |
|    clip_fraction        | 0.0377       |
|    clip_range           | 0.2          |
|    entropy_loss         | -1.93        |
|    explained_variance   | 0.852        |
|    learning_rate        | 0.0003       |
|    loss                 | 0.0117       |
|    n_updates            | 140          |
|    policy_gradient_loss | -0.00287     |
|    value_loss           | 0.0784       |
------------------------------------------
-----------------------------------------
| rollout/                |             |
|    ep_len_mean          | 347         |
|    ep_rew_mean          | -14.5       |
| time/                   |             |
|    fps                  | 489         |
|    iterations           | 30          |
|    time_elapsed         | 1507        |
|    total_timesteps      | 737280      |
| train/                  |             |
|    approx_kl            | 0.009077321 |
|    clip_fraction        | 0.0608      |
|    clip_range           | 0.2         |
|    entropy_loss         | -1.98       |
|    explained_variance   | 0.876       |
|    learning_rate        | 0.0003      |
|    loss                 | -0.00582    |
|    n_updates            | 145         |
|    policy_gradient_loss | -0.00488    |
|    value_loss           | 0.0649      |
-----------------------------------------
----------------------------------------
| rollout/                |            |
|    ep_len_mean          | 399        |
|    ep_rew_mean          | -19.6      |
| time/                   |            |
|    fps                  | 489        |
|    iterations           | 31         |
|    time_elapsed         | 1556       |
|    total_timesteps      | 761856     |
| train/                  |            |
|    approx_kl            | 0.00998576 |
|    clip_fraction        | 0.0872     |
|    clip_range           | 0.2        |
|    entropy_loss         | -2.01      |
|    explained_variance   | 0.913      |
|    learning_rate        | 0.0003     |
|    loss                 | -0.0171    |
|    n_updates            | 150        |
|    policy_gradient_loss | -0.00586   |
|    value_loss           | 0.0395     |
----------------------------------------
-----------------------------------------
| rollout/                |             |
|    ep_len_mean          | 407         |
|    ep_rew_mean          | -14.3       |
| time/                   |             |
|    fps                  | 489         |
|    iterations           | 32          |
|    time_elapsed         | 1606        |
|    total_timesteps      | 786432      |
| train/                  |             |
|    approx_kl            | 0.007983331 |
|    clip_fraction        | 0.0685      |
|    clip_range           | 0.2         |
|    entropy_loss         | -2          |
|    explained_variance   | 0.893       |
|    learning_rate        | 0.0003      |
|    loss                 | -0.00233    |
|    n_updates            | 155         |
|    policy_gradient_loss | -0.00494    |
|    value_loss           | 0.0448      |
-----------------------------------------
----------------------------------------
| rollout/                |            |
|    ep_len_mean          | 503        |
|    ep_rew_mean          | -15        |
| time/                   |            |
|    fps                  | 489        |
|    iterations           | 33         |
|    time_elapsed         | 1655       |
|    total_timesteps      | 811008     |
| train/                  |            |
|    approx_kl            | 0.00880897 |
|    clip_fraction        | 0.0744     |
|    clip_range           | 0.2        |
|    entropy_loss         | -1.99      |
|    explained_variance   | 0.886      |
|    learning_rate        | 0.0003     |
|    loss                 | -0.00708   |
|    n_updates            | 160        |
|    policy_gradient_loss | -0.00498   |
|    value_loss           | 0.0504     |
----------------------------------------
-----------------------------------------
| rollout/                |             |
|    ep_len_mean          | 265         |
|    ep_rew_mean          | -5.27       |
| time/                   |             |
|    fps                  | 490         |
|    iterations           | 34          |
|    time_elapsed         | 1702        |
|    total_timesteps      | 835584      |
| train/                  |             |
|    approx_kl            | 0.008841715 |
|    clip_fraction        | 0.0677      |
|    clip_range           | 0.2         |
|    entropy_loss         | -1.93       |
|    explained_variance   | 0.85        |
|    learning_rate        | 0.0003      |
|    loss                 | 0.00557     |
|    n_updates            | 165         |
|    policy_gradient_loss | -0.00563    |
|    value_loss           | 0.0632      |
-----------------------------------------
-----------------------------------------
| rollout/                |             |
|    ep_len_mean          | 190         |
|    ep_rew_mean          | -0.566      |
| time/                   |             |
|    fps                  | 491         |
|    iterations           | 35          |
|    time_elapsed         | 1749        |
|    total_timesteps      | 860160      |
| train/                  |             |
|    approx_kl            | 0.009982509 |
|    clip_fraction        | 0.101       |
|    clip_range           | 0.2         |
|    entropy_loss         | -1.89       |
|    explained_variance   | 0.854       |
|    learning_rate        | 0.0003      |
|    loss                 | 0.00842     |
|    n_updates            | 170         |
|    policy_gradient_loss | -0.0064     |
|    value_loss           | 0.0769      |
-----------------------------------------
-----------------------------------------
| rollout/                |             |
|    ep_len_mean          | 174         |
|    ep_rew_mean          | -0.987      |
| time/                   |             |
|    fps                  | 493         |
|    iterations           | 36          |
|    time_elapsed         | 1793        |
|    total_timesteps      | 884736      |
| train/                  |             |
|    approx_kl            | 0.008445676 |
|    clip_fraction        | 0.0745      |
|    clip_range           | 0.2         |
|    entropy_loss         | -1.83       |
|    explained_variance   | 0.799       |
|    learning_rate        | 0.0003      |
|    loss                 | 0.0292      |
|    n_updates            | 175         |
|    policy_gradient_loss | -0.00554    |
|    value_loss           | 0.116       |
-----------------------------------------
-----------------------------------------
| rollout/                |             |
|    ep_len_mean          | 186         |
|    ep_rew_mean          | -1.6        |
| time/                   |             |
|    fps                  | 494         |
|    iterations           | 37          |
|    time_elapsed         | 1837        |
|    total_timesteps      | 909312      |
| train/                  |             |
|    approx_kl            | 0.006138843 |
|    clip_fraction        | 0.0557      |
|    clip_range           | 0.2         |
|    entropy_loss         | -1.82       |
|    explained_variance   | 0.799       |
|    learning_rate        | 0.0003      |
|    loss                 | 0.0308      |
|    n_updates            | 180         |
|    policy_gradient_loss | -0.00381    |
|    value_loss           | 0.115       |
-----------------------------------------
-----------------------------------------
| rollout/                |             |
|    ep_len_mean          | 184         |
|    ep_rew_mean          | -2.41       |
| time/                   |             |
|    fps                  | 496         |
|    iterations           | 38          |
|    time_elapsed         | 1882        |
|    total_timesteps      | 933888      |
| train/                  |             |
|    approx_kl            | 0.009642403 |
|    clip_fraction        | 0.091       |
|    clip_range           | 0.2         |
|    entropy_loss         | -1.85       |
|    explained_variance   | 0.775       |
|    learning_rate        | 0.0003      |
|    loss                 | 0.0213      |
|    n_updates            | 185         |
|    policy_gradient_loss | -0.00567    |
|    value_loss           | 0.108       |
-----------------------------------------
------------------------------------------
| rollout/                |              |
|    ep_len_mean          | 190          |
|    ep_rew_mean          | 0.135        |
| time/                   |              |
|    fps                  | 497          |
|    iterations           | 39           |
|    time_elapsed         | 1927         |
|    total_timesteps      | 958464       |
| train/                  |              |
|    approx_kl            | 0.0067220367 |
|    clip_fraction        | 0.0536       |
|    clip_range           | 0.2          |
|    entropy_loss         | -1.86        |
|    explained_variance   | 0.768        |
|    learning_rate        | 0.0003       |
|    loss                 | 0.0174       |
|    n_updates            | 190          |
|    policy_gradient_loss | -0.00407     |
|    value_loss           | 0.0998       |
------------------------------------------
-----------------------------------------
| rollout/                |             |
|    ep_len_mean          | 241         |
|    ep_rew_mean          | -2.79       |
| time/                   |             |
|    fps                  | 498         |
|    iterations           | 40          |
|    time_elapsed         | 1973        |
|    total_timesteps      | 983040      |
| train/                  |             |
|    approx_kl            | 0.007294866 |
|    clip_fraction        | 0.053       |
|    clip_range           | 0.2         |
|    entropy_loss         | -1.85       |
|    explained_variance   | 0.751       |
|    learning_rate        | 0.0003      |
|    loss                 | 0.0207      |
|    n_updates            | 195         |
|    policy_gradient_loss | -0.00382    |
|    value_loss           | 0.108       |
-----------------------------------------
[Checkpoint] Saved at 1000000 steps > /home/runner/work/Disciples2-RL/Disciples2-RL/github_experiments/126/formation_train/all_enemies/seed126-formation_train-all_enemies-31557836307-1/checkpoints/campaign_ppo_step_1000000.zip
Eval num_timesteps=1000008, det_reward=-21.79 +/- 0.11
Episode length: det=271.30 +/- 1.38
Victory rate: det=0.00%
--------------------------------------------------
| eval/                           |              |
|    deterministic_mean_ep_length | 271          |
|    deterministic_mean_reward    | -21.8        |
|    deterministic_victory_rate   | 0            |
|    mean_ep_length               | 271          |
|    mean_reward                  | -21.8        |
|    victory_rate                 | 0            |
| time/                           |              |
|    total_timesteps              | 1000008      |
| train/                          |              |
|    approx_kl                    | 0.0066214637 |
|    clip_fraction                | 0.0528       |
|    clip_range                   | 0.2          |
|    entropy_loss                 | -1.88        |
|    explained_variance           | 0.774        |
|    learning_rate                | 0.0003       |
|    loss                         | 0.0362       |
|    n_updates                    | 200          |
|    policy_gradient_loss         | -0.00354     |
|    value_loss                   | 0.107        |
--------------------------------------------------
New best model by deterministic victory rate!
---------------------------------
| rollout/           |          |
|    ep_len_mean     | 194      |
|    ep_rew_mean     | -3.01    |
| time/              |          |
|    fps             | 495      |
|    iterations      | 41       |
|    time_elapsed    | 2034     |
|    total_timesteps | 1007616  |
---------------------------------
VecNormalize stats saved: /home/runner/work/Disciples2-RL/Disciples2-RL/github_experiments/126/formation_train/all_enemies/seed126-formation_train-all_enemies-31557836307-1/models/vecnormalize.pkl

Финальная модель сохранена: /home/runner/work/Disciples2-RL/Disciples2-RL/github_experiments/126/formation_train/all_enemies/seed126-formation_train-all_enemies-31557836307-1/models/final_model.zip

============================================================
ИТОГИ ОБУЧЕНИЯ:
  Побед: 626
  Поражений: 2397
  Таймаутов: 67
  Побед бота столицы над врагами: 0
  Перестановок юнитов: 201614
  Терминальные поражения по противникам:
    enemy_1: 2397 — Ангел, Мастер клинка и Защитник Веры впереди; Ученик позади
  Winrate: 20.3%
============================================================
  График призывов за эпизод: /home/runner/work/Disciples2-RL/Disciples2-RL/github_experiments/126/formation_train/all_enemies/seed126-formation_train-all_enemies-31557836307-1/plots/campaign_summoned_units_per_episode.png
  График призывов за всё обучение: /home/runner/work/Disciples2-RL/Disciples2-RL/github_experiments/126/formation_train/all_enemies/seed126-formation_train-all_enemies-31557836307-1/plots/campaign_summoned_units_cumulative.png
  График найма за эпизод: /home/runner/work/Disciples2-RL/Disciples2-RL/github_experiments/126/formation_train/all_enemies/seed126-formation_train-all_enemies-31557836307-1/plots/campaign_hired_units_per_episode.png
  График найма за всё обучение: /home/runner/work/Disciples2-RL/Disciples2-RL/github_experiments/126/formation_train/all_enemies/seed126-formation_train-all_enemies-31557836307-1/plots/campaign_hired_units_cumulative.png
  График перестановок юнитов за эпизод: /home/runner/work/Disciples2-RL/Disciples2-RL/github_experiments/126/formation_train/all_enemies/seed126-formation_train-all_enemies-31557836307-1/plots/campaign_unit_swaps_per_episode.png
  График боевых предметов: /home/runner/work/Disciples2-RL/Disciples2-RL/github_experiments/126/formation_train/all_enemies/seed126-formation_train-all_enemies-31557836307-1/plots/campaign_battle_item_activity.png
  График побед бота столицы за эпизод: /home/runner/work/Disciples2-RL/Disciples2-RL/github_experiments/126/formation_train/all_enemies/seed126-formation_train-all_enemies-31557836307-1/plots/campaign_scripted_bot_victories_per_episode.png
  График применения заклинаний: /home/runner/work/Disciples2-RL/Disciples2-RL/github_experiments/126/formation_train/all_enemies/seed126-formation_train-all_enemies-31557836307-1/plots/campaign_spell_cast_activity.png
