Проверка среды CampaignEnv...
Среда прошла проверку!
[INFO] Comet disabled, running without experiment tracking
Создание 12 параллельных сред (subproc)...
Инициализация MaskablePPO...
Using cpu device

============================================================
Запуск обучения Campaign Agent
Всего шагов: 1,000,000
Параллельных сред: 12
VecEnv: subproc
VecEnv start method: forkserver
Seed: 126
Checkpoint каждые: 500,000 шагов
Evaluation каждые: 83,334 шагов
Eval deterministic эпизодов: 20
Eval stochastic эпизодов: 0
Eval лимит шагов на эпизод: 5000
Campaign map: default
Campaign objective: blue_dragon
System resources at training start:
  Platform: Linux 6.17.0-1020-azure (x86_64)
  Python: 3.14.6
  PyTorch: 2.13.0+cpu
  Training device: cpu
  CPU model: AMD EPYC 7763 64-Core Processor
  CPU vendor: AuthenticAMD
  Logical CPUs visible: 4
  Process CPU affinity: 4
  Sockets: 1
  Cores per socket: 2
  Threads per core: 2
  CPU max MHz: unknown
  CPU min MHz: unknown
  L1d cache: 64 KiB (2 instances)
  L1i cache: 64 KiB (2 instances)
  L2 cache: 1 MiB (2 instances)
  L3 cache: 32 MiB (1 instance)
  Virtualization: AMD-V
  Hypervisor: Microsoft
  RAM total: 15.61 GiB
  RAM available at start: 13.89 GiB
  Disk total: 144.26 GiB
  Disk free at start: 80.95 GiB
  Torch intra-op threads: 4
  Torch inter-op threads: 2
  OMP_NUM_THREADS: 4
  MKL_NUM_THREADS: 4
  OPENBLAS_NUM_THREADS: 4
  GitHub runner OS: Linux
  GitHub runner architecture: X64
  GitHub runner environment: github-hosted
PPO n_steps: 2,048
PPO batch_size: 512
PPO n_epochs: 5
PPO learning_rate: 0.0003
PPO clip_range: 0.2
PPO ent_coef: 0.01
PPO gamma: 0.995
PPO gae_lambda: 0.95
PPO target_kl: disabled
PPO gradient batches per rollout: 240
VecCheckNan: disabled
Freeze action layout: enabled
Empire territory: enabled
Torch threads per process: 4
Diagnostics: disabled
Wall-clock training limit: disabled
Run ID: seed126-default-blue_dragon-31423296999-1
============================================================

Logging to /home/runner/work/Disciples2-RL/Disciples2-RL/github_experiments/126/default/blue_dragon/seed126-default-blue_dragon-31423296999-1/tensorboard/MaskablePPO_1
---------------------------------
| rollout/           |          |
|    ep_len_mean     | 1.31e+03 |
|    ep_rew_mean     | 126      |
| time/              |          |
|    fps             | 396      |
|    iterations      | 1        |
|    time_elapsed    | 61       |
|    total_timesteps | 24576    |
---------------------------------
-----------------------------------------
| rollout/                |             |
|    ep_len_mean          | 1.72e+03    |
|    ep_rew_mean          | 136         |
| time/                   |             |
|    fps                  | 377         |
|    iterations           | 2           |
|    time_elapsed         | 130         |
|    total_timesteps      | 49152       |
| train/                  |             |
|    approx_kl            | 0.009697522 |
|    clip_fraction        | 0.0635      |
|    clip_range           | 0.2         |
|    entropy_loss         | -2.24       |
|    explained_variance   | -0.137      |
|    learning_rate        | 0.0003      |
|    loss                 | 0.00264     |
|    n_updates            | 5           |
|    policy_gradient_loss | -0.00548    |
|    value_loss           | 0.172       |
-----------------------------------------
-----------------------------------------
| rollout/                |             |
|    ep_len_mean          | 1.78e+03    |
|    ep_rew_mean          | 129         |
| time/                   |             |
|    fps                  | 371         |
|    iterations           | 3           |
|    time_elapsed         | 198         |
|    total_timesteps      | 73728       |
| train/                  |             |
|    approx_kl            | 0.009205415 |
|    clip_fraction        | 0.0808      |
|    clip_range           | 0.2         |
|    entropy_loss         | -2.23       |
|    explained_variance   | 0.347       |
|    learning_rate        | 0.0003      |
|    loss                 | 0.0704      |
|    n_updates            | 10          |
|    policy_gradient_loss | -0.00689    |
|    value_loss           | 0.28        |
-----------------------------------------
-----------------------------------------
| rollout/                |             |
|    ep_len_mean          | 1.35e+03    |
|    ep_rew_mean          | 133         |
| time/                   |             |
|    fps                  | 369         |
|    iterations           | 4           |
|    time_elapsed         | 266         |
|    total_timesteps      | 98304       |
| train/                  |             |
|    approx_kl            | 0.009922202 |
|    clip_fraction        | 0.0864      |
|    clip_range           | 0.2         |
|    entropy_loss         | -2.16       |
|    explained_variance   | 0.552       |
|    learning_rate        | 0.0003      |
|    loss                 | 0.127       |
|    n_updates            | 15          |
|    policy_gradient_loss | -0.00462    |
|    value_loss           | 0.357       |
-----------------------------------------
-----------------------------------------
| rollout/                |             |
|    ep_len_mean          | 988         |
|    ep_rew_mean          | 132         |
| time/                   |             |
|    fps                  | 370         |
|    iterations           | 5           |
|    time_elapsed         | 331         |
|    total_timesteps      | 122880      |
| train/                  |             |
|    approx_kl            | 0.008756396 |
|    clip_fraction        | 0.0595      |
|    clip_range           | 0.2         |
|    entropy_loss         | -2.06       |
|    explained_variance   | 0.707       |
|    learning_rate        | 0.0003      |
|    loss                 | 0.125       |
|    n_updates            | 20          |
|    policy_gradient_loss | -0.00434    |
|    value_loss           | 0.419       |
-----------------------------------------
-----------------------------------------
| rollout/                |             |
|    ep_len_mean          | 601         |
|    ep_rew_mean          | 126         |
| time/                   |             |
|    fps                  | 371         |
|    iterations           | 6           |
|    time_elapsed         | 397         |
|    total_timesteps      | 147456      |
| train/                  |             |
|    approx_kl            | 0.008446787 |
|    clip_fraction        | 0.0588      |
|    clip_range           | 0.2         |
|    entropy_loss         | -1.92       |
|    explained_variance   | 0.678       |
|    learning_rate        | 0.0003      |
|    loss                 | 0.151       |
|    n_updates            | 25          |
|    policy_gradient_loss | -0.00493    |
|    value_loss           | 0.444       |
-----------------------------------------
------------------------------------------
| rollout/                |              |
|    ep_len_mean          | 634          |
|    ep_rew_mean          | 108          |
| time/                   |              |
|    fps                  | 370          |
|    iterations           | 7            |
|    time_elapsed         | 463          |
|    total_timesteps      | 172032       |
| train/                  |              |
|    approx_kl            | 0.0066063716 |
|    clip_fraction        | 0.0432       |
|    clip_range           | 0.2          |
|    entropy_loss         | -1.78        |
|    explained_variance   | 0.816        |
|    learning_rate        | 0.0003       |
|    loss                 | 0.0808       |
|    n_updates            | 30           |
|    policy_gradient_loss | -0.00406     |
|    value_loss           | 0.252        |
------------------------------------------
-----------------------------------------
| rollout/                |             |
|    ep_len_mean          | 667         |
|    ep_rew_mean          | 100         |
| time/                   |             |
|    fps                  | 372         |
|    iterations           | 8           |
|    time_elapsed         | 528         |
|    total_timesteps      | 196608      |
| train/                  |             |
|    approx_kl            | 0.009462333 |
|    clip_fraction        | 0.053       |
|    clip_range           | 0.2         |
|    entropy_loss         | -1.84       |
|    explained_variance   | 0.879       |
|    learning_rate        | 0.0003      |
|    loss                 | 0.0793      |
|    n_updates            | 35          |
|    policy_gradient_loss | -0.00327    |
|    value_loss           | 0.239       |
-----------------------------------------
-----------------------------------------
| rollout/                |             |
|    ep_len_mean          | 765         |
|    ep_rew_mean          | 85          |
| time/                   |             |
|    fps                  | 373         |
|    iterations           | 9           |
|    time_elapsed         | 592         |
|    total_timesteps      | 221184      |
| train/                  |             |
|    approx_kl            | 0.010264639 |
|    clip_fraction        | 0.115       |
|    clip_range           | 0.2         |
|    entropy_loss         | -1.89       |
|    explained_variance   | 0.923       |
|    learning_rate        | 0.0003      |
|    loss                 | 0.0648      |
|    n_updates            | 40          |
|    policy_gradient_loss | -0.00433    |
|    value_loss           | 0.135       |
-----------------------------------------
-----------------------------------------
| rollout/                |             |
|    ep_len_mean          | 678         |
|    ep_rew_mean          | 87.2        |
| time/                   |             |
|    fps                  | 374         |
|    iterations           | 10          |
|    time_elapsed         | 657         |
|    total_timesteps      | 245760      |
| train/                  |             |
|    approx_kl            | 0.011044107 |
|    clip_fraction        | 0.115       |
|    clip_range           | 0.2         |
|    entropy_loss         | -1.91       |
|    explained_variance   | 0.938       |
|    learning_rate        | 0.0003      |
|    loss                 | -0.00571    |
|    n_updates            | 45          |
|    policy_gradient_loss | -0.00428    |
|    value_loss           | 0.0851      |
-----------------------------------------
------------------------------------------
| rollout/                |              |
|    ep_len_mean          | 598          |
|    ep_rew_mean          | 87.9         |
| time/                   |              |
|    fps                  | 374          |
|    iterations           | 11           |
|    time_elapsed         | 722          |
|    total_timesteps      | 270336       |
| train/                  |              |
|    approx_kl            | 0.0068167443 |
|    clip_fraction        | 0.0557       |
|    clip_range           | 0.2          |
|    entropy_loss         | -1.93        |
|    explained_variance   | 0.938        |
|    learning_rate        | 0.0003       |
|    loss                 | 0.0209       |
|    n_updates            | 50           |
|    policy_gradient_loss | -0.00359     |
|    value_loss           | 0.11         |
------------------------------------------
-----------------------------------------
| rollout/                |             |
|    ep_len_mean          | 444         |
|    ep_rew_mean          | 101         |
| time/                   |             |
|    fps                  | 374         |
|    iterations           | 12          |
|    time_elapsed         | 787         |
|    total_timesteps      | 294912      |
| train/                  |             |
|    approx_kl            | 0.010628452 |
|    clip_fraction        | 0.101       |
|    clip_range           | 0.2         |
|    entropy_loss         | -1.94       |
|    explained_variance   | 0.963       |
|    learning_rate        | 0.0003      |
|    loss                 | 0.00333     |
|    n_updates            | 55          |
|    policy_gradient_loss | -0.00481    |
|    value_loss           | 0.0808      |
-----------------------------------------
-----------------------------------------
| rollout/                |             |
|    ep_len_mean          | 184         |
|    ep_rew_mean          | 117         |
| time/                   |             |
|    fps                  | 373         |
|    iterations           | 13          |
|    time_elapsed         | 855         |
|    total_timesteps      | 319488      |
| train/                  |             |
|    approx_kl            | 0.010717335 |
|    clip_fraction        | 0.104       |
|    clip_range           | 0.2         |
|    entropy_loss         | -1.94       |
|    explained_variance   | 0.968       |
|    learning_rate        | 0.0003      |
|    loss                 | 0.0171      |
|    n_updates            | 60          |
|    policy_gradient_loss | -0.00466    |
|    value_loss           | 0.122       |
-----------------------------------------
------------------------------------------
| rollout/                |              |
|    ep_len_mean          | 167          |
|    ep_rew_mean          | 115          |
| time/                   |              |
|    fps                  | 373          |
|    iterations           | 14           |
|    time_elapsed         | 921          |
|    total_timesteps      | 344064       |
| train/                  |              |
|    approx_kl            | 0.0104535995 |
|    clip_fraction        | 0.101        |
|    clip_range           | 0.2          |
|    entropy_loss         | -1.89        |
|    explained_variance   | 0.981        |
|    learning_rate        | 0.0003       |
|    loss                 | 0.00322      |
|    n_updates            | 65           |
|    policy_gradient_loss | -0.00702     |
|    value_loss           | 0.0951       |
------------------------------------------
-----------------------------------------
| rollout/                |             |
|    ep_len_mean          | 180         |
|    ep_rew_mean          | 117         |
| time/                   |             |
|    fps                  | 372         |
|    iterations           | 15          |
|    time_elapsed         | 989         |
|    total_timesteps      | 368640      |
| train/                  |             |
|    approx_kl            | 0.011297376 |
|    clip_fraction        | 0.125       |
|    clip_range           | 0.2         |
|    entropy_loss         | -1.84       |
|    explained_variance   | 0.988       |
|    learning_rate        | 0.0003      |
|    loss                 | -0.0064     |
|    n_updates            | 70          |
|    policy_gradient_loss | -0.00647    |
|    value_loss           | 0.0626      |
-----------------------------------------
-----------------------------------------
| rollout/                |             |
|    ep_len_mean          | 117         |
|    ep_rew_mean          | 119         |
| time/                   |             |
|    fps                  | 372         |
|    iterations           | 16          |
|    time_elapsed         | 1056        |
|    total_timesteps      | 393216      |
| train/                  |             |
|    approx_kl            | 0.008697025 |
|    clip_fraction        | 0.0833      |
|    clip_range           | 0.2         |
|    entropy_loss         | -1.83       |
|    explained_variance   | 0.972       |
|    learning_rate        | 0.0003      |
|    loss                 | 0.0436      |
|    n_updates            | 75          |
|    policy_gradient_loss | -0.0054     |
|    value_loss           | 0.165       |
-----------------------------------------
-----------------------------------------
| rollout/                |             |
|    ep_len_mean          | 64.2        |
|    ep_rew_mean          | 120         |
| time/                   |             |
|    fps                  | 371         |
|    iterations           | 17          |
|    time_elapsed         | 1124        |
|    total_timesteps      | 417792      |
| train/                  |             |
|    approx_kl            | 0.008025583 |
|    clip_fraction        | 0.092       |
|    clip_range           | 0.2         |
|    entropy_loss         | -1.61       |
|    explained_variance   | 0.978       |
|    learning_rate        | 0.0003      |
|    loss                 | 0.039       |
|    n_updates            | 80          |
|    policy_gradient_loss | -0.00661    |
|    value_loss           | 0.136       |
-----------------------------------------
------------------------------------------
| rollout/                |              |
|    ep_len_mean          | 60.7         |
|    ep_rew_mean          | 120          |
| time/                   |              |
|    fps                  | 370          |
|    iterations           | 18           |
|    time_elapsed         | 1192         |
|    total_timesteps      | 442368       |
| train/                  |              |
|    approx_kl            | 0.0075261686 |
|    clip_fraction        | 0.089        |
|    clip_range           | 0.2          |
|    entropy_loss         | -1.49        |
|    explained_variance   | 0.955        |
|    learning_rate        | 0.0003       |
|    loss                 | 0.0348       |
|    n_updates            | 85           |
|    policy_gradient_loss | -0.00662     |
|    value_loss           | 0.0909       |
------------------------------------------
-----------------------------------------
| rollout/                |             |
|    ep_len_mean          | 57.5        |
|    ep_rew_mean          | 121         |
| time/                   |             |
|    fps                  | 370         |
|    iterations           | 19          |
|    time_elapsed         | 1260        |
|    total_timesteps      | 466944      |
| train/                  |             |
|    approx_kl            | 0.011734935 |
|    clip_fraction        | 0.149       |
|    clip_range           | 0.2         |
|    entropy_loss         | -1.47       |
|    explained_variance   | 0.994       |
|    learning_rate        | 0.0003      |
|    loss                 | -0.00704    |
|    n_updates            | 90          |
|    policy_gradient_loss | -0.00743    |
|    value_loss           | 0.0214      |
-----------------------------------------
-----------------------------------------
| rollout/                |             |
|    ep_len_mean          | 98.2        |
|    ep_rew_mean          | 116         |
| time/                   |             |
|    fps                  | 370         |
|    iterations           | 20          |
|    time_elapsed         | 1327        |
|    total_timesteps      | 491520      |
| train/                  |             |
|    approx_kl            | 0.013878108 |
|    clip_fraction        | 0.155       |
|    clip_range           | 0.2         |
|    entropy_loss         | -1.5        |
|    explained_variance   | 0.995       |
|    learning_rate        | 0.0003      |
|    loss                 | -0.0112     |
|    n_updates            | 95          |
|    policy_gradient_loss | -0.00713    |
|    value_loss           | 0.0211      |
-----------------------------------------
[Checkpoint] Saved at 500000 steps > /home/runner/work/Disciples2-RL/Disciples2-RL/github_experiments/126/default/blue_dragon/seed126-default-blue_dragon-31423296999-1/checkpoints/campaign_ppo_step_500000.zip
-----------------------------------------
| rollout/                |             |
|    ep_len_mean          | 101         |
|    ep_rew_mean          | 117         |
| time/                   |             |
|    fps                  | 370         |
|    iterations           | 21          |
|    time_elapsed         | 1393        |
|    total_timesteps      | 516096      |
| train/                  |             |
|    approx_kl            | 0.009809714 |
|    clip_fraction        | 0.125       |
|    clip_range           | 0.2         |
|    entropy_loss         | -1.39       |
|    explained_variance   | 0.995       |
|    learning_rate        | 0.0003      |
|    loss                 | -0.019      |
|    n_updates            | 100         |
|    policy_gradient_loss | -0.00763    |
|    value_loss           | 0.0257      |
-----------------------------------------
------------------------------------------
| rollout/                |              |
|    ep_len_mean          | 47.7         |
|    ep_rew_mean          | 120          |
| time/                   |              |
|    fps                  | 370          |
|    iterations           | 22           |
|    time_elapsed         | 1460         |
|    total_timesteps      | 540672       |
| train/                  |              |
|    approx_kl            | 0.0074195624 |
|    clip_fraction        | 0.111        |
|    clip_range           | 0.2          |
|    entropy_loss         | -1.17        |
|    explained_variance   | 0.994        |
|    learning_rate        | 0.0003       |
|    loss                 | -0.0168      |
|    n_updates            | 105          |
|    policy_gradient_loss | -0.00974     |
|    value_loss           | 0.013        |
------------------------------------------
-----------------------------------------
| rollout/                |             |
|    ep_len_mean          | 46.9        |
|    ep_rew_mean          | 120         |
| time/                   |             |
|    fps                  | 370         |
|    iterations           | 23          |
|    time_elapsed         | 1527        |
|    total_timesteps      | 565248      |
| train/                  |             |
|    approx_kl            | 0.009385489 |
|    clip_fraction        | 0.12        |
|    clip_range           | 0.2         |
|    entropy_loss         | -1.02       |
|    explained_variance   | 0.909       |
|    learning_rate        | 0.0003      |
|    loss                 | -0.0186     |
|    n_updates            | 110         |
|    policy_gradient_loss | -0.0107     |
|    value_loss           | 0.00986     |
-----------------------------------------
-----------------------------------------
| rollout/                |             |
|    ep_len_mean          | 46          |
|    ep_rew_mean          | 121         |
| time/                   |             |
|    fps                  | 369         |
|    iterations           | 24          |
|    time_elapsed         | 1594        |
|    total_timesteps      | 589824      |
| train/                  |             |
|    approx_kl            | 0.008620897 |
|    clip_fraction        | 0.121       |
|    clip_range           | 0.2         |
|    entropy_loss         | -0.914      |
|    explained_variance   | 0.694       |
|    learning_rate        | 0.0003      |
|    loss                 | -0.0336     |
|    n_updates            | 115         |
|    policy_gradient_loss | -0.0138     |
|    value_loss           | 0.00604     |
-----------------------------------------
-----------------------------------------
| rollout/                |             |
|    ep_len_mean          | 44.5        |
|    ep_rew_mean          | 121         |
| time/                   |             |
|    fps                  | 369         |
|    iterations           | 25          |
|    time_elapsed         | 1662        |
|    total_timesteps      | 614400      |
| train/                  |             |
|    approx_kl            | 0.008593519 |
|    clip_fraction        | 0.11        |
|    clip_range           | 0.2         |
|    entropy_loss         | -0.84       |
|    explained_variance   | 0.676       |
|    learning_rate        | 0.0003      |
|    loss                 | -0.0201     |
|    n_updates            | 120         |
|    policy_gradient_loss | -0.0142     |
|    value_loss           | 0.00578     |
-----------------------------------------
-----------------------------------------
| rollout/                |             |
|    ep_len_mean          | 44.6        |
|    ep_rew_mean          | 123         |
| time/                   |             |
|    fps                  | 369         |
|    iterations           | 26          |
|    time_elapsed         | 1729        |
|    total_timesteps      | 638976      |
| train/                  |             |
|    approx_kl            | 0.007315518 |
|    clip_fraction        | 0.0961      |
|    clip_range           | 0.2         |
|    entropy_loss         | -0.76       |
|    explained_variance   | 0.659       |
|    learning_rate        | 0.0003      |
|    loss                 | -0.016      |
|    n_updates            | 125         |
|    policy_gradient_loss | -0.0126     |
|    value_loss           | 0.0058      |
-----------------------------------------
-----------------------------------------
| rollout/                |             |
|    ep_len_mean          | 44.9        |
|    ep_rew_mean          | 124         |
| time/                   |             |
|    fps                  | 369         |
|    iterations           | 27          |
|    time_elapsed         | 1796        |
|    total_timesteps      | 663552      |
| train/                  |             |
|    approx_kl            | 0.006673761 |
|    clip_fraction        | 0.0933      |
|    clip_range           | 0.2         |
|    entropy_loss         | -0.717      |
|    explained_variance   | 0.672       |
|    learning_rate        | 0.0003      |
|    loss                 | -0.0182     |
|    n_updates            | 130         |
|    policy_gradient_loss | -0.0149     |
|    value_loss           | 0.00574     |
-----------------------------------------
------------------------------------------
| rollout/                |              |
|    ep_len_mean          | 45.4         |
|    ep_rew_mean          | 126          |
| time/                   |              |
|    fps                  | 369          |
|    iterations           | 28           |
|    time_elapsed         | 1863         |
|    total_timesteps      | 688128       |
| train/                  |              |
|    approx_kl            | 0.0068614273 |
|    clip_fraction        | 0.092        |
|    clip_range           | 0.2          |
|    entropy_loss         | -0.678       |
|    explained_variance   | 0.676        |
|    learning_rate        | 0.0003       |
|    loss                 | -0.0246      |
|    n_updates            | 135          |
|    policy_gradient_loss | -0.0156      |
|    value_loss           | 0.00623      |
------------------------------------------
------------------------------------------
| rollout/                |              |
|    ep_len_mean          | 46.5         |
|    ep_rew_mean          | 128          |
| time/                   |              |
|    fps                  | 368          |
|    iterations           | 29           |
|    time_elapsed         | 1931         |
|    total_timesteps      | 712704       |
| train/                  |              |
|    approx_kl            | 0.0067047067 |
|    clip_fraction        | 0.0823       |
|    clip_range           | 0.2          |
|    entropy_loss         | -0.648       |
|    explained_variance   | 0.706        |
|    learning_rate        | 0.0003       |
|    loss                 | -0.0256      |
|    n_updates            | 140          |
|    policy_gradient_loss | -0.0123      |
|    value_loss           | 0.006        |
------------------------------------------
------------------------------------------
| rollout/                |              |
|    ep_len_mean          | 46.5         |
|    ep_rew_mean          | 129          |
| time/                   |              |
|    fps                  | 368          |
|    iterations           | 30           |
|    time_elapsed         | 1999         |
|    total_timesteps      | 737280       |
| train/                  |              |
|    approx_kl            | 0.0053171236 |
|    clip_fraction        | 0.0779       |
|    clip_range           | 0.2          |
|    entropy_loss         | -0.62        |
|    explained_variance   | 0.716        |
|    learning_rate        | 0.0003       |
|    loss                 | -0.0122      |
|    n_updates            | 145          |
|    policy_gradient_loss | -0.00942     |
|    value_loss           | 0.00678      |
------------------------------------------
------------------------------------------
| rollout/                |              |
|    ep_len_mean          | 47.2         |
|    ep_rew_mean          | 130          |
| time/                   |              |
|    fps                  | 368          |
|    iterations           | 31           |
|    time_elapsed         | 2067         |
|    total_timesteps      | 761856       |
| train/                  |              |
|    approx_kl            | 0.0066660363 |
|    clip_fraction        | 0.0845       |
|    clip_range           | 0.2          |
|    entropy_loss         | -0.701       |
|    explained_variance   | 0.986        |
|    learning_rate        | 0.0003       |
|    loss                 | -0.0199      |
|    n_updates            | 150          |
|    policy_gradient_loss | -0.00871     |
|    value_loss           | 0.0114       |
------------------------------------------
-----------------------------------------
| rollout/                |             |
|    ep_len_mean          | 49          |
|    ep_rew_mean          | 132         |
| time/                   |             |
|    fps                  | 368         |
|    iterations           | 32          |
|    time_elapsed         | 2135        |
|    total_timesteps      | 786432      |
| train/                  |             |
|    approx_kl            | 0.007824716 |
|    clip_fraction        | 0.0908      |
|    clip_range           | 0.2         |
|    entropy_loss         | -0.902      |
|    explained_variance   | 0.994       |
|    learning_rate        | 0.0003      |
|    loss                 | -0.0193     |
|    n_updates            | 155         |
|    policy_gradient_loss | -0.00436    |
|    value_loss           | 0.0174      |
-----------------------------------------
------------------------------------------
| rollout/                |              |
|    ep_len_mean          | 97.7         |
|    ep_rew_mean          | 131          |
| time/                   |              |
|    fps                  | 367          |
|    iterations           | 33           |
|    time_elapsed         | 2204         |
|    total_timesteps      | 811008       |
| train/                  |              |
|    approx_kl            | 0.0062486394 |
|    clip_fraction        | 0.0591       |
|    clip_range           | 0.2          |
|    entropy_loss         | -1.31        |
|    explained_variance   | 0.992        |
|    learning_rate        | 0.0003       |
|    loss                 | -0.00436     |
|    n_updates            | 160          |
|    policy_gradient_loss | -0.00303     |
|    value_loss           | 0.0354       |
------------------------------------------
-----------------------------------------
| rollout/                |             |
|    ep_len_mean          | 137         |
|    ep_rew_mean          | 128         |
| time/                   |             |
|    fps                  | 367         |
|    iterations           | 34          |
|    time_elapsed         | 2272        |
|    total_timesteps      | 835584      |
| train/                  |             |
|    approx_kl            | 0.008887831 |
|    clip_fraction        | 0.0817      |
|    clip_range           | 0.2         |
|    entropy_loss         | -1.39       |
|    explained_variance   | 0.997       |
|    learning_rate        | 0.0003      |
|    loss                 | -0.00775    |
|    n_updates            | 165         |
|    policy_gradient_loss | -0.00454    |
|    value_loss           | 0.0149      |
-----------------------------------------
-----------------------------------------
| rollout/                |             |
|    ep_len_mean          | 48.7        |
|    ep_rew_mean          | 133         |
| time/                   |             |
|    fps                  | 366         |
|    iterations           | 35          |
|    time_elapsed         | 2347        |
|    total_timesteps      | 860160      |
| train/                  |             |
|    approx_kl            | 0.012350239 |
|    clip_fraction        | 0.0575      |
|    clip_range           | 0.2         |
|    entropy_loss         | -1.06       |
|    explained_variance   | 0.997       |
|    learning_rate        | 0.0003      |
|    loss                 | 0.012       |
|    n_updates            | 170         |
|    policy_gradient_loss | -0.00399    |
|    value_loss           | 0.015       |
-----------------------------------------
------------------------------------------
| rollout/                |              |
|    ep_len_mean          | 48.9         |
|    ep_rew_mean          | 133          |
| time/                   |              |
|    fps                  | 365          |
|    iterations           | 36           |
|    time_elapsed         | 2422         |
|    total_timesteps      | 884736       |
| train/                  |              |
|    approx_kl            | 0.0050987354 |
|    clip_fraction        | 0.0523       |
|    clip_range           | 0.2          |
|    entropy_loss         | -0.884       |
|    explained_variance   | 0.995        |
|    learning_rate        | 0.0003       |
|    loss                 | -0.00951     |
|    n_updates            | 175          |
|    policy_gradient_loss | -0.00321     |
|    value_loss           | 0.0208       |
------------------------------------------
-----------------------------------------
| rollout/                |             |
|    ep_len_mean          | 48.7        |
|    ep_rew_mean          | 134         |
| time/                   |             |
|    fps                  | 364         |
|    iterations           | 37          |
|    time_elapsed         | 2497        |
|    total_timesteps      | 909312      |
| train/                  |             |
|    approx_kl            | 0.007131476 |
|    clip_fraction        | 0.0532      |
|    clip_range           | 0.2         |
|    entropy_loss         | -0.997      |
|    explained_variance   | 0.994       |
|    learning_rate        | 0.0003      |
|    loss                 | -0.0121     |
|    n_updates            | 180         |
|    policy_gradient_loss | -0.00321    |
|    value_loss           | 0.0216      |
-----------------------------------------
------------------------------------------
| rollout/                |              |
|    ep_len_mean          | 49.8         |
|    ep_rew_mean          | 135          |
| time/                   |              |
|    fps                  | 363          |
|    iterations           | 38           |
|    time_elapsed         | 2571         |
|    total_timesteps      | 933888       |
| train/                  |              |
|    approx_kl            | 0.0070259213 |
|    clip_fraction        | 0.0632       |
|    clip_range           | 0.2          |
|    entropy_loss         | -0.999       |
|    explained_variance   | 0.997        |
|    learning_rate        | 0.0003       |
|    loss                 | -0.0101      |
|    n_updates            | 185          |
|    policy_gradient_loss | -0.00323     |
|    value_loss           | 0.0148       |
------------------------------------------
------------------------------------------
| rollout/                |              |
|    ep_len_mean          | 49.4         |
|    ep_rew_mean          | 135          |
| time/                   |              |
|    fps                  | 362          |
|    iterations           | 39           |
|    time_elapsed         | 2642         |
|    total_timesteps      | 958464       |
| train/                  |              |
|    approx_kl            | 0.0075193867 |
|    clip_fraction        | 0.071        |
|    clip_range           | 0.2          |
|    entropy_loss         | -0.795       |
|    explained_variance   | 0.997        |
|    learning_rate        | 0.0003       |
|    loss                 | -0.00209     |
|    n_updates            | 190          |
|    policy_gradient_loss | -0.00681     |
|    value_loss           | 0.0158       |
------------------------------------------
------------------------------------------
| rollout/                |              |
|    ep_len_mean          | 94.2         |
|    ep_rew_mean          | 135          |
| time/                   |              |
|    fps                  | 362          |
|    iterations           | 40           |
|    time_elapsed         | 2712         |
|    total_timesteps      | 983040       |
| train/                  |              |
|    approx_kl            | 0.0061284355 |
|    clip_fraction        | 0.0701       |
|    clip_range           | 0.2          |
|    entropy_loss         | -0.642       |
|    explained_variance   | 0.998        |
|    learning_rate        | 0.0003       |
|    loss                 | -0.0152      |
|    n_updates            | 195          |
|    policy_gradient_loss | -0.00548     |
|    value_loss           | 0.00746      |
------------------------------------------
[Checkpoint] Saved at 1000000 steps > /home/runner/work/Disciples2-RL/Disciples2-RL/github_experiments/126/default/blue_dragon/seed126-default-blue_dragon-31423296999-1/checkpoints/campaign_ppo_step_1000000.zip
Eval num_timesteps=1000008, det_reward=143.14 +/- 0.01
Episode length: det=53.65 +/- 0.85
Victory rate: det=100.00%
-------------------------------------------------
| eval/                           |             |
|    deterministic_mean_ep_length | 53.6        |
|    deterministic_mean_reward    | 143         |
|    deterministic_victory_rate   | 1           |
|    mean_ep_length               | 53.6        |
|    mean_reward                  | 143         |
|    victory_rate                 | 1           |
| time/                           |             |
|    total_timesteps              | 1000008     |
| train/                          |             |
|    approx_kl                    | 0.007165401 |
|    clip_fraction                | 0.07        |
|    clip_range                   | 0.2         |
|    entropy_loss                 | -0.436      |
|    explained_variance           | 0.996       |
|    learning_rate                | 0.0003      |
|    loss                         | -0.00405    |
|    n_updates                    | 200         |
|    policy_gradient_loss         | -0.00732    |
|    value_loss                   | 0.00772     |
-------------------------------------------------
New best model by deterministic victory rate!
---------------------------------
| rollout/           |          |
|    ep_len_mean     | 51.7     |
|    ep_rew_mean     | 137      |
| time/              |          |
|    fps             | 361      |
|    iterations      | 41       |
|    time_elapsed    | 2788     |
|    total_timesteps | 1007616  |
---------------------------------
VecNormalize stats saved: /home/runner/work/Disciples2-RL/Disciples2-RL/github_experiments/126/default/blue_dragon/seed126-default-blue_dragon-31423296999-1/models/vecnormalize.pkl

Финальная модель сохранена: /home/runner/work/Disciples2-RL/Disciples2-RL/github_experiments/126/default/blue_dragon/seed126-default-blue_dragon-31423296999-1/models/final_model.zip

============================================================
ИТОГИ ОБУЧЕНИЯ:
  Побед: 11494
  Поражений: 3
  Таймаутов: 46
  Побед бота столицы над врагами: 0
  Перестановок юнитов: 144604
  Терминальные поражения по противникам:
    enemy_75: 3 — Страж столицы Империи: Мизраэль
  Winrate: 99.6%
============================================================
  График призывов за эпизод: /home/runner/work/Disciples2-RL/Disciples2-RL/github_experiments/126/default/blue_dragon/seed126-default-blue_dragon-31423296999-1/plots/campaign_summoned_units_per_episode.png
  График призывов за всё обучение: /home/runner/work/Disciples2-RL/Disciples2-RL/github_experiments/126/default/blue_dragon/seed126-default-blue_dragon-31423296999-1/plots/campaign_summoned_units_cumulative.png
  График найма за эпизод: /home/runner/work/Disciples2-RL/Disciples2-RL/github_experiments/126/default/blue_dragon/seed126-default-blue_dragon-31423296999-1/plots/campaign_hired_units_per_episode.png
  График найма за всё обучение: /home/runner/work/Disciples2-RL/Disciples2-RL/github_experiments/126/default/blue_dragon/seed126-default-blue_dragon-31423296999-1/plots/campaign_hired_units_cumulative.png
  График перестановок юнитов за эпизод: /home/runner/work/Disciples2-RL/Disciples2-RL/github_experiments/126/default/blue_dragon/seed126-default-blue_dragon-31423296999-1/plots/campaign_unit_swaps_per_episode.png
  График боевых предметов: /home/runner/work/Disciples2-RL/Disciples2-RL/github_experiments/126/default/blue_dragon/seed126-default-blue_dragon-31423296999-1/plots/campaign_battle_item_activity.png
  График побед бота столицы за эпизод: /home/runner/work/Disciples2-RL/Disciples2-RL/github_experiments/126/default/blue_dragon/seed126-default-blue_dragon-31423296999-1/plots/campaign_scripted_bot_victories_per_episode.png
  График применения заклинаний: /home/runner/work/Disciples2-RL/Disciples2-RL/github_experiments/126/default/blue_dragon/seed126-default-blue_dragon-31423296999-1/plots/campaign_spell_cast_activity.png
