Проверка среды CampaignEnv...
Среда прошла проверку!
[INFO] Comet disabled, running without experiment tracking
Создание 12 параллельных сред (subproc)...
Инициализация MaskablePPO...
Using cpu device

============================================================
Запуск обучения Campaign Agent
Всего шагов: 1,000,000
Параллельных сред: 12
VecEnv: subproc
VecEnv start method: forkserver
Seed: 124
Checkpoint каждые: 500,000 шагов
Evaluation каждые: 83,334 шагов
Eval deterministic эпизодов: 20
Eval stochastic эпизодов: 0
Eval лимит шагов на эпизод: 5000
Campaign map: builder
Campaign objective: build_all
System resources at training start:
  Platform: Linux 6.17.0-1021-azure (x86_64)
  Python: 3.14.6
  PyTorch: 2.13.0+cpu
  Training device: cpu
  CPU model: AMD EPYC 9V74 80-Core Processor
  CPU vendor: AuthenticAMD
  Logical CPUs visible: 4
  Process CPU affinity: 4
  Sockets: 1
  Cores per socket: 2
  Threads per core: 2
  CPU max MHz: unknown
  CPU min MHz: unknown
  L1d cache: 64 KiB (2 instances)
  L1i cache: 64 KiB (2 instances)
  L2 cache: 2 MiB (2 instances)
  L3 cache: 32 MiB (1 instance)
  Virtualization: AMD-V
  Hypervisor: Microsoft
  RAM total: 15.61 GiB
  RAM available at start: 13.99 GiB
  Disk total: 144.26 GiB
  Disk free at start: 81.21 GiB
  Torch intra-op threads: 4
  Torch inter-op threads: 2
  OMP_NUM_THREADS: 4
  MKL_NUM_THREADS: 4
  OPENBLAS_NUM_THREADS: 4
  GitHub runner OS: Linux
  GitHub runner architecture: X64
  GitHub runner environment: github-hosted
PPO n_steps: 2,048
PPO batch_size: 512
PPO n_epochs: 5
PPO learning_rate: 0.0003
PPO clip_range: 0.2
PPO ent_coef: 0.01
PPO gamma: 0.995
PPO gae_lambda: 0.95
PPO target_kl: disabled
PPO gradient batches per rollout: 240
VecCheckNan: disabled
Freeze action layout: enabled
Empire territory: enabled
Torch threads per process: 4
Diagnostics: disabled
Wall-clock training limit: disabled
Run ID: seed124-builder-build_all-31111523222-1
============================================================

Logging to /home/runner/work/Disciples2-RL/Disciples2-RL/github_experiments/124/builder/build_all/seed124-builder-build_all-31111523222-1/tensorboard/MaskablePPO_1
---------------------------------
| rollout/           |          |
|    ep_len_mean     | 1.94e+03 |
|    ep_rew_mean     | 72.3     |
| time/              |          |
|    fps             | 543      |
|    iterations      | 1        |
|    time_elapsed    | 45       |
|    total_timesteps | 24576    |
---------------------------------
-----------------------------------------
| rollout/                |             |
|    ep_len_mean          | 2.04e+03    |
|    ep_rew_mean          | 76.7        |
| time/                   |             |
|    fps                  | 502         |
|    iterations           | 2           |
|    time_elapsed         | 97          |
|    total_timesteps      | 49152       |
| train/                  |             |
|    approx_kl            | 0.008727071 |
|    clip_fraction        | 0.0444      |
|    clip_range           | 0.2         |
|    entropy_loss         | -2.23       |
|    explained_variance   | 0.122       |
|    learning_rate        | 0.0003      |
|    loss                 | 0.046       |
|    n_updates            | 5           |
|    policy_gradient_loss | -0.00462    |
|    value_loss           | 0.26        |
-----------------------------------------
-----------------------------------------
| rollout/                |             |
|    ep_len_mean          | 2.1e+03     |
|    ep_rew_mean          | 75.2        |
| time/                   |             |
|    fps                  | 489         |
|    iterations           | 3           |
|    time_elapsed         | 150         |
|    total_timesteps      | 73728       |
| train/                  |             |
|    approx_kl            | 0.007500313 |
|    clip_fraction        | 0.047       |
|    clip_range           | 0.2         |
|    entropy_loss         | -2.21       |
|    explained_variance   | 0.284       |
|    learning_rate        | 0.0003      |
|    loss                 | 0.0716      |
|    n_updates            | 10          |
|    policy_gradient_loss | -0.00242    |
|    value_loss           | 0.2         |
-----------------------------------------
------------------------------------------
| rollout/                |              |
|    ep_len_mean          | 2.09e+03     |
|    ep_rew_mean          | 76.5         |
| time/                   |              |
|    fps                  | 472          |
|    iterations           | 4            |
|    time_elapsed         | 207          |
|    total_timesteps      | 98304        |
| train/                  |              |
|    approx_kl            | 0.0064326325 |
|    clip_fraction        | 0.0351       |
|    clip_range           | 0.2          |
|    entropy_loss         | -2.23        |
|    explained_variance   | 0.766        |
|    learning_rate        | 0.0003       |
|    loss                 | -0.0121      |
|    n_updates            | 15           |
|    policy_gradient_loss | -0.00263     |
|    value_loss           | 0.0867       |
------------------------------------------
-----------------------------------------
| rollout/                |             |
|    ep_len_mean          | 2.11e+03    |
|    ep_rew_mean          | 79.6        |
| time/                   |             |
|    fps                  | 470         |
|    iterations           | 5           |
|    time_elapsed         | 261         |
|    total_timesteps      | 122880      |
| train/                  |             |
|    approx_kl            | 0.006649667 |
|    clip_fraction        | 0.0341      |
|    clip_range           | 0.2         |
|    entropy_loss         | -2.19       |
|    explained_variance   | 0.893       |
|    learning_rate        | 0.0003      |
|    loss                 | -0.00619    |
|    n_updates            | 20          |
|    policy_gradient_loss | -0.0018     |
|    value_loss           | 0.0781      |
-----------------------------------------
-----------------------------------------
| rollout/                |             |
|    ep_len_mean          | 2.09e+03    |
|    ep_rew_mean          | 78.5        |
| time/                   |             |
|    fps                  | 465         |
|    iterations           | 6           |
|    time_elapsed         | 316         |
|    total_timesteps      | 147456      |
| train/                  |             |
|    approx_kl            | 0.006258995 |
|    clip_fraction        | 0.0383      |
|    clip_range           | 0.2         |
|    entropy_loss         | -2.15       |
|    explained_variance   | 0.926       |
|    learning_rate        | 0.0003      |
|    loss                 | -0.00928    |
|    n_updates            | 25          |
|    policy_gradient_loss | -0.00243    |
|    value_loss           | 0.0546      |
-----------------------------------------
----------------------------------------
| rollout/                |            |
|    ep_len_mean          | 2.08e+03   |
|    ep_rew_mean          | 78.4       |
| time/                   |            |
|    fps                  | 468        |
|    iterations           | 7          |
|    time_elapsed         | 367        |
|    total_timesteps      | 172032     |
| train/                  |            |
|    approx_kl            | 0.00777863 |
|    clip_fraction        | 0.0459     |
|    clip_range           | 0.2        |
|    entropy_loss         | -2.16      |
|    explained_variance   | 0.942      |
|    learning_rate        | 0.0003     |
|    loss                 | -0.0112    |
|    n_updates            | 30         |
|    policy_gradient_loss | -0.00259   |
|    value_loss           | 0.0553     |
----------------------------------------
-----------------------------------------
| rollout/                |             |
|    ep_len_mean          | 2.07e+03    |
|    ep_rew_mean          | 78.2        |
| time/                   |             |
|    fps                  | 459         |
|    iterations           | 8           |
|    time_elapsed         | 428         |
|    total_timesteps      | 196608      |
| train/                  |             |
|    approx_kl            | 0.009194543 |
|    clip_fraction        | 0.0636      |
|    clip_range           | 0.2         |
|    entropy_loss         | -2.15       |
|    explained_variance   | 0.959       |
|    learning_rate        | 0.0003      |
|    loss                 | -0.00786    |
|    n_updates            | 35          |
|    policy_gradient_loss | -0.00304    |
|    value_loss           | 0.0501      |
-----------------------------------------
-----------------------------------------
| rollout/                |             |
|    ep_len_mean          | 2.07e+03    |
|    ep_rew_mean          | 80.6        |
| time/                   |             |
|    fps                  | 452         |
|    iterations           | 9           |
|    time_elapsed         | 489         |
|    total_timesteps      | 221184      |
| train/                  |             |
|    approx_kl            | 0.008208993 |
|    clip_fraction        | 0.0536      |
|    clip_range           | 0.2         |
|    entropy_loss         | -2.15       |
|    explained_variance   | 0.963       |
|    learning_rate        | 0.0003      |
|    loss                 | -0.00741    |
|    n_updates            | 40          |
|    policy_gradient_loss | -0.00411    |
|    value_loss           | 0.0651      |
-----------------------------------------
-----------------------------------------
| rollout/                |             |
|    ep_len_mean          | 2.06e+03    |
|    ep_rew_mean          | 81.8        |
| time/                   |             |
|    fps                  | 444         |
|    iterations           | 10          |
|    time_elapsed         | 552         |
|    total_timesteps      | 245760      |
| train/                  |             |
|    approx_kl            | 0.006474644 |
|    clip_fraction        | 0.0229      |
|    clip_range           | 0.2         |
|    entropy_loss         | -2.14       |
|    explained_variance   | 0.976       |
|    learning_rate        | 0.0003      |
|    loss                 | -0.0158     |
|    n_updates            | 45          |
|    policy_gradient_loss | -0.0026     |
|    value_loss           | 0.0445      |
-----------------------------------------
-----------------------------------------
| rollout/                |             |
|    ep_len_mean          | 2.04e+03    |
|    ep_rew_mean          | 84.6        |
| time/                   |             |
|    fps                  | 441         |
|    iterations           | 11          |
|    time_elapsed         | 612         |
|    total_timesteps      | 270336      |
| train/                  |             |
|    approx_kl            | 0.008236288 |
|    clip_fraction        | 0.0628      |
|    clip_range           | 0.2         |
|    entropy_loss         | -2.12       |
|    explained_variance   | 0.982       |
|    learning_rate        | 0.0003      |
|    loss                 | -0.00336    |
|    n_updates            | 50          |
|    policy_gradient_loss | -0.00377    |
|    value_loss           | 0.0259      |
-----------------------------------------
------------------------------------------
| rollout/                |              |
|    ep_len_mean          | 2.01e+03     |
|    ep_rew_mean          | 87.4         |
| time/                   |              |
|    fps                  | 436          |
|    iterations           | 12           |
|    time_elapsed         | 676          |
|    total_timesteps      | 294912       |
| train/                  |              |
|    approx_kl            | 0.0069310814 |
|    clip_fraction        | 0.0387       |
|    clip_range           | 0.2          |
|    entropy_loss         | -2.12        |
|    explained_variance   | 0.987        |
|    learning_rate        | 0.0003       |
|    loss                 | -0.0111      |
|    n_updates            | 55           |
|    policy_gradient_loss | -0.00304     |
|    value_loss           | 0.031        |
------------------------------------------
-----------------------------------------
| rollout/                |             |
|    ep_len_mean          | 1.98e+03    |
|    ep_rew_mean          | 88.9        |
| time/                   |             |
|    fps                  | 432         |
|    iterations           | 13          |
|    time_elapsed         | 738         |
|    total_timesteps      | 319488      |
| train/                  |             |
|    approx_kl            | 0.007949716 |
|    clip_fraction        | 0.0669      |
|    clip_range           | 0.2         |
|    entropy_loss         | -2.11       |
|    explained_variance   | 0.989       |
|    learning_rate        | 0.0003      |
|    loss                 | -0.0203     |
|    n_updates            | 60          |
|    policy_gradient_loss | -0.00516    |
|    value_loss           | 0.0165      |
-----------------------------------------
-----------------------------------------
| rollout/                |             |
|    ep_len_mean          | 1.97e+03    |
|    ep_rew_mean          | 92.5        |
| time/                   |             |
|    fps                  | 427         |
|    iterations           | 14          |
|    time_elapsed         | 804         |
|    total_timesteps      | 344064      |
| train/                  |             |
|    approx_kl            | 0.008078403 |
|    clip_fraction        | 0.0486      |
|    clip_range           | 0.2         |
|    entropy_loss         | -2.1        |
|    explained_variance   | 0.988       |
|    learning_rate        | 0.0003      |
|    loss                 | -0.00799    |
|    n_updates            | 65          |
|    policy_gradient_loss | -0.00421    |
|    value_loss           | 0.0351      |
-----------------------------------------
------------------------------------------
| rollout/                |              |
|    ep_len_mean          | 1.96e+03     |
|    ep_rew_mean          | 95           |
| time/                   |              |
|    fps                  | 422          |
|    iterations           | 15           |
|    time_elapsed         | 873          |
|    total_timesteps      | 368640       |
| train/                  |              |
|    approx_kl            | 0.0087450715 |
|    clip_fraction        | 0.0747       |
|    clip_range           | 0.2          |
|    entropy_loss         | -2.09        |
|    explained_variance   | 0.99         |
|    learning_rate        | 0.0003       |
|    loss                 | -0.023       |
|    n_updates            | 70           |
|    policy_gradient_loss | -0.00542     |
|    value_loss           | 0.0175       |
------------------------------------------
-----------------------------------------
| rollout/                |             |
|    ep_len_mean          | 1.95e+03    |
|    ep_rew_mean          | 96.9        |
| time/                   |             |
|    fps                  | 417         |
|    iterations           | 16          |
|    time_elapsed         | 941         |
|    total_timesteps      | 393216      |
| train/                  |             |
|    approx_kl            | 0.009342603 |
|    clip_fraction        | 0.0675      |
|    clip_range           | 0.2         |
|    entropy_loss         | -2.09       |
|    explained_variance   | 0.994       |
|    learning_rate        | 0.0003      |
|    loss                 | -0.0227     |
|    n_updates            | 75          |
|    policy_gradient_loss | -0.0057     |
|    value_loss           | 0.0105      |
-----------------------------------------
------------------------------------------
| rollout/                |              |
|    ep_len_mean          | 1.92e+03     |
|    ep_rew_mean          | 98.1         |
| time/                   |              |
|    fps                  | 413          |
|    iterations           | 17           |
|    time_elapsed         | 1011         |
|    total_timesteps      | 417792       |
| train/                  |              |
|    approx_kl            | 0.0085618505 |
|    clip_fraction        | 0.0641       |
|    clip_range           | 0.2          |
|    entropy_loss         | -2.07        |
|    explained_variance   | 0.995        |
|    learning_rate        | 0.0003       |
|    loss                 | -0.0326      |
|    n_updates            | 80           |
|    policy_gradient_loss | -0.00567     |
|    value_loss           | 0.0139       |
------------------------------------------
-----------------------------------------
| rollout/                |             |
|    ep_len_mean          | 1.91e+03    |
|    ep_rew_mean          | 99.4        |
| time/                   |             |
|    fps                  | 409         |
|    iterations           | 18          |
|    time_elapsed         | 1080        |
|    total_timesteps      | 442368      |
| train/                  |             |
|    approx_kl            | 0.008480761 |
|    clip_fraction        | 0.0714      |
|    clip_range           | 0.2         |
|    entropy_loss         | -2.05       |
|    explained_variance   | 0.997       |
|    learning_rate        | 0.0003      |
|    loss                 | -0.0283     |
|    n_updates            | 85          |
|    policy_gradient_loss | -0.00641    |
|    value_loss           | 0.00652     |
-----------------------------------------
-----------------------------------------
| rollout/                |             |
|    ep_len_mean          | 1.9e+03     |
|    ep_rew_mean          | 101         |
| time/                   |             |
|    fps                  | 406         |
|    iterations           | 19          |
|    time_elapsed         | 1149        |
|    total_timesteps      | 466944      |
| train/                  |             |
|    approx_kl            | 0.007352531 |
|    clip_fraction        | 0.0786      |
|    clip_range           | 0.2         |
|    entropy_loss         | -2.04       |
|    explained_variance   | 0.998       |
|    learning_rate        | 0.0003      |
|    loss                 | -0.0287     |
|    n_updates            | 90          |
|    policy_gradient_loss | -0.00606    |
|    value_loss           | 0.00583     |
-----------------------------------------
-----------------------------------------
| rollout/                |             |
|    ep_len_mean          | 1.9e+03     |
|    ep_rew_mean          | 101         |
| time/                   |             |
|    fps                  | 403         |
|    iterations           | 20          |
|    time_elapsed         | 1219        |
|    total_timesteps      | 491520      |
| train/                  |             |
|    approx_kl            | 0.011408311 |
|    clip_fraction        | 0.107       |
|    clip_range           | 0.2         |
|    entropy_loss         | -2.04       |
|    explained_variance   | 0.998       |
|    learning_rate        | 0.0003      |
|    loss                 | -0.014      |
|    n_updates            | 95          |
|    policy_gradient_loss | -0.00792    |
|    value_loss           | 0.00515     |
-----------------------------------------
[Checkpoint] Saved at 500000 steps > /home/runner/work/Disciples2-RL/Disciples2-RL/github_experiments/124/builder/build_all/seed124-builder-build_all-31111523222-1/checkpoints/campaign_ppo_step_500000.zip
-----------------------------------------
| rollout/                |             |
|    ep_len_mean          | 1.89e+03    |
|    ep_rew_mean          | 102         |
| time/                   |             |
|    fps                  | 399         |
|    iterations           | 21          |
|    time_elapsed         | 1290        |
|    total_timesteps      | 516096      |
| train/                  |             |
|    approx_kl            | 0.008294024 |
|    clip_fraction        | 0.084       |
|    clip_range           | 0.2         |
|    entropy_loss         | -2.05       |
|    explained_variance   | 0.998       |
|    learning_rate        | 0.0003      |
|    loss                 | -0.0163     |
|    n_updates            | 100         |
|    policy_gradient_loss | -0.00678    |
|    value_loss           | 0.00437     |
-----------------------------------------
-----------------------------------------
| rollout/                |             |
|    ep_len_mean          | 1.88e+03    |
|    ep_rew_mean          | 103         |
| time/                   |             |
|    fps                  | 397         |
|    iterations           | 22          |
|    time_elapsed         | 1361        |
|    total_timesteps      | 540672      |
| train/                  |             |
|    approx_kl            | 0.009728962 |
|    clip_fraction        | 0.0945      |
|    clip_range           | 0.2         |
|    entropy_loss         | -2.05       |
|    explained_variance   | 0.999       |
|    learning_rate        | 0.0003      |
|    loss                 | -0.04       |
|    n_updates            | 105         |
|    policy_gradient_loss | -0.00681    |
|    value_loss           | 0.00424     |
-----------------------------------------
-----------------------------------------
| rollout/                |             |
|    ep_len_mean          | 1.88e+03    |
|    ep_rew_mean          | 104         |
| time/                   |             |
|    fps                  | 395         |
|    iterations           | 23          |
|    time_elapsed         | 1430        |
|    total_timesteps      | 565248      |
| train/                  |             |
|    approx_kl            | 0.008451558 |
|    clip_fraction        | 0.0762      |
|    clip_range           | 0.2         |
|    entropy_loss         | -2.05       |
|    explained_variance   | 0.998       |
|    learning_rate        | 0.0003      |
|    loss                 | -0.021      |
|    n_updates            | 110         |
|    policy_gradient_loss | -0.00523    |
|    value_loss           | 0.00381     |
-----------------------------------------
-----------------------------------------
| rollout/                |             |
|    ep_len_mean          | 1.87e+03    |
|    ep_rew_mean          | 105         |
| time/                   |             |
|    fps                  | 393         |
|    iterations           | 24          |
|    time_elapsed         | 1498        |
|    total_timesteps      | 589824      |
| train/                  |             |
|    approx_kl            | 0.008187302 |
|    clip_fraction        | 0.0757      |
|    clip_range           | 0.2         |
|    entropy_loss         | -2.03       |
|    explained_variance   | 0.998       |
|    learning_rate        | 0.0003      |
|    loss                 | -0.0256     |
|    n_updates            | 115         |
|    policy_gradient_loss | -0.00533    |
|    value_loss           | 0.00442     |
-----------------------------------------
-----------------------------------------
| rollout/                |             |
|    ep_len_mean          | 1.88e+03    |
|    ep_rew_mean          | 105         |
| time/                   |             |
|    fps                  | 392         |
|    iterations           | 25          |
|    time_elapsed         | 1566        |
|    total_timesteps      | 614400      |
| train/                  |             |
|    approx_kl            | 0.008846932 |
|    clip_fraction        | 0.0837      |
|    clip_range           | 0.2         |
|    entropy_loss         | -2.02       |
|    explained_variance   | 0.999       |
|    learning_rate        | 0.0003      |
|    loss                 | -0.0242     |
|    n_updates            | 120         |
|    policy_gradient_loss | -0.00586    |
|    value_loss           | 0.00418     |
-----------------------------------------
-----------------------------------------
| rollout/                |             |
|    ep_len_mean          | 1.88e+03    |
|    ep_rew_mean          | 106         |
| time/                   |             |
|    fps                  | 390         |
|    iterations           | 26          |
|    time_elapsed         | 1634        |
|    total_timesteps      | 638976      |
| train/                  |             |
|    approx_kl            | 0.010089826 |
|    clip_fraction        | 0.0877      |
|    clip_range           | 0.2         |
|    entropy_loss         | -2.02       |
|    explained_variance   | 0.998       |
|    learning_rate        | 0.0003      |
|    loss                 | -0.0308     |
|    n_updates            | 125         |
|    policy_gradient_loss | -0.00659    |
|    value_loss           | 0.00372     |
-----------------------------------------
------------------------------------------
| rollout/                |              |
|    ep_len_mean          | 1.88e+03     |
|    ep_rew_mean          | 106          |
| time/                   |              |
|    fps                  | 389          |
|    iterations           | 27           |
|    time_elapsed         | 1702         |
|    total_timesteps      | 663552       |
| train/                  |              |
|    approx_kl            | 0.0075418316 |
|    clip_fraction        | 0.069        |
|    clip_range           | 0.2          |
|    entropy_loss         | -2.05        |
|    explained_variance   | 0.998        |
|    learning_rate        | 0.0003       |
|    loss                 | -0.0241      |
|    n_updates            | 130          |
|    policy_gradient_loss | -0.00568     |
|    value_loss           | 0.00446      |
------------------------------------------
-----------------------------------------
| rollout/                |             |
|    ep_len_mean          | 1.89e+03    |
|    ep_rew_mean          | 106         |
| time/                   |             |
|    fps                  | 388         |
|    iterations           | 28          |
|    time_elapsed         | 1770        |
|    total_timesteps      | 688128      |
| train/                  |             |
|    approx_kl            | 0.009198966 |
|    clip_fraction        | 0.0832      |
|    clip_range           | 0.2         |
|    entropy_loss         | -2.04       |
|    explained_variance   | 0.998       |
|    learning_rate        | 0.0003      |
|    loss                 | -0.025      |
|    n_updates            | 135         |
|    policy_gradient_loss | -0.00647    |
|    value_loss           | 0.00336     |
-----------------------------------------
-----------------------------------------
| rollout/                |             |
|    ep_len_mean          | 1.89e+03    |
|    ep_rew_mean          | 106         |
| time/                   |             |
|    fps                  | 387         |
|    iterations           | 29          |
|    time_elapsed         | 1840        |
|    total_timesteps      | 712704      |
| train/                  |             |
|    approx_kl            | 0.009415095 |
|    clip_fraction        | 0.0807      |
|    clip_range           | 0.2         |
|    entropy_loss         | -2.04       |
|    explained_variance   | 0.999       |
|    learning_rate        | 0.0003      |
|    loss                 | -0.0264     |
|    n_updates            | 140         |
|    policy_gradient_loss | -0.00642    |
|    value_loss           | 0.00335     |
-----------------------------------------
-----------------------------------------
| rollout/                |             |
|    ep_len_mean          | 1.89e+03    |
|    ep_rew_mean          | 105         |
| time/                   |             |
|    fps                  | 385         |
|    iterations           | 30          |
|    time_elapsed         | 1914        |
|    total_timesteps      | 737280      |
| train/                  |             |
|    approx_kl            | 0.009170863 |
|    clip_fraction        | 0.0778      |
|    clip_range           | 0.2         |
|    entropy_loss         | -2.05       |
|    explained_variance   | 0.998       |
|    learning_rate        | 0.0003      |
|    loss                 | -0.0267     |
|    n_updates            | 145         |
|    policy_gradient_loss | -0.00593    |
|    value_loss           | 0.0037      |
-----------------------------------------
-----------------------------------------
| rollout/                |             |
|    ep_len_mean          | 1.89e+03    |
|    ep_rew_mean          | 106         |
| time/                   |             |
|    fps                  | 383         |
|    iterations           | 31          |
|    time_elapsed         | 1985        |
|    total_timesteps      | 761856      |
| train/                  |             |
|    approx_kl            | 0.008854782 |
|    clip_fraction        | 0.0722      |
|    clip_range           | 0.2         |
|    entropy_loss         | -2.06       |
|    explained_variance   | 0.999       |
|    learning_rate        | 0.0003      |
|    loss                 | -0.0205     |
|    n_updates            | 150         |
|    policy_gradient_loss | -0.00576    |
|    value_loss           | 0.00296     |
-----------------------------------------
------------------------------------------
| rollout/                |              |
|    ep_len_mean          | 1.9e+03      |
|    ep_rew_mean          | 106          |
| time/                   |              |
|    fps                  | 381          |
|    iterations           | 32           |
|    time_elapsed         | 2060         |
|    total_timesteps      | 786432       |
| train/                  |              |
|    approx_kl            | 0.0072058365 |
|    clip_fraction        | 0.0563       |
|    clip_range           | 0.2          |
|    entropy_loss         | -2.05        |
|    explained_variance   | 0.999        |
|    learning_rate        | 0.0003       |
|    loss                 | -0.0265      |
|    n_updates            | 155          |
|    policy_gradient_loss | -0.00421     |
|    value_loss           | 0.00378      |
------------------------------------------
-----------------------------------------
| rollout/                |             |
|    ep_len_mean          | 1.9e+03     |
|    ep_rew_mean          | 107         |
| time/                   |             |
|    fps                  | 379         |
|    iterations           | 33          |
|    time_elapsed         | 2134        |
|    total_timesteps      | 811008      |
| train/                  |             |
|    approx_kl            | 0.009233313 |
|    clip_fraction        | 0.0684      |
|    clip_range           | 0.2         |
|    entropy_loss         | -2.05       |
|    explained_variance   | 0.999       |
|    learning_rate        | 0.0003      |
|    loss                 | -0.0303     |
|    n_updates            | 160         |
|    policy_gradient_loss | -0.0044     |
|    value_loss           | 0.00345     |
-----------------------------------------
-----------------------------------------
| rollout/                |             |
|    ep_len_mean          | 1.91e+03    |
|    ep_rew_mean          | 106         |
| time/                   |             |
|    fps                  | 378         |
|    iterations           | 34          |
|    time_elapsed         | 2206        |
|    total_timesteps      | 835584      |
| train/                  |             |
|    approx_kl            | 0.007339167 |
|    clip_fraction        | 0.0515      |
|    clip_range           | 0.2         |
|    entropy_loss         | -2.04       |
|    explained_variance   | 0.999       |
|    learning_rate        | 0.0003      |
|    loss                 | -0.032      |
|    n_updates            | 165         |
|    policy_gradient_loss | -0.00369    |
|    value_loss           | 0.00383     |
-----------------------------------------
-----------------------------------------
| rollout/                |             |
|    ep_len_mean          | 1.9e+03     |
|    ep_rew_mean          | 107         |
| time/                   |             |
|    fps                  | 377         |
|    iterations           | 35          |
|    time_elapsed         | 2279        |
|    total_timesteps      | 860160      |
| train/                  |             |
|    approx_kl            | 0.007621404 |
|    clip_fraction        | 0.0648      |
|    clip_range           | 0.2         |
|    entropy_loss         | -2.03       |
|    explained_variance   | 0.999       |
|    learning_rate        | 0.0003      |
|    loss                 | -0.0232     |
|    n_updates            | 170         |
|    policy_gradient_loss | -0.00453    |
|    value_loss           | 0.00309     |
-----------------------------------------
-----------------------------------------
| rollout/                |             |
|    ep_len_mean          | 1.91e+03    |
|    ep_rew_mean          | 107         |
| time/                   |             |
|    fps                  | 376         |
|    iterations           | 36          |
|    time_elapsed         | 2351        |
|    total_timesteps      | 884736      |
| train/                  |             |
|    approx_kl            | 0.008068835 |
|    clip_fraction        | 0.0698      |
|    clip_range           | 0.2         |
|    entropy_loss         | -2.03       |
|    explained_variance   | 0.999       |
|    learning_rate        | 0.0003      |
|    loss                 | -0.0288     |
|    n_updates            | 175         |
|    policy_gradient_loss | -0.00489    |
|    value_loss           | 0.00298     |
-----------------------------------------
-----------------------------------------
| rollout/                |             |
|    ep_len_mean          | 1.9e+03     |
|    ep_rew_mean          | 107         |
| time/                   |             |
|    fps                  | 375         |
|    iterations           | 37          |
|    time_elapsed         | 2421        |
|    total_timesteps      | 909312      |
| train/                  |             |
|    approx_kl            | 0.006991904 |
|    clip_fraction        | 0.074       |
|    clip_range           | 0.2         |
|    entropy_loss         | -2.01       |
|    explained_variance   | 0.999       |
|    learning_rate        | 0.0003      |
|    loss                 | -0.0185     |
|    n_updates            | 180         |
|    policy_gradient_loss | -0.00605    |
|    value_loss           | 0.00319     |
-----------------------------------------
------------------------------------------
| rollout/                |              |
|    ep_len_mean          | 1.9e+03      |
|    ep_rew_mean          | 108          |
| time/                   |              |
|    fps                  | 375          |
|    iterations           | 38           |
|    time_elapsed         | 2490         |
|    total_timesteps      | 933888       |
| train/                  |              |
|    approx_kl            | 0.0076565105 |
|    clip_fraction        | 0.0638       |
|    clip_range           | 0.2          |
|    entropy_loss         | -2.04        |
|    explained_variance   | 0.999        |
|    learning_rate        | 0.0003       |
|    loss                 | -0.0242      |
|    n_updates            | 185          |
|    policy_gradient_loss | -0.00507     |
|    value_loss           | 0.00268      |
------------------------------------------
------------------------------------------
| rollout/                |              |
|    ep_len_mean          | 1.9e+03      |
|    ep_rew_mean          | 108          |
| time/                   |              |
|    fps                  | 374          |
|    iterations           | 39           |
|    time_elapsed         | 2559         |
|    total_timesteps      | 958464       |
| train/                  |              |
|    approx_kl            | 0.0067869946 |
|    clip_fraction        | 0.0531       |
|    clip_range           | 0.2          |
|    entropy_loss         | -2.04        |
|    explained_variance   | 0.999        |
|    learning_rate        | 0.0003       |
|    loss                 | -0.0225      |
|    n_updates            | 190          |
|    policy_gradient_loss | -0.00358     |
|    value_loss           | 0.0041       |
------------------------------------------
-----------------------------------------
| rollout/                |             |
|    ep_len_mean          | 1.89e+03    |
|    ep_rew_mean          | 108         |
| time/                   |             |
|    fps                  | 374         |
|    iterations           | 40          |
|    time_elapsed         | 2627        |
|    total_timesteps      | 983040      |
| train/                  |             |
|    approx_kl            | 0.007394643 |
|    clip_fraction        | 0.0634      |
|    clip_range           | 0.2         |
|    entropy_loss         | -2.04       |
|    explained_variance   | 0.999       |
|    learning_rate        | 0.0003      |
|    loss                 | -0.0239     |
|    n_updates            | 195         |
|    policy_gradient_loss | -0.00395    |
|    value_loss           | 0.00261     |
-----------------------------------------
[Checkpoint] Saved at 1000000 steps > /home/runner/work/Disciples2-RL/Disciples2-RL/github_experiments/124/builder/build_all/seed124-builder-build_all-31111523222-1/checkpoints/campaign_ppo_step_1000000.zip
Eval num_timesteps=1000008, det_reward=70.19 +/- 0.00
Episode length: det=1858.20 +/- 0.40
Victory rate: det=100.00%
-------------------------------------------------
| eval/                           |             |
|    deterministic_mean_ep_length | 1.86e+03    |
|    deterministic_mean_reward    | 70.2        |
|    deterministic_victory_rate   | 1           |
|    mean_ep_length               | 1.86e+03    |
|    mean_reward                  | 70.2        |
|    victory_rate                 | 1           |
| time/                           |             |
|    total_timesteps              | 1000008     |
| train/                          |             |
|    approx_kl                    | 0.009426784 |
|    clip_fraction                | 0.0795      |
|    clip_range                   | 0.2         |
|    entropy_loss                 | -2.05       |
|    explained_variance           | 0.999       |
|    learning_rate                | 0.0003      |
|    loss                         | -0.0318     |
|    n_updates                    | 200         |
|    policy_gradient_loss         | -0.00559    |
|    value_loss                   | 0.00266     |
-------------------------------------------------
New best model by deterministic victory rate!
---------------------------------
| rollout/           |          |
|    ep_len_mean     | 1.88e+03 |
|    ep_rew_mean     | 109      |
| time/              |          |
|    fps             | 352      |
|    iterations      | 41       |
|    time_elapsed    | 2855     |
|    total_timesteps | 1007616  |
---------------------------------
VecNormalize stats saved: /home/runner/work/Disciples2-RL/Disciples2-RL/github_experiments/124/builder/build_all/seed124-builder-build_all-31111523222-1/models/vecnormalize.pkl

Финальная модель сохранена: /home/runner/work/Disciples2-RL/Disciples2-RL/github_experiments/124/builder/build_all/seed124-builder-build_all-31111523222-1/models/final_model.zip

============================================================
ИТОГИ ОБУЧЕНИЯ:
  Побед: 515
  Поражений: 0
  Таймаутов: 0
  Побед бота столицы над врагами: 0
  Перестановок юнитов: 211849
  Winrate: 100.0%
============================================================
  График призывов за эпизод: /home/runner/work/Disciples2-RL/Disciples2-RL/github_experiments/124/builder/build_all/seed124-builder-build_all-31111523222-1/plots/campaign_summoned_units_per_episode.png
  График призывов за всё обучение: /home/runner/work/Disciples2-RL/Disciples2-RL/github_experiments/124/builder/build_all/seed124-builder-build_all-31111523222-1/plots/campaign_summoned_units_cumulative.png
  График найма за эпизод: /home/runner/work/Disciples2-RL/Disciples2-RL/github_experiments/124/builder/build_all/seed124-builder-build_all-31111523222-1/plots/campaign_hired_units_per_episode.png
  График найма за всё обучение: /home/runner/work/Disciples2-RL/Disciples2-RL/github_experiments/124/builder/build_all/seed124-builder-build_all-31111523222-1/plots/campaign_hired_units_cumulative.png
  График перестановок юнитов за эпизод: /home/runner/work/Disciples2-RL/Disciples2-RL/github_experiments/124/builder/build_all/seed124-builder-build_all-31111523222-1/plots/campaign_unit_swaps_per_episode.png
  График боевых предметов: /home/runner/work/Disciples2-RL/Disciples2-RL/github_experiments/124/builder/build_all/seed124-builder-build_all-31111523222-1/plots/campaign_battle_item_activity.png
  График побед бота столицы за эпизод: /home/runner/work/Disciples2-RL/Disciples2-RL/github_experiments/124/builder/build_all/seed124-builder-build_all-31111523222-1/plots/campaign_scripted_bot_victories_per_episode.png
  График применения заклинаний: /home/runner/work/Disciples2-RL/Disciples2-RL/github_experiments/124/builder/build_all/seed124-builder-build_all-31111523222-1/plots/campaign_spell_cast_activity.png
