Проверка среды CampaignEnv...
Среда прошла проверку!
[INFO] Comet disabled, running without experiment tracking
Создание 12 параллельных сред (subproc)...
Инициализация MaskablePPO...
Using cpu device

============================================================
Запуск обучения Campaign Agent
Всего шагов: 1,000,000
Параллельных сред: 12
VecEnv: subproc
VecEnv start method: forkserver
Seed: 136
Checkpoint каждые: 500,000 шагов
Evaluation каждые: 83,334 шагов
Eval deterministic эпизодов: 20
Eval stochastic эпизодов: 0
Eval лимит шагов на эпизод: 5000
Campaign map: green_dragon_minimal
Campaign objective: dragon
System resources at training start:
  Platform: Linux 6.17.0-1022-azure (x86_64)
  Python: 3.14.7
  PyTorch: 2.14.0+cpu
  Training device: cpu
  CPU model: AMD EPYC 9V74 80-Core Processor
  CPU vendor: AuthenticAMD
  Logical CPUs visible: 4
  Process CPU affinity: 4
  Sockets: 1
  Cores per socket: 2
  Threads per core: 2
  CPU max MHz: unknown
  CPU min MHz: unknown
  L1d cache: 64 KiB (2 instances)
  L1i cache: 64 KiB (2 instances)
  L2 cache: 2 MiB (2 instances)
  L3 cache: 32 MiB (1 instance)
  Virtualization: AMD-V
  Hypervisor: Microsoft
  RAM total: 15.61 GiB
  RAM available at start: 13.87 GiB
  Disk total: 144.26 GiB
  Disk free at start: 75.23 GiB
  Torch intra-op threads: 4
  Torch inter-op threads: 2
  OMP_NUM_THREADS: 4
  MKL_NUM_THREADS: 4
  OPENBLAS_NUM_THREADS: 4
  GitHub runner OS: Linux
  GitHub runner architecture: X64
  GitHub runner environment: github-hosted
PPO n_steps: 2,048
PPO batch_size: 512
PPO n_epochs: 5
PPO learning_rate: 0.0003
PPO clip_range: 0.2
PPO ent_coef: 0.01
PPO gamma: 0.995
PPO gae_lambda: 0.95
PPO target_kl: disabled
PPO gradient batches per rollout: 240
VecCheckNan: disabled
Freeze action layout: enabled
Empire territory: enabled
Torch threads per process: 4
Diagnostics: disabled
Wall-clock training limit: disabled
Run ID: seed136-green_dragon_minimal-green_dragon-34724369630-1
============================================================

Logging to /home/runner/work/Disciples2-RL/Disciples2-RL/github_experiments/136/green_dragon_minimal/green_dragon/seed136-green_dragon_minimal-green_dragon-34724369630-1/tensorboard/MaskablePPO_1
---------------------------------
| rollout/           |          |
|    ep_len_mean     | 184      |
|    ep_rew_mean     | -7.38    |
| time/              |          |
|    fps             | 620      |
|    iterations      | 1        |
|    time_elapsed    | 39       |
|    total_timesteps | 24576    |
---------------------------------
------------------------------------------
| rollout/                |              |
|    ep_len_mean          | 284          |
|    ep_rew_mean          | -11.2        |
| time/                   |              |
|    fps                  | 575          |
|    iterations           | 2            |
|    time_elapsed         | 85           |
|    total_timesteps      | 49152        |
| train/                  |              |
|    approx_kl            | 0.0105645405 |
|    clip_fraction        | 0.0842       |
|    clip_range           | 0.2          |
|    entropy_loss         | -2.18        |
|    explained_variance   | 0.0487       |
|    learning_rate        | 0.0003       |
|    loss                 | 0.144        |
|    n_updates            | 5            |
|    policy_gradient_loss | -0.00806     |
|    value_loss           | 0.382        |
------------------------------------------
----------------------------------------
| rollout/                |            |
|    ep_len_mean          | 412        |
|    ep_rew_mean          | -17        |
| time/                   |            |
|    fps                  | 549        |
|    iterations           | 3          |
|    time_elapsed         | 134        |
|    total_timesteps      | 73728      |
| train/                  |            |
|    approx_kl            | 0.01126808 |
|    clip_fraction        | 0.107      |
|    clip_range           | 0.2        |
|    entropy_loss         | -2.15      |
|    explained_variance   | 0.594      |
|    learning_rate        | 0.0003     |
|    loss                 | -0.00449   |
|    n_updates            | 10         |
|    policy_gradient_loss | -0.00847   |
|    value_loss           | 0.0934     |
----------------------------------------
-----------------------------------------
| rollout/                |             |
|    ep_len_mean          | 627         |
|    ep_rew_mean          | -34.1       |
| time/                   |             |
|    fps                  | 541         |
|    iterations           | 4           |
|    time_elapsed         | 181         |
|    total_timesteps      | 98304       |
| train/                  |             |
|    approx_kl            | 0.009518486 |
|    clip_fraction        | 0.0798      |
|    clip_range           | 0.2         |
|    entropy_loss         | -2.11       |
|    explained_variance   | 0.906       |
|    learning_rate        | 0.0003      |
|    loss                 | -0.0341     |
|    n_updates            | 15          |
|    policy_gradient_loss | -0.00644    |
|    value_loss           | 0.0156      |
-----------------------------------------
-----------------------------------------
| rollout/                |             |
|    ep_len_mean          | 873         |
|    ep_rew_mean          | -48         |
| time/                   |             |
|    fps                  | 538         |
|    iterations           | 5           |
|    time_elapsed         | 228         |
|    total_timesteps      | 122880      |
| train/                  |             |
|    approx_kl            | 0.009154867 |
|    clip_fraction        | 0.0797      |
|    clip_range           | 0.2         |
|    entropy_loss         | -2.11       |
|    explained_variance   | 0.956       |
|    learning_rate        | 0.0003      |
|    loss                 | -0.0233     |
|    n_updates            | 20          |
|    policy_gradient_loss | -0.00667    |
|    value_loss           | 0.00924     |
-----------------------------------------
------------------------------------------
| rollout/                |              |
|    ep_len_mean          | 1.03e+03     |
|    ep_rew_mean          | -54.4        |
| time/                   |              |
|    fps                  | 539          |
|    iterations           | 6            |
|    time_elapsed         | 273          |
|    total_timesteps      | 147456       |
| train/                  |              |
|    approx_kl            | 0.0103746075 |
|    clip_fraction        | 0.118        |
|    clip_range           | 0.2          |
|    entropy_loss         | -2.04        |
|    explained_variance   | 0.928        |
|    learning_rate        | 0.0003       |
|    loss                 | -0.0136      |
|    n_updates            | 25           |
|    policy_gradient_loss | -0.00857     |
|    value_loss           | 0.00802      |
------------------------------------------
-----------------------------------------
| rollout/                |             |
|    ep_len_mean          | 835         |
|    ep_rew_mean          | -30.3       |
| time/                   |             |
|    fps                  | 541         |
|    iterations           | 7           |
|    time_elapsed         | 317         |
|    total_timesteps      | 172032      |
| train/                  |             |
|    approx_kl            | 0.013427347 |
|    clip_fraction        | 0.154       |
|    clip_range           | 0.2         |
|    entropy_loss         | -2.02       |
|    explained_variance   | 0.777       |
|    learning_rate        | 0.0003      |
|    loss                 | -0.033      |
|    n_updates            | 30          |
|    policy_gradient_loss | -0.00957    |
|    value_loss           | 0.00906     |
-----------------------------------------
-----------------------------------------
| rollout/                |             |
|    ep_len_mean          | 402         |
|    ep_rew_mean          | -3.48       |
| time/                   |             |
|    fps                  | 542         |
|    iterations           | 8           |
|    time_elapsed         | 362         |
|    total_timesteps      | 196608      |
| train/                  |             |
|    approx_kl            | 0.011534293 |
|    clip_fraction        | 0.154       |
|    clip_range           | 0.2         |
|    entropy_loss         | -2.02       |
|    explained_variance   | 0.715       |
|    learning_rate        | 0.0003      |
|    loss                 | -0.0155     |
|    n_updates            | 35          |
|    policy_gradient_loss | -0.0099     |
|    value_loss           | 0.0158      |
-----------------------------------------
-----------------------------------------
| rollout/                |             |
|    ep_len_mean          | 301         |
|    ep_rew_mean          | 0.434       |
| time/                   |             |
|    fps                  | 544         |
|    iterations           | 9           |
|    time_elapsed         | 406         |
|    total_timesteps      | 221184      |
| train/                  |             |
|    approx_kl            | 0.011624648 |
|    clip_fraction        | 0.167       |
|    clip_range           | 0.2         |
|    entropy_loss         | -2          |
|    explained_variance   | 0.707       |
|    learning_rate        | 0.0003      |
|    loss                 | -0.0159     |
|    n_updates            | 40          |
|    policy_gradient_loss | -0.0117     |
|    value_loss           | 0.0237      |
-----------------------------------------
-----------------------------------------
| rollout/                |             |
|    ep_len_mean          | 182         |
|    ep_rew_mean          | 5.27        |
| time/                   |             |
|    fps                  | 544         |
|    iterations           | 10          |
|    time_elapsed         | 451         |
|    total_timesteps      | 245760      |
| train/                  |             |
|    approx_kl            | 0.011800639 |
|    clip_fraction        | 0.154       |
|    clip_range           | 0.2         |
|    entropy_loss         | -1.95       |
|    explained_variance   | 0.837       |
|    learning_rate        | 0.0003      |
|    loss                 | -0.0247     |
|    n_updates            | 45          |
|    policy_gradient_loss | -0.0102     |
|    value_loss           | 0.0234      |
-----------------------------------------
----------------------------------------
| rollout/                |            |
|    ep_len_mean          | 174        |
|    ep_rew_mean          | 8.66       |
| time/                   |            |
|    fps                  | 542        |
|    iterations           | 11         |
|    time_elapsed         | 498        |
|    total_timesteps      | 270336     |
| train/                  |            |
|    approx_kl            | 0.01022981 |
|    clip_fraction        | 0.127      |
|    clip_range           | 0.2        |
|    entropy_loss         | -1.91      |
|    explained_variance   | 0.85       |
|    learning_rate        | 0.0003     |
|    loss                 | -0.0197    |
|    n_updates            | 50         |
|    policy_gradient_loss | -0.00983   |
|    value_loss           | 0.0272     |
----------------------------------------
----------------------------------------
| rollout/                |            |
|    ep_len_mean          | 133        |
|    ep_rew_mean          | 7.97       |
| time/                   |            |
|    fps                  | 544        |
|    iterations           | 12         |
|    time_elapsed         | 541        |
|    total_timesteps      | 294912     |
| train/                  |            |
|    approx_kl            | 0.00933116 |
|    clip_fraction        | 0.104      |
|    clip_range           | 0.2        |
|    entropy_loss         | -1.86      |
|    explained_variance   | 0.85       |
|    learning_rate        | 0.0003     |
|    loss                 | -0.0126    |
|    n_updates            | 55         |
|    policy_gradient_loss | -0.00824   |
|    value_loss           | 0.0313     |
----------------------------------------
-----------------------------------------
| rollout/                |             |
|    ep_len_mean          | 143         |
|    ep_rew_mean          | 10.7        |
| time/                   |             |
|    fps                  | 547         |
|    iterations           | 13          |
|    time_elapsed         | 583         |
|    total_timesteps      | 319488      |
| train/                  |             |
|    approx_kl            | 0.008740366 |
|    clip_fraction        | 0.0823      |
|    clip_range           | 0.2         |
|    entropy_loss         | -1.75       |
|    explained_variance   | 0.844       |
|    learning_rate        | 0.0003      |
|    loss                 | -0.0132     |
|    n_updates            | 60          |
|    policy_gradient_loss | -0.00681    |
|    value_loss           | 0.0422      |
-----------------------------------------
-----------------------------------------
| rollout/                |             |
|    ep_len_mean          | 129         |
|    ep_rew_mean          | 11.9        |
| time/                   |             |
|    fps                  | 550         |
|    iterations           | 14          |
|    time_elapsed         | 624         |
|    total_timesteps      | 344064      |
| train/                  |             |
|    approx_kl            | 0.007418584 |
|    clip_fraction        | 0.0702      |
|    clip_range           | 0.2         |
|    entropy_loss         | -1.7        |
|    explained_variance   | 0.861       |
|    learning_rate        | 0.0003      |
|    loss                 | -0.00126    |
|    n_updates            | 65          |
|    policy_gradient_loss | -0.00658    |
|    value_loss           | 0.0384      |
-----------------------------------------
-----------------------------------------
| rollout/                |             |
|    ep_len_mean          | 136         |
|    ep_rew_mean          | 12.8        |
| time/                   |             |
|    fps                  | 552         |
|    iterations           | 15          |
|    time_elapsed         | 667         |
|    total_timesteps      | 368640      |
| train/                  |             |
|    approx_kl            | 0.007498953 |
|    clip_fraction        | 0.0794      |
|    clip_range           | 0.2         |
|    entropy_loss         | -1.63       |
|    explained_variance   | 0.851       |
|    learning_rate        | 0.0003      |
|    loss                 | 0.00348     |
|    n_updates            | 70          |
|    policy_gradient_loss | -0.00668    |
|    value_loss           | 0.0442      |
-----------------------------------------
-----------------------------------------
| rollout/                |             |
|    ep_len_mean          | 170         |
|    ep_rew_mean          | 14.6        |
| time/                   |             |
|    fps                  | 553         |
|    iterations           | 16          |
|    time_elapsed         | 710         |
|    total_timesteps      | 393216      |
| train/                  |             |
|    approx_kl            | 0.007535146 |
|    clip_fraction        | 0.0817      |
|    clip_range           | 0.2         |
|    entropy_loss         | -1.64       |
|    explained_variance   | 0.878       |
|    learning_rate        | 0.0003      |
|    loss                 | -0.00439    |
|    n_updates            | 75          |
|    policy_gradient_loss | -0.0065     |
|    value_loss           | 0.0396      |
-----------------------------------------
------------------------------------------
| rollout/                |              |
|    ep_len_mean          | 172          |
|    ep_rew_mean          | 17.4         |
| time/                   |              |
|    fps                  | 554          |
|    iterations           | 17           |
|    time_elapsed         | 752          |
|    total_timesteps      | 417792       |
| train/                  |              |
|    approx_kl            | 0.0077917627 |
|    clip_fraction        | 0.08         |
|    clip_range           | 0.2          |
|    entropy_loss         | -1.69        |
|    explained_variance   | 0.916        |
|    learning_rate        | 0.0003       |
|    loss                 | -0.0208      |
|    n_updates            | 80           |
|    policy_gradient_loss | -0.00729     |
|    value_loss           | 0.0322       |
------------------------------------------
------------------------------------------
| rollout/                |              |
|    ep_len_mean          | 168          |
|    ep_rew_mean          | 20.4         |
| time/                   |              |
|    fps                  | 556          |
|    iterations           | 18           |
|    time_elapsed         | 795          |
|    total_timesteps      | 442368       |
| train/                  |              |
|    approx_kl            | 0.0071616992 |
|    clip_fraction        | 0.0775       |
|    clip_range           | 0.2          |
|    entropy_loss         | -1.63        |
|    explained_variance   | 0.913        |
|    learning_rate        | 0.0003       |
|    loss                 | -0.0142      |
|    n_updates            | 85           |
|    policy_gradient_loss | -0.00717     |
|    value_loss           | 0.0304       |
------------------------------------------
------------------------------------------
| rollout/                |              |
|    ep_len_mean          | 178          |
|    ep_rew_mean          | 21.2         |
| time/                   |              |
|    fps                  | 557          |
|    iterations           | 19           |
|    time_elapsed         | 838          |
|    total_timesteps      | 466944       |
| train/                  |              |
|    approx_kl            | 0.0074644685 |
|    clip_fraction        | 0.0889       |
|    clip_range           | 0.2          |
|    entropy_loss         | -1.6         |
|    explained_variance   | 0.908        |
|    learning_rate        | 0.0003       |
|    loss                 | -0.00269     |
|    n_updates            | 90           |
|    policy_gradient_loss | -0.00674     |
|    value_loss           | 0.0284       |
------------------------------------------
-----------------------------------------
| rollout/                |             |
|    ep_len_mean          | 162         |
|    ep_rew_mean          | 23.1        |
| time/                   |             |
|    fps                  | 558         |
|    iterations           | 20          |
|    time_elapsed         | 879         |
|    total_timesteps      | 491520      |
| train/                  |             |
|    approx_kl            | 0.007024858 |
|    clip_fraction        | 0.0821      |
|    clip_range           | 0.2         |
|    entropy_loss         | -1.57       |
|    explained_variance   | 0.93        |
|    learning_rate        | 0.0003      |
|    loss                 | -0.0129     |
|    n_updates            | 95          |
|    policy_gradient_loss | -0.00632    |
|    value_loss           | 0.028       |
-----------------------------------------
[Checkpoint] Saved at 500000 steps > /home/runner/work/Disciples2-RL/Disciples2-RL/github_experiments/136/green_dragon_minimal/green_dragon/seed136-green_dragon_minimal-green_dragon-34724369630-1/checkpoints/campaign_ppo_step_500000.zip
------------------------------------------
| rollout/                |              |
|    ep_len_mean          | 147          |
|    ep_rew_mean          | 24.5         |
| time/                   |              |
|    fps                  | 559          |
|    iterations           | 21           |
|    time_elapsed         | 922          |
|    total_timesteps      | 516096       |
| train/                  |              |
|    approx_kl            | 0.0072963755 |
|    clip_fraction        | 0.0837       |
|    clip_range           | 0.2          |
|    entropy_loss         | -1.51        |
|    explained_variance   | 0.913        |
|    learning_rate        | 0.0003       |
|    loss                 | -0.00118     |
|    n_updates            | 100          |
|    policy_gradient_loss | -0.0064      |
|    value_loss           | 0.0297       |
------------------------------------------
-----------------------------------------
| rollout/                |             |
|    ep_len_mean          | 153         |
|    ep_rew_mean          | 26.2        |
| time/                   |             |
|    fps                  | 560         |
|    iterations           | 22          |
|    time_elapsed         | 963         |
|    total_timesteps      | 540672      |
| train/                  |             |
|    approx_kl            | 0.006837709 |
|    clip_fraction        | 0.0702      |
|    clip_range           | 0.2         |
|    entropy_loss         | -1.43       |
|    explained_variance   | 0.907       |
|    learning_rate        | 0.0003      |
|    loss                 | -0.00829    |
|    n_updates            | 105         |
|    policy_gradient_loss | -0.00546    |
|    value_loss           | 0.0311      |
-----------------------------------------
------------------------------------------
| rollout/                |              |
|    ep_len_mean          | 153          |
|    ep_rew_mean          | 25.8         |
| time/                   |              |
|    fps                  | 562          |
|    iterations           | 23           |
|    time_elapsed         | 1005         |
|    total_timesteps      | 565248       |
| train/                  |              |
|    approx_kl            | 0.0067740786 |
|    clip_fraction        | 0.0698       |
|    clip_range           | 0.2          |
|    entropy_loss         | -1.45        |
|    explained_variance   | 0.916        |
|    learning_rate        | 0.0003       |
|    loss                 | -0.0088      |
|    n_updates            | 110          |
|    policy_gradient_loss | -0.00463     |
|    value_loss           | 0.0288       |
------------------------------------------
------------------------------------------
| rollout/                |              |
|    ep_len_mean          | 155          |
|    ep_rew_mean          | 27.9         |
| time/                   |              |
|    fps                  | 563          |
|    iterations           | 24           |
|    time_elapsed         | 1046         |
|    total_timesteps      | 589824       |
| train/                  |              |
|    approx_kl            | 0.0069431947 |
|    clip_fraction        | 0.0733       |
|    clip_range           | 0.2          |
|    entropy_loss         | -1.4         |
|    explained_variance   | 0.93         |
|    learning_rate        | 0.0003       |
|    loss                 | -0.00407     |
|    n_updates            | 115          |
|    policy_gradient_loss | -0.00497     |
|    value_loss           | 0.0265       |
------------------------------------------
------------------------------------------
| rollout/                |              |
|    ep_len_mean          | 156          |
|    ep_rew_mean          | 27.3         |
| time/                   |              |
|    fps                  | 564          |
|    iterations           | 25           |
|    time_elapsed         | 1088         |
|    total_timesteps      | 614400       |
| train/                  |              |
|    approx_kl            | 0.0062593147 |
|    clip_fraction        | 0.0622       |
|    clip_range           | 0.2          |
|    entropy_loss         | -1.38        |
|    explained_variance   | 0.94         |
|    learning_rate        | 0.0003       |
|    loss                 | -0.00224     |
|    n_updates            | 120          |
|    policy_gradient_loss | -0.00392     |
|    value_loss           | 0.0228       |
------------------------------------------
------------------------------------------
| rollout/                |              |
|    ep_len_mean          | 149          |
|    ep_rew_mean          | 28.4         |
| time/                   |              |
|    fps                  | 565          |
|    iterations           | 26           |
|    time_elapsed         | 1129         |
|    total_timesteps      | 638976       |
| train/                  |              |
|    approx_kl            | 0.0061068623 |
|    clip_fraction        | 0.0644       |
|    clip_range           | 0.2          |
|    entropy_loss         | -1.37        |
|    explained_variance   | 0.943        |
|    learning_rate        | 0.0003       |
|    loss                 | -0.00349     |
|    n_updates            | 125          |
|    policy_gradient_loss | -0.00309     |
|    value_loss           | 0.0242       |
------------------------------------------
-----------------------------------------
| rollout/                |             |
|    ep_len_mean          | 157         |
|    ep_rew_mean          | 31.2        |
| time/                   |             |
|    fps                  | 566         |
|    iterations           | 27          |
|    time_elapsed         | 1172        |
|    total_timesteps      | 663552      |
| train/                  |             |
|    approx_kl            | 0.006822532 |
|    clip_fraction        | 0.0721      |
|    clip_range           | 0.2         |
|    entropy_loss         | -1.33       |
|    explained_variance   | 0.943       |
|    learning_rate        | 0.0003      |
|    loss                 | -0.0008     |
|    n_updates            | 130         |
|    policy_gradient_loss | -0.00475    |
|    value_loss           | 0.0261      |
-----------------------------------------
----------------------------------------
| rollout/                |            |
|    ep_len_mean          | 162        |
|    ep_rew_mean          | 31.5       |
| time/                   |            |
|    fps                  | 567        |
|    iterations           | 28         |
|    time_elapsed         | 1213       |
|    total_timesteps      | 688128     |
| train/                  |            |
|    approx_kl            | 0.00652821 |
|    clip_fraction        | 0.061      |
|    clip_range           | 0.2        |
|    entropy_loss         | -1.34      |
|    explained_variance   | 0.946      |
|    learning_rate        | 0.0003     |
|    loss                 | -0.000893  |
|    n_updates            | 135        |
|    policy_gradient_loss | -0.00344   |
|    value_loss           | 0.0253     |
----------------------------------------
------------------------------------------
| rollout/                |              |
|    ep_len_mean          | 159          |
|    ep_rew_mean          | 31.6         |
| time/                   |              |
|    fps                  | 568          |
|    iterations           | 29           |
|    time_elapsed         | 1254         |
|    total_timesteps      | 712704       |
| train/                  |              |
|    approx_kl            | 0.0066277883 |
|    clip_fraction        | 0.0689       |
|    clip_range           | 0.2          |
|    entropy_loss         | -1.34        |
|    explained_variance   | 0.951        |
|    learning_rate        | 0.0003       |
|    loss                 | -0.00202     |
|    n_updates            | 140          |
|    policy_gradient_loss | -0.00402     |
|    value_loss           | 0.0237       |
------------------------------------------
-----------------------------------------
| rollout/                |             |
|    ep_len_mean          | 158         |
|    ep_rew_mean          | 31.4        |
| time/                   |             |
|    fps                  | 569         |
|    iterations           | 30          |
|    time_elapsed         | 1295        |
|    total_timesteps      | 737280      |
| train/                  |             |
|    approx_kl            | 0.005786369 |
|    clip_fraction        | 0.0569      |
|    clip_range           | 0.2         |
|    entropy_loss         | -1.32       |
|    explained_variance   | 0.946       |
|    learning_rate        | 0.0003      |
|    loss                 | -0.00841    |
|    n_updates            | 145         |
|    policy_gradient_loss | -0.00292    |
|    value_loss           | 0.0256      |
-----------------------------------------
-----------------------------------------
| rollout/                |             |
|    ep_len_mean          | 163         |
|    ep_rew_mean          | 31.8        |
| time/                   |             |
|    fps                  | 569         |
|    iterations           | 31          |
|    time_elapsed         | 1337        |
|    total_timesteps      | 761856      |
| train/                  |             |
|    approx_kl            | 0.007122911 |
|    clip_fraction        | 0.073       |
|    clip_range           | 0.2         |
|    entropy_loss         | -1.32       |
|    explained_variance   | 0.948       |
|    learning_rate        | 0.0003      |
|    loss                 | -0.00815    |
|    n_updates            | 150         |
|    policy_gradient_loss | -0.00408    |
|    value_loss           | 0.0255      |
-----------------------------------------
------------------------------------------
| rollout/                |              |
|    ep_len_mean          | 161          |
|    ep_rew_mean          | 33           |
| time/                   |              |
|    fps                  | 569          |
|    iterations           | 32           |
|    time_elapsed         | 1379         |
|    total_timesteps      | 786432       |
| train/                  |              |
|    approx_kl            | 0.0050621363 |
|    clip_fraction        | 0.0519       |
|    clip_range           | 0.2          |
|    entropy_loss         | -1.32        |
|    explained_variance   | 0.953        |
|    learning_rate        | 0.0003       |
|    loss                 | -0.00681     |
|    n_updates            | 155          |
|    policy_gradient_loss | -0.00351     |
|    value_loss           | 0.0244       |
------------------------------------------
-----------------------------------------
| rollout/                |             |
|    ep_len_mean          | 162         |
|    ep_rew_mean          | 33.4        |
| time/                   |             |
|    fps                  | 570         |
|    iterations           | 33          |
|    time_elapsed         | 1421        |
|    total_timesteps      | 811008      |
| train/                  |             |
|    approx_kl            | 0.006813295 |
|    clip_fraction        | 0.0687      |
|    clip_range           | 0.2         |
|    entropy_loss         | -1.3        |
|    explained_variance   | 0.959       |
|    learning_rate        | 0.0003      |
|    loss                 | -0.00791    |
|    n_updates            | 160         |
|    policy_gradient_loss | -0.00458    |
|    value_loss           | 0.0216      |
-----------------------------------------
-----------------------------------------
| rollout/                |             |
|    ep_len_mean          | 153         |
|    ep_rew_mean          | 34.1        |
| time/                   |             |
|    fps                  | 571         |
|    iterations           | 34          |
|    time_elapsed         | 1462        |
|    total_timesteps      | 835584      |
| train/                  |             |
|    approx_kl            | 0.006586268 |
|    clip_fraction        | 0.0686      |
|    clip_range           | 0.2         |
|    entropy_loss         | -1.28       |
|    explained_variance   | 0.951       |
|    learning_rate        | 0.0003      |
|    loss                 | -0.0148     |
|    n_updates            | 165         |
|    policy_gradient_loss | -0.00429    |
|    value_loss           | 0.0278      |
-----------------------------------------
------------------------------------------
| rollout/                |              |
|    ep_len_mean          | 148          |
|    ep_rew_mean          | 33.1         |
| time/                   |              |
|    fps                  | 572          |
|    iterations           | 35           |
|    time_elapsed         | 1503         |
|    total_timesteps      | 860160       |
| train/                  |              |
|    approx_kl            | 0.0061744642 |
|    clip_fraction        | 0.0606       |
|    clip_range           | 0.2          |
|    entropy_loss         | -1.25        |
|    explained_variance   | 0.95         |
|    learning_rate        | 0.0003       |
|    loss                 | -0.00272     |
|    n_updates            | 170          |
|    policy_gradient_loss | -0.00417     |
|    value_loss           | 0.0302       |
------------------------------------------
---------------------------------------
| rollout/                |           |
|    ep_len_mean          | 148       |
|    ep_rew_mean          | 35.5      |
| time/                   |           |
|    fps                  | 572       |
|    iterations           | 36        |
|    time_elapsed         | 1544      |
|    total_timesteps      | 884736    |
| train/                  |           |
|    approx_kl            | 0.0045492 |
|    clip_fraction        | 0.0508    |
|    clip_range           | 0.2       |
|    entropy_loss         | -1.21     |
|    explained_variance   | 0.936     |
|    learning_rate        | 0.0003    |
|    loss                 | 0.00489   |
|    n_updates            | 175       |
|    policy_gradient_loss | -0.004    |
|    value_loss           | 0.04      |
---------------------------------------
------------------------------------------
| rollout/                |              |
|    ep_len_mean          | 147          |
|    ep_rew_mean          | 35.7         |
| time/                   |              |
|    fps                  | 573          |
|    iterations           | 37           |
|    time_elapsed         | 1584         |
|    total_timesteps      | 909312       |
| train/                  |              |
|    approx_kl            | 0.0053194812 |
|    clip_fraction        | 0.0602       |
|    clip_range           | 0.2          |
|    entropy_loss         | -1.17        |
|    explained_variance   | 0.944        |
|    learning_rate        | 0.0003       |
|    loss                 | -0.0025      |
|    n_updates            | 180          |
|    policy_gradient_loss | -0.00366     |
|    value_loss           | 0.036        |
------------------------------------------
-----------------------------------------
| rollout/                |             |
|    ep_len_mean          | 155         |
|    ep_rew_mean          | 36          |
| time/                   |             |
|    fps                  | 574         |
|    iterations           | 38          |
|    time_elapsed         | 1626        |
|    total_timesteps      | 933888      |
| train/                  |             |
|    approx_kl            | 0.005330384 |
|    clip_fraction        | 0.0617      |
|    clip_range           | 0.2         |
|    entropy_loss         | -1.17       |
|    explained_variance   | 0.934       |
|    learning_rate        | 0.0003      |
|    loss                 | 0.00542     |
|    n_updates            | 185         |
|    policy_gradient_loss | -0.00339    |
|    value_loss           | 0.0422      |
-----------------------------------------
-----------------------------------------
| rollout/                |             |
|    ep_len_mean          | 163         |
|    ep_rew_mean          | 38.8        |
| time/                   |             |
|    fps                  | 574         |
|    iterations           | 39          |
|    time_elapsed         | 1668        |
|    total_timesteps      | 958464      |
| train/                  |             |
|    approx_kl            | 0.004960759 |
|    clip_fraction        | 0.0529      |
|    clip_range           | 0.2         |
|    entropy_loss         | -1.19       |
|    explained_variance   | 0.952       |
|    learning_rate        | 0.0003      |
|    loss                 | -0.00189    |
|    n_updates            | 190         |
|    policy_gradient_loss | -0.00331    |
|    value_loss           | 0.0316      |
-----------------------------------------
------------------------------------------
| rollout/                |              |
|    ep_len_mean          | 235          |
|    ep_rew_mean          | 30.8         |
| time/                   |              |
|    fps                  | 574          |
|    iterations           | 40           |
|    time_elapsed         | 1710         |
|    total_timesteps      | 983040       |
| train/                  |              |
|    approx_kl            | 0.0068136877 |
|    clip_fraction        | 0.0725       |
|    clip_range           | 0.2          |
|    entropy_loss         | -1.25        |
|    explained_variance   | 0.95         |
|    learning_rate        | 0.0003       |
|    loss                 | -0.00833     |
|    n_updates            | 195          |
|    policy_gradient_loss | -0.00412     |
|    value_loss           | 0.0264       |
------------------------------------------
[Checkpoint] Saved at 1000000 steps > /home/runner/work/Disciples2-RL/Disciples2-RL/github_experiments/136/green_dragon_minimal/green_dragon/seed136-green_dragon_minimal-green_dragon-34724369630-1/checkpoints/campaign_ppo_step_1000000.zip
Eval num_timesteps=1000008, det_reward=26.87 +/- 66.64
Episode length: det=321.00 +/- 807.12
Victory rate: det=0.00%
-------------------------------------------------
| eval/                           |             |
|    deterministic_mean_ep_length | 321         |
|    deterministic_mean_reward    | 26.9        |
|    deterministic_victory_rate   | 0           |
|    mean_ep_length               | 321         |
|    mean_reward                  | 26.9        |
|    victory_rate                 | 0           |
| time/                           |             |
|    total_timesteps              | 1000008     |
| train/                          |             |
|    approx_kl                    | 0.007007215 |
|    clip_fraction                | 0.066       |
|    clip_range                   | 0.2         |
|    entropy_loss                 | -1.21       |
|    explained_variance           | 0.956       |
|    learning_rate                | 0.0003      |
|    loss                         | -0.00297    |
|    n_updates                    | 200         |
|    policy_gradient_loss         | -0.00397    |
|    value_loss                   | 0.0294      |
-------------------------------------------------
New best model by deterministic victory rate!
---------------------------------
| rollout/           |          |
|    ep_len_mean     | 169      |
|    ep_rew_mean     | 41.3     |
| time/              |          |
|    fps             | 569      |
|    iterations      | 41       |
|    time_elapsed    | 1768     |
|    total_timesteps | 1007616  |
---------------------------------
VecNormalize stats saved: /home/runner/work/Disciples2-RL/Disciples2-RL/github_experiments/136/green_dragon_minimal/green_dragon/seed136-green_dragon_minimal-green_dragon-34724369630-1/models/vecnormalize.pkl

Финальная модель сохранена: /home/runner/work/Disciples2-RL/Disciples2-RL/github_experiments/136/green_dragon_minimal/green_dragon/seed136-green_dragon_minimal-green_dragon-34724369630-1/models/final_model.zip

============================================================
ИТОГИ ОБУЧЕНИЯ:
  Побед: 0
  Поражений: 5498
  Таймаутов: 4
  Побед бота столицы над врагами: 0
  Перестановок юнитов: 164880
  Терминальные поражения по противникам:
    enemy_40: 1968 — Гарнизон города II уровня: Молох и Сектант
    enemy_42: 1130 — Руины: Людоед
    enemy_16: 679 — Два Берсеркера и Сектант
    enemy_12: 355 — Рыцарь смерти и Зомби
    enemy_19: 328 — Мантикора
    enemy_14: 284 — Два Тёмных эльфа мясника и Призрак
    enemy_5: 200 — Три Скваера
    enemy_21: 108 — Два Адских рыцаря, Толстый бес и Колдунья
    enemy_7: 99 — Скелет и Призрак
    enemy_3: 89 — Два Ополченца и Лучник
    enemy_6: 40 — Демон и Одержимый
    enemy_8: 31 — Два Крестьянина и Инкуб
    enemy_4: 24 — Копейщик и Служка
    enemy_17: 21 — Оборотень и Зомби
    enemy_41: 21 — Гарнизон города III уровня: Имперский рыцарь и Патриарх
    enemy_1: 18 — Один Орк
    enemy_10: 18 — Один Оккультист
    enemy_31: 16 — Зелёный дракон — цель карты
    enemy_15: 16 — Два Гнома воина и Алхимик
    enemy_2: 14 — Два Гоблина и Гоблин лучник
    enemy_18: 11 — Дикий кентавр
    enemy_11: 11 — Кракен в озере
    enemy_13: 6 — Два Орка
    enemy_20: 6 — Тиамат
    enemy_9: 5 — Два Одержимых и Колдунья
  Winrate: 0.0%
============================================================
  График призывов за эпизод: /home/runner/work/Disciples2-RL/Disciples2-RL/github_experiments/136/green_dragon_minimal/green_dragon/seed136-green_dragon_minimal-green_dragon-34724369630-1/plots/campaign_summoned_units_per_episode.png
  График призывов за всё обучение: /home/runner/work/Disciples2-RL/Disciples2-RL/github_experiments/136/green_dragon_minimal/green_dragon/seed136-green_dragon_minimal-green_dragon-34724369630-1/plots/campaign_summoned_units_cumulative.png
  График найма за эпизод: /home/runner/work/Disciples2-RL/Disciples2-RL/github_experiments/136/green_dragon_minimal/green_dragon/seed136-green_dragon_minimal-green_dragon-34724369630-1/plots/campaign_hired_units_per_episode.png
  График найма за всё обучение: /home/runner/work/Disciples2-RL/Disciples2-RL/github_experiments/136/green_dragon_minimal/green_dragon/seed136-green_dragon_minimal-green_dragon-34724369630-1/plots/campaign_hired_units_cumulative.png
  График перестановок юнитов за эпизод: /home/runner/work/Disciples2-RL/Disciples2-RL/github_experiments/136/green_dragon_minimal/green_dragon/seed136-green_dragon_minimal-green_dragon-34724369630-1/plots/campaign_unit_swaps_per_episode.png
  График боевых предметов: /home/runner/work/Disciples2-RL/Disciples2-RL/github_experiments/136/green_dragon_minimal/green_dragon/seed136-green_dragon_minimal-green_dragon-34724369630-1/plots/campaign_battle_item_activity.png
  График побед бота столицы за эпизод: /home/runner/work/Disciples2-RL/Disciples2-RL/github_experiments/136/green_dragon_minimal/green_dragon/seed136-green_dragon_minimal-green_dragon-34724369630-1/plots/campaign_scripted_bot_victories_per_episode.png
  График применения заклинаний: /home/runner/work/Disciples2-RL/Disciples2-RL/github_experiments/136/green_dragon_minimal/green_dragon/seed136-green_dragon_minimal-green_dragon-34724369630-1/plots/campaign_spell_cast_activity.png
