Проверка среды CampaignEnv...
Среда прошла проверку!
[INFO] Comet disabled, running without experiment tracking
Создание 12 параллельных сред (subproc)...
Инициализация MaskablePPO...
Using cpu device

============================================================
Запуск обучения Campaign Agent
Всего шагов: 1,000,000
Параллельных сред: 12
VecEnv: subproc
VecEnv start method: forkserver
Seed: 121
Checkpoint каждые: 500,000 шагов
Evaluation каждые: 83,334 шагов
Eval deterministic эпизодов: 20
Eval stochastic эпизодов: 0
Eval лимит шагов на эпизод: 5000
Campaign map: small
Campaign objective: dragon
System resources at training start:
  Platform: Linux 6.17.0-1020-azure (x86_64)
  Python: 3.14.6
  PyTorch: 2.13.0+cpu
  Training device: cpu
  CPU model: AMD EPYC 7763 64-Core Processor
  CPU vendor: AuthenticAMD
  Logical CPUs visible: 4
  Process CPU affinity: 4
  Sockets: 1
  Cores per socket: 2
  Threads per core: 2
  CPU max MHz: unknown
  CPU min MHz: unknown
  L1d cache: 64 KiB (2 instances)
  L1i cache: 64 KiB (2 instances)
  L2 cache: 1 MiB (2 instances)
  L3 cache: 32 MiB (1 instance)
  Virtualization: AMD-V
  Hypervisor: Microsoft
  RAM total: 15.61 GiB
  RAM available at start: 13.89 GiB
  Disk total: 144.26 GiB
  Disk free at start: 83.07 GiB
  Torch intra-op threads: 4
  Torch inter-op threads: 2
  OMP_NUM_THREADS: 4
  MKL_NUM_THREADS: 4
  OPENBLAS_NUM_THREADS: 4
  GitHub runner OS: Linux
  GitHub runner architecture: X64
  GitHub runner environment: github-hosted
PPO n_steps: 2,048
PPO batch_size: 512
PPO n_epochs: 5
PPO learning_rate: 0.0003
PPO clip_range: 0.2
PPO ent_coef: 0.01
PPO gamma: 0.995
PPO gae_lambda: 0.95
PPO target_kl: disabled
PPO gradient batches per rollout: 240
VecCheckNan: disabled
Freeze action layout: enabled
Empire territory: enabled
Torch threads per process: 4
Diagnostics: disabled
Wall-clock training limit: disabled
Run ID: seed121-small-green_dragon-30310230964-1
============================================================

Logging to /home/runner/work/Disciples2-RL/Disciples2-RL/github_experiments/121/small/green_dragon/seed121-small-green_dragon-30310230964-1/tensorboard/MaskablePPO_1
---------------------------------
| rollout/           |          |
|    ep_len_mean     | 104      |
|    ep_rew_mean     | -5.59    |
| time/              |          |
|    fps             | 488      |
|    iterations      | 1        |
|    time_elapsed    | 50       |
|    total_timesteps | 24576    |
---------------------------------
----------------------------------------
| rollout/                |            |
|    ep_len_mean          | 118        |
|    ep_rew_mean          | -3.98      |
| time/                   |            |
|    fps                  | 472        |
|    iterations           | 2          |
|    time_elapsed         | 104        |
|    total_timesteps      | 49152      |
| train/                  |            |
|    approx_kl            | 0.00942519 |
|    clip_fraction        | 0.0851     |
|    clip_range           | 0.2        |
|    entropy_loss         | -2.21      |
|    explained_variance   | -0.0796    |
|    learning_rate        | 0.0003     |
|    loss                 | 0.351      |
|    n_updates            | 5          |
|    policy_gradient_loss | -0.00732   |
|    value_loss           | 0.528      |
----------------------------------------
-----------------------------------------
| rollout/                |             |
|    ep_len_mean          | 143         |
|    ep_rew_mean          | -3.31       |
| time/                   |             |
|    fps                  | 473         |
|    iterations           | 3           |
|    time_elapsed         | 155         |
|    total_timesteps      | 73728       |
| train/                  |             |
|    approx_kl            | 0.011628773 |
|    clip_fraction        | 0.145       |
|    clip_range           | 0.2         |
|    entropy_loss         | -2.15       |
|    explained_variance   | 0.571       |
|    learning_rate        | 0.0003      |
|    loss                 | 0.0473      |
|    n_updates            | 10          |
|    policy_gradient_loss | -0.013      |
|    value_loss           | 0.189       |
-----------------------------------------
-----------------------------------------
| rollout/                |             |
|    ep_len_mean          | 206         |
|    ep_rew_mean          | -3.2        |
| time/                   |             |
|    fps                  | 462         |
|    iterations           | 4           |
|    time_elapsed         | 212         |
|    total_timesteps      | 98304       |
| train/                  |             |
|    approx_kl            | 0.011437096 |
|    clip_fraction        | 0.135       |
|    clip_range           | 0.2         |
|    entropy_loss         | -2.08       |
|    explained_variance   | 0.68        |
|    learning_rate        | 0.0003      |
|    loss                 | 0.0505      |
|    n_updates            | 15          |
|    policy_gradient_loss | -0.0135     |
|    value_loss           | 0.173       |
-----------------------------------------
-----------------------------------------
| rollout/                |             |
|    ep_len_mean          | 226         |
|    ep_rew_mean          | 1.35        |
| time/                   |             |
|    fps                  | 454         |
|    iterations           | 5           |
|    time_elapsed         | 270         |
|    total_timesteps      | 122880      |
| train/                  |             |
|    approx_kl            | 0.010662151 |
|    clip_fraction        | 0.109       |
|    clip_range           | 0.2         |
|    entropy_loss         | -2.08       |
|    explained_variance   | 0.815       |
|    learning_rate        | 0.0003      |
|    loss                 | 0.0217      |
|    n_updates            | 20          |
|    policy_gradient_loss | -0.0102     |
|    value_loss           | 0.113       |
-----------------------------------------
-----------------------------------------
| rollout/                |             |
|    ep_len_mean          | 197         |
|    ep_rew_mean          | 6.18        |
| time/                   |             |
|    fps                  | 452         |
|    iterations           | 6           |
|    time_elapsed         | 326         |
|    total_timesteps      | 147456      |
| train/                  |             |
|    approx_kl            | 0.010726652 |
|    clip_fraction        | 0.116       |
|    clip_range           | 0.2         |
|    entropy_loss         | -2.05       |
|    explained_variance   | 0.81        |
|    learning_rate        | 0.0003      |
|    loss                 | 0.0311      |
|    n_updates            | 25          |
|    policy_gradient_loss | -0.0107     |
|    value_loss           | 0.112       |
-----------------------------------------
-----------------------------------------
| rollout/                |             |
|    ep_len_mean          | 208         |
|    ep_rew_mean          | 7.05        |
| time/                   |             |
|    fps                  | 452         |
|    iterations           | 7           |
|    time_elapsed         | 379         |
|    total_timesteps      | 172032      |
| train/                  |             |
|    approx_kl            | 0.009464008 |
|    clip_fraction        | 0.0934      |
|    clip_range           | 0.2         |
|    entropy_loss         | -2.04       |
|    explained_variance   | 0.785       |
|    learning_rate        | 0.0003      |
|    loss                 | 0.042       |
|    n_updates            | 30          |
|    policy_gradient_loss | -0.00837    |
|    value_loss           | 0.113       |
-----------------------------------------
-----------------------------------------
| rollout/                |             |
|    ep_len_mean          | 214         |
|    ep_rew_mean          | 10.9        |
| time/                   |             |
|    fps                  | 451         |
|    iterations           | 8           |
|    time_elapsed         | 435         |
|    total_timesteps      | 196608      |
| train/                  |             |
|    approx_kl            | 0.010569702 |
|    clip_fraction        | 0.0998      |
|    clip_range           | 0.2         |
|    entropy_loss         | -2          |
|    explained_variance   | 0.752       |
|    learning_rate        | 0.0003      |
|    loss                 | 0.0153      |
|    n_updates            | 35          |
|    policy_gradient_loss | -0.00784    |
|    value_loss           | 0.106       |
-----------------------------------------
------------------------------------------
| rollout/                |              |
|    ep_len_mean          | 182          |
|    ep_rew_mean          | 13.4         |
| time/                   |              |
|    fps                  | 450          |
|    iterations           | 9            |
|    time_elapsed         | 490          |
|    total_timesteps      | 221184       |
| train/                  |              |
|    approx_kl            | 0.0099814655 |
|    clip_fraction        | 0.0924       |
|    clip_range           | 0.2          |
|    entropy_loss         | -2.02        |
|    explained_variance   | 0.804        |
|    learning_rate        | 0.0003       |
|    loss                 | 0.0189       |
|    n_updates            | 40           |
|    policy_gradient_loss | -0.00656     |
|    value_loss           | 0.0854       |
------------------------------------------
------------------------------------------
| rollout/                |              |
|    ep_len_mean          | 179          |
|    ep_rew_mean          | 16.1         |
| time/                   |              |
|    fps                  | 449          |
|    iterations           | 10           |
|    time_elapsed         | 546          |
|    total_timesteps      | 245760       |
| train/                  |              |
|    approx_kl            | 0.0089644715 |
|    clip_fraction        | 0.0849       |
|    clip_range           | 0.2          |
|    entropy_loss         | -1.94        |
|    explained_variance   | 0.807        |
|    learning_rate        | 0.0003       |
|    loss                 | 0.0249       |
|    n_updates            | 45           |
|    policy_gradient_loss | -0.00681     |
|    value_loss           | 0.0973       |
------------------------------------------
-----------------------------------------
| rollout/                |             |
|    ep_len_mean          | 172         |
|    ep_rew_mean          | 16.8        |
| time/                   |             |
|    fps                  | 450         |
|    iterations           | 11          |
|    time_elapsed         | 600         |
|    total_timesteps      | 270336      |
| train/                  |             |
|    approx_kl            | 0.008864566 |
|    clip_fraction        | 0.0847      |
|    clip_range           | 0.2         |
|    entropy_loss         | -1.88       |
|    explained_variance   | 0.787       |
|    learning_rate        | 0.0003      |
|    loss                 | 0.0306      |
|    n_updates            | 50          |
|    policy_gradient_loss | -0.00775    |
|    value_loss           | 0.108       |
-----------------------------------------
-----------------------------------------
| rollout/                |             |
|    ep_len_mean          | 166         |
|    ep_rew_mean          | 17.3        |
| time/                   |             |
|    fps                  | 450         |
|    iterations           | 12          |
|    time_elapsed         | 654         |
|    total_timesteps      | 294912      |
| train/                  |             |
|    approx_kl            | 0.008114373 |
|    clip_fraction        | 0.0715      |
|    clip_range           | 0.2         |
|    entropy_loss         | -1.87       |
|    explained_variance   | 0.81        |
|    learning_rate        | 0.0003      |
|    loss                 | 0.0128      |
|    n_updates            | 55          |
|    policy_gradient_loss | -0.00546    |
|    value_loss           | 0.107       |
-----------------------------------------
-----------------------------------------
| rollout/                |             |
|    ep_len_mean          | 167         |
|    ep_rew_mean          | 19.1        |
| time/                   |             |
|    fps                  | 450         |
|    iterations           | 13          |
|    time_elapsed         | 709         |
|    total_timesteps      | 319488      |
| train/                  |             |
|    approx_kl            | 0.007756029 |
|    clip_fraction        | 0.0783      |
|    clip_range           | 0.2         |
|    entropy_loss         | -1.8        |
|    explained_variance   | 0.814       |
|    learning_rate        | 0.0003      |
|    loss                 | 0.0422      |
|    n_updates            | 60          |
|    policy_gradient_loss | -0.00714    |
|    value_loss           | 0.106       |
-----------------------------------------
-----------------------------------------
| rollout/                |             |
|    ep_len_mean          | 157         |
|    ep_rew_mean          | 19.4        |
| time/                   |             |
|    fps                  | 450         |
|    iterations           | 14          |
|    time_elapsed         | 764         |
|    total_timesteps      | 344064      |
| train/                  |             |
|    approx_kl            | 0.007502351 |
|    clip_fraction        | 0.0753      |
|    clip_range           | 0.2         |
|    entropy_loss         | -1.79       |
|    explained_variance   | 0.826       |
|    learning_rate        | 0.0003      |
|    loss                 | 0.0213      |
|    n_updates            | 65          |
|    policy_gradient_loss | -0.0066     |
|    value_loss           | 0.105       |
-----------------------------------------
-----------------------------------------
| rollout/                |             |
|    ep_len_mean          | 147         |
|    ep_rew_mean          | 18.5        |
| time/                   |             |
|    fps                  | 450         |
|    iterations           | 15          |
|    time_elapsed         | 818         |
|    total_timesteps      | 368640      |
| train/                  |             |
|    approx_kl            | 0.007033389 |
|    clip_fraction        | 0.0701      |
|    clip_range           | 0.2         |
|    entropy_loss         | -1.71       |
|    explained_variance   | 0.807       |
|    learning_rate        | 0.0003      |
|    loss                 | 0.0203      |
|    n_updates            | 70          |
|    policy_gradient_loss | -0.00573    |
|    value_loss           | 0.119       |
-----------------------------------------
----------------------------------------
| rollout/                |            |
|    ep_len_mean          | 151        |
|    ep_rew_mean          | 20.1       |
| time/                   |            |
|    fps                  | 450        |
|    iterations           | 16         |
|    time_elapsed         | 873        |
|    total_timesteps      | 393216     |
| train/                  |            |
|    approx_kl            | 0.00808175 |
|    clip_fraction        | 0.0703     |
|    clip_range           | 0.2        |
|    entropy_loss         | -1.7       |
|    explained_variance   | 0.808      |
|    learning_rate        | 0.0003     |
|    loss                 | 0.0381     |
|    n_updates            | 75         |
|    policy_gradient_loss | -0.00654   |
|    value_loss           | 0.126      |
----------------------------------------
------------------------------------------
| rollout/                |              |
|    ep_len_mean          | 206          |
|    ep_rew_mean          | 17.6         |
| time/                   |              |
|    fps                  | 450          |
|    iterations           | 17           |
|    time_elapsed         | 927          |
|    total_timesteps      | 417792       |
| train/                  |              |
|    approx_kl            | 0.0069425614 |
|    clip_fraction        | 0.0651       |
|    clip_range           | 0.2          |
|    entropy_loss         | -1.68        |
|    explained_variance   | 0.884        |
|    learning_rate        | 0.0003       |
|    loss                 | 0.0348       |
|    n_updates            | 80           |
|    policy_gradient_loss | -0.00499     |
|    value_loss           | 0.106        |
------------------------------------------
----------------------------------------
| rollout/                |            |
|    ep_len_mean          | 152        |
|    ep_rew_mean          | 22.9       |
| time/                   |            |
|    fps                  | 451        |
|    iterations           | 18         |
|    time_elapsed         | 980        |
|    total_timesteps      | 442368     |
| train/                  |            |
|    approx_kl            | 0.00686267 |
|    clip_fraction        | 0.0616     |
|    clip_range           | 0.2        |
|    entropy_loss         | -1.67      |
|    explained_variance   | 0.889      |
|    learning_rate        | 0.0003     |
|    loss                 | 0.0266     |
|    n_updates            | 85         |
|    policy_gradient_loss | -0.00485   |
|    value_loss           | 0.101      |
----------------------------------------
-----------------------------------------
| rollout/                |             |
|    ep_len_mean          | 158         |
|    ep_rew_mean          | 25.4        |
| time/                   |             |
|    fps                  | 451         |
|    iterations           | 19          |
|    time_elapsed         | 1034        |
|    total_timesteps      | 466944      |
| train/                  |             |
|    approx_kl            | 0.007198525 |
|    clip_fraction        | 0.0672      |
|    clip_range           | 0.2         |
|    entropy_loss         | -1.64       |
|    explained_variance   | 0.834       |
|    learning_rate        | 0.0003      |
|    loss                 | 0.0175      |
|    n_updates            | 90          |
|    policy_gradient_loss | -0.00516    |
|    value_loss           | 0.0926      |
-----------------------------------------
------------------------------------------
| rollout/                |              |
|    ep_len_mean          | 154          |
|    ep_rew_mean          | 23.5         |
| time/                   |              |
|    fps                  | 451          |
|    iterations           | 20           |
|    time_elapsed         | 1088         |
|    total_timesteps      | 491520       |
| train/                  |              |
|    approx_kl            | 0.0066102264 |
|    clip_fraction        | 0.0649       |
|    clip_range           | 0.2          |
|    entropy_loss         | -1.61        |
|    explained_variance   | 0.821        |
|    learning_rate        | 0.0003       |
|    loss                 | 0.0338       |
|    n_updates            | 95           |
|    policy_gradient_loss | -0.00533     |
|    value_loss           | 0.106        |
------------------------------------------
[Checkpoint] Saved at 500000 steps > /home/runner/work/Disciples2-RL/Disciples2-RL/github_experiments/121/small/green_dragon/seed121-small-green_dragon-30310230964-1/checkpoints/campaign_ppo_step_500000.zip
------------------------------------------
| rollout/                |              |
|    ep_len_mean          | 170          |
|    ep_rew_mean          | 27.4         |
| time/                   |              |
|    fps                  | 451          |
|    iterations           | 21           |
|    time_elapsed         | 1142         |
|    total_timesteps      | 516096       |
| train/                  |              |
|    approx_kl            | 0.0076840757 |
|    clip_fraction        | 0.0632       |
|    clip_range           | 0.2          |
|    entropy_loss         | -1.62        |
|    explained_variance   | 0.9          |
|    learning_rate        | 0.0003       |
|    loss                 | 0.0176       |
|    n_updates            | 100          |
|    policy_gradient_loss | -0.00442     |
|    value_loss           | 0.0864       |
------------------------------------------
-----------------------------------------
| rollout/                |             |
|    ep_len_mean          | 266         |
|    ep_rew_mean          | 18.4        |
| time/                   |             |
|    fps                  | 452         |
|    iterations           | 22          |
|    time_elapsed         | 1196        |
|    total_timesteps      | 540672      |
| train/                  |             |
|    approx_kl            | 0.007435785 |
|    clip_fraction        | 0.069       |
|    clip_range           | 0.2         |
|    entropy_loss         | -1.59       |
|    explained_variance   | 0.938       |
|    learning_rate        | 0.0003      |
|    loss                 | 0.0101      |
|    n_updates            | 105         |
|    policy_gradient_loss | -0.00575    |
|    value_loss           | 0.0714      |
-----------------------------------------
------------------------------------------
| rollout/                |              |
|    ep_len_mean          | 193          |
|    ep_rew_mean          | 33.8         |
| time/                   |              |
|    fps                  | 452          |
|    iterations           | 23           |
|    time_elapsed         | 1249         |
|    total_timesteps      | 565248       |
| train/                  |              |
|    approx_kl            | 0.0066577136 |
|    clip_fraction        | 0.0613       |
|    clip_range           | 0.2          |
|    entropy_loss         | -1.59        |
|    explained_variance   | 0.937        |
|    learning_rate        | 0.0003       |
|    loss                 | 0.0086       |
|    n_updates            | 110          |
|    policy_gradient_loss | -0.00495     |
|    value_loss           | 0.0721       |
------------------------------------------
------------------------------------------
| rollout/                |              |
|    ep_len_mean          | 181          |
|    ep_rew_mean          | 30.6         |
| time/                   |              |
|    fps                  | 453          |
|    iterations           | 24           |
|    time_elapsed         | 1301         |
|    total_timesteps      | 589824       |
| train/                  |              |
|    approx_kl            | 0.0066348226 |
|    clip_fraction        | 0.0668       |
|    clip_range           | 0.2          |
|    entropy_loss         | -1.57        |
|    explained_variance   | 0.858        |
|    learning_rate        | 0.0003       |
|    loss                 | 0.018        |
|    n_updates            | 115          |
|    policy_gradient_loss | -0.0055      |
|    value_loss           | 0.0819       |
------------------------------------------
-----------------------------------------
| rollout/                |             |
|    ep_len_mean          | 223         |
|    ep_rew_mean          | 25.1        |
| time/                   |             |
|    fps                  | 453         |
|    iterations           | 25          |
|    time_elapsed         | 1353        |
|    total_timesteps      | 614400      |
| train/                  |             |
|    approx_kl            | 0.006662015 |
|    clip_fraction        | 0.0703      |
|    clip_range           | 0.2         |
|    entropy_loss         | -1.53       |
|    explained_variance   | 0.927       |
|    learning_rate        | 0.0003      |
|    loss                 | 0.0051      |
|    n_updates            | 120         |
|    policy_gradient_loss | -0.00594    |
|    value_loss           | 0.0727      |
-----------------------------------------
------------------------------------------
| rollout/                |              |
|    ep_len_mean          | 189          |
|    ep_rew_mean          | 34           |
| time/                   |              |
|    fps                  | 454          |
|    iterations           | 26           |
|    time_elapsed         | 1405         |
|    total_timesteps      | 638976       |
| train/                  |              |
|    approx_kl            | 0.0070253867 |
|    clip_fraction        | 0.0677       |
|    clip_range           | 0.2          |
|    entropy_loss         | -1.48        |
|    explained_variance   | 0.945        |
|    learning_rate        | 0.0003       |
|    loss                 | 0.0152       |
|    n_updates            | 125          |
|    policy_gradient_loss | -0.0048      |
|    value_loss           | 0.0736       |
------------------------------------------
------------------------------------------
| rollout/                |              |
|    ep_len_mean          | 235          |
|    ep_rew_mean          | 30.2         |
| time/                   |              |
|    fps                  | 455          |
|    iterations           | 27           |
|    time_elapsed         | 1458         |
|    total_timesteps      | 663552       |
| train/                  |              |
|    approx_kl            | 0.0058623007 |
|    clip_fraction        | 0.06         |
|    clip_range           | 0.2          |
|    entropy_loss         | -1.51        |
|    explained_variance   | 0.955        |
|    learning_rate        | 0.0003       |
|    loss                 | 0.0103       |
|    n_updates            | 130          |
|    policy_gradient_loss | -0.00507     |
|    value_loss           | 0.0599       |
------------------------------------------
------------------------------------------
| rollout/                |              |
|    ep_len_mean          | 240          |
|    ep_rew_mean          | 34.9         |
| time/                   |              |
|    fps                  | 455          |
|    iterations           | 28           |
|    time_elapsed         | 1509         |
|    total_timesteps      | 688128       |
| train/                  |              |
|    approx_kl            | 0.0073595624 |
|    clip_fraction        | 0.0785       |
|    clip_range           | 0.2          |
|    entropy_loss         | -1.5         |
|    explained_variance   | 0.966        |
|    learning_rate        | 0.0003       |
|    loss                 | 0.000597     |
|    n_updates            | 135          |
|    policy_gradient_loss | -0.00556     |
|    value_loss           | 0.0498       |
------------------------------------------
----------------------------------------
| rollout/                |            |
|    ep_len_mean          | 283        |
|    ep_rew_mean          | 21.7       |
| time/                   |            |
|    fps                  | 456        |
|    iterations           | 29         |
|    time_elapsed         | 1561       |
|    total_timesteps      | 712704     |
| train/                  |            |
|    approx_kl            | 0.00805243 |
|    clip_fraction        | 0.075      |
|    clip_range           | 0.2        |
|    entropy_loss         | -1.5       |
|    explained_variance   | 0.966      |
|    learning_rate        | 0.0003     |
|    loss                 | -0.000376  |
|    n_updates            | 140        |
|    policy_gradient_loss | -0.00538   |
|    value_loss           | 0.0542     |
----------------------------------------
------------------------------------------
| rollout/                |              |
|    ep_len_mean          | 197          |
|    ep_rew_mean          | 36.7         |
| time/                   |              |
|    fps                  | 457          |
|    iterations           | 30           |
|    time_elapsed         | 1612         |
|    total_timesteps      | 737280       |
| train/                  |              |
|    approx_kl            | 0.0065747313 |
|    clip_fraction        | 0.0608       |
|    clip_range           | 0.2          |
|    entropy_loss         | -1.49        |
|    explained_variance   | 0.958        |
|    learning_rate        | 0.0003       |
|    loss                 | -0.00246     |
|    n_updates            | 145          |
|    policy_gradient_loss | -0.00464     |
|    value_loss           | 0.0559       |
------------------------------------------
------------------------------------------
| rollout/                |              |
|    ep_len_mean          | 251          |
|    ep_rew_mean          | 31.7         |
| time/                   |              |
|    fps                  | 458          |
|    iterations           | 31           |
|    time_elapsed         | 1663         |
|    total_timesteps      | 761856       |
| train/                  |              |
|    approx_kl            | 0.0062271524 |
|    clip_fraction        | 0.0586       |
|    clip_range           | 0.2          |
|    entropy_loss         | -1.49        |
|    explained_variance   | 0.953        |
|    learning_rate        | 0.0003       |
|    loss                 | 0.0143       |
|    n_updates            | 150          |
|    policy_gradient_loss | -0.00371     |
|    value_loss           | 0.0556       |
------------------------------------------
------------------------------------------
| rollout/                |              |
|    ep_len_mean          | 203          |
|    ep_rew_mean          | 39.2         |
| time/                   |              |
|    fps                  | 458          |
|    iterations           | 32           |
|    time_elapsed         | 1715         |
|    total_timesteps      | 786432       |
| train/                  |              |
|    approx_kl            | 0.0064572096 |
|    clip_fraction        | 0.0656       |
|    clip_range           | 0.2          |
|    entropy_loss         | -1.45        |
|    explained_variance   | 0.938        |
|    learning_rate        | 0.0003       |
|    loss                 | 0.00508      |
|    n_updates            | 155          |
|    policy_gradient_loss | -0.00464     |
|    value_loss           | 0.053        |
------------------------------------------
-----------------------------------------
| rollout/                |             |
|    ep_len_mean          | 212         |
|    ep_rew_mean          | 42.4        |
| time/                   |             |
|    fps                  | 458         |
|    iterations           | 33          |
|    time_elapsed         | 1770        |
|    total_timesteps      | 811008      |
| train/                  |             |
|    approx_kl            | 0.006449027 |
|    clip_fraction        | 0.0664      |
|    clip_range           | 0.2         |
|    entropy_loss         | -1.46       |
|    explained_variance   | 0.935       |
|    learning_rate        | 0.0003      |
|    loss                 | 0.00789     |
|    n_updates            | 160         |
|    policy_gradient_loss | -0.005      |
|    value_loss           | 0.0519      |
-----------------------------------------
-----------------------------------------
| rollout/                |             |
|    ep_len_mean          | 297         |
|    ep_rew_mean          | 32          |
| time/                   |             |
|    fps                  | 457         |
|    iterations           | 34          |
|    time_elapsed         | 1827        |
|    total_timesteps      | 835584      |
| train/                  |             |
|    approx_kl            | 0.006501828 |
|    clip_fraction        | 0.0635      |
|    clip_range           | 0.2         |
|    entropy_loss         | -1.47       |
|    explained_variance   | 0.973       |
|    learning_rate        | 0.0003      |
|    loss                 | 0.00114     |
|    n_updates            | 165         |
|    policy_gradient_loss | -0.00405    |
|    value_loss           | 0.0378      |
-----------------------------------------
------------------------------------------
| rollout/                |              |
|    ep_len_mean          | 375          |
|    ep_rew_mean          | 23.8         |
| time/                   |              |
|    fps                  | 456          |
|    iterations           | 35           |
|    time_elapsed         | 1882         |
|    total_timesteps      | 860160       |
| train/                  |              |
|    approx_kl            | 0.0076802373 |
|    clip_fraction        | 0.0644       |
|    clip_range           | 0.2          |
|    entropy_loss         | -1.47        |
|    explained_variance   | 0.984        |
|    learning_rate        | 0.0003       |
|    loss                 | 0.00822      |
|    n_updates            | 170          |
|    policy_gradient_loss | -0.00418     |
|    value_loss           | 0.0303       |
------------------------------------------
------------------------------------------
| rollout/                |              |
|    ep_len_mean          | 346          |
|    ep_rew_mean          | 34.8         |
| time/                   |              |
|    fps                  | 456          |
|    iterations           | 36           |
|    time_elapsed         | 1937         |
|    total_timesteps      | 884736       |
| train/                  |              |
|    approx_kl            | 0.0070815105 |
|    clip_fraction        | 0.0627       |
|    clip_range           | 0.2          |
|    entropy_loss         | -1.44        |
|    explained_variance   | 0.983        |
|    learning_rate        | 0.0003       |
|    loss                 | -0.0138      |
|    n_updates            | 175          |
|    policy_gradient_loss | -0.0047      |
|    value_loss           | 0.032        |
------------------------------------------
------------------------------------------
| rollout/                |              |
|    ep_len_mean          | 297          |
|    ep_rew_mean          | 30.5         |
| time/                   |              |
|    fps                  | 456          |
|    iterations           | 37           |
|    time_elapsed         | 1991         |
|    total_timesteps      | 909312       |
| train/                  |              |
|    approx_kl            | 0.0057312734 |
|    clip_fraction        | 0.0552       |
|    clip_range           | 0.2          |
|    entropy_loss         | -1.4         |
|    explained_variance   | 0.985        |
|    learning_rate        | 0.0003       |
|    loss                 | -0.0135      |
|    n_updates            | 180          |
|    policy_gradient_loss | -0.00424     |
|    value_loss           | 0.0269       |
------------------------------------------
-----------------------------------------
| rollout/                |             |
|    ep_len_mean          | 381         |
|    ep_rew_mean          | 23.4        |
| time/                   |             |
|    fps                  | 456         |
|    iterations           | 38          |
|    time_elapsed         | 2043        |
|    total_timesteps      | 933888      |
| train/                  |             |
|    approx_kl            | 0.006062051 |
|    clip_fraction        | 0.0528      |
|    clip_range           | 0.2         |
|    entropy_loss         | -1.41       |
|    explained_variance   | 0.988       |
|    learning_rate        | 0.0003      |
|    loss                 | -0.0112     |
|    n_updates            | 185         |
|    policy_gradient_loss | -0.00466    |
|    value_loss           | 0.0229      |
-----------------------------------------
-----------------------------------------
| rollout/                |             |
|    ep_len_mean          | 386         |
|    ep_rew_mean          | 26.7        |
| time/                   |             |
|    fps                  | 457         |
|    iterations           | 39          |
|    time_elapsed         | 2095        |
|    total_timesteps      | 958464      |
| train/                  |             |
|    approx_kl            | 0.007033803 |
|    clip_fraction        | 0.0579      |
|    clip_range           | 0.2         |
|    entropy_loss         | -1.41       |
|    explained_variance   | 0.987       |
|    learning_rate        | 0.0003      |
|    loss                 | -0.0142     |
|    n_updates            | 190         |
|    policy_gradient_loss | -0.00493    |
|    value_loss           | 0.0248      |
-----------------------------------------
-----------------------------------------
| rollout/                |             |
|    ep_len_mean          | 343         |
|    ep_rew_mean          | 36.7        |
| time/                   |             |
|    fps                  | 457         |
|    iterations           | 40          |
|    time_elapsed         | 2147        |
|    total_timesteps      | 983040      |
| train/                  |             |
|    approx_kl            | 0.006147206 |
|    clip_fraction        | 0.0565      |
|    clip_range           | 0.2         |
|    entropy_loss         | -1.36       |
|    explained_variance   | 0.987       |
|    learning_rate        | 0.0003      |
|    loss                 | -0.00761    |
|    n_updates            | 195         |
|    policy_gradient_loss | -0.0052     |
|    value_loss           | 0.0241      |
-----------------------------------------
[Checkpoint] Saved at 1000000 steps > /home/runner/work/Disciples2-RL/Disciples2-RL/github_experiments/121/small/green_dragon/seed121-small-green_dragon-30310230964-1/checkpoints/campaign_ppo_step_1000000.zip
Eval num_timesteps=1000008, det_reward=-323.89 +/- 5.90
Episode length: det=5000.00 +/- 0.00
Victory rate: det=0.00%
-----------------------------------------------
| eval/                           |           |
|    deterministic_mean_ep_length | 5e+03     |
|    deterministic_mean_reward    | -324      |
|    deterministic_victory_rate   | 0         |
|    mean_ep_length               | 5e+03     |
|    mean_reward                  | -324      |
|    victory_rate                 | 0         |
| time/                           |           |
|    total_timesteps              | 1000008   |
| train/                          |           |
|    approx_kl                    | 0.0070113 |
|    clip_fraction                | 0.0649    |
|    clip_range                   | 0.2       |
|    entropy_loss                 | -1.38     |
|    explained_variance           | 0.99      |
|    learning_rate                | 0.0003    |
|    loss                         | -0.025    |
|    n_updates                    | 200       |
|    policy_gradient_loss         | -0.0053   |
|    value_loss                   | 0.0179    |
-----------------------------------------------
New best model by deterministic victory rate!
---------------------------------
| rollout/           |          |
|    ep_len_mean     | 369      |
|    ep_rew_mean     | 30.5     |
| time/              |          |
|    fps             | 380      |
|    iterations      | 41       |
|    time_elapsed    | 2649     |
|    total_timesteps | 1007616  |
---------------------------------
VecNormalize stats saved: /home/runner/work/Disciples2-RL/Disciples2-RL/github_experiments/121/small/green_dragon/seed121-small-green_dragon-30310230964-1/models/vecnormalize.pkl

Финальная модель сохранена: /home/runner/work/Disciples2-RL/Disciples2-RL/github_experiments/121/small/green_dragon/seed121-small-green_dragon-30310230964-1/models/final_model.zip

============================================================
ИТОГИ ОБУЧЕНИЯ:
  Побед: 0
  Поражений: 5000
  Таймаутов: 12
  Побед бота столицы над врагами: 0
  Перестановок юнитов: 202536
  Терминальные поражения по противникам:
    enemy_15: 595 — Отряд: 2 привидения спереди, вампир сзади
    enemy_29: 590 — Отряд: 3 скваера на передней линии
    enemy_31: 517 — Отряд: зеленый дракон
    enemy_7: 516 — Отряд: воин + привидение спереди, колдун + призрак + привидение сзади
    enemy_74: 468 — Руины (43, 34): Лорд Тьмы, Лич
    enemy_34: 421 — Отряд Порта Полонис: Воин спереди, Колдун, Нигош (Носферату) и Привидение сзади
    enemy_25: 346 — Отряд: копейщик спереди и служка сзади
    enemy_23: 310 — Отряд: волк на передней линии
    enemy_61: 293 — Отряд: Зомби, Призрак
    enemy_17: 187 — Отряд: воин спереди, 2 призрака и привидение сзади
    enemy_27: 149 — Отряд: скваер в центре и 2 крестьянина на передней линии
    enemy_65: 121 — Отряд: Кентавр копейщик, Рейнджер
    enemy_3: 93 — Отряд: орк чемпион на передней линии
    enemy_19: 77 — Отряд: зомби спереди, привидение сзади
    enemy_21: 67 — Отряд: зомби спереди, привидение сзади
    enemy_9: 56 — Отряд: тамплиер спереди, колдун и призрак сзади
    enemy_5: 31 — Отряд: орк чемпион на передней линии
    enemy_35: 25 — Отряд Соругириллы: Унфегра (Королева личей), Виверна
    enemy_11: 22 — Отряд: оборотень спереди и тень сзади
    enemy_70: 19 — Руины (15, 9): Орк, Гоблин, Гоблин
    enemy_68: 18 — Внутренний гарнизон Порта Полонис: Зомби, Воин
    enemy_63: 17 — Отряд: Разбойник
    enemy_59: 17 — Отряд: Зомби
    enemy_39: 9 — Отряд: Волк, Варвар
    enemy_75: 9 — Страж столицы Империи: Мизраэль
    enemy_57: 8 — Отряд: Призрак, Привидение, Воин
    enemy_69: 4 — Внутренний гарнизон Соругириллы: Зомби, Воин
    enemy_1: 3 — Отряд: волк на передней линии
    enemy_37: 3 — Отряд: Гном, Травница, Алхимик
    enemy_47: 3 — Отряд: Призрак, Привидение, Привидение, Воин
    enemy_41: 2 — Отряд: Гном, Метатель топоров
    enemy_53: 2 — Отряд: Скваер, Ополченец
    enemy_43: 1 — Отряд: Призрак, Тамплиер
    enemy_49: 1 — Отряд: Гном
  Winrate: 0.0%
============================================================
  График призывов за эпизод: /home/runner/work/Disciples2-RL/Disciples2-RL/github_experiments/121/small/green_dragon/seed121-small-green_dragon-30310230964-1/plots/campaign_summoned_units_per_episode.png
  График призывов за всё обучение: /home/runner/work/Disciples2-RL/Disciples2-RL/github_experiments/121/small/green_dragon/seed121-small-green_dragon-30310230964-1/plots/campaign_summoned_units_cumulative.png
  График найма за эпизод: /home/runner/work/Disciples2-RL/Disciples2-RL/github_experiments/121/small/green_dragon/seed121-small-green_dragon-30310230964-1/plots/campaign_hired_units_per_episode.png
  График найма за всё обучение: /home/runner/work/Disciples2-RL/Disciples2-RL/github_experiments/121/small/green_dragon/seed121-small-green_dragon-30310230964-1/plots/campaign_hired_units_cumulative.png
  График перестановок юнитов за эпизод: /home/runner/work/Disciples2-RL/Disciples2-RL/github_experiments/121/small/green_dragon/seed121-small-green_dragon-30310230964-1/plots/campaign_unit_swaps_per_episode.png
  График боевых предметов: /home/runner/work/Disciples2-RL/Disciples2-RL/github_experiments/121/small/green_dragon/seed121-small-green_dragon-30310230964-1/plots/campaign_battle_item_activity.png
  График побед бота столицы за эпизод: /home/runner/work/Disciples2-RL/Disciples2-RL/github_experiments/121/small/green_dragon/seed121-small-green_dragon-30310230964-1/plots/campaign_scripted_bot_victories_per_episode.png
  График применения заклинаний: /home/runner/work/Disciples2-RL/Disciples2-RL/github_experiments/121/small/green_dragon/seed121-small-green_dragon-30310230964-1/plots/campaign_spell_cast_activity.png
