Проверка среды CampaignEnv...
Среда прошла проверку!
[INFO] Comet disabled, running without experiment tracking
Создание 12 параллельных сред (subproc)...
Инициализация MaskablePPO...
Using cpu device

============================================================
Запуск обучения Campaign Agent
Всего шагов: 1,000,000
Параллельных сред: 12
VecEnv: subproc
VecEnv start method: forkserver
Seed: 132
Checkpoint каждые: 500,000 шагов
Evaluation каждые: 83,334 шагов
Eval deterministic эпизодов: 20
Eval stochastic эпизодов: 0
Eval лимит шагов на эпизод: 5000
Campaign map: small
Campaign objective: cities
System resources at training start:
  Platform: Linux 6.17.0-1022-azure (x86_64)
  Python: 3.14.7
  PyTorch: 2.13.0+cpu
  Training device: cpu
  CPU model: AMD EPYC 7763 64-Core Processor
  CPU vendor: AuthenticAMD
  Logical CPUs visible: 4
  Process CPU affinity: 4
  Sockets: 1
  Cores per socket: 2
  Threads per core: 2
  CPU max MHz: unknown
  CPU min MHz: unknown
  L1d cache: 64 KiB (2 instances)
  L1i cache: 64 KiB (2 instances)
  L2 cache: 1 MiB (2 instances)
  L3 cache: 32 MiB (1 instance)
  Virtualization: AMD-V
  Hypervisor: Microsoft
  RAM total: 15.61 GiB
  RAM available at start: 13.89 GiB
  Disk total: 144.26 GiB
  Disk free at start: 77.50 GiB
  Torch intra-op threads: 4
  Torch inter-op threads: 2
  OMP_NUM_THREADS: 4
  MKL_NUM_THREADS: 4
  OPENBLAS_NUM_THREADS: 4
  GitHub runner OS: Linux
  GitHub runner architecture: X64
  GitHub runner environment: github-hosted
PPO n_steps: 2,048
PPO batch_size: 512
PPO n_epochs: 5
PPO learning_rate: 0.0003
PPO clip_range: 0.2
PPO ent_coef: 0.01
PPO gamma: 0.995
PPO gae_lambda: 0.95
PPO target_kl: disabled
PPO gradient batches per rollout: 240
VecCheckNan: disabled
Freeze action layout: enabled
Empire territory: enabled
Torch threads per process: 4
Diagnostics: disabled
Wall-clock training limit: disabled
Run ID: seed132-small-cities-32920959071-1
============================================================

Logging to /home/runner/work/Disciples2-RL/Disciples2-RL/github_experiments/132/small/cities/seed132-small-cities-32920959071-1/tensorboard/MaskablePPO_1
---------------------------------
| rollout/           |          |
|    ep_len_mean     | 104      |
|    ep_rew_mean     | -5.05    |
| time/              |          |
|    fps             | 479      |
|    iterations      | 1        |
|    time_elapsed    | 51       |
|    total_timesteps | 24576    |
---------------------------------
-----------------------------------------
| rollout/                |             |
|    ep_len_mean          | 122         |
|    ep_rew_mean          | -4.29       |
| time/                   |             |
|    fps                  | 446         |
|    iterations           | 2           |
|    time_elapsed         | 110         |
|    total_timesteps      | 49152       |
| train/                  |             |
|    approx_kl            | 0.010085539 |
|    clip_fraction        | 0.0826      |
|    clip_range           | 0.2         |
|    entropy_loss         | -2.22       |
|    explained_variance   | 0.0854      |
|    learning_rate        | 0.0003      |
|    loss                 | 0.226       |
|    n_updates            | 5           |
|    policy_gradient_loss | -0.00809    |
|    value_loss           | 0.666       |
-----------------------------------------
-----------------------------------------
| rollout/                |             |
|    ep_len_mean          | 187         |
|    ep_rew_mean          | -5.89       |
| time/                   |             |
|    fps                  | 438         |
|    iterations           | 3           |
|    time_elapsed         | 168         |
|    total_timesteps      | 73728       |
| train/                  |             |
|    approx_kl            | 0.010913844 |
|    clip_fraction        | 0.137       |
|    clip_range           | 0.2         |
|    entropy_loss         | -2.15       |
|    explained_variance   | 0.59        |
|    learning_rate        | 0.0003      |
|    loss                 | 0.0954      |
|    n_updates            | 10          |
|    policy_gradient_loss | -0.013      |
|    value_loss           | 0.317       |
-----------------------------------------
-----------------------------------------
| rollout/                |             |
|    ep_len_mean          | 197         |
|    ep_rew_mean          | -2.52       |
| time/                   |             |
|    fps                  | 435         |
|    iterations           | 4           |
|    time_elapsed         | 225         |
|    total_timesteps      | 98304       |
| train/                  |             |
|    approx_kl            | 0.010112016 |
|    clip_fraction        | 0.123       |
|    clip_range           | 0.2         |
|    entropy_loss         | -2.08       |
|    explained_variance   | 0.765       |
|    learning_rate        | 0.0003      |
|    loss                 | 0.0585      |
|    n_updates            | 15          |
|    policy_gradient_loss | -0.0121     |
|    value_loss           | 0.196       |
-----------------------------------------
-----------------------------------------
| rollout/                |             |
|    ep_len_mean          | 261         |
|    ep_rew_mean          | 0.227       |
| time/                   |             |
|    fps                  | 433         |
|    iterations           | 5           |
|    time_elapsed         | 283         |
|    total_timesteps      | 122880      |
| train/                  |             |
|    approx_kl            | 0.010526503 |
|    clip_fraction        | 0.104       |
|    clip_range           | 0.2         |
|    entropy_loss         | -2.08       |
|    explained_variance   | 0.851       |
|    learning_rate        | 0.0003      |
|    loss                 | 0.023       |
|    n_updates            | 20          |
|    policy_gradient_loss | -0.00925    |
|    value_loss           | 0.134       |
-----------------------------------------
-----------------------------------------
| rollout/                |             |
|    ep_len_mean          | 238         |
|    ep_rew_mean          | 7.01        |
| time/                   |             |
|    fps                  | 432         |
|    iterations           | 6           |
|    time_elapsed         | 340         |
|    total_timesteps      | 147456      |
| train/                  |             |
|    approx_kl            | 0.010593855 |
|    clip_fraction        | 0.102       |
|    clip_range           | 0.2         |
|    entropy_loss         | -2.06       |
|    explained_variance   | 0.881       |
|    learning_rate        | 0.0003      |
|    loss                 | 0.00932     |
|    n_updates            | 25          |
|    policy_gradient_loss | -0.00903    |
|    value_loss           | 0.0925      |
-----------------------------------------
-----------------------------------------
| rollout/                |             |
|    ep_len_mean          | 200         |
|    ep_rew_mean          | 8.49        |
| time/                   |             |
|    fps                  | 435         |
|    iterations           | 7           |
|    time_elapsed         | 394         |
|    total_timesteps      | 172032      |
| train/                  |             |
|    approx_kl            | 0.009672724 |
|    clip_fraction        | 0.0928      |
|    clip_range           | 0.2         |
|    entropy_loss         | -2.02       |
|    explained_variance   | 0.883       |
|    learning_rate        | 0.0003      |
|    loss                 | 0.0101      |
|    n_updates            | 30          |
|    policy_gradient_loss | -0.00882    |
|    value_loss           | 0.0879      |
-----------------------------------------
-----------------------------------------
| rollout/                |             |
|    ep_len_mean          | 196         |
|    ep_rew_mean          | 10.5        |
| time/                   |             |
|    fps                  | 439         |
|    iterations           | 8           |
|    time_elapsed         | 447         |
|    total_timesteps      | 196608      |
| train/                  |             |
|    approx_kl            | 0.010137977 |
|    clip_fraction        | 0.113       |
|    clip_range           | 0.2         |
|    entropy_loss         | -1.98       |
|    explained_variance   | 0.865       |
|    learning_rate        | 0.0003      |
|    loss                 | 0.00861     |
|    n_updates            | 35          |
|    policy_gradient_loss | -0.00861    |
|    value_loss           | 0.0805      |
-----------------------------------------
-----------------------------------------
| rollout/                |             |
|    ep_len_mean          | 169         |
|    ep_rew_mean          | 12.6        |
| time/                   |             |
|    fps                  | 441         |
|    iterations           | 9           |
|    time_elapsed         | 500         |
|    total_timesteps      | 221184      |
| train/                  |             |
|    approx_kl            | 0.009265005 |
|    clip_fraction        | 0.106       |
|    clip_range           | 0.2         |
|    entropy_loss         | -1.97       |
|    explained_variance   | 0.857       |
|    learning_rate        | 0.0003      |
|    loss                 | 0.00334     |
|    n_updates            | 40          |
|    policy_gradient_loss | -0.00852    |
|    value_loss           | 0.0704      |
-----------------------------------------
------------------------------------------
| rollout/                |              |
|    ep_len_mean          | 178          |
|    ep_rew_mean          | 17           |
| time/                   |              |
|    fps                  | 444          |
|    iterations           | 10           |
|    time_elapsed         | 553          |
|    total_timesteps      | 245760       |
| train/                  |              |
|    approx_kl            | 0.0085653635 |
|    clip_fraction        | 0.0944       |
|    clip_range           | 0.2          |
|    entropy_loss         | -1.93        |
|    explained_variance   | 0.847        |
|    learning_rate        | 0.0003       |
|    loss                 | 0.0127       |
|    n_updates            | 45           |
|    policy_gradient_loss | -0.00851     |
|    value_loss           | 0.0704       |
------------------------------------------
----------------------------------------
| rollout/                |            |
|    ep_len_mean          | 153        |
|    ep_rew_mean          | 15.4       |
| time/                   |            |
|    fps                  | 446        |
|    iterations           | 11         |
|    time_elapsed         | 605        |
|    total_timesteps      | 270336     |
| train/                  |            |
|    approx_kl            | 0.00858818 |
|    clip_fraction        | 0.0841     |
|    clip_range           | 0.2        |
|    entropy_loss         | -1.89      |
|    explained_variance   | 0.814      |
|    learning_rate        | 0.0003     |
|    loss                 | 0.009      |
|    n_updates            | 50         |
|    policy_gradient_loss | -0.00772   |
|    value_loss           | 0.076      |
----------------------------------------
------------------------------------------
| rollout/                |              |
|    ep_len_mean          | 160          |
|    ep_rew_mean          | 18.6         |
| time/                   |              |
|    fps                  | 448          |
|    iterations           | 12           |
|    time_elapsed         | 657          |
|    total_timesteps      | 294912       |
| train/                  |              |
|    approx_kl            | 0.0073037627 |
|    clip_fraction        | 0.0687       |
|    clip_range           | 0.2          |
|    entropy_loss         | -1.83        |
|    explained_variance   | 0.784        |
|    learning_rate        | 0.0003       |
|    loss                 | 0.00609      |
|    n_updates            | 55           |
|    policy_gradient_loss | -0.00577     |
|    value_loss           | 0.0856       |
------------------------------------------
-----------------------------------------
| rollout/                |             |
|    ep_len_mean          | 137         |
|    ep_rew_mean          | 16.8        |
| time/                   |             |
|    fps                  | 449         |
|    iterations           | 13          |
|    time_elapsed         | 711         |
|    total_timesteps      | 319488      |
| train/                  |             |
|    approx_kl            | 0.007262722 |
|    clip_fraction        | 0.0681      |
|    clip_range           | 0.2         |
|    entropy_loss         | -1.78       |
|    explained_variance   | 0.776       |
|    learning_rate        | 0.0003      |
|    loss                 | 0.00887     |
|    n_updates            | 60          |
|    policy_gradient_loss | -0.00575    |
|    value_loss           | 0.0949      |
-----------------------------------------
------------------------------------------
| rollout/                |              |
|    ep_len_mean          | 147          |
|    ep_rew_mean          | 17.9         |
| time/                   |              |
|    fps                  | 450          |
|    iterations           | 14           |
|    time_elapsed         | 764          |
|    total_timesteps      | 344064       |
| train/                  |              |
|    approx_kl            | 0.0076186485 |
|    clip_fraction        | 0.0711       |
|    clip_range           | 0.2          |
|    entropy_loss         | -1.76        |
|    explained_variance   | 0.749        |
|    learning_rate        | 0.0003       |
|    loss                 | 0.0257       |
|    n_updates            | 65           |
|    policy_gradient_loss | -0.00564     |
|    value_loss           | 0.115        |
------------------------------------------
------------------------------------------
| rollout/                |              |
|    ep_len_mean          | 135          |
|    ep_rew_mean          | 17.8         |
| time/                   |              |
|    fps                  | 449          |
|    iterations           | 15           |
|    time_elapsed         | 820          |
|    total_timesteps      | 368640       |
| train/                  |              |
|    approx_kl            | 0.0070060804 |
|    clip_fraction        | 0.0615       |
|    clip_range           | 0.2          |
|    entropy_loss         | -1.73        |
|    explained_variance   | 0.766        |
|    learning_rate        | 0.0003       |
|    loss                 | 0.0319       |
|    n_updates            | 70           |
|    policy_gradient_loss | -0.00541     |
|    value_loss           | 0.109        |
------------------------------------------
-----------------------------------------
| rollout/                |             |
|    ep_len_mean          | 147         |
|    ep_rew_mean          | 19.5        |
| time/                   |             |
|    fps                  | 450         |
|    iterations           | 16          |
|    time_elapsed         | 872         |
|    total_timesteps      | 393216      |
| train/                  |             |
|    approx_kl            | 0.006944038 |
|    clip_fraction        | 0.065       |
|    clip_range           | 0.2         |
|    entropy_loss         | -1.71       |
|    explained_variance   | 0.782       |
|    learning_rate        | 0.0003      |
|    loss                 | 0.0545      |
|    n_updates            | 75          |
|    policy_gradient_loss | -0.0059     |
|    value_loss           | 0.126       |
-----------------------------------------
-----------------------------------------
| rollout/                |             |
|    ep_len_mean          | 160         |
|    ep_rew_mean          | 25          |
| time/                   |             |
|    fps                  | 452         |
|    iterations           | 17          |
|    time_elapsed         | 924         |
|    total_timesteps      | 417792      |
| train/                  |             |
|    approx_kl            | 0.006511867 |
|    clip_fraction        | 0.0585      |
|    clip_range           | 0.2         |
|    entropy_loss         | -1.7        |
|    explained_variance   | 0.768       |
|    learning_rate        | 0.0003      |
|    loss                 | 0.0432      |
|    n_updates            | 80          |
|    policy_gradient_loss | -0.005      |
|    value_loss           | 0.128       |
-----------------------------------------
-----------------------------------------
| rollout/                |             |
|    ep_len_mean          | 156         |
|    ep_rew_mean          | 24.2        |
| time/                   |             |
|    fps                  | 452         |
|    iterations           | 18          |
|    time_elapsed         | 977         |
|    total_timesteps      | 442368      |
| train/                  |             |
|    approx_kl            | 0.007304696 |
|    clip_fraction        | 0.0671      |
|    clip_range           | 0.2         |
|    entropy_loss         | -1.69       |
|    explained_variance   | 0.744       |
|    learning_rate        | 0.0003      |
|    loss                 | 0.0371      |
|    n_updates            | 85          |
|    policy_gradient_loss | -0.00535    |
|    value_loss           | 0.138       |
-----------------------------------------
------------------------------------------
| rollout/                |              |
|    ep_len_mean          | 172          |
|    ep_rew_mean          | 30           |
| time/                   |              |
|    fps                  | 451          |
|    iterations           | 19           |
|    time_elapsed         | 1033         |
|    total_timesteps      | 466944       |
| train/                  |              |
|    approx_kl            | 0.0073630535 |
|    clip_fraction        | 0.0746       |
|    clip_range           | 0.2          |
|    entropy_loss         | -1.65        |
|    explained_variance   | 0.793        |
|    learning_rate        | 0.0003       |
|    loss                 | 0.0428       |
|    n_updates            | 90           |
|    policy_gradient_loss | -0.0065      |
|    value_loss           | 0.126        |
------------------------------------------
-----------------------------------------
| rollout/                |             |
|    ep_len_mean          | 170         |
|    ep_rew_mean          | 28.6        |
| time/                   |             |
|    fps                  | 451         |
|    iterations           | 20          |
|    time_elapsed         | 1089        |
|    total_timesteps      | 491520      |
| train/                  |             |
|    approx_kl            | 0.007362393 |
|    clip_fraction        | 0.0767      |
|    clip_range           | 0.2         |
|    entropy_loss         | -1.63       |
|    explained_variance   | 0.806       |
|    learning_rate        | 0.0003      |
|    loss                 | 0.032       |
|    n_updates            | 95          |
|    policy_gradient_loss | -0.00644    |
|    value_loss           | 0.121       |
-----------------------------------------
[Checkpoint] Saved at 500000 steps > /home/runner/work/Disciples2-RL/Disciples2-RL/github_experiments/132/small/cities/seed132-small-cities-32920959071-1/checkpoints/campaign_ppo_step_500000.zip
------------------------------------------
| rollout/                |              |
|    ep_len_mean          | 158          |
|    ep_rew_mean          | 30.2         |
| time/                   |              |
|    fps                  | 451          |
|    iterations           | 21           |
|    time_elapsed         | 1144         |
|    total_timesteps      | 516096       |
| train/                  |              |
|    approx_kl            | 0.0062517202 |
|    clip_fraction        | 0.0596       |
|    clip_range           | 0.2          |
|    entropy_loss         | -1.6         |
|    explained_variance   | 0.807        |
|    learning_rate        | 0.0003       |
|    loss                 | 0.0387       |
|    n_updates            | 100          |
|    policy_gradient_loss | -0.00559     |
|    value_loss           | 0.14         |
------------------------------------------
------------------------------------------
| rollout/                |              |
|    ep_len_mean          | 160          |
|    ep_rew_mean          | 30.5         |
| time/                   |              |
|    fps                  | 451          |
|    iterations           | 22           |
|    time_elapsed         | 1198         |
|    total_timesteps      | 540672       |
| train/                  |              |
|    approx_kl            | 0.0069213607 |
|    clip_fraction        | 0.0693       |
|    clip_range           | 0.2          |
|    entropy_loss         | -1.56        |
|    explained_variance   | 0.808        |
|    learning_rate        | 0.0003       |
|    loss                 | 0.0371       |
|    n_updates            | 105          |
|    policy_gradient_loss | -0.00545     |
|    value_loss           | 0.144        |
------------------------------------------
-----------------------------------------
| rollout/                |             |
|    ep_len_mean          | 167         |
|    ep_rew_mean          | 30.8        |
| time/                   |             |
|    fps                  | 450         |
|    iterations           | 23          |
|    time_elapsed         | 1254        |
|    total_timesteps      | 565248      |
| train/                  |             |
|    approx_kl            | 0.006540379 |
|    clip_fraction        | 0.0612      |
|    clip_range           | 0.2         |
|    entropy_loss         | -1.56       |
|    explained_variance   | 0.806       |
|    learning_rate        | 0.0003      |
|    loss                 | 0.0584      |
|    n_updates            | 110         |
|    policy_gradient_loss | -0.00508    |
|    value_loss           | 0.151       |
-----------------------------------------
----------------------------------------
| rollout/                |            |
|    ep_len_mean          | 164        |
|    ep_rew_mean          | 32.5       |
| time/                   |            |
|    fps                  | 449        |
|    iterations           | 24         |
|    time_elapsed         | 1310       |
|    total_timesteps      | 589824     |
| train/                  |            |
|    approx_kl            | 0.00655576 |
|    clip_fraction        | 0.0702     |
|    clip_range           | 0.2        |
|    entropy_loss         | -1.56      |
|    explained_variance   | 0.822      |
|    learning_rate        | 0.0003     |
|    loss                 | 0.0495     |
|    n_updates            | 115        |
|    policy_gradient_loss | -0.00532   |
|    value_loss           | 0.147      |
----------------------------------------
-----------------------------------------
| rollout/                |             |
|    ep_len_mean          | 168         |
|    ep_rew_mean          | 33.9        |
| time/                   |             |
|    fps                  | 449         |
|    iterations           | 25          |
|    time_elapsed         | 1367        |
|    total_timesteps      | 614400      |
| train/                  |             |
|    approx_kl            | 0.006729644 |
|    clip_fraction        | 0.0719      |
|    clip_range           | 0.2         |
|    entropy_loss         | -1.53       |
|    explained_variance   | 0.868       |
|    learning_rate        | 0.0003      |
|    loss                 | 0.0386      |
|    n_updates            | 120         |
|    policy_gradient_loss | -0.0061     |
|    value_loss           | 0.131       |
-----------------------------------------
-----------------------------------------
| rollout/                |             |
|    ep_len_mean          | 213         |
|    ep_rew_mean          | 26.8        |
| time/                   |             |
|    fps                  | 450         |
|    iterations           | 26          |
|    time_elapsed         | 1419        |
|    total_timesteps      | 638976      |
| train/                  |             |
|    approx_kl            | 0.006895238 |
|    clip_fraction        | 0.0729      |
|    clip_range           | 0.2         |
|    entropy_loss         | -1.52       |
|    explained_variance   | 0.931       |
|    learning_rate        | 0.0003      |
|    loss                 | 0.0287      |
|    n_updates            | 125         |
|    policy_gradient_loss | -0.00524    |
|    value_loss           | 0.0955      |
-----------------------------------------
-----------------------------------------
| rollout/                |             |
|    ep_len_mean          | 158         |
|    ep_rew_mean          | 34.8        |
| time/                   |             |
|    fps                  | 449         |
|    iterations           | 27          |
|    time_elapsed         | 1475        |
|    total_timesteps      | 663552      |
| train/                  |             |
|    approx_kl            | 0.007494116 |
|    clip_fraction        | 0.0779      |
|    clip_range           | 0.2         |
|    entropy_loss         | -1.48       |
|    explained_variance   | 0.93        |
|    learning_rate        | 0.0003      |
|    loss                 | 0.0255      |
|    n_updates            | 130         |
|    policy_gradient_loss | -0.00588    |
|    value_loss           | 0.103       |
-----------------------------------------
------------------------------------------
| rollout/                |              |
|    ep_len_mean          | 173          |
|    ep_rew_mean          | 41.8         |
| time/                   |              |
|    fps                  | 449          |
|    iterations           | 28           |
|    time_elapsed         | 1531         |
|    total_timesteps      | 688128       |
| train/                  |              |
|    approx_kl            | 0.0067075007 |
|    clip_fraction        | 0.0696       |
|    clip_range           | 0.2          |
|    entropy_loss         | -1.43        |
|    explained_variance   | 0.893        |
|    learning_rate        | 0.0003       |
|    loss                 | 0.0284       |
|    n_updates            | 135          |
|    policy_gradient_loss | -0.00623     |
|    value_loss           | 0.117        |
------------------------------------------
------------------------------------------
| rollout/                |              |
|    ep_len_mean          | 267          |
|    ep_rew_mean          | 32.1         |
| time/                   |              |
|    fps                  | 448          |
|    iterations           | 29           |
|    time_elapsed         | 1587         |
|    total_timesteps      | 712704       |
| train/                  |              |
|    approx_kl            | 0.0062582977 |
|    clip_fraction        | 0.0607       |
|    clip_range           | 0.2          |
|    entropy_loss         | -1.37        |
|    explained_variance   | 0.942        |
|    learning_rate        | 0.0003       |
|    loss                 | 0.0102       |
|    n_updates            | 140          |
|    policy_gradient_loss | -0.00521     |
|    value_loss           | 0.0781       |
------------------------------------------
------------------------------------------
| rollout/                |              |
|    ep_len_mean          | 239          |
|    ep_rew_mean          | 36.5         |
| time/                   |              |
|    fps                  | 449          |
|    iterations           | 30           |
|    time_elapsed         | 1641         |
|    total_timesteps      | 737280       |
| train/                  |              |
|    approx_kl            | 0.0060798028 |
|    clip_fraction        | 0.0703       |
|    clip_range           | 0.2          |
|    entropy_loss         | -1.33        |
|    explained_variance   | 0.96         |
|    learning_rate        | 0.0003       |
|    loss                 | -0.00177     |
|    n_updates            | 145          |
|    policy_gradient_loss | -0.00507     |
|    value_loss           | 0.0744       |
------------------------------------------
------------------------------------------
| rollout/                |              |
|    ep_len_mean          | 174          |
|    ep_rew_mean          | 41.8         |
| time/                   |              |
|    fps                  | 449          |
|    iterations           | 31           |
|    time_elapsed         | 1694         |
|    total_timesteps      | 761856       |
| train/                  |              |
|    approx_kl            | 0.0058970787 |
|    clip_fraction        | 0.0653       |
|    clip_range           | 0.2          |
|    entropy_loss         | -1.31        |
|    explained_variance   | 0.945        |
|    learning_rate        | 0.0003       |
|    loss                 | 0.00441      |
|    n_updates            | 150          |
|    policy_gradient_loss | -0.00505     |
|    value_loss           | 0.0734       |
------------------------------------------
-----------------------------------------
| rollout/                |             |
|    ep_len_mean          | 169         |
|    ep_rew_mean          | 43.8        |
| time/                   |             |
|    fps                  | 449         |
|    iterations           | 32          |
|    time_elapsed         | 1747        |
|    total_timesteps      | 786432      |
| train/                  |             |
|    approx_kl            | 0.005874714 |
|    clip_fraction        | 0.0591      |
|    clip_range           | 0.2         |
|    entropy_loss         | -1.29       |
|    explained_variance   | 0.942       |
|    learning_rate        | 0.0003      |
|    loss                 | 0.00281     |
|    n_updates            | 155         |
|    policy_gradient_loss | -0.00398    |
|    value_loss           | 0.0607      |
-----------------------------------------
------------------------------------------
| rollout/                |              |
|    ep_len_mean          | 253          |
|    ep_rew_mean          | 35.2         |
| time/                   |              |
|    fps                  | 450          |
|    iterations           | 33           |
|    time_elapsed         | 1800         |
|    total_timesteps      | 811008       |
| train/                  |              |
|    approx_kl            | 0.0071679656 |
|    clip_fraction        | 0.0716       |
|    clip_range           | 0.2          |
|    entropy_loss         | -1.27        |
|    explained_variance   | 0.968        |
|    learning_rate        | 0.0003       |
|    loss                 | -0.000776    |
|    n_updates            | 160          |
|    policy_gradient_loss | -0.00501     |
|    value_loss           | 0.0489       |
------------------------------------------
------------------------------------------
| rollout/                |              |
|    ep_len_mean          | 213          |
|    ep_rew_mean          | 40.1         |
| time/                   |              |
|    fps                  | 450          |
|    iterations           | 34           |
|    time_elapsed         | 1854         |
|    total_timesteps      | 835584       |
| train/                  |              |
|    approx_kl            | 0.0061887316 |
|    clip_fraction        | 0.0653       |
|    clip_range           | 0.2          |
|    entropy_loss         | -1.26        |
|    explained_variance   | 0.969        |
|    learning_rate        | 0.0003       |
|    loss                 | -0.00166     |
|    n_updates            | 165          |
|    policy_gradient_loss | -0.00527     |
|    value_loss           | 0.0521       |
------------------------------------------
-----------------------------------------
| rollout/                |             |
|    ep_len_mean          | 212         |
|    ep_rew_mean          | 43.9        |
| time/                   |             |
|    fps                  | 450         |
|    iterations           | 35          |
|    time_elapsed         | 1909        |
|    total_timesteps      | 860160      |
| train/                  |             |
|    approx_kl            | 0.005497278 |
|    clip_fraction        | 0.0603      |
|    clip_range           | 0.2         |
|    entropy_loss         | -1.27       |
|    explained_variance   | 0.969       |
|    learning_rate        | 0.0003      |
|    loss                 | 0.00271     |
|    n_updates            | 170         |
|    policy_gradient_loss | -0.00445    |
|    value_loss           | 0.0559      |
-----------------------------------------
-----------------------------------------
| rollout/                |             |
|    ep_len_mean          | 197         |
|    ep_rew_mean          | 45.8        |
| time/                   |             |
|    fps                  | 451         |
|    iterations           | 36          |
|    time_elapsed         | 1960        |
|    total_timesteps      | 884736      |
| train/                  |             |
|    approx_kl            | 0.005947893 |
|    clip_fraction        | 0.0625      |
|    clip_range           | 0.2         |
|    entropy_loss         | -1.25       |
|    explained_variance   | 0.958       |
|    learning_rate        | 0.0003      |
|    loss                 | 0.008       |
|    n_updates            | 175         |
|    policy_gradient_loss | -0.00557    |
|    value_loss           | 0.0564      |
-----------------------------------------
-----------------------------------------
| rollout/                |             |
|    ep_len_mean          | 188         |
|    ep_rew_mean          | 47.6        |
| time/                   |             |
|    fps                  | 451         |
|    iterations           | 37          |
|    time_elapsed         | 2012        |
|    total_timesteps      | 909312      |
| train/                  |             |
|    approx_kl            | 0.006771931 |
|    clip_fraction        | 0.0696      |
|    clip_range           | 0.2         |
|    entropy_loss         | -1.2        |
|    explained_variance   | 0.95        |
|    learning_rate        | 0.0003      |
|    loss                 | 0.0196      |
|    n_updates            | 180         |
|    policy_gradient_loss | -0.00454    |
|    value_loss           | 0.0685      |
-----------------------------------------
-----------------------------------------
| rollout/                |             |
|    ep_len_mean          | 195         |
|    ep_rew_mean          | 48.6        |
| time/                   |             |
|    fps                  | 451         |
|    iterations           | 38          |
|    time_elapsed         | 2067        |
|    total_timesteps      | 933888      |
| train/                  |             |
|    approx_kl            | 0.005959866 |
|    clip_fraction        | 0.0639      |
|    clip_range           | 0.2         |
|    entropy_loss         | -1.2        |
|    explained_variance   | 0.946       |
|    learning_rate        | 0.0003      |
|    loss                 | 0.0159      |
|    n_updates            | 185         |
|    policy_gradient_loss | -0.00537    |
|    value_loss           | 0.0643      |
-----------------------------------------
------------------------------------------
| rollout/                |              |
|    ep_len_mean          | 166          |
|    ep_rew_mean          | 52.2         |
| time/                   |              |
|    fps                  | 451          |
|    iterations           | 39           |
|    time_elapsed         | 2122         |
|    total_timesteps      | 958464       |
| train/                  |              |
|    approx_kl            | 0.0068566673 |
|    clip_fraction        | 0.0699       |
|    clip_range           | 0.2          |
|    entropy_loss         | -1.23        |
|    explained_variance   | 0.962        |
|    learning_rate        | 0.0003       |
|    loss                 | 0.0266       |
|    n_updates            | 190          |
|    policy_gradient_loss | -0.00397     |
|    value_loss           | 0.0642       |
------------------------------------------
-----------------------------------------
| rollout/                |             |
|    ep_len_mean          | 225         |
|    ep_rew_mean          | 46.4        |
| time/                   |             |
|    fps                  | 451         |
|    iterations           | 40          |
|    time_elapsed         | 2177        |
|    total_timesteps      | 983040      |
| train/                  |             |
|    approx_kl            | 0.006608241 |
|    clip_fraction        | 0.0706      |
|    clip_range           | 0.2         |
|    entropy_loss         | -1.23       |
|    explained_variance   | 0.971       |
|    learning_rate        | 0.0003      |
|    loss                 | 0.00801     |
|    n_updates            | 195         |
|    policy_gradient_loss | -0.00443    |
|    value_loss           | 0.0466      |
-----------------------------------------
[Checkpoint] Saved at 1000000 steps > /home/runner/work/Disciples2-RL/Disciples2-RL/github_experiments/132/small/cities/seed132-small-cities-32920959071-1/checkpoints/campaign_ppo_step_1000000.zip
Eval num_timesteps=1000008, det_reward=53.29 +/- 15.36
Episode length: det=133.00 +/- 17.02
Victory rate: det=0.00%
--------------------------------------------------
| eval/                           |              |
|    deterministic_mean_ep_length | 133          |
|    deterministic_mean_reward    | 53.3         |
|    deterministic_victory_rate   | 0            |
|    mean_ep_length               | 133          |
|    mean_reward                  | 53.3         |
|    victory_rate                 | 0            |
| time/                           |              |
|    total_timesteps              | 1000008      |
| train/                          |              |
|    approx_kl                    | 0.0057984744 |
|    clip_fraction                | 0.0572       |
|    clip_range                   | 0.2          |
|    entropy_loss                 | -1.18        |
|    explained_variance           | 0.961        |
|    learning_rate                | 0.0003       |
|    loss                         | 0.00721      |
|    n_updates                    | 200          |
|    policy_gradient_loss         | -0.00482     |
|    value_loss                   | 0.0503       |
--------------------------------------------------
New best model by deterministic victory rate!
---------------------------------
| rollout/           |          |
|    ep_len_mean     | 226      |
|    ep_rew_mean     | 53.5     |
| time/              |          |
|    fps             | 449      |
|    iterations      | 41       |
|    time_elapsed    | 2240     |
|    total_timesteps | 1007616  |
---------------------------------
VecNormalize stats saved: /home/runner/work/Disciples2-RL/Disciples2-RL/github_experiments/132/small/cities/seed132-small-cities-32920959071-1/models/vecnormalize.pkl

Финальная модель сохранена: /home/runner/work/Disciples2-RL/Disciples2-RL/github_experiments/132/small/cities/seed132-small-cities-32920959071-1/models/final_model.zip

============================================================
ИТОГИ ОБУЧЕНИЯ:
  Побед: 14
  Поражений: 5626
  Таймаутов: 5
  Побед бота столицы над врагами: 0
  Перестановок юнитов: 184345
  Терминальные поражения по противникам:
    enemy_34: 1225 — Отряд Порта Полонис: Воин спереди, Колдун, Нигош (Носферату) и Привидение сзади
    enemy_15: 642 — Отряд: 2 привидения спереди, вампир сзади
    enemy_29: 591 — Отряд: 3 скваера на передней линии
    enemy_74: 411 — Руины (43, 34): Лорд Тьмы, Лич
    enemy_25: 390 — Отряд: копейщик спереди и служка сзади
    enemy_23: 387 — Отряд: волк на передней линии
    enemy_17: 359 — Отряд: воин спереди, 2 призрака и привидение сзади
    enemy_61: 285 — Отряд: Зомби, Призрак
    enemy_7: 276 — Отряд: воин + привидение спереди, колдун + призрак + привидение сзади
    enemy_31: 276 — Отряд: зеленый дракон
    enemy_27: 169 — Отряд: скваер в центре и 2 крестьянина на передней линии
    enemy_21: 157 — Отряд: зомби спереди, привидение сзади
    enemy_65: 100 — Отряд: Кентавр копейщик, Рейнджер
    enemy_19: 79 — Отряд: зомби спереди, привидение сзади
    enemy_9: 62 — Отряд: тамплиер спереди, колдун и призрак сзади
    enemy_3: 54 — Отряд: орк чемпион на передней линии
    enemy_59: 38 — Отряд: Зомби
    enemy_35: 26 — Отряд Соругириллы: Унфегра (Королева личей), Виверна
    enemy_63: 20 — Отряд: Разбойник
    enemy_57: 17 — Отряд: Призрак, Привидение, Воин
    enemy_68: 17 — Внутренний гарнизон Порта Полонис: Зомби, Воин
    enemy_11: 16 — Отряд: оборотень спереди и тень сзади
    enemy_5: 10 — Отряд: орк чемпион на передней линии
    enemy_69: 9 — Внутренний гарнизон Соругириллы: Зомби, Воин
    enemy_43: 4 — Отряд: Призрак, Тамплиер
    enemy_75: 2 — Страж столицы Империи: Мизраэль
    enemy_39: 1 — Отряд: Волк, Варвар
    enemy_70: 1 — Руины (15, 9): Орк, Гоблин, Гоблин
    enemy_13: 1 — Отряд: 2 зомби спереди и привидение сзади
    enemy_47: 1 — Отряд: Призрак, Привидение, Привидение, Воин
  Winrate: 0.2%
============================================================
  График призывов за эпизод: /home/runner/work/Disciples2-RL/Disciples2-RL/github_experiments/132/small/cities/seed132-small-cities-32920959071-1/plots/campaign_summoned_units_per_episode.png
  График призывов за всё обучение: /home/runner/work/Disciples2-RL/Disciples2-RL/github_experiments/132/small/cities/seed132-small-cities-32920959071-1/plots/campaign_summoned_units_cumulative.png
  График найма за эпизод: /home/runner/work/Disciples2-RL/Disciples2-RL/github_experiments/132/small/cities/seed132-small-cities-32920959071-1/plots/campaign_hired_units_per_episode.png
  График найма за всё обучение: /home/runner/work/Disciples2-RL/Disciples2-RL/github_experiments/132/small/cities/seed132-small-cities-32920959071-1/plots/campaign_hired_units_cumulative.png
  График перестановок юнитов за эпизод: /home/runner/work/Disciples2-RL/Disciples2-RL/github_experiments/132/small/cities/seed132-small-cities-32920959071-1/plots/campaign_unit_swaps_per_episode.png
  График боевых предметов: /home/runner/work/Disciples2-RL/Disciples2-RL/github_experiments/132/small/cities/seed132-small-cities-32920959071-1/plots/campaign_battle_item_activity.png
  График побед бота столицы за эпизод: /home/runner/work/Disciples2-RL/Disciples2-RL/github_experiments/132/small/cities/seed132-small-cities-32920959071-1/plots/campaign_scripted_bot_victories_per_episode.png
  График применения заклинаний: /home/runner/work/Disciples2-RL/Disciples2-RL/github_experiments/132/small/cities/seed132-small-cities-32920959071-1/plots/campaign_spell_cast_activity.png
