Проверка среды CampaignEnv...
Среда прошла проверку!
[INFO] Comet disabled, running without experiment tracking
Создание 12 параллельных сред (subproc)...
Инициализация MaskablePPO...
Using cpu device

============================================================
Запуск обучения Campaign Agent
Всего шагов: 1,000,000
Параллельных сред: 12
VecEnv: subproc
VecEnv start method: forkserver
Seed: 128
Checkpoint каждые: 500,000 шагов
Evaluation каждые: 83,334 шагов
Eval deterministic эпизодов: 20
Eval stochastic эпизодов: 0
Eval лимит шагов на эпизод: 5000
Campaign map: small
Campaign objective: dragon
System resources at training start:
  Platform: Linux 6.17.0-1022-azure (x86_64)
  Python: 3.14.7
  PyTorch: 2.13.0+cpu
  Training device: cpu
  CPU model: Intel(R) Xeon(R) Platinum 8370C CPU @ 2.80GHz
  CPU vendor: GenuineIntel
  Logical CPUs visible: 4
  Process CPU affinity: 4
  Sockets: 1
  Cores per socket: 2
  Threads per core: 2
  CPU max MHz: 2800.0000
  CPU min MHz: 800.0000
  L1d cache: 96 KiB (2 instances)
  L1i cache: 64 KiB (2 instances)
  L2 cache: 2.5 MiB (2 instances)
  L3 cache: 48 MiB (1 instance)
  Virtualization: VT-x
  Hypervisor: Microsoft
  RAM total: 15.61 GiB
  RAM available at start: 13.92 GiB
  Disk total: 144.26 GiB
  Disk free at start: 79.86 GiB
  Torch intra-op threads: 4
  Torch inter-op threads: 2
  OMP_NUM_THREADS: 4
  MKL_NUM_THREADS: 4
  OPENBLAS_NUM_THREADS: 4
  GitHub runner OS: Linux
  GitHub runner architecture: X64
  GitHub runner environment: github-hosted
PPO n_steps: 2,048
PPO batch_size: 512
PPO n_epochs: 5
PPO learning_rate: 0.0003
PPO clip_range: 0.2
PPO ent_coef: 0.01
PPO gamma: 0.995
PPO gae_lambda: 0.95
PPO target_kl: disabled
PPO gradient batches per rollout: 240
VecCheckNan: disabled
Freeze action layout: enabled
Empire territory: enabled
Torch threads per process: 4
Diagnostics: disabled
Wall-clock training limit: disabled
Run ID: seed128-small-green_dragon-31925536530-1
============================================================

Logging to /home/runner/work/Disciples2-RL/Disciples2-RL/github_experiments/128/small/green_dragon/seed128-small-green_dragon-31925536530-1/tensorboard/MaskablePPO_1
---------------------------------
| rollout/           |          |
|    ep_len_mean     | 103      |
|    ep_rew_mean     | -4.64    |
| time/              |          |
|    fps             | 534      |
|    iterations      | 1        |
|    time_elapsed    | 45       |
|    total_timesteps | 24576    |
---------------------------------
-----------------------------------------
| rollout/                |             |
|    ep_len_mean          | 127         |
|    ep_rew_mean          | -3.18       |
| time/                   |             |
|    fps                  | 512         |
|    iterations           | 2           |
|    time_elapsed         | 95          |
|    total_timesteps      | 49152       |
| train/                  |             |
|    approx_kl            | 0.010996413 |
|    clip_fraction        | 0.0968      |
|    clip_range           | 0.2         |
|    entropy_loss         | -2.22       |
|    explained_variance   | -0.00994    |
|    learning_rate        | 0.0003      |
|    loss                 | 0.287       |
|    n_updates            | 5           |
|    policy_gradient_loss | -0.00866    |
|    value_loss           | 0.63        |
-----------------------------------------
-----------------------------------------
| rollout/                |             |
|    ep_len_mean          | 163         |
|    ep_rew_mean          | -3.19       |
| time/                   |             |
|    fps                  | 494         |
|    iterations           | 3           |
|    time_elapsed         | 149         |
|    total_timesteps      | 73728       |
| train/                  |             |
|    approx_kl            | 0.010821779 |
|    clip_fraction        | 0.122       |
|    clip_range           | 0.2         |
|    entropy_loss         | -2.14       |
|    explained_variance   | 0.597       |
|    learning_rate        | 0.0003      |
|    loss                 | 0.0844      |
|    n_updates            | 10          |
|    policy_gradient_loss | -0.012      |
|    value_loss           | 0.263       |
-----------------------------------------
-----------------------------------------
| rollout/                |             |
|    ep_len_mean          | 238         |
|    ep_rew_mean          | -7.74       |
| time/                   |             |
|    fps                  | 483         |
|    iterations           | 4           |
|    time_elapsed         | 203         |
|    total_timesteps      | 98304       |
| train/                  |             |
|    approx_kl            | 0.011838082 |
|    clip_fraction        | 0.134       |
|    clip_range           | 0.2         |
|    entropy_loss         | -2.12       |
|    explained_variance   | 0.759       |
|    learning_rate        | 0.0003      |
|    loss                 | 0.0476      |
|    n_updates            | 15          |
|    policy_gradient_loss | -0.0122     |
|    value_loss           | 0.182       |
-----------------------------------------
-----------------------------------------
| rollout/                |             |
|    ep_len_mean          | 361         |
|    ep_rew_mean          | -20.2       |
| time/                   |             |
|    fps                  | 479         |
|    iterations           | 5           |
|    time_elapsed         | 256         |
|    total_timesteps      | 122880      |
| train/                  |             |
|    approx_kl            | 0.008560696 |
|    clip_fraction        | 0.0721      |
|    clip_range           | 0.2         |
|    entropy_loss         | -2.05       |
|    explained_variance   | 0.894       |
|    learning_rate        | 0.0003      |
|    loss                 | 0.0113      |
|    n_updates            | 20          |
|    policy_gradient_loss | -0.00635    |
|    value_loss           | 0.0772      |
-----------------------------------------
-----------------------------------------
| rollout/                |             |
|    ep_len_mean          | 451         |
|    ep_rew_mean          | -19.8       |
| time/                   |             |
|    fps                  | 478         |
|    iterations           | 6           |
|    time_elapsed         | 307         |
|    total_timesteps      | 147456      |
| train/                  |             |
|    approx_kl            | 0.009685591 |
|    clip_fraction        | 0.107       |
|    clip_range           | 0.2         |
|    entropy_loss         | -2.07       |
|    explained_variance   | 0.916       |
|    learning_rate        | 0.0003      |
|    loss                 | 0.00254     |
|    n_updates            | 25          |
|    policy_gradient_loss | -0.0063     |
|    value_loss           | 0.0537      |
-----------------------------------------
-----------------------------------------
| rollout/                |             |
|    ep_len_mean          | 272         |
|    ep_rew_mean          | 4.34        |
| time/                   |             |
|    fps                  | 479         |
|    iterations           | 7           |
|    time_elapsed         | 358         |
|    total_timesteps      | 172032      |
| train/                  |             |
|    approx_kl            | 0.010606934 |
|    clip_fraction        | 0.115       |
|    clip_range           | 0.2         |
|    entropy_loss         | -2.11       |
|    explained_variance   | 0.902       |
|    learning_rate        | 0.0003      |
|    loss                 | -0.0175     |
|    n_updates            | 30          |
|    policy_gradient_loss | -0.00797    |
|    value_loss           | 0.0553      |
-----------------------------------------
-----------------------------------------
| rollout/                |             |
|    ep_len_mean          | 224         |
|    ep_rew_mean          | 7.75        |
| time/                   |             |
|    fps                  | 482         |
|    iterations           | 8           |
|    time_elapsed         | 407         |
|    total_timesteps      | 196608      |
| train/                  |             |
|    approx_kl            | 0.009552148 |
|    clip_fraction        | 0.0913      |
|    clip_range           | 0.2         |
|    entropy_loss         | -2.06       |
|    explained_variance   | 0.878       |
|    learning_rate        | 0.0003      |
|    loss                 | -0.00835    |
|    n_updates            | 35          |
|    policy_gradient_loss | -0.00729    |
|    value_loss           | 0.0393      |
-----------------------------------------
-----------------------------------------
| rollout/                |             |
|    ep_len_mean          | 199         |
|    ep_rew_mean          | 9.35        |
| time/                   |             |
|    fps                  | 484         |
|    iterations           | 9           |
|    time_elapsed         | 456         |
|    total_timesteps      | 221184      |
| train/                  |             |
|    approx_kl            | 0.009020542 |
|    clip_fraction        | 0.0837      |
|    clip_range           | 0.2         |
|    entropy_loss         | -2.06       |
|    explained_variance   | 0.884       |
|    learning_rate        | 0.0003      |
|    loss                 | -0.0286     |
|    n_updates            | 40          |
|    policy_gradient_loss | -0.00769    |
|    value_loss           | 0.0245      |
-----------------------------------------
------------------------------------------
| rollout/                |              |
|    ep_len_mean          | 173          |
|    ep_rew_mean          | 10.1         |
| time/                   |              |
|    fps                  | 485          |
|    iterations           | 10           |
|    time_elapsed         | 505          |
|    total_timesteps      | 245760       |
| train/                  |              |
|    approx_kl            | 0.0113448715 |
|    clip_fraction        | 0.127        |
|    clip_range           | 0.2          |
|    entropy_loss         | -1.98        |
|    explained_variance   | 0.863        |
|    learning_rate        | 0.0003       |
|    loss                 | -0.0187      |
|    n_updates            | 45           |
|    policy_gradient_loss | -0.0107      |
|    value_loss           | 0.0254       |
------------------------------------------
----------------------------------------
| rollout/                |            |
|    ep_len_mean          | 193        |
|    ep_rew_mean          | 14.2       |
| time/                   |            |
|    fps                  | 487        |
|    iterations           | 11         |
|    time_elapsed         | 554        |
|    total_timesteps      | 270336     |
| train/                  |            |
|    approx_kl            | 0.00878463 |
|    clip_fraction        | 0.093      |
|    clip_range           | 0.2        |
|    entropy_loss         | -1.93      |
|    explained_variance   | 0.855      |
|    learning_rate        | 0.0003     |
|    loss                 | -0.0137    |
|    n_updates            | 50         |
|    policy_gradient_loss | -0.00754   |
|    value_loss           | 0.025      |
----------------------------------------
----------------------------------------
| rollout/                |            |
|    ep_len_mean          | 191        |
|    ep_rew_mean          | 16.1       |
| time/                   |            |
|    fps                  | 489        |
|    iterations           | 12         |
|    time_elapsed         | 602        |
|    total_timesteps      | 294912     |
| train/                  |            |
|    approx_kl            | 0.00926832 |
|    clip_fraction        | 0.0948     |
|    clip_range           | 0.2        |
|    entropy_loss         | -1.9       |
|    explained_variance   | 0.849      |
|    learning_rate        | 0.0003     |
|    loss                 | -0.0121    |
|    n_updates            | 55         |
|    policy_gradient_loss | -0.00819   |
|    value_loss           | 0.0268     |
----------------------------------------
-----------------------------------------
| rollout/                |             |
|    ep_len_mean          | 174         |
|    ep_rew_mean          | 17.1        |
| time/                   |             |
|    fps                  | 491         |
|    iterations           | 13          |
|    time_elapsed         | 650         |
|    total_timesteps      | 319488      |
| train/                  |             |
|    approx_kl            | 0.009510874 |
|    clip_fraction        | 0.0998      |
|    clip_range           | 0.2         |
|    entropy_loss         | -1.87       |
|    explained_variance   | 0.813       |
|    learning_rate        | 0.0003      |
|    loss                 | -0.0109     |
|    n_updates            | 60          |
|    policy_gradient_loss | -0.00811    |
|    value_loss           | 0.0323      |
-----------------------------------------
-----------------------------------------
| rollout/                |             |
|    ep_len_mean          | 160         |
|    ep_rew_mean          | 16.3        |
| time/                   |             |
|    fps                  | 492         |
|    iterations           | 14          |
|    time_elapsed         | 698         |
|    total_timesteps      | 344064      |
| train/                  |             |
|    approx_kl            | 0.008233297 |
|    clip_fraction        | 0.0879      |
|    clip_range           | 0.2         |
|    entropy_loss         | -1.84       |
|    explained_variance   | 0.799       |
|    learning_rate        | 0.0003      |
|    loss                 | -0.0133     |
|    n_updates            | 65          |
|    policy_gradient_loss | -0.00761    |
|    value_loss           | 0.0385      |
-----------------------------------------
-----------------------------------------
| rollout/                |             |
|    ep_len_mean          | 158         |
|    ep_rew_mean          | 18.2        |
| time/                   |             |
|    fps                  | 493         |
|    iterations           | 15          |
|    time_elapsed         | 746         |
|    total_timesteps      | 368640      |
| train/                  |             |
|    approx_kl            | 0.007644919 |
|    clip_fraction        | 0.0726      |
|    clip_range           | 0.2         |
|    entropy_loss         | -1.84       |
|    explained_variance   | 0.822       |
|    learning_rate        | 0.0003      |
|    loss                 | -0.00413    |
|    n_updates            | 70          |
|    policy_gradient_loss | -0.00691    |
|    value_loss           | 0.0403      |
-----------------------------------------
----------------------------------------
| rollout/                |            |
|    ep_len_mean          | 158        |
|    ep_rew_mean          | 20         |
| time/                   |            |
|    fps                  | 495        |
|    iterations           | 16         |
|    time_elapsed         | 793        |
|    total_timesteps      | 393216     |
| train/                  |            |
|    approx_kl            | 0.00784621 |
|    clip_fraction        | 0.0686     |
|    clip_range           | 0.2        |
|    entropy_loss         | -1.79      |
|    explained_variance   | 0.859      |
|    learning_rate        | 0.0003     |
|    loss                 | -0.0101    |
|    n_updates            | 75         |
|    policy_gradient_loss | -0.00554   |
|    value_loss           | 0.0432     |
----------------------------------------
------------------------------------------
| rollout/                |              |
|    ep_len_mean          | 205          |
|    ep_rew_mean          | 16.5         |
| time/                   |              |
|    fps                  | 496          |
|    iterations           | 17           |
|    time_elapsed         | 841          |
|    total_timesteps      | 417792       |
| train/                  |              |
|    approx_kl            | 0.0068093683 |
|    clip_fraction        | 0.0642       |
|    clip_range           | 0.2          |
|    entropy_loss         | -1.77        |
|    explained_variance   | 0.895        |
|    learning_rate        | 0.0003       |
|    loss                 | -0.00728     |
|    n_updates            | 80           |
|    policy_gradient_loss | -0.00555     |
|    value_loss           | 0.0414       |
------------------------------------------
------------------------------------------
| rollout/                |              |
|    ep_len_mean          | 164          |
|    ep_rew_mean          | 22           |
| time/                   |              |
|    fps                  | 497          |
|    iterations           | 18           |
|    time_elapsed         | 889          |
|    total_timesteps      | 442368       |
| train/                  |              |
|    approx_kl            | 0.0077272817 |
|    clip_fraction        | 0.0764       |
|    clip_range           | 0.2          |
|    entropy_loss         | -1.76        |
|    explained_variance   | 0.871        |
|    learning_rate        | 0.0003       |
|    loss                 | -0.012       |
|    n_updates            | 85           |
|    policy_gradient_loss | -0.00624     |
|    value_loss           | 0.047        |
------------------------------------------
------------------------------------------
| rollout/                |              |
|    ep_len_mean          | 183          |
|    ep_rew_mean          | 20.1         |
| time/                   |              |
|    fps                  | 498          |
|    iterations           | 19           |
|    time_elapsed         | 937          |
|    total_timesteps      | 466944       |
| train/                  |              |
|    approx_kl            | 0.0077364035 |
|    clip_fraction        | 0.0703       |
|    clip_range           | 0.2          |
|    entropy_loss         | -1.73        |
|    explained_variance   | 0.872        |
|    learning_rate        | 0.0003       |
|    loss                 | -0.00483     |
|    n_updates            | 90           |
|    policy_gradient_loss | -0.0057      |
|    value_loss           | 0.0463       |
------------------------------------------
-----------------------------------------
| rollout/                |             |
|    ep_len_mean          | 211         |
|    ep_rew_mean          | 17.1        |
| time/                   |             |
|    fps                  | 498         |
|    iterations           | 20          |
|    time_elapsed         | 985         |
|    total_timesteps      | 491520      |
| train/                  |             |
|    approx_kl            | 0.007943913 |
|    clip_fraction        | 0.0724      |
|    clip_range           | 0.2         |
|    entropy_loss         | -1.74       |
|    explained_variance   | 0.935       |
|    learning_rate        | 0.0003      |
|    loss                 | -0.0137     |
|    n_updates            | 95          |
|    policy_gradient_loss | -0.00577    |
|    value_loss           | 0.0447      |
-----------------------------------------
[Checkpoint] Saved at 500000 steps > /home/runner/work/Disciples2-RL/Disciples2-RL/github_experiments/128/small/green_dragon/seed128-small-green_dragon-31925536530-1/checkpoints/campaign_ppo_step_500000.zip
------------------------------------------
| rollout/                |              |
|    ep_len_mean          | 163          |
|    ep_rew_mean          | 21.3         |
| time/                   |              |
|    fps                  | 499          |
|    iterations           | 21           |
|    time_elapsed         | 1033         |
|    total_timesteps      | 516096       |
| train/                  |              |
|    approx_kl            | 0.0067193196 |
|    clip_fraction        | 0.0572       |
|    clip_range           | 0.2          |
|    entropy_loss         | -1.74        |
|    explained_variance   | 0.934        |
|    learning_rate        | 0.0003       |
|    loss                 | 0.00475      |
|    n_updates            | 100          |
|    policy_gradient_loss | -0.00439     |
|    value_loss           | 0.0545       |
------------------------------------------
------------------------------------------
| rollout/                |              |
|    ep_len_mean          | 163          |
|    ep_rew_mean          | 23.8         |
| time/                   |              |
|    fps                  | 500          |
|    iterations           | 22           |
|    time_elapsed         | 1080         |
|    total_timesteps      | 540672       |
| train/                  |              |
|    approx_kl            | 0.0077812043 |
|    clip_fraction        | 0.0796       |
|    clip_range           | 0.2          |
|    entropy_loss         | -1.71        |
|    explained_variance   | 0.891        |
|    learning_rate        | 0.0003       |
|    loss                 | -0.00347     |
|    n_updates            | 105          |
|    policy_gradient_loss | -0.00606     |
|    value_loss           | 0.058        |
------------------------------------------
-----------------------------------------
| rollout/                |             |
|    ep_len_mean          | 221         |
|    ep_rew_mean          | 23.2        |
| time/                   |             |
|    fps                  | 500         |
|    iterations           | 23          |
|    time_elapsed         | 1128        |
|    total_timesteps      | 565248      |
| train/                  |             |
|    approx_kl            | 0.006854433 |
|    clip_fraction        | 0.0688      |
|    clip_range           | 0.2         |
|    entropy_loss         | -1.68       |
|    explained_variance   | 0.909       |
|    learning_rate        | 0.0003      |
|    loss                 | 0.00193     |
|    n_updates            | 110         |
|    policy_gradient_loss | -0.00499    |
|    value_loss           | 0.0575      |
-----------------------------------------
------------------------------------------
| rollout/                |              |
|    ep_len_mean          | 207          |
|    ep_rew_mean          | 23.4         |
| time/                   |              |
|    fps                  | 500          |
|    iterations           | 24           |
|    time_elapsed         | 1177         |
|    total_timesteps      | 589824       |
| train/                  |              |
|    approx_kl            | 0.0075058606 |
|    clip_fraction        | 0.0683       |
|    clip_range           | 0.2          |
|    entropy_loss         | -1.68        |
|    explained_variance   | 0.935        |
|    learning_rate        | 0.0003       |
|    loss                 | 0.0024       |
|    n_updates            | 115          |
|    policy_gradient_loss | -0.00493     |
|    value_loss           | 0.0484       |
------------------------------------------
-----------------------------------------
| rollout/                |             |
|    ep_len_mean          | 229         |
|    ep_rew_mean          | 23.3        |
| time/                   |             |
|    fps                  | 501         |
|    iterations           | 25          |
|    time_elapsed         | 1226        |
|    total_timesteps      | 614400      |
| train/                  |             |
|    approx_kl            | 0.007748315 |
|    clip_fraction        | 0.0824      |
|    clip_range           | 0.2         |
|    entropy_loss         | -1.7        |
|    explained_variance   | 0.94        |
|    learning_rate        | 0.0003      |
|    loss                 | -0.00374    |
|    n_updates            | 120         |
|    policy_gradient_loss | -0.00636    |
|    value_loss           | 0.0487      |
-----------------------------------------
----------------------------------------
| rollout/                |            |
|    ep_len_mean          | 274        |
|    ep_rew_mean          | 24.2       |
| time/                   |            |
|    fps                  | 501        |
|    iterations           | 26         |
|    time_elapsed         | 1275       |
|    total_timesteps      | 638976     |
| train/                  |            |
|    approx_kl            | 0.00799585 |
|    clip_fraction        | 0.079      |
|    clip_range           | 0.2        |
|    entropy_loss         | -1.7       |
|    explained_variance   | 0.947      |
|    learning_rate        | 0.0003     |
|    loss                 | 0.00548    |
|    n_updates            | 125        |
|    policy_gradient_loss | -0.00574   |
|    value_loss           | 0.0487     |
----------------------------------------
------------------------------------------
| rollout/                |              |
|    ep_len_mean          | 276          |
|    ep_rew_mean          | 18.4         |
| time/                   |              |
|    fps                  | 500          |
|    iterations           | 27           |
|    time_elapsed         | 1326         |
|    total_timesteps      | 663552       |
| train/                  |              |
|    approx_kl            | 0.0073592775 |
|    clip_fraction        | 0.0828       |
|    clip_range           | 0.2          |
|    entropy_loss         | -1.68        |
|    explained_variance   | 0.947        |
|    learning_rate        | 0.0003       |
|    loss                 | -5.8e-05     |
|    n_updates            | 130          |
|    policy_gradient_loss | -0.00566     |
|    value_loss           | 0.0525       |
------------------------------------------
------------------------------------------
| rollout/                |              |
|    ep_len_mean          | 219          |
|    ep_rew_mean          | 31.9         |
| time/                   |              |
|    fps                  | 499          |
|    iterations           | 28           |
|    time_elapsed         | 1376         |
|    total_timesteps      | 688128       |
| train/                  |              |
|    approx_kl            | 0.0078874435 |
|    clip_fraction        | 0.0711       |
|    clip_range           | 0.2          |
|    entropy_loss         | -1.61        |
|    explained_variance   | 0.937        |
|    learning_rate        | 0.0003       |
|    loss                 | 0.0058       |
|    n_updates            | 135          |
|    policy_gradient_loss | -0.00518     |
|    value_loss           | 0.055        |
------------------------------------------
-----------------------------------------
| rollout/                |             |
|    ep_len_mean          | 181         |
|    ep_rew_mean          | 33.3        |
| time/                   |             |
|    fps                  | 499         |
|    iterations           | 29          |
|    time_elapsed         | 1426        |
|    total_timesteps      | 712704      |
| train/                  |             |
|    approx_kl            | 0.007320475 |
|    clip_fraction        | 0.0742      |
|    clip_range           | 0.2         |
|    entropy_loss         | -1.55       |
|    explained_variance   | 0.91        |
|    learning_rate        | 0.0003      |
|    loss                 | 0.00815     |
|    n_updates            | 140         |
|    policy_gradient_loss | -0.00578    |
|    value_loss           | 0.0606      |
-----------------------------------------
-----------------------------------------
| rollout/                |             |
|    ep_len_mean          | 237         |
|    ep_rew_mean          | 39.3        |
| time/                   |             |
|    fps                  | 499         |
|    iterations           | 30          |
|    time_elapsed         | 1474        |
|    total_timesteps      | 737280      |
| train/                  |             |
|    approx_kl            | 0.006723271 |
|    clip_fraction        | 0.0667      |
|    clip_range           | 0.2         |
|    entropy_loss         | -1.49       |
|    explained_variance   | 0.872       |
|    learning_rate        | 0.0003      |
|    loss                 | 0.0188      |
|    n_updates            | 145         |
|    policy_gradient_loss | -0.00486    |
|    value_loss           | 0.0682      |
-----------------------------------------
-----------------------------------------
| rollout/                |             |
|    ep_len_mean          | 213         |
|    ep_rew_mean          | 36.9        |
| time/                   |             |
|    fps                  | 500         |
|    iterations           | 31          |
|    time_elapsed         | 1522        |
|    total_timesteps      | 761856      |
| train/                  |             |
|    approx_kl            | 0.007351445 |
|    clip_fraction        | 0.0714      |
|    clip_range           | 0.2         |
|    entropy_loss         | -1.53       |
|    explained_variance   | 0.894       |
|    learning_rate        | 0.0003      |
|    loss                 | 0.00639     |
|    n_updates            | 150         |
|    policy_gradient_loss | -0.00544    |
|    value_loss           | 0.0611      |
-----------------------------------------
------------------------------------------
| rollout/                |              |
|    ep_len_mean          | 211          |
|    ep_rew_mean          | 39.8         |
| time/                   |              |
|    fps                  | 500          |
|    iterations           | 32           |
|    time_elapsed         | 1569         |
|    total_timesteps      | 786432       |
| train/                  |              |
|    approx_kl            | 0.0070953513 |
|    clip_fraction        | 0.0643       |
|    clip_range           | 0.2          |
|    entropy_loss         | -1.5         |
|    explained_variance   | 0.876        |
|    learning_rate        | 0.0003       |
|    loss                 | 0.00435      |
|    n_updates            | 155          |
|    policy_gradient_loss | -0.00355     |
|    value_loss           | 0.06         |
------------------------------------------
------------------------------------------
| rollout/                |              |
|    ep_len_mean          | 187          |
|    ep_rew_mean          | 37.6         |
| time/                   |              |
|    fps                  | 501          |
|    iterations           | 33           |
|    time_elapsed         | 1617         |
|    total_timesteps      | 811008       |
| train/                  |              |
|    approx_kl            | 0.0063631698 |
|    clip_fraction        | 0.0632       |
|    clip_range           | 0.2          |
|    entropy_loss         | -1.46        |
|    explained_variance   | 0.863        |
|    learning_rate        | 0.0003       |
|    loss                 | 0.0106       |
|    n_updates            | 160          |
|    policy_gradient_loss | -0.00519     |
|    value_loss           | 0.065        |
------------------------------------------
------------------------------------------
| rollout/                |              |
|    ep_len_mean          | 203          |
|    ep_rew_mean          | 40.8         |
| time/                   |              |
|    fps                  | 502          |
|    iterations           | 34           |
|    time_elapsed         | 1664         |
|    total_timesteps      | 835584       |
| train/                  |              |
|    approx_kl            | 0.0069454475 |
|    clip_fraction        | 0.0701       |
|    clip_range           | 0.2          |
|    entropy_loss         | -1.41        |
|    explained_variance   | 0.834        |
|    learning_rate        | 0.0003       |
|    loss                 | 0.00804      |
|    n_updates            | 165          |
|    policy_gradient_loss | -0.00551     |
|    value_loss           | 0.0727       |
------------------------------------------
------------------------------------------
| rollout/                |              |
|    ep_len_mean          | 195          |
|    ep_rew_mean          | 41.8         |
| time/                   |              |
|    fps                  | 502          |
|    iterations           | 35           |
|    time_elapsed         | 1711         |
|    total_timesteps      | 860160       |
| train/                  |              |
|    approx_kl            | 0.0061444766 |
|    clip_fraction        | 0.0559       |
|    clip_range           | 0.2          |
|    entropy_loss         | -1.42        |
|    explained_variance   | 0.854        |
|    learning_rate        | 0.0003       |
|    loss                 | 0.00759      |
|    n_updates            | 170          |
|    policy_gradient_loss | -0.00413     |
|    value_loss           | 0.069        |
------------------------------------------
-----------------------------------------
| rollout/                |             |
|    ep_len_mean          | 207         |
|    ep_rew_mean          | 43.8        |
| time/                   |             |
|    fps                  | 503         |
|    iterations           | 36          |
|    time_elapsed         | 1758        |
|    total_timesteps      | 884736      |
| train/                  |             |
|    approx_kl            | 0.005855214 |
|    clip_fraction        | 0.0558      |
|    clip_range           | 0.2         |
|    entropy_loss         | -1.36       |
|    explained_variance   | 0.86        |
|    learning_rate        | 0.0003      |
|    loss                 | 0.0163      |
|    n_updates            | 175         |
|    policy_gradient_loss | -0.00344    |
|    value_loss           | 0.0715      |
-----------------------------------------
-----------------------------------------
| rollout/                |             |
|    ep_len_mean          | 191         |
|    ep_rew_mean          | 42.6        |
| time/                   |             |
|    fps                  | 503         |
|    iterations           | 37          |
|    time_elapsed         | 1805        |
|    total_timesteps      | 909312      |
| train/                  |             |
|    approx_kl            | 0.005989477 |
|    clip_fraction        | 0.0538      |
|    clip_range           | 0.2         |
|    entropy_loss         | -1.35       |
|    explained_variance   | 0.859       |
|    learning_rate        | 0.0003      |
|    loss                 | 0.0165      |
|    n_updates            | 180         |
|    policy_gradient_loss | -0.00369    |
|    value_loss           | 0.0687      |
-----------------------------------------
------------------------------------------
| rollout/                |              |
|    ep_len_mean          | 193          |
|    ep_rew_mean          | 41.4         |
| time/                   |              |
|    fps                  | 504          |
|    iterations           | 38           |
|    time_elapsed         | 1852         |
|    total_timesteps      | 933888       |
| train/                  |              |
|    approx_kl            | 0.0062071793 |
|    clip_fraction        | 0.0625       |
|    clip_range           | 0.2          |
|    entropy_loss         | -1.34        |
|    explained_variance   | 0.878        |
|    learning_rate        | 0.0003       |
|    loss                 | 0.00303      |
|    n_updates            | 185          |
|    policy_gradient_loss | -0.00409     |
|    value_loss           | 0.0601       |
------------------------------------------
------------------------------------------
| rollout/                |              |
|    ep_len_mean          | 217          |
|    ep_rew_mean          | 45.2         |
| time/                   |              |
|    fps                  | 504          |
|    iterations           | 39           |
|    time_elapsed         | 1899         |
|    total_timesteps      | 958464       |
| train/                  |              |
|    approx_kl            | 0.0056406274 |
|    clip_fraction        | 0.0554       |
|    clip_range           | 0.2          |
|    entropy_loss         | -1.35        |
|    explained_variance   | 0.871        |
|    learning_rate        | 0.0003       |
|    loss                 | 0.0222       |
|    n_updates            | 190          |
|    policy_gradient_loss | -0.00402     |
|    value_loss           | 0.073        |
------------------------------------------
------------------------------------------
| rollout/                |              |
|    ep_len_mean          | 223          |
|    ep_rew_mean          | 48.9         |
| time/                   |              |
|    fps                  | 505          |
|    iterations           | 40           |
|    time_elapsed         | 1946         |
|    total_timesteps      | 983040       |
| train/                  |              |
|    approx_kl            | 0.0061035263 |
|    clip_fraction        | 0.0618       |
|    clip_range           | 0.2          |
|    entropy_loss         | -1.37        |
|    explained_variance   | 0.879        |
|    learning_rate        | 0.0003       |
|    loss                 | 0.0141       |
|    n_updates            | 195          |
|    policy_gradient_loss | -0.00481     |
|    value_loss           | 0.068        |
------------------------------------------
[Checkpoint] Saved at 1000000 steps > /home/runner/work/Disciples2-RL/Disciples2-RL/github_experiments/128/small/green_dragon/seed128-small-green_dragon-31925536530-1/checkpoints/campaign_ppo_step_1000000.zip
Eval num_timesteps=1000008, det_reward=-39.14 +/- 195.95
Episode length: det=985.50 +/- 1623.58
Victory rate: det=0.00%
--------------------------------------------------
| eval/                           |              |
|    deterministic_mean_ep_length | 986          |
|    deterministic_mean_reward    | -39.1        |
|    deterministic_victory_rate   | 0            |
|    mean_ep_length               | 986          |
|    mean_reward                  | -39.1        |
|    victory_rate                 | 0            |
| time/                           |              |
|    total_timesteps              | 1000008      |
| train/                          |              |
|    approx_kl                    | 0.0061945193 |
|    clip_fraction                | 0.0655       |
|    clip_range                   | 0.2          |
|    entropy_loss                 | -1.33        |
|    explained_variance           | 0.884        |
|    learning_rate                | 0.0003       |
|    loss                         | 0.0196       |
|    n_updates                    | 200          |
|    policy_gradient_loss         | -0.00477     |
|    value_loss                   | 0.0659       |
--------------------------------------------------
New best model by deterministic victory rate!
---------------------------------
| rollout/           |          |
|    ep_len_mean     | 215      |
|    ep_rew_mean     | 48.3     |
| time/              |          |
|    fps             | 489      |
|    iterations      | 41       |
|    time_elapsed    | 2060     |
|    total_timesteps | 1007616  |
---------------------------------
VecNormalize stats saved: /home/runner/work/Disciples2-RL/Disciples2-RL/github_experiments/128/small/green_dragon/seed128-small-green_dragon-31925536530-1/models/vecnormalize.pkl

Финальная модель сохранена: /home/runner/work/Disciples2-RL/Disciples2-RL/github_experiments/128/small/green_dragon/seed128-small-green_dragon-31925536530-1/models/final_model.zip

============================================================
ИТОГИ ОБУЧЕНИЯ:
  Побед: 0
  Поражений: 5041
  Таймаутов: 6
  Побед бота столицы над врагами: 0
  Перестановок юнитов: 198172
  Терминальные поражения по противникам:
    enemy_15: 618 — Отряд: 2 привидения спереди, вампир сзади
    enemy_7: 566 — Отряд: воин + привидение спереди, колдун + призрак + привидение сзади
    enemy_29: 559 — Отряд: 3 скваера на передней линии
    enemy_3: 528 — Отряд: орк чемпион на передней линии
    enemy_23: 387 — Отряд: волк на передней линии
    enemy_25: 359 — Отряд: копейщик спереди и служка сзади
    enemy_9: 354 — Отряд: тамплиер спереди, колдун и призрак сзади
    enemy_5: 305 — Отряд: орк чемпион на передней линии
    enemy_70: 284 — Руины (15, 9): Орк, Гоблин, Гоблин
    enemy_75: 222 — Страж столицы Империи: Мизраэль
    enemy_27: 162 — Отряд: скваер в центре и 2 крестьянина на передней линии
    enemy_31: 121 — Отряд: зеленый дракон
    enemy_17: 92 — Отряд: воин спереди, 2 призрака и привидение сзади
    enemy_34: 85 — Отряд Порта Полонис: Воин спереди, Колдун, Нигош (Носферату) и Привидение сзади
    enemy_37: 75 — Отряд: Гном, Травница, Алхимик
    enemy_11: 74 — Отряд: оборотень спереди и тень сзади
    enemy_41: 46 — Отряд: Гном, Метатель топоров
    enemy_21: 38 — Отряд: зомби спереди, привидение сзади
    enemy_61: 29 — Отряд: Зомби, Призрак
    enemy_35: 26 — Отряд Соругириллы: Унфегра (Королева личей), Виверна
    enemy_39: 18 — Отряд: Волк, Варвар
    enemy_65: 16 — Отряд: Кентавр копейщик, Рейнджер
    enemy_13: 12 — Отряд: 2 зомби спереди и привидение сзади
    enemy_49: 11 — Отряд: Гном
    enemy_57: 9 — Отряд: Призрак, Привидение, Воин
    enemy_59: 8 — Отряд: Зомби
    enemy_47: 8 — Отряд: Призрак, Привидение, Привидение, Воин
    enemy_63: 6 — Отряд: Разбойник
    enemy_45: 6 — Отряд: Головорез
    enemy_53: 6 — Отряд: Скваер, Ополченец
    enemy_1: 4 — Отряд: волк на передней линии
    enemy_43: 3 — Отряд: Призрак, Тамплиер
    enemy_19: 1 — Отряд: зомби спереди, привидение сзади
    enemy_69: 1 — Внутренний гарнизон Соругириллы: Зомби, Воин
    enemy_68: 1 — Внутренний гарнизон Порта Полонис: Зомби, Воин
    enemy_74: 1 — Руины (43, 34): Лорд Тьмы, Лич
  Winrate: 0.0%
============================================================
  График призывов за эпизод: /home/runner/work/Disciples2-RL/Disciples2-RL/github_experiments/128/small/green_dragon/seed128-small-green_dragon-31925536530-1/plots/campaign_summoned_units_per_episode.png
  График призывов за всё обучение: /home/runner/work/Disciples2-RL/Disciples2-RL/github_experiments/128/small/green_dragon/seed128-small-green_dragon-31925536530-1/plots/campaign_summoned_units_cumulative.png
  График найма за эпизод: /home/runner/work/Disciples2-RL/Disciples2-RL/github_experiments/128/small/green_dragon/seed128-small-green_dragon-31925536530-1/plots/campaign_hired_units_per_episode.png
  График найма за всё обучение: /home/runner/work/Disciples2-RL/Disciples2-RL/github_experiments/128/small/green_dragon/seed128-small-green_dragon-31925536530-1/plots/campaign_hired_units_cumulative.png
  График перестановок юнитов за эпизод: /home/runner/work/Disciples2-RL/Disciples2-RL/github_experiments/128/small/green_dragon/seed128-small-green_dragon-31925536530-1/plots/campaign_unit_swaps_per_episode.png
  График боевых предметов: /home/runner/work/Disciples2-RL/Disciples2-RL/github_experiments/128/small/green_dragon/seed128-small-green_dragon-31925536530-1/plots/campaign_battle_item_activity.png
  График побед бота столицы за эпизод: /home/runner/work/Disciples2-RL/Disciples2-RL/github_experiments/128/small/green_dragon/seed128-small-green_dragon-31925536530-1/plots/campaign_scripted_bot_victories_per_episode.png
  График применения заклинаний: /home/runner/work/Disciples2-RL/Disciples2-RL/github_experiments/128/small/green_dragon/seed128-small-green_dragon-31925536530-1/plots/campaign_spell_cast_activity.png
