Проверка среды CampaignEnv...
Среда прошла проверку!
[INFO] Comet disabled, running without experiment tracking
Создание 12 параллельных сред (subproc)...
Инициализация MaskablePPO...
Using cpu device

============================================================
Запуск обучения Campaign Agent
Всего шагов: 1,000,000
Параллельных сред: 12
VecEnv: subproc
VecEnv start method: forkserver
Seed: 124
Checkpoint каждые: 500,000 шагов
Evaluation каждые: 83,334 шагов
Eval deterministic эпизодов: 20
Eval stochastic эпизодов: 0
Eval лимит шагов на эпизод: 5000
Campaign map: default
Campaign objective: cities
System resources at training start:
  Platform: Linux 6.17.0-1020-azure (x86_64)
  Python: 3.14.6
  PyTorch: 2.13.0+cpu
  Training device: cpu
  CPU model: AMD EPYC 9V74 80-Core Processor
  CPU vendor: AuthenticAMD
  Logical CPUs visible: 4
  Process CPU affinity: 4
  Sockets: 1
  Cores per socket: 2
  Threads per core: 2
  CPU max MHz: unknown
  CPU min MHz: unknown
  L1d cache: 64 KiB (2 instances)
  L1i cache: 64 KiB (2 instances)
  L2 cache: 2 MiB (2 instances)
  L3 cache: 32 MiB (1 instance)
  Virtualization: AMD-V
  Hypervisor: Microsoft
  RAM total: 15.61 GiB
  RAM available at start: 13.87 GiB
  Disk total: 144.26 GiB
  Disk free at start: 82.09 GiB
  Torch intra-op threads: 4
  Torch inter-op threads: 2
  OMP_NUM_THREADS: 4
  MKL_NUM_THREADS: 4
  OPENBLAS_NUM_THREADS: 4
  GitHub runner OS: Linux
  GitHub runner architecture: X64
  GitHub runner environment: github-hosted
PPO n_steps: 2,048
PPO batch_size: 512
PPO n_epochs: 5
PPO learning_rate: 0.0003
PPO clip_range: 0.2
PPO ent_coef: 0.01
PPO gamma: 0.995
PPO gae_lambda: 0.95
PPO target_kl: disabled
PPO gradient batches per rollout: 240
VecCheckNan: disabled
Freeze action layout: enabled
Empire territory: enabled
Torch threads per process: 4
Diagnostics: disabled
Wall-clock training limit: disabled
Run ID: seed124-default-cities-30956587993-1
============================================================

Logging to /home/runner/work/Disciples2-RL/Disciples2-RL/github_experiments/124/default/cities/seed124-default-cities-30956587993-1/tensorboard/MaskablePPO_1
------------------------------
| time/              |       |
|    fps             | 397   |
|    iterations      | 1     |
|    time_elapsed    | 61    |
|    total_timesteps | 24576 |
------------------------------
-----------------------------------------
| rollout/                |             |
|    ep_len_mean          | 3.44e+03    |
|    ep_rew_mean          | 126         |
| time/                   |             |
|    fps                  | 376         |
|    iterations           | 2           |
|    time_elapsed         | 130         |
|    total_timesteps      | 49152       |
| train/                  |             |
|    approx_kl            | 0.009827399 |
|    clip_fraction        | 0.0681      |
|    clip_range           | 0.2         |
|    entropy_loss         | -2.23       |
|    explained_variance   | -0.09       |
|    learning_rate        | 0.0003      |
|    loss                 | 0.0195      |
|    n_updates            | 5           |
|    policy_gradient_loss | -0.00631    |
|    value_loss           | 0.107       |
-----------------------------------------
---------------------------------------
| rollout/                |           |
|    ep_len_mean          | 3.97e+03  |
|    ep_rew_mean          | 76.5      |
| time/                   |           |
|    fps                  | 368       |
|    iterations           | 3         |
|    time_elapsed         | 200       |
|    total_timesteps      | 73728     |
| train/                  |           |
|    approx_kl            | 0.0092634 |
|    clip_fraction        | 0.044     |
|    clip_range           | 0.2       |
|    entropy_loss         | -2.2      |
|    explained_variance   | 0.454     |
|    learning_rate        | 0.0003    |
|    loss                 | 0.00288   |
|    n_updates            | 10        |
|    policy_gradient_loss | -0.00502  |
|    value_loss           | 0.079     |
---------------------------------------
-----------------------------------------
| rollout/                |             |
|    ep_len_mean          | 3.83e+03    |
|    ep_rew_mean          | 64.5        |
| time/                   |             |
|    fps                  | 366         |
|    iterations           | 4           |
|    time_elapsed         | 267         |
|    total_timesteps      | 98304       |
| train/                  |             |
|    approx_kl            | 0.009926152 |
|    clip_fraction        | 0.0811      |
|    clip_range           | 0.2         |
|    entropy_loss         | -2.16       |
|    explained_variance   | 0.744       |
|    learning_rate        | 0.0003      |
|    loss                 | -0.0032     |
|    n_updates            | 15          |
|    policy_gradient_loss | -0.00644    |
|    value_loss           | 0.0382      |
-----------------------------------------
-----------------------------------------
| rollout/                |             |
|    ep_len_mean          | 3.86e+03    |
|    ep_rew_mean          | 75.9        |
| time/                   |             |
|    fps                  | 365         |
|    iterations           | 5           |
|    time_elapsed         | 336         |
|    total_timesteps      | 122880      |
| train/                  |             |
|    approx_kl            | 0.010564544 |
|    clip_fraction        | 0.0969      |
|    clip_range           | 0.2         |
|    entropy_loss         | -2.21       |
|    explained_variance   | 0.695       |
|    learning_rate        | 0.0003      |
|    loss                 | -0.0308     |
|    n_updates            | 20          |
|    policy_gradient_loss | -0.0078     |
|    value_loss           | 0.0352      |
-----------------------------------------
-----------------------------------------
| rollout/                |             |
|    ep_len_mean          | 3.85e+03    |
|    ep_rew_mean          | 81.5        |
| time/                   |             |
|    fps                  | 363         |
|    iterations           | 6           |
|    time_elapsed         | 405         |
|    total_timesteps      | 147456      |
| train/                  |             |
|    approx_kl            | 0.008459957 |
|    clip_fraction        | 0.0672      |
|    clip_range           | 0.2         |
|    entropy_loss         | -2.16       |
|    explained_variance   | 0.669       |
|    learning_rate        | 0.0003      |
|    loss                 | -0.000691   |
|    n_updates            | 25          |
|    policy_gradient_loss | -0.00614    |
|    value_loss           | 0.0693      |
-----------------------------------------
-----------------------------------------
| rollout/                |             |
|    ep_len_mean          | 3.88e+03    |
|    ep_rew_mean          | 80.8        |
| time/                   |             |
|    fps                  | 364         |
|    iterations           | 7           |
|    time_elapsed         | 471         |
|    total_timesteps      | 172032      |
| train/                  |             |
|    approx_kl            | 0.008047864 |
|    clip_fraction        | 0.0729      |
|    clip_range           | 0.2         |
|    entropy_loss         | -2.14       |
|    explained_variance   | 0.82        |
|    learning_rate        | 0.0003      |
|    loss                 | -0.000973   |
|    n_updates            | 30          |
|    policy_gradient_loss | -0.00568    |
|    value_loss           | 0.0559      |
-----------------------------------------
-----------------------------------------
| rollout/                |             |
|    ep_len_mean          | 3.76e+03    |
|    ep_rew_mean          | 84.4        |
| time/                   |             |
|    fps                  | 364         |
|    iterations           | 8           |
|    time_elapsed         | 539         |
|    total_timesteps      | 196608      |
| train/                  |             |
|    approx_kl            | 0.008392374 |
|    clip_fraction        | 0.0798      |
|    clip_range           | 0.2         |
|    entropy_loss         | -2.09       |
|    explained_variance   | 0.871       |
|    learning_rate        | 0.0003      |
|    loss                 | -0.0169     |
|    n_updates            | 35          |
|    policy_gradient_loss | -0.00686    |
|    value_loss           | 0.0321      |
-----------------------------------------
------------------------------------------
| rollout/                |              |
|    ep_len_mean          | 3.57e+03     |
|    ep_rew_mean          | 91.3         |
| time/                   |              |
|    fps                  | 365          |
|    iterations           | 9            |
|    time_elapsed         | 605          |
|    total_timesteps      | 221184       |
| train/                  |              |
|    approx_kl            | 0.0075711277 |
|    clip_fraction        | 0.0667       |
|    clip_range           | 0.2          |
|    entropy_loss         | -2.08        |
|    explained_variance   | 0.824        |
|    learning_rate        | 0.0003       |
|    loss                 | -0.000541    |
|    n_updates            | 40           |
|    policy_gradient_loss | -0.00549     |
|    value_loss           | 0.053        |
------------------------------------------
-----------------------------------------
| rollout/                |             |
|    ep_len_mean          | 3.68e+03    |
|    ep_rew_mean          | 88.4        |
| time/                   |             |
|    fps                  | 365         |
|    iterations           | 10          |
|    time_elapsed         | 672         |
|    total_timesteps      | 245760      |
| train/                  |             |
|    approx_kl            | 0.009171452 |
|    clip_fraction        | 0.0904      |
|    clip_range           | 0.2         |
|    entropy_loss         | -2.1        |
|    explained_variance   | 0.87        |
|    learning_rate        | 0.0003      |
|    loss                 | -0.011      |
|    n_updates            | 45          |
|    policy_gradient_loss | -0.0066     |
|    value_loss           | 0.0477      |
-----------------------------------------
-----------------------------------------
| rollout/                |             |
|    ep_len_mean          | 3.69e+03    |
|    ep_rew_mean          | 89.3        |
| time/                   |             |
|    fps                  | 365         |
|    iterations           | 11          |
|    time_elapsed         | 739         |
|    total_timesteps      | 270336      |
| train/                  |             |
|    approx_kl            | 0.010220203 |
|    clip_fraction        | 0.118       |
|    clip_range           | 0.2         |
|    entropy_loss         | -2.12       |
|    explained_variance   | 0.917       |
|    learning_rate        | 0.0003      |
|    loss                 | -0.0268     |
|    n_updates            | 50          |
|    policy_gradient_loss | -0.00858    |
|    value_loss           | 0.02        |
-----------------------------------------
-----------------------------------------
| rollout/                |             |
|    ep_len_mean          | 3.69e+03    |
|    ep_rew_mean          | 89.9        |
| time/                   |             |
|    fps                  | 364         |
|    iterations           | 12          |
|    time_elapsed         | 808         |
|    total_timesteps      | 294912      |
| train/                  |             |
|    approx_kl            | 0.006714999 |
|    clip_fraction        | 0.0565      |
|    clip_range           | 0.2         |
|    entropy_loss         | -2.1        |
|    explained_variance   | 0.883       |
|    learning_rate        | 0.0003      |
|    loss                 | -0.00729    |
|    n_updates            | 55          |
|    policy_gradient_loss | -0.00606    |
|    value_loss           | 0.0366      |
-----------------------------------------
-----------------------------------------
| rollout/                |             |
|    ep_len_mean          | 3.63e+03    |
|    ep_rew_mean          | 93.4        |
| time/                   |             |
|    fps                  | 364         |
|    iterations           | 13          |
|    time_elapsed         | 876         |
|    total_timesteps      | 319488      |
| train/                  |             |
|    approx_kl            | 0.008826441 |
|    clip_fraction        | 0.0953      |
|    clip_range           | 0.2         |
|    entropy_loss         | -2.1        |
|    explained_variance   | 0.91        |
|    learning_rate        | 0.0003      |
|    loss                 | -0.0193     |
|    n_updates            | 60          |
|    policy_gradient_loss | -0.00705    |
|    value_loss           | 0.0366      |
-----------------------------------------
-----------------------------------------
| rollout/                |             |
|    ep_len_mean          | 3.6e+03     |
|    ep_rew_mean          | 96          |
| time/                   |             |
|    fps                  | 365         |
|    iterations           | 14          |
|    time_elapsed         | 942         |
|    total_timesteps      | 344064      |
| train/                  |             |
|    approx_kl            | 0.008166709 |
|    clip_fraction        | 0.0753      |
|    clip_range           | 0.2         |
|    entropy_loss         | -2.12       |
|    explained_variance   | 0.901       |
|    learning_rate        | 0.0003      |
|    loss                 | -0.0176     |
|    n_updates            | 65          |
|    policy_gradient_loss | -0.00645    |
|    value_loss           | 0.0457      |
-----------------------------------------
-----------------------------------------
| rollout/                |             |
|    ep_len_mean          | 3.53e+03    |
|    ep_rew_mean          | 97.9        |
| time/                   |             |
|    fps                  | 365         |
|    iterations           | 15          |
|    time_elapsed         | 1009        |
|    total_timesteps      | 368640      |
| train/                  |             |
|    approx_kl            | 0.008740031 |
|    clip_fraction        | 0.0867      |
|    clip_range           | 0.2         |
|    entropy_loss         | -2.06       |
|    explained_variance   | 0.929       |
|    learning_rate        | 0.0003      |
|    loss                 | -0.0163     |
|    n_updates            | 70          |
|    policy_gradient_loss | -0.00612    |
|    value_loss           | 0.0315      |
-----------------------------------------
-----------------------------------------
| rollout/                |             |
|    ep_len_mean          | 3.49e+03    |
|    ep_rew_mean          | 99          |
| time/                   |             |
|    fps                  | 365         |
|    iterations           | 16          |
|    time_elapsed         | 1076        |
|    total_timesteps      | 393216      |
| train/                  |             |
|    approx_kl            | 0.010000245 |
|    clip_fraction        | 0.119       |
|    clip_range           | 0.2         |
|    entropy_loss         | -2.03       |
|    explained_variance   | 0.946       |
|    learning_rate        | 0.0003      |
|    loss                 | -0.0154     |
|    n_updates            | 75          |
|    policy_gradient_loss | -0.00658    |
|    value_loss           | 0.0193      |
-----------------------------------------
-----------------------------------------
| rollout/                |             |
|    ep_len_mean          | 3.28e+03    |
|    ep_rew_mean          | 104         |
| time/                   |             |
|    fps                  | 364         |
|    iterations           | 17          |
|    time_elapsed         | 1145        |
|    total_timesteps      | 417792      |
| train/                  |             |
|    approx_kl            | 0.008290914 |
|    clip_fraction        | 0.0814      |
|    clip_range           | 0.2         |
|    entropy_loss         | -2.02       |
|    explained_variance   | 0.919       |
|    learning_rate        | 0.0003      |
|    loss                 | -0.0129     |
|    n_updates            | 80          |
|    policy_gradient_loss | -0.00532    |
|    value_loss           | 0.0318      |
-----------------------------------------
-----------------------------------------
| rollout/                |             |
|    ep_len_mean          | 3.18e+03    |
|    ep_rew_mean          | 109         |
| time/                   |             |
|    fps                  | 364         |
|    iterations           | 18          |
|    time_elapsed         | 1212        |
|    total_timesteps      | 442368      |
| train/                  |             |
|    approx_kl            | 0.008280929 |
|    clip_fraction        | 0.0896      |
|    clip_range           | 0.2         |
|    entropy_loss         | -2.06       |
|    explained_variance   | 0.892       |
|    learning_rate        | 0.0003      |
|    loss                 | -0.00892    |
|    n_updates            | 85          |
|    policy_gradient_loss | -0.00479    |
|    value_loss           | 0.0468      |
-----------------------------------------
-----------------------------------------
| rollout/                |             |
|    ep_len_mean          | 3.11e+03    |
|    ep_rew_mean          | 120         |
| time/                   |             |
|    fps                  | 364         |
|    iterations           | 19          |
|    time_elapsed         | 1280        |
|    total_timesteps      | 466944      |
| train/                  |             |
|    approx_kl            | 0.007953461 |
|    clip_fraction        | 0.0838      |
|    clip_range           | 0.2         |
|    entropy_loss         | -2.13       |
|    explained_variance   | 0.919       |
|    learning_rate        | 0.0003      |
|    loss                 | -0.0229     |
|    n_updates            | 90          |
|    policy_gradient_loss | -0.0061     |
|    value_loss           | 0.0376      |
-----------------------------------------
-----------------------------------------
| rollout/                |             |
|    ep_len_mean          | 2.91e+03    |
|    ep_rew_mean          | 125         |
| time/                   |             |
|    fps                  | 364         |
|    iterations           | 20          |
|    time_elapsed         | 1347        |
|    total_timesteps      | 491520      |
| train/                  |             |
|    approx_kl            | 0.008761126 |
|    clip_fraction        | 0.0872      |
|    clip_range           | 0.2         |
|    entropy_loss         | -2.04       |
|    explained_variance   | 0.915       |
|    learning_rate        | 0.0003      |
|    loss                 | 0.00688     |
|    n_updates            | 95          |
|    policy_gradient_loss | -0.00505    |
|    value_loss           | 0.0422      |
-----------------------------------------
[Checkpoint] Saved at 500000 steps > /home/runner/work/Disciples2-RL/Disciples2-RL/github_experiments/124/default/cities/seed124-default-cities-30956587993-1/checkpoints/campaign_ppo_step_500000.zip
-----------------------------------------
| rollout/                |             |
|    ep_len_mean          | 2.74e+03    |
|    ep_rew_mean          | 135         |
| time/                   |             |
|    fps                  | 364         |
|    iterations           | 21          |
|    time_elapsed         | 1413        |
|    total_timesteps      | 516096      |
| train/                  |             |
|    approx_kl            | 0.008686299 |
|    clip_fraction        | 0.0898      |
|    clip_range           | 0.2         |
|    entropy_loss         | -2.01       |
|    explained_variance   | 0.889       |
|    learning_rate        | 0.0003      |
|    loss                 | 0.00486     |
|    n_updates            | 100         |
|    policy_gradient_loss | -0.00567    |
|    value_loss           | 0.0415      |
-----------------------------------------
-----------------------------------------
| rollout/                |             |
|    ep_len_mean          | 2.41e+03    |
|    ep_rew_mean          | 148         |
| time/                   |             |
|    fps                  | 364         |
|    iterations           | 22          |
|    time_elapsed         | 1483        |
|    total_timesteps      | 540672      |
| train/                  |             |
|    approx_kl            | 0.008384272 |
|    clip_fraction        | 0.0886      |
|    clip_range           | 0.2         |
|    entropy_loss         | -2.08       |
|    explained_variance   | 0.92        |
|    learning_rate        | 0.0003      |
|    loss                 | -0.0175     |
|    n_updates            | 105         |
|    policy_gradient_loss | -0.00628    |
|    value_loss           | 0.0323      |
-----------------------------------------
-----------------------------------------
| rollout/                |             |
|    ep_len_mean          | 1.78e+03    |
|    ep_rew_mean          | 173         |
| time/                   |             |
|    fps                  | 364         |
|    iterations           | 23          |
|    time_elapsed         | 1552        |
|    total_timesteps      | 565248      |
| train/                  |             |
|    approx_kl            | 0.009328765 |
|    clip_fraction        | 0.0956      |
|    clip_range           | 0.2         |
|    entropy_loss         | -2.01       |
|    explained_variance   | 0.887       |
|    learning_rate        | 0.0003      |
|    loss                 | -0.00676    |
|    n_updates            | 110         |
|    policy_gradient_loss | -0.00758    |
|    value_loss           | 0.0557      |
-----------------------------------------
-----------------------------------------
| rollout/                |             |
|    ep_len_mean          | 1.55e+03    |
|    ep_rew_mean          | 178         |
| time/                   |             |
|    fps                  | 363         |
|    iterations           | 24          |
|    time_elapsed         | 1622        |
|    total_timesteps      | 589824      |
| train/                  |             |
|    approx_kl            | 0.009715109 |
|    clip_fraction        | 0.104       |
|    clip_range           | 0.2         |
|    entropy_loss         | -1.97       |
|    explained_variance   | 0.889       |
|    learning_rate        | 0.0003      |
|    loss                 | -0.0204     |
|    n_updates            | 115         |
|    policy_gradient_loss | -0.00741    |
|    value_loss           | 0.0546      |
-----------------------------------------
-----------------------------------------
| rollout/                |             |
|    ep_len_mean          | 1.33e+03    |
|    ep_rew_mean          | 187         |
| time/                   |             |
|    fps                  | 363         |
|    iterations           | 25          |
|    time_elapsed         | 1692        |
|    total_timesteps      | 614400      |
| train/                  |             |
|    approx_kl            | 0.009639717 |
|    clip_fraction        | 0.114       |
|    clip_range           | 0.2         |
|    entropy_loss         | -2.08       |
|    explained_variance   | 0.896       |
|    learning_rate        | 0.0003      |
|    loss                 | -0.00571    |
|    n_updates            | 120         |
|    policy_gradient_loss | -0.00671    |
|    value_loss           | 0.0477      |
-----------------------------------------
-----------------------------------------
| rollout/                |             |
|    ep_len_mean          | 1.03e+03    |
|    ep_rew_mean          | 191         |
| time/                   |             |
|    fps                  | 363         |
|    iterations           | 26          |
|    time_elapsed         | 1760        |
|    total_timesteps      | 638976      |
| train/                  |             |
|    approx_kl            | 0.011072223 |
|    clip_fraction        | 0.114       |
|    clip_range           | 0.2         |
|    entropy_loss         | -2.11       |
|    explained_variance   | 0.93        |
|    learning_rate        | 0.0003      |
|    loss                 | -0.0152     |
|    n_updates            | 125         |
|    policy_gradient_loss | -0.00724    |
|    value_loss           | 0.0373      |
-----------------------------------------
-----------------------------------------
| rollout/                |             |
|    ep_len_mean          | 917         |
|    ep_rew_mean          | 188         |
| time/                   |             |
|    fps                  | 363         |
|    iterations           | 27          |
|    time_elapsed         | 1827        |
|    total_timesteps      | 663552      |
| train/                  |             |
|    approx_kl            | 0.008837005 |
|    clip_fraction        | 0.0932      |
|    clip_range           | 0.2         |
|    entropy_loss         | -2.02       |
|    explained_variance   | 0.923       |
|    learning_rate        | 0.0003      |
|    loss                 | -0.00606    |
|    n_updates            | 130         |
|    policy_gradient_loss | -0.00586    |
|    value_loss           | 0.0497      |
-----------------------------------------
-----------------------------------------
| rollout/                |             |
|    ep_len_mean          | 714         |
|    ep_rew_mean          | 185         |
| time/                   |             |
|    fps                  | 362         |
|    iterations           | 28          |
|    time_elapsed         | 1896        |
|    total_timesteps      | 688128      |
| train/                  |             |
|    approx_kl            | 0.008835237 |
|    clip_fraction        | 0.109       |
|    clip_range           | 0.2         |
|    entropy_loss         | -1.99       |
|    explained_variance   | 0.901       |
|    learning_rate        | 0.0003      |
|    loss                 | -0.0112     |
|    n_updates            | 135         |
|    policy_gradient_loss | -0.00656    |
|    value_loss           | 0.0476      |
-----------------------------------------
-----------------------------------------
| rollout/                |             |
|    ep_len_mean          | 669         |
|    ep_rew_mean          | 187         |
| time/                   |             |
|    fps                  | 362         |
|    iterations           | 29          |
|    time_elapsed         | 1963        |
|    total_timesteps      | 712704      |
| train/                  |             |
|    approx_kl            | 0.008991548 |
|    clip_fraction        | 0.1         |
|    clip_range           | 0.2         |
|    entropy_loss         | -2.02       |
|    explained_variance   | 0.868       |
|    learning_rate        | 0.0003      |
|    loss                 | -0.015      |
|    n_updates            | 140         |
|    policy_gradient_loss | -0.00573    |
|    value_loss           | 0.0402      |
-----------------------------------------
-----------------------------------------
| rollout/                |             |
|    ep_len_mean          | 637         |
|    ep_rew_mean          | 193         |
| time/                   |             |
|    fps                  | 362         |
|    iterations           | 30          |
|    time_elapsed         | 2032        |
|    total_timesteps      | 737280      |
| train/                  |             |
|    approx_kl            | 0.008900492 |
|    clip_fraction        | 0.0926      |
|    clip_range           | 0.2         |
|    entropy_loss         | -1.97       |
|    explained_variance   | 0.897       |
|    learning_rate        | 0.0003      |
|    loss                 | -0.0141     |
|    n_updates            | 145         |
|    policy_gradient_loss | -0.00423    |
|    value_loss           | 0.0392      |
-----------------------------------------
-----------------------------------------
| rollout/                |             |
|    ep_len_mean          | 606         |
|    ep_rew_mean          | 194         |
| time/                   |             |
|    fps                  | 362         |
|    iterations           | 31          |
|    time_elapsed         | 2101        |
|    total_timesteps      | 761856      |
| train/                  |             |
|    approx_kl            | 0.009249357 |
|    clip_fraction        | 0.1         |
|    clip_range           | 0.2         |
|    entropy_loss         | -1.96       |
|    explained_variance   | 0.911       |
|    learning_rate        | 0.0003      |
|    loss                 | -0.0121     |
|    n_updates            | 150         |
|    policy_gradient_loss | -0.00578    |
|    value_loss           | 0.0346      |
-----------------------------------------
-----------------------------------------
| rollout/                |             |
|    ep_len_mean          | 556         |
|    ep_rew_mean          | 192         |
| time/                   |             |
|    fps                  | 362         |
|    iterations           | 32          |
|    time_elapsed         | 2168        |
|    total_timesteps      | 786432      |
| train/                  |             |
|    approx_kl            | 0.009524912 |
|    clip_fraction        | 0.102       |
|    clip_range           | 0.2         |
|    entropy_loss         | -1.97       |
|    explained_variance   | 0.939       |
|    learning_rate        | 0.0003      |
|    loss                 | -0.0103     |
|    n_updates            | 155         |
|    policy_gradient_loss | -0.00541    |
|    value_loss           | 0.0335      |
-----------------------------------------
-----------------------------------------
| rollout/                |             |
|    ep_len_mean          | 582         |
|    ep_rew_mean          | 191         |
| time/                   |             |
|    fps                  | 362         |
|    iterations           | 33          |
|    time_elapsed         | 2235        |
|    total_timesteps      | 811008      |
| train/                  |             |
|    approx_kl            | 0.010230861 |
|    clip_fraction        | 0.123       |
|    clip_range           | 0.2         |
|    entropy_loss         | -1.98       |
|    explained_variance   | 0.953       |
|    learning_rate        | 0.0003      |
|    loss                 | -0.0185     |
|    n_updates            | 160         |
|    policy_gradient_loss | -0.00671    |
|    value_loss           | 0.0293      |
-----------------------------------------
-----------------------------------------
| rollout/                |             |
|    ep_len_mean          | 442         |
|    ep_rew_mean          | 187         |
| time/                   |             |
|    fps                  | 362         |
|    iterations           | 34          |
|    time_elapsed         | 2303        |
|    total_timesteps      | 835584      |
| train/                  |             |
|    approx_kl            | 0.011302101 |
|    clip_fraction        | 0.115       |
|    clip_range           | 0.2         |
|    entropy_loss         | -1.98       |
|    explained_variance   | 0.955       |
|    learning_rate        | 0.0003      |
|    loss                 | -0.018      |
|    n_updates            | 165         |
|    policy_gradient_loss | -0.00515    |
|    value_loss           | 0.0277      |
-----------------------------------------
-----------------------------------------
| rollout/                |             |
|    ep_len_mean          | 391         |
|    ep_rew_mean          | 191         |
| time/                   |             |
|    fps                  | 362         |
|    iterations           | 35          |
|    time_elapsed         | 2370        |
|    total_timesteps      | 860160      |
| train/                  |             |
|    approx_kl            | 0.010707024 |
|    clip_fraction        | 0.114       |
|    clip_range           | 0.2         |
|    entropy_loss         | -1.82       |
|    explained_variance   | 0.92        |
|    learning_rate        | 0.0003      |
|    loss                 | -0.0199     |
|    n_updates            | 170         |
|    policy_gradient_loss | -0.00685    |
|    value_loss           | 0.0302      |
-----------------------------------------
-----------------------------------------
| rollout/                |             |
|    ep_len_mean          | 455         |
|    ep_rew_mean          | 193         |
| time/                   |             |
|    fps                  | 362         |
|    iterations           | 36          |
|    time_elapsed         | 2437        |
|    total_timesteps      | 884736      |
| train/                  |             |
|    approx_kl            | 0.011366206 |
|    clip_fraction        | 0.12        |
|    clip_range           | 0.2         |
|    entropy_loss         | -1.95       |
|    explained_variance   | 0.952       |
|    learning_rate        | 0.0003      |
|    loss                 | -0.0298     |
|    n_updates            | 175         |
|    policy_gradient_loss | -0.00662    |
|    value_loss           | 0.0221      |
-----------------------------------------
-----------------------------------------
| rollout/                |             |
|    ep_len_mean          | 413         |
|    ep_rew_mean          | 186         |
| time/                   |             |
|    fps                  | 363         |
|    iterations           | 37          |
|    time_elapsed         | 2504        |
|    total_timesteps      | 909312      |
| train/                  |             |
|    approx_kl            | 0.009841134 |
|    clip_fraction        | 0.104       |
|    clip_range           | 0.2         |
|    entropy_loss         | -1.77       |
|    explained_variance   | 0.956       |
|    learning_rate        | 0.0003      |
|    loss                 | -0.0254     |
|    n_updates            | 180         |
|    policy_gradient_loss | -0.00649    |
|    value_loss           | 0.0236      |
-----------------------------------------
-----------------------------------------
| rollout/                |             |
|    ep_len_mean          | 358         |
|    ep_rew_mean          | 190         |
| time/                   |             |
|    fps                  | 362         |
|    iterations           | 38          |
|    time_elapsed         | 2572        |
|    total_timesteps      | 933888      |
| train/                  |             |
|    approx_kl            | 0.009760958 |
|    clip_fraction        | 0.0987      |
|    clip_range           | 0.2         |
|    entropy_loss         | -1.72       |
|    explained_variance   | 0.957       |
|    learning_rate        | 0.0003      |
|    loss                 | -0.0147     |
|    n_updates            | 185         |
|    policy_gradient_loss | -0.00432    |
|    value_loss           | 0.0231      |
-----------------------------------------
-----------------------------------------
| rollout/                |             |
|    ep_len_mean          | 402         |
|    ep_rew_mean          | 193         |
| time/                   |             |
|    fps                  | 362         |
|    iterations           | 39          |
|    time_elapsed         | 2641        |
|    total_timesteps      | 958464      |
| train/                  |             |
|    approx_kl            | 0.010059619 |
|    clip_fraction        | 0.101       |
|    clip_range           | 0.2         |
|    entropy_loss         | -1.71       |
|    explained_variance   | 0.966       |
|    learning_rate        | 0.0003      |
|    loss                 | -0.0178     |
|    n_updates            | 190         |
|    policy_gradient_loss | -0.0047     |
|    value_loss           | 0.0192      |
-----------------------------------------
-----------------------------------------
| rollout/                |             |
|    ep_len_mean          | 370         |
|    ep_rew_mean          | 197         |
| time/                   |             |
|    fps                  | 362         |
|    iterations           | 40          |
|    time_elapsed         | 2708        |
|    total_timesteps      | 983040      |
| train/                  |             |
|    approx_kl            | 0.009976902 |
|    clip_fraction        | 0.104       |
|    clip_range           | 0.2         |
|    entropy_loss         | -1.81       |
|    explained_variance   | 0.978       |
|    learning_rate        | 0.0003      |
|    loss                 | -0.0171     |
|    n_updates            | 195         |
|    policy_gradient_loss | -0.00508    |
|    value_loss           | 0.0151      |
-----------------------------------------
[Checkpoint] Saved at 1000000 steps > /home/runner/work/Disciples2-RL/Disciples2-RL/github_experiments/124/default/cities/seed124-default-cities-30956587993-1/checkpoints/campaign_ppo_step_1000000.zip
Eval num_timesteps=1000008, det_reward=93.50 +/- 172.20
Episode length: det=1256.90 +/- 1330.14
Victory rate: det=65.00%
-------------------------------------------------
| eval/                           |             |
|    deterministic_mean_ep_length | 1.26e+03    |
|    deterministic_mean_reward    | 93.5        |
|    deterministic_victory_rate   | 0.65        |
|    mean_ep_length               | 1.26e+03    |
|    mean_reward                  | 93.5        |
|    victory_rate                 | 0.65        |
| time/                           |             |
|    total_timesteps              | 1000008     |
| train/                          |             |
|    approx_kl                    | 0.009945455 |
|    clip_fraction                | 0.107       |
|    clip_range                   | 0.2         |
|    entropy_loss                 | -1.69       |
|    explained_variance           | 0.969       |
|    learning_rate                | 0.0003      |
|    loss                         | -0.0207     |
|    n_updates                    | 200         |
|    policy_gradient_loss         | -0.00487    |
|    value_loss                   | 0.02        |
-------------------------------------------------
New best model by deterministic victory rate!
---------------------------------
| rollout/           |          |
|    ep_len_mean     | 352      |
|    ep_rew_mean     | 205      |
| time/              |          |
|    fps             | 349      |
|    iterations      | 41       |
|    time_elapsed    | 2885     |
|    total_timesteps | 1007616  |
---------------------------------
VecNormalize stats saved: /home/runner/work/Disciples2-RL/Disciples2-RL/github_experiments/124/default/cities/seed124-default-cities-30956587993-1/models/vecnormalize.pkl

Финальная модель сохранена: /home/runner/work/Disciples2-RL/Disciples2-RL/github_experiments/124/default/cities/seed124-default-cities-30956587993-1/models/final_model.zip

============================================================
ИТОГИ ОБУЧЕНИЯ:
  Побед: 981
  Поражений: 18
  Таймаутов: 32
  Побед бота столицы над врагами: 0
  Перестановок юнитов: 239019
  Терминальные поражения по противникам:
    enemy_75: 18 — Страж столицы Империи: Мизраэль
  Winrate: 95.2%
============================================================
  График призывов за эпизод: /home/runner/work/Disciples2-RL/Disciples2-RL/github_experiments/124/default/cities/seed124-default-cities-30956587993-1/plots/campaign_summoned_units_per_episode.png
  График призывов за всё обучение: /home/runner/work/Disciples2-RL/Disciples2-RL/github_experiments/124/default/cities/seed124-default-cities-30956587993-1/plots/campaign_summoned_units_cumulative.png
  График найма за эпизод: /home/runner/work/Disciples2-RL/Disciples2-RL/github_experiments/124/default/cities/seed124-default-cities-30956587993-1/plots/campaign_hired_units_per_episode.png
  График найма за всё обучение: /home/runner/work/Disciples2-RL/Disciples2-RL/github_experiments/124/default/cities/seed124-default-cities-30956587993-1/plots/campaign_hired_units_cumulative.png
  График перестановок юнитов за эпизод: /home/runner/work/Disciples2-RL/Disciples2-RL/github_experiments/124/default/cities/seed124-default-cities-30956587993-1/plots/campaign_unit_swaps_per_episode.png
  График боевых предметов: /home/runner/work/Disciples2-RL/Disciples2-RL/github_experiments/124/default/cities/seed124-default-cities-30956587993-1/plots/campaign_battle_item_activity.png
  График побед бота столицы за эпизод: /home/runner/work/Disciples2-RL/Disciples2-RL/github_experiments/124/default/cities/seed124-default-cities-30956587993-1/plots/campaign_scripted_bot_victories_per_episode.png
  График применения заклинаний: /home/runner/work/Disciples2-RL/Disciples2-RL/github_experiments/124/default/cities/seed124-default-cities-30956587993-1/plots/campaign_spell_cast_activity.png
