Проверка среды CampaignEnv...
Среда прошла проверку!
[INFO] Comet disabled, running without experiment tracking
Создание 12 параллельных сред (subproc)...
Инициализация MaskablePPO...
Using cpu device

============================================================
Запуск обучения Campaign Agent
Всего шагов: 1,000,000
Параллельных сред: 12
VecEnv: subproc
VecEnv start method: forkserver
Seed: 133
Checkpoint каждые: 500,000 шагов
Evaluation каждые: 83,334 шагов
Eval deterministic эпизодов: 20
Eval stochastic эпизодов: 0
Eval лимит шагов на эпизод: 5000
Campaign map: siege_train
Campaign objective: target_enemy
System resources at training start:
  Platform: Linux 6.17.0-1022-azure (x86_64)
  Python: 3.14.7
  PyTorch: 2.13.0+cpu
  Training device: cpu
  CPU model: INTEL(R) XEON(R) PLATINUM 8573C
  CPU vendor: GenuineIntel
  Logical CPUs visible: 4
  Process CPU affinity: 4
  Sockets: 1
  Cores per socket: 2
  Threads per core: 2
  CPU max MHz: 2300.0000
  CPU min MHz: 800.0000
  L1d cache: 96 KiB (2 instances)
  L1i cache: 64 KiB (2 instances)
  L2 cache: 4 MiB (2 instances)
  L3 cache: 260 MiB (1 instance)
  Virtualization: VT-x
  Hypervisor: Microsoft
  RAM total: 15.61 GiB
  RAM available at start: 13.87 GiB
  Disk total: 144.26 GiB
  Disk free at start: 76.09 GiB
  Torch intra-op threads: 4
  Torch inter-op threads: 2
  OMP_NUM_THREADS: 4
  MKL_NUM_THREADS: 4
  OPENBLAS_NUM_THREADS: 4
  GitHub runner OS: Linux
  GitHub runner architecture: X64
  GitHub runner environment: github-hosted
PPO n_steps: 2,048
PPO batch_size: 512
PPO n_epochs: 5
PPO learning_rate: 0.0003
PPO clip_range: 0.2
PPO ent_coef: 0.01
PPO gamma: 0.995
PPO gae_lambda: 0.95
PPO target_kl: disabled
PPO gradient batches per rollout: 240
VecCheckNan: disabled
Freeze action layout: enabled
Empire territory: enabled
Torch threads per process: 4
Diagnostics: disabled
Wall-clock training limit: disabled
Run ID: seed133-siege_train-target_enemy-33694529053-1
============================================================

Logging to /home/runner/work/Disciples2-RL/Disciples2-RL/github_experiments/133/siege_train/target_enemy/seed133-siege_train-target_enemy-33694529053-1/tensorboard/MaskablePPO_1
---------------------------------
| rollout/           |          |
|    ep_len_mean     | 287      |
|    ep_rew_mean     | 59       |
| time/              |          |
|    fps             | 717      |
|    iterations      | 1        |
|    time_elapsed    | 34       |
|    total_timesteps | 24576    |
---------------------------------
-----------------------------------------
| rollout/                |             |
|    ep_len_mean          | 200         |
|    ep_rew_mean          | 60.5        |
| time/                   |             |
|    fps                  | 691         |
|    iterations           | 2           |
|    time_elapsed         | 71          |
|    total_timesteps      | 49152       |
| train/                  |             |
|    approx_kl            | 0.012851347 |
|    clip_fraction        | 0.147       |
|    clip_range           | 0.2         |
|    entropy_loss         | -2.35       |
|    explained_variance   | 0.171       |
|    learning_rate        | 0.0003      |
|    loss                 | -0.0123     |
|    n_updates            | 5           |
|    policy_gradient_loss | -0.00915    |
|    value_loss           | 0.0777      |
-----------------------------------------
-----------------------------------------
| rollout/                |             |
|    ep_len_mean          | 187         |
|    ep_rew_mean          | 66.1        |
| time/                   |             |
|    fps                  | 686         |
|    iterations           | 3           |
|    time_elapsed         | 107         |
|    total_timesteps      | 73728       |
| train/                  |             |
|    approx_kl            | 0.012882893 |
|    clip_fraction        | 0.126       |
|    clip_range           | 0.2         |
|    entropy_loss         | -2.33       |
|    explained_variance   | 0.884       |
|    learning_rate        | 0.0003      |
|    loss                 | -0.0176     |
|    n_updates            | 10          |
|    policy_gradient_loss | -0.0102     |
|    value_loss           | 0.045       |
-----------------------------------------
-----------------------------------------
| rollout/                |             |
|    ep_len_mean          | 209         |
|    ep_rew_mean          | 66.9        |
| time/                   |             |
|    fps                  | 684         |
|    iterations           | 4           |
|    time_elapsed         | 143         |
|    total_timesteps      | 98304       |
| train/                  |             |
|    approx_kl            | 0.011601905 |
|    clip_fraction        | 0.127       |
|    clip_range           | 0.2         |
|    entropy_loss         | -2.3        |
|    explained_variance   | 0.938       |
|    learning_rate        | 0.0003      |
|    loss                 | 0.0021      |
|    n_updates            | 15          |
|    policy_gradient_loss | -0.0108     |
|    value_loss           | 0.0479      |
-----------------------------------------
-----------------------------------------
| rollout/                |             |
|    ep_len_mean          | 247         |
|    ep_rew_mean          | 69.4        |
| time/                   |             |
|    fps                  | 683         |
|    iterations           | 5           |
|    time_elapsed         | 179         |
|    total_timesteps      | 122880      |
| train/                  |             |
|    approx_kl            | 0.010767224 |
|    clip_fraction        | 0.122       |
|    clip_range           | 0.2         |
|    entropy_loss         | -2.27       |
|    explained_variance   | 0.94        |
|    learning_rate        | 0.0003      |
|    loss                 | -0.00356    |
|    n_updates            | 20          |
|    policy_gradient_loss | -0.0102     |
|    value_loss           | 0.0509      |
-----------------------------------------
-----------------------------------------
| rollout/                |             |
|    ep_len_mean          | 194         |
|    ep_rew_mean          | 70.8        |
| time/                   |             |
|    fps                  | 683         |
|    iterations           | 6           |
|    time_elapsed         | 215         |
|    total_timesteps      | 147456      |
| train/                  |             |
|    approx_kl            | 0.010628053 |
|    clip_fraction        | 0.11        |
|    clip_range           | 0.2         |
|    entropy_loss         | -2.22       |
|    explained_variance   | 0.95        |
|    learning_rate        | 0.0003      |
|    loss                 | -0.00105    |
|    n_updates            | 25          |
|    policy_gradient_loss | -0.00991    |
|    value_loss           | 0.0434      |
-----------------------------------------
-----------------------------------------
| rollout/                |             |
|    ep_len_mean          | 236         |
|    ep_rew_mean          | 71.8        |
| time/                   |             |
|    fps                  | 682         |
|    iterations           | 7           |
|    time_elapsed         | 252         |
|    total_timesteps      | 172032      |
| train/                  |             |
|    approx_kl            | 0.011813387 |
|    clip_fraction        | 0.111       |
|    clip_range           | 0.2         |
|    entropy_loss         | -2.18       |
|    explained_variance   | 0.944       |
|    learning_rate        | 0.0003      |
|    loss                 | -0.0109     |
|    n_updates            | 30          |
|    policy_gradient_loss | -0.00903    |
|    value_loss           | 0.0535      |
-----------------------------------------
-----------------------------------------
| rollout/                |             |
|    ep_len_mean          | 287         |
|    ep_rew_mean          | 73.9        |
| time/                   |             |
|    fps                  | 679         |
|    iterations           | 8           |
|    time_elapsed         | 289         |
|    total_timesteps      | 196608      |
| train/                  |             |
|    approx_kl            | 0.009332329 |
|    clip_fraction        | 0.078       |
|    clip_range           | 0.2         |
|    entropy_loss         | -2.2        |
|    explained_variance   | 0.938       |
|    learning_rate        | 0.0003      |
|    loss                 | -0.00909    |
|    n_updates            | 35          |
|    policy_gradient_loss | -0.0083     |
|    value_loss           | 0.0517      |
-----------------------------------------
----------------------------------------
| rollout/                |            |
|    ep_len_mean          | 267        |
|    ep_rew_mean          | 76         |
| time/                   |            |
|    fps                  | 677        |
|    iterations           | 9          |
|    time_elapsed         | 326        |
|    total_timesteps      | 221184     |
| train/                  |            |
|    approx_kl            | 0.00820049 |
|    clip_fraction        | 0.0947     |
|    clip_range           | 0.2        |
|    entropy_loss         | -2.15      |
|    explained_variance   | 0.948      |
|    learning_rate        | 0.0003     |
|    loss                 | -0.0193    |
|    n_updates            | 40         |
|    policy_gradient_loss | -0.00864   |
|    value_loss           | 0.0404     |
----------------------------------------
-----------------------------------------
| rollout/                |             |
|    ep_len_mean          | 257         |
|    ep_rew_mean          | 77.7        |
| time/                   |             |
|    fps                  | 677         |
|    iterations           | 10          |
|    time_elapsed         | 362         |
|    total_timesteps      | 245760      |
| train/                  |             |
|    approx_kl            | 0.009567915 |
|    clip_fraction        | 0.0701      |
|    clip_range           | 0.2         |
|    entropy_loss         | -2.13       |
|    explained_variance   | 0.939       |
|    learning_rate        | 0.0003      |
|    loss                 | -0.00883    |
|    n_updates            | 45          |
|    policy_gradient_loss | -0.00931    |
|    value_loss           | 0.0495      |
-----------------------------------------
------------------------------------------
| rollout/                |              |
|    ep_len_mean          | 226          |
|    ep_rew_mean          | 79.8         |
| time/                   |              |
|    fps                  | 677          |
|    iterations           | 11           |
|    time_elapsed         | 398          |
|    total_timesteps      | 270336       |
| train/                  |              |
|    approx_kl            | 0.0089955935 |
|    clip_fraction        | 0.0884       |
|    clip_range           | 0.2          |
|    entropy_loss         | -2.1         |
|    explained_variance   | 0.952        |
|    learning_rate        | 0.0003       |
|    loss                 | -0.0153      |
|    n_updates            | 50           |
|    policy_gradient_loss | -0.0085      |
|    value_loss           | 0.0428       |
------------------------------------------
-----------------------------------------
| rollout/                |             |
|    ep_len_mean          | 259         |
|    ep_rew_mean          | 82.3        |
| time/                   |             |
|    fps                  | 677         |
|    iterations           | 12          |
|    time_elapsed         | 435         |
|    total_timesteps      | 294912      |
| train/                  |             |
|    approx_kl            | 0.007307846 |
|    clip_fraction        | 0.0759      |
|    clip_range           | 0.2         |
|    entropy_loss         | -2.07       |
|    explained_variance   | 0.944       |
|    learning_rate        | 0.0003      |
|    loss                 | -0.00971    |
|    n_updates            | 55          |
|    policy_gradient_loss | -0.00659    |
|    value_loss           | 0.0529      |
-----------------------------------------
------------------------------------------
| rollout/                |              |
|    ep_len_mean          | 276          |
|    ep_rew_mean          | 81.4         |
| time/                   |              |
|    fps                  | 677          |
|    iterations           | 13           |
|    time_elapsed         | 471          |
|    total_timesteps      | 319488       |
| train/                  |              |
|    approx_kl            | 0.0072776326 |
|    clip_fraction        | 0.0737       |
|    clip_range           | 0.2          |
|    entropy_loss         | -2.05        |
|    explained_variance   | 0.949        |
|    learning_rate        | 0.0003       |
|    loss                 | -0.00837     |
|    n_updates            | 60           |
|    policy_gradient_loss | -0.00739     |
|    value_loss           | 0.0462       |
------------------------------------------
-----------------------------------------
| rollout/                |             |
|    ep_len_mean          | 240         |
|    ep_rew_mean          | 81.5        |
| time/                   |             |
|    fps                  | 677         |
|    iterations           | 14          |
|    time_elapsed         | 507         |
|    total_timesteps      | 344064      |
| train/                  |             |
|    approx_kl            | 0.008409766 |
|    clip_fraction        | 0.0708      |
|    clip_range           | 0.2         |
|    entropy_loss         | -2.04       |
|    explained_variance   | 0.944       |
|    learning_rate        | 0.0003      |
|    loss                 | 0.00326     |
|    n_updates            | 65          |
|    policy_gradient_loss | -0.00645    |
|    value_loss           | 0.0537      |
-----------------------------------------
-----------------------------------------
| rollout/                |             |
|    ep_len_mean          | 266         |
|    ep_rew_mean          | 79.9        |
| time/                   |             |
|    fps                  | 677         |
|    iterations           | 15          |
|    time_elapsed         | 544         |
|    total_timesteps      | 368640      |
| train/                  |             |
|    approx_kl            | 0.009425188 |
|    clip_fraction        | 0.0855      |
|    clip_range           | 0.2         |
|    entropy_loss         | -2.02       |
|    explained_variance   | 0.942       |
|    learning_rate        | 0.0003      |
|    loss                 | -0.00877    |
|    n_updates            | 70          |
|    policy_gradient_loss | -0.00746    |
|    value_loss           | 0.0634      |
-----------------------------------------
------------------------------------------
| rollout/                |              |
|    ep_len_mean          | 281          |
|    ep_rew_mean          | 84.1         |
| time/                   |              |
|    fps                  | 677          |
|    iterations           | 16           |
|    time_elapsed         | 580          |
|    total_timesteps      | 393216       |
| train/                  |              |
|    approx_kl            | 0.0066310638 |
|    clip_fraction        | 0.0631       |
|    clip_range           | 0.2          |
|    entropy_loss         | -2.03        |
|    explained_variance   | 0.947        |
|    learning_rate        | 0.0003       |
|    loss                 | -0.0115      |
|    n_updates            | 75           |
|    policy_gradient_loss | -0.00586     |
|    value_loss           | 0.0543       |
------------------------------------------
------------------------------------------
| rollout/                |              |
|    ep_len_mean          | 286          |
|    ep_rew_mean          | 82.8         |
| time/                   |              |
|    fps                  | 677          |
|    iterations           | 17           |
|    time_elapsed         | 616          |
|    total_timesteps      | 417792       |
| train/                  |              |
|    approx_kl            | 0.0084942235 |
|    clip_fraction        | 0.0743       |
|    clip_range           | 0.2          |
|    entropy_loss         | -2.02        |
|    explained_variance   | 0.933        |
|    learning_rate        | 0.0003       |
|    loss                 | 0.0105       |
|    n_updates            | 80           |
|    policy_gradient_loss | -0.00689     |
|    value_loss           | 0.0609       |
------------------------------------------
-----------------------------------------
| rollout/                |             |
|    ep_len_mean          | 299         |
|    ep_rew_mean          | 85.7        |
| time/                   |             |
|    fps                  | 677         |
|    iterations           | 18          |
|    time_elapsed         | 652         |
|    total_timesteps      | 442368      |
| train/                  |             |
|    approx_kl            | 0.008126943 |
|    clip_fraction        | 0.0831      |
|    clip_range           | 0.2         |
|    entropy_loss         | -1.99       |
|    explained_variance   | 0.94        |
|    learning_rate        | 0.0003      |
|    loss                 | 0.0118      |
|    n_updates            | 85          |
|    policy_gradient_loss | -0.00672    |
|    value_loss           | 0.0566      |
-----------------------------------------
----------------------------------------
| rollout/                |            |
|    ep_len_mean          | 293        |
|    ep_rew_mean          | 84.4       |
| time/                   |            |
|    fps                  | 677        |
|    iterations           | 19         |
|    time_elapsed         | 689        |
|    total_timesteps      | 466944     |
| train/                  |            |
|    approx_kl            | 0.00875676 |
|    clip_fraction        | 0.0878     |
|    clip_range           | 0.2        |
|    entropy_loss         | -1.98      |
|    explained_variance   | 0.945      |
|    learning_rate        | 0.0003     |
|    loss                 | 0.00907    |
|    n_updates            | 90         |
|    policy_gradient_loss | -0.00681   |
|    value_loss           | 0.0512     |
----------------------------------------
-----------------------------------------
| rollout/                |             |
|    ep_len_mean          | 272         |
|    ep_rew_mean          | 85.3        |
| time/                   |             |
|    fps                  | 677         |
|    iterations           | 20          |
|    time_elapsed         | 725         |
|    total_timesteps      | 491520      |
| train/                  |             |
|    approx_kl            | 0.007669002 |
|    clip_fraction        | 0.0675      |
|    clip_range           | 0.2         |
|    entropy_loss         | -1.96       |
|    explained_variance   | 0.941       |
|    learning_rate        | 0.0003      |
|    loss                 | 0.0144      |
|    n_updates            | 95          |
|    policy_gradient_loss | -0.00508    |
|    value_loss           | 0.0618      |
-----------------------------------------
[Checkpoint] Saved at 500000 steps > /home/runner/work/Disciples2-RL/Disciples2-RL/github_experiments/133/siege_train/target_enemy/seed133-siege_train-target_enemy-33694529053-1/checkpoints/campaign_ppo_step_500000.zip
----------------------------------------
| rollout/                |            |
|    ep_len_mean          | 292        |
|    ep_rew_mean          | 86.6       |
| time/                   |            |
|    fps                  | 677        |
|    iterations           | 21         |
|    time_elapsed         | 761        |
|    total_timesteps      | 516096     |
| train/                  |            |
|    approx_kl            | 0.00914899 |
|    clip_fraction        | 0.073      |
|    clip_range           | 0.2        |
|    entropy_loss         | -1.94      |
|    explained_variance   | 0.941      |
|    learning_rate        | 0.0003     |
|    loss                 | -0.00318   |
|    n_updates            | 100        |
|    policy_gradient_loss | -0.0071    |
|    value_loss           | 0.063      |
----------------------------------------
------------------------------------------
| rollout/                |              |
|    ep_len_mean          | 281          |
|    ep_rew_mean          | 84.8         |
| time/                   |              |
|    fps                  | 677          |
|    iterations           | 22           |
|    time_elapsed         | 798          |
|    total_timesteps      | 540672       |
| train/                  |              |
|    approx_kl            | 0.0075904354 |
|    clip_fraction        | 0.0775       |
|    clip_range           | 0.2          |
|    entropy_loss         | -1.92        |
|    explained_variance   | 0.95         |
|    learning_rate        | 0.0003       |
|    loss                 | -0.00539     |
|    n_updates            | 105          |
|    policy_gradient_loss | -0.00525     |
|    value_loss           | 0.0543       |
------------------------------------------
-----------------------------------------
| rollout/                |             |
|    ep_len_mean          | 282         |
|    ep_rew_mean          | 85.3        |
| time/                   |             |
|    fps                  | 677         |
|    iterations           | 23          |
|    time_elapsed         | 834         |
|    total_timesteps      | 565248      |
| train/                  |             |
|    approx_kl            | 0.007937542 |
|    clip_fraction        | 0.074       |
|    clip_range           | 0.2         |
|    entropy_loss         | -1.92       |
|    explained_variance   | 0.946       |
|    learning_rate        | 0.0003      |
|    loss                 | 0.00366     |
|    n_updates            | 110         |
|    policy_gradient_loss | -0.00604    |
|    value_loss           | 0.0611      |
-----------------------------------------
-----------------------------------------
| rollout/                |             |
|    ep_len_mean          | 249         |
|    ep_rew_mean          | 84.9        |
| time/                   |             |
|    fps                  | 677         |
|    iterations           | 24          |
|    time_elapsed         | 870         |
|    total_timesteps      | 589824      |
| train/                  |             |
|    approx_kl            | 0.008080893 |
|    clip_fraction        | 0.07        |
|    clip_range           | 0.2         |
|    entropy_loss         | -1.9        |
|    explained_variance   | 0.952       |
|    learning_rate        | 0.0003      |
|    loss                 | 0.00452     |
|    n_updates            | 115         |
|    policy_gradient_loss | -0.00572    |
|    value_loss           | 0.0576      |
-----------------------------------------
-----------------------------------------
| rollout/                |             |
|    ep_len_mean          | 262         |
|    ep_rew_mean          | 88.3        |
| time/                   |             |
|    fps                  | 677         |
|    iterations           | 25          |
|    time_elapsed         | 907         |
|    total_timesteps      | 614400      |
| train/                  |             |
|    approx_kl            | 0.008519419 |
|    clip_fraction        | 0.0885      |
|    clip_range           | 0.2         |
|    entropy_loss         | -1.9        |
|    explained_variance   | 0.947       |
|    learning_rate        | 0.0003      |
|    loss                 | 0.0148      |
|    n_updates            | 120         |
|    policy_gradient_loss | -0.00615    |
|    value_loss           | 0.0701      |
-----------------------------------------
------------------------------------------
| rollout/                |              |
|    ep_len_mean          | 267          |
|    ep_rew_mean          | 90.3         |
| time/                   |              |
|    fps                  | 677          |
|    iterations           | 26           |
|    time_elapsed         | 943          |
|    total_timesteps      | 638976       |
| train/                  |              |
|    approx_kl            | 0.0074314233 |
|    clip_fraction        | 0.07         |
|    clip_range           | 0.2          |
|    entropy_loss         | -1.89        |
|    explained_variance   | 0.947        |
|    learning_rate        | 0.0003       |
|    loss                 | -0.0117      |
|    n_updates            | 125          |
|    policy_gradient_loss | -0.00509     |
|    value_loss           | 0.0615       |
------------------------------------------
------------------------------------------
| rollout/                |              |
|    ep_len_mean          | 263          |
|    ep_rew_mean          | 89.2         |
| time/                   |              |
|    fps                  | 677          |
|    iterations           | 27           |
|    time_elapsed         | 979          |
|    total_timesteps      | 663552       |
| train/                  |              |
|    approx_kl            | 0.0072324793 |
|    clip_fraction        | 0.0749       |
|    clip_range           | 0.2          |
|    entropy_loss         | -1.86        |
|    explained_variance   | 0.943        |
|    learning_rate        | 0.0003       |
|    loss                 | -0.0138      |
|    n_updates            | 130          |
|    policy_gradient_loss | -0.00537     |
|    value_loss           | 0.0671       |
------------------------------------------
-----------------------------------------
| rollout/                |             |
|    ep_len_mean          | 271         |
|    ep_rew_mean          | 88.3        |
| time/                   |             |
|    fps                  | 677         |
|    iterations           | 28          |
|    time_elapsed         | 1016        |
|    total_timesteps      | 688128      |
| train/                  |             |
|    approx_kl            | 0.009308848 |
|    clip_fraction        | 0.0808      |
|    clip_range           | 0.2         |
|    entropy_loss         | -1.88       |
|    explained_variance   | 0.944       |
|    learning_rate        | 0.0003      |
|    loss                 | -0.00736    |
|    n_updates            | 135         |
|    policy_gradient_loss | -0.00686    |
|    value_loss           | 0.0668      |
-----------------------------------------
-----------------------------------------
| rollout/                |             |
|    ep_len_mean          | 260         |
|    ep_rew_mean          | 90.1        |
| time/                   |             |
|    fps                  | 677         |
|    iterations           | 29          |
|    time_elapsed         | 1051        |
|    total_timesteps      | 712704      |
| train/                  |             |
|    approx_kl            | 0.008828084 |
|    clip_fraction        | 0.0876      |
|    clip_range           | 0.2         |
|    entropy_loss         | -1.88       |
|    explained_variance   | 0.95        |
|    learning_rate        | 0.0003      |
|    loss                 | -0.0127     |
|    n_updates            | 140         |
|    policy_gradient_loss | -0.00576    |
|    value_loss           | 0.0518      |
-----------------------------------------
-----------------------------------------
| rollout/                |             |
|    ep_len_mean          | 238         |
|    ep_rew_mean          | 89.3        |
| time/                   |             |
|    fps                  | 677         |
|    iterations           | 30          |
|    time_elapsed         | 1087        |
|    total_timesteps      | 737280      |
| train/                  |             |
|    approx_kl            | 0.009018167 |
|    clip_fraction        | 0.0818      |
|    clip_range           | 0.2         |
|    entropy_loss         | -1.83       |
|    explained_variance   | 0.942       |
|    learning_rate        | 0.0003      |
|    loss                 | 0.00557     |
|    n_updates            | 145         |
|    policy_gradient_loss | -0.00639    |
|    value_loss           | 0.0659      |
-----------------------------------------
-----------------------------------------
| rollout/                |             |
|    ep_len_mean          | 243         |
|    ep_rew_mean          | 89.1        |
| time/                   |             |
|    fps                  | 677         |
|    iterations           | 31          |
|    time_elapsed         | 1123        |
|    total_timesteps      | 761856      |
| train/                  |             |
|    approx_kl            | 0.008914948 |
|    clip_fraction        | 0.079       |
|    clip_range           | 0.2         |
|    entropy_loss         | -1.81       |
|    explained_variance   | 0.937       |
|    learning_rate        | 0.0003      |
|    loss                 | 0.00968     |
|    n_updates            | 150         |
|    policy_gradient_loss | -0.00602    |
|    value_loss           | 0.08        |
-----------------------------------------
------------------------------------------
| rollout/                |              |
|    ep_len_mean          | 258          |
|    ep_rew_mean          | 90.3         |
| time/                   |              |
|    fps                  | 677          |
|    iterations           | 32           |
|    time_elapsed         | 1160         |
|    total_timesteps      | 786432       |
| train/                  |              |
|    approx_kl            | 0.0076951175 |
|    clip_fraction        | 0.0942       |
|    clip_range           | 0.2          |
|    entropy_loss         | -1.8         |
|    explained_variance   | 0.946        |
|    learning_rate        | 0.0003       |
|    loss                 | 0.0117       |
|    n_updates            | 155          |
|    policy_gradient_loss | -0.00617     |
|    value_loss           | 0.0658       |
------------------------------------------
-----------------------------------------
| rollout/                |             |
|    ep_len_mean          | 270         |
|    ep_rew_mean          | 91.9        |
| time/                   |             |
|    fps                  | 678         |
|    iterations           | 33          |
|    time_elapsed         | 1196        |
|    total_timesteps      | 811008      |
| train/                  |             |
|    approx_kl            | 0.007943145 |
|    clip_fraction        | 0.082       |
|    clip_range           | 0.2         |
|    entropy_loss         | -1.8        |
|    explained_variance   | 0.946       |
|    learning_rate        | 0.0003      |
|    loss                 | -0.00975    |
|    n_updates            | 160         |
|    policy_gradient_loss | -0.00641    |
|    value_loss           | 0.067       |
-----------------------------------------
-----------------------------------------
| rollout/                |             |
|    ep_len_mean          | 277         |
|    ep_rew_mean          | 91.7        |
| time/                   |             |
|    fps                  | 677         |
|    iterations           | 34          |
|    time_elapsed         | 1232        |
|    total_timesteps      | 835584      |
| train/                  |             |
|    approx_kl            | 0.007701975 |
|    clip_fraction        | 0.07        |
|    clip_range           | 0.2         |
|    entropy_loss         | -1.83       |
|    explained_variance   | 0.948       |
|    learning_rate        | 0.0003      |
|    loss                 | 0.011       |
|    n_updates            | 165         |
|    policy_gradient_loss | -0.00445    |
|    value_loss           | 0.0606      |
-----------------------------------------
-----------------------------------------
| rollout/                |             |
|    ep_len_mean          | 258         |
|    ep_rew_mean          | 90.9        |
| time/                   |             |
|    fps                  | 678         |
|    iterations           | 35          |
|    time_elapsed         | 1268        |
|    total_timesteps      | 860160      |
| train/                  |             |
|    approx_kl            | 0.009142739 |
|    clip_fraction        | 0.0886      |
|    clip_range           | 0.2         |
|    entropy_loss         | -1.82       |
|    explained_variance   | 0.946       |
|    learning_rate        | 0.0003      |
|    loss                 | -0.000985   |
|    n_updates            | 170         |
|    policy_gradient_loss | -0.00551    |
|    value_loss           | 0.0608      |
-----------------------------------------
-----------------------------------------
| rollout/                |             |
|    ep_len_mean          | 256         |
|    ep_rew_mean          | 90.1        |
| time/                   |             |
|    fps                  | 678         |
|    iterations           | 36          |
|    time_elapsed         | 1304        |
|    total_timesteps      | 884736      |
| train/                  |             |
|    approx_kl            | 0.009244644 |
|    clip_fraction        | 0.0815      |
|    clip_range           | 0.2         |
|    entropy_loss         | -1.78       |
|    explained_variance   | 0.946       |
|    learning_rate        | 0.0003      |
|    loss                 | 0.0104      |
|    n_updates            | 175         |
|    policy_gradient_loss | -0.00456    |
|    value_loss           | 0.0677      |
-----------------------------------------
-----------------------------------------
| rollout/                |             |
|    ep_len_mean          | 280         |
|    ep_rew_mean          | 91.1        |
| time/                   |             |
|    fps                  | 678         |
|    iterations           | 37          |
|    time_elapsed         | 1341        |
|    total_timesteps      | 909312      |
| train/                  |             |
|    approx_kl            | 0.008186041 |
|    clip_fraction        | 0.0896      |
|    clip_range           | 0.2         |
|    entropy_loss         | -1.78       |
|    explained_variance   | 0.954       |
|    learning_rate        | 0.0003      |
|    loss                 | -0.00628    |
|    n_updates            | 180         |
|    policy_gradient_loss | -0.00537    |
|    value_loss           | 0.0602      |
-----------------------------------------
-----------------------------------------
| rollout/                |             |
|    ep_len_mean          | 284         |
|    ep_rew_mean          | 90.5        |
| time/                   |             |
|    fps                  | 677         |
|    iterations           | 38          |
|    time_elapsed         | 1377        |
|    total_timesteps      | 933888      |
| train/                  |             |
|    approx_kl            | 0.008587014 |
|    clip_fraction        | 0.096       |
|    clip_range           | 0.2         |
|    entropy_loss         | -1.83       |
|    explained_variance   | 0.953       |
|    learning_rate        | 0.0003      |
|    loss                 | 0.00949     |
|    n_updates            | 185         |
|    policy_gradient_loss | -0.00551    |
|    value_loss           | 0.0566      |
-----------------------------------------
-----------------------------------------
| rollout/                |             |
|    ep_len_mean          | 285         |
|    ep_rew_mean          | 91.4        |
| time/                   |             |
|    fps                  | 677         |
|    iterations           | 39          |
|    time_elapsed         | 1413        |
|    total_timesteps      | 958464      |
| train/                  |             |
|    approx_kl            | 0.007895546 |
|    clip_fraction        | 0.0883      |
|    clip_range           | 0.2         |
|    entropy_loss         | -1.81       |
|    explained_variance   | 0.948       |
|    learning_rate        | 0.0003      |
|    loss                 | 0.00665     |
|    n_updates            | 190         |
|    policy_gradient_loss | -0.00479    |
|    value_loss           | 0.0628      |
-----------------------------------------
-----------------------------------------
| rollout/                |             |
|    ep_len_mean          | 268         |
|    ep_rew_mean          | 92.5        |
| time/                   |             |
|    fps                  | 678         |
|    iterations           | 40          |
|    time_elapsed         | 1449        |
|    total_timesteps      | 983040      |
| train/                  |             |
|    approx_kl            | 0.009521217 |
|    clip_fraction        | 0.0993      |
|    clip_range           | 0.2         |
|    entropy_loss         | -1.81       |
|    explained_variance   | 0.95        |
|    learning_rate        | 0.0003      |
|    loss                 | 0.00916     |
|    n_updates            | 195         |
|    policy_gradient_loss | -0.00803    |
|    value_loss           | 0.0591      |
-----------------------------------------
[Checkpoint] Saved at 1000000 steps > /home/runner/work/Disciples2-RL/Disciples2-RL/github_experiments/133/siege_train/target_enemy/seed133-siege_train-target_enemy-33694529053-1/checkpoints/campaign_ppo_step_1000000.zip
Eval num_timesteps=1000008, det_reward=93.05 +/- 5.58
Episode length: det=238.40 +/- 52.47
Victory rate: det=0.00%
-------------------------------------------------
| eval/                           |             |
|    deterministic_mean_ep_length | 238         |
|    deterministic_mean_reward    | 93.1        |
|    deterministic_victory_rate   | 0           |
|    mean_ep_length               | 238         |
|    mean_reward                  | 93.1        |
|    victory_rate                 | 0           |
| time/                           |             |
|    total_timesteps              | 1000008     |
| train/                          |             |
|    approx_kl                    | 0.008574961 |
|    clip_fraction                | 0.073       |
|    clip_range                   | 0.2         |
|    entropy_loss                 | -1.79       |
|    explained_variance           | 0.947       |
|    learning_rate                | 0.0003      |
|    loss                         | 0.00427     |
|    n_updates                    | 200         |
|    policy_gradient_loss         | -0.00534    |
|    value_loss                   | 0.0678      |
-------------------------------------------------
New best model by deterministic victory rate!
---------------------------------
| rollout/           |          |
|    ep_len_mean     | 253      |
|    ep_rew_mean     | 90.2     |
| time/              |          |
|    fps             | 673      |
|    iterations      | 41       |
|    time_elapsed    | 1496     |
|    total_timesteps | 1007616  |
---------------------------------
VecNormalize stats saved: /home/runner/work/Disciples2-RL/Disciples2-RL/github_experiments/133/siege_train/target_enemy/seed133-siege_train-target_enemy-33694529053-1/models/vecnormalize.pkl

Финальная модель сохранена: /home/runner/work/Disciples2-RL/Disciples2-RL/github_experiments/133/siege_train/target_enemy/seed133-siege_train-target_enemy-33694529053-1/models/final_model.zip

============================================================
ИТОГИ ОБУЧЕНИЯ:
  Побед: 0
  Поражений: 3902
  Таймаутов: 0
  Побед бота столицы над врагами: 0
  Перестановок юнитов: 173567
  Терминальные поражения по противникам:
    enemy_100: 921 — Осадная армия Империи
    enemy_5: 912 — Орочий заслон: два Орка и Гоблин-старейшина
    enemy_6: 494 — Горный дозор: два Гнома-воина и Арбалетчик
    enemy_4: 473 — Мёртвый патруль: два Воина и Адепт
    enemy_24: 198 — Наёмный патруль: Разбойник и Ополченец впереди; Гоблин лучник позади
    enemy_8: 177 — Чумной отряд: два Зомби, Призрак и Чернокнижник
    enemy_3: 131 — Имперское ополчение: два Скваера и Служка
    enemy_25: 114 — Ополчение с магом: Крестьянин и Ополченец впереди; Адепт позади
    enemy_23: 112 — Шайка: два Разбойника; Гоблин лучник позади
    enemy_7: 94 — Имперский патруль: два Рыцаря и Маг
    enemy_11: 64 — Костяная гвардия: два Скелета-воина, Некромант и Дух
    enemy_2: 62 — Дозор II: два Гоблина и Гоблин-лучник
    enemy_10: 58 — Орден охотников: Имперский рыцарь, Охотник на ведьм и Священник
    enemy_22: 20 — Смешанный дозор: Гоблин и Бес; Гоблин лучник позади
    enemy_9: 17 — Берсерки: два Берсерка, Колдун и Ведьма
    enemy_12: 14 — Гномьи ветераны: два Ветерана, Друид и Алхимик
    enemy_21: 13 — Бедное ополчение: два Крестьянина; Гоблин лучник позади
    enemy_13: 10 — Тёмный конклав: два Тёмных паладина, Демонолог и Колдунья
    enemy_16: 5 — Небесный орден: Ангел, Паладин, Белый маг и Аббатиса
    enemy_15: 3 — Старшая гвардия: Ветеран, Старый ветеран, Архидруид и Отшельник
    enemy_17: 3 — Адская гвардия: два Адских рыцаря, Инкуб и Пандемонеус
    enemy_14: 3 — Дикая стража: два Кентавра-дикаря, Архонт и Теург
    enemy_19: 2 — Высшая нежить: два Скелета-призрака, Архилич и Сущий
    enemy_18: 1 — Храмовая элита: Защитник Веры, Мастер клинка, Белый маг и Прорицательница
    enemy_20: 1 — Последний рубеж: Король гномов, Владыка рун, Защитник Веры, Архидруид, Отшельник и Архилич
  Winrate: 0.0%
============================================================
  График призывов за эпизод: /home/runner/work/Disciples2-RL/Disciples2-RL/github_experiments/133/siege_train/target_enemy/seed133-siege_train-target_enemy-33694529053-1/plots/campaign_summoned_units_per_episode.png
  График призывов за всё обучение: /home/runner/work/Disciples2-RL/Disciples2-RL/github_experiments/133/siege_train/target_enemy/seed133-siege_train-target_enemy-33694529053-1/plots/campaign_summoned_units_cumulative.png
  График найма за эпизод: /home/runner/work/Disciples2-RL/Disciples2-RL/github_experiments/133/siege_train/target_enemy/seed133-siege_train-target_enemy-33694529053-1/plots/campaign_hired_units_per_episode.png
  График найма за всё обучение: /home/runner/work/Disciples2-RL/Disciples2-RL/github_experiments/133/siege_train/target_enemy/seed133-siege_train-target_enemy-33694529053-1/plots/campaign_hired_units_cumulative.png
  График перестановок юнитов за эпизод: /home/runner/work/Disciples2-RL/Disciples2-RL/github_experiments/133/siege_train/target_enemy/seed133-siege_train-target_enemy-33694529053-1/plots/campaign_unit_swaps_per_episode.png
  График боевых предметов: /home/runner/work/Disciples2-RL/Disciples2-RL/github_experiments/133/siege_train/target_enemy/seed133-siege_train-target_enemy-33694529053-1/plots/campaign_battle_item_activity.png
  График побед бота столицы за эпизод: /home/runner/work/Disciples2-RL/Disciples2-RL/github_experiments/133/siege_train/target_enemy/seed133-siege_train-target_enemy-33694529053-1/plots/campaign_scripted_bot_victories_per_episode.png
  График применения заклинаний: /home/runner/work/Disciples2-RL/Disciples2-RL/github_experiments/133/siege_train/target_enemy/seed133-siege_train-target_enemy-33694529053-1/plots/campaign_spell_cast_activity.png
