Проверка среды CampaignEnv...
Среда прошла проверку!
[INFO] Comet disabled, running without experiment tracking
Создание 12 параллельных сред (subproc)...
Инициализация MaskablePPO...
Using cpu device

============================================================
Запуск обучения Campaign Agent
Всего шагов: 1,000,000
Параллельных сред: 12
VecEnv: subproc
VecEnv start method: forkserver
Seed: 130
Checkpoint каждые: 500,000 шагов
Evaluation каждые: 83,334 шагов
Eval deterministic эпизодов: 20
Eval stochastic эпизодов: 0
Eval лимит шагов на эпизод: 5000
Campaign map: super_last_stand
Campaign objective: waves
System resources at training start:
  Platform: Linux 6.17.0-1022-azure (x86_64)
  Python: 3.14.7
  PyTorch: 2.13.0+cpu
  Training device: cpu
  CPU model: AMD EPYC 7763 64-Core Processor
  CPU vendor: AuthenticAMD
  Logical CPUs visible: 4
  Process CPU affinity: 4
  Sockets: 1
  Cores per socket: 2
  Threads per core: 2
  CPU max MHz: unknown
  CPU min MHz: unknown
  L1d cache: 64 KiB (2 instances)
  L1i cache: 64 KiB (2 instances)
  L2 cache: 1 MiB (2 instances)
  L3 cache: 32 MiB (1 instance)
  Virtualization: AMD-V
  Hypervisor: Microsoft
  RAM total: 15.61 GiB
  RAM available at start: 13.88 GiB
  Disk total: 144.26 GiB
  Disk free at start: 78.27 GiB
  Torch intra-op threads: 4
  Torch inter-op threads: 2
  OMP_NUM_THREADS: 4
  MKL_NUM_THREADS: 4
  OPENBLAS_NUM_THREADS: 4
  GitHub runner OS: Linux
  GitHub runner architecture: X64
  GitHub runner environment: github-hosted
PPO n_steps: 2,048
PPO batch_size: 512
PPO n_epochs: 5
PPO learning_rate: 0.0003
PPO clip_range: 0.2
PPO ent_coef: 0.01
PPO gamma: 0.995
PPO gae_lambda: 0.95
PPO target_kl: disabled
PPO gradient batches per rollout: 240
VecCheckNan: disabled
Freeze action layout: enabled
Empire territory: enabled
Torch threads per process: 4
Diagnostics: disabled
Wall-clock training limit: disabled
Run ID: seed130-super_last_stand-waves-32499586001-1
============================================================

Logging to /home/runner/work/Disciples2-RL/Disciples2-RL/github_experiments/130/super_last_stand/waves/seed130-super_last_stand-waves-32499586001-1/tensorboard/MaskablePPO_1
---------------------------------
| rollout/           |          |
|    ep_len_mean     | 379      |
|    ep_rew_mean     | 14       |
| time/              |          |
|    fps             | 454      |
|    iterations      | 1        |
|    time_elapsed    | 54       |
|    total_timesteps | 24576    |
---------------------------------
-----------------------------------------
| rollout/                |             |
|    ep_len_mean          | 353         |
|    ep_rew_mean          | 16.7        |
| time/                   |             |
|    fps                  | 420         |
|    iterations           | 2           |
|    time_elapsed         | 116         |
|    total_timesteps      | 49152       |
| train/                  |             |
|    approx_kl            | 0.009754292 |
|    clip_fraction        | 0.0703      |
|    clip_range           | 0.2         |
|    entropy_loss         | -2.35       |
|    explained_variance   | 0.00593     |
|    learning_rate        | 0.0003      |
|    loss                 | -0.0107     |
|    n_updates            | 5           |
|    policy_gradient_loss | -0.00849    |
|    value_loss           | 0.055       |
-----------------------------------------
-----------------------------------------
| rollout/                |             |
|    ep_len_mean          | 279         |
|    ep_rew_mean          | 23.2        |
| time/                   |             |
|    fps                  | 412         |
|    iterations           | 3           |
|    time_elapsed         | 178         |
|    total_timesteps      | 73728       |
| train/                  |             |
|    approx_kl            | 0.010783392 |
|    clip_fraction        | 0.104       |
|    clip_range           | 0.2         |
|    entropy_loss         | -2.37       |
|    explained_variance   | 0.4         |
|    learning_rate        | 0.0003      |
|    loss                 | -0.00972    |
|    n_updates            | 10          |
|    policy_gradient_loss | -0.0116     |
|    value_loss           | 0.0493      |
-----------------------------------------
-----------------------------------------
| rollout/                |             |
|    ep_len_mean          | 296         |
|    ep_rew_mean          | 32.1        |
| time/                   |             |
|    fps                  | 410         |
|    iterations           | 4           |
|    time_elapsed         | 239         |
|    total_timesteps      | 98304       |
| train/                  |             |
|    approx_kl            | 0.008190307 |
|    clip_fraction        | 0.0802      |
|    clip_range           | 0.2         |
|    entropy_loss         | -2.37       |
|    explained_variance   | 0.558       |
|    learning_rate        | 0.0003      |
|    loss                 | -0.0101     |
|    n_updates            | 15          |
|    policy_gradient_loss | -0.011      |
|    value_loss           | 0.0542      |
-----------------------------------------
-----------------------------------------
| rollout/                |             |
|    ep_len_mean          | 305         |
|    ep_rew_mean          | 48.1        |
| time/                   |             |
|    fps                  | 408         |
|    iterations           | 5           |
|    time_elapsed         | 300         |
|    total_timesteps      | 122880      |
| train/                  |             |
|    approx_kl            | 0.010208222 |
|    clip_fraction        | 0.101       |
|    clip_range           | 0.2         |
|    entropy_loss         | -2.37       |
|    explained_variance   | 0.646       |
|    learning_rate        | 0.0003      |
|    loss                 | -0.0176     |
|    n_updates            | 20          |
|    policy_gradient_loss | -0.0124     |
|    value_loss           | 0.0532      |
-----------------------------------------
-----------------------------------------
| rollout/                |             |
|    ep_len_mean          | 351         |
|    ep_rew_mean          | 58.6        |
| time/                   |             |
|    fps                  | 406         |
|    iterations           | 6           |
|    time_elapsed         | 362         |
|    total_timesteps      | 147456      |
| train/                  |             |
|    approx_kl            | 0.008342944 |
|    clip_fraction        | 0.0803      |
|    clip_range           | 0.2         |
|    entropy_loss         | -2.35       |
|    explained_variance   | 0.656       |
|    learning_rate        | 0.0003      |
|    loss                 | -0.0158     |
|    n_updates            | 25          |
|    policy_gradient_loss | -0.0114     |
|    value_loss           | 0.0561      |
-----------------------------------------
-----------------------------------------
| rollout/                |             |
|    ep_len_mean          | 373         |
|    ep_rew_mean          | 71          |
| time/                   |             |
|    fps                  | 403         |
|    iterations           | 7           |
|    time_elapsed         | 426         |
|    total_timesteps      | 172032      |
| train/                  |             |
|    approx_kl            | 0.010266474 |
|    clip_fraction        | 0.117       |
|    clip_range           | 0.2         |
|    entropy_loss         | -2.33       |
|    explained_variance   | 0.734       |
|    learning_rate        | 0.0003      |
|    loss                 | -0.0251     |
|    n_updates            | 30          |
|    policy_gradient_loss | -0.0119     |
|    value_loss           | 0.0534      |
-----------------------------------------
-----------------------------------------
| rollout/                |             |
|    ep_len_mean          | 385         |
|    ep_rew_mean          | 80.9        |
| time/                   |             |
|    fps                  | 401         |
|    iterations           | 8           |
|    time_elapsed         | 489         |
|    total_timesteps      | 196608      |
| train/                  |             |
|    approx_kl            | 0.009871555 |
|    clip_fraction        | 0.105       |
|    clip_range           | 0.2         |
|    entropy_loss         | -2.32       |
|    explained_variance   | 0.826       |
|    learning_rate        | 0.0003      |
|    loss                 | -0.00718    |
|    n_updates            | 35          |
|    policy_gradient_loss | -0.011      |
|    value_loss           | 0.0469      |
-----------------------------------------
-----------------------------------------
| rollout/                |             |
|    ep_len_mean          | 366         |
|    ep_rew_mean          | 88.1        |
| time/                   |             |
|    fps                  | 400         |
|    iterations           | 9           |
|    time_elapsed         | 552         |
|    total_timesteps      | 221184      |
| train/                  |             |
|    approx_kl            | 0.009516752 |
|    clip_fraction        | 0.102       |
|    clip_range           | 0.2         |
|    entropy_loss         | -2.28       |
|    explained_variance   | 0.822       |
|    learning_rate        | 0.0003      |
|    loss                 | -0.0128     |
|    n_updates            | 40          |
|    policy_gradient_loss | -0.0114     |
|    value_loss           | 0.0434      |
-----------------------------------------
-----------------------------------------
| rollout/                |             |
|    ep_len_mean          | 378         |
|    ep_rew_mean          | 98.4        |
| time/                   |             |
|    fps                  | 398         |
|    iterations           | 10          |
|    time_elapsed         | 616         |
|    total_timesteps      | 245760      |
| train/                  |             |
|    approx_kl            | 0.009148298 |
|    clip_fraction        | 0.0973      |
|    clip_range           | 0.2         |
|    entropy_loss         | -2.26       |
|    explained_variance   | 0.813       |
|    learning_rate        | 0.0003      |
|    loss                 | -0.0151     |
|    n_updates            | 45          |
|    policy_gradient_loss | -0.0109     |
|    value_loss           | 0.0558      |
-----------------------------------------
-----------------------------------------
| rollout/                |             |
|    ep_len_mean          | 377         |
|    ep_rew_mean          | 109         |
| time/                   |             |
|    fps                  | 396         |
|    iterations           | 11          |
|    time_elapsed         | 681         |
|    total_timesteps      | 270336      |
| train/                  |             |
|    approx_kl            | 0.009480809 |
|    clip_fraction        | 0.0989      |
|    clip_range           | 0.2         |
|    entropy_loss         | -2.26       |
|    explained_variance   | 0.855       |
|    learning_rate        | 0.0003      |
|    loss                 | -0.0177     |
|    n_updates            | 50          |
|    policy_gradient_loss | -0.0112     |
|    value_loss           | 0.0493      |
-----------------------------------------
-----------------------------------------
| rollout/                |             |
|    ep_len_mean          | 365         |
|    ep_rew_mean          | 118         |
| time/                   |             |
|    fps                  | 395         |
|    iterations           | 12          |
|    time_elapsed         | 745         |
|    total_timesteps      | 294912      |
| train/                  |             |
|    approx_kl            | 0.010854471 |
|    clip_fraction        | 0.0958      |
|    clip_range           | 0.2         |
|    entropy_loss         | -2.25       |
|    explained_variance   | 0.86        |
|    learning_rate        | 0.0003      |
|    loss                 | -0.0113     |
|    n_updates            | 55          |
|    policy_gradient_loss | -0.0107     |
|    value_loss           | 0.0528      |
-----------------------------------------
-----------------------------------------
| rollout/                |             |
|    ep_len_mean          | 372         |
|    ep_rew_mean          | 135         |
| time/                   |             |
|    fps                  | 394         |
|    iterations           | 13          |
|    time_elapsed         | 810         |
|    total_timesteps      | 319488      |
| train/                  |             |
|    approx_kl            | 0.009385113 |
|    clip_fraction        | 0.0927      |
|    clip_range           | 0.2         |
|    entropy_loss         | -2.2        |
|    explained_variance   | 0.863       |
|    learning_rate        | 0.0003      |
|    loss                 | -0.00974    |
|    n_updates            | 60          |
|    policy_gradient_loss | -0.00955    |
|    value_loss           | 0.0535      |
-----------------------------------------
------------------------------------------
| rollout/                |              |
|    ep_len_mean          | 371          |
|    ep_rew_mean          | 138          |
| time/                   |              |
|    fps                  | 392          |
|    iterations           | 14           |
|    time_elapsed         | 875          |
|    total_timesteps      | 344064       |
| train/                  |              |
|    approx_kl            | 0.0094728805 |
|    clip_fraction        | 0.079        |
|    clip_range           | 0.2          |
|    entropy_loss         | -2.13        |
|    explained_variance   | 0.887        |
|    learning_rate        | 0.0003       |
|    loss                 | -0.0225      |
|    n_updates            | 65           |
|    policy_gradient_loss | -0.00851     |
|    value_loss           | 0.0469       |
------------------------------------------
-----------------------------------------
| rollout/                |             |
|    ep_len_mean          | 364         |
|    ep_rew_mean          | 140         |
| time/                   |             |
|    fps                  | 392         |
|    iterations           | 15          |
|    time_elapsed         | 939         |
|    total_timesteps      | 368640      |
| train/                  |             |
|    approx_kl            | 0.008190961 |
|    clip_fraction        | 0.0818      |
|    clip_range           | 0.2         |
|    entropy_loss         | -2.07       |
|    explained_variance   | 0.91        |
|    learning_rate        | 0.0003      |
|    loss                 | -0.0112     |
|    n_updates            | 70          |
|    policy_gradient_loss | -0.00841    |
|    value_loss           | 0.0433      |
-----------------------------------------
-----------------------------------------
| rollout/                |             |
|    ep_len_mean          | 346         |
|    ep_rew_mean          | 145         |
| time/                   |             |
|    fps                  | 392         |
|    iterations           | 16          |
|    time_elapsed         | 1002        |
|    total_timesteps      | 393216      |
| train/                  |             |
|    approx_kl            | 0.008034807 |
|    clip_fraction        | 0.0693      |
|    clip_range           | 0.2         |
|    entropy_loss         | -2.03       |
|    explained_variance   | 0.899       |
|    learning_rate        | 0.0003      |
|    loss                 | -0.0129     |
|    n_updates            | 75          |
|    policy_gradient_loss | -0.00712    |
|    value_loss           | 0.0514      |
-----------------------------------------
-----------------------------------------
| rollout/                |             |
|    ep_len_mean          | 356         |
|    ep_rew_mean          | 152         |
| time/                   |             |
|    fps                  | 391         |
|    iterations           | 17          |
|    time_elapsed         | 1066        |
|    total_timesteps      | 417792      |
| train/                  |             |
|    approx_kl            | 0.007688223 |
|    clip_fraction        | 0.0642      |
|    clip_range           | 0.2         |
|    entropy_loss         | -1.98       |
|    explained_variance   | 0.889       |
|    learning_rate        | 0.0003      |
|    loss                 | -0.0047     |
|    n_updates            | 80          |
|    policy_gradient_loss | -0.00717    |
|    value_loss           | 0.0482      |
-----------------------------------------
------------------------------------------
| rollout/                |              |
|    ep_len_mean          | 349          |
|    ep_rew_mean          | 154          |
| time/                   |              |
|    fps                  | 391          |
|    iterations           | 18           |
|    time_elapsed         | 1130         |
|    total_timesteps      | 442368       |
| train/                  |              |
|    approx_kl            | 0.0074915327 |
|    clip_fraction        | 0.0614       |
|    clip_range           | 0.2          |
|    entropy_loss         | -1.95        |
|    explained_variance   | 0.919        |
|    learning_rate        | 0.0003       |
|    loss                 | -0.0103      |
|    n_updates            | 85           |
|    policy_gradient_loss | -0.00596     |
|    value_loss           | 0.0426       |
------------------------------------------
-----------------------------------------
| rollout/                |             |
|    ep_len_mean          | 354         |
|    ep_rew_mean          | 160         |
| time/                   |             |
|    fps                  | 390         |
|    iterations           | 19          |
|    time_elapsed         | 1195        |
|    total_timesteps      | 466944      |
| train/                  |             |
|    approx_kl            | 0.007352228 |
|    clip_fraction        | 0.0648      |
|    clip_range           | 0.2         |
|    entropy_loss         | -1.93       |
|    explained_variance   | 0.92        |
|    learning_rate        | 0.0003      |
|    loss                 | -0.0179     |
|    n_updates            | 90          |
|    policy_gradient_loss | -0.00615    |
|    value_loss           | 0.0482      |
-----------------------------------------
------------------------------------------
| rollout/                |              |
|    ep_len_mean          | 336          |
|    ep_rew_mean          | 155          |
| time/                   |              |
|    fps                  | 389          |
|    iterations           | 20           |
|    time_elapsed         | 1262         |
|    total_timesteps      | 491520       |
| train/                  |              |
|    approx_kl            | 0.0061891247 |
|    clip_fraction        | 0.0525       |
|    clip_range           | 0.2          |
|    entropy_loss         | -1.92        |
|    explained_variance   | 0.92         |
|    learning_rate        | 0.0003       |
|    loss                 | -0.000879    |
|    n_updates            | 95           |
|    policy_gradient_loss | -0.00478     |
|    value_loss           | 0.0507       |
------------------------------------------
[Checkpoint] Saved at 500000 steps > /home/runner/work/Disciples2-RL/Disciples2-RL/github_experiments/130/super_last_stand/waves/seed130-super_last_stand-waves-32499586001-1/checkpoints/campaign_ppo_step_500000.zip
-----------------------------------------
| rollout/                |             |
|    ep_len_mean          | 333         |
|    ep_rew_mean          | 153         |
| time/                   |             |
|    fps                  | 389         |
|    iterations           | 21          |
|    time_elapsed         | 1326        |
|    total_timesteps      | 516096      |
| train/                  |             |
|    approx_kl            | 0.006960048 |
|    clip_fraction        | 0.0619      |
|    clip_range           | 0.2         |
|    entropy_loss         | -1.91       |
|    explained_variance   | 0.907       |
|    learning_rate        | 0.0003      |
|    loss                 | -0.0117     |
|    n_updates            | 100         |
|    policy_gradient_loss | -0.0062     |
|    value_loss           | 0.0522      |
-----------------------------------------
---------------------------------------
| rollout/                |           |
|    ep_len_mean          | 329       |
|    ep_rew_mean          | 156       |
| time/                   |           |
|    fps                  | 388       |
|    iterations           | 22        |
|    time_elapsed         | 1391      |
|    total_timesteps      | 540672    |
| train/                  |           |
|    approx_kl            | 0.0074408 |
|    clip_fraction        | 0.0651    |
|    clip_range           | 0.2       |
|    entropy_loss         | -1.87     |
|    explained_variance   | 0.933     |
|    learning_rate        | 0.0003    |
|    loss                 | -0.0129   |
|    n_updates            | 105       |
|    policy_gradient_loss | -0.00685  |
|    value_loss           | 0.043     |
---------------------------------------
------------------------------------------
| rollout/                |              |
|    ep_len_mean          | 329          |
|    ep_rew_mean          | 159          |
| time/                   |              |
|    fps                  | 388          |
|    iterations           | 23           |
|    time_elapsed         | 1456         |
|    total_timesteps      | 565248       |
| train/                  |              |
|    approx_kl            | 0.0068770912 |
|    clip_fraction        | 0.0613       |
|    clip_range           | 0.2          |
|    entropy_loss         | -1.82        |
|    explained_variance   | 0.933        |
|    learning_rate        | 0.0003       |
|    loss                 | -0.00977     |
|    n_updates            | 110          |
|    policy_gradient_loss | -0.00581     |
|    value_loss           | 0.0451       |
------------------------------------------
-----------------------------------------
| rollout/                |             |
|    ep_len_mean          | 320         |
|    ep_rew_mean          | 155         |
| time/                   |             |
|    fps                  | 387         |
|    iterations           | 24          |
|    time_elapsed         | 1522        |
|    total_timesteps      | 589824      |
| train/                  |             |
|    approx_kl            | 0.006506761 |
|    clip_fraction        | 0.059       |
|    clip_range           | 0.2         |
|    entropy_loss         | -1.84       |
|    explained_variance   | 0.934       |
|    learning_rate        | 0.0003      |
|    loss                 | -0.0078     |
|    n_updates            | 115         |
|    policy_gradient_loss | -0.00615    |
|    value_loss           | 0.0451      |
-----------------------------------------
-----------------------------------------
| rollout/                |             |
|    ep_len_mean          | 322         |
|    ep_rew_mean          | 155         |
| time/                   |             |
|    fps                  | 387         |
|    iterations           | 25          |
|    time_elapsed         | 1586        |
|    total_timesteps      | 614400      |
| train/                  |             |
|    approx_kl            | 0.007610651 |
|    clip_fraction        | 0.0611      |
|    clip_range           | 0.2         |
|    entropy_loss         | -1.79       |
|    explained_variance   | 0.948       |
|    learning_rate        | 0.0003      |
|    loss                 | -0.00321    |
|    n_updates            | 120         |
|    policy_gradient_loss | -0.00572    |
|    value_loss           | 0.0359      |
-----------------------------------------
-----------------------------------------
| rollout/                |             |
|    ep_len_mean          | 309         |
|    ep_rew_mean          | 156         |
| time/                   |             |
|    fps                  | 387         |
|    iterations           | 26          |
|    time_elapsed         | 1650        |
|    total_timesteps      | 638976      |
| train/                  |             |
|    approx_kl            | 0.007029087 |
|    clip_fraction        | 0.062       |
|    clip_range           | 0.2         |
|    entropy_loss         | -1.81       |
|    explained_variance   | 0.93        |
|    learning_rate        | 0.0003      |
|    loss                 | -0.00339    |
|    n_updates            | 125         |
|    policy_gradient_loss | -0.0063     |
|    value_loss           | 0.0515      |
-----------------------------------------
------------------------------------------
| rollout/                |              |
|    ep_len_mean          | 312          |
|    ep_rew_mean          | 153          |
| time/                   |              |
|    fps                  | 387          |
|    iterations           | 27           |
|    time_elapsed         | 1712         |
|    total_timesteps      | 663552       |
| train/                  |              |
|    approx_kl            | 0.0072317943 |
|    clip_fraction        | 0.0663       |
|    clip_range           | 0.2          |
|    entropy_loss         | -1.83        |
|    explained_variance   | 0.939        |
|    learning_rate        | 0.0003       |
|    loss                 | -0.00875     |
|    n_updates            | 130          |
|    policy_gradient_loss | -0.00623     |
|    value_loss           | 0.0488       |
------------------------------------------
-----------------------------------------
| rollout/                |             |
|    ep_len_mean          | 317         |
|    ep_rew_mean          | 158         |
| time/                   |             |
|    fps                  | 387         |
|    iterations           | 28          |
|    time_elapsed         | 1774        |
|    total_timesteps      | 688128      |
| train/                  |             |
|    approx_kl            | 0.007057296 |
|    clip_fraction        | 0.0614      |
|    clip_range           | 0.2         |
|    entropy_loss         | -1.82       |
|    explained_variance   | 0.938       |
|    learning_rate        | 0.0003      |
|    loss                 | -0.0131     |
|    n_updates            | 135         |
|    policy_gradient_loss | -0.00567    |
|    value_loss           | 0.0418      |
-----------------------------------------
------------------------------------------
| rollout/                |              |
|    ep_len_mean          | 359          |
|    ep_rew_mean          | 145          |
| time/                   |              |
|    fps                  | 388          |
|    iterations           | 29           |
|    time_elapsed         | 1836         |
|    total_timesteps      | 712704       |
| train/                  |              |
|    approx_kl            | 0.0068226806 |
|    clip_fraction        | 0.0546       |
|    clip_range           | 0.2          |
|    entropy_loss         | -1.81        |
|    explained_variance   | 0.958        |
|    learning_rate        | 0.0003       |
|    loss                 | -0.0109      |
|    n_updates            | 140          |
|    policy_gradient_loss | -0.00547     |
|    value_loss           | 0.0324       |
------------------------------------------
-----------------------------------------
| rollout/                |             |
|    ep_len_mean          | 373         |
|    ep_rew_mean          | 159         |
| time/                   |             |
|    fps                  | 388         |
|    iterations           | 30          |
|    time_elapsed         | 1899        |
|    total_timesteps      | 737280      |
| train/                  |             |
|    approx_kl            | 0.006236136 |
|    clip_fraction        | 0.0456      |
|    clip_range           | 0.2         |
|    entropy_loss         | -1.78       |
|    explained_variance   | 0.958       |
|    learning_rate        | 0.0003      |
|    loss                 | -0.0157     |
|    n_updates            | 145         |
|    policy_gradient_loss | -0.0048     |
|    value_loss           | 0.0327      |
-----------------------------------------
-----------------------------------------
| rollout/                |             |
|    ep_len_mean          | 322         |
|    ep_rew_mean          | 167         |
| time/                   |             |
|    fps                  | 387         |
|    iterations           | 31          |
|    time_elapsed         | 1965        |
|    total_timesteps      | 761856      |
| train/                  |             |
|    approx_kl            | 0.006736405 |
|    clip_fraction        | 0.0568      |
|    clip_range           | 0.2         |
|    entropy_loss         | -1.74       |
|    explained_variance   | 0.945       |
|    learning_rate        | 0.0003      |
|    loss                 | 0.00107     |
|    n_updates            | 150         |
|    policy_gradient_loss | -0.00504    |
|    value_loss           | 0.037       |
-----------------------------------------
-----------------------------------------
| rollout/                |             |
|    ep_len_mean          | 313         |
|    ep_rew_mean          | 157         |
| time/                   |             |
|    fps                  | 387         |
|    iterations           | 32          |
|    time_elapsed         | 2027        |
|    total_timesteps      | 786432      |
| train/                  |             |
|    approx_kl            | 0.007702689 |
|    clip_fraction        | 0.0647      |
|    clip_range           | 0.2         |
|    entropy_loss         | -1.74       |
|    explained_variance   | 0.946       |
|    learning_rate        | 0.0003      |
|    loss                 | -0.00395    |
|    n_updates            | 155         |
|    policy_gradient_loss | -0.00641    |
|    value_loss           | 0.0353      |
-----------------------------------------
------------------------------------------
| rollout/                |              |
|    ep_len_mean          | 301          |
|    ep_rew_mean          | 151          |
| time/                   |              |
|    fps                  | 387          |
|    iterations           | 33           |
|    time_elapsed         | 2091         |
|    total_timesteps      | 811008       |
| train/                  |              |
|    approx_kl            | 0.0061631766 |
|    clip_fraction        | 0.0556       |
|    clip_range           | 0.2          |
|    entropy_loss         | -1.77        |
|    explained_variance   | 0.935        |
|    learning_rate        | 0.0003       |
|    loss                 | -0.00498     |
|    n_updates            | 160          |
|    policy_gradient_loss | -0.00454     |
|    value_loss           | 0.0443       |
------------------------------------------
------------------------------------------
| rollout/                |              |
|    ep_len_mean          | 316          |
|    ep_rew_mean          | 161          |
| time/                   |              |
|    fps                  | 387          |
|    iterations           | 34           |
|    time_elapsed         | 2158         |
|    total_timesteps      | 835584       |
| train/                  |              |
|    approx_kl            | 0.0071693673 |
|    clip_fraction        | 0.0629       |
|    clip_range           | 0.2          |
|    entropy_loss         | -1.75        |
|    explained_variance   | 0.943        |
|    learning_rate        | 0.0003       |
|    loss                 | -0.00558     |
|    n_updates            | 165          |
|    policy_gradient_loss | -0.00618     |
|    value_loss           | 0.0389       |
------------------------------------------
-----------------------------------------
| rollout/                |             |
|    ep_len_mean          | 315         |
|    ep_rew_mean          | 165         |
| time/                   |             |
|    fps                  | 386         |
|    iterations           | 35          |
|    time_elapsed         | 2223        |
|    total_timesteps      | 860160      |
| train/                  |             |
|    approx_kl            | 0.006885814 |
|    clip_fraction        | 0.0586      |
|    clip_range           | 0.2         |
|    entropy_loss         | -1.72       |
|    explained_variance   | 0.952       |
|    learning_rate        | 0.0003      |
|    loss                 | -0.0089     |
|    n_updates            | 170         |
|    policy_gradient_loss | -0.00535    |
|    value_loss           | 0.0332      |
-----------------------------------------
-----------------------------------------
| rollout/                |             |
|    ep_len_mean          | 318         |
|    ep_rew_mean          | 166         |
| time/                   |             |
|    fps                  | 386         |
|    iterations           | 36          |
|    time_elapsed         | 2286        |
|    total_timesteps      | 884736      |
| train/                  |             |
|    approx_kl            | 0.006471548 |
|    clip_fraction        | 0.0507      |
|    clip_range           | 0.2         |
|    entropy_loss         | -1.71       |
|    explained_variance   | 0.948       |
|    learning_rate        | 0.0003      |
|    loss                 | -0.00282    |
|    n_updates            | 175         |
|    policy_gradient_loss | -0.00568    |
|    value_loss           | 0.0381      |
-----------------------------------------
------------------------------------------
| rollout/                |              |
|    ep_len_mean          | 322          |
|    ep_rew_mean          | 169          |
| time/                   |              |
|    fps                  | 386          |
|    iterations           | 37           |
|    time_elapsed         | 2351         |
|    total_timesteps      | 909312       |
| train/                  |              |
|    approx_kl            | 0.0063205217 |
|    clip_fraction        | 0.0568       |
|    clip_range           | 0.2          |
|    entropy_loss         | -1.7         |
|    explained_variance   | 0.936        |
|    learning_rate        | 0.0003       |
|    loss                 | -0.00811     |
|    n_updates            | 180          |
|    policy_gradient_loss | -0.00631     |
|    value_loss           | 0.0386       |
------------------------------------------
-----------------------------------------
| rollout/                |             |
|    ep_len_mean          | 307         |
|    ep_rew_mean          | 161         |
| time/                   |             |
|    fps                  | 386         |
|    iterations           | 38          |
|    time_elapsed         | 2414        |
|    total_timesteps      | 933888      |
| train/                  |             |
|    approx_kl            | 0.007474533 |
|    clip_fraction        | 0.0706      |
|    clip_range           | 0.2         |
|    entropy_loss         | -1.69       |
|    explained_variance   | 0.945       |
|    learning_rate        | 0.0003      |
|    loss                 | -0.0127     |
|    n_updates            | 185         |
|    policy_gradient_loss | -0.00654    |
|    value_loss           | 0.0376      |
-----------------------------------------
-----------------------------------------
| rollout/                |             |
|    ep_len_mean          | 320         |
|    ep_rew_mean          | 168         |
| time/                   |             |
|    fps                  | 387         |
|    iterations           | 39          |
|    time_elapsed         | 2475        |
|    total_timesteps      | 958464      |
| train/                  |             |
|    approx_kl            | 0.006865733 |
|    clip_fraction        | 0.0601      |
|    clip_range           | 0.2         |
|    entropy_loss         | -1.7        |
|    explained_variance   | 0.928       |
|    learning_rate        | 0.0003      |
|    loss                 | 0.0097      |
|    n_updates            | 190         |
|    policy_gradient_loss | -0.00601    |
|    value_loss           | 0.0494      |
-----------------------------------------
-----------------------------------------
| rollout/                |             |
|    ep_len_mean          | 305         |
|    ep_rew_mean          | 167         |
| time/                   |             |
|    fps                  | 387         |
|    iterations           | 40          |
|    time_elapsed         | 2537        |
|    total_timesteps      | 983040      |
| train/                  |             |
|    approx_kl            | 0.007819544 |
|    clip_fraction        | 0.0737      |
|    clip_range           | 0.2         |
|    entropy_loss         | -1.74       |
|    explained_variance   | 0.947       |
|    learning_rate        | 0.0003      |
|    loss                 | -0.0164     |
|    n_updates            | 195         |
|    policy_gradient_loss | -0.00651    |
|    value_loss           | 0.0341      |
-----------------------------------------
[Checkpoint] Saved at 1000000 steps > /home/runner/work/Disciples2-RL/Disciples2-RL/github_experiments/130/super_last_stand/waves/seed130-super_last_stand-waves-32499586001-1/checkpoints/campaign_ppo_step_1000000.zip
Eval num_timesteps=1000008, det_reward=128.23 +/- 52.68
Episode length: det=217.30 +/- 112.17
Victory rate: det=0.00%
-------------------------------------------------
| eval/                           |             |
|    deterministic_mean_ep_length | 217         |
|    deterministic_mean_reward    | 128         |
|    deterministic_victory_rate   | 0           |
|    mean_ep_length               | 217         |
|    mean_reward                  | 128         |
|    victory_rate                 | 0           |
| time/                           |             |
|    total_timesteps              | 1000008     |
| train/                          |             |
|    approx_kl                    | 0.010228008 |
|    clip_fraction                | 0.0552      |
|    clip_range                   | 0.2         |
|    entropy_loss                 | -1.69       |
|    explained_variance           | 0.944       |
|    learning_rate                | 0.0003      |
|    loss                         | -0.00705    |
|    n_updates                    | 200         |
|    policy_gradient_loss         | -0.00608    |
|    value_loss                   | 0.0371      |
-------------------------------------------------
New best model by deterministic victory rate!
---------------------------------
| rollout/           |          |
|    ep_len_mean     | 363      |
|    ep_rew_mean     | 161      |
| time/              |          |
|    fps             | 384      |
|    iterations      | 41       |
|    time_elapsed    | 2619     |
|    total_timesteps | 1007616  |
---------------------------------
VecNormalize stats saved: /home/runner/work/Disciples2-RL/Disciples2-RL/github_experiments/130/super_last_stand/waves/seed130-super_last_stand-waves-32499586001-1/models/vecnormalize.pkl

Финальная модель сохранена: /home/runner/work/Disciples2-RL/Disciples2-RL/github_experiments/130/super_last_stand/waves/seed130-super_last_stand-waves-32499586001-1/models/final_model.zip

============================================================
ИТОГИ ОБУЧЕНИЯ:
  Побед: 0
  Поражений: 3004
  Таймаутов: 0
  Побед бота столицы над врагами: 0
  Перестановок юнитов: 165282
  Терминальные поражения по противникам:
    enemy_112: 572 — Волна 4 — «Первая сталь» (~1300); Гномы
    enemy_113: 371 — Волна 5 — «Гвардия героев» (~1650); Люди
    enemy_110: 336 — Волна 4 — «Первая сталь» (~1300); Люди
    enemy_111: 331 — Волна 4 — «Первая сталь» (~1300); Эльфы
    enemy_114: 209 — Волна 5 — «Гвардия героев» (~1650); Эльфы
    enemy_109: 191 — Волна 3 — «Разведка боем» (~1050); Гномы
    enemy_10: 169 — Гарнизон города тёмных эльфов
    enemy_2: 148 — Один Мастер оккультист
    enemy_70: 140 — Руины: Тролль, Людоед и Гоблин старейшина
    enemy_115: 120 — Волна 5 — «Гвардия героев» (~1650); Гномы
    enemy_108: 66 — Волна 3 — «Разведка боем» (~1050); Эльфы
    enemy_107: 58 — Волна 3 — «Разведка боем» (~1050); Люди
    enemy_116: 47 — Волна 6 — «Стальной прилив» (~1850); Люди
    enemy_117: 38 — Волна 6 — «Стальной прилив» (~1850); Эльфы
    enemy_71: 37 — Забытые эльфийские руины: нейтральный грифон, эльфийский оракул, лорд эльфов и эльф-рейнджер
    enemy_11: 29 — Гарнизон города сильных варваров
    enemy_106: 25 — Волна 2 — «Регулярные роты» (~770); Гномы
    enemy_104: 21 — Волна 2 — «Регулярные роты» (~770); Люди
    enemy_105: 19 — Волна 2 — «Регулярные роты» (~770); Эльфы
    enemy_3: 19 — Морской змей и Кракен охраняют драгоценность в озере
    enemy_119: 13 — Волна 7 — «Цвет трёх народов» (~2100); Люди
    enemy_101: 12 — Волна 1 — «Первая волна»; Люди
    enemy_120: 10 — Волна 7 — «Цвет трёх народов» (~2100); Эльфы
    enemy_102: 8 — Волна 1 — «Первая волна»; Эльфы
    enemy_118: 5 — Волна 6 — «Стальной прилив» (~1850); Гномы
    enemy_103: 4 — Волна 1 — «Первая волна»; Гномы
    enemy_1: 3 — Один Орк
    enemy_122: 2 — Волна 8 — «Ярость ветеранов» (~2350); Люди
    enemy_125: 1 — Волна 9 — «Предвестники бури» (~2500); Люди
  Winrate: 0.0%
============================================================
  График призывов за эпизод: /home/runner/work/Disciples2-RL/Disciples2-RL/github_experiments/130/super_last_stand/waves/seed130-super_last_stand-waves-32499586001-1/plots/campaign_summoned_units_per_episode.png
  График призывов за всё обучение: /home/runner/work/Disciples2-RL/Disciples2-RL/github_experiments/130/super_last_stand/waves/seed130-super_last_stand-waves-32499586001-1/plots/campaign_summoned_units_cumulative.png
  График найма за эпизод: /home/runner/work/Disciples2-RL/Disciples2-RL/github_experiments/130/super_last_stand/waves/seed130-super_last_stand-waves-32499586001-1/plots/campaign_hired_units_per_episode.png
  График найма за всё обучение: /home/runner/work/Disciples2-RL/Disciples2-RL/github_experiments/130/super_last_stand/waves/seed130-super_last_stand-waves-32499586001-1/plots/campaign_hired_units_cumulative.png
  График перестановок юнитов за эпизод: /home/runner/work/Disciples2-RL/Disciples2-RL/github_experiments/130/super_last_stand/waves/seed130-super_last_stand-waves-32499586001-1/plots/campaign_unit_swaps_per_episode.png
  График боевых предметов: /home/runner/work/Disciples2-RL/Disciples2-RL/github_experiments/130/super_last_stand/waves/seed130-super_last_stand-waves-32499586001-1/plots/campaign_battle_item_activity.png
  График побед бота столицы за эпизод: /home/runner/work/Disciples2-RL/Disciples2-RL/github_experiments/130/super_last_stand/waves/seed130-super_last_stand-waves-32499586001-1/plots/campaign_scripted_bot_victories_per_episode.png
  График применения заклинаний: /home/runner/work/Disciples2-RL/Disciples2-RL/github_experiments/130/super_last_stand/waves/seed130-super_last_stand-waves-32499586001-1/plots/campaign_spell_cast_activity.png
