Проверка среды CampaignEnv...
Среда прошла проверку!
[INFO] Comet disabled, running without experiment tracking
Создание 12 параллельных сред (subproc)...
Инициализация MaskablePPO...
Using cpu device

============================================================
Запуск обучения Campaign Agent
Всего шагов: 1,000,000
Параллельных сред: 12
VecEnv: subproc
VecEnv start method: forkserver
Seed: 120
Checkpoint каждые: 500,000 шагов
Evaluation каждые: 83,334 шагов
Eval deterministic эпизодов: 20
Eval stochastic эпизодов: 0
Eval лимит шагов на эпизод: 5000
Campaign map: trade_train
Campaign objective: all_enemies
System resources at training start:
  Platform: Linux 6.17.0-1020-azure (x86_64)
  Python: 3.14.6
  PyTorch: 2.13.0+cpu
  Training device: cpu
  CPU model: INTEL(R) XEON(R) PLATINUM 8573C
  CPU vendor: GenuineIntel
  Logical CPUs visible: 4
  Process CPU affinity: 4
  Sockets: 1
  Cores per socket: 2
  Threads per core: 2
  CPU max MHz: 2300.0000
  CPU min MHz: 800.0000
  L1d cache: 96 KiB (2 instances)
  L1i cache: 64 KiB (2 instances)
  L2 cache: 4 MiB (2 instances)
  L3 cache: 260 MiB (1 instance)
  Virtualization: VT-x
  Hypervisor: Microsoft
  RAM total: 15.61 GiB
  RAM available at start: 13.85 GiB
  Disk total: 144.26 GiB
  Disk free at start: 83.25 GiB
  Torch intra-op threads: 4
  Torch inter-op threads: 2
  OMP_NUM_THREADS: 4
  MKL_NUM_THREADS: 4
  OPENBLAS_NUM_THREADS: 4
  GitHub runner OS: Linux
  GitHub runner architecture: X64
  GitHub runner environment: github-hosted
PPO n_steps: 2,048
PPO batch_size: 512
PPO n_epochs: 5
PPO learning_rate: 0.0003
PPO clip_range: 0.2
PPO ent_coef: 0.01
PPO gamma: 0.995
PPO gae_lambda: 0.95
PPO target_kl: disabled
PPO gradient batches per rollout: 240
VecCheckNan: disabled
Freeze action layout: enabled
Empire territory: enabled
Torch threads per process: 4
Diagnostics: disabled
Wall-clock training limit: disabled
Run ID: seed120-trade_train-all_enemies-30217149163-1
============================================================

Logging to /home/runner/work/Disciples2-RL/Disciples2-RL/github_experiments/120/trade_train/all_enemies/seed120-trade_train-all_enemies-30217149163-1/tensorboard/MaskablePPO_1
---------------------------------
| rollout/           |          |
|    ep_len_mean     | 550      |
|    ep_rew_mean     | -52.3    |
| time/              |          |
|    fps             | 802      |
|    iterations      | 1        |
|    time_elapsed    | 30       |
|    total_timesteps | 24576    |
---------------------------------
-----------------------------------------
| rollout/                |             |
|    ep_len_mean          | 574         |
|    ep_rew_mean          | -42.8       |
| time/                   |             |
|    fps                  | 781         |
|    iterations           | 2           |
|    time_elapsed         | 62          |
|    total_timesteps      | 49152       |
| train/                  |             |
|    approx_kl            | 0.008646622 |
|    clip_fraction        | 0.057       |
|    clip_range           | 0.2         |
|    entropy_loss         | -2.23       |
|    explained_variance   | 0.154       |
|    learning_rate        | 0.0003      |
|    loss                 | 0.159       |
|    n_updates            | 5           |
|    policy_gradient_loss | -0.00732    |
|    value_loss           | 0.133       |
-----------------------------------------
-----------------------------------------
| rollout/                |             |
|    ep_len_mean          | 406         |
|    ep_rew_mean          | -20.7       |
| time/                   |             |
|    fps                  | 775         |
|    iterations           | 3           |
|    time_elapsed         | 95          |
|    total_timesteps      | 73728       |
| train/                  |             |
|    approx_kl            | 0.009893694 |
|    clip_fraction        | 0.0712      |
|    clip_range           | 0.2         |
|    entropy_loss         | -2.22       |
|    explained_variance   | 0.363       |
|    learning_rate        | 0.0003      |
|    loss                 | -0.0208     |
|    n_updates            | 10          |
|    policy_gradient_loss | -0.00727    |
|    value_loss           | 0.0225      |
-----------------------------------------
-----------------------------------------
| rollout/                |             |
|    ep_len_mean          | 286         |
|    ep_rew_mean          | -8.34       |
| time/                   |             |
|    fps                  | 773         |
|    iterations           | 4           |
|    time_elapsed         | 127         |
|    total_timesteps      | 98304       |
| train/                  |             |
|    approx_kl            | 0.009199454 |
|    clip_fraction        | 0.0743      |
|    clip_range           | 0.2         |
|    entropy_loss         | -2.22       |
|    explained_variance   | 0.452       |
|    learning_rate        | 0.0003      |
|    loss                 | -0.0281     |
|    n_updates            | 15          |
|    policy_gradient_loss | -0.00841    |
|    value_loss           | 0.0312      |
-----------------------------------------
-----------------------------------------
| rollout/                |             |
|    ep_len_mean          | 209         |
|    ep_rew_mean          | 6.35        |
| time/                   |             |
|    fps                  | 771         |
|    iterations           | 5           |
|    time_elapsed         | 159         |
|    total_timesteps      | 122880      |
| train/                  |             |
|    approx_kl            | 0.010645772 |
|    clip_fraction        | 0.11        |
|    clip_range           | 0.2         |
|    entropy_loss         | -2.2        |
|    explained_variance   | 0.541       |
|    learning_rate        | 0.0003      |
|    loss                 | -0.0154     |
|    n_updates            | 20          |
|    policy_gradient_loss | -0.00949    |
|    value_loss           | 0.0348      |
-----------------------------------------
-----------------------------------------
| rollout/                |             |
|    ep_len_mean          | 188         |
|    ep_rew_mean          | 12.8        |
| time/                   |             |
|    fps                  | 770         |
|    iterations           | 6           |
|    time_elapsed         | 191         |
|    total_timesteps      | 147456      |
| train/                  |             |
|    approx_kl            | 0.009771835 |
|    clip_fraction        | 0.0755      |
|    clip_range           | 0.2         |
|    entropy_loss         | -2.19       |
|    explained_variance   | 0.437       |
|    learning_rate        | 0.0003      |
|    loss                 | -0.0091     |
|    n_updates            | 25          |
|    policy_gradient_loss | -0.00926    |
|    value_loss           | 0.0403      |
-----------------------------------------
-----------------------------------------
| rollout/                |             |
|    ep_len_mean          | 190         |
|    ep_rew_mean          | 17.7        |
| time/                   |             |
|    fps                  | 768         |
|    iterations           | 7           |
|    time_elapsed         | 223         |
|    total_timesteps      | 172032      |
| train/                  |             |
|    approx_kl            | 0.008899573 |
|    clip_fraction        | 0.0784      |
|    clip_range           | 0.2         |
|    entropy_loss         | -2.18       |
|    explained_variance   | 0.518       |
|    learning_rate        | 0.0003      |
|    loss                 | -0.0178     |
|    n_updates            | 30          |
|    policy_gradient_loss | -0.0101     |
|    value_loss           | 0.035       |
-----------------------------------------
-----------------------------------------
| rollout/                |             |
|    ep_len_mean          | 228         |
|    ep_rew_mean          | 16.5        |
| time/                   |             |
|    fps                  | 768         |
|    iterations           | 8           |
|    time_elapsed         | 255         |
|    total_timesteps      | 196608      |
| train/                  |             |
|    approx_kl            | 0.009258414 |
|    clip_fraction        | 0.081       |
|    clip_range           | 0.2         |
|    entropy_loss         | -2.19       |
|    explained_variance   | 0.485       |
|    learning_rate        | 0.0003      |
|    loss                 | -0.0257     |
|    n_updates            | 35          |
|    policy_gradient_loss | -0.00781    |
|    value_loss           | 0.0315      |
-----------------------------------------
----------------------------------------
| rollout/                |            |
|    ep_len_mean          | 248        |
|    ep_rew_mean          | 19.8       |
| time/                   |            |
|    fps                  | 766        |
|    iterations           | 9          |
|    time_elapsed         | 288        |
|    total_timesteps      | 221184     |
| train/                  |            |
|    approx_kl            | 0.00833701 |
|    clip_fraction        | 0.0794     |
|    clip_range           | 0.2        |
|    entropy_loss         | -2.18      |
|    explained_variance   | 0.656      |
|    learning_rate        | 0.0003     |
|    loss                 | -0.0175    |
|    n_updates            | 40         |
|    policy_gradient_loss | -0.00729   |
|    value_loss           | 0.0191     |
----------------------------------------
-----------------------------------------
| rollout/                |             |
|    ep_len_mean          | 257         |
|    ep_rew_mean          | 24.1        |
| time/                   |             |
|    fps                  | 766         |
|    iterations           | 10          |
|    time_elapsed         | 320         |
|    total_timesteps      | 245760      |
| train/                  |             |
|    approx_kl            | 0.007922725 |
|    clip_fraction        | 0.0625      |
|    clip_range           | 0.2         |
|    entropy_loss         | -2.16       |
|    explained_variance   | 0.694       |
|    learning_rate        | 0.0003      |
|    loss                 | -0.00844    |
|    n_updates            | 45          |
|    policy_gradient_loss | -0.0068     |
|    value_loss           | 0.015       |
-----------------------------------------
-----------------------------------------
| rollout/                |             |
|    ep_len_mean          | 244         |
|    ep_rew_mean          | 24.2        |
| time/                   |             |
|    fps                  | 767         |
|    iterations           | 11          |
|    time_elapsed         | 352         |
|    total_timesteps      | 270336      |
| train/                  |             |
|    approx_kl            | 0.008885144 |
|    clip_fraction        | 0.0792      |
|    clip_range           | 0.2         |
|    entropy_loss         | -2.11       |
|    explained_variance   | 0.643       |
|    learning_rate        | 0.0003      |
|    loss                 | -0.0281     |
|    n_updates            | 50          |
|    policy_gradient_loss | -0.00758    |
|    value_loss           | 0.0176      |
-----------------------------------------
-----------------------------------------
| rollout/                |             |
|    ep_len_mean          | 195         |
|    ep_rew_mean          | 28.5        |
| time/                   |             |
|    fps                  | 768         |
|    iterations           | 12          |
|    time_elapsed         | 383         |
|    total_timesteps      | 294912      |
| train/                  |             |
|    approx_kl            | 0.007859098 |
|    clip_fraction        | 0.084       |
|    clip_range           | 0.2         |
|    entropy_loss         | -2.07       |
|    explained_variance   | 0.746       |
|    learning_rate        | 0.0003      |
|    loss                 | -0.0254     |
|    n_updates            | 55          |
|    policy_gradient_loss | -0.00818    |
|    value_loss           | 0.013       |
-----------------------------------------
------------------------------------------
| rollout/                |              |
|    ep_len_mean          | 157          |
|    ep_rew_mean          | 31.4         |
| time/                   |              |
|    fps                  | 768          |
|    iterations           | 13           |
|    time_elapsed         | 415          |
|    total_timesteps      | 319488       |
| train/                  |              |
|    approx_kl            | 0.0077963863 |
|    clip_fraction        | 0.0792       |
|    clip_range           | 0.2          |
|    entropy_loss         | -2.05        |
|    explained_variance   | 0.713        |
|    learning_rate        | 0.0003       |
|    loss                 | -0.0316      |
|    n_updates            | 60           |
|    policy_gradient_loss | -0.00837     |
|    value_loss           | 0.0213       |
------------------------------------------
-----------------------------------------
| rollout/                |             |
|    ep_len_mean          | 159         |
|    ep_rew_mean          | 33.8        |
| time/                   |             |
|    fps                  | 768         |
|    iterations           | 14          |
|    time_elapsed         | 447         |
|    total_timesteps      | 344064      |
| train/                  |             |
|    approx_kl            | 0.010218284 |
|    clip_fraction        | 0.0821      |
|    clip_range           | 0.2         |
|    entropy_loss         | -2.02       |
|    explained_variance   | 0.828       |
|    learning_rate        | 0.0003      |
|    loss                 | -0.0243     |
|    n_updates            | 65          |
|    policy_gradient_loss | -0.00731    |
|    value_loss           | 0.0155      |
-----------------------------------------
-----------------------------------------
| rollout/                |             |
|    ep_len_mean          | 208         |
|    ep_rew_mean          | 34.6        |
| time/                   |             |
|    fps                  | 769         |
|    iterations           | 15          |
|    time_elapsed         | 479         |
|    total_timesteps      | 368640      |
| train/                  |             |
|    approx_kl            | 0.010084317 |
|    clip_fraction        | 0.0977      |
|    clip_range           | 0.2         |
|    entropy_loss         | -1.96       |
|    explained_variance   | 0.854       |
|    learning_rate        | 0.0003      |
|    loss                 | -0.0221     |
|    n_updates            | 70          |
|    policy_gradient_loss | -0.00601    |
|    value_loss           | 0.0144      |
-----------------------------------------
------------------------------------------
| rollout/                |              |
|    ep_len_mean          | 249          |
|    ep_rew_mean          | 33.6         |
| time/                   |              |
|    fps                  | 769          |
|    iterations           | 16           |
|    time_elapsed         | 511          |
|    total_timesteps      | 393216       |
| train/                  |              |
|    approx_kl            | 0.0074594603 |
|    clip_fraction        | 0.0714       |
|    clip_range           | 0.2          |
|    entropy_loss         | -1.95        |
|    explained_variance   | 0.914        |
|    learning_rate        | 0.0003       |
|    loss                 | -0.0256      |
|    n_updates            | 75           |
|    policy_gradient_loss | -0.00506     |
|    value_loss           | 0.00635      |
------------------------------------------
-----------------------------------------
| rollout/                |             |
|    ep_len_mean          | 264         |
|    ep_rew_mean          | 33.6        |
| time/                   |             |
|    fps                  | 769         |
|    iterations           | 17          |
|    time_elapsed         | 543         |
|    total_timesteps      | 417792      |
| train/                  |             |
|    approx_kl            | 0.008702848 |
|    clip_fraction        | 0.0811      |
|    clip_range           | 0.2         |
|    entropy_loss         | -1.92       |
|    explained_variance   | 0.941       |
|    learning_rate        | 0.0003      |
|    loss                 | -0.0344     |
|    n_updates            | 80          |
|    policy_gradient_loss | -0.00571    |
|    value_loss           | 0.00403     |
-----------------------------------------
-----------------------------------------
| rollout/                |             |
|    ep_len_mean          | 262         |
|    ep_rew_mean          | 34.7        |
| time/                   |             |
|    fps                  | 769         |
|    iterations           | 18          |
|    time_elapsed         | 575         |
|    total_timesteps      | 442368      |
| train/                  |             |
|    approx_kl            | 0.007922587 |
|    clip_fraction        | 0.0733      |
|    clip_range           | 0.2         |
|    entropy_loss         | -1.9        |
|    explained_variance   | 0.917       |
|    learning_rate        | 0.0003      |
|    loss                 | -0.0244     |
|    n_updates            | 85          |
|    policy_gradient_loss | -0.00472    |
|    value_loss           | 0.00504     |
-----------------------------------------
------------------------------------------
| rollout/                |              |
|    ep_len_mean          | 247          |
|    ep_rew_mean          | 34.8         |
| time/                   |              |
|    fps                  | 769          |
|    iterations           | 19           |
|    time_elapsed         | 606          |
|    total_timesteps      | 466944       |
| train/                  |              |
|    approx_kl            | 0.0093852645 |
|    clip_fraction        | 0.0949       |
|    clip_range           | 0.2          |
|    entropy_loss         | -1.9         |
|    explained_variance   | 0.954        |
|    learning_rate        | 0.0003       |
|    loss                 | -0.0239      |
|    n_updates            | 90           |
|    policy_gradient_loss | -0.006       |
|    value_loss           | 0.0035       |
------------------------------------------
------------------------------------------
| rollout/                |              |
|    ep_len_mean          | 246          |
|    ep_rew_mean          | 34.8         |
| time/                   |              |
|    fps                  | 769          |
|    iterations           | 20           |
|    time_elapsed         | 638          |
|    total_timesteps      | 491520       |
| train/                  |              |
|    approx_kl            | 0.0070990957 |
|    clip_fraction        | 0.0704       |
|    clip_range           | 0.2          |
|    entropy_loss         | -1.91        |
|    explained_variance   | 0.943        |
|    learning_rate        | 0.0003       |
|    loss                 | -0.0242      |
|    n_updates            | 95           |
|    policy_gradient_loss | -0.00343     |
|    value_loss           | 0.00478      |
------------------------------------------
[Checkpoint] Saved at 500000 steps > /home/runner/work/Disciples2-RL/Disciples2-RL/github_experiments/120/trade_train/all_enemies/seed120-trade_train-all_enemies-30217149163-1/checkpoints/campaign_ppo_step_500000.zip
----------------------------------------
| rollout/                |            |
|    ep_len_mean          | 252        |
|    ep_rew_mean          | 35.1       |
| time/                   |            |
|    fps                  | 769        |
|    iterations           | 21         |
|    time_elapsed         | 670        |
|    total_timesteps      | 516096     |
| train/                  |            |
|    approx_kl            | 0.00846571 |
|    clip_fraction        | 0.0766     |
|    clip_range           | 0.2        |
|    entropy_loss         | -1.93      |
|    explained_variance   | 0.949      |
|    learning_rate        | 0.0003     |
|    loss                 | -0.0198    |
|    n_updates            | 100        |
|    policy_gradient_loss | -0.00498   |
|    value_loss           | 0.00467    |
----------------------------------------
-----------------------------------------
| rollout/                |             |
|    ep_len_mean          | 279         |
|    ep_rew_mean          | 35.2        |
| time/                   |             |
|    fps                  | 769         |
|    iterations           | 22          |
|    time_elapsed         | 702         |
|    total_timesteps      | 540672      |
| train/                  |             |
|    approx_kl            | 0.008774213 |
|    clip_fraction        | 0.0841      |
|    clip_range           | 0.2         |
|    entropy_loss         | -1.95       |
|    explained_variance   | 0.949       |
|    learning_rate        | 0.0003      |
|    loss                 | -0.0224     |
|    n_updates            | 105         |
|    policy_gradient_loss | -0.0052     |
|    value_loss           | 0.00446     |
-----------------------------------------
-----------------------------------------
| rollout/                |             |
|    ep_len_mean          | 289         |
|    ep_rew_mean          | 36.4        |
| time/                   |             |
|    fps                  | 769         |
|    iterations           | 23          |
|    time_elapsed         | 734         |
|    total_timesteps      | 565248      |
| train/                  |             |
|    approx_kl            | 0.009618295 |
|    clip_fraction        | 0.0913      |
|    clip_range           | 0.2         |
|    entropy_loss         | -1.98       |
|    explained_variance   | 0.941       |
|    learning_rate        | 0.0003      |
|    loss                 | -0.0208     |
|    n_updates            | 110         |
|    policy_gradient_loss | -0.00526    |
|    value_loss           | 0.00456     |
-----------------------------------------
-----------------------------------------
| rollout/                |             |
|    ep_len_mean          | 292         |
|    ep_rew_mean          | 37.4        |
| time/                   |             |
|    fps                  | 769         |
|    iterations           | 24          |
|    time_elapsed         | 766         |
|    total_timesteps      | 589824      |
| train/                  |             |
|    approx_kl            | 0.009178731 |
|    clip_fraction        | 0.103       |
|    clip_range           | 0.2         |
|    entropy_loss         | -1.96       |
|    explained_variance   | 0.914       |
|    learning_rate        | 0.0003      |
|    loss                 | -0.0208     |
|    n_updates            | 115         |
|    policy_gradient_loss | -0.00533    |
|    value_loss           | 0.00715     |
-----------------------------------------
------------------------------------------
| rollout/                |              |
|    ep_len_mean          | 301          |
|    ep_rew_mean          | 38.3         |
| time/                   |              |
|    fps                  | 769          |
|    iterations           | 25           |
|    time_elapsed         | 798          |
|    total_timesteps      | 614400       |
| train/                  |              |
|    approx_kl            | 0.0097250845 |
|    clip_fraction        | 0.104        |
|    clip_range           | 0.2          |
|    entropy_loss         | -1.95        |
|    explained_variance   | 0.913        |
|    learning_rate        | 0.0003       |
|    loss                 | -0.0224      |
|    n_updates            | 120          |
|    policy_gradient_loss | -0.00574     |
|    value_loss           | 0.00672      |
------------------------------------------
-----------------------------------------
| rollout/                |             |
|    ep_len_mean          | 254         |
|    ep_rew_mean          | 37.1        |
| time/                   |             |
|    fps                  | 770         |
|    iterations           | 26          |
|    time_elapsed         | 829         |
|    total_timesteps      | 638976      |
| train/                  |             |
|    approx_kl            | 0.008098625 |
|    clip_fraction        | 0.0785      |
|    clip_range           | 0.2         |
|    entropy_loss         | -1.91       |
|    explained_variance   | 0.899       |
|    learning_rate        | 0.0003      |
|    loss                 | -0.0108     |
|    n_updates            | 125         |
|    policy_gradient_loss | -0.00471    |
|    value_loss           | 0.00707     |
-----------------------------------------
-----------------------------------------
| rollout/                |             |
|    ep_len_mean          | 285         |
|    ep_rew_mean          | 38.7        |
| time/                   |             |
|    fps                  | 770         |
|    iterations           | 27          |
|    time_elapsed         | 861         |
|    total_timesteps      | 663552      |
| train/                  |             |
|    approx_kl            | 0.007545562 |
|    clip_fraction        | 0.0707      |
|    clip_range           | 0.2         |
|    entropy_loss         | -1.91       |
|    explained_variance   | 0.887       |
|    learning_rate        | 0.0003      |
|    loss                 | -0.0277     |
|    n_updates            | 130         |
|    policy_gradient_loss | -0.00489    |
|    value_loss           | 0.00964     |
-----------------------------------------
-----------------------------------------
| rollout/                |             |
|    ep_len_mean          | 294         |
|    ep_rew_mean          | 38          |
| time/                   |             |
|    fps                  | 770         |
|    iterations           | 28          |
|    time_elapsed         | 893         |
|    total_timesteps      | 688128      |
| train/                  |             |
|    approx_kl            | 0.008469789 |
|    clip_fraction        | 0.0722      |
|    clip_range           | 0.2         |
|    entropy_loss         | -1.89       |
|    explained_variance   | 0.903       |
|    learning_rate        | 0.0003      |
|    loss                 | -0.0195     |
|    n_updates            | 135         |
|    policy_gradient_loss | -0.00548    |
|    value_loss           | 0.00749     |
-----------------------------------------
-----------------------------------------
| rollout/                |             |
|    ep_len_mean          | 273         |
|    ep_rew_mean          | 38.5        |
| time/                   |             |
|    fps                  | 770         |
|    iterations           | 29          |
|    time_elapsed         | 924         |
|    total_timesteps      | 712704      |
| train/                  |             |
|    approx_kl            | 0.008122541 |
|    clip_fraction        | 0.0786      |
|    clip_range           | 0.2         |
|    entropy_loss         | -1.88       |
|    explained_variance   | 0.912       |
|    learning_rate        | 0.0003      |
|    loss                 | -0.0254     |
|    n_updates            | 140         |
|    policy_gradient_loss | -0.00497    |
|    value_loss           | 0.00699     |
-----------------------------------------
------------------------------------------
| rollout/                |              |
|    ep_len_mean          | 262          |
|    ep_rew_mean          | 38.5         |
| time/                   |              |
|    fps                  | 770          |
|    iterations           | 30           |
|    time_elapsed         | 956          |
|    total_timesteps      | 737280       |
| train/                  |              |
|    approx_kl            | 0.0063343695 |
|    clip_fraction        | 0.0561       |
|    clip_range           | 0.2          |
|    entropy_loss         | -1.89        |
|    explained_variance   | 0.895        |
|    learning_rate        | 0.0003       |
|    loss                 | -0.021       |
|    n_updates            | 145          |
|    policy_gradient_loss | -0.0046      |
|    value_loss           | 0.00886      |
------------------------------------------
-----------------------------------------
| rollout/                |             |
|    ep_len_mean          | 258         |
|    ep_rew_mean          | 36.9        |
| time/                   |             |
|    fps                  | 770         |
|    iterations           | 31          |
|    time_elapsed         | 988         |
|    total_timesteps      | 761856      |
| train/                  |             |
|    approx_kl            | 0.008312036 |
|    clip_fraction        | 0.0682      |
|    clip_range           | 0.2         |
|    entropy_loss         | -1.89       |
|    explained_variance   | 0.894       |
|    learning_rate        | 0.0003      |
|    loss                 | -0.0338     |
|    n_updates            | 150         |
|    policy_gradient_loss | -0.00428    |
|    value_loss           | 0.0092      |
-----------------------------------------
-----------------------------------------
| rollout/                |             |
|    ep_len_mean          | 280         |
|    ep_rew_mean          | 38.6        |
| time/                   |             |
|    fps                  | 771         |
|    iterations           | 32          |
|    time_elapsed         | 1019        |
|    total_timesteps      | 786432      |
| train/                  |             |
|    approx_kl            | 0.009126312 |
|    clip_fraction        | 0.0964      |
|    clip_range           | 0.2         |
|    entropy_loss         | -1.91       |
|    explained_variance   | 0.909       |
|    learning_rate        | 0.0003      |
|    loss                 | -0.0287     |
|    n_updates            | 155         |
|    policy_gradient_loss | -0.0059     |
|    value_loss           | 0.00761     |
-----------------------------------------
-----------------------------------------
| rollout/                |             |
|    ep_len_mean          | 268         |
|    ep_rew_mean          | 38.8        |
| time/                   |             |
|    fps                  | 771         |
|    iterations           | 33          |
|    time_elapsed         | 1051        |
|    total_timesteps      | 811008      |
| train/                  |             |
|    approx_kl            | 0.008256913 |
|    clip_fraction        | 0.0725      |
|    clip_range           | 0.2         |
|    entropy_loss         | -1.9        |
|    explained_variance   | 0.88        |
|    learning_rate        | 0.0003      |
|    loss                 | -0.0202     |
|    n_updates            | 160         |
|    policy_gradient_loss | -0.0047     |
|    value_loss           | 0.00943     |
-----------------------------------------
-----------------------------------------
| rollout/                |             |
|    ep_len_mean          | 266         |
|    ep_rew_mean          | 39.4        |
| time/                   |             |
|    fps                  | 771         |
|    iterations           | 34          |
|    time_elapsed         | 1083        |
|    total_timesteps      | 835584      |
| train/                  |             |
|    approx_kl            | 0.007926957 |
|    clip_fraction        | 0.0671      |
|    clip_range           | 0.2         |
|    entropy_loss         | -1.91       |
|    explained_variance   | 0.894       |
|    learning_rate        | 0.0003      |
|    loss                 | -0.0247     |
|    n_updates            | 165         |
|    policy_gradient_loss | -0.00446    |
|    value_loss           | 0.00997     |
-----------------------------------------
-----------------------------------------
| rollout/                |             |
|    ep_len_mean          | 281         |
|    ep_rew_mean          | 40.2        |
| time/                   |             |
|    fps                  | 771         |
|    iterations           | 35          |
|    time_elapsed         | 1115        |
|    total_timesteps      | 860160      |
| train/                  |             |
|    approx_kl            | 0.007305743 |
|    clip_fraction        | 0.0763      |
|    clip_range           | 0.2         |
|    entropy_loss         | -1.91       |
|    explained_variance   | 0.879       |
|    learning_rate        | 0.0003      |
|    loss                 | -0.0292     |
|    n_updates            | 170         |
|    policy_gradient_loss | -0.00497    |
|    value_loss           | 0.0123      |
-----------------------------------------
-----------------------------------------
| rollout/                |             |
|    ep_len_mean          | 266         |
|    ep_rew_mean          | 40.4        |
| time/                   |             |
|    fps                  | 771         |
|    iterations           | 36          |
|    time_elapsed         | 1146        |
|    total_timesteps      | 884736      |
| train/                  |             |
|    approx_kl            | 0.006633617 |
|    clip_fraction        | 0.054       |
|    clip_range           | 0.2         |
|    entropy_loss         | -1.86       |
|    explained_variance   | 0.897       |
|    learning_rate        | 0.0003      |
|    loss                 | -0.0186     |
|    n_updates            | 175         |
|    policy_gradient_loss | -0.00403    |
|    value_loss           | 0.0104      |
-----------------------------------------
------------------------------------------
| rollout/                |              |
|    ep_len_mean          | 257          |
|    ep_rew_mean          | 40.1         |
| time/                   |              |
|    fps                  | 772          |
|    iterations           | 37           |
|    time_elapsed         | 1177         |
|    total_timesteps      | 909312       |
| train/                  |              |
|    approx_kl            | 0.0066049024 |
|    clip_fraction        | 0.0561       |
|    clip_range           | 0.2          |
|    entropy_loss         | -1.87        |
|    explained_variance   | 0.895        |
|    learning_rate        | 0.0003       |
|    loss                 | -0.018       |
|    n_updates            | 180          |
|    policy_gradient_loss | -0.00383     |
|    value_loss           | 0.0109       |
------------------------------------------
------------------------------------------
| rollout/                |              |
|    ep_len_mean          | 269          |
|    ep_rew_mean          | 41.8         |
| time/                   |              |
|    fps                  | 772          |
|    iterations           | 38           |
|    time_elapsed         | 1208         |
|    total_timesteps      | 933888       |
| train/                  |              |
|    approx_kl            | 0.0065279207 |
|    clip_fraction        | 0.0621       |
|    clip_range           | 0.2          |
|    entropy_loss         | -1.87        |
|    explained_variance   | 0.91         |
|    learning_rate        | 0.0003       |
|    loss                 | -0.0284      |
|    n_updates            | 185          |
|    policy_gradient_loss | -0.00494     |
|    value_loss           | 0.0104       |
------------------------------------------
------------------------------------------
| rollout/                |              |
|    ep_len_mean          | 271          |
|    ep_rew_mean          | 41.4         |
| time/                   |              |
|    fps                  | 772          |
|    iterations           | 39           |
|    time_elapsed         | 1240         |
|    total_timesteps      | 958464       |
| train/                  |              |
|    approx_kl            | 0.0090057645 |
|    clip_fraction        | 0.0816       |
|    clip_range           | 0.2          |
|    entropy_loss         | -1.88        |
|    explained_variance   | 0.874        |
|    learning_rate        | 0.0003       |
|    loss                 | -0.02        |
|    n_updates            | 190          |
|    policy_gradient_loss | -0.00485     |
|    value_loss           | 0.0132       |
------------------------------------------
------------------------------------------
| rollout/                |              |
|    ep_len_mean          | 253          |
|    ep_rew_mean          | 40.5         |
| time/                   |              |
|    fps                  | 772          |
|    iterations           | 40           |
|    time_elapsed         | 1272         |
|    total_timesteps      | 983040       |
| train/                  |              |
|    approx_kl            | 0.0067556114 |
|    clip_fraction        | 0.0521       |
|    clip_range           | 0.2          |
|    entropy_loss         | -1.89        |
|    explained_variance   | 0.889        |
|    learning_rate        | 0.0003       |
|    loss                 | -0.0113      |
|    n_updates            | 195          |
|    policy_gradient_loss | -0.00352     |
|    value_loss           | 0.0131       |
------------------------------------------
[Checkpoint] Saved at 1000000 steps > /home/runner/work/Disciples2-RL/Disciples2-RL/github_experiments/120/trade_train/all_enemies/seed120-trade_train-all_enemies-30217149163-1/checkpoints/campaign_ppo_step_1000000.zip
Eval num_timesteps=1000008, det_reward=-264.59 +/- 0.20
Episode length: det=3921.75 +/- 1.51
Victory rate: det=0.00%
-------------------------------------------------
| eval/                           |             |
|    deterministic_mean_ep_length | 3.92e+03    |
|    deterministic_mean_reward    | -265        |
|    deterministic_victory_rate   | 0           |
|    mean_ep_length               | 3.92e+03    |
|    mean_reward                  | -265        |
|    victory_rate                 | 0           |
| time/                           |             |
|    total_timesteps              | 1000008     |
| train/                          |             |
|    approx_kl                    | 0.008045197 |
|    clip_fraction                | 0.0727      |
|    clip_range                   | 0.2         |
|    entropy_loss                 | -1.87       |
|    explained_variance           | 0.863       |
|    learning_rate                | 0.0003      |
|    loss                         | -0.0186     |
|    n_updates                    | 200         |
|    policy_gradient_loss         | -0.00483    |
|    value_loss                   | 0.0169      |
-------------------------------------------------
New best model by deterministic victory rate!
---------------------------------
| rollout/           |          |
|    ep_len_mean     | 275      |
|    ep_rew_mean     | 41.7     |
| time/              |          |
|    fps             | 681      |
|    iterations      | 41       |
|    time_elapsed    | 1478     |
|    total_timesteps | 1007616  |
---------------------------------
VecNormalize stats saved: /home/runner/work/Disciples2-RL/Disciples2-RL/github_experiments/120/trade_train/all_enemies/seed120-trade_train-all_enemies-30217149163-1/models/vecnormalize.pkl

Финальная модель сохранена: /home/runner/work/Disciples2-RL/Disciples2-RL/github_experiments/120/trade_train/all_enemies/seed120-trade_train-all_enemies-30217149163-1/models/final_model.zip

============================================================
ИТОГИ ОБУЧЕНИЯ:
  Побед: 0
  Поражений: 3956
  Таймаутов: 0
  Побед бота столицы над врагами: 0
  Перестановок юнитов: 186981
  Терминальные поражения по противникам:
    enemy_4: 1544 — Король гномов и Старый ветеран впереди; Архидруид и Огнеметчик позади
    enemy_5: 861 — Орочья королевская стража: Король орков
    enemy_1: 484 — Имперский рыцарь и Рыцарь на пегасе впереди; Патриарх и Волшебник позади
    enemy_3: 424 — Скелет рыцарь и Лорд тьмы впереди; Архилич и Сущий позади
    enemy_2: 370 — Кентавр дикарь и Кентавр латник впереди; Солнечная танцовщица и Смотритель позади
    enemy_6: 273 — Орочий дозор: Орк впереди и Гоблин лучник позади
  Winrate: 0.0%
============================================================
  График призывов за эпизод: /home/runner/work/Disciples2-RL/Disciples2-RL/github_experiments/120/trade_train/all_enemies/seed120-trade_train-all_enemies-30217149163-1/plots/campaign_summoned_units_per_episode.png
  График призывов за всё обучение: /home/runner/work/Disciples2-RL/Disciples2-RL/github_experiments/120/trade_train/all_enemies/seed120-trade_train-all_enemies-30217149163-1/plots/campaign_summoned_units_cumulative.png
  График найма за эпизод: /home/runner/work/Disciples2-RL/Disciples2-RL/github_experiments/120/trade_train/all_enemies/seed120-trade_train-all_enemies-30217149163-1/plots/campaign_hired_units_per_episode.png
  График найма за всё обучение: /home/runner/work/Disciples2-RL/Disciples2-RL/github_experiments/120/trade_train/all_enemies/seed120-trade_train-all_enemies-30217149163-1/plots/campaign_hired_units_cumulative.png
  График перестановок юнитов за эпизод: /home/runner/work/Disciples2-RL/Disciples2-RL/github_experiments/120/trade_train/all_enemies/seed120-trade_train-all_enemies-30217149163-1/plots/campaign_unit_swaps_per_episode.png
  График боевых предметов: /home/runner/work/Disciples2-RL/Disciples2-RL/github_experiments/120/trade_train/all_enemies/seed120-trade_train-all_enemies-30217149163-1/plots/campaign_battle_item_activity.png
  График побед бота столицы за эпизод: /home/runner/work/Disciples2-RL/Disciples2-RL/github_experiments/120/trade_train/all_enemies/seed120-trade_train-all_enemies-30217149163-1/plots/campaign_scripted_bot_victories_per_episode.png
  График применения заклинаний: /home/runner/work/Disciples2-RL/Disciples2-RL/github_experiments/120/trade_train/all_enemies/seed120-trade_train-all_enemies-30217149163-1/plots/campaign_spell_cast_activity.png
