Проверка среды CampaignEnv...
Среда прошла проверку!
[INFO] Comet disabled, running without experiment tracking
Создание 12 параллельных сред (subproc)...
Инициализация MaskablePPO...
Using cpu device

============================================================
Запуск обучения Campaign Agent
Всего шагов: 1,000,000
Параллельных сред: 12
VecEnv: subproc
VecEnv start method: forkserver
Seed: 136
Checkpoint каждые: 500,000 шагов
Evaluation каждые: 83,334 шагов
Eval deterministic эпизодов: 20
Eval stochastic эпизодов: 0
Eval лимит шагов на эпизод: 5000
Campaign map: item_train
Campaign objective: all_enemies
System resources at training start:
  Platform: Linux 6.17.0-1022-azure (x86_64)
  Python: 3.14.7
  PyTorch: 2.14.0+cpu
  Training device: cpu
  CPU model: AMD EPYC 7763 64-Core Processor
  CPU vendor: AuthenticAMD
  Logical CPUs visible: 4
  Process CPU affinity: 4
  Sockets: 1
  Cores per socket: 2
  Threads per core: 2
  CPU max MHz: unknown
  CPU min MHz: unknown
  L1d cache: 64 KiB (2 instances)
  L1i cache: 64 KiB (2 instances)
  L2 cache: 1 MiB (2 instances)
  L3 cache: 32 MiB (1 instance)
  Virtualization: AMD-V
  Hypervisor: Microsoft
  RAM total: 15.61 GiB
  RAM available at start: 14.00 GiB
  Disk total: 144.26 GiB
  Disk free at start: 75.08 GiB
  Torch intra-op threads: 4
  Torch inter-op threads: 2
  OMP_NUM_THREADS: 4
  MKL_NUM_THREADS: 4
  OPENBLAS_NUM_THREADS: 4
  GitHub runner OS: Linux
  GitHub runner architecture: X64
  GitHub runner environment: github-hosted
PPO n_steps: 2,048
PPO batch_size: 512
PPO n_epochs: 5
PPO learning_rate: 0.0003
PPO clip_range: 0.2
PPO ent_coef: 0.01
PPO gamma: 0.995
PPO gae_lambda: 0.95
PPO target_kl: disabled
PPO gradient batches per rollout: 240
VecCheckNan: disabled
Freeze action layout: enabled
Empire territory: enabled
Torch threads per process: 4
Diagnostics: disabled
Wall-clock training limit: disabled
Run ID: seed136-item_train-all_enemies-34845376085-1
============================================================

Logging to /home/runner/work/Disciples2-RL/Disciples2-RL/github_experiments/136/item_train/all_enemies/seed136-item_train-all_enemies-34845376085-1/tensorboard/MaskablePPO_1
---------------------------------
| rollout/           |          |
|    ep_len_mean     | 789      |
|    ep_rew_mean     | -18.9    |
| time/              |          |
|    fps             | 578      |
|    iterations      | 1        |
|    time_elapsed    | 42       |
|    total_timesteps | 24576    |
---------------------------------
-----------------------------------------
| rollout/                |             |
|    ep_len_mean          | 479         |
|    ep_rew_mean          | -10.6       |
| time/                   |             |
|    fps                  | 562         |
|    iterations           | 2           |
|    time_elapsed         | 87          |
|    total_timesteps      | 49152       |
| train/                  |             |
|    approx_kl            | 0.011908379 |
|    clip_fraction        | 0.111       |
|    clip_range           | 0.2         |
|    entropy_loss         | -2.23       |
|    explained_variance   | 0.154       |
|    learning_rate        | 0.0003      |
|    loss                 | 0.0111      |
|    n_updates            | 5           |
|    policy_gradient_loss | -0.00718    |
|    value_loss           | 0.112       |
-----------------------------------------
-----------------------------------------
| rollout/                |             |
|    ep_len_mean          | 272         |
|    ep_rew_mean          | -6.46       |
| time/                   |             |
|    fps                  | 558         |
|    iterations           | 3           |
|    time_elapsed         | 132         |
|    total_timesteps      | 73728       |
| train/                  |             |
|    approx_kl            | 0.009952415 |
|    clip_fraction        | 0.0702      |
|    clip_range           | 0.2         |
|    entropy_loss         | -2.2        |
|    explained_variance   | 0.588       |
|    learning_rate        | 0.0003      |
|    loss                 | -0.00809    |
|    n_updates            | 10          |
|    policy_gradient_loss | -0.00586    |
|    value_loss           | 0.0512      |
-----------------------------------------
------------------------------------------
| rollout/                |              |
|    ep_len_mean          | 297          |
|    ep_rew_mean          | -5.23        |
| time/                   |              |
|    fps                  | 555          |
|    iterations           | 4            |
|    time_elapsed         | 176          |
|    total_timesteps      | 98304        |
| train/                  |              |
|    approx_kl            | 0.0085133435 |
|    clip_fraction        | 0.0652       |
|    clip_range           | 0.2          |
|    entropy_loss         | -2.17        |
|    explained_variance   | 0.709        |
|    learning_rate        | 0.0003       |
|    loss                 | -0.00693     |
|    n_updates            | 15           |
|    policy_gradient_loss | -0.00677     |
|    value_loss           | 0.0531       |
------------------------------------------
-----------------------------------------
| rollout/                |             |
|    ep_len_mean          | 332         |
|    ep_rew_mean          | -7.38       |
| time/                   |             |
|    fps                  | 552         |
|    iterations           | 5           |
|    time_elapsed         | 222         |
|    total_timesteps      | 122880      |
| train/                  |             |
|    approx_kl            | 0.009508039 |
|    clip_fraction        | 0.0762      |
|    clip_range           | 0.2         |
|    entropy_loss         | -2.17       |
|    explained_variance   | 0.778       |
|    learning_rate        | 0.0003      |
|    loss                 | -0.003      |
|    n_updates            | 20          |
|    policy_gradient_loss | -0.00755    |
|    value_loss           | 0.0394      |
-----------------------------------------
-----------------------------------------
| rollout/                |             |
|    ep_len_mean          | 437         |
|    ep_rew_mean          | -10.5       |
| time/                   |             |
|    fps                  | 549         |
|    iterations           | 6           |
|    time_elapsed         | 268         |
|    total_timesteps      | 147456      |
| train/                  |             |
|    approx_kl            | 0.007147499 |
|    clip_fraction        | 0.0477      |
|    clip_range           | 0.2         |
|    entropy_loss         | -2.17       |
|    explained_variance   | 0.871       |
|    learning_rate        | 0.0003      |
|    loss                 | -0.0168     |
|    n_updates            | 25          |
|    policy_gradient_loss | -0.00529    |
|    value_loss           | 0.0274      |
-----------------------------------------
-----------------------------------------
| rollout/                |             |
|    ep_len_mean          | 556         |
|    ep_rew_mean          | -13.5       |
| time/                   |             |
|    fps                  | 550         |
|    iterations           | 7           |
|    time_elapsed         | 312         |
|    total_timesteps      | 172032      |
| train/                  |             |
|    approx_kl            | 0.009087681 |
|    clip_fraction        | 0.072       |
|    clip_range           | 0.2         |
|    entropy_loss         | -2.17       |
|    explained_variance   | 0.86        |
|    learning_rate        | 0.0003      |
|    loss                 | -0.018      |
|    n_updates            | 30          |
|    policy_gradient_loss | -0.00692    |
|    value_loss           | 0.0208      |
-----------------------------------------
-----------------------------------------
| rollout/                |             |
|    ep_len_mean          | 663         |
|    ep_rew_mean          | -15.6       |
| time/                   |             |
|    fps                  | 550         |
|    iterations           | 8           |
|    time_elapsed         | 357         |
|    total_timesteps      | 196608      |
| train/                  |             |
|    approx_kl            | 0.010845996 |
|    clip_fraction        | 0.109       |
|    clip_range           | 0.2         |
|    entropy_loss         | -2.12       |
|    explained_variance   | 0.768       |
|    learning_rate        | 0.0003      |
|    loss                 | -0.0278     |
|    n_updates            | 35          |
|    policy_gradient_loss | -0.00874    |
|    value_loss           | 0.0114      |
-----------------------------------------
-----------------------------------------
| rollout/                |             |
|    ep_len_mean          | 327         |
|    ep_rew_mean          | -6.17       |
| time/                   |             |
|    fps                  | 550         |
|    iterations           | 9           |
|    time_elapsed         | 402         |
|    total_timesteps      | 221184      |
| train/                  |             |
|    approx_kl            | 0.009246617 |
|    clip_fraction        | 0.0833      |
|    clip_range           | 0.2         |
|    entropy_loss         | -2.13       |
|    explained_variance   | 0.843       |
|    learning_rate        | 0.0003      |
|    loss                 | -0.0404     |
|    n_updates            | 40          |
|    policy_gradient_loss | -0.00741    |
|    value_loss           | 0.0202      |
-----------------------------------------
-----------------------------------------
| rollout/                |             |
|    ep_len_mean          | 272         |
|    ep_rew_mean          | -3.73       |
| time/                   |             |
|    fps                  | 549         |
|    iterations           | 10          |
|    time_elapsed         | 447         |
|    total_timesteps      | 245760      |
| train/                  |             |
|    approx_kl            | 0.008974918 |
|    clip_fraction        | 0.0873      |
|    clip_range           | 0.2         |
|    entropy_loss         | -2.09       |
|    explained_variance   | 0.806       |
|    learning_rate        | 0.0003      |
|    loss                 | -0.0227     |
|    n_updates            | 45          |
|    policy_gradient_loss | -0.00842    |
|    value_loss           | 0.0262      |
-----------------------------------------
-----------------------------------------
| rollout/                |             |
|    ep_len_mean          | 192         |
|    ep_rew_mean          | -1.38       |
| time/                   |             |
|    fps                  | 548         |
|    iterations           | 11          |
|    time_elapsed         | 492         |
|    total_timesteps      | 270336      |
| train/                  |             |
|    approx_kl            | 0.009291929 |
|    clip_fraction        | 0.0901      |
|    clip_range           | 0.2         |
|    entropy_loss         | -2.05       |
|    explained_variance   | 0.828       |
|    learning_rate        | 0.0003      |
|    loss                 | -0.0154     |
|    n_updates            | 50          |
|    policy_gradient_loss | -0.00819    |
|    value_loss           | 0.0294      |
-----------------------------------------
-----------------------------------------
| rollout/                |             |
|    ep_len_mean          | 143         |
|    ep_rew_mean          | -0.699      |
| time/                   |             |
|    fps                  | 548         |
|    iterations           | 12          |
|    time_elapsed         | 537         |
|    total_timesteps      | 294912      |
| train/                  |             |
|    approx_kl            | 0.009363875 |
|    clip_fraction        | 0.0972      |
|    clip_range           | 0.2         |
|    entropy_loss         | -2          |
|    explained_variance   | 0.869       |
|    learning_rate        | 0.0003      |
|    loss                 | -0.0104     |
|    n_updates            | 55          |
|    policy_gradient_loss | -0.00878    |
|    value_loss           | 0.037       |
-----------------------------------------
-----------------------------------------
| rollout/                |             |
|    ep_len_mean          | 124         |
|    ep_rew_mean          | -0.722      |
| time/                   |             |
|    fps                  | 548         |
|    iterations           | 13          |
|    time_elapsed         | 582         |
|    total_timesteps      | 319488      |
| train/                  |             |
|    approx_kl            | 0.007845768 |
|    clip_fraction        | 0.0676      |
|    clip_range           | 0.2         |
|    entropy_loss         | -1.94       |
|    explained_variance   | 0.873       |
|    learning_rate        | 0.0003      |
|    loss                 | -0.00613    |
|    n_updates            | 60          |
|    policy_gradient_loss | -0.00662    |
|    value_loss           | 0.0491      |
-----------------------------------------
----------------------------------------
| rollout/                |            |
|    ep_len_mean          | 206        |
|    ep_rew_mean          | -9.07      |
| time/                   |            |
|    fps                  | 547        |
|    iterations           | 14         |
|    time_elapsed         | 628        |
|    total_timesteps      | 344064     |
| train/                  |            |
|    approx_kl            | 0.00812712 |
|    clip_fraction        | 0.0593     |
|    clip_range           | 0.2        |
|    entropy_loss         | -1.92      |
|    explained_variance   | 0.932      |
|    learning_rate        | 0.0003     |
|    loss                 | -0.0131    |
|    n_updates            | 65         |
|    policy_gradient_loss | -0.00615   |
|    value_loss           | 0.0431     |
----------------------------------------
------------------------------------------
| rollout/                |              |
|    ep_len_mean          | 112          |
|    ep_rew_mean          | 1.5          |
| time/                   |              |
|    fps                  | 547          |
|    iterations           | 15           |
|    time_elapsed         | 673          |
|    total_timesteps      | 368640       |
| train/                  |              |
|    approx_kl            | 0.0077927555 |
|    clip_fraction        | 0.0597       |
|    clip_range           | 0.2          |
|    entropy_loss         | -1.89        |
|    explained_variance   | 0.935        |
|    learning_rate        | 0.0003       |
|    loss                 | -0.0142      |
|    n_updates            | 70           |
|    policy_gradient_loss | -0.00621     |
|    value_loss           | 0.04         |
------------------------------------------
-----------------------------------------
| rollout/                |             |
|    ep_len_mean          | 98          |
|    ep_rew_mean          | 2.41        |
| time/                   |             |
|    fps                  | 548         |
|    iterations           | 16          |
|    time_elapsed         | 717         |
|    total_timesteps      | 393216      |
| train/                  |             |
|    approx_kl            | 0.008222273 |
|    clip_fraction        | 0.0734      |
|    clip_range           | 0.2         |
|    entropy_loss         | -1.85       |
|    explained_variance   | 0.896       |
|    learning_rate        | 0.0003      |
|    loss                 | -0.0119     |
|    n_updates            | 75          |
|    policy_gradient_loss | -0.00741    |
|    value_loss           | 0.0432      |
-----------------------------------------
------------------------------------------
| rollout/                |              |
|    ep_len_mean          | 111          |
|    ep_rew_mean          | 2.42         |
| time/                   |              |
|    fps                  | 548          |
|    iterations           | 17           |
|    time_elapsed         | 762          |
|    total_timesteps      | 417792       |
| train/                  |              |
|    approx_kl            | 0.0077955243 |
|    clip_fraction        | 0.0682       |
|    clip_range           | 0.2          |
|    entropy_loss         | -1.79        |
|    explained_variance   | 0.846        |
|    learning_rate        | 0.0003       |
|    loss                 | -0.0118      |
|    n_updates            | 80           |
|    policy_gradient_loss | -0.00754     |
|    value_loss           | 0.0525       |
------------------------------------------
------------------------------------------
| rollout/                |              |
|    ep_len_mean          | 101          |
|    ep_rew_mean          | 3.65         |
| time/                   |              |
|    fps                  | 548          |
|    iterations           | 18           |
|    time_elapsed         | 806          |
|    total_timesteps      | 442368       |
| train/                  |              |
|    approx_kl            | 0.0075774565 |
|    clip_fraction        | 0.072        |
|    clip_range           | 0.2          |
|    entropy_loss         | -1.78        |
|    explained_variance   | 0.892        |
|    learning_rate        | 0.0003       |
|    loss                 | -0.0111      |
|    n_updates            | 85           |
|    policy_gradient_loss | -0.00794     |
|    value_loss           | 0.0517       |
------------------------------------------
-----------------------------------------
| rollout/                |             |
|    ep_len_mean          | 145         |
|    ep_rew_mean          | -0.314      |
| time/                   |             |
|    fps                  | 548         |
|    iterations           | 19          |
|    time_elapsed         | 851         |
|    total_timesteps      | 466944      |
| train/                  |             |
|    approx_kl            | 0.007961344 |
|    clip_fraction        | 0.0807      |
|    clip_range           | 0.2         |
|    entropy_loss         | -1.74       |
|    explained_variance   | 0.916       |
|    learning_rate        | 0.0003      |
|    loss                 | -0.00256    |
|    n_updates            | 90          |
|    policy_gradient_loss | -0.00728    |
|    value_loss           | 0.0556      |
-----------------------------------------
------------------------------------------
| rollout/                |              |
|    ep_len_mean          | 196          |
|    ep_rew_mean          | -4.93        |
| time/                   |              |
|    fps                  | 548          |
|    iterations           | 20           |
|    time_elapsed         | 895          |
|    total_timesteps      | 491520       |
| train/                  |              |
|    approx_kl            | 0.0102716135 |
|    clip_fraction        | 0.0707       |
|    clip_range           | 0.2          |
|    entropy_loss         | -1.77        |
|    explained_variance   | 0.953        |
|    learning_rate        | 0.0003       |
|    loss                 | -0.00279     |
|    n_updates            | 95           |
|    policy_gradient_loss | -0.00656     |
|    value_loss           | 0.0414       |
------------------------------------------
[Checkpoint] Saved at 500000 steps > /home/runner/work/Disciples2-RL/Disciples2-RL/github_experiments/136/item_train/all_enemies/seed136-item_train-all_enemies-34845376085-1/checkpoints/campaign_ppo_step_500000.zip
-----------------------------------------
| rollout/                |             |
|    ep_len_mean          | 215         |
|    ep_rew_mean          | -8.08       |
| time/                   |             |
|    fps                  | 548         |
|    iterations           | 21          |
|    time_elapsed         | 940         |
|    total_timesteps      | 516096      |
| train/                  |             |
|    approx_kl            | 0.008480381 |
|    clip_fraction        | 0.0749      |
|    clip_range           | 0.2         |
|    entropy_loss         | -1.8        |
|    explained_variance   | 0.969       |
|    learning_rate        | 0.0003      |
|    loss                 | -0.00512    |
|    n_updates            | 100         |
|    policy_gradient_loss | -0.00591    |
|    value_loss           | 0.034       |
-----------------------------------------
-----------------------------------------
| rollout/                |             |
|    ep_len_mean          | 129         |
|    ep_rew_mean          | 2.83        |
| time/                   |             |
|    fps                  | 549         |
|    iterations           | 22          |
|    time_elapsed         | 984         |
|    total_timesteps      | 540672      |
| train/                  |             |
|    approx_kl            | 0.008994169 |
|    clip_fraction        | 0.0974      |
|    clip_range           | 0.2         |
|    entropy_loss         | -1.81       |
|    explained_variance   | 0.97        |
|    learning_rate        | 0.0003      |
|    loss                 | -0.00394    |
|    n_updates            | 105         |
|    policy_gradient_loss | -0.00786    |
|    value_loss           | 0.0361      |
-----------------------------------------
-----------------------------------------
| rollout/                |             |
|    ep_len_mean          | 103         |
|    ep_rew_mean          | 5.44        |
| time/                   |             |
|    fps                  | 549         |
|    iterations           | 23          |
|    time_elapsed         | 1029        |
|    total_timesteps      | 565248      |
| train/                  |             |
|    approx_kl            | 0.008289044 |
|    clip_fraction        | 0.0799      |
|    clip_range           | 0.2         |
|    entropy_loss         | -1.72       |
|    explained_variance   | 0.953       |
|    learning_rate        | 0.0003      |
|    loss                 | -0.0161     |
|    n_updates            | 110         |
|    policy_gradient_loss | -0.00751    |
|    value_loss           | 0.0461      |
-----------------------------------------
-----------------------------------------
| rollout/                |             |
|    ep_len_mean          | 112         |
|    ep_rew_mean          | 6.65        |
| time/                   |             |
|    fps                  | 549         |
|    iterations           | 24          |
|    time_elapsed         | 1073        |
|    total_timesteps      | 589824      |
| train/                  |             |
|    approx_kl            | 0.007866327 |
|    clip_fraction        | 0.0786      |
|    clip_range           | 0.2         |
|    entropy_loss         | -1.65       |
|    explained_variance   | 0.933       |
|    learning_rate        | 0.0003      |
|    loss                 | -0.00197    |
|    n_updates            | 115         |
|    policy_gradient_loss | -0.00747    |
|    value_loss           | 0.0447      |
-----------------------------------------
------------------------------------------
| rollout/                |              |
|    ep_len_mean          | 134          |
|    ep_rew_mean          | 6.28         |
| time/                   |              |
|    fps                  | 549          |
|    iterations           | 25           |
|    time_elapsed         | 1117         |
|    total_timesteps      | 614400       |
| train/                  |              |
|    approx_kl            | 0.0073729814 |
|    clip_fraction        | 0.069        |
|    clip_range           | 0.2          |
|    entropy_loss         | -1.6         |
|    explained_variance   | 0.911        |
|    learning_rate        | 0.0003       |
|    loss                 | 0.000681     |
|    n_updates            | 120          |
|    policy_gradient_loss | -0.00656     |
|    value_loss           | 0.0468       |
------------------------------------------
------------------------------------------
| rollout/                |              |
|    ep_len_mean          | 113          |
|    ep_rew_mean          | 7.09         |
| time/                   |              |
|    fps                  | 550          |
|    iterations           | 26           |
|    time_elapsed         | 1161         |
|    total_timesteps      | 638976       |
| train/                  |              |
|    approx_kl            | 0.0076848604 |
|    clip_fraction        | 0.0821       |
|    clip_range           | 0.2          |
|    entropy_loss         | -1.58        |
|    explained_variance   | 0.892        |
|    learning_rate        | 0.0003       |
|    loss                 | -0.00502     |
|    n_updates            | 125          |
|    policy_gradient_loss | -0.0063      |
|    value_loss           | 0.045        |
------------------------------------------
-----------------------------------------
| rollout/                |             |
|    ep_len_mean          | 124         |
|    ep_rew_mean          | 7.49        |
| time/                   |             |
|    fps                  | 550         |
|    iterations           | 27          |
|    time_elapsed         | 1205        |
|    total_timesteps      | 663552      |
| train/                  |             |
|    approx_kl            | 0.008243886 |
|    clip_fraction        | 0.0848      |
|    clip_range           | 0.2         |
|    entropy_loss         | -1.61       |
|    explained_variance   | 0.937       |
|    learning_rate        | 0.0003      |
|    loss                 | -0.00314    |
|    n_updates            | 130         |
|    policy_gradient_loss | -0.00658    |
|    value_loss           | 0.0395      |
-----------------------------------------
-----------------------------------------
| rollout/                |             |
|    ep_len_mean          | 132         |
|    ep_rew_mean          | 8.92        |
| time/                   |             |
|    fps                  | 551         |
|    iterations           | 28          |
|    time_elapsed         | 1248        |
|    total_timesteps      | 688128      |
| train/                  |             |
|    approx_kl            | 0.006983139 |
|    clip_fraction        | 0.0693      |
|    clip_range           | 0.2         |
|    entropy_loss         | -1.58       |
|    explained_variance   | 0.905       |
|    learning_rate        | 0.0003      |
|    loss                 | 0.000632    |
|    n_updates            | 135         |
|    policy_gradient_loss | -0.00629    |
|    value_loss           | 0.0482      |
-----------------------------------------
------------------------------------------
| rollout/                |              |
|    ep_len_mean          | 127          |
|    ep_rew_mean          | 8.83         |
| time/                   |              |
|    fps                  | 551          |
|    iterations           | 29           |
|    time_elapsed         | 1292         |
|    total_timesteps      | 712704       |
| train/                  |              |
|    approx_kl            | 0.0068374523 |
|    clip_fraction        | 0.0614       |
|    clip_range           | 0.2          |
|    entropy_loss         | -1.52        |
|    explained_variance   | 0.909        |
|    learning_rate        | 0.0003       |
|    loss                 | -0.00441     |
|    n_updates            | 140          |
|    policy_gradient_loss | -0.00624     |
|    value_loss           | 0.0438       |
------------------------------------------
------------------------------------------
| rollout/                |              |
|    ep_len_mean          | 161          |
|    ep_rew_mean          | 5.91         |
| time/                   |              |
|    fps                  | 551          |
|    iterations           | 30           |
|    time_elapsed         | 1336         |
|    total_timesteps      | 737280       |
| train/                  |              |
|    approx_kl            | 0.0076587065 |
|    clip_fraction        | 0.0644       |
|    clip_range           | 0.2          |
|    entropy_loss         | -1.52        |
|    explained_variance   | 0.912        |
|    learning_rate        | 0.0003       |
|    loss                 | -0.0103      |
|    n_updates            | 145          |
|    policy_gradient_loss | -0.00568     |
|    value_loss           | 0.0397       |
------------------------------------------
------------------------------------------
| rollout/                |              |
|    ep_len_mean          | 127          |
|    ep_rew_mean          | 9.26         |
| time/                   |              |
|    fps                  | 552          |
|    iterations           | 31           |
|    time_elapsed         | 1379         |
|    total_timesteps      | 761856       |
| train/                  |              |
|    approx_kl            | 0.0073163286 |
|    clip_fraction        | 0.0669       |
|    clip_range           | 0.2          |
|    entropy_loss         | -1.51        |
|    explained_variance   | 0.923        |
|    learning_rate        | 0.0003       |
|    loss                 | -0.00717     |
|    n_updates            | 150          |
|    policy_gradient_loss | -0.00591     |
|    value_loss           | 0.0386       |
------------------------------------------
------------------------------------------
| rollout/                |              |
|    ep_len_mean          | 119          |
|    ep_rew_mean          | 10.6         |
| time/                   |              |
|    fps                  | 552          |
|    iterations           | 32           |
|    time_elapsed         | 1422         |
|    total_timesteps      | 786432       |
| train/                  |              |
|    approx_kl            | 0.0068015736 |
|    clip_fraction        | 0.0632       |
|    clip_range           | 0.2          |
|    entropy_loss         | -1.47        |
|    explained_variance   | 0.914        |
|    learning_rate        | 0.0003       |
|    loss                 | 0.000251     |
|    n_updates            | 155          |
|    policy_gradient_loss | -0.00626     |
|    value_loss           | 0.043        |
------------------------------------------
-----------------------------------------
| rollout/                |             |
|    ep_len_mean          | 127         |
|    ep_rew_mean          | 12.7        |
| time/                   |             |
|    fps                  | 553         |
|    iterations           | 33          |
|    time_elapsed         | 1466        |
|    total_timesteps      | 811008      |
| train/                  |             |
|    approx_kl            | 0.007308252 |
|    clip_fraction        | 0.0675      |
|    clip_range           | 0.2         |
|    entropy_loss         | -1.46       |
|    explained_variance   | 0.915       |
|    learning_rate        | 0.0003      |
|    loss                 | 0.0014      |
|    n_updates            | 160         |
|    policy_gradient_loss | -0.00606    |
|    value_loss           | 0.0417      |
-----------------------------------------
-----------------------------------------
| rollout/                |             |
|    ep_len_mean          | 117         |
|    ep_rew_mean          | 13.1        |
| time/                   |             |
|    fps                  | 553         |
|    iterations           | 34          |
|    time_elapsed         | 1508        |
|    total_timesteps      | 835584      |
| train/                  |             |
|    approx_kl            | 0.007421963 |
|    clip_fraction        | 0.0826      |
|    clip_range           | 0.2         |
|    entropy_loss         | -1.47       |
|    explained_variance   | 0.924       |
|    learning_rate        | 0.0003      |
|    loss                 | -0.00906    |
|    n_updates            | 165         |
|    policy_gradient_loss | -0.00755    |
|    value_loss           | 0.0404      |
-----------------------------------------
-----------------------------------------
| rollout/                |             |
|    ep_len_mean          | 116         |
|    ep_rew_mean          | 14          |
| time/                   |             |
|    fps                  | 554         |
|    iterations           | 35          |
|    time_elapsed         | 1552        |
|    total_timesteps      | 860160      |
| train/                  |             |
|    approx_kl            | 0.006953566 |
|    clip_fraction        | 0.0669      |
|    clip_range           | 0.2         |
|    entropy_loss         | -1.4        |
|    explained_variance   | 0.894       |
|    learning_rate        | 0.0003      |
|    loss                 | -0.000218   |
|    n_updates            | 170         |
|    policy_gradient_loss | -0.00558    |
|    value_loss           | 0.0487      |
-----------------------------------------
-----------------------------------------
| rollout/                |             |
|    ep_len_mean          | 222         |
|    ep_rew_mean          | 1.13        |
| time/                   |             |
|    fps                  | 554         |
|    iterations           | 36          |
|    time_elapsed         | 1595        |
|    total_timesteps      | 884736      |
| train/                  |             |
|    approx_kl            | 0.008958723 |
|    clip_fraction        | 0.0837      |
|    clip_range           | 0.2         |
|    entropy_loss         | -1.48       |
|    explained_variance   | 0.929       |
|    learning_rate        | 0.0003      |
|    loss                 | -0.007      |
|    n_updates            | 175         |
|    policy_gradient_loss | -0.00617    |
|    value_loss           | 0.0412      |
-----------------------------------------
-----------------------------------------
| rollout/                |             |
|    ep_len_mean          | 135         |
|    ep_rew_mean          | 14.1        |
| time/                   |             |
|    fps                  | 554         |
|    iterations           | 37          |
|    time_elapsed         | 1639        |
|    total_timesteps      | 909312      |
| train/                  |             |
|    approx_kl            | 0.007588482 |
|    clip_fraction        | 0.0694      |
|    clip_range           | 0.2         |
|    entropy_loss         | -1.5        |
|    explained_variance   | 0.946       |
|    learning_rate        | 0.0003      |
|    loss                 | -0.0131     |
|    n_updates            | 180         |
|    policy_gradient_loss | -0.0061     |
|    value_loss           | 0.035       |
-----------------------------------------
-----------------------------------------
| rollout/                |             |
|    ep_len_mean          | 133         |
|    ep_rew_mean          | 13.3        |
| time/                   |             |
|    fps                  | 555         |
|    iterations           | 38          |
|    time_elapsed         | 1681        |
|    total_timesteps      | 933888      |
| train/                  |             |
|    approx_kl            | 0.008590742 |
|    clip_fraction        | 0.0912      |
|    clip_range           | 0.2         |
|    entropy_loss         | -1.45       |
|    explained_variance   | 0.925       |
|    learning_rate        | 0.0003      |
|    loss                 | -0.000676   |
|    n_updates            | 185         |
|    policy_gradient_loss | -0.00756    |
|    value_loss           | 0.0428      |
-----------------------------------------
------------------------------------------
| rollout/                |              |
|    ep_len_mean          | 134          |
|    ep_rew_mean          | 13.6         |
| time/                   |              |
|    fps                  | 555          |
|    iterations           | 39           |
|    time_elapsed         | 1724         |
|    total_timesteps      | 958464       |
| train/                  |              |
|    approx_kl            | 0.0091814315 |
|    clip_fraction        | 0.0824       |
|    clip_range           | 0.2          |
|    entropy_loss         | -1.5         |
|    explained_variance   | 0.933        |
|    learning_rate        | 0.0003       |
|    loss                 | -0.00147     |
|    n_updates            | 190          |
|    policy_gradient_loss | -0.00661     |
|    value_loss           | 0.0372       |
------------------------------------------
-----------------------------------------
| rollout/                |             |
|    ep_len_mean          | 118         |
|    ep_rew_mean          | 13          |
| time/                   |             |
|    fps                  | 556         |
|    iterations           | 40          |
|    time_elapsed         | 1765        |
|    total_timesteps      | 983040      |
| train/                  |             |
|    approx_kl            | 0.009531477 |
|    clip_fraction        | 0.0819      |
|    clip_range           | 0.2         |
|    entropy_loss         | -1.5        |
|    explained_variance   | 0.931       |
|    learning_rate        | 0.0003      |
|    loss                 | -0.00363    |
|    n_updates            | 195         |
|    policy_gradient_loss | -0.00602    |
|    value_loss           | 0.041       |
-----------------------------------------
[Checkpoint] Saved at 1000000 steps > /home/runner/work/Disciples2-RL/Disciples2-RL/github_experiments/136/item_train/all_enemies/seed136-item_train-all_enemies-34845376085-1/checkpoints/campaign_ppo_step_1000000.zip
Eval num_timesteps=1000008, det_reward=30.18 +/- 5.21
Episode length: det=112.15 +/- 7.73
Victory rate: det=0.00%
-------------------------------------------------
| eval/                           |             |
|    deterministic_mean_ep_length | 112         |
|    deterministic_mean_reward    | 30.2        |
|    deterministic_victory_rate   | 0           |
|    mean_ep_length               | 112         |
|    mean_reward                  | 30.2        |
|    victory_rate                 | 0           |
| time/                           |             |
|    total_timesteps              | 1000008     |
| train/                          |             |
|    approx_kl                    | 0.008053175 |
|    clip_fraction                | 0.0777      |
|    clip_range                   | 0.2         |
|    entropy_loss                 | -1.45       |
|    explained_variance           | 0.903       |
|    learning_rate                | 0.0003      |
|    loss                         | 0.00845     |
|    n_updates                    | 200         |
|    policy_gradient_loss         | -0.00552    |
|    value_loss                   | 0.0566      |
-------------------------------------------------
New best model by deterministic victory rate!
---------------------------------
| rollout/           |          |
|    ep_len_mean     | 151      |
|    ep_rew_mean     | 14.6     |
| time/              |          |
|    fps             | 555      |
|    iterations      | 41       |
|    time_elapsed    | 1813     |
|    total_timesteps | 1007616  |
---------------------------------
VecNormalize stats saved: /home/runner/work/Disciples2-RL/Disciples2-RL/github_experiments/136/item_train/all_enemies/seed136-item_train-all_enemies-34845376085-1/models/vecnormalize.pkl

Финальная модель сохранена: /home/runner/work/Disciples2-RL/Disciples2-RL/github_experiments/136/item_train/all_enemies/seed136-item_train-all_enemies-34845376085-1/models/final_model.zip

============================================================
ИТОГИ ОБУЧЕНИЯ:
  Побед: 6
  Поражений: 6182
  Таймаутов: 5
  Побед бота столицы над врагами: 0
  Перестановок юнитов: 200835
  Терминальные поражения по противникам:
    enemy_1: 2641 — Король гномов впереди и Арбалетчик позади
    enemy_3: 2313 — Два диких кентавра
    enemy_2: 1228 — Оживший доспех
  Winrate: 0.1%
============================================================
  График призывов за эпизод: /home/runner/work/Disciples2-RL/Disciples2-RL/github_experiments/136/item_train/all_enemies/seed136-item_train-all_enemies-34845376085-1/plots/campaign_summoned_units_per_episode.png
  График призывов за всё обучение: /home/runner/work/Disciples2-RL/Disciples2-RL/github_experiments/136/item_train/all_enemies/seed136-item_train-all_enemies-34845376085-1/plots/campaign_summoned_units_cumulative.png
  График найма за эпизод: /home/runner/work/Disciples2-RL/Disciples2-RL/github_experiments/136/item_train/all_enemies/seed136-item_train-all_enemies-34845376085-1/plots/campaign_hired_units_per_episode.png
  График найма за всё обучение: /home/runner/work/Disciples2-RL/Disciples2-RL/github_experiments/136/item_train/all_enemies/seed136-item_train-all_enemies-34845376085-1/plots/campaign_hired_units_cumulative.png
  График перестановок юнитов за эпизод: /home/runner/work/Disciples2-RL/Disciples2-RL/github_experiments/136/item_train/all_enemies/seed136-item_train-all_enemies-34845376085-1/plots/campaign_unit_swaps_per_episode.png
  График боевых предметов: /home/runner/work/Disciples2-RL/Disciples2-RL/github_experiments/136/item_train/all_enemies/seed136-item_train-all_enemies-34845376085-1/plots/campaign_battle_item_activity.png
  График побед бота столицы за эпизод: /home/runner/work/Disciples2-RL/Disciples2-RL/github_experiments/136/item_train/all_enemies/seed136-item_train-all_enemies-34845376085-1/plots/campaign_scripted_bot_victories_per_episode.png
  График применения заклинаний: /home/runner/work/Disciples2-RL/Disciples2-RL/github_experiments/136/item_train/all_enemies/seed136-item_train-all_enemies-34845376085-1/plots/campaign_spell_cast_activity.png
