Проверка среды CampaignEnv...
Среда прошла проверку!
[INFO] Comet disabled, running without experiment tracking
Создание 12 параллельных сред (subproc)...
Инициализация MaskablePPO...
Using cpu device

============================================================
Запуск обучения Campaign Agent
Всего шагов: 1,000,000
Параллельных сред: 12
VecEnv: subproc
VecEnv start method: forkserver
Seed: 126
Checkpoint каждые: 500,000 шагов
Evaluation каждые: 83,334 шагов
Eval deterministic эпизодов: 20
Eval stochastic эпизодов: 0
Eval лимит шагов на эпизод: 5000
Campaign map: scroll_train
Campaign objective: all_enemies
System resources at training start:
  Platform: Linux 6.17.0-1020-azure (x86_64)
  Python: 3.14.6
  PyTorch: 2.13.0+cpu
  Training device: cpu
  CPU model: AMD EPYC 9V74 80-Core Processor
  CPU vendor: AuthenticAMD
  Logical CPUs visible: 4
  Process CPU affinity: 4
  Sockets: 1
  Cores per socket: 2
  Threads per core: 2
  CPU max MHz: unknown
  CPU min MHz: unknown
  L1d cache: 64 KiB (2 instances)
  L1i cache: 64 KiB (2 instances)
  L2 cache: 2 MiB (2 instances)
  L3 cache: 32 MiB (1 instance)
  Virtualization: AMD-V
  Hypervisor: Microsoft
  RAM total: 15.61 GiB
  RAM available at start: 13.88 GiB
  Disk total: 144.26 GiB
  Disk free at start: 80.66 GiB
  Torch intra-op threads: 4
  Torch inter-op threads: 2
  OMP_NUM_THREADS: 4
  MKL_NUM_THREADS: 4
  OPENBLAS_NUM_THREADS: 4
  GitHub runner OS: Linux
  GitHub runner architecture: X64
  GitHub runner environment: github-hosted
PPO n_steps: 2,048
PPO batch_size: 512
PPO n_epochs: 5
PPO learning_rate: 0.0003
PPO clip_range: 0.2
PPO ent_coef: 0.01
PPO gamma: 0.995
PPO gae_lambda: 0.95
PPO target_kl: disabled
PPO gradient batches per rollout: 240
VecCheckNan: disabled
Freeze action layout: enabled
Empire territory: enabled
Torch threads per process: 4
Diagnostics: disabled
Wall-clock training limit: disabled
Run ID: seed126-scroll_train-all_enemies-31603239117-1
============================================================

Logging to /home/runner/work/Disciples2-RL/Disciples2-RL/github_experiments/126/scroll_train/all_enemies/seed126-scroll_train-all_enemies-31603239117-1/tensorboard/MaskablePPO_1
---------------------------------
| rollout/           |          |
|    ep_len_mean     | 94       |
|    ep_rew_mean     | 15.7     |
| time/              |          |
|    fps             | 294      |
|    iterations      | 1        |
|    time_elapsed    | 83       |
|    total_timesteps | 24576    |
---------------------------------
-----------------------------------------
| rollout/                |             |
|    ep_len_mean          | 84          |
|    ep_rew_mean          | 16          |
| time/                   |             |
|    fps                  | 284         |
|    iterations           | 2           |
|    time_elapsed         | 172         |
|    total_timesteps      | 49152       |
| train/                  |             |
|    approx_kl            | 0.012143123 |
|    clip_fraction        | 0.14        |
|    clip_range           | 0.2         |
|    entropy_loss         | -3.62       |
|    explained_variance   | 0.0682      |
|    learning_rate        | 0.0003      |
|    loss                 | 0.112       |
|    n_updates            | 5           |
|    policy_gradient_loss | -0.0152     |
|    value_loss           | 0.516       |
-----------------------------------------
-----------------------------------------
| rollout/                |             |
|    ep_len_mean          | 69.6        |
|    ep_rew_mean          | 16.5        |
| time/                   |             |
|    fps                  | 280         |
|    iterations           | 3           |
|    time_elapsed         | 263         |
|    total_timesteps      | 73728       |
| train/                  |             |
|    approx_kl            | 0.013988343 |
|    clip_fraction        | 0.203       |
|    clip_range           | 0.2         |
|    entropy_loss         | -3.61       |
|    explained_variance   | 0.587       |
|    learning_rate        | 0.0003      |
|    loss                 | 0.0188      |
|    n_updates            | 10          |
|    policy_gradient_loss | -0.0223     |
|    value_loss           | 0.217       |
-----------------------------------------
-----------------------------------------
| rollout/                |             |
|    ep_len_mean          | 60.1        |
|    ep_rew_mean          | 16.7        |
| time/                   |             |
|    fps                  | 277         |
|    iterations           | 4           |
|    time_elapsed         | 353         |
|    total_timesteps      | 98304       |
| train/                  |             |
|    approx_kl            | 0.018551163 |
|    clip_fraction        | 0.259       |
|    clip_range           | 0.2         |
|    entropy_loss         | -3.62       |
|    explained_variance   | 0.454       |
|    learning_rate        | 0.0003      |
|    loss                 | -0.0194     |
|    n_updates            | 15          |
|    policy_gradient_loss | -0.0225     |
|    value_loss           | 0.12        |
-----------------------------------------
-----------------------------------------
| rollout/                |             |
|    ep_len_mean          | 46.9        |
|    ep_rew_mean          | 17.2        |
| time/                   |             |
|    fps                  | 275         |
|    iterations           | 5           |
|    time_elapsed         | 445         |
|    total_timesteps      | 122880      |
| train/                  |             |
|    approx_kl            | 0.022167832 |
|    clip_fraction        | 0.242       |
|    clip_range           | 0.2         |
|    entropy_loss         | -3.63       |
|    explained_variance   | 0.398       |
|    learning_rate        | 0.0003      |
|    loss                 | -0.0478     |
|    n_updates            | 20          |
|    policy_gradient_loss | -0.0219     |
|    value_loss           | 0.0725      |
-----------------------------------------
----------------------------------------
| rollout/                |            |
|    ep_len_mean          | 38.6       |
|    ep_rew_mean          | 17.3       |
| time/                   |            |
|    fps                  | 274        |
|    iterations           | 6          |
|    time_elapsed         | 536        |
|    total_timesteps      | 147456     |
| train/                  |            |
|    approx_kl            | 0.03434148 |
|    clip_fraction        | 0.212      |
|    clip_range           | 0.2        |
|    entropy_loss         | -3.57      |
|    explained_variance   | 0.711      |
|    learning_rate        | 0.0003     |
|    loss                 | -0.0671    |
|    n_updates            | 25         |
|    policy_gradient_loss | -0.0222    |
|    value_loss           | 0.041      |
----------------------------------------
-----------------------------------------
| rollout/                |             |
|    ep_len_mean          | 34          |
|    ep_rew_mean          | 17.3        |
| time/                   |             |
|    fps                  | 274         |
|    iterations           | 7           |
|    time_elapsed         | 626         |
|    total_timesteps      | 172032      |
| train/                  |             |
|    approx_kl            | 0.018583184 |
|    clip_fraction        | 0.204       |
|    clip_range           | 0.2         |
|    entropy_loss         | -3.44       |
|    explained_variance   | 0.882       |
|    learning_rate        | 0.0003      |
|    loss                 | -0.0539     |
|    n_updates            | 30          |
|    policy_gradient_loss | -0.0176     |
|    value_loss           | 0.0268      |
-----------------------------------------
-----------------------------------------
| rollout/                |             |
|    ep_len_mean          | 28.3        |
|    ep_rew_mean          | 17.5        |
| time/                   |             |
|    fps                  | 273         |
|    iterations           | 8           |
|    time_elapsed         | 718         |
|    total_timesteps      | 196608      |
| train/                  |             |
|    approx_kl            | 0.019677097 |
|    clip_fraction        | 0.217       |
|    clip_range           | 0.2         |
|    entropy_loss         | -3.29       |
|    explained_variance   | 0.963       |
|    learning_rate        | 0.0003      |
|    loss                 | -0.0358     |
|    n_updates            | 35          |
|    policy_gradient_loss | -0.0214     |
|    value_loss           | 0.0143      |
-----------------------------------------
----------------------------------------
| rollout/                |            |
|    ep_len_mean          | 24.1       |
|    ep_rew_mean          | 17.5       |
| time/                   |            |
|    fps                  | 273        |
|    iterations           | 9          |
|    time_elapsed         | 810        |
|    total_timesteps      | 221184     |
| train/                  |            |
|    approx_kl            | 0.01528548 |
|    clip_fraction        | 0.269      |
|    clip_range           | 0.2        |
|    entropy_loss         | -3.15      |
|    explained_variance   | 0.986      |
|    learning_rate        | 0.0003     |
|    loss                 | -0.0497    |
|    n_updates            | 40         |
|    policy_gradient_loss | -0.0259    |
|    value_loss           | 0.00869    |
----------------------------------------
-----------------------------------------
| rollout/                |             |
|    ep_len_mean          | 22.1        |
|    ep_rew_mean          | 17.6        |
| time/                   |             |
|    fps                  | 272         |
|    iterations           | 10          |
|    time_elapsed         | 900         |
|    total_timesteps      | 245760      |
| train/                  |             |
|    approx_kl            | 0.012700844 |
|    clip_fraction        | 0.211       |
|    clip_range           | 0.2         |
|    entropy_loss         | -2.99       |
|    explained_variance   | 0.991       |
|    learning_rate        | 0.0003      |
|    loss                 | -0.0433     |
|    n_updates            | 45          |
|    policy_gradient_loss | -0.0217     |
|    value_loss           | 0.0066      |
-----------------------------------------
----------------------------------------
| rollout/                |            |
|    ep_len_mean          | 20.5       |
|    ep_rew_mean          | 17.5       |
| time/                   |            |
|    fps                  | 272        |
|    iterations           | 11         |
|    time_elapsed         | 991        |
|    total_timesteps      | 270336     |
| train/                  |            |
|    approx_kl            | 0.01279318 |
|    clip_fraction        | 0.192      |
|    clip_range           | 0.2        |
|    entropy_loss         | -2.81      |
|    explained_variance   | 0.993      |
|    learning_rate        | 0.0003     |
|    loss                 | -0.034     |
|    n_updates            | 50         |
|    policy_gradient_loss | -0.0206    |
|    value_loss           | 0.00531    |
----------------------------------------
-----------------------------------------
| rollout/                |             |
|    ep_len_mean          | 18.6        |
|    ep_rew_mean          | 17.6        |
| time/                   |             |
|    fps                  | 272         |
|    iterations           | 12          |
|    time_elapsed         | 1082        |
|    total_timesteps      | 294912      |
| train/                  |             |
|    approx_kl            | 0.016564997 |
|    clip_fraction        | 0.169       |
|    clip_range           | 0.2         |
|    entropy_loss         | -2.63       |
|    explained_variance   | 0.995       |
|    learning_rate        | 0.0003      |
|    loss                 | -0.0428     |
|    n_updates            | 55          |
|    policy_gradient_loss | -0.0177     |
|    value_loss           | 0.00432     |
-----------------------------------------
-----------------------------------------
| rollout/                |             |
|    ep_len_mean          | 18.1        |
|    ep_rew_mean          | 17.6        |
| time/                   |             |
|    fps                  | 272         |
|    iterations           | 13          |
|    time_elapsed         | 1174        |
|    total_timesteps      | 319488      |
| train/                  |             |
|    approx_kl            | 0.011797403 |
|    clip_fraction        | 0.169       |
|    clip_range           | 0.2         |
|    entropy_loss         | -2.49       |
|    explained_variance   | 0.996       |
|    learning_rate        | 0.0003      |
|    loss                 | -0.0337     |
|    n_updates            | 60          |
|    policy_gradient_loss | -0.0179     |
|    value_loss           | 0.00302     |
-----------------------------------------
-----------------------------------------
| rollout/                |             |
|    ep_len_mean          | 16.9        |
|    ep_rew_mean          | 17.6        |
| time/                   |             |
|    fps                  | 271         |
|    iterations           | 14          |
|    time_elapsed         | 1265        |
|    total_timesteps      | 344064      |
| train/                  |             |
|    approx_kl            | 0.011273384 |
|    clip_fraction        | 0.158       |
|    clip_range           | 0.2         |
|    entropy_loss         | -2.33       |
|    explained_variance   | 0.996       |
|    learning_rate        | 0.0003      |
|    loss                 | -0.0341     |
|    n_updates            | 65          |
|    policy_gradient_loss | -0.0163     |
|    value_loss           | 0.00256     |
-----------------------------------------
----------------------------------------
| rollout/                |            |
|    ep_len_mean          | 15.6       |
|    ep_rew_mean          | 17.6       |
| time/                   |            |
|    fps                  | 271        |
|    iterations           | 15         |
|    time_elapsed         | 1356       |
|    total_timesteps      | 368640     |
| train/                  |            |
|    approx_kl            | 0.01304917 |
|    clip_fraction        | 0.131      |
|    clip_range           | 0.2        |
|    entropy_loss         | -2.18      |
|    explained_variance   | 0.997      |
|    learning_rate        | 0.0003     |
|    loss                 | -0.0323    |
|    n_updates            | 70         |
|    policy_gradient_loss | -0.013     |
|    value_loss           | 0.00212    |
----------------------------------------
-----------------------------------------
| rollout/                |             |
|    ep_len_mean          | 15.4        |
|    ep_rew_mean          | 17.6        |
| time/                   |             |
|    fps                  | 271         |
|    iterations           | 16          |
|    time_elapsed         | 1447        |
|    total_timesteps      | 393216      |
| train/                  |             |
|    approx_kl            | 0.010027074 |
|    clip_fraction        | 0.119       |
|    clip_range           | 0.2         |
|    entropy_loss         | -2.03       |
|    explained_variance   | 0.997       |
|    learning_rate        | 0.0003      |
|    loss                 | -0.0289     |
|    n_updates            | 75          |
|    policy_gradient_loss | -0.0118     |
|    value_loss           | 0.00214     |
-----------------------------------------
------------------------------------------
| rollout/                |              |
|    ep_len_mean          | 14.8         |
|    ep_rew_mean          | 17.6         |
| time/                   |              |
|    fps                  | 271          |
|    iterations           | 17           |
|    time_elapsed         | 1538         |
|    total_timesteps      | 417792       |
| train/                  |              |
|    approx_kl            | 0.0091712745 |
|    clip_fraction        | 0.105        |
|    clip_range           | 0.2          |
|    entropy_loss         | -1.88        |
|    explained_variance   | 0.997        |
|    learning_rate        | 0.0003       |
|    loss                 | -0.0315      |
|    n_updates            | 80           |
|    policy_gradient_loss | -0.0114      |
|    value_loss           | 0.00192      |
------------------------------------------
-----------------------------------------
| rollout/                |             |
|    ep_len_mean          | 14.2        |
|    ep_rew_mean          | 17.6        |
| time/                   |             |
|    fps                  | 271         |
|    iterations           | 18          |
|    time_elapsed         | 1629        |
|    total_timesteps      | 442368      |
| train/                  |             |
|    approx_kl            | 0.008122669 |
|    clip_fraction        | 0.0965      |
|    clip_range           | 0.2         |
|    entropy_loss         | -1.76       |
|    explained_variance   | 0.998       |
|    learning_rate        | 0.0003      |
|    loss                 | -0.0291     |
|    n_updates            | 85          |
|    policy_gradient_loss | -0.0109     |
|    value_loss           | 0.00153     |
-----------------------------------------
-----------------------------------------
| rollout/                |             |
|    ep_len_mean          | 14.3        |
|    ep_rew_mean          | 17.6        |
| time/                   |             |
|    fps                  | 271         |
|    iterations           | 19          |
|    time_elapsed         | 1720        |
|    total_timesteps      | 466944      |
| train/                  |             |
|    approx_kl            | 0.007544616 |
|    clip_fraction        | 0.0961      |
|    clip_range           | 0.2         |
|    entropy_loss         | -1.63       |
|    explained_variance   | 0.998       |
|    learning_rate        | 0.0003      |
|    loss                 | -0.0227     |
|    n_updates            | 90          |
|    policy_gradient_loss | -0.0101     |
|    value_loss           | 0.00125     |
-----------------------------------------
------------------------------------------
| rollout/                |              |
|    ep_len_mean          | 13.6         |
|    ep_rew_mean          | 17.6         |
| time/                   |              |
|    fps                  | 271          |
|    iterations           | 20           |
|    time_elapsed         | 1810         |
|    total_timesteps      | 491520       |
| train/                  |              |
|    approx_kl            | 0.0069629042 |
|    clip_fraction        | 0.0786       |
|    clip_range           | 0.2          |
|    entropy_loss         | -1.53        |
|    explained_variance   | 0.998        |
|    learning_rate        | 0.0003       |
|    loss                 | -0.0292      |
|    n_updates            | 95           |
|    policy_gradient_loss | -0.0078      |
|    value_loss           | 0.00125      |
------------------------------------------
[Checkpoint] Saved at 500000 steps > /home/runner/work/Disciples2-RL/Disciples2-RL/github_experiments/126/scroll_train/all_enemies/seed126-scroll_train-all_enemies-31603239117-1/checkpoints/campaign_ppo_step_500000.zip
------------------------------------------
| rollout/                |              |
|    ep_len_mean          | 13.6         |
|    ep_rew_mean          | 17.6         |
| time/                   |              |
|    fps                  | 271          |
|    iterations           | 21           |
|    time_elapsed         | 1902         |
|    total_timesteps      | 516096       |
| train/                  |              |
|    approx_kl            | 0.0047823545 |
|    clip_fraction        | 0.0648       |
|    clip_range           | 0.2          |
|    entropy_loss         | -1.44        |
|    explained_variance   | 0.998        |
|    learning_rate        | 0.0003       |
|    loss                 | -0.0158      |
|    n_updates            | 100          |
|    policy_gradient_loss | -0.00646     |
|    value_loss           | 0.00114      |
------------------------------------------
-----------------------------------------
| rollout/                |             |
|    ep_len_mean          | 13.6        |
|    ep_rew_mean          | 17.6        |
| time/                   |             |
|    fps                  | 271         |
|    iterations           | 22          |
|    time_elapsed         | 1994        |
|    total_timesteps      | 540672      |
| train/                  |             |
|    approx_kl            | 0.006683594 |
|    clip_fraction        | 0.0669      |
|    clip_range           | 0.2         |
|    entropy_loss         | -1.34       |
|    explained_variance   | 0.998       |
|    learning_rate        | 0.0003      |
|    loss                 | -0.0142     |
|    n_updates            | 105         |
|    policy_gradient_loss | -0.00779    |
|    value_loss           | 0.00109     |
-----------------------------------------
------------------------------------------
| rollout/                |              |
|    ep_len_mean          | 13.2         |
|    ep_rew_mean          | 17.6         |
| time/                   |              |
|    fps                  | 270          |
|    iterations           | 23           |
|    time_elapsed         | 2087         |
|    total_timesteps      | 565248       |
| train/                  |              |
|    approx_kl            | 0.0057341848 |
|    clip_fraction        | 0.0463       |
|    clip_range           | 0.2          |
|    entropy_loss         | -1.27        |
|    explained_variance   | 0.998        |
|    learning_rate        | 0.0003       |
|    loss                 | -0.0201      |
|    n_updates            | 110          |
|    policy_gradient_loss | -0.00558     |
|    value_loss           | 0.00105      |
------------------------------------------
------------------------------------------
| rollout/                |              |
|    ep_len_mean          | 13.2         |
|    ep_rew_mean          | 17.6         |
| time/                   |              |
|    fps                  | 270          |
|    iterations           | 24           |
|    time_elapsed         | 2178         |
|    total_timesteps      | 589824       |
| train/                  |              |
|    approx_kl            | 0.0055658356 |
|    clip_fraction        | 0.0499       |
|    clip_range           | 0.2          |
|    entropy_loss         | -1.2         |
|    explained_variance   | 0.999        |
|    learning_rate        | 0.0003       |
|    loss                 | -0.0187      |
|    n_updates            | 115          |
|    policy_gradient_loss | -0.00541     |
|    value_loss           | 0.000954     |
------------------------------------------
------------------------------------------
| rollout/                |              |
|    ep_len_mean          | 13.3         |
|    ep_rew_mean          | 17.6         |
| time/                   |              |
|    fps                  | 270          |
|    iterations           | 25           |
|    time_elapsed         | 2269         |
|    total_timesteps      | 614400       |
| train/                  |              |
|    approx_kl            | 0.0059202127 |
|    clip_fraction        | 0.0567       |
|    clip_range           | 0.2          |
|    entropy_loss         | -1.13        |
|    explained_variance   | 0.998        |
|    learning_rate        | 0.0003       |
|    loss                 | -0.00741     |
|    n_updates            | 120          |
|    policy_gradient_loss | -0.00556     |
|    value_loss           | 0.000969     |
------------------------------------------
------------------------------------------
| rollout/                |              |
|    ep_len_mean          | 13.4         |
|    ep_rew_mean          | 17.6         |
| time/                   |              |
|    fps                  | 270          |
|    iterations           | 26           |
|    time_elapsed         | 2361         |
|    total_timesteps      | 638976       |
| train/                  |              |
|    approx_kl            | 0.0056004976 |
|    clip_fraction        | 0.0599       |
|    clip_range           | 0.2          |
|    entropy_loss         | -1.08        |
|    explained_variance   | 0.998        |
|    learning_rate        | 0.0003       |
|    loss                 | -0.0178      |
|    n_updates            | 125          |
|    policy_gradient_loss | -0.00541     |
|    value_loss           | 0.00106      |
------------------------------------------
-----------------------------------------
| rollout/                |             |
|    ep_len_mean          | 13          |
|    ep_rew_mean          | 17.6        |
| time/                   |             |
|    fps                  | 270         |
|    iterations           | 27          |
|    time_elapsed         | 2452        |
|    total_timesteps      | 663552      |
| train/                  |             |
|    approx_kl            | 0.005662055 |
|    clip_fraction        | 0.063       |
|    clip_range           | 0.2         |
|    entropy_loss         | -1.03       |
|    explained_variance   | 0.998       |
|    learning_rate        | 0.0003      |
|    loss                 | -0.0284     |
|    n_updates            | 130         |
|    policy_gradient_loss | -0.0065     |
|    value_loss           | 0.00101     |
-----------------------------------------
------------------------------------------
| rollout/                |              |
|    ep_len_mean          | 13.4         |
|    ep_rew_mean          | 17.6         |
| time/                   |              |
|    fps                  | 270          |
|    iterations           | 28           |
|    time_elapsed         | 2544         |
|    total_timesteps      | 688128       |
| train/                  |              |
|    approx_kl            | 0.0044250307 |
|    clip_fraction        | 0.0339       |
|    clip_range           | 0.2          |
|    entropy_loss         | -0.979       |
|    explained_variance   | 0.998        |
|    learning_rate        | 0.0003       |
|    loss                 | -0.0143      |
|    n_updates            | 135          |
|    policy_gradient_loss | -0.00534     |
|    value_loss           | 0.00113      |
------------------------------------------
------------------------------------------
| rollout/                |              |
|    ep_len_mean          | 12.9         |
|    ep_rew_mean          | 17.6         |
| time/                   |              |
|    fps                  | 270          |
|    iterations           | 29           |
|    time_elapsed         | 2635         |
|    total_timesteps      | 712704       |
| train/                  |              |
|    approx_kl            | 0.0056700706 |
|    clip_fraction        | 0.054        |
|    clip_range           | 0.2          |
|    entropy_loss         | -0.928       |
|    explained_variance   | 0.998        |
|    learning_rate        | 0.0003       |
|    loss                 | -0.0277      |
|    n_updates            | 140          |
|    policy_gradient_loss | -0.0068      |
|    value_loss           | 0.00134      |
------------------------------------------
------------------------------------------
| rollout/                |              |
|    ep_len_mean          | 13.1         |
|    ep_rew_mean          | 17.6         |
| time/                   |              |
|    fps                  | 270          |
|    iterations           | 30           |
|    time_elapsed         | 2726         |
|    total_timesteps      | 737280       |
| train/                  |              |
|    approx_kl            | 0.0060640476 |
|    clip_fraction        | 0.0567       |
|    clip_range           | 0.2          |
|    entropy_loss         | -0.878       |
|    explained_variance   | 0.997        |
|    learning_rate        | 0.0003       |
|    loss                 | -0.0132      |
|    n_updates            | 145          |
|    policy_gradient_loss | -0.00814     |
|    value_loss           | 0.00162      |
------------------------------------------
------------------------------------------
| rollout/                |              |
|    ep_len_mean          | 13.3         |
|    ep_rew_mean          | 17.7         |
| time/                   |              |
|    fps                  | 270          |
|    iterations           | 31           |
|    time_elapsed         | 2816         |
|    total_timesteps      | 761856       |
| train/                  |              |
|    approx_kl            | 0.0069606737 |
|    clip_fraction        | 0.0532       |
|    clip_range           | 0.2          |
|    entropy_loss         | -0.859       |
|    explained_variance   | 0.997        |
|    learning_rate        | 0.0003       |
|    loss                 | -0.0258      |
|    n_updates            | 150          |
|    policy_gradient_loss | -0.00851     |
|    value_loss           | 0.0017       |
------------------------------------------
-----------------------------------------
| rollout/                |             |
|    ep_len_mean          | 13.5        |
|    ep_rew_mean          | 17.7        |
| time/                   |             |
|    fps                  | 270         |
|    iterations           | 32          |
|    time_elapsed         | 2906        |
|    total_timesteps      | 786432      |
| train/                  |             |
|    approx_kl            | 0.004604162 |
|    clip_fraction        | 0.0438      |
|    clip_range           | 0.2         |
|    entropy_loss         | -0.836      |
|    explained_variance   | 0.997       |
|    learning_rate        | 0.0003      |
|    loss                 | -0.015      |
|    n_updates            | 155         |
|    policy_gradient_loss | -0.0074     |
|    value_loss           | 0.00185     |
-----------------------------------------
-----------------------------------------
| rollout/                |             |
|    ep_len_mean          | 13.4        |
|    ep_rew_mean          | 17.8        |
| time/                   |             |
|    fps                  | 270         |
|    iterations           | 33          |
|    time_elapsed         | 2996        |
|    total_timesteps      | 811008      |
| train/                  |             |
|    approx_kl            | 0.005230108 |
|    clip_fraction        | 0.0532      |
|    clip_range           | 0.2         |
|    entropy_loss         | -0.808      |
|    explained_variance   | 0.997       |
|    learning_rate        | 0.0003      |
|    loss                 | -0.0132     |
|    n_updates            | 160         |
|    policy_gradient_loss | -0.00837    |
|    value_loss           | 0.002       |
-----------------------------------------
------------------------------------------
| rollout/                |              |
|    ep_len_mean          | 13.5         |
|    ep_rew_mean          | 17.8         |
| time/                   |              |
|    fps                  | 270          |
|    iterations           | 34           |
|    time_elapsed         | 3088         |
|    total_timesteps      | 835584       |
| train/                  |              |
|    approx_kl            | 0.0056704474 |
|    clip_fraction        | 0.0476       |
|    clip_range           | 0.2          |
|    entropy_loss         | -0.788       |
|    explained_variance   | 0.996        |
|    learning_rate        | 0.0003       |
|    loss                 | -0.00715     |
|    n_updates            | 165          |
|    policy_gradient_loss | -0.00788     |
|    value_loss           | 0.00229      |
------------------------------------------
-----------------------------------------
| rollout/                |             |
|    ep_len_mean          | 13.7        |
|    ep_rew_mean          | 17.8        |
| time/                   |             |
|    fps                  | 270         |
|    iterations           | 35          |
|    time_elapsed         | 3177        |
|    total_timesteps      | 860160      |
| train/                  |             |
|    approx_kl            | 0.009466156 |
|    clip_fraction        | 0.047       |
|    clip_range           | 0.2         |
|    entropy_loss         | -0.78       |
|    explained_variance   | 0.996       |
|    learning_rate        | 0.0003      |
|    loss                 | -0.013      |
|    n_updates            | 170         |
|    policy_gradient_loss | -0.00672    |
|    value_loss           | 0.00236     |
-----------------------------------------
-----------------------------------------
| rollout/                |             |
|    ep_len_mean          | 13.9        |
|    ep_rew_mean          | 17.7        |
| time/                   |             |
|    fps                  | 270         |
|    iterations           | 36          |
|    time_elapsed         | 3268        |
|    total_timesteps      | 884736      |
| train/                  |             |
|    approx_kl            | 0.005697254 |
|    clip_fraction        | 0.0522      |
|    clip_range           | 0.2         |
|    entropy_loss         | -0.764      |
|    explained_variance   | 0.995       |
|    learning_rate        | 0.0003      |
|    loss                 | -0.0136     |
|    n_updates            | 175         |
|    policy_gradient_loss | -0.0062     |
|    value_loss           | 0.0026      |
-----------------------------------------
-----------------------------------------
| rollout/                |             |
|    ep_len_mean          | 14.2        |
|    ep_rew_mean          | 17.8        |
| time/                   |             |
|    fps                  | 270         |
|    iterations           | 37          |
|    time_elapsed         | 3358        |
|    total_timesteps      | 909312      |
| train/                  |             |
|    approx_kl            | 0.004364617 |
|    clip_fraction        | 0.0359      |
|    clip_range           | 0.2         |
|    entropy_loss         | -0.759      |
|    explained_variance   | 0.995       |
|    learning_rate        | 0.0003      |
|    loss                 | -0.02       |
|    n_updates            | 180         |
|    policy_gradient_loss | -0.00524    |
|    value_loss           | 0.00274     |
-----------------------------------------
----------------------------------------
| rollout/                |            |
|    ep_len_mean          | 21.2       |
|    ep_rew_mean          | 17.7       |
| time/                   |            |
|    fps                  | 271        |
|    iterations           | 38         |
|    time_elapsed         | 3444       |
|    total_timesteps      | 933888     |
| train/                  |            |
|    approx_kl            | 0.13876514 |
|    clip_fraction        | 0.0925     |
|    clip_range           | 0.2        |
|    entropy_loss         | -0.842     |
|    explained_variance   | 0.995      |
|    learning_rate        | 0.0003     |
|    loss                 | -0.0172    |
|    n_updates            | 185        |
|    policy_gradient_loss | -0.00271   |
|    value_loss           | 0.00267    |
----------------------------------------
-----------------------------------------
| rollout/                |             |
|    ep_len_mean          | 18.8        |
|    ep_rew_mean          | 17.7        |
| time/                   |             |
|    fps                  | 271         |
|    iterations           | 39          |
|    time_elapsed         | 3530        |
|    total_timesteps      | 958464      |
| train/                  |             |
|    approx_kl            | 0.024785563 |
|    clip_fraction        | 0.143       |
|    clip_range           | 0.2         |
|    entropy_loss         | -1.12       |
|    explained_variance   | 0.979       |
|    learning_rate        | 0.0003      |
|    loss                 | -0.015      |
|    n_updates            | 190         |
|    policy_gradient_loss | -0.0138     |
|    value_loss           | 0.00537     |
-----------------------------------------
-----------------------------------------
| rollout/                |             |
|    ep_len_mean          | 20.7        |
|    ep_rew_mean          | 17.8        |
| time/                   |             |
|    fps                  | 271         |
|    iterations           | 40          |
|    time_elapsed         | 3617        |
|    total_timesteps      | 983040      |
| train/                  |             |
|    approx_kl            | 0.014117743 |
|    clip_fraction        | 0.102       |
|    clip_range           | 0.2         |
|    entropy_loss         | -1          |
|    explained_variance   | 0.988       |
|    learning_rate        | 0.0003      |
|    loss                 | -0.0229     |
|    n_updates            | 195         |
|    policy_gradient_loss | -0.015      |
|    value_loss           | 0.00559     |
-----------------------------------------
[Checkpoint] Saved at 1000000 steps > /home/runner/work/Disciples2-RL/Disciples2-RL/github_experiments/126/scroll_train/all_enemies/seed126-scroll_train-all_enemies-31603239117-1/checkpoints/campaign_ppo_step_1000000.zip
Eval num_timesteps=1000008, det_reward=17.98 +/- 0.22
Episode length: det=13.50 +/- 0.67
Victory rate: det=100.00%
-------------------------------------------------
| eval/                           |             |
|    deterministic_mean_ep_length | 13.5        |
|    deterministic_mean_reward    | 18          |
|    deterministic_victory_rate   | 1           |
|    mean_ep_length               | 13.5        |
|    mean_reward                  | 18          |
|    victory_rate                 | 1           |
| time/                           |             |
|    total_timesteps              | 1000008     |
| train/                          |             |
|    approx_kl                    | 0.005934076 |
|    clip_fraction                | 0.0926      |
|    clip_range                   | 0.2         |
|    entropy_loss                 | -0.996      |
|    explained_variance           | 0.99        |
|    learning_rate                | 0.0003      |
|    loss                         | -0.0224     |
|    n_updates                    | 200         |
|    policy_gradient_loss         | -0.0113     |
|    value_loss                   | 0.00509     |
-------------------------------------------------
New best model by deterministic victory rate!
---------------------------------
| rollout/           |          |
|    ep_len_mean     | 16.4     |
|    ep_rew_mean     | 17.8     |
| time/              |          |
|    fps             | 271      |
|    iterations      | 41       |
|    time_elapsed    | 3708     |
|    total_timesteps | 1007616  |
---------------------------------
VecNormalize stats saved: /home/runner/work/Disciples2-RL/Disciples2-RL/github_experiments/126/scroll_train/all_enemies/seed126-scroll_train-all_enemies-31603239117-1/models/vecnormalize.pkl

Финальная модель сохранена: /home/runner/work/Disciples2-RL/Disciples2-RL/github_experiments/126/scroll_train/all_enemies/seed126-scroll_train-all_enemies-31603239117-1/models/final_model.zip

============================================================
ИТОГИ ОБУЧЕНИЯ:
  Побед: 57815
  Поражений: 0
  Таймаутов: 0
  Побед бота столицы над врагами: 0
  Перестановок юнитов: 16375
  Winrate: 100.0%
============================================================
  График призывов за эпизод: /home/runner/work/Disciples2-RL/Disciples2-RL/github_experiments/126/scroll_train/all_enemies/seed126-scroll_train-all_enemies-31603239117-1/plots/campaign_summoned_units_per_episode.png
  График призывов за всё обучение: /home/runner/work/Disciples2-RL/Disciples2-RL/github_experiments/126/scroll_train/all_enemies/seed126-scroll_train-all_enemies-31603239117-1/plots/campaign_summoned_units_cumulative.png
  График найма за эпизод: /home/runner/work/Disciples2-RL/Disciples2-RL/github_experiments/126/scroll_train/all_enemies/seed126-scroll_train-all_enemies-31603239117-1/plots/campaign_hired_units_per_episode.png
  График найма за всё обучение: /home/runner/work/Disciples2-RL/Disciples2-RL/github_experiments/126/scroll_train/all_enemies/seed126-scroll_train-all_enemies-31603239117-1/plots/campaign_hired_units_cumulative.png
  График перестановок юнитов за эпизод: /home/runner/work/Disciples2-RL/Disciples2-RL/github_experiments/126/scroll_train/all_enemies/seed126-scroll_train-all_enemies-31603239117-1/plots/campaign_unit_swaps_per_episode.png
  График боевых предметов: /home/runner/work/Disciples2-RL/Disciples2-RL/github_experiments/126/scroll_train/all_enemies/seed126-scroll_train-all_enemies-31603239117-1/plots/campaign_battle_item_activity.png
  График побед бота столицы за эпизод: /home/runner/work/Disciples2-RL/Disciples2-RL/github_experiments/126/scroll_train/all_enemies/seed126-scroll_train-all_enemies-31603239117-1/plots/campaign_scripted_bot_victories_per_episode.png
  График применения заклинаний: /home/runner/work/Disciples2-RL/Disciples2-RL/github_experiments/126/scroll_train/all_enemies/seed126-scroll_train-all_enemies-31603239117-1/plots/campaign_spell_cast_activity.png
