Проверка среды CampaignEnv...
Среда прошла проверку!
[INFO] Comet disabled, running without experiment tracking
Создание 12 параллельных сред (subproc)...
Инициализация MaskablePPO...
Using cpu device

============================================================
Запуск обучения Campaign Agent
Всего шагов: 1,500,000
Параллельных сред: 12
VecEnv: subproc
VecEnv start method: forkserver
Seed: 142
Checkpoint каждые: 500,000 шагов
Evaluation каждые: 83,334 шагов
Eval deterministic эпизодов: 20
Eval stochastic эпизодов: 0
Eval лимит шагов на эпизод: 5000
Campaign map: formation_train
Campaign objective: all_enemies
System resources at training start:
  Platform: Linux 6.17.0-1022-azure (x86_64)
  Python: 3.14.7
  PyTorch: 2.14.0+cpu
  Training device: cpu
  CPU model: Intel(R) Xeon(R) 6973P-C
  CPU vendor: GenuineIntel
  Logical CPUs visible: 4
  Process CPU affinity: 4
  Sockets: 1
  Cores per socket: 2
  Threads per core: 2
  CPU max MHz: 2600.0000
  CPU min MHz: 800.0000
  L1d cache: 96 KiB (2 instances)
  L1i cache: 128 KiB (2 instances)
  L2 cache: 4 MiB (2 instances)
  L3 cache: 480 MiB (1 instance)
  Virtualization: VT-x
  Hypervisor: Microsoft
  RAM total: 15.61 GiB
  RAM available at start: 13.92 GiB
  Disk total: 144.26 GiB
  Disk free at start: 73.80 GiB
  Torch intra-op threads: 4
  Torch inter-op threads: 2
  OMP_NUM_THREADS: 4
  MKL_NUM_THREADS: 4
  OPENBLAS_NUM_THREADS: 4
  GitHub runner OS: Linux
  GitHub runner architecture: X64
  GitHub runner environment: github-hosted
PPO n_steps: 2,048
PPO batch_size: 512
PPO n_epochs: 5
PPO learning_rate: 0.0003
PPO clip_range: 0.2
PPO ent_coef: 0.01
PPO gamma: 0.995
PPO gae_lambda: 0.95
PPO target_kl: disabled
PPO gradient batches per rollout: 240
VecCheckNan: disabled
Freeze action layout: enabled
Empire territory: enabled
Scripted capital bot: disabled
Starting roster: classic party (Оборотень, Королева лич, Воин)
Torch threads per process: 4
Diagnostics: disabled
Wall-clock training limit: disabled
Run ID: seed142-formation_train-all_enemies-36716513002-1
============================================================

Logging to /home/runner/work/Disciples2-RL/Disciples2-RL/github_experiments/142/formation_train/all_enemies/seed142-formation_train-all_enemies-36716513002-1/tensorboard/MaskablePPO_1
---------------------------------
| rollout/           |          |
|    ep_len_mean     | 689      |
|    ep_rew_mean     | -53.7    |
| time/              |          |
|    fps             | 880      |
|    iterations      | 1        |
|    time_elapsed    | 27       |
|    total_timesteps | 24576    |
---------------------------------
-----------------------------------------
| rollout/                |             |
|    ep_len_mean          | 3.65e+03    |
|    ep_rew_mean          | -271        |
| time/                   |             |
|    fps                  | 853         |
|    iterations           | 2           |
|    time_elapsed         | 57          |
|    total_timesteps      | 49152       |
| train/                  |             |
|    approx_kl            | 0.009191703 |
|    clip_fraction        | 0.0654      |
|    clip_range           | 0.2         |
|    entropy_loss         | -2.26       |
|    explained_variance   | -0.0541     |
|    learning_rate        | 0.0003      |
|    loss                 | 0.011       |
|    n_updates            | 5           |
|    policy_gradient_loss | -0.0047     |
|    value_loss           | 0.157       |
-----------------------------------------
-----------------------------------------
| rollout/                |             |
|    ep_len_mean          | 3.45e+03    |
|    ep_rew_mean          | -261        |
| time/                   |             |
|    fps                  | 849         |
|    iterations           | 3           |
|    time_elapsed         | 86          |
|    total_timesteps      | 73728       |
| train/                  |             |
|    approx_kl            | 0.008310103 |
|    clip_fraction        | 0.0391      |
|    clip_range           | 0.2         |
|    entropy_loss         | -2.25       |
|    explained_variance   | -0.304      |
|    learning_rate        | 0.0003      |
|    loss                 | -0.014      |
|    n_updates            | 10          |
|    policy_gradient_loss | -0.00308    |
|    value_loss           | 0.0156      |
-----------------------------------------
-----------------------------------------
| rollout/                |             |
|    ep_len_mean          | 3.26e+03    |
|    ep_rew_mean          | -269        |
| time/                   |             |
|    fps                  | 843         |
|    iterations           | 4           |
|    time_elapsed         | 116         |
|    total_timesteps      | 98304       |
| train/                  |             |
|    approx_kl            | 0.009621482 |
|    clip_fraction        | 0.0807      |
|    clip_range           | 0.2         |
|    entropy_loss         | -2.19       |
|    explained_variance   | 0.67        |
|    learning_rate        | 0.0003      |
|    loss                 | -0.0357     |
|    n_updates            | 15          |
|    policy_gradient_loss | -0.00578    |
|    value_loss           | 0.0137      |
-----------------------------------------
-----------------------------------------
| rollout/                |             |
|    ep_len_mean          | 3.16e+03    |
|    ep_rew_mean          | -250        |
| time/                   |             |
|    fps                  | 844         |
|    iterations           | 5           |
|    time_elapsed         | 145         |
|    total_timesteps      | 122880      |
| train/                  |             |
|    approx_kl            | 0.009179261 |
|    clip_fraction        | 0.0573      |
|    clip_range           | 0.2         |
|    entropy_loss         | -2.18       |
|    explained_variance   | 0.634       |
|    learning_rate        | 0.0003      |
|    loss                 | -0.0279     |
|    n_updates            | 20          |
|    policy_gradient_loss | -0.00565    |
|    value_loss           | 0.0104      |
-----------------------------------------
-----------------------------------------
| rollout/                |             |
|    ep_len_mean          | 3.22e+03    |
|    ep_rew_mean          | -255        |
| time/                   |             |
|    fps                  | 840         |
|    iterations           | 6           |
|    time_elapsed         | 175         |
|    total_timesteps      | 147456      |
| train/                  |             |
|    approx_kl            | 0.008248089 |
|    clip_fraction        | 0.0466      |
|    clip_range           | 0.2         |
|    entropy_loss         | -2.21       |
|    explained_variance   | 0.781       |
|    learning_rate        | 0.0003      |
|    loss                 | -0.0337     |
|    n_updates            | 25          |
|    policy_gradient_loss | -0.0056     |
|    value_loss           | 0.00794     |
-----------------------------------------
------------------------------------------
| rollout/                |              |
|    ep_len_mean          | 3.29e+03     |
|    ep_rew_mean          | -273         |
| time/                   |              |
|    fps                  | 838          |
|    iterations           | 7            |
|    time_elapsed         | 205          |
|    total_timesteps      | 172032       |
| train/                  |              |
|    approx_kl            | 0.0069163274 |
|    clip_fraction        | 0.0358       |
|    clip_range           | 0.2          |
|    entropy_loss         | -2.21        |
|    explained_variance   | 0.877        |
|    learning_rate        | 0.0003       |
|    loss                 | -0.0291      |
|    n_updates            | 30           |
|    policy_gradient_loss | -0.00417     |
|    value_loss           | 0.00763      |
------------------------------------------
------------------------------------------
| rollout/                |              |
|    ep_len_mean          | 3.32e+03     |
|    ep_rew_mean          | -277         |
| time/                   |              |
|    fps                  | 839          |
|    iterations           | 8            |
|    time_elapsed         | 234          |
|    total_timesteps      | 196608       |
| train/                  |              |
|    approx_kl            | 0.0077045676 |
|    clip_fraction        | 0.0396       |
|    clip_range           | 0.2          |
|    entropy_loss         | -2.22        |
|    explained_variance   | 0.92         |
|    learning_rate        | 0.0003       |
|    loss                 | -0.0301      |
|    n_updates            | 35           |
|    policy_gradient_loss | -0.00336     |
|    value_loss           | 0.00758      |
------------------------------------------
-----------------------------------------
| rollout/                |             |
|    ep_len_mean          | 3.23e+03    |
|    ep_rew_mean          | -263        |
| time/                   |             |
|    fps                  | 840         |
|    iterations           | 9           |
|    time_elapsed         | 263         |
|    total_timesteps      | 221184      |
| train/                  |             |
|    approx_kl            | 0.008658527 |
|    clip_fraction        | 0.0513      |
|    clip_range           | 0.2         |
|    entropy_loss         | -2.19       |
|    explained_variance   | 0.87        |
|    learning_rate        | 0.0003      |
|    loss                 | -0.024      |
|    n_updates            | 40          |
|    policy_gradient_loss | -0.00456    |
|    value_loss           | 0.0105      |
-----------------------------------------
-----------------------------------------
| rollout/                |             |
|    ep_len_mean          | 3.25e+03    |
|    ep_rew_mean          | -260        |
| time/                   |             |
|    fps                  | 839         |
|    iterations           | 10          |
|    time_elapsed         | 292         |
|    total_timesteps      | 245760      |
| train/                  |             |
|    approx_kl            | 0.008520526 |
|    clip_fraction        | 0.0474      |
|    clip_range           | 0.2         |
|    entropy_loss         | -2.15       |
|    explained_variance   | 0.757       |
|    learning_rate        | 0.0003      |
|    loss                 | -0.022      |
|    n_updates            | 45          |
|    policy_gradient_loss | -0.00477    |
|    value_loss           | 0.00803     |
-----------------------------------------
-----------------------------------------
| rollout/                |             |
|    ep_len_mean          | 3.18e+03    |
|    ep_rew_mean          | -252        |
| time/                   |             |
|    fps                  | 838         |
|    iterations           | 11          |
|    time_elapsed         | 322         |
|    total_timesteps      | 270336      |
| train/                  |             |
|    approx_kl            | 0.008395557 |
|    clip_fraction        | 0.0557      |
|    clip_range           | 0.2         |
|    entropy_loss         | -2.18       |
|    explained_variance   | 0.827       |
|    learning_rate        | 0.0003      |
|    loss                 | -0.0168     |
|    n_updates            | 50          |
|    policy_gradient_loss | -0.00486    |
|    value_loss           | 0.0125      |
-----------------------------------------
------------------------------------------
| rollout/                |              |
|    ep_len_mean          | 3e+03        |
|    ep_rew_mean          | -235         |
| time/                   |              |
|    fps                  | 839          |
|    iterations           | 12           |
|    time_elapsed         | 351          |
|    total_timesteps      | 294912       |
| train/                  |              |
|    approx_kl            | 0.0073168688 |
|    clip_fraction        | 0.047        |
|    clip_range           | 0.2          |
|    entropy_loss         | -2.15        |
|    explained_variance   | 0.874        |
|    learning_rate        | 0.0003       |
|    loss                 | -0.032       |
|    n_updates            | 55           |
|    policy_gradient_loss | -0.00534     |
|    value_loss           | 0.00816      |
------------------------------------------
-----------------------------------------
| rollout/                |             |
|    ep_len_mean          | 2.72e+03    |
|    ep_rew_mean          | -211        |
| time/                   |             |
|    fps                  | 840         |
|    iterations           | 13          |
|    time_elapsed         | 380         |
|    total_timesteps      | 319488      |
| train/                  |             |
|    approx_kl            | 0.009007259 |
|    clip_fraction        | 0.0838      |
|    clip_range           | 0.2         |
|    entropy_loss         | -2.11       |
|    explained_variance   | 0.833       |
|    learning_rate        | 0.0003      |
|    loss                 | -0.0169     |
|    n_updates            | 60          |
|    policy_gradient_loss | -0.00647    |
|    value_loss           | 0.0149      |
-----------------------------------------
-----------------------------------------
| rollout/                |             |
|    ep_len_mean          | 2.53e+03    |
|    ep_rew_mean          | -190        |
| time/                   |             |
|    fps                  | 839         |
|    iterations           | 14          |
|    time_elapsed         | 409         |
|    total_timesteps      | 344064      |
| train/                  |             |
|    approx_kl            | 0.008386045 |
|    clip_fraction        | 0.0601      |
|    clip_range           | 0.2         |
|    entropy_loss         | -2.08       |
|    explained_variance   | 0.814       |
|    learning_rate        | 0.0003      |
|    loss                 | -0.0128     |
|    n_updates            | 65          |
|    policy_gradient_loss | -0.00568    |
|    value_loss           | 0.0103      |
-----------------------------------------
-----------------------------------------
| rollout/                |             |
|    ep_len_mean          | 2.32e+03    |
|    ep_rew_mean          | -173        |
| time/                   |             |
|    fps                  | 839         |
|    iterations           | 15          |
|    time_elapsed         | 439         |
|    total_timesteps      | 368640      |
| train/                  |             |
|    approx_kl            | 0.009782974 |
|    clip_fraction        | 0.079       |
|    clip_range           | 0.2         |
|    entropy_loss         | -2.04       |
|    explained_variance   | 0.9         |
|    learning_rate        | 0.0003      |
|    loss                 | -0.0301     |
|    n_updates            | 70          |
|    policy_gradient_loss | -0.00646    |
|    value_loss           | 0.0128      |
-----------------------------------------
-----------------------------------------
| rollout/                |             |
|    ep_len_mean          | 1.92e+03    |
|    ep_rew_mean          | -134        |
| time/                   |             |
|    fps                  | 839         |
|    iterations           | 16          |
|    time_elapsed         | 468         |
|    total_timesteps      | 393216      |
| train/                  |             |
|    approx_kl            | 0.009941678 |
|    clip_fraction        | 0.096       |
|    clip_range           | 0.2         |
|    entropy_loss         | -2.05       |
|    explained_variance   | 0.934       |
|    learning_rate        | 0.0003      |
|    loss                 | -0.026      |
|    n_updates            | 75          |
|    policy_gradient_loss | -0.0077     |
|    value_loss           | 0.01        |
-----------------------------------------
----------------------------------------
| rollout/                |            |
|    ep_len_mean          | 1.52e+03   |
|    ep_rew_mean          | -103       |
| time/                   |            |
|    fps                  | 841        |
|    iterations           | 17         |
|    time_elapsed         | 496        |
|    total_timesteps      | 417792     |
| train/                  |            |
|    approx_kl            | 0.01129875 |
|    clip_fraction        | 0.138      |
|    clip_range           | 0.2        |
|    entropy_loss         | -2.03      |
|    explained_variance   | 0.933      |
|    learning_rate        | 0.0003     |
|    loss                 | -0.0243    |
|    n_updates            | 80         |
|    policy_gradient_loss | -0.00832   |
|    value_loss           | 0.00893    |
----------------------------------------
-----------------------------------------
| rollout/                |             |
|    ep_len_mean          | 1.31e+03    |
|    ep_rew_mean          | -85.1       |
| time/                   |             |
|    fps                  | 842         |
|    iterations           | 18          |
|    time_elapsed         | 524         |
|    total_timesteps      | 442368      |
| train/                  |             |
|    approx_kl            | 0.010449275 |
|    clip_fraction        | 0.118       |
|    clip_range           | 0.2         |
|    entropy_loss         | -2.06       |
|    explained_variance   | 0.91        |
|    learning_rate        | 0.0003      |
|    loss                 | -0.0337     |
|    n_updates            | 85          |
|    policy_gradient_loss | -0.00843    |
|    value_loss           | 0.0205      |
-----------------------------------------
------------------------------------------
| rollout/                |              |
|    ep_len_mean          | 1.03e+03     |
|    ep_rew_mean          | -64.4        |
| time/                   |              |
|    fps                  | 844          |
|    iterations           | 19           |
|    time_elapsed         | 552          |
|    total_timesteps      | 466944       |
| train/                  |              |
|    approx_kl            | 0.0108093275 |
|    clip_fraction        | 0.118        |
|    clip_range           | 0.2          |
|    entropy_loss         | -2.07        |
|    explained_variance   | 0.934        |
|    learning_rate        | 0.0003       |
|    loss                 | -0.0215      |
|    n_updates            | 90           |
|    policy_gradient_loss | -0.00923     |
|    value_loss           | 0.0181       |
------------------------------------------
-----------------------------------------
| rollout/                |             |
|    ep_len_mean          | 802         |
|    ep_rew_mean          | -41.9       |
| time/                   |             |
|    fps                  | 846         |
|    iterations           | 20          |
|    time_elapsed         | 580         |
|    total_timesteps      | 491520      |
| train/                  |             |
|    approx_kl            | 0.011595212 |
|    clip_fraction        | 0.141       |
|    clip_range           | 0.2         |
|    entropy_loss         | -2.04       |
|    explained_variance   | 0.922       |
|    learning_rate        | 0.0003      |
|    loss                 | -0.0174     |
|    n_updates            | 95          |
|    policy_gradient_loss | -0.00787    |
|    value_loss           | 0.0153      |
-----------------------------------------
[Checkpoint] Saved at 500000 steps > /home/runner/work/Disciples2-RL/Disciples2-RL/github_experiments/142/formation_train/all_enemies/seed142-formation_train-all_enemies-36716513002-1/checkpoints/campaign_ppo_step_500000.zip
----------------------------------------
| rollout/                |            |
|    ep_len_mean          | 674        |
|    ep_rew_mean          | -33.5      |
| time/                   |            |
|    fps                  | 847        |
|    iterations           | 21         |
|    time_elapsed         | 608        |
|    total_timesteps      | 516096     |
| train/                  |            |
|    approx_kl            | 0.00987815 |
|    clip_fraction        | 0.119      |
|    clip_range           | 0.2        |
|    entropy_loss         | -2.05      |
|    explained_variance   | 0.897      |
|    learning_rate        | 0.0003     |
|    loss                 | -0.0261    |
|    n_updates            | 100        |
|    policy_gradient_loss | -0.00734   |
|    value_loss           | 0.0265     |
----------------------------------------
-----------------------------------------
| rollout/                |             |
|    ep_len_mean          | 660         |
|    ep_rew_mean          | -30.6       |
| time/                   |             |
|    fps                  | 848         |
|    iterations           | 22          |
|    time_elapsed         | 637         |
|    total_timesteps      | 540672      |
| train/                  |             |
|    approx_kl            | 0.010062109 |
|    clip_fraction        | 0.122       |
|    clip_range           | 0.2         |
|    entropy_loss         | -2.01       |
|    explained_variance   | 0.911       |
|    learning_rate        | 0.0003      |
|    loss                 | -0.0228     |
|    n_updates            | 105         |
|    policy_gradient_loss | -0.00747    |
|    value_loss           | 0.0238      |
-----------------------------------------
----------------------------------------
| rollout/                |            |
|    ep_len_mean          | 756        |
|    ep_rew_mean          | -42.7      |
| time/                   |            |
|    fps                  | 847        |
|    iterations           | 23         |
|    time_elapsed         | 666        |
|    total_timesteps      | 565248     |
| train/                  |            |
|    approx_kl            | 0.00939629 |
|    clip_fraction        | 0.082      |
|    clip_range           | 0.2        |
|    entropy_loss         | -1.95      |
|    explained_variance   | 0.941      |
|    learning_rate        | 0.0003     |
|    loss                 | -0.0168    |
|    n_updates            | 110        |
|    policy_gradient_loss | -0.00591   |
|    value_loss           | 0.0231     |
----------------------------------------
-----------------------------------------
| rollout/                |             |
|    ep_len_mean          | 848         |
|    ep_rew_mean          | -51         |
| time/                   |             |
|    fps                  | 848         |
|    iterations           | 24          |
|    time_elapsed         | 695         |
|    total_timesteps      | 589824      |
| train/                  |             |
|    approx_kl            | 0.009111649 |
|    clip_fraction        | 0.0735      |
|    clip_range           | 0.2         |
|    entropy_loss         | -1.93       |
|    explained_variance   | 0.963       |
|    learning_rate        | 0.0003      |
|    loss                 | -0.0116     |
|    n_updates            | 115         |
|    policy_gradient_loss | -0.0062     |
|    value_loss           | 0.0171      |
-----------------------------------------
-----------------------------------------
| rollout/                |             |
|    ep_len_mean          | 945         |
|    ep_rew_mean          | -59         |
| time/                   |             |
|    fps                  | 848         |
|    iterations           | 25          |
|    time_elapsed         | 723         |
|    total_timesteps      | 614400      |
| train/                  |             |
|    approx_kl            | 0.009180722 |
|    clip_fraction        | 0.0726      |
|    clip_range           | 0.2         |
|    entropy_loss         | -1.98       |
|    explained_variance   | 0.966       |
|    learning_rate        | 0.0003      |
|    loss                 | -0.0165     |
|    n_updates            | 120         |
|    policy_gradient_loss | -0.00548    |
|    value_loss           | 0.0259      |
-----------------------------------------
-----------------------------------------
| rollout/                |             |
|    ep_len_mean          | 1e+03       |
|    ep_rew_mean          | -65.4       |
| time/                   |             |
|    fps                  | 849         |
|    iterations           | 26          |
|    time_elapsed         | 751         |
|    total_timesteps      | 638976      |
| train/                  |             |
|    approx_kl            | 0.008977528 |
|    clip_fraction        | 0.0656      |
|    clip_range           | 0.2         |
|    entropy_loss         | -2.01       |
|    explained_variance   | 0.956       |
|    learning_rate        | 0.0003      |
|    loss                 | -0.0245     |
|    n_updates            | 125         |
|    policy_gradient_loss | -0.00533    |
|    value_loss           | 0.0299      |
-----------------------------------------
-----------------------------------------
| rollout/                |             |
|    ep_len_mean          | 800         |
|    ep_rew_mean          | -43.9       |
| time/                   |             |
|    fps                  | 849         |
|    iterations           | 27          |
|    time_elapsed         | 781         |
|    total_timesteps      | 663552      |
| train/                  |             |
|    approx_kl            | 0.009013568 |
|    clip_fraction        | 0.0932      |
|    clip_range           | 0.2         |
|    entropy_loss         | -2.01       |
|    explained_variance   | 0.956       |
|    learning_rate        | 0.0003      |
|    loss                 | -0.0193     |
|    n_updates            | 130         |
|    policy_gradient_loss | -0.00659    |
|    value_loss           | 0.0241      |
-----------------------------------------
-----------------------------------------
| rollout/                |             |
|    ep_len_mean          | 642         |
|    ep_rew_mean          | -29.9       |
| time/                   |             |
|    fps                  | 850         |
|    iterations           | 28          |
|    time_elapsed         | 808         |
|    total_timesteps      | 688128      |
| train/                  |             |
|    approx_kl            | 0.008807002 |
|    clip_fraction        | 0.0856      |
|    clip_range           | 0.2         |
|    entropy_loss         | -2          |
|    explained_variance   | 0.949       |
|    learning_rate        | 0.0003      |
|    loss                 | -0.00933    |
|    n_updates            | 135         |
|    policy_gradient_loss | -0.00654    |
|    value_loss           | 0.0266      |
-----------------------------------------
-----------------------------------------
| rollout/                |             |
|    ep_len_mean          | 529         |
|    ep_rew_mean          | -19.2       |
| time/                   |             |
|    fps                  | 851         |
|    iterations           | 29          |
|    time_elapsed         | 836         |
|    total_timesteps      | 712704      |
| train/                  |             |
|    approx_kl            | 0.008629126 |
|    clip_fraction        | 0.0891      |
|    clip_range           | 0.2         |
|    entropy_loss         | -1.97       |
|    explained_variance   | 0.938       |
|    learning_rate        | 0.0003      |
|    loss                 | -0.0178     |
|    n_updates            | 140         |
|    policy_gradient_loss | -0.0073     |
|    value_loss           | 0.0352      |
-----------------------------------------
-----------------------------------------
| rollout/                |             |
|    ep_len_mean          | 392         |
|    ep_rew_mean          | -17         |
| time/                   |             |
|    fps                  | 853         |
|    iterations           | 30          |
|    time_elapsed         | 863         |
|    total_timesteps      | 737280      |
| train/                  |             |
|    approx_kl            | 0.008883086 |
|    clip_fraction        | 0.0815      |
|    clip_range           | 0.2         |
|    entropy_loss         | -1.95       |
|    explained_variance   | 0.923       |
|    learning_rate        | 0.0003      |
|    loss                 | -0.0152     |
|    n_updates            | 145         |
|    policy_gradient_loss | -0.00621    |
|    value_loss           | 0.0331      |
-----------------------------------------
------------------------------------------
| rollout/                |              |
|    ep_len_mean          | 320          |
|    ep_rew_mean          | -8.71        |
| time/                   |              |
|    fps                  | 855          |
|    iterations           | 31           |
|    time_elapsed         | 890          |
|    total_timesteps      | 761856       |
| train/                  |              |
|    approx_kl            | 0.0100816125 |
|    clip_fraction        | 0.0944       |
|    clip_range           | 0.2          |
|    entropy_loss         | -1.9         |
|    explained_variance   | 0.921        |
|    learning_rate        | 0.0003       |
|    loss                 | -0.00673     |
|    n_updates            | 150          |
|    policy_gradient_loss | -0.00638     |
|    value_loss           | 0.0375       |
------------------------------------------
-----------------------------------------
| rollout/                |             |
|    ep_len_mean          | 299         |
|    ep_rew_mean          | -7.5        |
| time/                   |             |
|    fps                  | 857         |
|    iterations           | 32          |
|    time_elapsed         | 917         |
|    total_timesteps      | 786432      |
| train/                  |             |
|    approx_kl            | 0.010919999 |
|    clip_fraction        | 0.113       |
|    clip_range           | 0.2         |
|    entropy_loss         | -1.86       |
|    explained_variance   | 0.846       |
|    learning_rate        | 0.0003      |
|    loss                 | 0.0054      |
|    n_updates            | 155         |
|    policy_gradient_loss | -0.00521    |
|    value_loss           | 0.0568      |
-----------------------------------------
-----------------------------------------
| rollout/                |             |
|    ep_len_mean          | 334         |
|    ep_rew_mean          | -8.58       |
| time/                   |             |
|    fps                  | 858         |
|    iterations           | 33          |
|    time_elapsed         | 944         |
|    total_timesteps      | 811008      |
| train/                  |             |
|    approx_kl            | 0.008187149 |
|    clip_fraction        | 0.0751      |
|    clip_range           | 0.2         |
|    entropy_loss         | -1.88       |
|    explained_variance   | 0.86        |
|    learning_rate        | 0.0003      |
|    loss                 | -0.0007     |
|    n_updates            | 160         |
|    policy_gradient_loss | -0.00413    |
|    value_loss           | 0.059       |
-----------------------------------------
-----------------------------------------
| rollout/                |             |
|    ep_len_mean          | 261         |
|    ep_rew_mean          | -9.34       |
| time/                   |             |
|    fps                  | 860         |
|    iterations           | 34          |
|    time_elapsed         | 971         |
|    total_timesteps      | 835584      |
| train/                  |             |
|    approx_kl            | 0.009247321 |
|    clip_fraction        | 0.099       |
|    clip_range           | 0.2         |
|    entropy_loss         | -1.87       |
|    explained_variance   | 0.861       |
|    learning_rate        | 0.0003      |
|    loss                 | 0.00357     |
|    n_updates            | 165         |
|    policy_gradient_loss | -0.00562    |
|    value_loss           | 0.0533      |
-----------------------------------------
-----------------------------------------
| rollout/                |             |
|    ep_len_mean          | 203         |
|    ep_rew_mean          | -5.48       |
| time/                   |             |
|    fps                  | 861         |
|    iterations           | 35          |
|    time_elapsed         | 998         |
|    total_timesteps      | 860160      |
| train/                  |             |
|    approx_kl            | 0.009450628 |
|    clip_fraction        | 0.0985      |
|    clip_range           | 0.2         |
|    entropy_loss         | -1.83       |
|    explained_variance   | 0.883       |
|    learning_rate        | 0.0003      |
|    loss                 | 0.00938     |
|    n_updates            | 170         |
|    policy_gradient_loss | -0.00612    |
|    value_loss           | 0.049       |
-----------------------------------------
-----------------------------------------
| rollout/                |             |
|    ep_len_mean          | 239         |
|    ep_rew_mean          | -8.57       |
| time/                   |             |
|    fps                  | 862         |
|    iterations           | 36          |
|    time_elapsed         | 1025        |
|    total_timesteps      | 884736      |
| train/                  |             |
|    approx_kl            | 0.008372731 |
|    clip_fraction        | 0.074       |
|    clip_range           | 0.2         |
|    entropy_loss         | -1.78       |
|    explained_variance   | 0.801       |
|    learning_rate        | 0.0003      |
|    loss                 | -0.000621   |
|    n_updates            | 175         |
|    policy_gradient_loss | -0.00474    |
|    value_loss           | 0.0672      |
-----------------------------------------
------------------------------------------
| rollout/                |              |
|    ep_len_mean          | 213          |
|    ep_rew_mean          | -2.77        |
| time/                   |              |
|    fps                  | 863          |
|    iterations           | 37           |
|    time_elapsed         | 1052         |
|    total_timesteps      | 909312       |
| train/                  |              |
|    approx_kl            | 0.0057426393 |
|    clip_fraction        | 0.0486       |
|    clip_range           | 0.2          |
|    entropy_loss         | -1.78        |
|    explained_variance   | 0.804        |
|    learning_rate        | 0.0003       |
|    loss                 | 0.0251       |
|    n_updates            | 180          |
|    policy_gradient_loss | -0.00395     |
|    value_loss           | 0.0837       |
------------------------------------------
------------------------------------------
| rollout/                |              |
|    ep_len_mean          | 235          |
|    ep_rew_mean          | -2.95        |
| time/                   |              |
|    fps                  | 864          |
|    iterations           | 38           |
|    time_elapsed         | 1079         |
|    total_timesteps      | 933888       |
| train/                  |              |
|    approx_kl            | 0.0073609897 |
|    clip_fraction        | 0.0643       |
|    clip_range           | 0.2          |
|    entropy_loss         | -1.81        |
|    explained_variance   | 0.832        |
|    learning_rate        | 0.0003       |
|    loss                 | 0.0112       |
|    n_updates            | 185          |
|    policy_gradient_loss | -0.00421     |
|    value_loss           | 0.0767       |
------------------------------------------
-----------------------------------------
| rollout/                |             |
|    ep_len_mean          | 230         |
|    ep_rew_mean          | -3.85       |
| time/                   |             |
|    fps                  | 865         |
|    iterations           | 39          |
|    time_elapsed         | 1106        |
|    total_timesteps      | 958464      |
| train/                  |             |
|    approx_kl            | 0.008170856 |
|    clip_fraction        | 0.0741      |
|    clip_range           | 0.2         |
|    entropy_loss         | -1.82       |
|    explained_variance   | 0.813       |
|    learning_rate        | 0.0003      |
|    loss                 | 0.0115      |
|    n_updates            | 190         |
|    policy_gradient_loss | -0.00499    |
|    value_loss           | 0.0744      |
-----------------------------------------
------------------------------------------
| rollout/                |              |
|    ep_len_mean          | 231          |
|    ep_rew_mean          | -1.74        |
| time/                   |              |
|    fps                  | 866          |
|    iterations           | 40           |
|    time_elapsed         | 1134         |
|    total_timesteps      | 983040       |
| train/                  |              |
|    approx_kl            | 0.0077979695 |
|    clip_fraction        | 0.072        |
|    clip_range           | 0.2          |
|    entropy_loss         | -1.82        |
|    explained_variance   | 0.82         |
|    learning_rate        | 0.0003       |
|    loss                 | 0.0109       |
|    n_updates            | 195          |
|    policy_gradient_loss | -0.00488     |
|    value_loss           | 0.0735       |
------------------------------------------
[Checkpoint] Saved at 1000000 steps > /home/runner/work/Disciples2-RL/Disciples2-RL/github_experiments/142/formation_train/all_enemies/seed142-formation_train-all_enemies-36716513002-1/checkpoints/campaign_ppo_step_1000000.zip
Eval num_timesteps=1000008, det_reward=3.37 +/- 0.06
Episode length: det=105.05 +/- 2.13
Victory rate: det=0.00%
-------------------------------------------------
| eval/                           |             |
|    deterministic_mean_ep_length | 105         |
|    deterministic_mean_reward    | 3.37        |
|    deterministic_victory_rate   | 0           |
|    mean_ep_length               | 105         |
|    mean_reward                  | 3.37        |
|    victory_rate                 | 0           |
| time/                           |             |
|    total_timesteps              | 1000008     |
| train/                          |             |
|    approx_kl                    | 0.008890957 |
|    clip_fraction                | 0.084       |
|    clip_range                   | 0.2         |
|    entropy_loss                 | -1.8        |
|    explained_variance           | 0.836       |
|    learning_rate                | 0.0003      |
|    loss                         | 0.0111      |
|    n_updates                    | 200         |
|    policy_gradient_loss         | -0.00634    |
|    value_loss                   | 0.0793      |
-------------------------------------------------
New best model by deterministic victory rate!
---------------------------------
| rollout/           |          |
|    ep_len_mean     | 193      |
|    ep_rew_mean     | 0.784    |
| time/              |          |
|    fps             | 863      |
|    iterations      | 41       |
|    time_elapsed    | 1166     |
|    total_timesteps | 1007616  |
---------------------------------
------------------------------------------
| rollout/                |              |
|    ep_len_mean          | 259          |
|    ep_rew_mean          | -3.82        |
| time/                   |              |
|    fps                  | 863          |
|    iterations           | 42           |
|    time_elapsed         | 1194         |
|    total_timesteps      | 1032192      |
| train/                  |              |
|    approx_kl            | 0.0074546537 |
|    clip_fraction        | 0.0723       |
|    clip_range           | 0.2          |
|    entropy_loss         | -1.77        |
|    explained_variance   | 0.83         |
|    learning_rate        | 0.0003       |
|    loss                 | 0.00335      |
|    n_updates            | 205          |
|    policy_gradient_loss | -0.00436     |
|    value_loss           | 0.0786       |
------------------------------------------
-----------------------------------------
| rollout/                |             |
|    ep_len_mean          | 233         |
|    ep_rew_mean          | -0.561      |
| time/                   |             |
|    fps                  | 864         |
|    iterations           | 43          |
|    time_elapsed         | 1222        |
|    total_timesteps      | 1056768     |
| train/                  |             |
|    approx_kl            | 0.008186254 |
|    clip_fraction        | 0.0786      |
|    clip_range           | 0.2         |
|    entropy_loss         | -1.82       |
|    explained_variance   | 0.83        |
|    learning_rate        | 0.0003      |
|    loss                 | 0.0143      |
|    n_updates            | 210         |
|    policy_gradient_loss | -0.00486    |
|    value_loss           | 0.0801      |
-----------------------------------------
-----------------------------------------
| rollout/                |             |
|    ep_len_mean          | 306         |
|    ep_rew_mean          | -3.49       |
| time/                   |             |
|    fps                  | 864         |
|    iterations           | 44          |
|    time_elapsed         | 1250        |
|    total_timesteps      | 1081344     |
| train/                  |             |
|    approx_kl            | 0.009164579 |
|    clip_fraction        | 0.0816      |
|    clip_range           | 0.2         |
|    entropy_loss         | -1.84       |
|    explained_variance   | 0.847       |
|    learning_rate        | 0.0003      |
|    loss                 | 0.00142     |
|    n_updates            | 215         |
|    policy_gradient_loss | -0.0057     |
|    value_loss           | 0.0548      |
-----------------------------------------
-----------------------------------------
| rollout/                |             |
|    ep_len_mean          | 367         |
|    ep_rew_mean          | -3.38       |
| time/                   |             |
|    fps                  | 864         |
|    iterations           | 45          |
|    time_elapsed         | 1278        |
|    total_timesteps      | 1105920     |
| train/                  |             |
|    approx_kl            | 0.009575459 |
|    clip_fraction        | 0.0784      |
|    clip_range           | 0.2         |
|    entropy_loss         | -1.83       |
|    explained_variance   | 0.895       |
|    learning_rate        | 0.0003      |
|    loss                 | 0.000718    |
|    n_updates            | 220         |
|    policy_gradient_loss | -0.00541    |
|    value_loss           | 0.0455      |
-----------------------------------------
-----------------------------------------
| rollout/                |             |
|    ep_len_mean          | 330         |
|    ep_rew_mean          | -2.73       |
| time/                   |             |
|    fps                  | 865         |
|    iterations           | 46          |
|    time_elapsed         | 1306        |
|    total_timesteps      | 1130496     |
| train/                  |             |
|    approx_kl            | 0.009071651 |
|    clip_fraction        | 0.0817      |
|    clip_range           | 0.2         |
|    entropy_loss         | -1.84       |
|    explained_variance   | 0.913       |
|    learning_rate        | 0.0003      |
|    loss                 | 0.00531     |
|    n_updates            | 225         |
|    policy_gradient_loss | -0.00557    |
|    value_loss           | 0.0468      |
-----------------------------------------
----------------------------------------
| rollout/                |            |
|    ep_len_mean          | 330        |
|    ep_rew_mean          | 0.289      |
| time/                   |            |
|    fps                  | 865        |
|    iterations           | 47         |
|    time_elapsed         | 1334       |
|    total_timesteps      | 1155072    |
| train/                  |            |
|    approx_kl            | 0.00953209 |
|    clip_fraction        | 0.0801     |
|    clip_range           | 0.2        |
|    entropy_loss         | -1.82      |
|    explained_variance   | 0.925      |
|    learning_rate        | 0.0003     |
|    loss                 | -0.00555   |
|    n_updates            | 230        |
|    policy_gradient_loss | -0.00583   |
|    value_loss           | 0.0444     |
----------------------------------------
-----------------------------------------
| rollout/                |             |
|    ep_len_mean          | 371         |
|    ep_rew_mean          | 6.07        |
| time/                   |             |
|    fps                  | 866         |
|    iterations           | 48          |
|    time_elapsed         | 1362        |
|    total_timesteps      | 1179648     |
| train/                  |             |
|    approx_kl            | 0.008410974 |
|    clip_fraction        | 0.0782      |
|    clip_range           | 0.2         |
|    entropy_loss         | -1.82       |
|    explained_variance   | 0.913       |
|    learning_rate        | 0.0003      |
|    loss                 | -0.0187     |
|    n_updates            | 235         |
|    policy_gradient_loss | -0.00585    |
|    value_loss           | 0.0327      |
-----------------------------------------
-----------------------------------------
| rollout/                |             |
|    ep_len_mean          | 355         |
|    ep_rew_mean          | 4.58        |
| time/                   |             |
|    fps                  | 866         |
|    iterations           | 49          |
|    time_elapsed         | 1389        |
|    total_timesteps      | 1204224     |
| train/                  |             |
|    approx_kl            | 0.008018332 |
|    clip_fraction        | 0.0822      |
|    clip_range           | 0.2         |
|    entropy_loss         | -1.84       |
|    explained_variance   | 0.932       |
|    learning_rate        | 0.0003      |
|    loss                 | -0.00334    |
|    n_updates            | 240         |
|    policy_gradient_loss | -0.00474    |
|    value_loss           | 0.0362      |
-----------------------------------------
-----------------------------------------
| rollout/                |             |
|    ep_len_mean          | 313         |
|    ep_rew_mean          | 8.47        |
| time/                   |             |
|    fps                  | 867         |
|    iterations           | 50          |
|    time_elapsed         | 1416        |
|    total_timesteps      | 1228800     |
| train/                  |             |
|    approx_kl            | 0.008044998 |
|    clip_fraction        | 0.0619      |
|    clip_range           | 0.2         |
|    entropy_loss         | -1.84       |
|    explained_variance   | 0.924       |
|    learning_rate        | 0.0003      |
|    loss                 | -0.000436   |
|    n_updates            | 245         |
|    policy_gradient_loss | -0.00506    |
|    value_loss           | 0.0348      |
-----------------------------------------
-----------------------------------------
| rollout/                |             |
|    ep_len_mean          | 258         |
|    ep_rew_mean          | 10.8        |
| time/                   |             |
|    fps                  | 867         |
|    iterations           | 51          |
|    time_elapsed         | 1444        |
|    total_timesteps      | 1253376     |
| train/                  |             |
|    approx_kl            | 0.007971388 |
|    clip_fraction        | 0.0622      |
|    clip_range           | 0.2         |
|    entropy_loss         | -1.76       |
|    explained_variance   | 0.894       |
|    learning_rate        | 0.0003      |
|    loss                 | -0.00283    |
|    n_updates            | 250         |
|    policy_gradient_loss | -0.00451    |
|    value_loss           | 0.0406      |
-----------------------------------------
------------------------------------------
| rollout/                |              |
|    ep_len_mean          | 273          |
|    ep_rew_mean          | 13.4         |
| time/                   |              |
|    fps                  | 868          |
|    iterations           | 52           |
|    time_elapsed         | 1471         |
|    total_timesteps      | 1277952      |
| train/                  |              |
|    approx_kl            | 0.0073483735 |
|    clip_fraction        | 0.0479       |
|    clip_range           | 0.2          |
|    entropy_loss         | -1.79        |
|    explained_variance   | 0.882        |
|    learning_rate        | 0.0003       |
|    loss                 | -0.0145      |
|    n_updates            | 255          |
|    policy_gradient_loss | -0.00392     |
|    value_loss           | 0.0329       |
------------------------------------------
-----------------------------------------
| rollout/                |             |
|    ep_len_mean          | 359         |
|    ep_rew_mean          | 10.5        |
| time/                   |             |
|    fps                  | 869         |
|    iterations           | 53          |
|    time_elapsed         | 1498        |
|    total_timesteps      | 1302528     |
| train/                  |             |
|    approx_kl            | 0.006122639 |
|    clip_fraction        | 0.038       |
|    clip_range           | 0.2         |
|    entropy_loss         | -1.82       |
|    explained_variance   | 0.922       |
|    learning_rate        | 0.0003      |
|    loss                 | -0.0104     |
|    n_updates            | 260         |
|    policy_gradient_loss | -0.00398    |
|    value_loss           | 0.0332      |
-----------------------------------------
-----------------------------------------
| rollout/                |             |
|    ep_len_mean          | 345         |
|    ep_rew_mean          | 12.9        |
| time/                   |             |
|    fps                  | 870         |
|    iterations           | 54          |
|    time_elapsed         | 1525        |
|    total_timesteps      | 1327104     |
| train/                  |             |
|    approx_kl            | 0.006946011 |
|    clip_fraction        | 0.0594      |
|    clip_range           | 0.2         |
|    entropy_loss         | -1.82       |
|    explained_variance   | 0.906       |
|    learning_rate        | 0.0003      |
|    loss                 | -0.0155     |
|    n_updates            | 265         |
|    policy_gradient_loss | -0.00479    |
|    value_loss           | 0.0245      |
-----------------------------------------
------------------------------------------
| rollout/                |              |
|    ep_len_mean          | 314          |
|    ep_rew_mean          | 11.8         |
| time/                   |              |
|    fps                  | 870          |
|    iterations           | 55           |
|    time_elapsed         | 1552         |
|    total_timesteps      | 1351680      |
| train/                  |              |
|    approx_kl            | 0.0069943313 |
|    clip_fraction        | 0.0516       |
|    clip_range           | 0.2          |
|    entropy_loss         | -1.84        |
|    explained_variance   | 0.907        |
|    learning_rate        | 0.0003       |
|    loss                 | -0.00216     |
|    n_updates            | 270          |
|    policy_gradient_loss | -0.00483     |
|    value_loss           | 0.0275       |
------------------------------------------
-----------------------------------------
| rollout/                |             |
|    ep_len_mean          | 365         |
|    ep_rew_mean          | 7.51        |
| time/                   |             |
|    fps                  | 870         |
|    iterations           | 56          |
|    time_elapsed         | 1580        |
|    total_timesteps      | 1376256     |
| train/                  |             |
|    approx_kl            | 0.006502621 |
|    clip_fraction        | 0.0465      |
|    clip_range           | 0.2         |
|    entropy_loss         | -1.85       |
|    explained_variance   | 0.906       |
|    learning_rate        | 0.0003      |
|    loss                 | -0.011      |
|    n_updates            | 275         |
|    policy_gradient_loss | -0.00476    |
|    value_loss           | 0.023       |
-----------------------------------------
-----------------------------------------
| rollout/                |             |
|    ep_len_mean          | 460         |
|    ep_rew_mean          | 1.55        |
| time/                   |             |
|    fps                  | 870         |
|    iterations           | 57          |
|    time_elapsed         | 1608        |
|    total_timesteps      | 1400832     |
| train/                  |             |
|    approx_kl            | 0.008025378 |
|    clip_fraction        | 0.0598      |
|    clip_range           | 0.2         |
|    entropy_loss         | -1.92       |
|    explained_variance   | 0.937       |
|    learning_rate        | 0.0003      |
|    loss                 | -0.0127     |
|    n_updates            | 280         |
|    policy_gradient_loss | -0.00573    |
|    value_loss           | 0.0208      |
-----------------------------------------
-----------------------------------------
| rollout/                |             |
|    ep_len_mean          | 370         |
|    ep_rew_mean          | 5.2         |
| time/                   |             |
|    fps                  | 871         |
|    iterations           | 58          |
|    time_elapsed         | 1636        |
|    total_timesteps      | 1425408     |
| train/                  |             |
|    approx_kl            | 0.007998578 |
|    clip_fraction        | 0.0542      |
|    clip_range           | 0.2         |
|    entropy_loss         | -1.85       |
|    explained_variance   | 0.93        |
|    learning_rate        | 0.0003      |
|    loss                 | -0.0197     |
|    n_updates            | 285         |
|    policy_gradient_loss | -0.00477    |
|    value_loss           | 0.022       |
-----------------------------------------
------------------------------------------
| rollout/                |              |
|    ep_len_mean          | 417          |
|    ep_rew_mean          | 8.87         |
| time/                   |              |
|    fps                  | 871          |
|    iterations           | 59           |
|    time_elapsed         | 1664         |
|    total_timesteps      | 1449984      |
| train/                  |              |
|    approx_kl            | 0.0072491444 |
|    clip_fraction        | 0.0521       |
|    clip_range           | 0.2          |
|    entropy_loss         | -1.87        |
|    explained_variance   | 0.943        |
|    learning_rate        | 0.0003       |
|    loss                 | -0.0222      |
|    n_updates            | 290          |
|    policy_gradient_loss | -0.0048      |
|    value_loss           | 0.0166       |
------------------------------------------
-----------------------------------------
| rollout/                |             |
|    ep_len_mean          | 552         |
|    ep_rew_mean          | 1.54        |
| time/                   |             |
|    fps                  | 870         |
|    iterations           | 60          |
|    time_elapsed         | 1693        |
|    total_timesteps      | 1474560     |
| train/                  |             |
|    approx_kl            | 0.008004428 |
|    clip_fraction        | 0.0633      |
|    clip_range           | 0.2         |
|    entropy_loss         | -1.93       |
|    explained_variance   | 0.947       |
|    learning_rate        | 0.0003      |
|    loss                 | -0.0261     |
|    n_updates            | 295         |
|    policy_gradient_loss | -0.00605    |
|    value_loss           | 0.0157      |
-----------------------------------------
-----------------------------------------
| rollout/                |             |
|    ep_len_mean          | 662         |
|    ep_rew_mean          | -1.45       |
| time/                   |             |
|    fps                  | 870         |
|    iterations           | 61          |
|    time_elapsed         | 1722        |
|    total_timesteps      | 1499136     |
| train/                  |             |
|    approx_kl            | 0.008994133 |
|    clip_fraction        | 0.0651      |
|    clip_range           | 0.2         |
|    entropy_loss         | -1.98       |
|    explained_variance   | 0.958       |
|    learning_rate        | 0.0003      |
|    loss                 | -0.0148     |
|    n_updates            | 300         |
|    policy_gradient_loss | -0.00517    |
|    value_loss           | 0.00969     |
-----------------------------------------
[Checkpoint] Saved at 1500000 steps > /home/runner/work/Disciples2-RL/Disciples2-RL/github_experiments/142/formation_train/all_enemies/seed142-formation_train-all_enemies-36716513002-1/checkpoints/campaign_ppo_step_1500000.zip
------------------------------------------
| rollout/                |              |
|    ep_len_mean          | 899          |
|    ep_rew_mean          | -6.55        |
| time/                   |              |
|    fps                  | 869          |
|    iterations           | 62           |
|    time_elapsed         | 1751         |
|    total_timesteps      | 1523712      |
| train/                  |              |
|    approx_kl            | 0.0075249113 |
|    clip_fraction        | 0.0684       |
|    clip_range           | 0.2          |
|    entropy_loss         | -2.07        |
|    explained_variance   | 0.972        |
|    learning_rate        | 0.0003       |
|    loss                 | -0.0341      |
|    n_updates            | 305          |
|    policy_gradient_loss | -0.00547     |
|    value_loss           | 0.00212      |
------------------------------------------
VecNormalize stats saved: /home/runner/work/Disciples2-RL/Disciples2-RL/github_experiments/142/formation_train/all_enemies/seed142-formation_train-all_enemies-36716513002-1/models/vecnormalize.pkl

Финальная модель сохранена: /home/runner/work/Disciples2-RL/Disciples2-RL/github_experiments/142/formation_train/all_enemies/seed142-formation_train-all_enemies-36716513002-1/models/final_model.zip

============================================================
ИТОГИ ОБУЧЕНИЯ:
  Побед: 488
  Поражений: 2532
  Таймаутов: 119
  Побед бота столицы над врагами: 0
  Перестановок юнитов: 308501
  Терминальные поражения по противникам:
    enemy_1: 2532 — Ангел, Мастер клинка и Защитник Веры впереди; Ученик позади
  Winrate: 15.5%
============================================================
  График призывов за эпизод: /home/runner/work/Disciples2-RL/Disciples2-RL/github_experiments/142/formation_train/all_enemies/seed142-formation_train-all_enemies-36716513002-1/plots/campaign_summoned_units_per_episode.png
  График призывов за всё обучение: /home/runner/work/Disciples2-RL/Disciples2-RL/github_experiments/142/formation_train/all_enemies/seed142-formation_train-all_enemies-36716513002-1/plots/campaign_summoned_units_cumulative.png
  График найма за эпизод: /home/runner/work/Disciples2-RL/Disciples2-RL/github_experiments/142/formation_train/all_enemies/seed142-formation_train-all_enemies-36716513002-1/plots/campaign_hired_units_per_episode.png
  График найма за всё обучение: /home/runner/work/Disciples2-RL/Disciples2-RL/github_experiments/142/formation_train/all_enemies/seed142-formation_train-all_enemies-36716513002-1/plots/campaign_hired_units_cumulative.png
  График перестановок юнитов за эпизод: /home/runner/work/Disciples2-RL/Disciples2-RL/github_experiments/142/formation_train/all_enemies/seed142-formation_train-all_enemies-36716513002-1/plots/campaign_unit_swaps_per_episode.png
  График боевых предметов: /home/runner/work/Disciples2-RL/Disciples2-RL/github_experiments/142/formation_train/all_enemies/seed142-formation_train-all_enemies-36716513002-1/plots/campaign_battle_item_activity.png
  График побед бота столицы за эпизод: /home/runner/work/Disciples2-RL/Disciples2-RL/github_experiments/142/formation_train/all_enemies/seed142-formation_train-all_enemies-36716513002-1/plots/campaign_scripted_bot_victories_per_episode.png
  График применения заклинаний: /home/runner/work/Disciples2-RL/Disciples2-RL/github_experiments/142/formation_train/all_enemies/seed142-formation_train-all_enemies-36716513002-1/plots/campaign_spell_cast_activity.png
