Проверка среды CampaignEnv...
Среда прошла проверку!
[INFO] Comet disabled, running without experiment tracking
Создание 12 параллельных сред (subproc)...
Инициализация MaskablePPO...
Using cpu device

============================================================
Запуск обучения Campaign Agent
Всего шагов: 1,000,000
Параллельных сред: 12
VecEnv: subproc
VecEnv start method: forkserver
Seed: 124
Checkpoint каждые: 500,000 шагов
Evaluation каждые: 83,334 шагов
Eval deterministic эпизодов: 20
Eval stochastic эпизодов: 0
Eval лимит шагов на эпизод: 5000
Campaign map: formation_train
Campaign objective: all_enemies
System resources at training start:
  Platform: Linux 6.17.0-1020-azure (x86_64)
  Python: 3.14.6
  PyTorch: 2.13.0+cpu
  Training device: cpu
  CPU model: AMD EPYC 9V74 80-Core Processor
  CPU vendor: AuthenticAMD
  Logical CPUs visible: 4
  Process CPU affinity: 4
  Sockets: 1
  Cores per socket: 2
  Threads per core: 2
  CPU max MHz: unknown
  CPU min MHz: unknown
  L1d cache: 64 KiB (2 instances)
  L1i cache: 64 KiB (2 instances)
  L2 cache: 2 MiB (2 instances)
  L3 cache: 32 MiB (1 instance)
  Virtualization: AMD-V
  Hypervisor: Microsoft
  RAM total: 15.61 GiB
  RAM available at start: 13.97 GiB
  Disk total: 144.26 GiB
  Disk free at start: 81.59 GiB
  Torch intra-op threads: 4
  Torch inter-op threads: 2
  OMP_NUM_THREADS: 4
  MKL_NUM_THREADS: 4
  OPENBLAS_NUM_THREADS: 4
  GitHub runner OS: Linux
  GitHub runner architecture: X64
  GitHub runner environment: github-hosted
PPO n_steps: 2,048
PPO batch_size: 512
PPO n_epochs: 5
PPO learning_rate: 0.0003
PPO clip_range: 0.2
PPO ent_coef: 0.01
PPO gamma: 0.995
PPO gae_lambda: 0.95
PPO target_kl: disabled
PPO gradient batches per rollout: 240
VecCheckNan: disabled
Freeze action layout: enabled
Empire territory: enabled
Torch threads per process: 4
Diagnostics: disabled
Wall-clock training limit: disabled
Run ID: seed124-formation_train-all_enemies-31134009285-1
============================================================

Logging to /home/runner/work/Disciples2-RL/Disciples2-RL/github_experiments/124/formation_train/all_enemies/seed124-formation_train-all_enemies-31134009285-1/tensorboard/MaskablePPO_1
---------------------------------
| rollout/           |          |
|    ep_len_mean     | 1.5e+03  |
|    ep_rew_mean     | -120     |
| time/              |          |
|    fps             | 589      |
|    iterations      | 1        |
|    time_elapsed    | 41       |
|    total_timesteps | 24576    |
---------------------------------
-----------------------------------------
| rollout/                |             |
|    ep_len_mean          | 3.51e+03    |
|    ep_rew_mean          | -244        |
| time/                   |             |
|    fps                  | 532         |
|    iterations           | 2           |
|    time_elapsed         | 92          |
|    total_timesteps      | 49152       |
| train/                  |             |
|    approx_kl            | 0.007811375 |
|    clip_fraction        | 0.0251      |
|    clip_range           | 0.2         |
|    entropy_loss         | -2.27       |
|    explained_variance   | 0.0595      |
|    learning_rate        | 0.0003      |
|    loss                 | -0.00455    |
|    n_updates            | 5           |
|    policy_gradient_loss | -0.00429    |
|    value_loss           | 0.166       |
-----------------------------------------
----------------------------------------
| rollout/                |            |
|    ep_len_mean          | 2.93e+03   |
|    ep_rew_mean          | -204       |
| time/                   |            |
|    fps                  | 521        |
|    iterations           | 3          |
|    time_elapsed         | 141        |
|    total_timesteps      | 73728      |
| train/                  |            |
|    approx_kl            | 0.00947163 |
|    clip_fraction        | 0.0424     |
|    clip_range           | 0.2        |
|    entropy_loss         | -2.22      |
|    explained_variance   | -0.12      |
|    learning_rate        | 0.0003     |
|    loss                 | -0.0261    |
|    n_updates            | 10         |
|    policy_gradient_loss | -0.00403   |
|    value_loss           | 0.0149     |
----------------------------------------
-----------------------------------------
| rollout/                |             |
|    ep_len_mean          | 3.15e+03    |
|    ep_rew_mean          | -224        |
| time/                   |             |
|    fps                  | 516         |
|    iterations           | 4           |
|    time_elapsed         | 190         |
|    total_timesteps      | 98304       |
| train/                  |             |
|    approx_kl            | 0.008030369 |
|    clip_fraction        | 0.0517      |
|    clip_range           | 0.2         |
|    entropy_loss         | -2.25       |
|    explained_variance   | 0.725       |
|    learning_rate        | 0.0003      |
|    loss                 | -0.0297     |
|    n_updates            | 15          |
|    policy_gradient_loss | -0.00468    |
|    value_loss           | 0.00759     |
-----------------------------------------
-----------------------------------------
| rollout/                |             |
|    ep_len_mean          | 3.28e+03    |
|    ep_rew_mean          | -238        |
| time/                   |             |
|    fps                  | 511         |
|    iterations           | 5           |
|    time_elapsed         | 240         |
|    total_timesteps      | 122880      |
| train/                  |             |
|    approx_kl            | 0.008743227 |
|    clip_fraction        | 0.0565      |
|    clip_range           | 0.2         |
|    entropy_loss         | -2.24       |
|    explained_variance   | 0.687       |
|    learning_rate        | 0.0003      |
|    loss                 | -0.0225     |
|    n_updates            | 20          |
|    policy_gradient_loss | -0.00436    |
|    value_loss           | 0.0115      |
-----------------------------------------
------------------------------------------
| rollout/                |              |
|    ep_len_mean          | 3.4e+03      |
|    ep_rew_mean          | -249         |
| time/                   |              |
|    fps                  | 507          |
|    iterations           | 6            |
|    time_elapsed         | 290          |
|    total_timesteps      | 147456       |
| train/                  |              |
|    approx_kl            | 0.0069108927 |
|    clip_fraction        | 0.0524       |
|    clip_range           | 0.2          |
|    entropy_loss         | -2.19        |
|    explained_variance   | 0.675        |
|    learning_rate        | 0.0003       |
|    loss                 | -0.0263      |
|    n_updates            | 25           |
|    policy_gradient_loss | -0.00427     |
|    value_loss           | 0.0114       |
------------------------------------------
-----------------------------------------
| rollout/                |             |
|    ep_len_mean          | 3.25e+03    |
|    ep_rew_mean          | -240        |
| time/                   |             |
|    fps                  | 506         |
|    iterations           | 7           |
|    time_elapsed         | 339         |
|    total_timesteps      | 172032      |
| train/                  |             |
|    approx_kl            | 0.010951775 |
|    clip_fraction        | 0.0845      |
|    clip_range           | 0.2         |
|    entropy_loss         | -2.18       |
|    explained_variance   | 0.738       |
|    learning_rate        | 0.0003      |
|    loss                 | -0.0232     |
|    n_updates            | 30          |
|    policy_gradient_loss | -0.00672    |
|    value_loss           | 0.0105      |
-----------------------------------------
-----------------------------------------
| rollout/                |             |
|    ep_len_mean          | 2.98e+03    |
|    ep_rew_mean          | -217        |
| time/                   |             |
|    fps                  | 506         |
|    iterations           | 8           |
|    time_elapsed         | 388         |
|    total_timesteps      | 196608      |
| train/                  |             |
|    approx_kl            | 0.007464384 |
|    clip_fraction        | 0.0345      |
|    clip_range           | 0.2         |
|    entropy_loss         | -2.25       |
|    explained_variance   | 0.798       |
|    learning_rate        | 0.0003      |
|    loss                 | -0.0328     |
|    n_updates            | 35          |
|    policy_gradient_loss | -0.00463    |
|    value_loss           | 0.0114      |
-----------------------------------------
------------------------------------------
| rollout/                |              |
|    ep_len_mean          | 3e+03        |
|    ep_rew_mean          | -221         |
| time/                   |              |
|    fps                  | 507          |
|    iterations           | 9            |
|    time_elapsed         | 435          |
|    total_timesteps      | 221184       |
| train/                  |              |
|    approx_kl            | 0.0075992285 |
|    clip_fraction        | 0.0438       |
|    clip_range           | 0.2          |
|    entropy_loss         | -2.23        |
|    explained_variance   | 0.886        |
|    learning_rate        | 0.0003       |
|    loss                 | -0.0267      |
|    n_updates            | 40           |
|    policy_gradient_loss | -0.00467     |
|    value_loss           | 0.00554      |
------------------------------------------
-----------------------------------------
| rollout/                |             |
|    ep_len_mean          | 3.07e+03    |
|    ep_rew_mean          | -227        |
| time/                   |             |
|    fps                  | 507         |
|    iterations           | 10          |
|    time_elapsed         | 484         |
|    total_timesteps      | 245760      |
| train/                  |             |
|    approx_kl            | 0.009685076 |
|    clip_fraction        | 0.0724      |
|    clip_range           | 0.2         |
|    entropy_loss         | -2.23       |
|    explained_variance   | 0.84        |
|    learning_rate        | 0.0003      |
|    loss                 | -0.0194     |
|    n_updates            | 45          |
|    policy_gradient_loss | -0.00548    |
|    value_loss           | 0.00933     |
-----------------------------------------
------------------------------------------
| rollout/                |              |
|    ep_len_mean          | 3.11e+03     |
|    ep_rew_mean          | -228         |
| time/                   |              |
|    fps                  | 507          |
|    iterations           | 11           |
|    time_elapsed         | 532          |
|    total_timesteps      | 270336       |
| train/                  |              |
|    approx_kl            | 0.0076861125 |
|    clip_fraction        | 0.0547       |
|    clip_range           | 0.2          |
|    entropy_loss         | -2.21        |
|    explained_variance   | 0.756        |
|    learning_rate        | 0.0003       |
|    loss                 | -0.0176      |
|    n_updates            | 50           |
|    policy_gradient_loss | -0.00445     |
|    value_loss           | 0.0183       |
------------------------------------------
-----------------------------------------
| rollout/                |             |
|    ep_len_mean          | 3.06e+03    |
|    ep_rew_mean          | -224        |
| time/                   |             |
|    fps                  | 508         |
|    iterations           | 12          |
|    time_elapsed         | 580         |
|    total_timesteps      | 294912      |
| train/                  |             |
|    approx_kl            | 0.009333848 |
|    clip_fraction        | 0.0482      |
|    clip_range           | 0.2         |
|    entropy_loss         | -2.23       |
|    explained_variance   | 0.878       |
|    learning_rate        | 0.0003      |
|    loss                 | -0.0267     |
|    n_updates            | 55          |
|    policy_gradient_loss | -0.00486    |
|    value_loss           | 0.0113      |
-----------------------------------------
------------------------------------------
| rollout/                |              |
|    ep_len_mean          | 2.96e+03     |
|    ep_rew_mean          | -215         |
| time/                   |              |
|    fps                  | 509          |
|    iterations           | 13           |
|    time_elapsed         | 627          |
|    total_timesteps      | 319488       |
| train/                  |              |
|    approx_kl            | 0.0059798933 |
|    clip_fraction        | 0.0306       |
|    clip_range           | 0.2          |
|    entropy_loss         | -2.23        |
|    explained_variance   | 0.907        |
|    learning_rate        | 0.0003       |
|    loss                 | -0.024       |
|    n_updates            | 60           |
|    policy_gradient_loss | -0.00387     |
|    value_loss           | 0.00879      |
------------------------------------------
-----------------------------------------
| rollout/                |             |
|    ep_len_mean          | 2.94e+03    |
|    ep_rew_mean          | -217        |
| time/                   |             |
|    fps                  | 509         |
|    iterations           | 14          |
|    time_elapsed         | 675         |
|    total_timesteps      | 344064      |
| train/                  |             |
|    approx_kl            | 0.010596287 |
|    clip_fraction        | 0.0829      |
|    clip_range           | 0.2         |
|    entropy_loss         | -2.2        |
|    explained_variance   | 0.912       |
|    learning_rate        | 0.0003      |
|    loss                 | -0.0284     |
|    n_updates            | 65          |
|    policy_gradient_loss | -0.00653    |
|    value_loss           | 0.00627     |
-----------------------------------------
----------------------------------------
| rollout/                |            |
|    ep_len_mean          | 2.96e+03   |
|    ep_rew_mean          | -221       |
| time/                   |            |
|    fps                  | 509        |
|    iterations           | 15         |
|    time_elapsed         | 723        |
|    total_timesteps      | 368640     |
| train/                  |            |
|    approx_kl            | 0.00927472 |
|    clip_fraction        | 0.0554     |
|    clip_range           | 0.2        |
|    entropy_loss         | -2.21      |
|    explained_variance   | 0.921      |
|    learning_rate        | 0.0003     |
|    loss                 | -0.024     |
|    n_updates            | 70         |
|    policy_gradient_loss | -0.00427   |
|    value_loss           | 0.00851    |
----------------------------------------
-----------------------------------------
| rollout/                |             |
|    ep_len_mean          | 2.83e+03    |
|    ep_rew_mean          | -209        |
| time/                   |             |
|    fps                  | 510         |
|    iterations           | 16          |
|    time_elapsed         | 770         |
|    total_timesteps      | 393216      |
| train/                  |             |
|    approx_kl            | 0.010331918 |
|    clip_fraction        | 0.0884      |
|    clip_range           | 0.2         |
|    entropy_loss         | -2.17       |
|    explained_variance   | 0.89        |
|    learning_rate        | 0.0003      |
|    loss                 | -0.0187     |
|    n_updates            | 75          |
|    policy_gradient_loss | -0.0063     |
|    value_loss           | 0.0137      |
-----------------------------------------
------------------------------------------
| rollout/                |              |
|    ep_len_mean          | 2.47e+03     |
|    ep_rew_mean          | -176         |
| time/                   |              |
|    fps                  | 510          |
|    iterations           | 17           |
|    time_elapsed         | 817          |
|    total_timesteps      | 417792       |
| train/                  |              |
|    approx_kl            | 0.0073625967 |
|    clip_fraction        | 0.034        |
|    clip_range           | 0.2          |
|    entropy_loss         | -2.17        |
|    explained_variance   | 0.897        |
|    learning_rate        | 0.0003       |
|    loss                 | -0.0284      |
|    n_updates            | 80           |
|    policy_gradient_loss | -0.00379     |
|    value_loss           | 0.0155       |
------------------------------------------
-----------------------------------------
| rollout/                |             |
|    ep_len_mean          | 1.79e+03    |
|    ep_rew_mean          | -120        |
| time/                   |             |
|    fps                  | 511         |
|    iterations           | 18          |
|    time_elapsed         | 864         |
|    total_timesteps      | 442368      |
| train/                  |             |
|    approx_kl            | 0.007487552 |
|    clip_fraction        | 0.0441      |
|    clip_range           | 0.2         |
|    entropy_loss         | -2.16       |
|    explained_variance   | 0.876       |
|    learning_rate        | 0.0003      |
|    loss                 | -0.0197     |
|    n_updates            | 85          |
|    policy_gradient_loss | -0.00451    |
|    value_loss           | 0.0298      |
-----------------------------------------
-----------------------------------------
| rollout/                |             |
|    ep_len_mean          | 1.1e+03     |
|    ep_rew_mean          | -58.1       |
| time/                   |             |
|    fps                  | 512         |
|    iterations           | 19          |
|    time_elapsed         | 911         |
|    total_timesteps      | 466944      |
| train/                  |             |
|    approx_kl            | 0.009756524 |
|    clip_fraction        | 0.0652      |
|    clip_range           | 0.2         |
|    entropy_loss         | -2.15       |
|    explained_variance   | 0.873       |
|    learning_rate        | 0.0003      |
|    loss                 | -0.0138     |
|    n_updates            | 90          |
|    policy_gradient_loss | -0.00656    |
|    value_loss           | 0.0467      |
-----------------------------------------
----------------------------------------
| rollout/                |            |
|    ep_len_mean          | 502        |
|    ep_rew_mean          | -25.1      |
| time/                   |            |
|    fps                  | 513        |
|    iterations           | 20         |
|    time_elapsed         | 957        |
|    total_timesteps      | 491520     |
| train/                  |            |
|    approx_kl            | 0.00862361 |
|    clip_fraction        | 0.0598     |
|    clip_range           | 0.2        |
|    entropy_loss         | -2.12      |
|    explained_variance   | 0.897      |
|    learning_rate        | 0.0003     |
|    loss                 | -0.0212    |
|    n_updates            | 95         |
|    policy_gradient_loss | -0.00476   |
|    value_loss           | 0.0251     |
----------------------------------------
[Checkpoint] Saved at 500000 steps > /home/runner/work/Disciples2-RL/Disciples2-RL/github_experiments/124/formation_train/all_enemies/seed124-formation_train-all_enemies-31134009285-1/checkpoints/campaign_ppo_step_500000.zip
-----------------------------------------
| rollout/                |             |
|    ep_len_mean          | 344         |
|    ep_rew_mean          | -15         |
| time/                   |             |
|    fps                  | 515         |
|    iterations           | 21          |
|    time_elapsed         | 1001        |
|    total_timesteps      | 516096      |
| train/                  |             |
|    approx_kl            | 0.008479361 |
|    clip_fraction        | 0.0699      |
|    clip_range           | 0.2         |
|    entropy_loss         | -2.07       |
|    explained_variance   | 0.906       |
|    learning_rate        | 0.0003      |
|    loss                 | -0.0218     |
|    n_updates            | 100         |
|    policy_gradient_loss | -0.00552    |
|    value_loss           | 0.0286      |
-----------------------------------------
-----------------------------------------
| rollout/                |             |
|    ep_len_mean          | 259         |
|    ep_rew_mean          | -10.8       |
| time/                   |             |
|    fps                  | 516         |
|    iterations           | 22          |
|    time_elapsed         | 1046        |
|    total_timesteps      | 540672      |
| train/                  |             |
|    approx_kl            | 0.008844823 |
|    clip_fraction        | 0.077       |
|    clip_range           | 0.2         |
|    entropy_loss         | -2.02       |
|    explained_variance   | 0.864       |
|    learning_rate        | 0.0003      |
|    loss                 | -0.00626    |
|    n_updates            | 105         |
|    policy_gradient_loss | -0.00655    |
|    value_loss           | 0.0531      |
-----------------------------------------
-----------------------------------------
| rollout/                |             |
|    ep_len_mean          | 280         |
|    ep_rew_mean          | -8.27       |
| time/                   |             |
|    fps                  | 518         |
|    iterations           | 23          |
|    time_elapsed         | 1090        |
|    total_timesteps      | 565248      |
| train/                  |             |
|    approx_kl            | 0.008883226 |
|    clip_fraction        | 0.0763      |
|    clip_range           | 0.2         |
|    entropy_loss         | -2.03       |
|    explained_variance   | 0.902       |
|    learning_rate        | 0.0003      |
|    loss                 | -0.0143     |
|    n_updates            | 110         |
|    policy_gradient_loss | -0.00609    |
|    value_loss           | 0.0534      |
-----------------------------------------
-----------------------------------------
| rollout/                |             |
|    ep_len_mean          | 192         |
|    ep_rew_mean          | -4.21       |
| time/                   |             |
|    fps                  | 519         |
|    iterations           | 24          |
|    time_elapsed         | 1135        |
|    total_timesteps      | 589824      |
| train/                  |             |
|    approx_kl            | 0.008603935 |
|    clip_fraction        | 0.0615      |
|    clip_range           | 0.2         |
|    entropy_loss         | -1.99       |
|    explained_variance   | 0.889       |
|    learning_rate        | 0.0003      |
|    loss                 | 0.016       |
|    n_updates            | 115         |
|    policy_gradient_loss | -0.00464    |
|    value_loss           | 0.0837      |
-----------------------------------------
-----------------------------------------
| rollout/                |             |
|    ep_len_mean          | 180         |
|    ep_rew_mean          | -4.71       |
| time/                   |             |
|    fps                  | 520         |
|    iterations           | 25          |
|    time_elapsed         | 1180        |
|    total_timesteps      | 614400      |
| train/                  |             |
|    approx_kl            | 0.009546984 |
|    clip_fraction        | 0.0928      |
|    clip_range           | 0.2         |
|    entropy_loss         | -1.97       |
|    explained_variance   | 0.803       |
|    learning_rate        | 0.0003      |
|    loss                 | 0.015       |
|    n_updates            | 120         |
|    policy_gradient_loss | -0.006      |
|    value_loss           | 0.0925      |
-----------------------------------------
-----------------------------------------
| rollout/                |             |
|    ep_len_mean          | 182         |
|    ep_rew_mean          | -0.822      |
| time/                   |             |
|    fps                  | 522         |
|    iterations           | 26          |
|    time_elapsed         | 1223        |
|    total_timesteps      | 638976      |
| train/                  |             |
|    approx_kl            | 0.008287913 |
|    clip_fraction        | 0.0638      |
|    clip_range           | 0.2         |
|    entropy_loss         | -1.97       |
|    explained_variance   | 0.823       |
|    learning_rate        | 0.0003      |
|    loss                 | -0.00163    |
|    n_updates            | 125         |
|    policy_gradient_loss | -0.00494    |
|    value_loss           | 0.0947      |
-----------------------------------------
-----------------------------------------
| rollout/                |             |
|    ep_len_mean          | 186         |
|    ep_rew_mean          | -5.47       |
| time/                   |             |
|    fps                  | 523         |
|    iterations           | 27          |
|    time_elapsed         | 1267        |
|    total_timesteps      | 663552      |
| train/                  |             |
|    approx_kl            | 0.006830729 |
|    clip_fraction        | 0.0521      |
|    clip_range           | 0.2         |
|    entropy_loss         | -1.96       |
|    explained_variance   | 0.81        |
|    learning_rate        | 0.0003      |
|    loss                 | 0.0267      |
|    n_updates            | 130         |
|    policy_gradient_loss | -0.00399    |
|    value_loss           | 0.115       |
-----------------------------------------
-----------------------------------------
| rollout/                |             |
|    ep_len_mean          | 210         |
|    ep_rew_mean          | -9.6        |
| time/                   |             |
|    fps                  | 524         |
|    iterations           | 28          |
|    time_elapsed         | 1312        |
|    total_timesteps      | 688128      |
| train/                  |             |
|    approx_kl            | 0.008434032 |
|    clip_fraction        | 0.0706      |
|    clip_range           | 0.2         |
|    entropy_loss         | -1.95       |
|    explained_variance   | 0.825       |
|    learning_rate        | 0.0003      |
|    loss                 | 0.022       |
|    n_updates            | 135         |
|    policy_gradient_loss | -0.00512    |
|    value_loss           | 0.0919      |
-----------------------------------------
------------------------------------------
| rollout/                |              |
|    ep_len_mean          | 224          |
|    ep_rew_mean          | -6.82        |
| time/                   |              |
|    fps                  | 525          |
|    iterations           | 29           |
|    time_elapsed         | 1357         |
|    total_timesteps      | 712704       |
| train/                  |              |
|    approx_kl            | 0.0076703355 |
|    clip_fraction        | 0.0588       |
|    clip_range           | 0.2          |
|    entropy_loss         | -1.98        |
|    explained_variance   | 0.83         |
|    learning_rate        | 0.0003       |
|    loss                 | 0.0276       |
|    n_updates            | 140          |
|    policy_gradient_loss | -0.00348     |
|    value_loss           | 0.0889       |
------------------------------------------
-----------------------------------------
| rollout/                |             |
|    ep_len_mean          | 188         |
|    ep_rew_mean          | -5.05       |
| time/                   |             |
|    fps                  | 526         |
|    iterations           | 30          |
|    time_elapsed         | 1400        |
|    total_timesteps      | 737280      |
| train/                  |             |
|    approx_kl            | 0.007399352 |
|    clip_fraction        | 0.0531      |
|    clip_range           | 0.2         |
|    entropy_loss         | -1.98       |
|    explained_variance   | 0.825       |
|    learning_rate        | 0.0003      |
|    loss                 | 0.0161      |
|    n_updates            | 145         |
|    policy_gradient_loss | -0.0042     |
|    value_loss           | 0.0943      |
-----------------------------------------
------------------------------------------
| rollout/                |              |
|    ep_len_mean          | 184          |
|    ep_rew_mean          | -0.758       |
| time/                   |              |
|    fps                  | 527          |
|    iterations           | 31           |
|    time_elapsed         | 1444         |
|    total_timesteps      | 761856       |
| train/                  |              |
|    approx_kl            | 0.0077263177 |
|    clip_fraction        | 0.038        |
|    clip_range           | 0.2          |
|    entropy_loss         | -1.93        |
|    explained_variance   | 0.804        |
|    learning_rate        | 0.0003       |
|    loss                 | 0.0275       |
|    n_updates            | 150          |
|    policy_gradient_loss | -0.00287     |
|    value_loss           | 0.0858       |
------------------------------------------
-----------------------------------------
| rollout/                |             |
|    ep_len_mean          | 282         |
|    ep_rew_mean          | -11         |
| time/                   |             |
|    fps                  | 527         |
|    iterations           | 32          |
|    time_elapsed         | 1490        |
|    total_timesteps      | 786432      |
| train/                  |             |
|    approx_kl            | 0.008933994 |
|    clip_fraction        | 0.0691      |
|    clip_range           | 0.2         |
|    entropy_loss         | -1.95       |
|    explained_variance   | 0.816       |
|    learning_rate        | 0.0003      |
|    loss                 | 0.0134      |
|    n_updates            | 155         |
|    policy_gradient_loss | -0.00463    |
|    value_loss           | 0.0946      |
-----------------------------------------
-----------------------------------------
| rollout/                |             |
|    ep_len_mean          | 180         |
|    ep_rew_mean          | -0.816      |
| time/                   |             |
|    fps                  | 527         |
|    iterations           | 33          |
|    time_elapsed         | 1537        |
|    total_timesteps      | 811008      |
| train/                  |             |
|    approx_kl            | 0.009141974 |
|    clip_fraction        | 0.0727      |
|    clip_range           | 0.2         |
|    entropy_loss         | -1.97       |
|    explained_variance   | 0.856       |
|    learning_rate        | 0.0003      |
|    loss                 | 0.0126      |
|    n_updates            | 160         |
|    policy_gradient_loss | -0.00575    |
|    value_loss           | 0.0742      |
-----------------------------------------
-----------------------------------------
| rollout/                |             |
|    ep_len_mean          | 174         |
|    ep_rew_mean          | -4.79       |
| time/                   |             |
|    fps                  | 527         |
|    iterations           | 34          |
|    time_elapsed         | 1583        |
|    total_timesteps      | 835584      |
| train/                  |             |
|    approx_kl            | 0.006447854 |
|    clip_fraction        | 0.0513      |
|    clip_range           | 0.2         |
|    entropy_loss         | -1.91       |
|    explained_variance   | 0.771       |
|    learning_rate        | 0.0003      |
|    loss                 | 0.0208      |
|    n_updates            | 165         |
|    policy_gradient_loss | -0.0042     |
|    value_loss           | 0.116       |
-----------------------------------------
----------------------------------------
| rollout/                |            |
|    ep_len_mean          | 208        |
|    ep_rew_mean          | -0.536     |
| time/                   |            |
|    fps                  | 528        |
|    iterations           | 35         |
|    time_elapsed         | 1628       |
|    total_timesteps      | 860160     |
| train/                  |            |
|    approx_kl            | 0.00807863 |
|    clip_fraction        | 0.05       |
|    clip_range           | 0.2        |
|    entropy_loss         | -1.9       |
|    explained_variance   | 0.757      |
|    learning_rate        | 0.0003     |
|    loss                 | 0.0208     |
|    n_updates            | 170        |
|    policy_gradient_loss | -0.00303   |
|    value_loss           | 0.103      |
----------------------------------------
-----------------------------------------
| rollout/                |             |
|    ep_len_mean          | 187         |
|    ep_rew_mean          | -5.09       |
| time/                   |             |
|    fps                  | 528         |
|    iterations           | 36          |
|    time_elapsed         | 1673        |
|    total_timesteps      | 884736      |
| train/                  |             |
|    approx_kl            | 0.006951375 |
|    clip_fraction        | 0.0543      |
|    clip_range           | 0.2         |
|    entropy_loss         | -1.9        |
|    explained_variance   | 0.811       |
|    learning_rate        | 0.0003      |
|    loss                 | 0.0358      |
|    n_updates            | 175         |
|    policy_gradient_loss | -0.00476    |
|    value_loss           | 0.122       |
-----------------------------------------
-----------------------------------------
| rollout/                |             |
|    ep_len_mean          | 186         |
|    ep_rew_mean          | -0.0603     |
| time/                   |             |
|    fps                  | 529         |
|    iterations           | 37          |
|    time_elapsed         | 1717        |
|    total_timesteps      | 909312      |
| train/                  |             |
|    approx_kl            | 0.008189167 |
|    clip_fraction        | 0.0719      |
|    clip_range           | 0.2         |
|    entropy_loss         | -1.92       |
|    explained_variance   | 0.755       |
|    learning_rate        | 0.0003      |
|    loss                 | 0.0203      |
|    n_updates            | 180         |
|    policy_gradient_loss | -0.00372    |
|    value_loss           | 0.101       |
-----------------------------------------
-----------------------------------------
| rollout/                |             |
|    ep_len_mean          | 186         |
|    ep_rew_mean          | -1.24       |
| time/                   |             |
|    fps                  | 530         |
|    iterations           | 38          |
|    time_elapsed         | 1761        |
|    total_timesteps      | 933888      |
| train/                  |             |
|    approx_kl            | 0.007274683 |
|    clip_fraction        | 0.0475      |
|    clip_range           | 0.2         |
|    entropy_loss         | -1.9        |
|    explained_variance   | 0.751       |
|    learning_rate        | 0.0003      |
|    loss                 | 0.0375      |
|    n_updates            | 185         |
|    policy_gradient_loss | -0.00433    |
|    value_loss           | 0.111       |
-----------------------------------------
----------------------------------------
| rollout/                |            |
|    ep_len_mean          | 175        |
|    ep_rew_mean          | -3.46      |
| time/                   |            |
|    fps                  | 530        |
|    iterations           | 39         |
|    time_elapsed         | 1805       |
|    total_timesteps      | 958464     |
| train/                  |            |
|    approx_kl            | 0.00634185 |
|    clip_fraction        | 0.0479     |
|    clip_range           | 0.2        |
|    entropy_loss         | -1.89      |
|    explained_variance   | 0.776      |
|    learning_rate        | 0.0003     |
|    loss                 | 0.0233     |
|    n_updates            | 190        |
|    policy_gradient_loss | -0.00414   |
|    value_loss           | 0.119      |
----------------------------------------
-----------------------------------------
| rollout/                |             |
|    ep_len_mean          | 188         |
|    ep_rew_mean          | 0.161       |
| time/                   |             |
|    fps                  | 531         |
|    iterations           | 40          |
|    time_elapsed         | 1849        |
|    total_timesteps      | 983040      |
| train/                  |             |
|    approx_kl            | 0.006872469 |
|    clip_fraction        | 0.0561      |
|    clip_range           | 0.2         |
|    entropy_loss         | -1.9        |
|    explained_variance   | 0.72        |
|    learning_rate        | 0.0003      |
|    loss                 | 0.0252      |
|    n_updates            | 195         |
|    policy_gradient_loss | -0.00405    |
|    value_loss           | 0.121       |
-----------------------------------------
[Checkpoint] Saved at 1000000 steps > /home/runner/work/Disciples2-RL/Disciples2-RL/github_experiments/124/formation_train/all_enemies/seed124-formation_train-all_enemies-31134009285-1/checkpoints/campaign_ppo_step_1000000.zip
Eval num_timesteps=1000008, det_reward=-12.40 +/- 0.12
Episode length: det=129.30 +/- 1.45
Victory rate: det=0.00%
--------------------------------------------------
| eval/                           |              |
|    deterministic_mean_ep_length | 129          |
|    deterministic_mean_reward    | -12.4        |
|    deterministic_victory_rate   | 0            |
|    mean_ep_length               | 129          |
|    mean_reward                  | -12.4        |
|    victory_rate                 | 0            |
| time/                           |              |
|    total_timesteps              | 1000008      |
| train/                          |              |
|    approx_kl                    | 0.0076558273 |
|    clip_fraction                | 0.062        |
|    clip_range                   | 0.2          |
|    entropy_loss                 | -1.89        |
|    explained_variance           | 0.77         |
|    learning_rate                | 0.0003       |
|    loss                         | 0.0395       |
|    n_updates                    | 200          |
|    policy_gradient_loss         | -0.00484     |
|    value_loss                   | 0.121        |
--------------------------------------------------
New best model by deterministic victory rate!
---------------------------------
| rollout/           |          |
|    ep_len_mean     | 186      |
|    ep_rew_mean     | -0.404   |
| time/              |          |
|    fps             | 530      |
|    iterations      | 41       |
|    time_elapsed    | 1900     |
|    total_timesteps | 1007616  |
---------------------------------
VecNormalize stats saved: /home/runner/work/Disciples2-RL/Disciples2-RL/github_experiments/124/formation_train/all_enemies/seed124-formation_train-all_enemies-31134009285-1/models/vecnormalize.pkl

Финальная модель сохранена: /home/runner/work/Disciples2-RL/Disciples2-RL/github_experiments/124/formation_train/all_enemies/seed124-formation_train-all_enemies-31134009285-1/models/final_model.zip

============================================================
ИТОГИ ОБУЧЕНИЯ:
  Побед: 582
  Поражений: 2192
  Таймаутов: 93
  Побед бота столицы над врагами: 0
  Перестановок юнитов: 199957
  Терминальные поражения по противникам:
    enemy_1: 2192 — Ангел, Мастер клинка и Защитник Веры впереди; Ученик позади
  Winrate: 20.3%
============================================================
  График призывов за эпизод: /home/runner/work/Disciples2-RL/Disciples2-RL/github_experiments/124/formation_train/all_enemies/seed124-formation_train-all_enemies-31134009285-1/plots/campaign_summoned_units_per_episode.png
  График призывов за всё обучение: /home/runner/work/Disciples2-RL/Disciples2-RL/github_experiments/124/formation_train/all_enemies/seed124-formation_train-all_enemies-31134009285-1/plots/campaign_summoned_units_cumulative.png
  График найма за эпизод: /home/runner/work/Disciples2-RL/Disciples2-RL/github_experiments/124/formation_train/all_enemies/seed124-formation_train-all_enemies-31134009285-1/plots/campaign_hired_units_per_episode.png
  График найма за всё обучение: /home/runner/work/Disciples2-RL/Disciples2-RL/github_experiments/124/formation_train/all_enemies/seed124-formation_train-all_enemies-31134009285-1/plots/campaign_hired_units_cumulative.png
  График перестановок юнитов за эпизод: /home/runner/work/Disciples2-RL/Disciples2-RL/github_experiments/124/formation_train/all_enemies/seed124-formation_train-all_enemies-31134009285-1/plots/campaign_unit_swaps_per_episode.png
  График боевых предметов: /home/runner/work/Disciples2-RL/Disciples2-RL/github_experiments/124/formation_train/all_enemies/seed124-formation_train-all_enemies-31134009285-1/plots/campaign_battle_item_activity.png
  График побед бота столицы за эпизод: /home/runner/work/Disciples2-RL/Disciples2-RL/github_experiments/124/formation_train/all_enemies/seed124-formation_train-all_enemies-31134009285-1/plots/campaign_scripted_bot_victories_per_episode.png
  График применения заклинаний: /home/runner/work/Disciples2-RL/Disciples2-RL/github_experiments/124/formation_train/all_enemies/seed124-formation_train-all_enemies-31134009285-1/plots/campaign_spell_cast_activity.png
