Проверка среды CampaignEnv...
Среда прошла проверку!
[INFO] Comet disabled, running without experiment tracking
Создание 12 параллельных сред (subproc)...
Инициализация MaskablePPO...
Using cpu device

============================================================
Запуск обучения Campaign Agent
Всего шагов: 1,000,000
Параллельных сред: 12
VecEnv: subproc
VecEnv start method: forkserver
Seed: 134
Checkpoint каждые: 500,000 шагов
Evaluation каждые: 83,334 шагов
Eval deterministic эпизодов: 20
Eval stochastic эпизодов: 0
Eval лимит шагов на эпизод: 5000
Campaign map: small
Campaign objective: blue_dragon
System resources at training start:
  Platform: Linux 6.17.0-1022-azure (x86_64)
  Python: 3.14.7
  PyTorch: 2.13.0+cpu
  Training device: cpu
  CPU model: AMD EPYC 9V74 80-Core Processor
  CPU vendor: AuthenticAMD
  Logical CPUs visible: 4
  Process CPU affinity: 4
  Sockets: 1
  Cores per socket: 2
  Threads per core: 2
  CPU max MHz: unknown
  CPU min MHz: unknown
  L1d cache: 64 KiB (2 instances)
  L1i cache: 64 KiB (2 instances)
  L2 cache: 2 MiB (2 instances)
  L3 cache: 32 MiB (1 instance)
  Virtualization: AMD-V
  Hypervisor: Microsoft
  RAM total: 15.61 GiB
  RAM available at start: 13.86 GiB
  Disk total: 144.26 GiB
  Disk free at start: 76.43 GiB
  Torch intra-op threads: 4
  Torch inter-op threads: 2
  OMP_NUM_THREADS: 4
  MKL_NUM_THREADS: 4
  OPENBLAS_NUM_THREADS: 4
  GitHub runner OS: Linux
  GitHub runner architecture: X64
  GitHub runner environment: github-hosted
PPO n_steps: 2,048
PPO batch_size: 512
PPO n_epochs: 5
PPO learning_rate: 0.0003
PPO clip_range: 0.2
PPO ent_coef: 0.01
PPO gamma: 0.995
PPO gae_lambda: 0.95
PPO target_kl: disabled
PPO gradient batches per rollout: 240
VecCheckNan: disabled
Freeze action layout: enabled
Empire territory: enabled
Torch threads per process: 4
Diagnostics: disabled
Wall-clock training limit: disabled
Run ID: seed134-small-blue_dragon-33917828654-1
============================================================

Logging to /home/runner/work/Disciples2-RL/Disciples2-RL/github_experiments/134/small/blue_dragon/seed134-small-blue_dragon-33917828654-1/tensorboard/MaskablePPO_1
---------------------------------
| rollout/           |          |
|    ep_len_mean     | 117      |
|    ep_rew_mean     | -4.96    |
| time/              |          |
|    fps             | 589      |
|    iterations      | 1        |
|    time_elapsed    | 41       |
|    total_timesteps | 24576    |
---------------------------------
-----------------------------------------
| rollout/                |             |
|    ep_len_mean          | 131         |
|    ep_rew_mean          | -3.15       |
| time/                   |             |
|    fps                  | 553         |
|    iterations           | 2           |
|    time_elapsed         | 88          |
|    total_timesteps      | 49152       |
| train/                  |             |
|    approx_kl            | 0.011357655 |
|    clip_fraction        | 0.105       |
|    clip_range           | 0.2         |
|    entropy_loss         | -2.2        |
|    explained_variance   | 0.0018      |
|    learning_rate        | 0.0003      |
|    loss                 | 0.19        |
|    n_updates            | 5           |
|    policy_gradient_loss | -0.00825    |
|    value_loss           | 0.505       |
-----------------------------------------
-----------------------------------------
| rollout/                |             |
|    ep_len_mean          | 130         |
|    ep_rew_mean          | -1.79       |
| time/                   |             |
|    fps                  | 548         |
|    iterations           | 3           |
|    time_elapsed         | 134         |
|    total_timesteps      | 73728       |
| train/                  |             |
|    approx_kl            | 0.011575744 |
|    clip_fraction        | 0.139       |
|    clip_range           | 0.2         |
|    entropy_loss         | -2.14       |
|    explained_variance   | 0.602       |
|    learning_rate        | 0.0003      |
|    loss                 | 0.0883      |
|    n_updates            | 10          |
|    policy_gradient_loss | -0.0146     |
|    value_loss           | 0.281       |
-----------------------------------------
-----------------------------------------
| rollout/                |             |
|    ep_len_mean          | 208         |
|    ep_rew_mean          | -2.51       |
| time/                   |             |
|    fps                  | 540         |
|    iterations           | 4           |
|    time_elapsed         | 181         |
|    total_timesteps      | 98304       |
| train/                  |             |
|    approx_kl            | 0.010872585 |
|    clip_fraction        | 0.116       |
|    clip_range           | 0.2         |
|    entropy_loss         | -2.09       |
|    explained_variance   | 0.72        |
|    learning_rate        | 0.0003      |
|    loss                 | 0.0801      |
|    n_updates            | 15          |
|    policy_gradient_loss | -0.0124     |
|    value_loss           | 0.238       |
-----------------------------------------
-----------------------------------------
| rollout/                |             |
|    ep_len_mean          | 251         |
|    ep_rew_mean          | 1.98        |
| time/                   |             |
|    fps                  | 534         |
|    iterations           | 5           |
|    time_elapsed         | 229         |
|    total_timesteps      | 122880      |
| train/                  |             |
|    approx_kl            | 0.010690693 |
|    clip_fraction        | 0.107       |
|    clip_range           | 0.2         |
|    entropy_loss         | -2.09       |
|    explained_variance   | 0.832       |
|    learning_rate        | 0.0003      |
|    loss                 | 0.0407      |
|    n_updates            | 20          |
|    policy_gradient_loss | -0.00988    |
|    value_loss           | 0.152       |
-----------------------------------------
-----------------------------------------
| rollout/                |             |
|    ep_len_mean          | 236         |
|    ep_rew_mean          | 6.57        |
| time/                   |             |
|    fps                  | 529         |
|    iterations           | 6           |
|    time_elapsed         | 278         |
|    total_timesteps      | 147456      |
| train/                  |             |
|    approx_kl            | 0.010306367 |
|    clip_fraction        | 0.106       |
|    clip_range           | 0.2         |
|    entropy_loss         | -2.06       |
|    explained_variance   | 0.843       |
|    learning_rate        | 0.0003      |
|    loss                 | 0.0127      |
|    n_updates            | 25          |
|    policy_gradient_loss | -0.00858    |
|    value_loss           | 0.138       |
-----------------------------------------
-----------------------------------------
| rollout/                |             |
|    ep_len_mean          | 183         |
|    ep_rew_mean          | 6.7         |
| time/                   |             |
|    fps                  | 528         |
|    iterations           | 7           |
|    time_elapsed         | 325         |
|    total_timesteps      | 172032      |
| train/                  |             |
|    approx_kl            | 0.009465997 |
|    clip_fraction        | 0.0925      |
|    clip_range           | 0.2         |
|    entropy_loss         | -2.04       |
|    explained_variance   | 0.832       |
|    learning_rate        | 0.0003      |
|    loss                 | 0.0285      |
|    n_updates            | 30          |
|    policy_gradient_loss | -0.00747    |
|    value_loss           | 0.137       |
-----------------------------------------
-----------------------------------------
| rollout/                |             |
|    ep_len_mean          | 192         |
|    ep_rew_mean          | 9.21        |
| time/                   |             |
|    fps                  | 526         |
|    iterations           | 8           |
|    time_elapsed         | 373         |
|    total_timesteps      | 196608      |
| train/                  |             |
|    approx_kl            | 0.008741255 |
|    clip_fraction        | 0.0835      |
|    clip_range           | 0.2         |
|    entropy_loss         | -1.97       |
|    explained_variance   | 0.83        |
|    learning_rate        | 0.0003      |
|    loss                 | 0.0168      |
|    n_updates            | 35          |
|    policy_gradient_loss | -0.00659    |
|    value_loss           | 0.103       |
-----------------------------------------
----------------------------------------
| rollout/                |            |
|    ep_len_mean          | 187        |
|    ep_rew_mean          | 11.3       |
| time/                   |            |
|    fps                  | 524        |
|    iterations           | 9          |
|    time_elapsed         | 422        |
|    total_timesteps      | 221184     |
| train/                  |            |
|    approx_kl            | 0.00822968 |
|    clip_fraction        | 0.0835     |
|    clip_range           | 0.2        |
|    entropy_loss         | -1.96      |
|    explained_variance   | 0.855      |
|    learning_rate        | 0.0003     |
|    loss                 | 0.0166     |
|    n_updates            | 40         |
|    policy_gradient_loss | -0.00645   |
|    value_loss           | 0.0939     |
----------------------------------------
-----------------------------------------
| rollout/                |             |
|    ep_len_mean          | 193         |
|    ep_rew_mean          | 12.5        |
| time/                   |             |
|    fps                  | 522         |
|    iterations           | 10          |
|    time_elapsed         | 470         |
|    total_timesteps      | 245760      |
| train/                  |             |
|    approx_kl            | 0.008531666 |
|    clip_fraction        | 0.0944      |
|    clip_range           | 0.2         |
|    entropy_loss         | -1.93       |
|    explained_variance   | 0.827       |
|    learning_rate        | 0.0003      |
|    loss                 | 0.0294      |
|    n_updates            | 45          |
|    policy_gradient_loss | -0.007      |
|    value_loss           | 0.0872      |
-----------------------------------------
-----------------------------------------
| rollout/                |             |
|    ep_len_mean          | 181         |
|    ep_rew_mean          | 16.9        |
| time/                   |             |
|    fps                  | 522         |
|    iterations           | 11          |
|    time_elapsed         | 517         |
|    total_timesteps      | 270336      |
| train/                  |             |
|    approx_kl            | 0.007958681 |
|    clip_fraction        | 0.081       |
|    clip_range           | 0.2         |
|    entropy_loss         | -1.86       |
|    explained_variance   | 0.796       |
|    learning_rate        | 0.0003      |
|    loss                 | 0.0066      |
|    n_updates            | 50          |
|    policy_gradient_loss | -0.00671    |
|    value_loss           | 0.0916      |
-----------------------------------------
-----------------------------------------
| rollout/                |             |
|    ep_len_mean          | 158         |
|    ep_rew_mean          | 13.9        |
| time/                   |             |
|    fps                  | 526         |
|    iterations           | 12          |
|    time_elapsed         | 560         |
|    total_timesteps      | 294912      |
| train/                  |             |
|    approx_kl            | 0.008196748 |
|    clip_fraction        | 0.0812      |
|    clip_range           | 0.2         |
|    entropy_loss         | -1.86       |
|    explained_variance   | 0.822       |
|    learning_rate        | 0.0003      |
|    loss                 | 0.0147      |
|    n_updates            | 55          |
|    policy_gradient_loss | -0.00639    |
|    value_loss           | 0.093       |
-----------------------------------------
-----------------------------------------
| rollout/                |             |
|    ep_len_mean          | 158         |
|    ep_rew_mean          | 18          |
| time/                   |             |
|    fps                  | 530         |
|    iterations           | 13          |
|    time_elapsed         | 602         |
|    total_timesteps      | 319488      |
| train/                  |             |
|    approx_kl            | 0.007858661 |
|    clip_fraction        | 0.0794      |
|    clip_range           | 0.2         |
|    entropy_loss         | -1.81       |
|    explained_variance   | 0.829       |
|    learning_rate        | 0.0003      |
|    loss                 | 0.0117      |
|    n_updates            | 60          |
|    policy_gradient_loss | -0.00615    |
|    value_loss           | 0.0928      |
-----------------------------------------
-----------------------------------------
| rollout/                |             |
|    ep_len_mean          | 143         |
|    ep_rew_mean          | 16.8        |
| time/                   |             |
|    fps                  | 535         |
|    iterations           | 14          |
|    time_elapsed         | 642         |
|    total_timesteps      | 344064      |
| train/                  |             |
|    approx_kl            | 0.007747914 |
|    clip_fraction        | 0.0756      |
|    clip_range           | 0.2         |
|    entropy_loss         | -1.79       |
|    explained_variance   | 0.825       |
|    learning_rate        | 0.0003      |
|    loss                 | 0.0235      |
|    n_updates            | 65          |
|    policy_gradient_loss | -0.006      |
|    value_loss           | 0.102       |
-----------------------------------------
----------------------------------------
| rollout/                |            |
|    ep_len_mean          | 141        |
|    ep_rew_mean          | 17.7       |
| time/                   |            |
|    fps                  | 539        |
|    iterations           | 15         |
|    time_elapsed         | 683        |
|    total_timesteps      | 368640     |
| train/                  |            |
|    approx_kl            | 0.00589338 |
|    clip_fraction        | 0.0488     |
|    clip_range           | 0.2        |
|    entropy_loss         | -1.77      |
|    explained_variance   | 0.782      |
|    learning_rate        | 0.0003     |
|    loss                 | 0.0429     |
|    n_updates            | 70         |
|    policy_gradient_loss | -0.00394   |
|    value_loss           | 0.116      |
----------------------------------------
-----------------------------------------
| rollout/                |             |
|    ep_len_mean          | 149         |
|    ep_rew_mean          | 19.3        |
| time/                   |             |
|    fps                  | 539         |
|    iterations           | 16          |
|    time_elapsed         | 728         |
|    total_timesteps      | 393216      |
| train/                  |             |
|    approx_kl            | 0.008130173 |
|    clip_fraction        | 0.0757      |
|    clip_range           | 0.2         |
|    entropy_loss         | -1.75       |
|    explained_variance   | 0.806       |
|    learning_rate        | 0.0003      |
|    loss                 | 0.0247      |
|    n_updates            | 75          |
|    policy_gradient_loss | -0.00673    |
|    value_loss           | 0.118       |
-----------------------------------------
-----------------------------------------
| rollout/                |             |
|    ep_len_mean          | 157         |
|    ep_rew_mean          | 23.3        |
| time/                   |             |
|    fps                  | 539         |
|    iterations           | 17          |
|    time_elapsed         | 775         |
|    total_timesteps      | 417792      |
| train/                  |             |
|    approx_kl            | 0.006854883 |
|    clip_fraction        | 0.0653      |
|    clip_range           | 0.2         |
|    entropy_loss         | -1.7        |
|    explained_variance   | 0.861       |
|    learning_rate        | 0.0003      |
|    loss                 | 0.0333      |
|    n_updates            | 80          |
|    policy_gradient_loss | -0.00537    |
|    value_loss           | 0.109       |
-----------------------------------------
-----------------------------------------
| rollout/                |             |
|    ep_len_mean          | 203         |
|    ep_rew_mean          | 15.5        |
| time/                   |             |
|    fps                  | 540         |
|    iterations           | 18          |
|    time_elapsed         | 818         |
|    total_timesteps      | 442368      |
| train/                  |             |
|    approx_kl            | 0.007096868 |
|    clip_fraction        | 0.0686      |
|    clip_range           | 0.2         |
|    entropy_loss         | -1.67       |
|    explained_variance   | 0.909       |
|    learning_rate        | 0.0003      |
|    loss                 | 0.0128      |
|    n_updates            | 85          |
|    policy_gradient_loss | -0.00556    |
|    value_loss           | 0.0922      |
-----------------------------------------
-----------------------------------------
| rollout/                |             |
|    ep_len_mean          | 172         |
|    ep_rew_mean          | 25.9        |
| time/                   |             |
|    fps                  | 542         |
|    iterations           | 19          |
|    time_elapsed         | 859         |
|    total_timesteps      | 466944      |
| train/                  |             |
|    approx_kl            | 0.006589787 |
|    clip_fraction        | 0.0638      |
|    clip_range           | 0.2         |
|    entropy_loss         | -1.66       |
|    explained_variance   | 0.912       |
|    learning_rate        | 0.0003      |
|    loss                 | 0.00427     |
|    n_updates            | 90          |
|    policy_gradient_loss | -0.00499    |
|    value_loss           | 0.0831      |
-----------------------------------------
-----------------------------------------
| rollout/                |             |
|    ep_len_mean          | 209         |
|    ep_rew_mean          | 21.9        |
| time/                   |             |
|    fps                  | 545         |
|    iterations           | 20          |
|    time_elapsed         | 901         |
|    total_timesteps      | 491520      |
| train/                  |             |
|    approx_kl            | 0.006659959 |
|    clip_fraction        | 0.059       |
|    clip_range           | 0.2         |
|    entropy_loss         | -1.66       |
|    explained_variance   | 0.928       |
|    learning_rate        | 0.0003      |
|    loss                 | 0.00977     |
|    n_updates            | 95          |
|    policy_gradient_loss | -0.00428    |
|    value_loss           | 0.0748      |
-----------------------------------------
[Checkpoint] Saved at 500000 steps > /home/runner/work/Disciples2-RL/Disciples2-RL/github_experiments/134/small/blue_dragon/seed134-small-blue_dragon-33917828654-1/checkpoints/campaign_ppo_step_500000.zip
-----------------------------------------
| rollout/                |             |
|    ep_len_mean          | 171         |
|    ep_rew_mean          | 29.7        |
| time/                   |             |
|    fps                  | 546         |
|    iterations           | 21          |
|    time_elapsed         | 943         |
|    total_timesteps      | 516096      |
| train/                  |             |
|    approx_kl            | 0.006539387 |
|    clip_fraction        | 0.0564      |
|    clip_range           | 0.2         |
|    entropy_loss         | -1.63       |
|    explained_variance   | 0.935       |
|    learning_rate        | 0.0003      |
|    loss                 | 0.0189      |
|    n_updates            | 100         |
|    policy_gradient_loss | -0.00515    |
|    value_loss           | 0.0686      |
-----------------------------------------
------------------------------------------
| rollout/                |              |
|    ep_len_mean          | 169          |
|    ep_rew_mean          | 30.5         |
| time/                   |              |
|    fps                  | 548          |
|    iterations           | 22           |
|    time_elapsed         | 986          |
|    total_timesteps      | 540672       |
| train/                  |              |
|    approx_kl            | 0.0068372465 |
|    clip_fraction        | 0.0691       |
|    clip_range           | 0.2          |
|    entropy_loss         | -1.59        |
|    explained_variance   | 0.936        |
|    learning_rate        | 0.0003       |
|    loss                 | 0.0207       |
|    n_updates            | 105          |
|    policy_gradient_loss | -0.00493     |
|    value_loss           | 0.0668       |
------------------------------------------
-----------------------------------------
| rollout/                |             |
|    ep_len_mean          | 175         |
|    ep_rew_mean          | 31.2        |
| time/                   |             |
|    fps                  | 549         |
|    iterations           | 23          |
|    time_elapsed         | 1029        |
|    total_timesteps      | 565248      |
| train/                  |             |
|    approx_kl            | 0.006080497 |
|    clip_fraction        | 0.0576      |
|    clip_range           | 0.2         |
|    entropy_loss         | -1.54       |
|    explained_variance   | 0.893       |
|    learning_rate        | 0.0003      |
|    loss                 | 0.0169      |
|    n_updates            | 110         |
|    policy_gradient_loss | -0.00439    |
|    value_loss           | 0.0896      |
-----------------------------------------
-----------------------------------------
| rollout/                |             |
|    ep_len_mean          | 251         |
|    ep_rew_mean          | 24.9        |
| time/                   |             |
|    fps                  | 550         |
|    iterations           | 24          |
|    time_elapsed         | 1070        |
|    total_timesteps      | 589824      |
| train/                  |             |
|    approx_kl            | 0.007653831 |
|    clip_fraction        | 0.0522      |
|    clip_range           | 0.2         |
|    entropy_loss         | -1.51       |
|    explained_variance   | 0.957       |
|    learning_rate        | 0.0003      |
|    loss                 | 0.0111      |
|    n_updates            | 115         |
|    policy_gradient_loss | -0.00515    |
|    value_loss           | 0.0613      |
-----------------------------------------
------------------------------------------
| rollout/                |              |
|    ep_len_mean          | 266          |
|    ep_rew_mean          | 19.1         |
| time/                   |              |
|    fps                  | 551          |
|    iterations           | 25           |
|    time_elapsed         | 1113         |
|    total_timesteps      | 614400       |
| train/                  |              |
|    approx_kl            | 0.0064601377 |
|    clip_fraction        | 0.062        |
|    clip_range           | 0.2          |
|    entropy_loss         | -1.52        |
|    explained_variance   | 0.964        |
|    learning_rate        | 0.0003       |
|    loss                 | 0.000488     |
|    n_updates            | 120          |
|    policy_gradient_loss | -0.00493     |
|    value_loss           | 0.0549       |
------------------------------------------
-----------------------------------------
| rollout/                |             |
|    ep_len_mean          | 158         |
|    ep_rew_mean          | 28.7        |
| time/                   |             |
|    fps                  | 552         |
|    iterations           | 26          |
|    time_elapsed         | 1156        |
|    total_timesteps      | 638976      |
| train/                  |             |
|    approx_kl            | 0.006396527 |
|    clip_fraction        | 0.0596      |
|    clip_range           | 0.2         |
|    entropy_loss         | -1.56       |
|    explained_variance   | 0.972       |
|    learning_rate        | 0.0003      |
|    loss                 | 0.00729     |
|    n_updates            | 125         |
|    policy_gradient_loss | -0.00421    |
|    value_loss           | 0.0464      |
-----------------------------------------
------------------------------------------
| rollout/                |              |
|    ep_len_mean          | 314          |
|    ep_rew_mean          | 18.3         |
| time/                   |              |
|    fps                  | 553          |
|    iterations           | 27           |
|    time_elapsed         | 1198         |
|    total_timesteps      | 663552       |
| train/                  |              |
|    approx_kl            | 0.0063655586 |
|    clip_fraction        | 0.0702       |
|    clip_range           | 0.2          |
|    entropy_loss         | -1.53        |
|    explained_variance   | 0.974        |
|    learning_rate        | 0.0003       |
|    loss                 | 0.000982     |
|    n_updates            | 130          |
|    policy_gradient_loss | -0.0052      |
|    value_loss           | 0.049        |
------------------------------------------
-----------------------------------------
| rollout/                |             |
|    ep_len_mean          | 184         |
|    ep_rew_mean          | 32.8        |
| time/                   |             |
|    fps                  | 554         |
|    iterations           | 28          |
|    time_elapsed         | 1241        |
|    total_timesteps      | 688128      |
| train/                  |             |
|    approx_kl            | 0.006314995 |
|    clip_fraction        | 0.0607      |
|    clip_range           | 0.2         |
|    entropy_loss         | -1.52       |
|    explained_variance   | 0.966       |
|    learning_rate        | 0.0003      |
|    loss                 | 0.00291     |
|    n_updates            | 135         |
|    policy_gradient_loss | -0.00512    |
|    value_loss           | 0.0518      |
-----------------------------------------
-----------------------------------------
| rollout/                |             |
|    ep_len_mean          | 172         |
|    ep_rew_mean          | 33.5        |
| time/                   |             |
|    fps                  | 553         |
|    iterations           | 29          |
|    time_elapsed         | 1286        |
|    total_timesteps      | 712704      |
| train/                  |             |
|    approx_kl            | 0.006711854 |
|    clip_fraction        | 0.0637      |
|    clip_range           | 0.2         |
|    entropy_loss         | -1.5        |
|    explained_variance   | 0.945       |
|    learning_rate        | 0.0003      |
|    loss                 | 0.0149      |
|    n_updates            | 140         |
|    policy_gradient_loss | -0.00437    |
|    value_loss           | 0.0509      |
-----------------------------------------
-----------------------------------------
| rollout/                |             |
|    ep_len_mean          | 269         |
|    ep_rew_mean          | 21.7        |
| time/                   |             |
|    fps                  | 553         |
|    iterations           | 30          |
|    time_elapsed         | 1332        |
|    total_timesteps      | 737280      |
| train/                  |             |
|    approx_kl            | 0.005875632 |
|    clip_fraction        | 0.0524      |
|    clip_range           | 0.2         |
|    entropy_loss         | -1.5        |
|    explained_variance   | 0.969       |
|    learning_rate        | 0.0003      |
|    loss                 | -0.000942   |
|    n_updates            | 145         |
|    policy_gradient_loss | -0.00324    |
|    value_loss           | 0.0468      |
-----------------------------------------
-----------------------------------------
| rollout/                |             |
|    ep_len_mean          | 274         |
|    ep_rew_mean          | 28.2        |
| time/                   |             |
|    fps                  | 553         |
|    iterations           | 31          |
|    time_elapsed         | 1377        |
|    total_timesteps      | 761856      |
| train/                  |             |
|    approx_kl            | 0.006102637 |
|    clip_fraction        | 0.0552      |
|    clip_range           | 0.2         |
|    entropy_loss         | -1.5        |
|    explained_variance   | 0.979       |
|    learning_rate        | 0.0003      |
|    loss                 | -0.00617    |
|    n_updates            | 150         |
|    policy_gradient_loss | -0.00486    |
|    value_loss           | 0.0338      |
-----------------------------------------
------------------------------------------
| rollout/                |              |
|    ep_len_mean          | 271          |
|    ep_rew_mean          | 28.7         |
| time/                   |              |
|    fps                  | 553          |
|    iterations           | 32           |
|    time_elapsed         | 1420         |
|    total_timesteps      | 786432       |
| train/                  |              |
|    approx_kl            | 0.0060220957 |
|    clip_fraction        | 0.0582       |
|    clip_range           | 0.2          |
|    entropy_loss         | -1.45        |
|    explained_variance   | 0.978        |
|    learning_rate        | 0.0003       |
|    loss                 | -0.0104      |
|    n_updates            | 155          |
|    policy_gradient_loss | -0.00416     |
|    value_loss           | 0.0349       |
------------------------------------------
-----------------------------------------
| rollout/                |             |
|    ep_len_mean          | 456         |
|    ep_rew_mean          | 5.93        |
| time/                   |             |
|    fps                  | 554         |
|    iterations           | 33          |
|    time_elapsed         | 1463        |
|    total_timesteps      | 811008      |
| train/                  |             |
|    approx_kl            | 0.006719167 |
|    clip_fraction        | 0.0697      |
|    clip_range           | 0.2         |
|    entropy_loss         | -1.48       |
|    explained_variance   | 0.989       |
|    learning_rate        | 0.0003      |
|    loss                 | -0.00613    |
|    n_updates            | 160         |
|    policy_gradient_loss | -0.0044     |
|    value_loss           | 0.0173      |
-----------------------------------------
-----------------------------------------
| rollout/                |             |
|    ep_len_mean          | 446         |
|    ep_rew_mean          | 10.2        |
| time/                   |             |
|    fps                  | 554         |
|    iterations           | 34          |
|    time_elapsed         | 1506        |
|    total_timesteps      | 835584      |
| train/                  |             |
|    approx_kl            | 0.006084436 |
|    clip_fraction        | 0.0533      |
|    clip_range           | 0.2         |
|    entropy_loss         | -1.51       |
|    explained_variance   | 0.987       |
|    learning_rate        | 0.0003      |
|    loss                 | -0.0131     |
|    n_updates            | 165         |
|    policy_gradient_loss | -0.00361    |
|    value_loss           | 0.0186      |
-----------------------------------------
-----------------------------------------
| rollout/                |             |
|    ep_len_mean          | 318         |
|    ep_rew_mean          | 28.2        |
| time/                   |             |
|    fps                  | 553         |
|    iterations           | 35          |
|    time_elapsed         | 1552        |
|    total_timesteps      | 860160      |
| train/                  |             |
|    approx_kl            | 0.006806437 |
|    clip_fraction        | 0.0551      |
|    clip_range           | 0.2         |
|    entropy_loss         | -1.49       |
|    explained_variance   | 0.983       |
|    learning_rate        | 0.0003      |
|    loss                 | -0.000272   |
|    n_updates            | 170         |
|    policy_gradient_loss | -0.00403    |
|    value_loss           | 0.0261      |
-----------------------------------------
------------------------------------------
| rollout/                |              |
|    ep_len_mean          | 268          |
|    ep_rew_mean          | 32.5         |
| time/                   |              |
|    fps                  | 553          |
|    iterations           | 36           |
|    time_elapsed         | 1599         |
|    total_timesteps      | 884736       |
| train/                  |              |
|    approx_kl            | 0.0068447497 |
|    clip_fraction        | 0.0624       |
|    clip_range           | 0.2          |
|    entropy_loss         | -1.44        |
|    explained_variance   | 0.974        |
|    learning_rate        | 0.0003       |
|    loss                 | -0.00935     |
|    n_updates            | 175          |
|    policy_gradient_loss | -0.00459     |
|    value_loss           | 0.0318       |
------------------------------------------
-----------------------------------------
| rollout/                |             |
|    ep_len_mean          | 314         |
|    ep_rew_mean          | 28.6        |
| time/                   |             |
|    fps                  | 552         |
|    iterations           | 37          |
|    time_elapsed         | 1646        |
|    total_timesteps      | 909312      |
| train/                  |             |
|    approx_kl            | 0.007340521 |
|    clip_fraction        | 0.0668      |
|    clip_range           | 0.2         |
|    entropy_loss         | -1.45       |
|    explained_variance   | 0.979       |
|    learning_rate        | 0.0003      |
|    loss                 | -0.00919    |
|    n_updates            | 180         |
|    policy_gradient_loss | -0.00425    |
|    value_loss           | 0.0265      |
-----------------------------------------
------------------------------------------
| rollout/                |              |
|    ep_len_mean          | 555          |
|    ep_rew_mean          | 3.11         |
| time/                   |              |
|    fps                  | 552          |
|    iterations           | 38           |
|    time_elapsed         | 1691         |
|    total_timesteps      | 933888       |
| train/                  |              |
|    approx_kl            | 0.0070929783 |
|    clip_fraction        | 0.078        |
|    clip_range           | 0.2          |
|    entropy_loss         | -1.61        |
|    explained_variance   | 0.984        |
|    learning_rate        | 0.0003       |
|    loss                 | -0.028       |
|    n_updates            | 185          |
|    policy_gradient_loss | -0.00381     |
|    value_loss           | 0.012        |
------------------------------------------
------------------------------------------
| rollout/                |              |
|    ep_len_mean          | 448          |
|    ep_rew_mean          | 15.5         |
| time/                   |              |
|    fps                  | 551          |
|    iterations           | 39           |
|    time_elapsed         | 1736         |
|    total_timesteps      | 958464       |
| train/                  |              |
|    approx_kl            | 0.0071522095 |
|    clip_fraction        | 0.0854       |
|    clip_range           | 0.2          |
|    entropy_loss         | -1.57        |
|    explained_variance   | 0.985        |
|    learning_rate        | 0.0003       |
|    loss                 | -0.00806     |
|    n_updates            | 190          |
|    policy_gradient_loss | -0.00523     |
|    value_loss           | 0.0226       |
------------------------------------------
------------------------------------------
| rollout/                |              |
|    ep_len_mean          | 239          |
|    ep_rew_mean          | 42.6         |
| time/                   |              |
|    fps                  | 551          |
|    iterations           | 40           |
|    time_elapsed         | 1782         |
|    total_timesteps      | 983040       |
| train/                  |              |
|    approx_kl            | 0.0068727615 |
|    clip_fraction        | 0.0806       |
|    clip_range           | 0.2          |
|    entropy_loss         | -1.46        |
|    explained_variance   | 0.975        |
|    learning_rate        | 0.0003       |
|    loss                 | -0.00877     |
|    n_updates            | 195          |
|    policy_gradient_loss | -0.00539     |
|    value_loss           | 0.0267       |
------------------------------------------
[Checkpoint] Saved at 1000000 steps > /home/runner/work/Disciples2-RL/Disciples2-RL/github_experiments/134/small/blue_dragon/seed134-small-blue_dragon-33917828654-1/checkpoints/campaign_ppo_step_1000000.zip
Eval num_timesteps=1000008, det_reward=-210.98 +/- 220.36
Episode length: det=3014.95 +/- 2084.11
Victory rate: det=0.00%
--------------------------------------------------
| eval/                           |              |
|    deterministic_mean_ep_length | 3.01e+03     |
|    deterministic_mean_reward    | -211         |
|    deterministic_victory_rate   | 0            |
|    mean_ep_length               | 3.01e+03     |
|    mean_reward                  | -211         |
|    victory_rate                 | 0            |
| time/                           |              |
|    total_timesteps              | 1000008      |
| train/                          |              |
|    approx_kl                    | 0.0076941676 |
|    clip_fraction                | 0.0964       |
|    clip_range                   | 0.2          |
|    entropy_loss                 | -1.61        |
|    explained_variance           | 0.983        |
|    learning_rate                | 0.0003       |
|    loss                         | -0.0189      |
|    n_updates                    | 200          |
|    policy_gradient_loss         | -0.00534     |
|    value_loss                   | 0.0196       |
--------------------------------------------------
New best model by deterministic victory rate!
---------------------------------
| rollout/           |          |
|    ep_len_mean     | 484      |
|    ep_rew_mean     | 29       |
| time/              |          |
|    fps             | 506      |
|    iterations      | 41       |
|    time_elapsed    | 1990     |
|    total_timesteps | 1007616  |
---------------------------------
VecNormalize stats saved: /home/runner/work/Disciples2-RL/Disciples2-RL/github_experiments/134/small/blue_dragon/seed134-small-blue_dragon-33917828654-1/models/vecnormalize.pkl

Финальная модель сохранена: /home/runner/work/Disciples2-RL/Disciples2-RL/github_experiments/134/small/blue_dragon/seed134-small-blue_dragon-33917828654-1/models/final_model.zip

============================================================
ИТОГИ ОБУЧЕНИЯ:
  Побед: 1
  Поражений: 4630
  Таймаутов: 24
  Побед бота столицы над врагами: 0
  Перестановок юнитов: 206195
  Терминальные поражения по противникам:
    enemy_15: 639 — Отряд: 2 привидения спереди, вампир сзади
    enemy_29: 546 — Отряд: 3 скваера на передней линии
    enemy_31: 534 — Отряд: зеленый дракон
    enemy_7: 428 — Отряд: воин + привидение спереди, колдун + призрак + привидение сзади
    enemy_25: 384 — Отряд: копейщик спереди и служка сзади
    enemy_34: 355 — Отряд Порта Полонис: Воин спереди, Колдун, Нигош (Носферату) и Привидение сзади
    enemy_23: 349 — Отряд: волк на передней линии
    enemy_74: 267 — Руины (43, 34): Лорд Тьмы, Лич
    enemy_61: 223 — Отряд: Зомби, Призрак
    enemy_17: 170 — Отряд: воин спереди, 2 призрака и привидение сзади
    enemy_27: 168 — Отряд: скваер в центре и 2 крестьянина на передней линии
    enemy_65: 141 — Отряд: Кентавр копейщик, Рейнджер
    enemy_21: 103 — Отряд: зомби спереди, привидение сзади
    enemy_3: 86 — Отряд: орк чемпион на передней линии
    enemy_9: 51 — Отряд: тамплиер спереди, колдун и призрак сзади
    enemy_19: 46 — Отряд: зомби спереди, привидение сзади
    enemy_5: 27 — Отряд: орк чемпион на передней линии
    enemy_11: 18 — Отряд: оборотень спереди и тень сзади
    enemy_63: 14 — Отряд: Разбойник
    enemy_59: 14 — Отряд: Зомби
    enemy_35: 11 — Отряд Соругириллы: Унфегра (Королева личей), Виверна
    enemy_57: 11 — Отряд: Призрак, Привидение, Воин
    enemy_75: 10 — Страж столицы Империи: Мизраэль
    enemy_47: 8 — Отряд: Призрак, Привидение, Привидение, Воин
    enemy_68: 6 — Внутренний гарнизон Порта Полонис: Зомби, Воин
    enemy_13: 5 — Отряд: 2 зомби спереди и привидение сзади
    enemy_70: 4 — Руины (15, 9): Орк, Гоблин, Гоблин
    enemy_39: 3 — Отряд: Волк, Варвар
    enemy_69: 3 — Внутренний гарнизон Соругириллы: Зомби, Воин
    enemy_49: 2 — Отряд: Гном
    enemy_43: 2 — Отряд: Призрак, Тамплиер
    enemy_1: 1 — Отряд: волк на передней линии
    enemy_41: 1 — Отряд: Гном, Метатель топоров
  Winrate: 0.0%
============================================================
  График призывов за эпизод: /home/runner/work/Disciples2-RL/Disciples2-RL/github_experiments/134/small/blue_dragon/seed134-small-blue_dragon-33917828654-1/plots/campaign_summoned_units_per_episode.png
  График призывов за всё обучение: /home/runner/work/Disciples2-RL/Disciples2-RL/github_experiments/134/small/blue_dragon/seed134-small-blue_dragon-33917828654-1/plots/campaign_summoned_units_cumulative.png
  График найма за эпизод: /home/runner/work/Disciples2-RL/Disciples2-RL/github_experiments/134/small/blue_dragon/seed134-small-blue_dragon-33917828654-1/plots/campaign_hired_units_per_episode.png
  График найма за всё обучение: /home/runner/work/Disciples2-RL/Disciples2-RL/github_experiments/134/small/blue_dragon/seed134-small-blue_dragon-33917828654-1/plots/campaign_hired_units_cumulative.png
  График перестановок юнитов за эпизод: /home/runner/work/Disciples2-RL/Disciples2-RL/github_experiments/134/small/blue_dragon/seed134-small-blue_dragon-33917828654-1/plots/campaign_unit_swaps_per_episode.png
  График боевых предметов: /home/runner/work/Disciples2-RL/Disciples2-RL/github_experiments/134/small/blue_dragon/seed134-small-blue_dragon-33917828654-1/plots/campaign_battle_item_activity.png
  График побед бота столицы за эпизод: /home/runner/work/Disciples2-RL/Disciples2-RL/github_experiments/134/small/blue_dragon/seed134-small-blue_dragon-33917828654-1/plots/campaign_scripted_bot_victories_per_episode.png
  График применения заклинаний: /home/runner/work/Disciples2-RL/Disciples2-RL/github_experiments/134/small/blue_dragon/seed134-small-blue_dragon-33917828654-1/plots/campaign_spell_cast_activity.png
