Проверка среды CampaignEnv...
Среда прошла проверку!
[INFO] Comet disabled, running without experiment tracking
Создание 12 параллельных сред (subproc)...
Инициализация MaskablePPO...
Using cpu device

============================================================
Запуск обучения Campaign Agent
Всего шагов: 1,000,000
Параллельных сред: 12
VecEnv: subproc
VecEnv start method: forkserver
Seed: 128
Checkpoint каждые: 500,000 шагов
Evaluation каждые: 83,334 шагов
Eval deterministic эпизодов: 20
Eval stochastic эпизодов: 0
Eval лимит шагов на эпизод: 5000
Campaign map: magic_train
Campaign objective: all_enemies
System resources at training start:
  Platform: Linux 6.17.0-1022-azure (x86_64)
  Python: 3.14.7
  PyTorch: 2.13.0+cpu
  Training device: cpu
  CPU model: AMD EPYC 9V74 80-Core Processor
  CPU vendor: AuthenticAMD
  Logical CPUs visible: 4
  Process CPU affinity: 4
  Sockets: 1
  Cores per socket: 2
  Threads per core: 2
  CPU max MHz: unknown
  CPU min MHz: unknown
  L1d cache: 64 KiB (2 instances)
  L1i cache: 64 KiB (2 instances)
  L2 cache: 2 MiB (2 instances)
  L3 cache: 32 MiB (1 instance)
  Virtualization: AMD-V
  Hypervisor: Microsoft
  RAM total: 15.61 GiB
  RAM available at start: 13.97 GiB
  Disk total: 144.26 GiB
  Disk free at start: 79.65 GiB
  Torch intra-op threads: 4
  Torch inter-op threads: 2
  OMP_NUM_THREADS: 4
  MKL_NUM_THREADS: 4
  OPENBLAS_NUM_THREADS: 4
  GitHub runner OS: Linux
  GitHub runner architecture: X64
  GitHub runner environment: github-hosted
PPO n_steps: 2,048
PPO batch_size: 512
PPO n_epochs: 5
PPO learning_rate: 0.0003
PPO clip_range: 0.2
PPO ent_coef: 0.01
PPO gamma: 0.995
PPO gae_lambda: 0.95
PPO target_kl: disabled
PPO gradient batches per rollout: 240
VecCheckNan: disabled
Freeze action layout: enabled
Empire territory: enabled
Torch threads per process: 4
Diagnostics: disabled
Wall-clock training limit: disabled
Run ID: seed128-magic_train-all_enemies-32017798919-1
============================================================

Logging to /home/runner/work/Disciples2-RL/Disciples2-RL/github_experiments/128/magic_train/all_enemies/seed128-magic_train-all_enemies-32017798919-1/tensorboard/MaskablePPO_1
------------------------------
| time/              |       |
|    fps             | 523   |
|    iterations      | 1     |
|    time_elapsed    | 46    |
|    total_timesteps | 24576 |
------------------------------
-----------------------------------------
| time/                   |             |
|    fps                  | 505         |
|    iterations           | 2           |
|    time_elapsed         | 97          |
|    total_timesteps      | 49152       |
| train/                  |             |
|    approx_kl            | 0.008872877 |
|    clip_fraction        | 0.0482      |
|    clip_range           | 0.2         |
|    entropy_loss         | -2.3        |
|    explained_variance   | 0.114       |
|    learning_rate        | 0.0003      |
|    loss                 | 0.019       |
|    n_updates            | 5           |
|    policy_gradient_loss | -0.00457    |
|    value_loss           | 0.097       |
-----------------------------------------
----------------------------------------
| rollout/                |            |
|    ep_len_mean          | 4.18e+03   |
|    ep_rew_mean          | -110       |
| time/                   |            |
|    fps                  | 498        |
|    iterations           | 3          |
|    time_elapsed         | 147        |
|    total_timesteps      | 73728      |
| train/                  |            |
|    approx_kl            | 0.01054949 |
|    clip_fraction        | 0.104      |
|    clip_range           | 0.2        |
|    entropy_loss         | -2.23      |
|    explained_variance   | -0.188     |
|    learning_rate        | 0.0003     |
|    loss                 | -0.0235    |
|    n_updates            | 10         |
|    policy_gradient_loss | -0.00797   |
|    value_loss           | 0.011      |
----------------------------------------
-----------------------------------------
| rollout/                |             |
|    ep_len_mean          | 4.18e+03    |
|    ep_rew_mean          | -110        |
| time/                   |             |
|    fps                  | 496         |
|    iterations           | 4           |
|    time_elapsed         | 197         |
|    total_timesteps      | 98304       |
| train/                  |             |
|    approx_kl            | 0.006845744 |
|    clip_fraction        | 0.0489      |
|    clip_range           | 0.2         |
|    entropy_loss         | -2.29       |
|    explained_variance   | 0.802       |
|    learning_rate        | 0.0003      |
|    loss                 | -0.0234     |
|    n_updates            | 15          |
|    policy_gradient_loss | -0.00527    |
|    value_loss           | 0.0186      |
-----------------------------------------
-----------------------------------------
| rollout/                |             |
|    ep_len_mean          | 4.17e+03    |
|    ep_rew_mean          | -108        |
| time/                   |             |
|    fps                  | 496         |
|    iterations           | 5           |
|    time_elapsed         | 247         |
|    total_timesteps      | 122880      |
| train/                  |             |
|    approx_kl            | 0.009118211 |
|    clip_fraction        | 0.052       |
|    clip_range           | 0.2         |
|    entropy_loss         | -2.22       |
|    explained_variance   | 0.617       |
|    learning_rate        | 0.0003      |
|    loss                 | -0.0243     |
|    n_updates            | 20          |
|    policy_gradient_loss | -0.00358    |
|    value_loss           | 0.0106      |
-----------------------------------------
-----------------------------------------
| rollout/                |             |
|    ep_len_mean          | 4.17e+03    |
|    ep_rew_mean          | -108        |
| time/                   |             |
|    fps                  | 495         |
|    iterations           | 6           |
|    time_elapsed         | 297         |
|    total_timesteps      | 147456      |
| train/                  |             |
|    approx_kl            | 0.008931942 |
|    clip_fraction        | 0.0604      |
|    clip_range           | 0.2         |
|    entropy_loss         | -2.28       |
|    explained_variance   | 0.889       |
|    learning_rate        | 0.0003      |
|    loss                 | -0.0334     |
|    n_updates            | 25          |
|    policy_gradient_loss | -0.00648    |
|    value_loss           | 0.0179      |
-----------------------------------------
-----------------------------------------
| rollout/                |             |
|    ep_len_mean          | 4.16e+03    |
|    ep_rew_mean          | -113        |
| time/                   |             |
|    fps                  | 494         |
|    iterations           | 7           |
|    time_elapsed         | 347         |
|    total_timesteps      | 172032      |
| train/                  |             |
|    approx_kl            | 0.010276142 |
|    clip_fraction        | 0.0606      |
|    clip_range           | 0.2         |
|    entropy_loss         | -2.18       |
|    explained_variance   | 0.875       |
|    learning_rate        | 0.0003      |
|    loss                 | -0.0234     |
|    n_updates            | 30          |
|    policy_gradient_loss | -0.00466    |
|    value_loss           | 0.0054      |
-----------------------------------------
----------------------------------------
| rollout/                |            |
|    ep_len_mean          | 4.16e+03   |
|    ep_rew_mean          | -113       |
| time/                   |            |
|    fps                  | 493        |
|    iterations           | 8          |
|    time_elapsed         | 398        |
|    total_timesteps      | 196608     |
| train/                  |            |
|    approx_kl            | 0.00847874 |
|    clip_fraction        | 0.0493     |
|    clip_range           | 0.2        |
|    entropy_loss         | -2.28      |
|    explained_variance   | 0.923      |
|    learning_rate        | 0.0003     |
|    loss                 | -0.0159    |
|    n_updates            | 35         |
|    policy_gradient_loss | -0.00481   |
|    value_loss           | 0.0211     |
----------------------------------------
-----------------------------------------
| rollout/                |             |
|    ep_len_mean          | 4.16e+03    |
|    ep_rew_mean          | -108        |
| time/                   |             |
|    fps                  | 492         |
|    iterations           | 9           |
|    time_elapsed         | 448         |
|    total_timesteps      | 221184      |
| train/                  |             |
|    approx_kl            | 0.008944846 |
|    clip_fraction        | 0.0775      |
|    clip_range           | 0.2         |
|    entropy_loss         | -2.19       |
|    explained_variance   | 0.835       |
|    learning_rate        | 0.0003      |
|    loss                 | -0.0207     |
|    n_updates            | 40          |
|    policy_gradient_loss | -0.00477    |
|    value_loss           | 0.0119      |
-----------------------------------------
-----------------------------------------
| rollout/                |             |
|    ep_len_mean          | 4.16e+03    |
|    ep_rew_mean          | -108        |
| time/                   |             |
|    fps                  | 491         |
|    iterations           | 10          |
|    time_elapsed         | 500         |
|    total_timesteps      | 245760      |
| train/                  |             |
|    approx_kl            | 0.009432117 |
|    clip_fraction        | 0.0688      |
|    clip_range           | 0.2         |
|    entropy_loss         | -2.28       |
|    explained_variance   | 0.946       |
|    learning_rate        | 0.0003      |
|    loss                 | -0.0138     |
|    n_updates            | 45          |
|    policy_gradient_loss | -0.00723    |
|    value_loss           | 0.0169      |
-----------------------------------------
-----------------------------------------
| rollout/                |             |
|    ep_len_mean          | 4.16e+03    |
|    ep_rew_mean          | -103        |
| time/                   |             |
|    fps                  | 491         |
|    iterations           | 11          |
|    time_elapsed         | 549         |
|    total_timesteps      | 270336      |
| train/                  |             |
|    approx_kl            | 0.007871676 |
|    clip_fraction        | 0.0601      |
|    clip_range           | 0.2         |
|    entropy_loss         | -2.19       |
|    explained_variance   | 0.909       |
|    learning_rate        | 0.0003      |
|    loss                 | -0.0184     |
|    n_updates            | 50          |
|    policy_gradient_loss | -0.00329    |
|    value_loss           | 0.00826     |
-----------------------------------------
-----------------------------------------
| rollout/                |             |
|    ep_len_mean          | 4.16e+03    |
|    ep_rew_mean          | -103        |
| time/                   |             |
|    fps                  | 491         |
|    iterations           | 12          |
|    time_elapsed         | 599         |
|    total_timesteps      | 294912      |
| train/                  |             |
|    approx_kl            | 0.014902405 |
|    clip_fraction        | 0.103       |
|    clip_range           | 0.2         |
|    entropy_loss         | -2.23       |
|    explained_variance   | 0.943       |
|    learning_rate        | 0.0003      |
|    loss                 | -0.0123     |
|    n_updates            | 55          |
|    policy_gradient_loss | -0.00894    |
|    value_loss           | 0.0209      |
-----------------------------------------
-----------------------------------------
| rollout/                |             |
|    ep_len_mean          | 4.15e+03    |
|    ep_rew_mean          | -101        |
| time/                   |             |
|    fps                  | 491         |
|    iterations           | 13          |
|    time_elapsed         | 649         |
|    total_timesteps      | 319488      |
| train/                  |             |
|    approx_kl            | 0.014057051 |
|    clip_fraction        | 0.13        |
|    clip_range           | 0.2         |
|    entropy_loss         | -2.16       |
|    explained_variance   | 0.881       |
|    learning_rate        | 0.0003      |
|    loss                 | -0.0297     |
|    n_updates            | 60          |
|    policy_gradient_loss | -0.00672    |
|    value_loss           | 0.00615     |
-----------------------------------------
-----------------------------------------
| rollout/                |             |
|    ep_len_mean          | 4.13e+03    |
|    ep_rew_mean          | -100        |
| time/                   |             |
|    fps                  | 490         |
|    iterations           | 14          |
|    time_elapsed         | 701         |
|    total_timesteps      | 344064      |
| train/                  |             |
|    approx_kl            | 0.011427718 |
|    clip_fraction        | 0.0825      |
|    clip_range           | 0.2         |
|    entropy_loss         | -2.24       |
|    explained_variance   | 0.924       |
|    learning_rate        | 0.0003      |
|    loss                 | -0.0272     |
|    n_updates            | 65          |
|    policy_gradient_loss | -0.00623    |
|    value_loss           | 0.0267      |
-----------------------------------------
-----------------------------------------
| rollout/                |             |
|    ep_len_mean          | 4.12e+03    |
|    ep_rew_mean          | -98.6       |
| time/                   |             |
|    fps                  | 491         |
|    iterations           | 15          |
|    time_elapsed         | 750         |
|    total_timesteps      | 368640      |
| train/                  |             |
|    approx_kl            | 0.013365187 |
|    clip_fraction        | 0.11        |
|    clip_range           | 0.2         |
|    entropy_loss         | -2.15       |
|    explained_variance   | 0.889       |
|    learning_rate        | 0.0003      |
|    loss                 | -0.0347     |
|    n_updates            | 70          |
|    policy_gradient_loss | -0.00679    |
|    value_loss           | 0.0117      |
-----------------------------------------
-----------------------------------------
| rollout/                |             |
|    ep_len_mean          | 4.12e+03    |
|    ep_rew_mean          | -98.6       |
| time/                   |             |
|    fps                  | 490         |
|    iterations           | 16          |
|    time_elapsed         | 801         |
|    total_timesteps      | 393216      |
| train/                  |             |
|    approx_kl            | 0.010551398 |
|    clip_fraction        | 0.0887      |
|    clip_range           | 0.2         |
|    entropy_loss         | -2.21       |
|    explained_variance   | 0.944       |
|    learning_rate        | 0.0003      |
|    loss                 | -0.0189     |
|    n_updates            | 75          |
|    policy_gradient_loss | -0.00665    |
|    value_loss           | 0.0174      |
-----------------------------------------
-----------------------------------------
| rollout/                |             |
|    ep_len_mean          | 4.12e+03    |
|    ep_rew_mean          | -98.5       |
| time/                   |             |
|    fps                  | 490         |
|    iterations           | 17          |
|    time_elapsed         | 851         |
|    total_timesteps      | 417792      |
| train/                  |             |
|    approx_kl            | 0.010203141 |
|    clip_fraction        | 0.092       |
|    clip_range           | 0.2         |
|    entropy_loss         | -2.1        |
|    explained_variance   | 0.956       |
|    learning_rate        | 0.0003      |
|    loss                 | -0.0325     |
|    n_updates            | 80          |
|    policy_gradient_loss | -0.00736    |
|    value_loss           | 0.00496     |
-----------------------------------------
-----------------------------------------
| rollout/                |             |
|    ep_len_mean          | 4.12e+03    |
|    ep_rew_mean          | -98.2       |
| time/                   |             |
|    fps                  | 490         |
|    iterations           | 18          |
|    time_elapsed         | 901         |
|    total_timesteps      | 442368      |
| train/                  |             |
|    approx_kl            | 0.008400981 |
|    clip_fraction        | 0.0604      |
|    clip_range           | 0.2         |
|    entropy_loss         | -2.21       |
|    explained_variance   | 0.963       |
|    learning_rate        | 0.0003      |
|    loss                 | -0.0226     |
|    n_updates            | 85          |
|    policy_gradient_loss | -0.00534    |
|    value_loss           | 0.0136      |
-----------------------------------------
-----------------------------------------
| rollout/                |             |
|    ep_len_mean          | 4.11e+03    |
|    ep_rew_mean          | -94.7       |
| time/                   |             |
|    fps                  | 491         |
|    iterations           | 19          |
|    time_elapsed         | 950         |
|    total_timesteps      | 466944      |
| train/                  |             |
|    approx_kl            | 0.009360686 |
|    clip_fraction        | 0.0868      |
|    clip_range           | 0.2         |
|    entropy_loss         | -2.09       |
|    explained_variance   | 0.958       |
|    learning_rate        | 0.0003      |
|    loss                 | -0.0267     |
|    n_updates            | 90          |
|    policy_gradient_loss | -0.00562    |
|    value_loss           | 0.00484     |
-----------------------------------------
-----------------------------------------
| rollout/                |             |
|    ep_len_mean          | 4.11e+03    |
|    ep_rew_mean          | -94.4       |
| time/                   |             |
|    fps                  | 491         |
|    iterations           | 20          |
|    time_elapsed         | 999         |
|    total_timesteps      | 491520      |
| train/                  |             |
|    approx_kl            | 0.009659824 |
|    clip_fraction        | 0.0822      |
|    clip_range           | 0.2         |
|    entropy_loss         | -2.2        |
|    explained_variance   | 0.969       |
|    learning_rate        | 0.0003      |
|    loss                 | -0.0305     |
|    n_updates            | 95          |
|    policy_gradient_loss | -0.00588    |
|    value_loss           | 0.0145      |
-----------------------------------------
[Checkpoint] Saved at 500000 steps > /home/runner/work/Disciples2-RL/Disciples2-RL/github_experiments/128/magic_train/all_enemies/seed128-magic_train-all_enemies-32017798919-1/checkpoints/campaign_ppo_step_500000.zip
-----------------------------------------
| rollout/                |             |
|    ep_len_mean          | 4.1e+03     |
|    ep_rew_mean          | -91.9       |
| time/                   |             |
|    fps                  | 492         |
|    iterations           | 21          |
|    time_elapsed         | 1048        |
|    total_timesteps      | 516096      |
| train/                  |             |
|    approx_kl            | 0.010792896 |
|    clip_fraction        | 0.109       |
|    clip_range           | 0.2         |
|    entropy_loss         | -2.11       |
|    explained_variance   | 0.965       |
|    learning_rate        | 0.0003      |
|    loss                 | -0.031      |
|    n_updates            | 100         |
|    policy_gradient_loss | -0.00808    |
|    value_loss           | 0.0062      |
-----------------------------------------
-----------------------------------------
| rollout/                |             |
|    ep_len_mean          | 4.1e+03     |
|    ep_rew_mean          | -91.6       |
| time/                   |             |
|    fps                  | 492         |
|    iterations           | 22          |
|    time_elapsed         | 1098        |
|    total_timesteps      | 540672      |
| train/                  |             |
|    approx_kl            | 0.009053281 |
|    clip_fraction        | 0.0688      |
|    clip_range           | 0.2         |
|    entropy_loss         | -2.22       |
|    explained_variance   | 0.973       |
|    learning_rate        | 0.0003      |
|    loss                 | -0.0178     |
|    n_updates            | 105         |
|    policy_gradient_loss | -0.00548    |
|    value_loss           | 0.0144      |
-----------------------------------------
-----------------------------------------
| rollout/                |             |
|    ep_len_mean          | 4.08e+03    |
|    ep_rew_mean          | -85.8       |
| time/                   |             |
|    fps                  | 492         |
|    iterations           | 23          |
|    time_elapsed         | 1147        |
|    total_timesteps      | 565248      |
| train/                  |             |
|    approx_kl            | 0.008990991 |
|    clip_fraction        | 0.053       |
|    clip_range           | 0.2         |
|    entropy_loss         | -2.12       |
|    explained_variance   | 0.973       |
|    learning_rate        | 0.0003      |
|    loss                 | -0.0227     |
|    n_updates            | 110         |
|    policy_gradient_loss | -0.00377    |
|    value_loss           | 0.00531     |
-----------------------------------------
-----------------------------------------
| rollout/                |             |
|    ep_len_mean          | 4.08e+03    |
|    ep_rew_mean          | -85.1       |
| time/                   |             |
|    fps                  | 491         |
|    iterations           | 24          |
|    time_elapsed         | 1199        |
|    total_timesteps      | 589824      |
| train/                  |             |
|    approx_kl            | 0.009692437 |
|    clip_fraction        | 0.0809      |
|    clip_range           | 0.2         |
|    entropy_loss         | -2.2        |
|    explained_variance   | 0.979       |
|    learning_rate        | 0.0003      |
|    loss                 | -0.0245     |
|    n_updates            | 115         |
|    policy_gradient_loss | -0.00663    |
|    value_loss           | 0.0117      |
-----------------------------------------
-----------------------------------------
| rollout/                |             |
|    ep_len_mean          | 4.07e+03    |
|    ep_rew_mean          | -81.1       |
| time/                   |             |
|    fps                  | 492         |
|    iterations           | 25          |
|    time_elapsed         | 1247        |
|    total_timesteps      | 614400      |
| train/                  |             |
|    approx_kl            | 0.008753712 |
|    clip_fraction        | 0.0678      |
|    clip_range           | 0.2         |
|    entropy_loss         | -2.15       |
|    explained_variance   | 0.973       |
|    learning_rate        | 0.0003      |
|    loss                 | -0.0241     |
|    n_updates            | 120         |
|    policy_gradient_loss | -0.00465    |
|    value_loss           | 0.00483     |
-----------------------------------------
-----------------------------------------
| rollout/                |             |
|    ep_len_mean          | 4.07e+03    |
|    ep_rew_mean          | -80.8       |
| time/                   |             |
|    fps                  | 492         |
|    iterations           | 26          |
|    time_elapsed         | 1298        |
|    total_timesteps      | 638976      |
| train/                  |             |
|    approx_kl            | 0.007938634 |
|    clip_fraction        | 0.0727      |
|    clip_range           | 0.2         |
|    entropy_loss         | -2.17       |
|    explained_variance   | 0.98        |
|    learning_rate        | 0.0003      |
|    loss                 | -0.0273     |
|    n_updates            | 125         |
|    policy_gradient_loss | -0.00582    |
|    value_loss           | 0.0115      |
-----------------------------------------
-----------------------------------------
| rollout/                |             |
|    ep_len_mean          | 4.06e+03    |
|    ep_rew_mean          | -79.5       |
| time/                   |             |
|    fps                  | 492         |
|    iterations           | 27          |
|    time_elapsed         | 1346        |
|    total_timesteps      | 663552      |
| train/                  |             |
|    approx_kl            | 0.009362765 |
|    clip_fraction        | 0.0751      |
|    clip_range           | 0.2         |
|    entropy_loss         | -2.08       |
|    explained_variance   | 0.982       |
|    learning_rate        | 0.0003      |
|    loss                 | -0.0242     |
|    n_updates            | 130         |
|    policy_gradient_loss | -0.00516    |
|    value_loss           | 0.0048      |
-----------------------------------------
-----------------------------------------
| rollout/                |             |
|    ep_len_mean          | 4.05e+03    |
|    ep_rew_mean          | -78.8       |
| time/                   |             |
|    fps                  | 492         |
|    iterations           | 28          |
|    time_elapsed         | 1397        |
|    total_timesteps      | 688128      |
| train/                  |             |
|    approx_kl            | 0.009182057 |
|    clip_fraction        | 0.0676      |
|    clip_range           | 0.2         |
|    entropy_loss         | -2.18       |
|    explained_variance   | 0.979       |
|    learning_rate        | 0.0003      |
|    loss                 | -0.0276     |
|    n_updates            | 135         |
|    policy_gradient_loss | -0.00501    |
|    value_loss           | 0.0117      |
-----------------------------------------
-----------------------------------------
| rollout/                |             |
|    ep_len_mean          | 4.05e+03    |
|    ep_rew_mean          | -76.9       |
| time/                   |             |
|    fps                  | 493         |
|    iterations           | 29          |
|    time_elapsed         | 1445        |
|    total_timesteps      | 712704      |
| train/                  |             |
|    approx_kl            | 0.010981268 |
|    clip_fraction        | 0.0609      |
|    clip_range           | 0.2         |
|    entropy_loss         | -2.1        |
|    explained_variance   | 0.978       |
|    learning_rate        | 0.0003      |
|    loss                 | -0.0208     |
|    n_updates            | 140         |
|    policy_gradient_loss | -0.00376    |
|    value_loss           | 0.00786     |
-----------------------------------------
-----------------------------------------
| rollout/                |             |
|    ep_len_mean          | 4.06e+03    |
|    ep_rew_mean          | -75         |
| time/                   |             |
|    fps                  | 492         |
|    iterations           | 30          |
|    time_elapsed         | 1495        |
|    total_timesteps      | 737280      |
| train/                  |             |
|    approx_kl            | 0.009939822 |
|    clip_fraction        | 0.0867      |
|    clip_range           | 0.2         |
|    entropy_loss         | -2.18       |
|    explained_variance   | 0.985       |
|    learning_rate        | 0.0003      |
|    loss                 | -0.0295     |
|    n_updates            | 145         |
|    policy_gradient_loss | -0.00786    |
|    value_loss           | 0.00734     |
-----------------------------------------
-----------------------------------------
| rollout/                |             |
|    ep_len_mean          | 4.02e+03    |
|    ep_rew_mean          | -73.2       |
| time/                   |             |
|    fps                  | 493         |
|    iterations           | 31          |
|    time_elapsed         | 1543        |
|    total_timesteps      | 761856      |
| train/                  |             |
|    approx_kl            | 0.008522489 |
|    clip_fraction        | 0.0472      |
|    clip_range           | 0.2         |
|    entropy_loss         | -2.12       |
|    explained_variance   | 0.977       |
|    learning_rate        | 0.0003      |
|    loss                 | -0.0159     |
|    n_updates            | 150         |
|    policy_gradient_loss | -0.0025     |
|    value_loss           | 0.0161      |
-----------------------------------------
-----------------------------------------
| rollout/                |             |
|    ep_len_mean          | 4.02e+03    |
|    ep_rew_mean          | -70.9       |
| time/                   |             |
|    fps                  | 493         |
|    iterations           | 32          |
|    time_elapsed         | 1593        |
|    total_timesteps      | 786432      |
| train/                  |             |
|    approx_kl            | 0.009318684 |
|    clip_fraction        | 0.0937      |
|    clip_range           | 0.2         |
|    entropy_loss         | -2.17       |
|    explained_variance   | 0.98        |
|    learning_rate        | 0.0003      |
|    loss                 | -0.0292     |
|    n_updates            | 155         |
|    policy_gradient_loss | -0.00619    |
|    value_loss           | 0.0102      |
-----------------------------------------
-----------------------------------------
| rollout/                |             |
|    ep_len_mean          | 4.02e+03    |
|    ep_rew_mean          | -70.9       |
| time/                   |             |
|    fps                  | 494         |
|    iterations           | 33          |
|    time_elapsed         | 1640        |
|    total_timesteps      | 811008      |
| train/                  |             |
|    approx_kl            | 0.010071174 |
|    clip_fraction        | 0.0795      |
|    clip_range           | 0.2         |
|    entropy_loss         | -2.08       |
|    explained_variance   | 0.986       |
|    learning_rate        | 0.0003      |
|    loss                 | -0.0302     |
|    n_updates            | 160         |
|    policy_gradient_loss | -0.00525    |
|    value_loss           | 0.0134      |
-----------------------------------------
-----------------------------------------
| rollout/                |             |
|    ep_len_mean          | 4.01e+03    |
|    ep_rew_mean          | -68.7       |
| time/                   |             |
|    fps                  | 494         |
|    iterations           | 34          |
|    time_elapsed         | 1689        |
|    total_timesteps      | 835584      |
| train/                  |             |
|    approx_kl            | 0.008821183 |
|    clip_fraction        | 0.0662      |
|    clip_range           | 0.2         |
|    entropy_loss         | -2.19       |
|    explained_variance   | 0.989       |
|    learning_rate        | 0.0003      |
|    loss                 | -0.0282     |
|    n_updates            | 165         |
|    policy_gradient_loss | -0.00517    |
|    value_loss           | 0.0051      |
-----------------------------------------
----------------------------------------
| rollout/                |            |
|    ep_len_mean          | 4.01e+03   |
|    ep_rew_mean          | -68.5      |
| time/                   |            |
|    fps                  | 494        |
|    iterations           | 35         |
|    time_elapsed         | 1737       |
|    total_timesteps      | 860160     |
| train/                  |            |
|    approx_kl            | 0.00914492 |
|    clip_fraction        | 0.0552     |
|    clip_range           | 0.2        |
|    entropy_loss         | -2.05      |
|    explained_variance   | 0.986      |
|    learning_rate        | 0.0003     |
|    loss                 | -0.0153    |
|    n_updates            | 170        |
|    policy_gradient_loss | -0.00341   |
|    value_loss           | 0.0162     |
----------------------------------------
-----------------------------------------
| rollout/                |             |
|    ep_len_mean          | 4.01e+03    |
|    ep_rew_mean          | -67.2       |
| time/                   |             |
|    fps                  | 495         |
|    iterations           | 36          |
|    time_elapsed         | 1787        |
|    total_timesteps      | 884736      |
| train/                  |             |
|    approx_kl            | 0.009526068 |
|    clip_fraction        | 0.0732      |
|    clip_range           | 0.2         |
|    entropy_loss         | -2.2        |
|    explained_variance   | 0.986       |
|    learning_rate        | 0.0003      |
|    loss                 | -0.0327     |
|    n_updates            | 175         |
|    policy_gradient_loss | -0.00537    |
|    value_loss           | 0.00545     |
-----------------------------------------
-----------------------------------------
| rollout/                |             |
|    ep_len_mean          | 4.01e+03    |
|    ep_rew_mean          | -67         |
| time/                   |             |
|    fps                  | 495         |
|    iterations           | 37          |
|    time_elapsed         | 1836        |
|    total_timesteps      | 909312      |
| train/                  |             |
|    approx_kl            | 0.007150505 |
|    clip_fraction        | 0.0518      |
|    clip_range           | 0.2         |
|    entropy_loss         | -2.05       |
|    explained_variance   | 0.99        |
|    learning_rate        | 0.0003      |
|    loss                 | -0.0109     |
|    n_updates            | 180         |
|    policy_gradient_loss | -0.00351    |
|    value_loss           | 0.0122      |
-----------------------------------------
-----------------------------------------
| rollout/                |             |
|    ep_len_mean          | 4e+03       |
|    ep_rew_mean          | -66.2       |
| time/                   |             |
|    fps                  | 495         |
|    iterations           | 38          |
|    time_elapsed         | 1885        |
|    total_timesteps      | 933888      |
| train/                  |             |
|    approx_kl            | 0.010917445 |
|    clip_fraction        | 0.103       |
|    clip_range           | 0.2         |
|    entropy_loss         | -2.18       |
|    explained_variance   | 0.989       |
|    learning_rate        | 0.0003      |
|    loss                 | -0.0264     |
|    n_updates            | 185         |
|    policy_gradient_loss | -0.00773    |
|    value_loss           | 0.0038      |
-----------------------------------------
-----------------------------------------
| rollout/                |             |
|    ep_len_mean          | 4e+03       |
|    ep_rew_mean          | -66.2       |
| time/                   |             |
|    fps                  | 495         |
|    iterations           | 39          |
|    time_elapsed         | 1934        |
|    total_timesteps      | 958464      |
| train/                  |             |
|    approx_kl            | 0.009532495 |
|    clip_fraction        | 0.0595      |
|    clip_range           | 0.2         |
|    entropy_loss         | -2.04       |
|    explained_variance   | 0.986       |
|    learning_rate        | 0.0003      |
|    loss                 | -0.0253     |
|    n_updates            | 190         |
|    policy_gradient_loss | -0.00417    |
|    value_loss           | 0.0166      |
-----------------------------------------
-----------------------------------------
| rollout/                |             |
|    ep_len_mean          | 3.97e+03    |
|    ep_rew_mean          | -68.1       |
| time/                   |             |
|    fps                  | 495         |
|    iterations           | 40          |
|    time_elapsed         | 1983        |
|    total_timesteps      | 983040      |
| train/                  |             |
|    approx_kl            | 0.010176555 |
|    clip_fraction        | 0.0924      |
|    clip_range           | 0.2         |
|    entropy_loss         | -2.12       |
|    explained_variance   | 0.98        |
|    learning_rate        | 0.0003      |
|    loss                 | -0.027      |
|    n_updates            | 195         |
|    policy_gradient_loss | -0.00764    |
|    value_loss           | 0.00649     |
-----------------------------------------
[Checkpoint] Saved at 1000000 steps > /home/runner/work/Disciples2-RL/Disciples2-RL/github_experiments/128/magic_train/all_enemies/seed128-magic_train-all_enemies-32017798919-1/checkpoints/campaign_ppo_step_1000000.zip
Eval num_timesteps=1000008, det_reward=-66.27 +/- 0.00
Episode length: det=2592.00 +/- 0.00
Victory rate: det=100.00%
-------------------------------------------------
| eval/                           |             |
|    deterministic_mean_ep_length | 2.59e+03    |
|    deterministic_mean_reward    | -66.3       |
|    deterministic_victory_rate   | 1           |
|    mean_ep_length               | 2.59e+03    |
|    mean_reward                  | -66.3       |
|    victory_rate                 | 1           |
| time/                           |             |
|    total_timesteps              | 1000008     |
| train/                          |             |
|    approx_kl                    | 0.009933707 |
|    clip_fraction                | 0.0633      |
|    clip_range                   | 0.2         |
|    entropy_loss                 | -2.03       |
|    explained_variance           | 0.99        |
|    learning_rate                | 0.0003      |
|    loss                         | -0.0268     |
|    n_updates                    | 200         |
|    policy_gradient_loss         | -0.00387    |
|    value_loss                   | 0.0128      |
-------------------------------------------------
New best model by deterministic victory rate!
---------------------------------
| rollout/           |          |
|    ep_len_mean     | 3.91e+03 |
|    ep_rew_mean     | -66.1    |
| time/              |          |
|    fps             | 462      |
|    iterations      | 41       |
|    time_elapsed    | 2179     |
|    total_timesteps | 1007616  |
---------------------------------
VecNormalize stats saved: /home/runner/work/Disciples2-RL/Disciples2-RL/github_experiments/128/magic_train/all_enemies/seed128-magic_train-all_enemies-32017798919-1/models/vecnormalize.pkl

Финальная модель сохранена: /home/runner/work/Disciples2-RL/Disciples2-RL/github_experiments/128/magic_train/all_enemies/seed128-magic_train-all_enemies-32017798919-1/models/final_model.zip

============================================================
ИТОГИ ОБУЧЕНИЯ:
  Побед: 5
  Поражений: 0
  Таймаутов: 239
  Побед бота столицы над врагами: 0
  Перестановок юнитов: 202397
  Winrate: 2.0%
============================================================
  График призывов за эпизод: /home/runner/work/Disciples2-RL/Disciples2-RL/github_experiments/128/magic_train/all_enemies/seed128-magic_train-all_enemies-32017798919-1/plots/campaign_summoned_units_per_episode.png
  График призывов за всё обучение: /home/runner/work/Disciples2-RL/Disciples2-RL/github_experiments/128/magic_train/all_enemies/seed128-magic_train-all_enemies-32017798919-1/plots/campaign_summoned_units_cumulative.png
  График найма за эпизод: /home/runner/work/Disciples2-RL/Disciples2-RL/github_experiments/128/magic_train/all_enemies/seed128-magic_train-all_enemies-32017798919-1/plots/campaign_hired_units_per_episode.png
  График найма за всё обучение: /home/runner/work/Disciples2-RL/Disciples2-RL/github_experiments/128/magic_train/all_enemies/seed128-magic_train-all_enemies-32017798919-1/plots/campaign_hired_units_cumulative.png
  График перестановок юнитов за эпизод: /home/runner/work/Disciples2-RL/Disciples2-RL/github_experiments/128/magic_train/all_enemies/seed128-magic_train-all_enemies-32017798919-1/plots/campaign_unit_swaps_per_episode.png
  График боевых предметов: /home/runner/work/Disciples2-RL/Disciples2-RL/github_experiments/128/magic_train/all_enemies/seed128-magic_train-all_enemies-32017798919-1/plots/campaign_battle_item_activity.png
  График побед бота столицы за эпизод: /home/runner/work/Disciples2-RL/Disciples2-RL/github_experiments/128/magic_train/all_enemies/seed128-magic_train-all_enemies-32017798919-1/plots/campaign_scripted_bot_victories_per_episode.png
  График применения заклинаний: /home/runner/work/Disciples2-RL/Disciples2-RL/github_experiments/128/magic_train/all_enemies/seed128-magic_train-all_enemies-32017798919-1/plots/campaign_spell_cast_activity.png
