Проверка среды CampaignEnv...
Среда прошла проверку!
[INFO] Comet disabled, running without experiment tracking
Создание 12 параллельных сред (subproc)...
Инициализация MaskablePPO...
Using cpu device

============================================================
Запуск обучения Campaign Agent
Всего шагов: 1,000,000
Параллельных сред: 12
VecEnv: subproc
VecEnv start method: forkserver
Seed: 133
Checkpoint каждые: 500,000 шагов
Evaluation каждые: 83,334 шагов
Eval deterministic эпизодов: 20
Eval stochastic эпизодов: 0
Eval лимит шагов на эпизод: 5000
Campaign map: hire_train
Campaign objective: orc
System resources at training start:
  Platform: Linux 6.17.0-1022-azure (x86_64)
  Python: 3.14.7
  PyTorch: 2.13.0+cpu
  Training device: cpu
  CPU model: Intel(R) Xeon(R) 6973P-C
  CPU vendor: GenuineIntel
  Logical CPUs visible: 4
  Process CPU affinity: 4
  Sockets: 1
  Cores per socket: 2
  Threads per core: 2
  CPU max MHz: 2600.0000
  CPU min MHz: 800.0000
  L1d cache: 96 KiB (2 instances)
  L1i cache: 128 KiB (2 instances)
  L2 cache: 4 MiB (2 instances)
  L3 cache: 480 MiB (1 instance)
  Virtualization: VT-x
  Hypervisor: Microsoft
  RAM total: 15.61 GiB
  RAM available at start: 13.92 GiB
  Disk total: 144.26 GiB
  Disk free at start: 76.15 GiB
  Torch intra-op threads: 4
  Torch inter-op threads: 2
  OMP_NUM_THREADS: 4
  MKL_NUM_THREADS: 4
  OPENBLAS_NUM_THREADS: 4
  GitHub runner OS: Linux
  GitHub runner architecture: X64
  GitHub runner environment: github-hosted
PPO n_steps: 2,048
PPO batch_size: 512
PPO n_epochs: 5
PPO learning_rate: 0.0003
PPO clip_range: 0.2
PPO ent_coef: 0.01
PPO gamma: 0.995
PPO gae_lambda: 0.95
PPO target_kl: disabled
PPO gradient batches per rollout: 240
VecCheckNan: disabled
Freeze action layout: enabled
Empire territory: enabled
Torch threads per process: 4
Diagnostics: disabled
Wall-clock training limit: disabled
Run ID: seed133-hire_train-orc-33591314630-1
============================================================

Logging to /home/runner/work/Disciples2-RL/Disciples2-RL/github_experiments/133/hire_train/orc/seed133-hire_train-orc-33591314630-1/tensorboard/MaskablePPO_1
---------------------------------
| rollout/           |          |
|    ep_len_mean     | 1.22e+03 |
|    ep_rew_mean     | -43.5    |
| time/              |          |
|    fps             | 1032     |
|    iterations      | 1        |
|    time_elapsed    | 23       |
|    total_timesteps | 24576    |
---------------------------------
-----------------------------------------
| rollout/                |             |
|    ep_len_mean          | 1.76e+03    |
|    ep_rew_mean          | -111        |
| time/                   |             |
|    fps                  | 1005        |
|    iterations           | 2           |
|    time_elapsed         | 48          |
|    total_timesteps      | 49152       |
| train/                  |             |
|    approx_kl            | 0.008672094 |
|    clip_fraction        | 0.0449      |
|    clip_range           | 0.2         |
|    entropy_loss         | -2.21       |
|    explained_variance   | 0.309       |
|    learning_rate        | 0.0003      |
|    loss                 | -0.024      |
|    n_updates            | 5           |
|    policy_gradient_loss | -0.00415    |
|    value_loss           | 0.067       |
-----------------------------------------
-----------------------------------------
| rollout/                |             |
|    ep_len_mean          | 1.14e+03    |
|    ep_rew_mean          | -59.5       |
| time/                   |             |
|    fps                  | 1001        |
|    iterations           | 3           |
|    time_elapsed         | 73          |
|    total_timesteps      | 73728       |
| train/                  |             |
|    approx_kl            | 0.009839412 |
|    clip_fraction        | 0.0923      |
|    clip_range           | 0.2         |
|    entropy_loss         | -2.17       |
|    explained_variance   | 0.345       |
|    learning_rate        | 0.0003      |
|    loss                 | -0.0146     |
|    n_updates            | 10          |
|    policy_gradient_loss | -0.00566    |
|    value_loss           | 0.118       |
-----------------------------------------
-----------------------------------------
| rollout/                |             |
|    ep_len_mean          | 490         |
|    ep_rew_mean          | -16.5       |
| time/                   |             |
|    fps                  | 1003        |
|    iterations           | 4           |
|    time_elapsed         | 97          |
|    total_timesteps      | 98304       |
| train/                  |             |
|    approx_kl            | 0.009285432 |
|    clip_fraction        | 0.0814      |
|    clip_range           | 0.2         |
|    entropy_loss         | -2.16       |
|    explained_variance   | 0.286       |
|    learning_rate        | 0.0003      |
|    loss                 | 0.0531      |
|    n_updates            | 15          |
|    policy_gradient_loss | -0.00705    |
|    value_loss           | 0.191       |
-----------------------------------------
-----------------------------------------
| rollout/                |             |
|    ep_len_mean          | 270         |
|    ep_rew_mean          | 16.2        |
| time/                   |             |
|    fps                  | 1001        |
|    iterations           | 5           |
|    time_elapsed         | 122         |
|    total_timesteps      | 122880      |
| train/                  |             |
|    approx_kl            | 0.011006877 |
|    clip_fraction        | 0.129       |
|    clip_range           | 0.2         |
|    entropy_loss         | -2.14       |
|    explained_variance   | 0.491       |
|    learning_rate        | 0.0003      |
|    loss                 | 0.00883     |
|    n_updates            | 20          |
|    policy_gradient_loss | -0.00886    |
|    value_loss           | 0.131       |
-----------------------------------------
---------------------------------------
| rollout/                |           |
|    ep_len_mean          | 156       |
|    ep_rew_mean          | 35.7      |
| time/                   |           |
|    fps                  | 1000      |
|    iterations           | 6         |
|    time_elapsed         | 147       |
|    total_timesteps      | 147456    |
| train/                  |           |
|    approx_kl            | 0.0116867 |
|    clip_fraction        | 0.14      |
|    clip_range           | 0.2       |
|    entropy_loss         | -2.12     |
|    explained_variance   | 0.52      |
|    learning_rate        | 0.0003    |
|    loss                 | 0.11      |
|    n_updates            | 25        |
|    policy_gradient_loss | -0.0108   |
|    value_loss           | 0.277     |
---------------------------------------
-----------------------------------------
| rollout/                |             |
|    ep_len_mean          | 117         |
|    ep_rew_mean          | 45.5        |
| time/                   |             |
|    fps                  | 1000        |
|    iterations           | 7           |
|    time_elapsed         | 171         |
|    total_timesteps      | 172032      |
| train/                  |             |
|    approx_kl            | 0.010816998 |
|    clip_fraction        | 0.124       |
|    clip_range           | 0.2         |
|    entropy_loss         | -2.08       |
|    explained_variance   | 0.576       |
|    learning_rate        | 0.0003      |
|    loss                 | 0.18        |
|    n_updates            | 30          |
|    policy_gradient_loss | -0.00896    |
|    value_loss           | 0.433       |
-----------------------------------------
---------------------------------------
| rollout/                |           |
|    ep_len_mean          | 98.4      |
|    ep_rew_mean          | 57.2      |
| time/                   |           |
|    fps                  | 1000      |
|    iterations           | 8         |
|    time_elapsed         | 196       |
|    total_timesteps      | 196608    |
| train/                  |           |
|    approx_kl            | 0.0114029 |
|    clip_fraction        | 0.13      |
|    clip_range           | 0.2       |
|    entropy_loss         | -2.04     |
|    explained_variance   | 0.544     |
|    learning_rate        | 0.0003    |
|    loss                 | 0.315     |
|    n_updates            | 35        |
|    policy_gradient_loss | -0.0101   |
|    value_loss           | 0.689     |
---------------------------------------
-----------------------------------------
| rollout/                |             |
|    ep_len_mean          | 81          |
|    ep_rew_mean          | 68.1        |
| time/                   |             |
|    fps                  | 1000        |
|    iterations           | 9           |
|    time_elapsed         | 220         |
|    total_timesteps      | 221184      |
| train/                  |             |
|    approx_kl            | 0.010041335 |
|    clip_fraction        | 0.112       |
|    clip_range           | 0.2         |
|    entropy_loss         | -1.98       |
|    explained_variance   | 0.563       |
|    learning_rate        | 0.0003      |
|    loss                 | 0.271       |
|    n_updates            | 40          |
|    policy_gradient_loss | -0.00929    |
|    value_loss           | 0.814       |
-----------------------------------------
-----------------------------------------
| rollout/                |             |
|    ep_len_mean          | 73.1        |
|    ep_rew_mean          | 81.1        |
| time/                   |             |
|    fps                  | 1002        |
|    iterations           | 10          |
|    time_elapsed         | 245         |
|    total_timesteps      | 245760      |
| train/                  |             |
|    approx_kl            | 0.009367627 |
|    clip_fraction        | 0.0785      |
|    clip_range           | 0.2         |
|    entropy_loss         | -1.91       |
|    explained_variance   | 0.554       |
|    learning_rate        | 0.0003      |
|    loss                 | 0.493       |
|    n_updates            | 45          |
|    policy_gradient_loss | -0.00793    |
|    value_loss           | 0.978       |
-----------------------------------------
------------------------------------------
| rollout/                |              |
|    ep_len_mean          | 68           |
|    ep_rew_mean          | 93.6         |
| time/                   |              |
|    fps                  | 1004         |
|    iterations           | 11           |
|    time_elapsed         | 269          |
|    total_timesteps      | 270336       |
| train/                  |              |
|    approx_kl            | 0.0093540205 |
|    clip_fraction        | 0.0836       |
|    clip_range           | 0.2          |
|    entropy_loss         | -1.83        |
|    explained_variance   | 0.519        |
|    learning_rate        | 0.0003       |
|    loss                 | 0.461        |
|    n_updates            | 50           |
|    policy_gradient_loss | -0.00721     |
|    value_loss           | 1.08         |
------------------------------------------
-----------------------------------------
| rollout/                |             |
|    ep_len_mean          | 64.2        |
|    ep_rew_mean          | 87          |
| time/                   |             |
|    fps                  | 1006        |
|    iterations           | 12          |
|    time_elapsed         | 293         |
|    total_timesteps      | 294912      |
| train/                  |             |
|    approx_kl            | 0.010036784 |
|    clip_fraction        | 0.0755      |
|    clip_range           | 0.2         |
|    entropy_loss         | -1.76       |
|    explained_variance   | 0.504       |
|    learning_rate        | 0.0003      |
|    loss                 | 0.46        |
|    n_updates            | 55          |
|    policy_gradient_loss | -0.00612    |
|    value_loss           | 1.02        |
-----------------------------------------
-----------------------------------------
| rollout/                |             |
|    ep_len_mean          | 61.9        |
|    ep_rew_mean          | 99          |
| time/                   |             |
|    fps                  | 1006        |
|    iterations           | 13          |
|    time_elapsed         | 317         |
|    total_timesteps      | 319488      |
| train/                  |             |
|    approx_kl            | 0.008666298 |
|    clip_fraction        | 0.0516      |
|    clip_range           | 0.2         |
|    entropy_loss         | -1.71       |
|    explained_variance   | 0.422       |
|    learning_rate        | 0.0003      |
|    loss                 | 0.526       |
|    n_updates            | 60          |
|    policy_gradient_loss | -0.00507    |
|    value_loss           | 1.08        |
-----------------------------------------
-----------------------------------------
| rollout/                |             |
|    ep_len_mean          | 60.6        |
|    ep_rew_mean          | 119         |
| time/                   |             |
|    fps                  | 1007        |
|    iterations           | 14          |
|    time_elapsed         | 341         |
|    total_timesteps      | 344064      |
| train/                  |             |
|    approx_kl            | 0.008151394 |
|    clip_fraction        | 0.0415      |
|    clip_range           | 0.2         |
|    entropy_loss         | -1.66       |
|    explained_variance   | 0.44        |
|    learning_rate        | 0.0003      |
|    loss                 | 0.437       |
|    n_updates            | 65          |
|    policy_gradient_loss | -0.00452    |
|    value_loss           | 0.998       |
-----------------------------------------
-----------------------------------------
| rollout/                |             |
|    ep_len_mean          | 58          |
|    ep_rew_mean          | 110         |
| time/                   |             |
|    fps                  | 1009        |
|    iterations           | 15          |
|    time_elapsed         | 365         |
|    total_timesteps      | 368640      |
| train/                  |             |
|    approx_kl            | 0.006782178 |
|    clip_fraction        | 0.0569      |
|    clip_range           | 0.2         |
|    entropy_loss         | -1.62       |
|    explained_variance   | 0.419       |
|    learning_rate        | 0.0003      |
|    loss                 | 0.416       |
|    n_updates            | 70          |
|    policy_gradient_loss | -0.00541    |
|    value_loss           | 0.89        |
-----------------------------------------
------------------------------------------
| rollout/                |              |
|    ep_len_mean          | 58.6         |
|    ep_rew_mean          | 115          |
| time/                   |              |
|    fps                  | 1009         |
|    iterations           | 16           |
|    time_elapsed         | 389          |
|    total_timesteps      | 393216       |
| train/                  |              |
|    approx_kl            | 0.0069879075 |
|    clip_fraction        | 0.067        |
|    clip_range           | 0.2          |
|    entropy_loss         | -1.61        |
|    explained_variance   | 0.424        |
|    learning_rate        | 0.0003       |
|    loss                 | 0.434        |
|    n_updates            | 75           |
|    policy_gradient_loss | -0.00361     |
|    value_loss           | 0.874        |
------------------------------------------
-----------------------------------------
| rollout/                |             |
|    ep_len_mean          | 58.3        |
|    ep_rew_mean          | 123         |
| time/                   |             |
|    fps                  | 1010        |
|    iterations           | 17          |
|    time_elapsed         | 413         |
|    total_timesteps      | 417792      |
| train/                  |             |
|    approx_kl            | 0.005934749 |
|    clip_fraction        | 0.0554      |
|    clip_range           | 0.2         |
|    entropy_loss         | -1.59       |
|    explained_variance   | 0.423       |
|    learning_rate        | 0.0003      |
|    loss                 | 0.328       |
|    n_updates            | 80          |
|    policy_gradient_loss | -0.00382    |
|    value_loss           | 0.762       |
-----------------------------------------
-----------------------------------------
| rollout/                |             |
|    ep_len_mean          | 54.5        |
|    ep_rew_mean          | 130         |
| time/                   |             |
|    fps                  | 1010        |
|    iterations           | 18          |
|    time_elapsed         | 437         |
|    total_timesteps      | 442368      |
| train/                  |             |
|    approx_kl            | 0.006972831 |
|    clip_fraction        | 0.05        |
|    clip_range           | 0.2         |
|    entropy_loss         | -1.6        |
|    explained_variance   | 0.417       |
|    learning_rate        | 0.0003      |
|    loss                 | 0.243       |
|    n_updates            | 85          |
|    policy_gradient_loss | -0.00325    |
|    value_loss           | 0.639       |
-----------------------------------------
-----------------------------------------
| rollout/                |             |
|    ep_len_mean          | 53.7        |
|    ep_rew_mean          | 126         |
| time/                   |             |
|    fps                  | 1010        |
|    iterations           | 19          |
|    time_elapsed         | 462         |
|    total_timesteps      | 466944      |
| train/                  |             |
|    approx_kl            | 0.006123388 |
|    clip_fraction        | 0.0594      |
|    clip_range           | 0.2         |
|    entropy_loss         | -1.54       |
|    explained_variance   | 0.397       |
|    learning_rate        | 0.0003      |
|    loss                 | 0.184       |
|    n_updates            | 90          |
|    policy_gradient_loss | -0.00429    |
|    value_loss           | 0.568       |
-----------------------------------------
-----------------------------------------
| rollout/                |             |
|    ep_len_mean          | 52.9        |
|    ep_rew_mean          | 124         |
| time/                   |             |
|    fps                  | 1009        |
|    iterations           | 20          |
|    time_elapsed         | 486         |
|    total_timesteps      | 491520      |
| train/                  |             |
|    approx_kl            | 0.005809531 |
|    clip_fraction        | 0.0554      |
|    clip_range           | 0.2         |
|    entropy_loss         | -1.51       |
|    explained_variance   | 0.419       |
|    learning_rate        | 0.0003      |
|    loss                 | 0.253       |
|    n_updates            | 95          |
|    policy_gradient_loss | -0.00389    |
|    value_loss           | 0.563       |
-----------------------------------------
[Checkpoint] Saved at 500000 steps > /home/runner/work/Disciples2-RL/Disciples2-RL/github_experiments/133/hire_train/orc/seed133-hire_train-orc-33591314630-1/checkpoints/campaign_ppo_step_500000.zip
----------------------------------------
| rollout/                |            |
|    ep_len_mean          | 52         |
|    ep_rew_mean          | 132        |
| time/                   |            |
|    fps                  | 1009       |
|    iterations           | 21         |
|    time_elapsed         | 511        |
|    total_timesteps      | 516096     |
| train/                  |            |
|    approx_kl            | 0.00630627 |
|    clip_fraction        | 0.0511     |
|    clip_range           | 0.2        |
|    entropy_loss         | -1.5       |
|    explained_variance   | 0.346      |
|    learning_rate        | 0.0003     |
|    loss                 | 0.212      |
|    n_updates            | 100        |
|    policy_gradient_loss | -0.00332   |
|    value_loss           | 0.547      |
----------------------------------------
------------------------------------------
| rollout/                |              |
|    ep_len_mean          | 51.3         |
|    ep_rew_mean          | 134          |
| time/                   |              |
|    fps                  | 1009         |
|    iterations           | 22           |
|    time_elapsed         | 535          |
|    total_timesteps      | 540672       |
| train/                  |              |
|    approx_kl            | 0.0058921073 |
|    clip_fraction        | 0.051        |
|    clip_range           | 0.2          |
|    entropy_loss         | -1.44        |
|    explained_variance   | 0.38         |
|    learning_rate        | 0.0003       |
|    loss                 | 0.213        |
|    n_updates            | 105          |
|    policy_gradient_loss | -0.00329     |
|    value_loss           | 0.394        |
------------------------------------------
-----------------------------------------
| rollout/                |             |
|    ep_len_mean          | 50.8        |
|    ep_rew_mean          | 131         |
| time/                   |             |
|    fps                  | 1008        |
|    iterations           | 23          |
|    time_elapsed         | 560         |
|    total_timesteps      | 565248      |
| train/                  |             |
|    approx_kl            | 0.006263159 |
|    clip_fraction        | 0.0572      |
|    clip_range           | 0.2         |
|    entropy_loss         | -1.42       |
|    explained_variance   | 0.363       |
|    learning_rate        | 0.0003      |
|    loss                 | 0.176       |
|    n_updates            | 110         |
|    policy_gradient_loss | -0.00294    |
|    value_loss           | 0.358       |
-----------------------------------------
-----------------------------------------
| rollout/                |             |
|    ep_len_mean          | 49.9        |
|    ep_rew_mean          | 140         |
| time/                   |             |
|    fps                  | 1008        |
|    iterations           | 24          |
|    time_elapsed         | 584         |
|    total_timesteps      | 589824      |
| train/                  |             |
|    approx_kl            | 0.005865002 |
|    clip_fraction        | 0.0475      |
|    clip_range           | 0.2         |
|    entropy_loss         | -1.4        |
|    explained_variance   | 0.361       |
|    learning_rate        | 0.0003      |
|    loss                 | 0.2         |
|    n_updates            | 115         |
|    policy_gradient_loss | -0.00313    |
|    value_loss           | 0.409       |
-----------------------------------------
------------------------------------------
| rollout/                |              |
|    ep_len_mean          | 48.1         |
|    ep_rew_mean          | 139          |
| time/                   |              |
|    fps                  | 1007         |
|    iterations           | 25           |
|    time_elapsed         | 609          |
|    total_timesteps      | 614400       |
| train/                  |              |
|    approx_kl            | 0.0060498975 |
|    clip_fraction        | 0.0554       |
|    clip_range           | 0.2          |
|    entropy_loss         | -1.36        |
|    explained_variance   | 0.374        |
|    learning_rate        | 0.0003       |
|    loss                 | 0.0804       |
|    n_updates            | 120          |
|    policy_gradient_loss | -0.00377     |
|    value_loss           | 0.268        |
------------------------------------------
------------------------------------------
| rollout/                |              |
|    ep_len_mean          | 49           |
|    ep_rew_mean          | 131          |
| time/                   |              |
|    fps                  | 1007         |
|    iterations           | 26           |
|    time_elapsed         | 634          |
|    total_timesteps      | 638976       |
| train/                  |              |
|    approx_kl            | 0.0056100767 |
|    clip_fraction        | 0.0413       |
|    clip_range           | 0.2          |
|    entropy_loss         | -1.38        |
|    explained_variance   | 0.346        |
|    learning_rate        | 0.0003       |
|    loss                 | 0.175        |
|    n_updates            | 125          |
|    policy_gradient_loss | -0.00229     |
|    value_loss           | 0.411        |
------------------------------------------
------------------------------------------
| rollout/                |              |
|    ep_len_mean          | 49.5         |
|    ep_rew_mean          | 137          |
| time/                   |              |
|    fps                  | 1006         |
|    iterations           | 27           |
|    time_elapsed         | 659          |
|    total_timesteps      | 663552       |
| train/                  |              |
|    approx_kl            | 0.0048651113 |
|    clip_fraction        | 0.0456       |
|    clip_range           | 0.2          |
|    entropy_loss         | -1.38        |
|    explained_variance   | 0.29         |
|    learning_rate        | 0.0003       |
|    loss                 | 0.183        |
|    n_updates            | 130          |
|    policy_gradient_loss | -0.00258     |
|    value_loss           | 0.411        |
------------------------------------------
----------------------------------------
| rollout/                |            |
|    ep_len_mean          | 48.4       |
|    ep_rew_mean          | 139        |
| time/                   |            |
|    fps                  | 1005       |
|    iterations           | 28         |
|    time_elapsed         | 684        |
|    total_timesteps      | 688128     |
| train/                  |            |
|    approx_kl            | 0.00680598 |
|    clip_fraction        | 0.0537     |
|    clip_range           | 0.2        |
|    entropy_loss         | -1.34      |
|    explained_variance   | 0.36       |
|    learning_rate        | 0.0003     |
|    loss                 | 0.18       |
|    n_updates            | 135        |
|    policy_gradient_loss | -0.00316   |
|    value_loss           | 0.299      |
----------------------------------------
------------------------------------------
| rollout/                |              |
|    ep_len_mean          | 47.2         |
|    ep_rew_mean          | 139          |
| time/                   |              |
|    fps                  | 1005         |
|    iterations           | 29           |
|    time_elapsed         | 708          |
|    total_timesteps      | 712704       |
| train/                  |              |
|    approx_kl            | 0.0047695697 |
|    clip_fraction        | 0.0395       |
|    clip_range           | 0.2          |
|    entropy_loss         | -1.28        |
|    explained_variance   | 0.333        |
|    learning_rate        | 0.0003       |
|    loss                 | 0.151        |
|    n_updates            | 140          |
|    policy_gradient_loss | -0.00251     |
|    value_loss           | 0.284        |
------------------------------------------
-----------------------------------------
| rollout/                |             |
|    ep_len_mean          | 47.4        |
|    ep_rew_mean          | 139         |
| time/                   |             |
|    fps                  | 1005        |
|    iterations           | 30          |
|    time_elapsed         | 733         |
|    total_timesteps      | 737280      |
| train/                  |             |
|    approx_kl            | 0.005278509 |
|    clip_fraction        | 0.0401      |
|    clip_range           | 0.2         |
|    entropy_loss         | -1.27       |
|    explained_variance   | 0.339       |
|    learning_rate        | 0.0003      |
|    loss                 | 0.16        |
|    n_updates            | 145         |
|    policy_gradient_loss | -0.00232    |
|    value_loss           | 0.34        |
-----------------------------------------
------------------------------------------
| rollout/                |              |
|    ep_len_mean          | 47.9         |
|    ep_rew_mean          | 138          |
| time/                   |              |
|    fps                  | 1005         |
|    iterations           | 31           |
|    time_elapsed         | 757          |
|    total_timesteps      | 761856       |
| train/                  |              |
|    approx_kl            | 0.0055342424 |
|    clip_fraction        | 0.0558       |
|    clip_range           | 0.2          |
|    entropy_loss         | -1.27        |
|    explained_variance   | 0.376        |
|    learning_rate        | 0.0003       |
|    loss                 | 0.154        |
|    n_updates            | 150          |
|    policy_gradient_loss | -0.00301     |
|    value_loss           | 0.28         |
------------------------------------------
------------------------------------------
| rollout/                |              |
|    ep_len_mean          | 46.9         |
|    ep_rew_mean          | 142          |
| time/                   |              |
|    fps                  | 1004         |
|    iterations           | 32           |
|    time_elapsed         | 782          |
|    total_timesteps      | 786432       |
| train/                  |              |
|    approx_kl            | 0.0042240485 |
|    clip_fraction        | 0.0388       |
|    clip_range           | 0.2          |
|    entropy_loss         | -1.26        |
|    explained_variance   | 0.358        |
|    learning_rate        | 0.0003       |
|    loss                 | 0.1          |
|    n_updates            | 155          |
|    policy_gradient_loss | -0.00231     |
|    value_loss           | 0.301        |
------------------------------------------
----------------------------------------
| rollout/                |            |
|    ep_len_mean          | 46.8       |
|    ep_rew_mean          | 138        |
| time/                   |            |
|    fps                  | 1004       |
|    iterations           | 33         |
|    time_elapsed         | 807        |
|    total_timesteps      | 811008     |
| train/                  |            |
|    approx_kl            | 0.00470135 |
|    clip_fraction        | 0.0431     |
|    clip_range           | 0.2        |
|    entropy_loss         | -1.21      |
|    explained_variance   | 0.327      |
|    learning_rate        | 0.0003     |
|    loss                 | 0.131      |
|    n_updates            | 160        |
|    policy_gradient_loss | -0.0031    |
|    value_loss           | 0.313      |
----------------------------------------
-----------------------------------------
| rollout/                |             |
|    ep_len_mean          | 47.1        |
|    ep_rew_mean          | 141         |
| time/                   |             |
|    fps                  | 1004        |
|    iterations           | 34          |
|    time_elapsed         | 831         |
|    total_timesteps      | 835584      |
| train/                  |             |
|    approx_kl            | 0.005048566 |
|    clip_fraction        | 0.0442      |
|    clip_range           | 0.2         |
|    entropy_loss         | -1.22       |
|    explained_variance   | 0.351       |
|    learning_rate        | 0.0003      |
|    loss                 | 0.0918      |
|    n_updates            | 165         |
|    policy_gradient_loss | -0.00261    |
|    value_loss           | 0.282       |
-----------------------------------------
-----------------------------------------
| rollout/                |             |
|    ep_len_mean          | 46.8        |
|    ep_rew_mean          | 144         |
| time/                   |             |
|    fps                  | 1004        |
|    iterations           | 35          |
|    time_elapsed         | 856         |
|    total_timesteps      | 860160      |
| train/                  |             |
|    approx_kl            | 0.005552324 |
|    clip_fraction        | 0.0449      |
|    clip_range           | 0.2         |
|    entropy_loss         | -1.22       |
|    explained_variance   | 0.379       |
|    learning_rate        | 0.0003      |
|    loss                 | 0.0821      |
|    n_updates            | 170         |
|    policy_gradient_loss | -0.00293    |
|    value_loss           | 0.264       |
-----------------------------------------
-----------------------------------------
| rollout/                |             |
|    ep_len_mean          | 46.4        |
|    ep_rew_mean          | 143         |
| time/                   |             |
|    fps                  | 1004        |
|    iterations           | 36          |
|    time_elapsed         | 880         |
|    total_timesteps      | 884736      |
| train/                  |             |
|    approx_kl            | 0.004896266 |
|    clip_fraction        | 0.0419      |
|    clip_range           | 0.2         |
|    entropy_loss         | -1.18       |
|    explained_variance   | 0.336       |
|    learning_rate        | 0.0003      |
|    loss                 | 0.102       |
|    n_updates            | 175         |
|    policy_gradient_loss | -0.00276    |
|    value_loss           | 0.253       |
-----------------------------------------
-----------------------------------------
| rollout/                |             |
|    ep_len_mean          | 46.2        |
|    ep_rew_mean          | 141         |
| time/                   |             |
|    fps                  | 1004        |
|    iterations           | 37          |
|    time_elapsed         | 905         |
|    total_timesteps      | 909312      |
| train/                  |             |
|    approx_kl            | 0.006029272 |
|    clip_fraction        | 0.0567      |
|    clip_range           | 0.2         |
|    entropy_loss         | -1.15       |
|    explained_variance   | 0.359       |
|    learning_rate        | 0.0003      |
|    loss                 | 0.0993      |
|    n_updates            | 180         |
|    policy_gradient_loss | -0.00339    |
|    value_loss           | 0.263       |
-----------------------------------------
------------------------------------------
| rollout/                |              |
|    ep_len_mean          | 45.4         |
|    ep_rew_mean          | 138          |
| time/                   |              |
|    fps                  | 1003         |
|    iterations           | 38           |
|    time_elapsed         | 930          |
|    total_timesteps      | 933888       |
| train/                  |              |
|    approx_kl            | 0.0060312557 |
|    clip_fraction        | 0.0557       |
|    clip_range           | 0.2          |
|    entropy_loss         | -1.16        |
|    explained_variance   | 0.387        |
|    learning_rate        | 0.0003       |
|    loss                 | 0.0409       |
|    n_updates            | 185          |
|    policy_gradient_loss | -0.00291     |
|    value_loss           | 0.191        |
------------------------------------------
-----------------------------------------
| rollout/                |             |
|    ep_len_mean          | 45.2        |
|    ep_rew_mean          | 142         |
| time/                   |             |
|    fps                  | 1003        |
|    iterations           | 39          |
|    time_elapsed         | 955         |
|    total_timesteps      | 958464      |
| train/                  |             |
|    approx_kl            | 0.005547054 |
|    clip_fraction        | 0.0513      |
|    clip_range           | 0.2         |
|    entropy_loss         | -1.13       |
|    explained_variance   | 0.378       |
|    learning_rate        | 0.0003      |
|    loss                 | 0.102       |
|    n_updates            | 190         |
|    policy_gradient_loss | -0.00332    |
|    value_loss           | 0.223       |
-----------------------------------------
------------------------------------------
| rollout/                |              |
|    ep_len_mean          | 45.4         |
|    ep_rew_mean          | 139          |
| time/                   |              |
|    fps                  | 1003         |
|    iterations           | 40           |
|    time_elapsed         | 979          |
|    total_timesteps      | 983040       |
| train/                  |              |
|    approx_kl            | 0.0057779714 |
|    clip_fraction        | 0.0636       |
|    clip_range           | 0.2          |
|    entropy_loss         | -1.12        |
|    explained_variance   | 0.341        |
|    learning_rate        | 0.0003       |
|    loss                 | 0.112        |
|    n_updates            | 195          |
|    policy_gradient_loss | -0.00351     |
|    value_loss           | 0.207        |
------------------------------------------
[Checkpoint] Saved at 1000000 steps > /home/runner/work/Disciples2-RL/Disciples2-RL/github_experiments/133/hire_train/orc/seed133-hire_train-orc-33591314630-1/checkpoints/campaign_ppo_step_1000000.zip
Eval num_timesteps=1000008, det_reward=145.67 +/- 0.01
Episode length: det=41.55 +/- 0.50
Victory rate: det=100.00%
--------------------------------------------------
| eval/                           |              |
|    deterministic_mean_ep_length | 41.5         |
|    deterministic_mean_reward    | 146          |
|    deterministic_victory_rate   | 1            |
|    mean_ep_length               | 41.5         |
|    mean_reward                  | 146          |
|    victory_rate                 | 1            |
| time/                           |              |
|    total_timesteps              | 1000008      |
| train/                          |              |
|    approx_kl                    | 0.0057593584 |
|    clip_fraction                | 0.059        |
|    clip_range                   | 0.2          |
|    entropy_loss                 | -1.14        |
|    explained_variance           | 0.332        |
|    learning_rate                | 0.0003       |
|    loss                         | 0.0899       |
|    n_updates                    | 200          |
|    policy_gradient_loss         | -0.0029      |
|    value_loss                   | 0.226        |
--------------------------------------------------
New best model by deterministic victory rate!
---------------------------------
| rollout/           |          |
|    ep_len_mean     | 44.7     |
|    ep_rew_mean     | 144      |
| time/              |          |
|    fps             | 1001     |
|    iterations      | 41       |
|    time_elapsed    | 1005     |
|    total_timesteps | 1007616  |
---------------------------------
VecNormalize stats saved: /home/runner/work/Disciples2-RL/Disciples2-RL/github_experiments/133/hire_train/orc/seed133-hire_train-orc-33591314630-1/models/vecnormalize.pkl

Финальная модель сохранена: /home/runner/work/Disciples2-RL/Disciples2-RL/github_experiments/133/hire_train/orc/seed133-hire_train-orc-33591314630-1/models/final_model.zip

============================================================
ИТОГИ ОБУЧЕНИЯ:
  Побед: 13801
  Поражений: 2650
  Таймаутов: 2
  Побед бота столицы над врагами: 0
  Перестановок юнитов: 171830
  Терминальные поражения по противникам:
    enemy_1: 2650 — Целевой отряд: Орк слева, два Гоблина впереди и Гоблин лучник сзади
  Winrate: 83.9%
============================================================
  График призывов за эпизод: /home/runner/work/Disciples2-RL/Disciples2-RL/github_experiments/133/hire_train/orc/seed133-hire_train-orc-33591314630-1/plots/campaign_summoned_units_per_episode.png
  График призывов за всё обучение: /home/runner/work/Disciples2-RL/Disciples2-RL/github_experiments/133/hire_train/orc/seed133-hire_train-orc-33591314630-1/plots/campaign_summoned_units_cumulative.png
  График найма за эпизод: /home/runner/work/Disciples2-RL/Disciples2-RL/github_experiments/133/hire_train/orc/seed133-hire_train-orc-33591314630-1/plots/campaign_hired_units_per_episode.png
  График найма за всё обучение: /home/runner/work/Disciples2-RL/Disciples2-RL/github_experiments/133/hire_train/orc/seed133-hire_train-orc-33591314630-1/plots/campaign_hired_units_cumulative.png
  График перестановок юнитов за эпизод: /home/runner/work/Disciples2-RL/Disciples2-RL/github_experiments/133/hire_train/orc/seed133-hire_train-orc-33591314630-1/plots/campaign_unit_swaps_per_episode.png
  График боевых предметов: /home/runner/work/Disciples2-RL/Disciples2-RL/github_experiments/133/hire_train/orc/seed133-hire_train-orc-33591314630-1/plots/campaign_battle_item_activity.png
  График побед бота столицы за эпизод: /home/runner/work/Disciples2-RL/Disciples2-RL/github_experiments/133/hire_train/orc/seed133-hire_train-orc-33591314630-1/plots/campaign_scripted_bot_victories_per_episode.png
  График применения заклинаний: /home/runner/work/Disciples2-RL/Disciples2-RL/github_experiments/133/hire_train/orc/seed133-hire_train-orc-33591314630-1/plots/campaign_spell_cast_activity.png
