Проверка среды CampaignEnv...
Среда прошла проверку!
[INFO] Comet disabled, running without experiment tracking
Создание 12 параллельных сред (subproc)...
Инициализация MaskablePPO...
Using cpu device

============================================================
Запуск обучения Campaign Agent
Всего шагов: 1,000,000
Параллельных сред: 12
VecEnv: subproc
VecEnv start method: forkserver
Seed: 124
Checkpoint каждые: 500,000 шагов
Evaluation каждые: 83,334 шагов
Eval deterministic эпизодов: 20
Eval stochastic эпизодов: 0
Eval лимит шагов на эпизод: 5000
Campaign map: small
Campaign objective: dragon
System resources at training start:
  Platform: Linux 6.17.0-1020-azure (x86_64)
  Python: 3.14.6
  PyTorch: 2.13.0+cpu
  Training device: cpu
  CPU model: AMD EPYC 7763 64-Core Processor
  CPU vendor: AuthenticAMD
  Logical CPUs visible: 4
  Process CPU affinity: 4
  Sockets: 1
  Cores per socket: 2
  Threads per core: 2
  CPU max MHz: unknown
  CPU min MHz: unknown
  L1d cache: 64 KiB (2 instances)
  L1i cache: 64 KiB (2 instances)
  L2 cache: 1 MiB (2 instances)
  L3 cache: 32 MiB (1 instance)
  Virtualization: AMD-V
  Hypervisor: Microsoft
  RAM total: 15.61 GiB
  RAM available at start: 13.71 GiB
  Disk total: 144.26 GiB
  Disk free at start: 81.96 GiB
  Torch intra-op threads: 4
  Torch inter-op threads: 2
  OMP_NUM_THREADS: 4
  MKL_NUM_THREADS: 4
  OPENBLAS_NUM_THREADS: 4
  GitHub runner OS: Linux
  GitHub runner architecture: X64
  GitHub runner environment: github-hosted
PPO n_steps: 2,048
PPO batch_size: 512
PPO n_epochs: 5
PPO learning_rate: 0.0003
PPO clip_range: 0.2
PPO ent_coef: 0.01
PPO gamma: 0.995
PPO gae_lambda: 0.95
PPO target_kl: disabled
PPO gradient batches per rollout: 240
VecCheckNan: disabled
Freeze action layout: enabled
Empire territory: enabled
Torch threads per process: 4
Diagnostics: disabled
Wall-clock training limit: disabled
Run ID: seed124-small-green_dragon-31027379981-1
============================================================

Logging to /home/runner/work/Disciples2-RL/Disciples2-RL/github_experiments/124/small/green_dragon/seed124-small-green_dragon-31027379981-1/tensorboard/MaskablePPO_1
---------------------------------
| rollout/           |          |
|    ep_len_mean     | 101      |
|    ep_rew_mean     | -5.13    |
| time/              |          |
|    fps             | 476      |
|    iterations      | 1        |
|    time_elapsed    | 51       |
|    total_timesteps | 24576    |
---------------------------------
-----------------------------------------
| rollout/                |             |
|    ep_len_mean          | 131         |
|    ep_rew_mean          | -3.69       |
| time/                   |             |
|    fps                  | 462         |
|    iterations           | 2           |
|    time_elapsed         | 106         |
|    total_timesteps      | 49152       |
| train/                  |             |
|    approx_kl            | 0.010754321 |
|    clip_fraction        | 0.0969      |
|    clip_range           | 0.2         |
|    entropy_loss         | -2.22       |
|    explained_variance   | 0.0221      |
|    learning_rate        | 0.0003      |
|    loss                 | 0.262       |
|    n_updates            | 5           |
|    policy_gradient_loss | -0.00785    |
|    value_loss           | 0.576       |
-----------------------------------------
-----------------------------------------
| rollout/                |             |
|    ep_len_mean          | 167         |
|    ep_rew_mean          | -3.75       |
| time/                   |             |
|    fps                  | 457         |
|    iterations           | 3           |
|    time_elapsed         | 161         |
|    total_timesteps      | 73728       |
| train/                  |             |
|    approx_kl            | 0.011623692 |
|    clip_fraction        | 0.122       |
|    clip_range           | 0.2         |
|    entropy_loss         | -2.16       |
|    explained_variance   | 0.55        |
|    learning_rate        | 0.0003      |
|    loss                 | 0.112       |
|    n_updates            | 10          |
|    policy_gradient_loss | -0.0111     |
|    value_loss           | 0.27        |
-----------------------------------------
-----------------------------------------
| rollout/                |             |
|    ep_len_mean          | 206         |
|    ep_rew_mean          | 0.587       |
| time/                   |             |
|    fps                  | 454         |
|    iterations           | 4           |
|    time_elapsed         | 216         |
|    total_timesteps      | 98304       |
| train/                  |             |
|    approx_kl            | 0.011327416 |
|    clip_fraction        | 0.118       |
|    clip_range           | 0.2         |
|    entropy_loss         | -2.13       |
|    explained_variance   | 0.751       |
|    learning_rate        | 0.0003      |
|    loss                 | 0.0426      |
|    n_updates            | 15          |
|    policy_gradient_loss | -0.0122     |
|    value_loss           | 0.198       |
-----------------------------------------
------------------------------------------
| rollout/                |              |
|    ep_len_mean          | 236          |
|    ep_rew_mean          | 2.11         |
| time/                   |              |
|    fps                  | 452          |
|    iterations           | 5            |
|    time_elapsed         | 271          |
|    total_timesteps      | 122880       |
| train/                  |              |
|    approx_kl            | 0.0099187475 |
|    clip_fraction        | 0.11         |
|    clip_range           | 0.2          |
|    entropy_loss         | -2.1         |
|    explained_variance   | 0.756        |
|    learning_rate        | 0.0003       |
|    loss                 | 0.021        |
|    n_updates            | 20           |
|    policy_gradient_loss | -0.0105      |
|    value_loss           | 0.141        |
------------------------------------------
------------------------------------------
| rollout/                |              |
|    ep_len_mean          | 227          |
|    ep_rew_mean          | 4.59         |
| time/                   |              |
|    fps                  | 450          |
|    iterations           | 6            |
|    time_elapsed         | 327          |
|    total_timesteps      | 147456       |
| train/                  |              |
|    approx_kl            | 0.0103680445 |
|    clip_fraction        | 0.107        |
|    clip_range           | 0.2          |
|    entropy_loss         | -2.1         |
|    explained_variance   | 0.789        |
|    learning_rate        | 0.0003       |
|    loss                 | 0.0173       |
|    n_updates            | 25           |
|    policy_gradient_loss | -0.0103      |
|    value_loss           | 0.112        |
------------------------------------------
-----------------------------------------
| rollout/                |             |
|    ep_len_mean          | 218         |
|    ep_rew_mean          | 7.16        |
| time/                   |             |
|    fps                  | 448         |
|    iterations           | 7           |
|    time_elapsed         | 383         |
|    total_timesteps      | 172032      |
| train/                  |             |
|    approx_kl            | 0.009853243 |
|    clip_fraction        | 0.0925      |
|    clip_range           | 0.2         |
|    entropy_loss         | -2.07       |
|    explained_variance   | 0.823       |
|    learning_rate        | 0.0003      |
|    loss                 | 0.0142      |
|    n_updates            | 30          |
|    policy_gradient_loss | -0.00783    |
|    value_loss           | 0.102       |
-----------------------------------------
-----------------------------------------
| rollout/                |             |
|    ep_len_mean          | 204         |
|    ep_rew_mean          | 10.2        |
| time/                   |             |
|    fps                  | 447         |
|    iterations           | 8           |
|    time_elapsed         | 438         |
|    total_timesteps      | 196608      |
| train/                  |             |
|    approx_kl            | 0.008495859 |
|    clip_fraction        | 0.0915      |
|    clip_range           | 0.2         |
|    entropy_loss         | -2.07       |
|    explained_variance   | 0.83        |
|    learning_rate        | 0.0003      |
|    loss                 | 0.00148     |
|    n_updates            | 35          |
|    policy_gradient_loss | -0.00783    |
|    value_loss           | 0.0959      |
-----------------------------------------
-----------------------------------------
| rollout/                |             |
|    ep_len_mean          | 204         |
|    ep_rew_mean          | 13.8        |
| time/                   |             |
|    fps                  | 448         |
|    iterations           | 9           |
|    time_elapsed         | 493         |
|    total_timesteps      | 221184      |
| train/                  |             |
|    approx_kl            | 0.009454835 |
|    clip_fraction        | 0.102       |
|    clip_range           | 0.2         |
|    entropy_loss         | -2.04       |
|    explained_variance   | 0.816       |
|    learning_rate        | 0.0003      |
|    loss                 | 0.0295      |
|    n_updates            | 40          |
|    policy_gradient_loss | -0.00887    |
|    value_loss           | 0.113       |
-----------------------------------------
-----------------------------------------
| rollout/                |             |
|    ep_len_mean          | 175         |
|    ep_rew_mean          | 13          |
| time/                   |             |
|    fps                  | 448         |
|    iterations           | 10          |
|    time_elapsed         | 547         |
|    total_timesteps      | 245760      |
| train/                  |             |
|    approx_kl            | 0.008057007 |
|    clip_fraction        | 0.0806      |
|    clip_range           | 0.2         |
|    entropy_loss         | -2          |
|    explained_variance   | 0.794       |
|    learning_rate        | 0.0003      |
|    loss                 | 0.0531      |
|    n_updates            | 45          |
|    policy_gradient_loss | -0.00709    |
|    value_loss           | 0.125       |
-----------------------------------------
------------------------------------------
| rollout/                |              |
|    ep_len_mean          | 162          |
|    ep_rew_mean          | 14.4         |
| time/                   |              |
|    fps                  | 448          |
|    iterations           | 11           |
|    time_elapsed         | 602          |
|    total_timesteps      | 270336       |
| train/                  |              |
|    approx_kl            | 0.0075788326 |
|    clip_fraction        | 0.0691       |
|    clip_range           | 0.2          |
|    entropy_loss         | -1.95        |
|    explained_variance   | 0.825        |
|    learning_rate        | 0.0003       |
|    loss                 | 0.0199       |
|    n_updates            | 50           |
|    policy_gradient_loss | -0.00613     |
|    value_loss           | 0.0976       |
------------------------------------------
-----------------------------------------
| rollout/                |             |
|    ep_len_mean          | 149         |
|    ep_rew_mean          | 15.9        |
| time/                   |             |
|    fps                  | 449         |
|    iterations           | 12          |
|    time_elapsed         | 656         |
|    total_timesteps      | 294912      |
| train/                  |             |
|    approx_kl            | 0.008192766 |
|    clip_fraction        | 0.0853      |
|    clip_range           | 0.2         |
|    entropy_loss         | -1.91       |
|    explained_variance   | 0.825       |
|    learning_rate        | 0.0003      |
|    loss                 | 0.0266      |
|    n_updates            | 55          |
|    policy_gradient_loss | -0.00726    |
|    value_loss           | 0.104       |
-----------------------------------------
-----------------------------------------
| rollout/                |             |
|    ep_len_mean          | 166         |
|    ep_rew_mean          | 18.5        |
| time/                   |             |
|    fps                  | 450         |
|    iterations           | 13          |
|    time_elapsed         | 709         |
|    total_timesteps      | 319488      |
| train/                  |             |
|    approx_kl            | 0.007447289 |
|    clip_fraction        | 0.0715      |
|    clip_range           | 0.2         |
|    entropy_loss         | -1.87       |
|    explained_variance   | 0.841       |
|    learning_rate        | 0.0003      |
|    loss                 | 0.0191      |
|    n_updates            | 60          |
|    policy_gradient_loss | -0.00565    |
|    value_loss           | 0.0934      |
-----------------------------------------
-----------------------------------------
| rollout/                |             |
|    ep_len_mean          | 188         |
|    ep_rew_mean          | 23.4        |
| time/                   |             |
|    fps                  | 450         |
|    iterations           | 14          |
|    time_elapsed         | 763         |
|    total_timesteps      | 344064      |
| train/                  |             |
|    approx_kl            | 0.008673624 |
|    clip_fraction        | 0.0891      |
|    clip_range           | 0.2         |
|    entropy_loss         | -1.84       |
|    explained_variance   | 0.84        |
|    learning_rate        | 0.0003      |
|    loss                 | 0.0408      |
|    n_updates            | 65          |
|    policy_gradient_loss | -0.00713    |
|    value_loss           | 0.108       |
-----------------------------------------
-----------------------------------------
| rollout/                |             |
|    ep_len_mean          | 193         |
|    ep_rew_mean          | 26.5        |
| time/                   |             |
|    fps                  | 450         |
|    iterations           | 15          |
|    time_elapsed         | 817         |
|    total_timesteps      | 368640      |
| train/                  |             |
|    approx_kl            | 0.008154124 |
|    clip_fraction        | 0.082       |
|    clip_range           | 0.2         |
|    entropy_loss         | -1.84       |
|    explained_variance   | 0.834       |
|    learning_rate        | 0.0003      |
|    loss                 | 0.0243      |
|    n_updates            | 70          |
|    policy_gradient_loss | -0.00663    |
|    value_loss           | 0.103       |
-----------------------------------------
-----------------------------------------
| rollout/                |             |
|    ep_len_mean          | 176         |
|    ep_rew_mean          | 23.8        |
| time/                   |             |
|    fps                  | 451         |
|    iterations           | 16          |
|    time_elapsed         | 871         |
|    total_timesteps      | 393216      |
| train/                  |             |
|    approx_kl            | 0.006953358 |
|    clip_fraction        | 0.0729      |
|    clip_range           | 0.2         |
|    entropy_loss         | -1.82       |
|    explained_variance   | 0.822       |
|    learning_rate        | 0.0003      |
|    loss                 | 0.0319      |
|    n_updates            | 75          |
|    policy_gradient_loss | -0.00585    |
|    value_loss           | 0.111       |
-----------------------------------------
-----------------------------------------
| rollout/                |             |
|    ep_len_mean          | 181         |
|    ep_rew_mean          | 27          |
| time/                   |             |
|    fps                  | 451         |
|    iterations           | 17          |
|    time_elapsed         | 924         |
|    total_timesteps      | 417792      |
| train/                  |             |
|    approx_kl            | 0.006947813 |
|    clip_fraction        | 0.0747      |
|    clip_range           | 0.2         |
|    entropy_loss         | -1.81       |
|    explained_variance   | 0.816       |
|    learning_rate        | 0.0003      |
|    loss                 | 0.0304      |
|    n_updates            | 80          |
|    policy_gradient_loss | -0.00454    |
|    value_loss           | 0.117       |
-----------------------------------------
-----------------------------------------
| rollout/                |             |
|    ep_len_mean          | 196         |
|    ep_rew_mean          | 29.5        |
| time/                   |             |
|    fps                  | 452         |
|    iterations           | 18          |
|    time_elapsed         | 976         |
|    total_timesteps      | 442368      |
| train/                  |             |
|    approx_kl            | 0.006908016 |
|    clip_fraction        | 0.0741      |
|    clip_range           | 0.2         |
|    entropy_loss         | -1.78       |
|    explained_variance   | 0.813       |
|    learning_rate        | 0.0003      |
|    loss                 | 0.0288      |
|    n_updates            | 85          |
|    policy_gradient_loss | -0.00588    |
|    value_loss           | 0.117       |
-----------------------------------------
------------------------------------------
| rollout/                |              |
|    ep_len_mean          | 201          |
|    ep_rew_mean          | 31.3         |
| time/                   |              |
|    fps                  | 453          |
|    iterations           | 19           |
|    time_elapsed         | 1029         |
|    total_timesteps      | 466944       |
| train/                  |              |
|    approx_kl            | 0.0075935894 |
|    clip_fraction        | 0.0779       |
|    clip_range           | 0.2          |
|    entropy_loss         | -1.76        |
|    explained_variance   | 0.824        |
|    learning_rate        | 0.0003       |
|    loss                 | 0.0321       |
|    n_updates            | 90           |
|    policy_gradient_loss | -0.00647     |
|    value_loss           | 0.103        |
------------------------------------------
-----------------------------------------
| rollout/                |             |
|    ep_len_mean          | 175         |
|    ep_rew_mean          | 27.5        |
| time/                   |             |
|    fps                  | 454         |
|    iterations           | 20          |
|    time_elapsed         | 1081        |
|    total_timesteps      | 491520      |
| train/                  |             |
|    approx_kl            | 0.008148331 |
|    clip_fraction        | 0.0834      |
|    clip_range           | 0.2         |
|    entropy_loss         | -1.77       |
|    explained_variance   | 0.806       |
|    learning_rate        | 0.0003      |
|    loss                 | 0.0243      |
|    n_updates            | 95          |
|    policy_gradient_loss | -0.00569    |
|    value_loss           | 0.115       |
-----------------------------------------
[Checkpoint] Saved at 500000 steps > /home/runner/work/Disciples2-RL/Disciples2-RL/github_experiments/124/small/green_dragon/seed124-small-green_dragon-31027379981-1/checkpoints/campaign_ppo_step_500000.zip
-----------------------------------------
| rollout/                |             |
|    ep_len_mean          | 198         |
|    ep_rew_mean          | 29.9        |
| time/                   |             |
|    fps                  | 455         |
|    iterations           | 21          |
|    time_elapsed         | 1134        |
|    total_timesteps      | 516096      |
| train/                  |             |
|    approx_kl            | 0.007433016 |
|    clip_fraction        | 0.0845      |
|    clip_range           | 0.2         |
|    entropy_loss         | -1.74       |
|    explained_variance   | 0.827       |
|    learning_rate        | 0.0003      |
|    loss                 | 0.0262      |
|    n_updates            | 100         |
|    policy_gradient_loss | -0.00528    |
|    value_loss           | 0.116       |
-----------------------------------------
------------------------------------------
| rollout/                |              |
|    ep_len_mean          | 252          |
|    ep_rew_mean          | 29.3         |
| time/                   |              |
|    fps                  | 455          |
|    iterations           | 22           |
|    time_elapsed         | 1186         |
|    total_timesteps      | 540672       |
| train/                  |              |
|    approx_kl            | 0.0073196865 |
|    clip_fraction        | 0.071        |
|    clip_range           | 0.2          |
|    entropy_loss         | -1.75        |
|    explained_variance   | 0.879        |
|    learning_rate        | 0.0003       |
|    loss                 | 0.018        |
|    n_updates            | 105          |
|    policy_gradient_loss | -0.00476     |
|    value_loss           | 0.0904       |
------------------------------------------
-----------------------------------------
| rollout/                |             |
|    ep_len_mean          | 206         |
|    ep_rew_mean          | 35.5        |
| time/                   |             |
|    fps                  | 455         |
|    iterations           | 23          |
|    time_elapsed         | 1239        |
|    total_timesteps      | 565248      |
| train/                  |             |
|    approx_kl            | 0.008293532 |
|    clip_fraction        | 0.0879      |
|    clip_range           | 0.2         |
|    entropy_loss         | -1.74       |
|    explained_variance   | 0.881       |
|    learning_rate        | 0.0003      |
|    loss                 | 0.0157      |
|    n_updates            | 110         |
|    policy_gradient_loss | -0.00486    |
|    value_loss           | 0.0878      |
-----------------------------------------
----------------------------------------
| rollout/                |            |
|    ep_len_mean          | 211        |
|    ep_rew_mean          | 35.8       |
| time/                   |            |
|    fps                  | 456        |
|    iterations           | 24         |
|    time_elapsed         | 1292       |
|    total_timesteps      | 589824     |
| train/                  |            |
|    approx_kl            | 0.00738584 |
|    clip_fraction        | 0.0829     |
|    clip_range           | 0.2        |
|    entropy_loss         | -1.72      |
|    explained_variance   | 0.864      |
|    learning_rate        | 0.0003     |
|    loss                 | 0.0385     |
|    n_updates            | 115        |
|    policy_gradient_loss | -0.00559   |
|    value_loss           | 0.0874     |
----------------------------------------
-----------------------------------------
| rollout/                |             |
|    ep_len_mean          | 226         |
|    ep_rew_mean          | 39.9        |
| time/                   |             |
|    fps                  | 456         |
|    iterations           | 25          |
|    time_elapsed         | 1346        |
|    total_timesteps      | 614400      |
| train/                  |             |
|    approx_kl            | 0.007953898 |
|    clip_fraction        | 0.0866      |
|    clip_range           | 0.2         |
|    entropy_loss         | -1.72       |
|    explained_variance   | 0.864       |
|    learning_rate        | 0.0003      |
|    loss                 | 0.0139      |
|    n_updates            | 120         |
|    policy_gradient_loss | -0.00532    |
|    value_loss           | 0.0918      |
-----------------------------------------
-----------------------------------------
| rollout/                |             |
|    ep_len_mean          | 250         |
|    ep_rew_mean          | 38.6        |
| time/                   |             |
|    fps                  | 456         |
|    iterations           | 26          |
|    time_elapsed         | 1398        |
|    total_timesteps      | 638976      |
| train/                  |             |
|    approx_kl            | 0.008142702 |
|    clip_fraction        | 0.0792      |
|    clip_range           | 0.2         |
|    entropy_loss         | -1.7        |
|    explained_variance   | 0.896       |
|    learning_rate        | 0.0003      |
|    loss                 | 0.0107      |
|    n_updates            | 125         |
|    policy_gradient_loss | -0.00621    |
|    value_loss           | 0.0809      |
-----------------------------------------
-----------------------------------------
| rollout/                |             |
|    ep_len_mean          | 204         |
|    ep_rew_mean          | 42.9        |
| time/                   |             |
|    fps                  | 457         |
|    iterations           | 27          |
|    time_elapsed         | 1450        |
|    total_timesteps      | 663552      |
| train/                  |             |
|    approx_kl            | 0.007653795 |
|    clip_fraction        | 0.0851      |
|    clip_range           | 0.2         |
|    entropy_loss         | -1.68       |
|    explained_variance   | 0.908       |
|    learning_rate        | 0.0003      |
|    loss                 | 0.0181      |
|    n_updates            | 130         |
|    policy_gradient_loss | -0.005      |
|    value_loss           | 0.0793      |
-----------------------------------------
-----------------------------------------
| rollout/                |             |
|    ep_len_mean          | 207         |
|    ep_rew_mean          | 37.9        |
| time/                   |             |
|    fps                  | 457         |
|    iterations           | 28          |
|    time_elapsed         | 1502        |
|    total_timesteps      | 688128      |
| train/                  |             |
|    approx_kl            | 0.007598892 |
|    clip_fraction        | 0.0853      |
|    clip_range           | 0.2         |
|    entropy_loss         | -1.64       |
|    explained_variance   | 0.88        |
|    learning_rate        | 0.0003      |
|    loss                 | 0.0107      |
|    n_updates            | 135         |
|    policy_gradient_loss | -0.00473    |
|    value_loss           | 0.0841      |
-----------------------------------------
-----------------------------------------
| rollout/                |             |
|    ep_len_mean          | 203         |
|    ep_rew_mean          | 42          |
| time/                   |             |
|    fps                  | 458         |
|    iterations           | 29          |
|    time_elapsed         | 1555        |
|    total_timesteps      | 712704      |
| train/                  |             |
|    approx_kl            | 0.007970417 |
|    clip_fraction        | 0.0742      |
|    clip_range           | 0.2         |
|    entropy_loss         | -1.6        |
|    explained_variance   | 0.904       |
|    learning_rate        | 0.0003      |
|    loss                 | 0.0194      |
|    n_updates            | 140         |
|    policy_gradient_loss | -0.00494    |
|    value_loss           | 0.0828      |
-----------------------------------------
-----------------------------------------
| rollout/                |             |
|    ep_len_mean          | 220         |
|    ep_rew_mean          | 44.5        |
| time/                   |             |
|    fps                  | 458         |
|    iterations           | 30          |
|    time_elapsed         | 1608        |
|    total_timesteps      | 737280      |
| train/                  |             |
|    approx_kl            | 0.007291268 |
|    clip_fraction        | 0.09        |
|    clip_range           | 0.2         |
|    entropy_loss         | -1.6        |
|    explained_variance   | 0.909       |
|    learning_rate        | 0.0003      |
|    loss                 | -0.00161    |
|    n_updates            | 145         |
|    policy_gradient_loss | -0.00698    |
|    value_loss           | 0.071       |
-----------------------------------------
-----------------------------------------
| rollout/                |             |
|    ep_len_mean          | 222         |
|    ep_rew_mean          | 46.7        |
| time/                   |             |
|    fps                  | 458         |
|    iterations           | 31          |
|    time_elapsed         | 1660        |
|    total_timesteps      | 761856      |
| train/                  |             |
|    approx_kl            | 0.007458724 |
|    clip_fraction        | 0.0787      |
|    clip_range           | 0.2         |
|    entropy_loss         | -1.59       |
|    explained_variance   | 0.9         |
|    learning_rate        | 0.0003      |
|    loss                 | 0.00337     |
|    n_updates            | 150         |
|    policy_gradient_loss | -0.00532    |
|    value_loss           | 0.079       |
-----------------------------------------
-----------------------------------------
| rollout/                |             |
|    ep_len_mean          | 221         |
|    ep_rew_mean          | 47.1        |
| time/                   |             |
|    fps                  | 459         |
|    iterations           | 32          |
|    time_elapsed         | 1713        |
|    total_timesteps      | 786432      |
| train/                  |             |
|    approx_kl            | 0.008189365 |
|    clip_fraction        | 0.0883      |
|    clip_range           | 0.2         |
|    entropy_loss         | -1.59       |
|    explained_variance   | 0.897       |
|    learning_rate        | 0.0003      |
|    loss                 | 0.00974     |
|    n_updates            | 155         |
|    policy_gradient_loss | -0.00602    |
|    value_loss           | 0.0788      |
-----------------------------------------
-----------------------------------------
| rollout/                |             |
|    ep_len_mean          | 226         |
|    ep_rew_mean          | 46.8        |
| time/                   |             |
|    fps                  | 459         |
|    iterations           | 33          |
|    time_elapsed         | 1764        |
|    total_timesteps      | 811008      |
| train/                  |             |
|    approx_kl            | 0.007872548 |
|    clip_fraction        | 0.0863      |
|    clip_range           | 0.2         |
|    entropy_loss         | -1.57       |
|    explained_variance   | 0.936       |
|    learning_rate        | 0.0003      |
|    loss                 | 0.0114      |
|    n_updates            | 160         |
|    policy_gradient_loss | -0.00454    |
|    value_loss           | 0.0573      |
-----------------------------------------
-----------------------------------------
| rollout/                |             |
|    ep_len_mean          | 274         |
|    ep_rew_mean          | 49.5        |
| time/                   |             |
|    fps                  | 459         |
|    iterations           | 34          |
|    time_elapsed         | 1818        |
|    total_timesteps      | 835584      |
| train/                  |             |
|    approx_kl            | 0.008206527 |
|    clip_fraction        | 0.0799      |
|    clip_range           | 0.2         |
|    entropy_loss         | -1.51       |
|    explained_variance   | 0.949       |
|    learning_rate        | 0.0003      |
|    loss                 | 0.00643     |
|    n_updates            | 165         |
|    policy_gradient_loss | -0.00437    |
|    value_loss           | 0.0612      |
-----------------------------------------
-----------------------------------------
| rollout/                |             |
|    ep_len_mean          | 260         |
|    ep_rew_mean          | 44.4        |
| time/                   |             |
|    fps                  | 460         |
|    iterations           | 35          |
|    time_elapsed         | 1869        |
|    total_timesteps      | 860160      |
| train/                  |             |
|    approx_kl            | 0.007122712 |
|    clip_fraction        | 0.0901      |
|    clip_range           | 0.2         |
|    entropy_loss         | -1.52       |
|    explained_variance   | 0.957       |
|    learning_rate        | 0.0003      |
|    loss                 | -0.000908   |
|    n_updates            | 170         |
|    policy_gradient_loss | -0.00559    |
|    value_loss           | 0.0507      |
-----------------------------------------
-----------------------------------------
| rollout/                |             |
|    ep_len_mean          | 250         |
|    ep_rew_mean          | 48.4        |
| time/                   |             |
|    fps                  | 460         |
|    iterations           | 36          |
|    time_elapsed         | 1921        |
|    total_timesteps      | 884736      |
| train/                  |             |
|    approx_kl            | 0.008466019 |
|    clip_fraction        | 0.0802      |
|    clip_range           | 0.2         |
|    entropy_loss         | -1.48       |
|    explained_variance   | 0.953       |
|    learning_rate        | 0.0003      |
|    loss                 | 0.0107      |
|    n_updates            | 175         |
|    policy_gradient_loss | -0.00438    |
|    value_loss           | 0.0565      |
-----------------------------------------
-----------------------------------------
| rollout/                |             |
|    ep_len_mean          | 236         |
|    ep_rew_mean          | 51.3        |
| time/                   |             |
|    fps                  | 460         |
|    iterations           | 37          |
|    time_elapsed         | 1972        |
|    total_timesteps      | 909312      |
| train/                  |             |
|    approx_kl            | 0.007769607 |
|    clip_fraction        | 0.0846      |
|    clip_range           | 0.2         |
|    entropy_loss         | -1.47       |
|    explained_variance   | 0.941       |
|    learning_rate        | 0.0003      |
|    loss                 | 0.00275     |
|    n_updates            | 180         |
|    policy_gradient_loss | -0.00554    |
|    value_loss           | 0.0581      |
-----------------------------------------
-----------------------------------------
| rollout/                |             |
|    ep_len_mean          | 235         |
|    ep_rew_mean          | 52.2        |
| time/                   |             |
|    fps                  | 461         |
|    iterations           | 38          |
|    time_elapsed         | 2024        |
|    total_timesteps      | 933888      |
| train/                  |             |
|    approx_kl            | 0.008130577 |
|    clip_fraction        | 0.0945      |
|    clip_range           | 0.2         |
|    entropy_loss         | -1.44       |
|    explained_variance   | 0.943       |
|    learning_rate        | 0.0003      |
|    loss                 | 0.0111      |
|    n_updates            | 185         |
|    policy_gradient_loss | -0.00497    |
|    value_loss           | 0.0546      |
-----------------------------------------
----------------------------------------
| rollout/                |            |
|    ep_len_mean          | 213        |
|    ep_rew_mean          | 51.1       |
| time/                   |            |
|    fps                  | 461        |
|    iterations           | 39         |
|    time_elapsed         | 2075       |
|    total_timesteps      | 958464     |
| train/                  |            |
|    approx_kl            | 0.00917481 |
|    clip_fraction        | 0.0991     |
|    clip_range           | 0.2        |
|    entropy_loss         | -1.44      |
|    explained_variance   | 0.954      |
|    learning_rate        | 0.0003     |
|    loss                 | 0.0141     |
|    n_updates            | 190        |
|    policy_gradient_loss | -0.00604   |
|    value_loss           | 0.0552     |
----------------------------------------
------------------------------------------
| rollout/                |              |
|    ep_len_mean          | 228          |
|    ep_rew_mean          | 51.2         |
| time/                   |              |
|    fps                  | 462          |
|    iterations           | 40           |
|    time_elapsed         | 2127         |
|    total_timesteps      | 983040       |
| train/                  |              |
|    approx_kl            | 0.0074237906 |
|    clip_fraction        | 0.0891       |
|    clip_range           | 0.2          |
|    entropy_loss         | -1.41        |
|    explained_variance   | 0.94         |
|    learning_rate        | 0.0003       |
|    loss                 | 0.0179       |
|    n_updates            | 195          |
|    policy_gradient_loss | -0.0046      |
|    value_loss           | 0.0627       |
------------------------------------------
[Checkpoint] Saved at 1000000 steps > /home/runner/work/Disciples2-RL/Disciples2-RL/github_experiments/124/small/green_dragon/seed124-small-green_dragon-31027379981-1/checkpoints/campaign_ppo_step_1000000.zip
Eval num_timesteps=1000008, det_reward=54.81 +/- 2.40
Episode length: det=138.60 +/- 3.64
Victory rate: det=0.00%
--------------------------------------------------
| eval/                           |              |
|    deterministic_mean_ep_length | 139          |
|    deterministic_mean_reward    | 54.8         |
|    deterministic_victory_rate   | 0            |
|    mean_ep_length               | 139          |
|    mean_reward                  | 54.8         |
|    victory_rate                 | 0            |
| time/                           |              |
|    total_timesteps              | 1000008      |
| train/                          |              |
|    approx_kl                    | 0.0077772387 |
|    clip_fraction                | 0.0887       |
|    clip_range                   | 0.2          |
|    entropy_loss                 | -1.38        |
|    explained_variance           | 0.949        |
|    learning_rate                | 0.0003       |
|    loss                         | 0.00518      |
|    n_updates                    | 200          |
|    policy_gradient_loss         | -0.00425     |
|    value_loss                   | 0.0547       |
--------------------------------------------------
New best model by deterministic victory rate!
---------------------------------
| rollout/           |          |
|    ep_len_mean     | 232      |
|    ep_rew_mean     | 53.3     |
| time/              |          |
|    fps             | 460      |
|    iterations      | 41       |
|    time_elapsed    | 2189     |
|    total_timesteps | 1007616  |
---------------------------------
VecNormalize stats saved: /home/runner/work/Disciples2-RL/Disciples2-RL/github_experiments/124/small/green_dragon/seed124-small-green_dragon-31027379981-1/models/vecnormalize.pkl

Финальная модель сохранена: /home/runner/work/Disciples2-RL/Disciples2-RL/github_experiments/124/small/green_dragon/seed124-small-green_dragon-31027379981-1/models/final_model.zip

============================================================
ИТОГИ ОБУЧЕНИЯ:
  Побед: 0
  Поражений: 5045
  Таймаутов: 5
  Побед бота столицы над врагами: 0
  Перестановок юнитов: 199286
  Терминальные поражения по противникам:
    enemy_7: 922 — Отряд: воин + привидение спереди, колдун + призрак + привидение сзади
    enemy_15: 603 — Отряд: 2 привидения спереди, вампир сзади
    enemy_29: 532 — Отряд: 3 скваера на передней линии
    enemy_31: 447 — Отряд: зеленый дракон
    enemy_34: 341 — Отряд Порта Полонис: Воин спереди, Колдун, Нигош (Носферату) и Привидение сзади
    enemy_74: 329 — Руины (43, 34): Лорд Тьмы, Лич
    enemy_23: 276 — Отряд: волк на передней линии
    enemy_21: 256 — Отряд: зомби спереди, привидение сзади
    enemy_25: 219 — Отряд: копейщик спереди и служка сзади
    enemy_3: 189 — Отряд: орк чемпион на передней линии
    enemy_9: 155 — Отряд: тамплиер спереди, колдун и призрак сзади
    enemy_27: 152 — Отряд: скваер в центре и 2 крестьянина на передней линии
    enemy_17: 129 — Отряд: воин спереди, 2 призрака и привидение сзади
    enemy_61: 94 — Отряд: Зомби, Призрак
    enemy_39: 69 — Отряд: Волк, Варвар
    enemy_65: 62 — Отряд: Кентавр копейщик, Рейнджер
    enemy_11: 62 — Отряд: оборотень спереди и тень сзади
    enemy_5: 51 — Отряд: орк чемпион на передней линии
    enemy_57: 34 — Отряд: Призрак, Привидение, Воин
    enemy_13: 33 — Отряд: 2 зомби спереди и привидение сзади
    enemy_59: 24 — Отряд: Зомби
    enemy_63: 18 — Отряд: Разбойник
    enemy_70: 17 — Руины (15, 9): Орк, Гоблин, Гоблин
    enemy_35: 14 — Отряд Соругириллы: Унфегра (Королева личей), Виверна
    enemy_68: 6 — Внутренний гарнизон Порта Полонис: Зомби, Воин
    enemy_19: 4 — Отряд: зомби спереди, привидение сзади
    enemy_1: 3 — Отряд: волк на передней линии
    enemy_69: 2 — Внутренний гарнизон Соругириллы: Зомби, Воин
    enemy_75: 1 — Страж столицы Империи: Мизраэль
    enemy_37: 1 — Отряд: Гном, Травница, Алхимик
  Winrate: 0.0%
============================================================
  График призывов за эпизод: /home/runner/work/Disciples2-RL/Disciples2-RL/github_experiments/124/small/green_dragon/seed124-small-green_dragon-31027379981-1/plots/campaign_summoned_units_per_episode.png
  График призывов за всё обучение: /home/runner/work/Disciples2-RL/Disciples2-RL/github_experiments/124/small/green_dragon/seed124-small-green_dragon-31027379981-1/plots/campaign_summoned_units_cumulative.png
  График найма за эпизод: /home/runner/work/Disciples2-RL/Disciples2-RL/github_experiments/124/small/green_dragon/seed124-small-green_dragon-31027379981-1/plots/campaign_hired_units_per_episode.png
  График найма за всё обучение: /home/runner/work/Disciples2-RL/Disciples2-RL/github_experiments/124/small/green_dragon/seed124-small-green_dragon-31027379981-1/plots/campaign_hired_units_cumulative.png
  График перестановок юнитов за эпизод: /home/runner/work/Disciples2-RL/Disciples2-RL/github_experiments/124/small/green_dragon/seed124-small-green_dragon-31027379981-1/plots/campaign_unit_swaps_per_episode.png
  График боевых предметов: /home/runner/work/Disciples2-RL/Disciples2-RL/github_experiments/124/small/green_dragon/seed124-small-green_dragon-31027379981-1/plots/campaign_battle_item_activity.png
  График побед бота столицы за эпизод: /home/runner/work/Disciples2-RL/Disciples2-RL/github_experiments/124/small/green_dragon/seed124-small-green_dragon-31027379981-1/plots/campaign_scripted_bot_victories_per_episode.png
  График применения заклинаний: /home/runner/work/Disciples2-RL/Disciples2-RL/github_experiments/124/small/green_dragon/seed124-small-green_dragon-31027379981-1/plots/campaign_spell_cast_activity.png
