Проверка среды CampaignEnv...
Среда прошла проверку!
[INFO] Comet disabled, running without experiment tracking
Создание 12 параллельных сред (subproc)...
Инициализация MaskablePPO...
Using cpu device

============================================================
Запуск обучения Campaign Agent
Всего шагов: 1,000,000
Параллельных сред: 12
VecEnv: subproc
VecEnv start method: forkserver
Seed: 137
Checkpoint каждые: 500,000 шагов
Evaluation каждые: 83,334 шагов
Eval deterministic эпизодов: 20
Eval stochastic эпизодов: 0
Eval лимит шагов на эпизод: 5000
Campaign map: magic_train
Campaign objective: all_enemies
System resources at training start:
  Platform: Linux 6.17.0-1022-azure (x86_64)
  Python: 3.14.7
  PyTorch: 2.14.0+cpu
  Training device: cpu
  CPU model: AMD EPYC 7763 64-Core Processor
  CPU vendor: AuthenticAMD
  Logical CPUs visible: 4
  Process CPU affinity: 4
  Sockets: 1
  Cores per socket: 2
  Threads per core: 2
  CPU max MHz: unknown
  CPU min MHz: unknown
  L1d cache: 64 KiB (2 instances)
  L1i cache: 64 KiB (2 instances)
  L2 cache: 1 MiB (2 instances)
  L3 cache: 32 MiB (1 instance)
  Virtualization: AMD-V
  Hypervisor: Microsoft
  RAM total: 15.61 GiB
  RAM available at start: 13.94 GiB
  Disk total: 144.26 GiB
  Disk free at start: 74.61 GiB
  Torch intra-op threads: 4
  Torch inter-op threads: 2
  OMP_NUM_THREADS: 4
  MKL_NUM_THREADS: 4
  OPENBLAS_NUM_THREADS: 4
  GitHub runner OS: Linux
  GitHub runner architecture: X64
  GitHub runner environment: github-hosted
PPO n_steps: 2,048
PPO batch_size: 512
PPO n_epochs: 5
PPO learning_rate: 0.0003
PPO clip_range: 0.2
PPO ent_coef: 0.01
PPO gamma: 0.995
PPO gae_lambda: 0.95
PPO target_kl: disabled
PPO gradient batches per rollout: 240
VecCheckNan: disabled
Freeze action layout: enabled
Empire territory: enabled
Torch threads per process: 4
Diagnostics: disabled
Wall-clock training limit: disabled
Run ID: seed137-magic_train-all_enemies-35438867173-1
============================================================

Logging to /home/runner/work/Disciples2-RL/Disciples2-RL/github_experiments/137/magic_train/all_enemies/seed137-magic_train-all_enemies-35438867173-1/tensorboard/MaskablePPO_1
------------------------------
| time/              |       |
|    fps             | 495   |
|    iterations      | 1     |
|    time_elapsed    | 49    |
|    total_timesteps | 24576 |
------------------------------
-----------------------------------------
| time/                   |             |
|    fps                  | 485         |
|    iterations           | 2           |
|    time_elapsed         | 101         |
|    total_timesteps      | 49152       |
| train/                  |             |
|    approx_kl            | 0.010505321 |
|    clip_fraction        | 0.103       |
|    clip_range           | 0.2         |
|    entropy_loss         | -2.3        |
|    explained_variance   | 0.271       |
|    learning_rate        | 0.0003      |
|    loss                 | -0.00359    |
|    n_updates            | 5           |
|    policy_gradient_loss | -0.00543    |
|    value_loss           | 0.125       |
-----------------------------------------
-----------------------------------------
| rollout/                |             |
|    ep_len_mean          | 4.16e+03    |
|    ep_rew_mean          | -106        |
| time/                   |             |
|    fps                  | 481         |
|    iterations           | 3           |
|    time_elapsed         | 152         |
|    total_timesteps      | 73728       |
| train/                  |             |
|    approx_kl            | 0.009617623 |
|    clip_fraction        | 0.0988      |
|    clip_range           | 0.2         |
|    entropy_loss         | -2.23       |
|    explained_variance   | -0.0659     |
|    learning_rate        | 0.0003      |
|    loss                 | -0.0191     |
|    n_updates            | 10          |
|    policy_gradient_loss | -0.00645    |
|    value_loss           | 0.0114      |
-----------------------------------------
-----------------------------------------
| rollout/                |             |
|    ep_len_mean          | 4.16e+03    |
|    ep_rew_mean          | -106        |
| time/                   |             |
|    fps                  | 479         |
|    iterations           | 4           |
|    time_elapsed         | 204         |
|    total_timesteps      | 98304       |
| train/                  |             |
|    approx_kl            | 0.007509067 |
|    clip_fraction        | 0.0483      |
|    clip_range           | 0.2         |
|    entropy_loss         | -2.28       |
|    explained_variance   | 0.679       |
|    learning_rate        | 0.0003      |
|    loss                 | -0.0318     |
|    n_updates            | 15          |
|    policy_gradient_loss | -0.00482    |
|    value_loss           | 0.0171      |
-----------------------------------------
-----------------------------------------
| rollout/                |             |
|    ep_len_mean          | 4.13e+03    |
|    ep_rew_mean          | -110        |
| time/                   |             |
|    fps                  | 479         |
|    iterations           | 5           |
|    time_elapsed         | 256         |
|    total_timesteps      | 122880      |
| train/                  |             |
|    approx_kl            | 0.010384426 |
|    clip_fraction        | 0.0858      |
|    clip_range           | 0.2         |
|    entropy_loss         | -2.18       |
|    explained_variance   | 0.862       |
|    learning_rate        | 0.0003      |
|    loss                 | -0.0341     |
|    n_updates            | 20          |
|    policy_gradient_loss | -0.00651    |
|    value_loss           | 0.00992     |
-----------------------------------------
----------------------------------------
| rollout/                |            |
|    ep_len_mean          | 4.13e+03   |
|    ep_rew_mean          | -110       |
| time/                   |            |
|    fps                  | 477        |
|    iterations           | 6          |
|    time_elapsed         | 308        |
|    total_timesteps      | 147456     |
| train/                  |            |
|    approx_kl            | 0.00927369 |
|    clip_fraction        | 0.0538     |
|    clip_range           | 0.2        |
|    entropy_loss         | -2.27      |
|    explained_variance   | 0.867      |
|    learning_rate        | 0.0003     |
|    loss                 | -0.0108    |
|    n_updates            | 25         |
|    policy_gradient_loss | -0.00476   |
|    value_loss           | 0.0149     |
----------------------------------------
----------------------------------------
| rollout/                |            |
|    ep_len_mean          | 4.12e+03   |
|    ep_rew_mean          | -107       |
| time/                   |            |
|    fps                  | 478        |
|    iterations           | 7          |
|    time_elapsed         | 359        |
|    total_timesteps      | 172032     |
| train/                  |            |
|    approx_kl            | 0.00980704 |
|    clip_fraction        | 0.0849     |
|    clip_range           | 0.2        |
|    entropy_loss         | -2.19      |
|    explained_variance   | 0.929      |
|    learning_rate        | 0.0003     |
|    loss                 | -0.0226    |
|    n_updates            | 30         |
|    policy_gradient_loss | -0.00591   |
|    value_loss           | 0.00742    |
----------------------------------------
------------------------------------------
| rollout/                |              |
|    ep_len_mean          | 4.12e+03     |
|    ep_rew_mean          | -107         |
| time/                   |              |
|    fps                  | 477          |
|    iterations           | 8            |
|    time_elapsed         | 411          |
|    total_timesteps      | 196608       |
| train/                  |              |
|    approx_kl            | 0.0107897045 |
|    clip_fraction        | 0.0807       |
|    clip_range           | 0.2          |
|    entropy_loss         | -2.25        |
|    explained_variance   | 0.883        |
|    learning_rate        | 0.0003       |
|    loss                 | -0.0249      |
|    n_updates            | 35           |
|    policy_gradient_loss | -0.00632     |
|    value_loss           | 0.018        |
------------------------------------------
-----------------------------------------
| rollout/                |             |
|    ep_len_mean          | 4.11e+03    |
|    ep_rew_mean          | -104        |
| time/                   |             |
|    fps                  | 477         |
|    iterations           | 9           |
|    time_elapsed         | 462         |
|    total_timesteps      | 221184      |
| train/                  |             |
|    approx_kl            | 0.009161151 |
|    clip_fraction        | 0.0646      |
|    clip_range           | 0.2         |
|    entropy_loss         | -2.18       |
|    explained_variance   | 0.961       |
|    learning_rate        | 0.0003      |
|    loss                 | -0.0311     |
|    n_updates            | 40          |
|    policy_gradient_loss | -0.00408    |
|    value_loss           | 0.00929     |
-----------------------------------------
-----------------------------------------
| rollout/                |             |
|    ep_len_mean          | 4.11e+03    |
|    ep_rew_mean          | -104        |
| time/                   |             |
|    fps                  | 476         |
|    iterations           | 10          |
|    time_elapsed         | 515         |
|    total_timesteps      | 245760      |
| train/                  |             |
|    approx_kl            | 0.008835544 |
|    clip_fraction        | 0.071       |
|    clip_range           | 0.2         |
|    entropy_loss         | -2.23       |
|    explained_variance   | 0.919       |
|    learning_rate        | 0.0003      |
|    loss                 | -0.0207     |
|    n_updates            | 45          |
|    policy_gradient_loss | -0.00603    |
|    value_loss           | 0.0159      |
-----------------------------------------
-----------------------------------------
| rollout/                |             |
|    ep_len_mean          | 4.11e+03    |
|    ep_rew_mean          | -103        |
| time/                   |             |
|    fps                  | 477         |
|    iterations           | 11          |
|    time_elapsed         | 566         |
|    total_timesteps      | 270336      |
| train/                  |             |
|    approx_kl            | 0.011252704 |
|    clip_fraction        | 0.105       |
|    clip_range           | 0.2         |
|    entropy_loss         | -2.14       |
|    explained_variance   | 0.941       |
|    learning_rate        | 0.0003      |
|    loss                 | -0.0186     |
|    n_updates            | 50          |
|    policy_gradient_loss | -0.00535    |
|    value_loss           | 0.0151      |
-----------------------------------------
-----------------------------------------
| rollout/                |             |
|    ep_len_mean          | 4.11e+03    |
|    ep_rew_mean          | -103        |
| time/                   |             |
|    fps                  | 478         |
|    iterations           | 12          |
|    time_elapsed         | 616         |
|    total_timesteps      | 294912      |
| train/                  |             |
|    approx_kl            | 0.008559773 |
|    clip_fraction        | 0.0672      |
|    clip_range           | 0.2         |
|    entropy_loss         | -2.21       |
|    explained_variance   | 0.92        |
|    learning_rate        | 0.0003      |
|    loss                 | -0.0265     |
|    n_updates            | 55          |
|    policy_gradient_loss | -0.00589    |
|    value_loss           | 0.0137      |
-----------------------------------------
-----------------------------------------
| rollout/                |             |
|    ep_len_mean          | 4.1e+03     |
|    ep_rew_mean          | -105        |
| time/                   |             |
|    fps                  | 478         |
|    iterations           | 13          |
|    time_elapsed         | 668         |
|    total_timesteps      | 319488      |
| train/                  |             |
|    approx_kl            | 0.011862647 |
|    clip_fraction        | 0.151       |
|    clip_range           | 0.2         |
|    entropy_loss         | -2.13       |
|    explained_variance   | 0.935       |
|    learning_rate        | 0.0003      |
|    loss                 | -0.0182     |
|    n_updates            | 60          |
|    policy_gradient_loss | -0.00774    |
|    value_loss           | 0.0188      |
-----------------------------------------
-----------------------------------------
| rollout/                |             |
|    ep_len_mean          | 4.1e+03     |
|    ep_rew_mean          | -105        |
| time/                   |             |
|    fps                  | 477         |
|    iterations           | 14          |
|    time_elapsed         | 720         |
|    total_timesteps      | 344064      |
| train/                  |             |
|    approx_kl            | 0.009052376 |
|    clip_fraction        | 0.0849      |
|    clip_range           | 0.2         |
|    entropy_loss         | -2.22       |
|    explained_variance   | 0.943       |
|    learning_rate        | 0.0003      |
|    loss                 | -0.024      |
|    n_updates            | 65          |
|    policy_gradient_loss | -0.00669    |
|    value_loss           | 0.0131      |
-----------------------------------------
----------------------------------------
| rollout/                |            |
|    ep_len_mean          | 4.1e+03    |
|    ep_rew_mean          | -104       |
| time/                   |            |
|    fps                  | 477        |
|    iterations           | 15         |
|    time_elapsed         | 771        |
|    total_timesteps      | 368640     |
| train/                  |            |
|    approx_kl            | 0.01198608 |
|    clip_fraction        | 0.127      |
|    clip_range           | 0.2        |
|    entropy_loss         | -2.15      |
|    explained_variance   | 0.933      |
|    learning_rate        | 0.0003     |
|    loss                 | -0.0104    |
|    n_updates            | 70         |
|    policy_gradient_loss | -0.00479   |
|    value_loss           | 0.0145     |
----------------------------------------
-----------------------------------------
| rollout/                |             |
|    ep_len_mean          | 4.1e+03     |
|    ep_rew_mean          | -103        |
| time/                   |             |
|    fps                  | 477         |
|    iterations           | 16          |
|    time_elapsed         | 823         |
|    total_timesteps      | 393216      |
| train/                  |             |
|    approx_kl            | 0.011174686 |
|    clip_fraction        | 0.0986      |
|    clip_range           | 0.2         |
|    entropy_loss         | -2.18       |
|    explained_variance   | 0.934       |
|    learning_rate        | 0.0003      |
|    loss                 | -0.0225     |
|    n_updates            | 75          |
|    policy_gradient_loss | -0.00714    |
|    value_loss           | 0.0154      |
-----------------------------------------
-----------------------------------------
| rollout/                |             |
|    ep_len_mean          | 4.1e+03     |
|    ep_rew_mean          | -102        |
| time/                   |             |
|    fps                  | 477         |
|    iterations           | 17          |
|    time_elapsed         | 874         |
|    total_timesteps      | 417792      |
| train/                  |             |
|    approx_kl            | 0.010654327 |
|    clip_fraction        | 0.0772      |
|    clip_range           | 0.2         |
|    entropy_loss         | -2.13       |
|    explained_variance   | 0.944       |
|    learning_rate        | 0.0003      |
|    loss                 | -0.00641    |
|    n_updates            | 80          |
|    policy_gradient_loss | -0.00432    |
|    value_loss           | 0.0124      |
-----------------------------------------
-----------------------------------------
| rollout/                |             |
|    ep_len_mean          | 4.1e+03     |
|    ep_rew_mean          | -102        |
| time/                   |             |
|    fps                  | 477         |
|    iterations           | 18          |
|    time_elapsed         | 926         |
|    total_timesteps      | 442368      |
| train/                  |             |
|    approx_kl            | 0.010328205 |
|    clip_fraction        | 0.088       |
|    clip_range           | 0.2         |
|    entropy_loss         | -2.17       |
|    explained_variance   | 0.945       |
|    learning_rate        | 0.0003      |
|    loss                 | -0.0233     |
|    n_updates            | 85          |
|    policy_gradient_loss | -0.00609    |
|    value_loss           | 0.0135      |
-----------------------------------------
------------------------------------------
| rollout/                |              |
|    ep_len_mean          | 4.1e+03      |
|    ep_rew_mean          | -101         |
| time/                   |              |
|    fps                  | 477          |
|    iterations           | 19           |
|    time_elapsed         | 977          |
|    total_timesteps      | 466944       |
| train/                  |              |
|    approx_kl            | 0.0104228845 |
|    clip_fraction        | 0.081        |
|    clip_range           | 0.2          |
|    entropy_loss         | -2.11        |
|    explained_variance   | 0.938        |
|    learning_rate        | 0.0003       |
|    loss                 | -0.0143      |
|    n_updates            | 90           |
|    policy_gradient_loss | -0.00437     |
|    value_loss           | 0.0145       |
------------------------------------------
-----------------------------------------
| rollout/                |             |
|    ep_len_mean          | 4.08e+03    |
|    ep_rew_mean          | -99.8       |
| time/                   |             |
|    fps                  | 478         |
|    iterations           | 20          |
|    time_elapsed         | 1028        |
|    total_timesteps      | 491520      |
| train/                  |             |
|    approx_kl            | 0.009585364 |
|    clip_fraction        | 0.0875      |
|    clip_range           | 0.2         |
|    entropy_loss         | -2.19       |
|    explained_variance   | 0.947       |
|    learning_rate        | 0.0003      |
|    loss                 | -0.0105     |
|    n_updates            | 95          |
|    policy_gradient_loss | -0.00618    |
|    value_loss           | 0.0158      |
-----------------------------------------
[Checkpoint] Saved at 500000 steps > /home/runner/work/Disciples2-RL/Disciples2-RL/github_experiments/137/magic_train/all_enemies/seed137-magic_train-all_enemies-35438867173-1/checkpoints/campaign_ppo_step_500000.zip
---------------------------------------
| rollout/                |           |
|    ep_len_mean          | 4.08e+03  |
|    ep_rew_mean          | -97.9     |
| time/                   |           |
|    fps                  | 478       |
|    iterations           | 21        |
|    time_elapsed         | 1078      |
|    total_timesteps      | 516096    |
| train/                  |           |
|    approx_kl            | 0.0110185 |
|    clip_fraction        | 0.0951    |
|    clip_range           | 0.2       |
|    entropy_loss         | -2.13     |
|    explained_variance   | 0.936     |
|    learning_rate        | 0.0003    |
|    loss                 | -0.00948  |
|    n_updates            | 100       |
|    policy_gradient_loss | -0.00481  |
|    value_loss           | 0.0408    |
---------------------------------------
-----------------------------------------
| rollout/                |             |
|    ep_len_mean          | 4.08e+03    |
|    ep_rew_mean          | -96.3       |
| time/                   |             |
|    fps                  | 478         |
|    iterations           | 22          |
|    time_elapsed         | 1130        |
|    total_timesteps      | 540672      |
| train/                  |             |
|    approx_kl            | 0.011466027 |
|    clip_fraction        | 0.109       |
|    clip_range           | 0.2         |
|    entropy_loss         | -2.19       |
|    explained_variance   | 0.976       |
|    learning_rate        | 0.0003      |
|    loss                 | -0.0283     |
|    n_updates            | 105         |
|    policy_gradient_loss | -0.00692    |
|    value_loss           | 0.0141      |
-----------------------------------------
-----------------------------------------
| rollout/                |             |
|    ep_len_mean          | 4.07e+03    |
|    ep_rew_mean          | -93.4       |
| time/                   |             |
|    fps                  | 478         |
|    iterations           | 23          |
|    time_elapsed         | 1180        |
|    total_timesteps      | 565248      |
| train/                  |             |
|    approx_kl            | 0.011467111 |
|    clip_fraction        | 0.107       |
|    clip_range           | 0.2         |
|    entropy_loss         | -2.12       |
|    explained_variance   | 0.968       |
|    learning_rate        | 0.0003      |
|    loss                 | -0.0138     |
|    n_updates            | 110         |
|    policy_gradient_loss | -0.00507    |
|    value_loss           | 0.0237      |
-----------------------------------------
-----------------------------------------
| rollout/                |             |
|    ep_len_mean          | 3.98e+03    |
|    ep_rew_mean          | -87.4       |
| time/                   |             |
|    fps                  | 479         |
|    iterations           | 24          |
|    time_elapsed         | 1231        |
|    total_timesteps      | 589824      |
| train/                  |             |
|    approx_kl            | 0.010389968 |
|    clip_fraction        | 0.0994      |
|    clip_range           | 0.2         |
|    entropy_loss         | -2.16       |
|    explained_variance   | 0.964       |
|    learning_rate        | 0.0003      |
|    loss                 | -0.0272     |
|    n_updates            | 115         |
|    policy_gradient_loss | -0.00518    |
|    value_loss           | 0.0292      |
-----------------------------------------
-----------------------------------------
| rollout/                |             |
|    ep_len_mean          | 3.81e+03    |
|    ep_rew_mean          | -79.9       |
| time/                   |             |
|    fps                  | 478         |
|    iterations           | 25          |
|    time_elapsed         | 1282        |
|    total_timesteps      | 614400      |
| train/                  |             |
|    approx_kl            | 0.009755512 |
|    clip_fraction        | 0.092       |
|    clip_range           | 0.2         |
|    entropy_loss         | -2.1        |
|    explained_variance   | 0.891       |
|    learning_rate        | 0.0003      |
|    loss                 | 0.0155      |
|    n_updates            | 120         |
|    policy_gradient_loss | -0.00439    |
|    value_loss           | 0.119       |
-----------------------------------------
-----------------------------------------
| rollout/                |             |
|    ep_len_mean          | 3.49e+03    |
|    ep_rew_mean          | -63.3       |
| time/                   |             |
|    fps                  | 479         |
|    iterations           | 26          |
|    time_elapsed         | 1333        |
|    total_timesteps      | 638976      |
| train/                  |             |
|    approx_kl            | 0.009315744 |
|    clip_fraction        | 0.0661      |
|    clip_range           | 0.2         |
|    entropy_loss         | -2.15       |
|    explained_variance   | 0.902       |
|    learning_rate        | 0.0003      |
|    loss                 | -0.0204     |
|    n_updates            | 125         |
|    policy_gradient_loss | -0.00539    |
|    value_loss           | 0.0468      |
-----------------------------------------
----------------------------------------
| rollout/                |            |
|    ep_len_mean          | 3.05e+03   |
|    ep_rew_mean          | -44.8      |
| time/                   |            |
|    fps                  | 479        |
|    iterations           | 27         |
|    time_elapsed         | 1383       |
|    total_timesteps      | 663552     |
| train/                  |            |
|    approx_kl            | 0.00861168 |
|    clip_fraction        | 0.0693     |
|    clip_range           | 0.2        |
|    entropy_loss         | -2.09      |
|    explained_variance   | 0.888      |
|    learning_rate        | 0.0003     |
|    loss                 | 0.0345     |
|    n_updates            | 130        |
|    policy_gradient_loss | -0.00551   |
|    value_loss           | 0.086      |
----------------------------------------
-----------------------------------------
| rollout/                |             |
|    ep_len_mean          | 2.35e+03    |
|    ep_rew_mean          | -18.3       |
| time/                   |             |
|    fps                  | 480         |
|    iterations           | 28          |
|    time_elapsed         | 1431        |
|    total_timesteps      | 688128      |
| train/                  |             |
|    approx_kl            | 0.009362046 |
|    clip_fraction        | 0.0822      |
|    clip_range           | 0.2         |
|    entropy_loss         | -2.13       |
|    explained_variance   | 0.895       |
|    learning_rate        | 0.0003      |
|    loss                 | -0.00902    |
|    n_updates            | 135         |
|    policy_gradient_loss | -0.00638    |
|    value_loss           | 0.0577      |
-----------------------------------------
-----------------------------------------
| rollout/                |             |
|    ep_len_mean          | 1.28e+03    |
|    ep_rew_mean          | 14.5        |
| time/                   |             |
|    fps                  | 481         |
|    iterations           | 29          |
|    time_elapsed         | 1480        |
|    total_timesteps      | 712704      |
| train/                  |             |
|    approx_kl            | 0.008131568 |
|    clip_fraction        | 0.0671      |
|    clip_range           | 0.2         |
|    entropy_loss         | -2.08       |
|    explained_variance   | 0.914       |
|    learning_rate        | 0.0003      |
|    loss                 | -0.00196    |
|    n_updates            | 140         |
|    policy_gradient_loss | -0.00335    |
|    value_loss           | 0.0587      |
-----------------------------------------
-----------------------------------------
| rollout/                |             |
|    ep_len_mean          | 840         |
|    ep_rew_mean          | 24          |
| time/                   |             |
|    fps                  | 482         |
|    iterations           | 30          |
|    time_elapsed         | 1526        |
|    total_timesteps      | 737280      |
| train/                  |             |
|    approx_kl            | 0.008300653 |
|    clip_fraction        | 0.0683      |
|    clip_range           | 0.2         |
|    entropy_loss         | -2.07       |
|    explained_variance   | 0.869       |
|    learning_rate        | 0.0003      |
|    loss                 | 0.00174     |
|    n_updates            | 145         |
|    policy_gradient_loss | -0.0048     |
|    value_loss           | 0.0583      |
-----------------------------------------
-----------------------------------------
| rollout/                |             |
|    ep_len_mean          | 659         |
|    ep_rew_mean          | 28.6        |
| time/                   |             |
|    fps                  | 484         |
|    iterations           | 31          |
|    time_elapsed         | 1573        |
|    total_timesteps      | 761856      |
| train/                  |             |
|    approx_kl            | 0.008462337 |
|    clip_fraction        | 0.054       |
|    clip_range           | 0.2         |
|    entropy_loss         | -2.06       |
|    explained_variance   | 0.864       |
|    learning_rate        | 0.0003      |
|    loss                 | -0.000917   |
|    n_updates            | 150         |
|    policy_gradient_loss | -0.00474    |
|    value_loss           | 0.0494      |
-----------------------------------------
-----------------------------------------
| rollout/                |             |
|    ep_len_mean          | 623         |
|    ep_rew_mean          | 28.1        |
| time/                   |             |
|    fps                  | 485         |
|    iterations           | 32          |
|    time_elapsed         | 1619        |
|    total_timesteps      | 786432      |
| train/                  |             |
|    approx_kl            | 0.008656339 |
|    clip_fraction        | 0.0879      |
|    clip_range           | 0.2         |
|    entropy_loss         | -2.08       |
|    explained_variance   | 0.869       |
|    learning_rate        | 0.0003      |
|    loss                 | -0.011      |
|    n_updates            | 155         |
|    policy_gradient_loss | -0.00501    |
|    value_loss           | 0.0388      |
-----------------------------------------
----------------------------------------
| rollout/                |            |
|    ep_len_mean          | 605        |
|    ep_rew_mean          | 28.4       |
| time/                   |            |
|    fps                  | 486        |
|    iterations           | 33         |
|    time_elapsed         | 1666       |
|    total_timesteps      | 811008     |
| train/                  |            |
|    approx_kl            | 0.00850979 |
|    clip_fraction        | 0.055      |
|    clip_range           | 0.2        |
|    entropy_loss         | -2.04      |
|    explained_variance   | 0.894      |
|    learning_rate        | 0.0003     |
|    loss                 | -0.0221    |
|    n_updates            | 160        |
|    policy_gradient_loss | -0.005     |
|    value_loss           | 0.0301     |
----------------------------------------
----------------------------------------
| rollout/                |            |
|    ep_len_mean          | 574        |
|    ep_rew_mean          | 29.8       |
| time/                   |            |
|    fps                  | 487        |
|    iterations           | 34         |
|    time_elapsed         | 1713       |
|    total_timesteps      | 835584     |
| train/                  |            |
|    approx_kl            | 0.00892467 |
|    clip_fraction        | 0.062      |
|    clip_range           | 0.2        |
|    entropy_loss         | -2.09      |
|    explained_variance   | 0.903      |
|    learning_rate        | 0.0003     |
|    loss                 | -0.0129    |
|    n_updates            | 165        |
|    policy_gradient_loss | -0.00534   |
|    value_loss           | 0.0227     |
----------------------------------------
-----------------------------------------
| rollout/                |             |
|    ep_len_mean          | 566         |
|    ep_rew_mean          | 30.6        |
| time/                   |             |
|    fps                  | 488         |
|    iterations           | 35          |
|    time_elapsed         | 1759        |
|    total_timesteps      | 860160      |
| train/                  |             |
|    approx_kl            | 0.011273562 |
|    clip_fraction        | 0.0636      |
|    clip_range           | 0.2         |
|    entropy_loss         | -2.09       |
|    explained_variance   | 0.91        |
|    learning_rate        | 0.0003      |
|    loss                 | -0.02       |
|    n_updates            | 170         |
|    policy_gradient_loss | -0.00496    |
|    value_loss           | 0.0187      |
-----------------------------------------
-----------------------------------------
| rollout/                |             |
|    ep_len_mean          | 552         |
|    ep_rew_mean          | 31.1        |
| time/                   |             |
|    fps                  | 489         |
|    iterations           | 36          |
|    time_elapsed         | 1808        |
|    total_timesteps      | 884736      |
| train/                  |             |
|    approx_kl            | 0.008672446 |
|    clip_fraction        | 0.0603      |
|    clip_range           | 0.2         |
|    entropy_loss         | -2.1        |
|    explained_variance   | 0.915       |
|    learning_rate        | 0.0003      |
|    loss                 | -0.022      |
|    n_updates            | 175         |
|    policy_gradient_loss | -0.00429    |
|    value_loss           | 0.0138      |
-----------------------------------------
------------------------------------------
| rollout/                |              |
|    ep_len_mean          | 579          |
|    ep_rew_mean          | 29.8         |
| time/                   |              |
|    fps                  | 490          |
|    iterations           | 37           |
|    time_elapsed         | 1854         |
|    total_timesteps      | 909312       |
| train/                  |              |
|    approx_kl            | 0.0091325985 |
|    clip_fraction        | 0.0828       |
|    clip_range           | 0.2          |
|    entropy_loss         | -2.09        |
|    explained_variance   | 0.92         |
|    learning_rate        | 0.0003       |
|    loss                 | -0.0234      |
|    n_updates            | 180          |
|    policy_gradient_loss | -0.00507     |
|    value_loss           | 0.0103       |
------------------------------------------
-----------------------------------------
| rollout/                |             |
|    ep_len_mean          | 576         |
|    ep_rew_mean          | 29.8        |
| time/                   |             |
|    fps                  | 491         |
|    iterations           | 38          |
|    time_elapsed         | 1901        |
|    total_timesteps      | 933888      |
| train/                  |             |
|    approx_kl            | 0.008872788 |
|    clip_fraction        | 0.0619      |
|    clip_range           | 0.2         |
|    entropy_loss         | -2.09       |
|    explained_variance   | 0.92        |
|    learning_rate        | 0.0003      |
|    loss                 | -0.0286     |
|    n_updates            | 185         |
|    policy_gradient_loss | -0.00484    |
|    value_loss           | 0.00777     |
-----------------------------------------
------------------------------------------
| rollout/                |              |
|    ep_len_mean          | 542          |
|    ep_rew_mean          | 31           |
| time/                   |              |
|    fps                  | 491          |
|    iterations           | 39           |
|    time_elapsed         | 1948         |
|    total_timesteps      | 958464       |
| train/                  |              |
|    approx_kl            | 0.0078111948 |
|    clip_fraction        | 0.0731       |
|    clip_range           | 0.2          |
|    entropy_loss         | -2.09        |
|    explained_variance   | 0.942        |
|    learning_rate        | 0.0003       |
|    loss                 | -0.0182      |
|    n_updates            | 190          |
|    policy_gradient_loss | -0.0043      |
|    value_loss           | 0.0062       |
------------------------------------------
-----------------------------------------
| rollout/                |             |
|    ep_len_mean          | 553         |
|    ep_rew_mean          | 30.9        |
| time/                   |             |
|    fps                  | 492         |
|    iterations           | 40          |
|    time_elapsed         | 1995        |
|    total_timesteps      | 983040      |
| train/                  |             |
|    approx_kl            | 0.007832125 |
|    clip_fraction        | 0.0657      |
|    clip_range           | 0.2         |
|    entropy_loss         | -2.1        |
|    explained_variance   | 0.935       |
|    learning_rate        | 0.0003      |
|    loss                 | -0.0356     |
|    n_updates            | 195         |
|    policy_gradient_loss | -0.00423    |
|    value_loss           | 0.00663     |
-----------------------------------------
[Checkpoint] Saved at 1000000 steps > /home/runner/work/Disciples2-RL/Disciples2-RL/github_experiments/137/magic_train/all_enemies/seed137-magic_train-all_enemies-35438867173-1/checkpoints/campaign_ppo_step_1000000.zip
Eval num_timesteps=1000008, det_reward=26.40 +/- 0.83
Episode length: det=468.35 +/- 31.87
Victory rate: det=100.00%
------------------------------------------------
| eval/                           |            |
|    deterministic_mean_ep_length | 468        |
|    deterministic_mean_reward    | 26.4       |
|    deterministic_victory_rate   | 1          |
|    mean_ep_length               | 468        |
|    mean_reward                  | 26.4       |
|    victory_rate                 | 1          |
| time/                           |            |
|    total_timesteps              | 1000008    |
| train/                          |            |
|    approx_kl                    | 0.00766813 |
|    clip_fraction                | 0.0502     |
|    clip_range                   | 0.2        |
|    entropy_loss                 | -2.13      |
|    explained_variance           | 0.928      |
|    learning_rate                | 0.0003     |
|    loss                         | -0.0191    |
|    n_updates                    | 200        |
|    policy_gradient_loss         | -0.00449   |
|    value_loss                   | 0.00591    |
------------------------------------------------
New best model by deterministic victory rate!
---------------------------------
| rollout/           |          |
|    ep_len_mean     | 549      |
|    ep_rew_mean     | 31.1     |
| time/              |          |
|    fps             | 486      |
|    iterations      | 41       |
|    time_elapsed    | 2069     |
|    total_timesteps | 1007616  |
---------------------------------
VecNormalize stats saved: /home/runner/work/Disciples2-RL/Disciples2-RL/github_experiments/137/magic_train/all_enemies/seed137-magic_train-all_enemies-35438867173-1/models/vecnormalize.pkl

Финальная модель сохранена: /home/runner/work/Disciples2-RL/Disciples2-RL/github_experiments/137/magic_train/all_enemies/seed137-magic_train-all_enemies-35438867173-1/models/final_model.zip

============================================================
ИТОГИ ОБУЧЕНИЯ:
  Побед: 626
  Поражений: 0
  Таймаутов: 129
  Побед бота столицы над врагами: 0
  Перестановок юнитов: 200409
  Winrate: 82.9%
============================================================
  График призывов за эпизод: /home/runner/work/Disciples2-RL/Disciples2-RL/github_experiments/137/magic_train/all_enemies/seed137-magic_train-all_enemies-35438867173-1/plots/campaign_summoned_units_per_episode.png
  График призывов за всё обучение: /home/runner/work/Disciples2-RL/Disciples2-RL/github_experiments/137/magic_train/all_enemies/seed137-magic_train-all_enemies-35438867173-1/plots/campaign_summoned_units_cumulative.png
  График найма за эпизод: /home/runner/work/Disciples2-RL/Disciples2-RL/github_experiments/137/magic_train/all_enemies/seed137-magic_train-all_enemies-35438867173-1/plots/campaign_hired_units_per_episode.png
  График найма за всё обучение: /home/runner/work/Disciples2-RL/Disciples2-RL/github_experiments/137/magic_train/all_enemies/seed137-magic_train-all_enemies-35438867173-1/plots/campaign_hired_units_cumulative.png
  График перестановок юнитов за эпизод: /home/runner/work/Disciples2-RL/Disciples2-RL/github_experiments/137/magic_train/all_enemies/seed137-magic_train-all_enemies-35438867173-1/plots/campaign_unit_swaps_per_episode.png
  График боевых предметов: /home/runner/work/Disciples2-RL/Disciples2-RL/github_experiments/137/magic_train/all_enemies/seed137-magic_train-all_enemies-35438867173-1/plots/campaign_battle_item_activity.png
  График побед бота столицы за эпизод: /home/runner/work/Disciples2-RL/Disciples2-RL/github_experiments/137/magic_train/all_enemies/seed137-magic_train-all_enemies-35438867173-1/plots/campaign_scripted_bot_victories_per_episode.png
  График применения заклинаний: /home/runner/work/Disciples2-RL/Disciples2-RL/github_experiments/137/magic_train/all_enemies/seed137-magic_train-all_enemies-35438867173-1/plots/campaign_spell_cast_activity.png
